source set /Users/koneko/Developer/Vampire_Saved/ROMS/vsav2.zip:
  vsav2.zip/vs2j.03  sha1 a52f40618d7f12f1df5862ad8e15fea60bef22a2
  vsav2.zip/vs2j.04  sha1 bf5c2e4339e1a66b3c819900cc9b723a537adf6b
  vsav2.zip/vs2j.05  sha1 4d5625a9a06926c1a42c8f6e3a4c943f17750ec2
  vsav2.zip/vs2j.06  sha1 d8c1040a6ee6b9fc677a6a32b99bf02b6a707812
  vsav2.zip/vs2j.07  sha1 69dac07e1f483b6478f792d20a137d6a081fbea3
  vsav2.zip/vs2j.08  sha1 de1184ab771c6f075cdefa744a28b09f78d91643
  vsav2.zip/vs2j.09  sha1 0e9dd54e401e6d7c4fe81107ffd27e42ca810fcb
  vsav2.zip/vs2j.10  sha1 bf0416df66a33c7a4678ab4a047de334dfd3b31e
oracle set /Users/koneko/Developer/Vampire_Saved/ROMS/vhunt2.zip:
  vhunt2.zip/vh2j.03a  sha1 f4e3a1b6ae823737d3b18561469f206921b48587
  vhunt2.zip/vh2j.04a  sha1 78c53f8e984b00245486b751515248879df77437
  vhunt2.zip/vh2j.05  sha1 60bbbd1765e76839b01c38765da2368c5188ec61
  vhunt2.zip/vh2j.06  sha1 4f3b37004db8a3d3dde709b51c94c392615134b5
  vhunt2.zip/vh2j.07  sha1 de4299197600608e83fe50775e3f352f5add844d
  vhunt2.zip/vh2j.08  sha1 ad9a085b8403801035683b6f63eee33daf4e97ae
  vhunt2.zip/vh2j.09  sha1 d842a824f0d0adc13a86f780084164c1273c45a4
  vhunt2.zip/vh2j.10  sha1 2966b80b99ab065614a6ddb546110f482b998e32
shifts (vsav2->vhunt2): code=+0x30, bank=-0x76e, anim=-0x13b74
  code: 1 dead filler zone(s), 0xc bytes (+0x234)
region hitbox: vsav2 0x0C7502+0x16B6 (data, shift bank)
region hitbox_proj: vsav2 0x0D0986+0x322 (data, shift bank)
region anim: vsav2 0x264086+0xAD00 (data, shift anim)
region code: vsav2 0x0574C0+0x5200 (code, shift code)
  anim: grown to +0x1B500 to close 1805 forward refs
  DISCOVERED shift aux0 (-0x2002c): 1614 referencing fields, 3 cluster regions
  hitbox: 0 pointer fields, 0 variant-site bytes (0.00%)
  hitbox_proj: 0 pointer fields, 0 variant-site bytes (0.00%)
  anim: 2660 pointer fields, 0 variant-site bytes (0.00%)
  code: 775 pointer fields, 4 variant-site bytes (0.02%)
  code: non-internal refs {'engine': 769, 'bank_ref': 6}
  aux0_0: 0 pointer fields, 0 variant-site bytes (0.00%)
  aux0_1: 0 pointer fields, 0 variant-site bytes (0.00%)
  aux0_2: 0 pointer fields, 0 variant-site bytes (0.00%)
  code: 1 same-value engine refs merged from the scanner (sibling-coincident operands)
  code scan: 2078 candidates, 2076 engine/ROM refs (R1 surface), 0 char-id 0x11 immediates

values: 24 rows; engine dispatch entries: 1; auto tables: 21 (0 UNRESOLVED)
EXTRACTION OK (oracle-validated)
