Attempting load of mame.ini
Parsing /Users/koneko/Library/Application Support/mame/mame.ini
Attempting load of mame.ini
Parsing /Users/koneko/Library/Application Support/mame/mame.ini
Attempting load of horizont.ini
Attempting load of raster.ini
Attempting load of source/cps2.ini
Attempting load of vsav.ini
Attempting load of vsavjw.ini
Driver mmancp2u (file cps2.cpp): 1 errors, 0 warnings
Errors:
   Driver is a clone of nonexistent driver megaman

Driver mmancp2ur1 (file cps2.cpp): 1 errors, 0 warnings
Errors:
   Driver is a clone of nonexistent driver megaman

Driver mmancp2ur2 (file cps2.cpp): 1 errors, 0 warnings
Errors:
   Driver is a clone of nonexistent driver megaman

Driver rmancp2j (file cps2.cpp): 1 errors, 0 warnings
Errors:
   Driver is a clone of nonexistent driver megaman

Setting SDL_VIDEO_GL_DRIVER = '/System/Library/Frameworks/OpenGL.framework/Libraries/libGL.dylib' ...
Available videodrivers: cocoa offscreen dummy 
Current Videodriver: dummy
1 displays found
	Display #0
		Desktop Mode:         1024x768-24@0
		Current Display Mode: 1024x768-24@0
		Renderdrivers:
			     metal
			    opengl
			 opengles2
			    vulkan
			       gpu
			  software
Available audio drivers: 
	coreaudio           
	disk                
	dummy               
Build version:      0.288 (unknown)
Build architecure:  
Build defines 1:    SDLMAME_UNIX=1 SDLMAME_MACOSX=1 SDLMAME_DARWIN=1 
Build defines 1:    LSB_FIRST=1 
SDL/OpenGL defines: SDL_VERSION=3004012 USE_OPENGL=1 
Compiler defines A: __GNUC__=4 __GNUC_MINOR__=2 __GNUC_PATCHLEVEL__=1 __VERSION__="Apple LLVM 21.0.0 (clang-2100.1.1.101)" 
Compiler defines B: 
Compiler defines C: _FORTIFY_SOURCE=2 
Enter init_monitors
Adding monitor screen0 (1024 x 768)
Leave init_monitors
Warning: -video none doesn't make much sense without -seconds_to_run
Enter sdlwindow_init

Hints:
	SDL_FRAMEBUFFER_ACCELERATION             (NULL)
	SDL_RENDER_DRIVER                        (NULL)
	SDL_RENDER_VSYNC                         (NULL)
	SDL_VIDEO_X11_XRANDR                     (NULL)
	SDL_VIDEO_MINIMIZE_ON_FOCUS_LOSS         (NULL)
	SDL_ORIENTATIONS                         (NULL)
	SDL_XINPUT_ENABLED                       (NULL)
	SDL_GAMECONTROLLERCONFIG                 (NULL)
	SDL_JOYSTICK_ALLOW_BACKGROUND_EVENTS     (NULL)
	SDL_WINDOW_ALLOW_TOPMOST                 (NULL)
	SDL_TIMER_RESOLUTION                     (NULL)
	SDL_RENDER_DIRECT3D_THREADSAFE           (NULL)
	SDL_VIDEO_ALLOW_SCREENSAVER              (NULL)
	SDL_MAC_CTRL_CLICK_EMULATE_RIGHT_CLICK   (NULL)
	SDL_VIDEO_WIN_D3DCOMPILER                (NULL)
	SDL_VIDEO_MAC_FULLSCREEN_SPACES          (NULL)
	SDL_RENDER_DIRECT3D11_DEBUG              (NULL)
Leave sdlwindow_init
Enter sdl_window_info::create
osd_font_osx::open: name="default"
osd_font_osx::open: matching font: ArialUnicodeMS
unzip: opened archive file /Users/koneko/Developer/Vampire_Saved/VampireSaved/build/hui10/rompath/vsavjw.zip
unzip: found /Users/koneko/Developer/Vampire_Saved/VampireSaved/build/hui10/rompath/vsavjw.zip ECD at 1002
unzip: /Users/koneko/Developer/Vampire_Saved/VampireSaved/build/hui10/rompath/vsavjw.zip has no ZIP64 ECD locator
unzip: read /Users/koneko/Developer/Vampire_Saved/VampireSaved/build/hui10/rompath/vsavjw.zip central directory
unzip: closing archive file /Users/koneko/Developer/Vampire_Saved/VampireSaved/build/hui10/rompath/vsavjw.zip and sending to cache
unzip: found /Users/koneko/Developer/Vampire_Saved/VampireSaved/build/hui10/rompath/vsavjw.zip in cache
unzip: opened archive file /Users/koneko/Developer/Vampire_Saved/VampireSaved/build/hui10/rompath/vsavjw.zip
unzip: closing archive file /Users/koneko/Developer/Vampire_Saved/VampireSaved/build/hui10/rompath/vsavjw.zip and sending to cache
unzip: found /Users/koneko/Developer/Vampire_Saved/VampireSaved/build/hui10/rompath/vsavjw.zip in cache
unzip: opened archive file /Users/koneko/Developer/Vampire_Saved/VampireSaved/build/hui10/rompath/vsavjw.zip
unzip: closing archive file /Users/koneko/Developer/Vampire_Saved/VampireSaved/build/hui10/rompath/vsavjw.zip and sending to cache
unzip: found /Users/koneko/Developer/Vampire_Saved/VampireSaved/build/hui10/rompath/vsavjw.zip in cache
unzip: opened archive file /Users/koneko/Developer/Vampire_Saved/VampireSaved/build/hui10/rompath/vsavjw.zip
unzip: closing archive file /Users/koneko/Developer/Vampire_Saved/VampireSaved/build/hui10/rompath/vsavjw.zip and sending to cache
unzip: found /Users/koneko/Developer/Vampire_Saved/VampireSaved/build/hui10/rompath/vsavjw.zip in cache
unzip: opened archive file /Users/koneko/Developer/Vampire_Saved/VampireSaved/build/hui10/rompath/vsavjw.zip
unzip: closing archive file /Users/koneko/Developer/Vampire_Saved/VampireSaved/build/hui10/rompath/vsavjw.zip and sending to cache
unzip: found /Users/koneko/Developer/Vampire_Saved/VampireSaved/build/hui10/rompath/vsavjw.zip in cache
unzip: opened archive file /Users/koneko/Developer/Vampire_Saved/VampireSaved/build/hui10/rompath/vsavjw.zip
unzip: closing archive file /Users/koneko/Developer/Vampire_Saved/VampireSaved/build/hui10/rompath/vsavjw.zip and sending to cache
unzip: found /Users/koneko/Developer/Vampire_Saved/VampireSaved/build/hui10/rompath/vsavjw.zip in cache
unzip: opened archive file /Users/koneko/Developer/Vampire_Saved/VampireSaved/build/hui10/rompath/vsavjw.zip
unzip: closing archive file /Users/koneko/Developer/Vampire_Saved/VampireSaved/build/hui10/rompath/vsavjw.zip and sending to cache
unzip: found /Users/koneko/Developer/Vampire_Saved/VampireSaved/build/hui10/rompath/vsavjw.zip in cache
unzip: opened archive file /Users/koneko/Developer/Vampire_Saved/VampireSaved/build/hui10/rompath/vsavjw.zip
unzip: closing archive file /Users/koneko/Developer/Vampire_Saved/VampireSaved/build/hui10/rompath/vsavjw.zip and sending to cache
unzip: found /Users/koneko/Developer/Vampire_Saved/VampireSaved/build/hui10/rompath/vsavjw.zip in cache
unzip: opened archive file /Users/koneko/Developer/Vampire_Saved/VampireSaved/build/hui10/rompath/vsavjw.zip
unzip: closing archive file /Users/koneko/Developer/Vampire_Saved/VampireSaved/build/hui10/rompath/vsavjw.zip and sending to cache
unzip: found /Users/koneko/Developer/Vampire_Saved/VampireSaved/build/hui10/rompath/vsavjw.zip in cache
unzip: opened archive file /Users/koneko/Developer/Vampire_Saved/VampireSaved/build/hui10/rompath/vsavjw.zip
unzip: closing archive file /Users/koneko/Developer/Vampire_Saved/VampireSaved/build/hui10/rompath/vsavjw.zip and sending to cache
unzip: found /Users/koneko/Developer/Vampire_Saved/VampireSaved/build/hui10/rompath/vsavjw.zip in cache
unzip: opened archive file /Users/koneko/Developer/Vampire_Saved/VampireSaved/build/hui10/rompath/vsavjw.zip
unzip: closing archive file /Users/koneko/Developer/Vampire_Saved/VampireSaved/build/hui10/rompath/vsavjw.zip and sending to cache
unzip: found /Users/koneko/Developer/Vampire_Saved/VampireSaved/build/hui10/rompath/vsavjw.zip in cache
unzip: opened archive file /Users/koneko/Developer/Vampire_Saved/VampireSaved/build/hui10/rompath/vsavjw.zip
unzip: closing archive file /Users/koneko/Developer/Vampire_Saved/VampireSaved/build/hui10/rompath/vsavjw.zip and sending to cache
unzip: found /Users/koneko/Developer/Vampire_Saved/VampireSaved/build/hui10/rompath/vsavjw.zip in cache
unzip: closing archive file /Users/koneko/Developer/Vampire_Saved/VampireSaved/build/hui10/rompath/vsavjw.zip and sending to cache
unzip: opened archive file /Users/koneko/Developer/Vampire_Saved/VampireSaved/build/hui10/rompath/vsav.zip
unzip: found /Users/koneko/Developer/Vampire_Saved/VampireSaved/build/hui10/rompath/vsav.zip ECD at 1002
unzip: /Users/koneko/Developer/Vampire_Saved/VampireSaved/build/hui10/rompath/vsav.zip has no ZIP64 ECD locator
unzip: read /Users/koneko/Developer/Vampire_Saved/VampireSaved/build/hui10/rompath/vsav.zip central directory
unzip: closing archive file /Users/koneko/Developer/Vampire_Saved/VampireSaved/build/hui10/rompath/vsav.zip and sending to cache
unzip: found /Users/koneko/Developer/Vampire_Saved/VampireSaved/build/hui10/rompath/vsavjw.zip in cache
unzip: closing archive file /Users/koneko/Developer/Vampire_Saved/VampireSaved/build/hui10/rompath/vsavjw.zip and sending to cache
unzip: found /Users/koneko/Developer/Vampire_Saved/VampireSaved/build/hui10/rompath/vsav.zip in cache
unzip: opened archive file /Users/koneko/Developer/Vampire_Saved/VampireSaved/build/hui10/rompath/vsav.zip
unzip: closing archive file /Users/koneko/Developer/Vampire_Saved/VampireSaved/build/hui10/rompath/vsav.zip and sending to cache
unzip: found /Users/koneko/Developer/Vampire_Saved/VampireSaved/build/hui10/rompath/vsavjw.zip in cache
unzip: closing archive file /Users/koneko/Developer/Vampire_Saved/VampireSaved/build/hui10/rompath/vsavjw.zip and sending to cache
unzip: found /Users/koneko/Developer/Vampire_Saved/VampireSaved/build/hui10/rompath/vsav.zip in cache
unzip: opened archive file /Users/koneko/Developer/Vampire_Saved/VampireSaved/build/hui10/rompath/vsav.zip
unzip: closing archive file /Users/koneko/Developer/Vampire_Saved/VampireSaved/build/hui10/rompath/vsav.zip and sending to cache
unzip: found /Users/koneko/Developer/Vampire_Saved/VampireSaved/build/hui10/rompath/vsavjw.zip in cache
unzip: closing archive file /Users/koneko/Developer/Vampire_Saved/VampireSaved/build/hui10/rompath/vsavjw.zip and sending to cache
unzip: found /Users/koneko/Developer/Vampire_Saved/VampireSaved/build/hui10/rompath/vsav.zip in cache
unzip: opened archive file /Users/koneko/Developer/Vampire_Saved/VampireSaved/build/hui10/rompath/vsav.zip
unzip: closing archive file /Users/koneko/Developer/Vampire_Saved/VampireSaved/build/hui10/rompath/vsav.zip and sending to cache
unzip: found /Users/koneko/Developer/Vampire_Saved/VampireSaved/build/hui10/rompath/vsavjw.zip in cache
unzip: closing archive file /Users/koneko/Developer/Vampire_Saved/VampireSaved/build/hui10/rompath/vsavjw.zip and sending to cache
unzip: found /Users/koneko/Developer/Vampire_Saved/VampireSaved/build/hui10/rompath/vsav.zip in cache
unzip: opened archive file /Users/koneko/Developer/Vampire_Saved/VampireSaved/build/hui10/rompath/vsav.zip
unzip: closing archive file /Users/koneko/Developer/Vampire_Saved/VampireSaved/build/hui10/rompath/vsav.zip and sending to cache
unzip: found /Users/koneko/Developer/Vampire_Saved/VampireSaved/build/hui10/rompath/vsavjw.zip in cache
unzip: closing archive file /Users/koneko/Developer/Vampire_Saved/VampireSaved/build/hui10/rompath/vsavjw.zip and sending to cache
unzip: found /Users/koneko/Developer/Vampire_Saved/VampireSaved/build/hui10/rompath/vsav.zip in cache
unzip: opened archive file /Users/koneko/Developer/Vampire_Saved/VampireSaved/build/hui10/rompath/vsav.zip
unzip: closing archive file /Users/koneko/Developer/Vampire_Saved/VampireSaved/build/hui10/rompath/vsav.zip and sending to cache
unzip: found /Users/koneko/Developer/Vampire_Saved/VampireSaved/build/hui10/rompath/vsavjw.zip in cache
unzip: closing archive file /Users/koneko/Developer/Vampire_Saved/VampireSaved/build/hui10/rompath/vsavjw.zip and sending to cache
unzip: found /Users/koneko/Developer/Vampire_Saved/VampireSaved/build/hui10/rompath/vsav.zip in cache
unzip: opened archive file /Users/koneko/Developer/Vampire_Saved/VampireSaved/build/hui10/rompath/vsav.zip
unzip: closing archive file /Users/koneko/Developer/Vampire_Saved/VampireSaved/build/hui10/rompath/vsav.zip and sending to cache
unzip: found /Users/koneko/Developer/Vampire_Saved/VampireSaved/build/hui10/rompath/vsavjw.zip in cache
unzip: closing archive file /Users/koneko/Developer/Vampire_Saved/VampireSaved/build/hui10/rompath/vsavjw.zip and sending to cache
unzip: found /Users/koneko/Developer/Vampire_Saved/VampireSaved/build/hui10/rompath/vsav.zip in cache
unzip: opened archive file /Users/koneko/Developer/Vampire_Saved/VampireSaved/build/hui10/rompath/vsav.zip
unzip: closing archive file /Users/koneko/Developer/Vampire_Saved/VampireSaved/build/hui10/rompath/vsav.zip and sending to cache
unzip: found /Users/koneko/Developer/Vampire_Saved/VampireSaved/build/hui10/rompath/vsavjw.zip in cache
unzip: opened archive file /Users/koneko/Developer/Vampire_Saved/VampireSaved/build/hui10/rompath/vsavjw.zip
unzip: closing archive file /Users/koneko/Developer/Vampire_Saved/VampireSaved/build/hui10/rompath/vsavjw.zip and sending to cache
unzip: found /Users/koneko/Developer/Vampire_Saved/VampireSaved/build/hui10/rompath/vsavjw.zip in cache
unzip: opened archive file /Users/koneko/Developer/Vampire_Saved/VampireSaved/build/hui10/rompath/vsavjw.zip
unzip: closing archive file /Users/koneko/Developer/Vampire_Saved/VampireSaved/build/hui10/rompath/vsavjw.zip and sending to cache
unzip: found /Users/koneko/Developer/Vampire_Saved/VampireSaved/build/hui10/rompath/vsavjw.zip in cache
unzip: opened archive file /Users/koneko/Developer/Vampire_Saved/VampireSaved/build/hui10/rompath/vsavjw.zip
unzip: closing archive file /Users/koneko/Developer/Vampire_Saved/VampireSaved/build/hui10/rompath/vsavjw.zip and sending to cache
unzip: found /Users/koneko/Developer/Vampire_Saved/VampireSaved/build/hui10/rompath/vsavjw.zip in cache
unzip: opened archive file /Users/koneko/Developer/Vampire_Saved/VampireSaved/build/hui10/rompath/vsavjw.zip
unzip: closing archive file /Users/koneko/Developer/Vampire_Saved/VampireSaved/build/hui10/rompath/vsavjw.zip and sending to cache
unzip: found /Users/koneko/Developer/Vampire_Saved/VampireSaved/build/hui10/rompath/vsavjw.zip in cache
unzip: closing archive file /Users/koneko/Developer/Vampire_Saved/VampireSaved/build/hui10/rompath/vsavjw.zip and sending to cache
unzip: found /Users/koneko/Developer/Vampire_Saved/VampireSaved/build/hui10/rompath/vsav.zip in cache
unzip: opened archive file /Users/koneko/Developer/Vampire_Saved/VampireSaved/build/hui10/rompath/vsav.zip
unzip: closing archive file /Users/koneko/Developer/Vampire_Saved/VampireSaved/build/hui10/rompath/vsav.zip and sending to cache
unzip: found /Users/koneko/Developer/Vampire_Saved/VampireSaved/build/hui10/rompath/vsavjw.zip in cache
unzip: closing archive file /Users/koneko/Developer/Vampire_Saved/VampireSaved/build/hui10/rompath/vsavjw.zip and sending to cache
unzip: found /Users/koneko/Developer/Vampire_Saved/VampireSaved/build/hui10/rompath/vsav.zip in cache
unzip: opened archive file /Users/koneko/Developer/Vampire_Saved/VampireSaved/build/hui10/rompath/vsav.zip
unzip: closing archive file /Users/koneko/Developer/Vampire_Saved/VampireSaved/build/hui10/rompath/vsav.zip and sending to cache
unzip: found /Users/koneko/Developer/Vampire_Saved/VampireSaved/build/hui10/rompath/vsavjw.zip in cache
unzip: closing archive file /Users/koneko/Developer/Vampire_Saved/VampireSaved/build/hui10/rompath/vsavjw.zip and sending to cache
unzip: found /Users/koneko/Developer/Vampire_Saved/VampireSaved/build/hui10/rompath/vsav.zip in cache
unzip: opened archive file /Users/koneko/Developer/Vampire_Saved/VampireSaved/build/hui10/rompath/vsav.zip
unzip: closing archive file /Users/koneko/Developer/Vampire_Saved/VampireSaved/build/hui10/rompath/vsav.zip and sending to cache
unzip: found /Users/koneko/Developer/Vampire_Saved/VampireSaved/build/hui10/rompath/vsavjw.zip in cache
unzip: closing archive file /Users/koneko/Developer/Vampire_Saved/VampireSaved/build/hui10/rompath/vsavjw.zip and sending to cache
unzip: found /Users/koneko/Developer/Vampire_Saved/VampireSaved/build/hui10/rompath/vsav.zip in cache
unzip: opened archive file /Users/koneko/Developer/Vampire_Saved/VampireSaved/build/hui10/rompath/vsav.zip
unzip: closing archive file /Users/koneko/Developer/Vampire_Saved/VampireSaved/build/hui10/rompath/vsav.zip and sending to cache
unzip: found /Users/koneko/Developer/Vampire_Saved/VampireSaved/build/hui10/rompath/vsavjw.zip in cache
unzip: opened archive file /Users/koneko/Developer/Vampire_Saved/VampireSaved/build/hui10/rompath/vsavjw.zip
unzip: closing archive file /Users/koneko/Developer/Vampire_Saved/VampireSaved/build/hui10/rompath/vsavjw.zip and sending to cache
unzip: found /Users/koneko/Developer/Vampire_Saved/VampireSaved/build/hui10/rompath/vsavjw.zip in cache
unzip: opened archive file /Users/koneko/Developer/Vampire_Saved/VampireSaved/build/hui10/rompath/vsavjw.zip
unzip: closing archive file /Users/koneko/Developer/Vampire_Saved/VampireSaved/build/hui10/rompath/vsavjw.zip and sending to cache
unzip: found /Users/koneko/Developer/Vampire_Saved/VampireSaved/build/hui10/rompath/vsavjw.zip in cache
unzip: opened archive file /Users/koneko/Developer/Vampire_Saved/VampireSaved/build/hui10/rompath/vsavjw.zip
unzip: closing archive file /Users/koneko/Developer/Vampire_Saved/VampireSaved/build/hui10/rompath/vsavjw.zip and sending to cache
unzip: opened archive file /Users/koneko/Developer/Vampire_Saved/ROMS/qsound_hle.zip
unzip: found /Users/koneko/Developer/Vampire_Saved/ROMS/qsound_hle.zip ECD at 980
unzip: /Users/koneko/Developer/Vampire_Saved/ROMS/qsound_hle.zip has no ZIP64 ECD locator
unzip: read /Users/koneko/Developer/Vampire_Saved/ROMS/qsound_hle.zip central directory
unzip: closing archive file /Users/koneko/Developer/Vampire_Saved/ROMS/qsound_hle.zip and sending to cache
vm3j.03d WRONG CHECKSUMS:
    EXPECTED: CRC(2a2e74a4) SHA1(e9e7bce3c2ad0c9eebcbcd5139979d1fa19187ad)
       FOUND: CRC(b3528cfe) SHA1(1925f30d693cb9526a452341bc09a6b245838c1e)
vm3j.04d WRONG CHECKSUMS:
    EXPECTED: CRC(1c2427bc) SHA1(9047ac0ccd875d91a8ceafdf1ccf9d21c4c71644)
       FOUND: CRC(4dabbb94) SHA1(4f209a87cb2bcf73f8a49e9f065d938dbbd936fb)
vm3j.07b WRONG CHECKSUMS:
    EXPECTED: CRC(a38aaae7) SHA1(0a5719eb2b0bbde955f605b1057ed6a8eb54ad80)
       FOUND: CRC(63358f8a) SHA1(817130e4966b33032b29d153027347bb3d498975)
vm3j.10b WRONG CHECKSUMS:
    EXPECTED: CRC(434518e9) SHA1(ce1c8557a9e6c5451ab41a96f01b0cd4ba02ea3e)
       FOUND: CRC(c2a3d1cb) SHA1(e11c80cf6b577dd5c3ff9e8515d08a1ea4ee9692)
vsw.41 WRONG CHECKSUMS:
    EXPECTED: CRC(75660aac) SHA1(6a521e1d2a632c26e53b83d2cc4b0edecfc1e68c)
       FOUND: CRC(11bd5802) SHA1(dd4f2c2b043a54d00174b948d38fd3fc5e5ee702)
vsw.42 WRONG CHECKSUMS:
    EXPECTED: CRC(75660aac) SHA1(6a521e1d2a632c26e53b83d2cc4b0edecfc1e68c)
       FOUND: CRC(504bf849) SHA1(13a184ec9e176371808938015111f8918cb4df7d)
vsw.43 WRONG CHECKSUMS:
    EXPECTED: CRC(75660aac) SHA1(6a521e1d2a632c26e53b83d2cc4b0edecfc1e68c)
       FOUND: CRC(504bf849) SHA1(13a184ec9e176371808938015111f8918cb4df7d)
vsw.44 WRONG CHECKSUMS:
    EXPECTED: CRC(75660aac) SHA1(6a521e1d2a632c26e53b83d2cc4b0edecfc1e68c)
       FOUND: CRC(504bf849) SHA1(13a184ec9e176371808938015111f8918cb4df7d)
vm3.13m WRONG CHECKSUMS:
    EXPECTED: CRC(fd8a11eb) SHA1(21b9773959e17976ff46b75a6a405042836b2c5f)
       FOUND: CRC(c82cd7aa) SHA1(aee4fd1761caab000153629726dfb584bb79ba0d)
vm3.15m WRONG CHECKSUMS:
    EXPECTED: CRC(dd1e7d4e) SHA1(30476e061cdebdb1838b83f4ebd5efae12b7dbfb)
       FOUND: CRC(097411fb) SHA1(85a9b203bddc4b0831c77a2b3393e0b7b7272ac1)
vm3.17m WRONG CHECKSUMS:
    EXPECTED: CRC(6b89445e) SHA1(2abd489839d143c46e25f4fc3db476b70607dc03)
       FOUND: CRC(c748cbf0) SHA1(275f8edfe757bbe0eaaccdfda6623fc6f74f21ca)
vm3.19m WRONG CHECKSUMS:
    EXPECTED: CRC(3830fdc7) SHA1(ebd3f559c254d349e256c9feb3477f1ed7518206)
       FOUND: CRC(c6def8f4) SHA1(1be1fa0b2f4c6d4a8ea03d8e24a13258152489ad)
vsw.31m WRONG CHECKSUMS:
    EXPECTED: CRC(dec0de31) SHA1(af06d6963bec3672eb3a591eec98e3833ccb5120)
       FOUND: CRC(df1a9a39) SHA1(7421a493a02adb6b27ad55f1672397fc7a0b0a8e)
vsw.33m WRONG CHECKSUMS:
    EXPECTED: CRC(dec0de33) SHA1(facbd8fa45c17680f4c76e308b4f383a2cbc3743)
       FOUND: CRC(9494e781) SHA1(251c4eca295ab37c806bacb63492cd14b0f4422f)
vsw.35m WRONG CHECKSUMS:
    EXPECTED: CRC(dec0de35) SHA1(f813580566e7a41bcb5df8704a3e48a623d94540)
       FOUND: CRC(a2f72cdd) SHA1(999c6a17486f4b5e60f1569b8829f2dde4c962b8)
vsw.37m WRONG CHECKSUMS:
    EXPECTED: CRC(dec0de37) SHA1(0444481dc5526fcc96defbe153562778967b8374)
       FOUND: CRC(a8a9b0ef) SHA1(468ad2ae8bab7af637b0180d8f27907c75eb2e0b)
WARNING: the machine might not run correctly.
Optional I/O port ':PADDLE2' not found
Optional I/O port ':PADDLE1' not found
Optional device ':comm' not found
Optional I/O port ':DIAL1' not found
Optional I/O port ':DIAL0' not found
Optional I/O port ':IN3' not found
Optional memory region ':stars' not found
Optional device ':soundlatch2' not found
Optional device ':soundlatch1' not found
Optional device ':m48t35' not found
Optional device ':oki' not found
Optional memory region ':audiorom_raw' not found
Optional shared pointer ':mainram' not found
Optional memory region ':eeprom' not found
Optional memory region ':screen' not found
Starting Vampire Savior: The Lord of Vampire (Japan 970519, CPS-2 WIDE v1) ':'
  (missing dependencies; rescheduling)
Starting Motorola MC68000 ':maincpu'
Starting Timer ':scantimer'
Starting Zilog Z80 ':audiocpu'
Starting Serial EEPROM 93C46 (64x16) ':eeprom'
Starting Video Screen ':screen'
  (missing dependencies; rescheduling)
Starting gfxdecode ':gfxdecode'
Starting palette ':palette'
Starting Speaker ':speaker'
Starting QSound (HLE) ':qsound'
Starting Vampire Savior: The Lord of Vampire (Japan 970519, CPS-2 WIDE v1) ':'
  (missing dependencies; rescheduling)
Starting Video Screen ':screen'
Starting Vampire Savior: The Lord of Vampire (Japan 970519, CPS-2 WIDE v1) ':'
Configuration file default.cfg not found
Configuration file vsavjw.cfg not found
Average speed: 1645.05% (96 seconds)
Enter sdlwindow_exit
Leave sdlwindow_exit
