1 9ba5460aab6bf96d
2 9ba5460aab6bf96d
3 9ba5460aab6bf96d
4 9ba5460aab6bf96d
5 9ba5460aab6bf96d
6 9ba5460aab6bf96d
7 9ba5460aab6bf96d
8 9ba5460aab6bf96d
9 9ba5460aab6bf96d
10 9ba5460aab6bf96d
11 9ba5460aab6bf96d
12 91a828c483bd8902
13 9ba5460aab6bf96d
14 9ba5460aab6bf96d
15 56f7f50aab6bf96d
16 9ba5460aab6bf96d
17 b35f6f9c7c94aca8
18 9ba5460aab6bf96d
19 9ba5460aab6bf96d
20 9ba5460aab6bf96d
21 9ba5460aab6bf96d
22 9ba5460aab6bf96d
23 9ba5460aab6bf96d
24 9ba5460aab6bf96d
25 9ba5460aab6bf96d
26 9ba5460aab6bf96d
27 9ba5460aab6bf96d
28 9ba5460aab6bf96d
29 9ba5460aab6bf96d
30 9ba5460aab6bf96d
31 9ba5460aab6bf96d
32 9ba5460aab6bf96d
33 9ba5460aab6bf96d
34 9ba5460aab6bf96d
35 9ba5460aab6bf96d
36 9ba5460aab6bf96d
37 9ba5460aab6bf96d
38 9ba5460aab6bf96d
39 9ba5460aab6bf96d
40 9ba5460aab6bf96d
41 9ba5460aab6bf96d
42 9ba5460aab6bf96d
43 9ba5460aab6bf96d
44 9ba5460aab6bf96d
45 9ba5460aab6bf96d
46 9ba5460aab6bf96d
47 9ba5460aab6bf96d
48 9ba5460aab6bf96d
49 9ba5460aab6bf96d
50 9ba5460aab6bf96d
51 9ba5460aab6bf96d
52 9ba5460aab6bf96d
53 9ba5460aab6bf96d
54 9ba5460aab6bf96d
55 9ba5460aab6bf96d
56 9ba5460aab6bf96d
57 9ba5460aab6bf96d
58 9ba5460aab6bf96d
59 9ba5460aab6bf96d
60 9ba5460aab6bf96d
61 9ba5460aab6bf96d
62 9ba5460aab6bf96d
63 9ba5460aab6bf96d
64 9ba5460aab6bf96d
65 9ba5460aab6bf96d
66 9ba5460aab6bf96d
67 9ba5460aab6bf96d
68 9ba5460aab6bf96d
69 9ba5460aab6bf96d
70 9ba5460aab6bf96d
71 9ba5460aab6bf96d
72 9ba5460aab6bf96d
73 a63864d8cf0fd619
74 3a03951dde51734f
75 a0b612dae71e7045
76 d454334993739148
77 d454334993739148
78 d454334993739148
79 d454334993739148
80 d454334993739148
81 d454334993739148
82 d454334993739148
83 d454334993739148
84 d454334993739148
85 d454334993739148
86 d454334993739148
87 d454334993739148
88 d454334993739148
89 d454334993739148
90 d454334993739148
91 30b0ef3cd9e47a74
92 192a70d8db8ea9c8
93 0ad2b222c2167698
94 6dbb8659311ef0b2
95 0e7f3dca55ff8348
96 719ecc134f1bf73f
97 1d3e0364fad02033
98 beb28021e2092033
99 ed73aba743362033
100 ace71b1e10e72033
101 2afbe3d928142033
102 85a7e7cdba1d2033
103 36f37de470da2033
104 d76e9bc5704b2033
105 8d81f35da9a82033
106 54cef593be212033
107 f0111677952e2033
108 616df475c99f2033
109 f147d4bda58c2033
110 b018227196152033
111 63c00b3053722033
112 951835c4e5c32033
113 aa7a198720e02033
114 f2186a5cbf192033
115 eb6f5bdb7d462033
116 26818f2ac3f72033
117 51962d0e01e42033
118 9a74d833986d2033
119 e230c9b4b46a2033
120 5ee6964bea1b2033
121 4c31015527f82033
122 f33b9b4412f12033
123 fdadeeb3463e2033
124 5bb5b34312ef2033
125 7663791854dc2033
126 a5cb29189d652033
127 0b95e0b2d9022033
128 d574beef52932033
129 17b2ae03c4702033
130 060b0befa8a92033
131 18e970a43fd62033
132 f14f73ad75072033
133 8b742cfa1ab42033
134 ceb6d057db3d2033
135 269ddc5efdfa2033
136 44b18ab3126b2033
137 e4e9886d5dc82033
138 4c051d1bda412033
139 4649053a08ce2033
140 707c3a8f073f2033
141 a087dc39232c2033
142 ee07c73222b52033
143 41345e9ff2122033
144 4a547f5f26632033
145 ac5b100b13002033
146 93fa720a89b92033
147 c74df4ba80662033
148 1fdb9d3e0d172033
149 9929191104842033
150 1b3c6625ff0d2033
151 274847b5770a2033
152 63ff189ea53b2033
153 bee101f75e982033
154 e99cd139f1912033
155 dabb229824de2033
156 c1b4c2f8500f2033
157 0b08842f647c2033
158 fe8af5cd12852033
159 1fa02b881a222033
160 1a86e2c158b32033
161 a29f0ee29f102033
162 99b6522872492033
163 0bb2d92286762033
164 32992870ca272033
165 4d41cc9a98542033
166 fd1af0708e5d2033
167 b8f004334c1a2033
168 b463abe0078b2033
169 453ed89707e82033
170 c046c2dd9d612033
171 027ecc00db6e2033
172 784dc223c9df2033
173 7a162ccff4cc2033
174 f5ee6b79cf552033
175 3edc3a65e4b22033
176 3cd2b81ef7032033
177 ca0549589d202033
178 c0fb1beb62592033
179 9cb319c963862033
180 9a08748c81372033
181 a810982ba7242033
182 22efaaabc9ad2033
183 cfce122dcbaa2033
184 1eb9058b385b2033
185 0f63ed18c7382033
186 2e04babdb1312033
187 930a62917e7e2033
188 fa3b9e5ab52f2033
189 a229aa39571c2033
190 0b2f8cdb43a52033
191 538601fd8c422033
192 5945c11aa1d32033
193 35a4e33058b02033
194 7a9ccf19b4e92033
195 d9429f21ad162033
196 328a151cc8472033
197 ceb0e01465f42033
198 31013c054d7d2033
199 b354b113993a2033
200 122a429494ab2033
201 e5d0146ffb082033
202 c0bbdcc912812033
203 a4b61cad770e2033
204 e2318ad1bb7f2033
205 481e9f7c8e6c2033
206 adfe6904cef52033
207 2d7223534b522033
208 b53d85492da32033
209 ad960642c0402033
210 87e3dcec1bf92033
211 5dfcd39e46a62033
212 be1eb179e0572033
213 b0e71ef36bc42033
214 5aaaac7d1f4d2033
215 48718d8d454a2033
216 382d15812c7b2033
217 33cc29c1b1d82033
218 773667f776d12033
219 bee587d29c1e2033
220 ef47270fc04f2033
221 7a2243f9c4bc2033
222 9d35c94a50c52033
223 c41755e302622033
224 152700368df32033
225 cb354c3c75502033
226 cd5b10934f892033
227 1cd8259abeb62033
228 825f41f55a672033
229 5116d40717942033
230 f68faffc479d2033
231 039630bdc65a2033
232 f9af404185cb2033
233 7c78fd44cb282033
234 a1dd2a31c3a12033
235 a5d91ab07eae2033
236 5fb71c4ed11f2033
237 8eed197c7d0c2033
238 37bea77eaf952033
239 1d9ffb0df2f22033
240 6d6e737829432033
241 87f0473670602033
242 1af5821b2e992033
243 ec64793946c62033
244 915ee717a5772033
245 a80d9a8945642033
246 f81eadc9d7ed2033
247 7e27223911ea2033
248 fcbb5a417b9b2033
249 92c8ec8a45782033
250 ba5eb2f6d6712033
251 bd7de94813be2033
252 f851e0ced86f2033
253 a40c3547585c2033
254 7ed43e84fce52033
255 9c30b99c0a822033
256 1883296f6c132033
257 ba036ce7c1f02033
258 2a53882daa292033
259 d77220aef1562033
260 b72d1cace6872033
261 1aa5a78f2c342033
262 1c9abedd04bd2033
263 e7515841f77a2033
264 e9d2f08a85eb2033
265 27e3f28a5d482033
266 2dc17591b7c12033
267 2c4e0861a24e2033
268 4abafc13bebf2033
269 e6122cbb52ac2033
270 90353c72b6352033
271 d93023e2b7922033
272 7adac1f3bbe32033
273 e58c395cce802033
274 d6e6806fd3392033
275 d5967e755fe62033
276 0c2d78b34a972033
277 d1e0d1a090d92bcd
278 656b8031fc9602ad
279 bf193aaf6ee67b87
280 779c611b004b7b87
281 750d0aa922ac7b87
282 29c15c6113c17b87
283 7d7c92d3e2827b87
284 6654731b8c477b87
285 128dc4efa8a87b87
286 745f33280ccd7b87
287 d97e12b8c92e7b87
288 2de4ebfffbd37b87
289 1736d631d0947b87
290 cda99184aae97b87
291 870dcf124c8a7b87
292 0aed650fca4f7b87
293 955a65ed0ad07b87
294 d1d75a6899d57b87
295 377341d1a6967b87
296 75c8d18ba5bb7b87
297 115b0346dfdc7b87
298 0d1fc6b5a9717b87
299 070d8d339bb27b87
300 26dbef287af77b87
301 2877044795cb7eb7
302 69ec981aba9deeb7
303 3ec737edcf36eeb7
304 9d620df241cbeeb7
305 748b4b000a64eeb7
306 de51cf70fd69eeb7
307 a0372a81fa727a1f
308 ae44b70df572d90f
309 cd6d043cec67d90f
310 8144f1b69e2cd90f
311 17c7ca7f96e9d90f
312 8b9405170056d90f
313 d7843ac8ab8bd90f
314 351763e69c40d90f
315 867ce815b66dd90f
316 66109386543ad90f
317 a3d301d12dbfd90f
318 8fd15f3ca6a4d90f
319 ee4c48d54bc1d90f
320 8929f9baccced90f
321 f72d507ab0a3d90f
322 add5c9711478d90f
323 ea9613706a45d90f
324 032ab1dd2272d90f
325 3b5fda06f4b7d90f
326 85a155130c7cd90f
327 ecd578bfac39d90f
328 76daca9834a6d90f
329 4a0bc5bfad1bd90f
330 c1c166df4650d90f
331 b3e1096d15fdd90f
332 0544524e298ad90f
333 945c5c354d0fd90f
334 16ca0139b274d90f
335 63dff945a111d90f
336 91f54ad75c9ed90f
337 933608716b73d90f
338 f53ab14e3b48d90f
339 66431526d015d90f
340 c0a8607ac371d90f
341 c827a70f0518d90f
342 36363d25137bd90f
343 69a05a62053ad90f
344 7173c6722975d90f
345 f86b21a1fbfcd90f
346 811280fd32afd90f
347 3f981f70bc4ed90f
348 f4b7455a19a9d90f
349 c17398f6f5d0d90f
350 30b909cf4b53d90f
351 80d81b15ae32d90f
352 e6deddc2bbadd90f
353 e39101489db4d90f
354 e9f7ebeb7907d90f
355 7837c71b0ba6d90f
356 7d0565a09541d90f
357 5f39b5342a68d90f
358 28f01f5a604bd90f
359 1c395e56760ad90f
360 3c5ec7bdce05d90f
361 4cdb199b400cd90f
362 2d033d36c2ffd90f
363 6593a8661e5ed90f
364 816b66fe47f9d90f
365 ae8ad3289260d90f
366 3f8db3179823d90f
367 757510f12582d90f
368 f2ed90f02e7dd90f
369 db93ab2fbd84d90f
370 3c054b7f7457d90f
371 edc6bb9a7cb6d90f
372 e2e4b32f44d1d90f
373 002d799e6cf8d90f
374 9cd9dd4e82dbd90f
375 efd12dc8781ad90f
376 5e8a2087dcd5d90f
377 1d73fc4fc85cd90f
378 f9e95ecc368fd90f
379 3c28f39a922ed90f
380 b2b0a1d3fc89d90f
381 16de8c0647b0d90f
382 bbf8b7c8de33d90f
383 f1b9cbe70812d90f
384 3e67a6efa98dd90f
385 5e1dbae39d14d90f
386 cbccdc60af67d90f
387 b034042d4386d90f
388 efebcd3584a1d90f
389 d6f7718e45c8d90f
390 ae2adaace22bd90f
391 45cb2c7bfbead90f
392 6fc6f9f3bee5d90f
393 673a47dc18ecd90f
394 0b203ccc35dfd90f
395 3a213e37b2bed90f
396 1ea356ffea59d90f
397 30f588fbb640d90f
398 3f4daa3f0c83d90f
399 b5bd124ca762d90f
400 e9c46804365dd90f
401 6545091dec64d90f
402 57dc00426eb7d90f
403 dcd05201c216d90f
404 ff7cbc4883b1d90f
405 d724c0c77e58d90f
406 306516c352bbd90f
407 a065ee733e7ad90f
408 bd9af0ec14b5d90f
409 269d94d2533cd90f
410 01224a5decefd90f
411 93cf9a40928ed90f
412 e9ffbfd563e9d90f
413 5d37351da510d90f
414 bd056bef7993d90f
415 c7b365d41172d90f
416 5d6964df68edd90f
417 5d1021faeaf4d90f
418 36eab6711f47d90f
419 bf26f31370e6d90f
420 6a1768c6cf81d90f
421 ca78867952a8d90f
422 5906e131ad8bd90f
423 1b41639ebb4ad90f
424 5aad26b83145d90f
425 2c48284b614cd90f
426 0382a6d2c13fd90f
427 101d4939879ed90f
428 45bba53af039d90f
429 4fb1a99d0da0d90f
430 7f59ae6ba763d90f
431 8ca5e06c9ac2d90f
432 42f37f0aa5bdd90f
433 7794cf7b6ac4d90f
434 346151d4cd97d90f
435 a6ced56ce2f6d90f
436 a01e937fd411d90f
437 3cf969169d38d90f
438 c80cb7adb01bd90f
439 50ca99dfc65ad90f
440 31f19aec0615d90f
441 8f9d4b89bf9cd90f
442 0130dfb675cfd90f
443 850212a08f6ed90f
444 ca9e0fb253c9d90f
445 0490031673f0d90f
446 7ed20dd6a073d90f
447 9d5b76051252d90f
448 bc58982d20cdd90f
449 f7661648f954d90f
450 f3c34e42e0a7d90f
451 84cde8fd4ac6d90f
452 8a4aa679d6e1d90f
453 c0beb5bd7908d90f
454 22b6b6d1fb6bd90f
455 3697d907fa2ad90f
456 3502787dc325d90f
457 4857fc0d7e2cd90f
458 aebc5eb6411fd90f
459 2ffe3761cd157fd8
460 75b4c08636688d9b
461 2ef869de243d7549
462 622fd00b2919c2e2
463 4cf91a49e0efc212
464 4515ea9f0217268f
465 cab01379597a5aa9
466 cc3f8cc797194f5d
467 680825aa9a27dead
468 0802e0e79a27dead
469 13085fe64465a03a
470 52ea0cbe392f74b0
471 ec89e0b5cc5ce950
472 2db32863fb5ce950
473 dc02ed05d45ce950
474 0ad83904105ce950
475 2de3efa44c5ce950
476 c387e5e0655ce950
477 0c3ede05115ce950
478 9e6821a3ef5ce950
479 e7684741ca5ce950
480 bc26cc9f00609bd0
481 8f6a726ad7609bd0
482 788fcf5eed609bd0
483 9f52a3cc7f609bd0
484 29dc5b5e68609bd0
485 c3d9b6082a609bd0
486 11de025ca5609bd0
487 f7908287da609bd0
488 10a65929c0609bd0
489 31e9af5cda609bd0
490 cb77981b86609bd0
491 fed0c8645b609bd0
492 527d67edd6609bd0
493 a82c63f73a609bd0
494 7b0c83c575609bd0
495 fd3fa38161609bd0
496 c60f1d8955609bd0
497 d062ff3979609bd0
498 f1b73176a8609bd0
499 74a9883371609bd0
500 a5c82bad6d609bd0
501 3586a989e2609bd0
502 769ad7a83959be50
503 fdbe7e178559be50
504 a1a555d61b59be50
505 0b499bc2c1609bd0
506 0cf683167c609bd0
507 c3ef60cc25e7c950
508 ed55855e99e7c950
509 e7434d98fee7c950
510 436bcfaf1e609bd0
511 11ee56b179609bd0
512 0c9aa55e55609bd0
513 ae68314a97609bd0
514 9b3cdeaad0609bd0
515 3095c4189a609bd0
516 592dab1eed609bd0
517 b8dd9b6a91609bd0
518 2b677270dc609bd0
519 595dac66fb609bd0
520 92832e9a36609bd0
521 f74675166a609bd0
522 24bdc71e25609bd0
523 79d635ff71609bd0
524 3a216090bc609bd0
525 ada8de7f42609bd0
526 954be5ccbc609bd0
527 17f83bd1cb609bd0
528 fbc0648fcd609bd0
529 93fff74b39609bd0
530 8e0b32bec6609bd0
531 ccc1a78ff9609bd0
532 9641c5767d609bd0
533 a559ad42e1609bd0
534 eec44691bc609bd0
535 8ed81a4e29609bd0
536 fc4f44cc4d609bd0
537 fd3509a3e1609bd0
538 3f5662b99859be50
539 90b8640fd459be50
540 15fd36645859be50
541 db52c6102a609bd0
542 a62c8cb4b8609bd0
543 394f565fade7c950
544 da510b5a21e7c950
545 3708b27005e7c950
546 54e2490b16609bd0
547 eaa80a7bcf609bd0
548 97945b80f5609bd0
549 3d8261818a609bd0
550 d567caddf6609bd0
551 5411681232609bd0
552 046f079f9e609bd0
553 c872488597609bd0
554 b14dff0d3d609bd0
555 027425f7c1609bd0
556 3fc4a29b5c609bd0
557 bf53efcbeb609bd0
558 ef07a3de9c609bd0
559 f5e1911b89609bd0
560 551bcc1516609bd0
561 63ae919652609bd0
562 9da8a74f9c609bd0
563 4dd0efb0e2609bd0
564 158d0ce14d609bd0
565 afa8c117b9609bd0
566 31a05b7310609bd0
567 5ceaf37457609bd0
568 26673ac706609bd0
569 8090150319609bd0
570 617cce75d0609bd0
571 40f8f40dc7609bd0
572 57e2ead73d609bd0
573 1f9450748f609bd0
574 a4c2fe8cd959be50
575 3551efdec659be50
576 af90d1043959be50
577 011aa0d377609bd0
578 dffd792c96609bd0
579 c58a403768e7c950
580 bf9e715939e7c950
581 28cd2369eae7c950
582 3fa2df943c609bd0
583 c9924668e9609bd0
584 63e876d160609bd0
585 04c5a0c40a609bd0
586 1998be57bd609bd0
587 72bc180a71609bd0
588 918f6bf5bc609bd0
589 5bd618cb92609bd0
590 980aa491e5609bd0
591 138d44c382609bd0
592 be31cd0036609bd0
593 0aa86b642a609bd0
594 dd111784ae609bd0
595 9ff75c1262609bd0
596 8c5595409c609bd0
597 e092e32662609bd0
598 ad5d24b59e609bd0
599 73305b62da609bd0
600 bf11385d86609bd0
601 65c0bcd339609bd0
602 6996350ec6609bd0
603 a69a748ff9609bd0
604 90b4979106609bd0
605 3c7bfe7d82609bd0
606 d3f009e0be609bd0
607 0237cd63f1609bd0
608 df04ffaa7b5ce950
609 96897fc4395ce950
610 43134746114e24d0
611 cca693ea874e24d0
612 1714eb52a44e24d0
613 229751cb4e5ce950
614 1ebebcc20d5ce950
615 a6e7013cb53f7bd0
616 924fdc1cd83f7bd0
617 7dc93f5c673f7bd0
618 e45aa9fa0b5ce950
619 d54bf56dcb609bd0
620 1d7b15d69c609bd0
621 51749e3529609bd0
622 0ae4c904f6609bd0
623 574f8819eb609bd0
624 64a074289c609bd0
625 4eab3473d2609bd0
626 4542d3badc609bd0
627 b2ef60b919609bd0
628 328b82ad38609bd0
629 d1fb7dfd91609bd0
630 2a7d1d2bfc609bd0
631 1e6a580e99609bd0
632 21b9a81886609bd0
633 151268a299609bd0
634 c5ff3e37d0609bd0
635 2580a62277609bd0
636 21b7d054c6609bd0
637 54b03fc43b609bd0
638 46c407f92d609bd0
639 f49ee10692609bd0
640 a6ae4c66ee609bd0
641 130bf2e987609bd0
642 4db77100fd609bd0
643 440075375a609bd0
644 2ffa604125609bd0
645 ff1a5f25b1609bd0
646 c70cb7359759be50
647 7cc067934659be50
648 28c5b2a47759be50
649 865f9ed059609bd0
650 4017956ec8609bd0
651 77c4dfc21de7c950
652 1acb7add13e7c950
653 93b47a1110e7c950
654 21a750d0ad609bd0
655 417be27e49609bd0
656 8cd23a89c0609bd0
657 7212d59447609bd0
658 d8780b288d609bd0
659 ad3fccf3bf609bd0
660 d98bef0f38609bd0
661 6aa20e7691609bd0
662 4aabe7fb9c609bd0
663 8f71a5ac42609bd0
664 f3068e644e609bd0
665 f5c7eb7b81609bd0
666 60e1251405609bd0
667 c5c294339b609bd0
668 7353fff225609bd0
669 991f0adce2609bd0
670 32bcb8784d609bd0
671 472f349c32609bd0
672 1522c40cfe609bd0
673 d18db54e61609bd0
674 523e5dbe15609bd0
675 a9d2d7087b609bd0
676 9369d353de609bd0
677 02dc3d481a609bd0
678 62567908d0609bd0
679 465cf65bda609bd0
680 1ef77a4c96609bd0
681 05ae23e00b609bd0
682 28a38c386759be50
683 a5b913042d59be50
684 913d8f5b8059be50
685 ee8fb3a559609bd0
686 f2e38f3ac8609bd0
687 024362509ee7c950
688 84f4123893e7c950
689 74012bd380e7c950
690 7c3f26148d609bd0
691 73c5c373f9609bd0
692 f054fd5f10609bd0
693 47f3e403c7609bd0
694 d0b11191bd609bd0
695 80456a3b71609bd0
696 53fd1907bc609bd0
697 03661d0949609bd0
698 12a6afbbed609bd0
699 2ac0fca2ba609bd0
700 1e8f49e8e8609bd0
701 20239952b1609bd0
702 c025e03f3c609bd0
703 39b429edcb609bd0
704 ea9325015c609bd0
705 56c54b7e32609bd0
706 f66e2d359e609bd0
707 40107d0901609bd0
708 623cea58fc609bd0
709 b65584a19b609bd0
710 13f98fd6ae609bd0
711 824e69dd71609bd0
712 f4bbf8e4bc609bd0
713 f2049a6042609bd0
714 118ab9b136609bd0
715 2d75dd978f609bd0
716 d55763bc38609bd0
717 e4f351aaef609bd0
718 73813e4ef359be50
719 f32366062a59be50
720 8955fc751959be50
721 81b73bde79609bd0
722 3295a6e478609bd0
723 ede7529d0de7c950
724 ecf12d9601e7c950
725 980cfabfb8e7c950
726 1dbf5f43be609bd0
727 25d87e459b609bd0
728 bdce1e9e2e609bd0
729 31014e505a609bd0
730 16996c64c0609bd0
731 1190f0e25a609bd0
732 f4d8473710609bd0
733 9616aa8d87609bd0
734 c80549a010609bd0
735 e8e2777c77609bd0
736 dc2c57cefd609bd0
737 d538fecfcf609bd0
738 286b78bf48609bd0
739 ff5278ba9a609bd0
740 4c2249c5a5609bd0
741 0ac985f01a609bd0
742 924f08243d609bd0
743 7843faff8a609bd0
744 3baa00d648609bd0
745 1fe48e55e1609bd0
746 28fa0c52bc609bd0
747 49fea3a47e5ce950
748 a77a0f3dcb5ce950
749 f275336a395ce950
750 cad4bd4ec55ce950
751 76efb9f87c5ce950
752 c2fb3dc71b5ce950
753 335bd518fe5ce950
754 fc1298bae64e24d0
755 69f9901cc54e24d0
756 1d027092544e24d0
757 0772981fd95ce950
758 ecc0182136609bd0
759 60e52d684ee7c950
760 4dcb70b593e7c950
761 0e7495734ee7c950
762 0c359434c8609bd0
763 015d406bbf609bd0
764 392e0e4bae609bd0
765 b4977afa39609bd0
766 5997c8c3b8609bd0
767 52afa8923a609bd0
768 12bde6ef5e609bd0
769 1908de3439609bd0
770 710b65ef5e609bd0
771 ba5ddc27fb609bd0
772 e2c49f0dde609bd0
773 6f3f41e81a609bd0
774 6c0c6f1ed0609bd0
775 841871645a609bd0
776 c27a48b220609bd0
777 62e786c947609bd0
778 8b7b84b300609bd0
779 1d63b032d7609bd0
780 591085aec0609bd0
781 8bb2edfe1a609bd0
782 9d6abe653d609bd0
783 fc15ba2cea609bd0
784 303390539e609bd0
785 f051965dbb609bd0
786 8fe3399eee609bd0
787 0fae617b31609bd0
788 d550538425609bd0
789 d455f79819609bd0
790 29ccd3647059be50
791 4f03d72b2259be50
792 2b146c7c6859be50
793 69a7873db1609bd0
794 5d2fd4cb1c609bd0
795 9eef8a1c15e7c950
796 60c839a3c7e7c950
797 491b25d078e7c950
798 03c20dabb8609bd0
799 16cb25c411609bd0
800 a30f950976583738
801 59006eb70921a1d5
802 dff7cbe911ed3cd5
803 dc7b88b658a83cd5
804 bb051f86b9a83cd5
805 e7c32b988d4a2238
806 ed47d9042e233738
807 4b29a821ec583738
808 0e517fb087583738
809 3dd41e6257583738
810 145ad57b28583738
811 299bd5d695583738
812 becd379974583738
813 bfc76594f5583738
814 80dc0ca27b583738
815 2bc5ac48c3e256bf
816 a4f031560b0e25bf
817 7a08e9c4454a9a00
818 4e72f2b7a0d42df3
819 ee0831d95fb799b2
820 1e81e2fde99ee781
821 d7a4d8cc801b2b5a
822 00457036a9cc5f21
823 1eb500e1f3b6ab8e
824 76173b266313c26c
825 c28cf1a0f1baeec4
826 b7172555bf928da1
827 aaaf5aa51b3f31eb
828 549ce9d0da28d3bf
829 953ad8035074886a
830 579fc6b46e0ece20
831 ee8a35992a00d273
832 d6baf90fd21947cc
833 953aa087012f5679
834 ac34f33f8eddf4ba
835 a29193fe8b13d827
836 a7af49c6d66833f0
837 3acbf17b5956572d
838 10475fe89af67cee
839 f5d2ce8f09d909cb
840 adf3e76111fc90e4
841 0ec729eb63f837f1
842 432ba2198662f212
843 b277044711179aff
844 3e820861f382d088
845 18c8368d2c456081
846 0e546f69d38175a2
847 6ea749c5cd8b4f4f
848 47a9b27081a2c290
849 03662f18631659cd
850 c0e9e70cacacee8e
851 9766460993a5f0eb
852 16bc5393af55ce6c
853 c6b68a2047171a19
854 71f6972ca442d9da
855 814793d7750283c7
856 e9e6c0b709ba2408
857 b0024a00cf567105
858 234e4235ee57a0c6
859 00e33ca39d875f43
860 aadde946c3bd5264
861 bcaea0d9d6fc5315
862 1093f4fb9d3f1956
863 fc140095aa79ca93
864 e2c4467fede8b6ec
865 df2eca37b60e3a99
866 746c5442eef1925a
867 69c01f241b25d647
868 ba88033e12227d10
869 4986309df4f8ce4d
870 12795076b9450f0e
871 0e40e74fd95a416b
872 0b7f4bbb2fb4b204
873 1fbdc83fb63ac911
874 b956e88810f6a532
875 e73f231de464331f
876 7e074fb7ee642da8
877 53872f2299d6c525
878 fc648790bab3eae6
879 e2ceb7ca42ff1ce3
880 5b6b9a7167b0873c
881 022b636466e79fa9
882 13e602fcf8d3c42a
883 61314253437f13d7
884 2c80edce4dd07320
885 e4d945257117029d
886 60ca95f469f458de
887 0c9239004f6807fb
888 9c9ba5479b6ffa94
889 3c90023c4a9dc411
890 9b12f239733a3dfc
891 e4eec0fef4fc5620
892 70aead170b7d4af4
893 25736bc8fee01024
894 5e0adf8d6b638228
895 3e625fa49022f9ac
896 ffcde55297dd32f0
897 7b7238cfae63fda4
898 6a95a4ae29e52920
899 334d109f6453531c
900 27b2dc1df64ccde8
901 c9ee915965bdf804
902 7e21590ba596c088
903 91590f1eccaaf7bc
904 3dbefcfdc98e5ca0
905 f241df1cb2ce4234
906 836c29003f0db180
907 9a9930d756c3a39c
908 4c307fb2393f3e38
909 bbcc32f5a72fbdf4
910 48630e5074e05ef8
911 6a0c864fefa4f4bc
912 299872dce2b90180
913 cd8026e8e55b37c4
914 f638534f58f12c80
915 e550dc51fba3e5bc
916 ffd29609231e8148
917 f52c51d5287fe824
918 f98d18ce92eeeaf0
919 001a8eeec14eb904
920 e8f7afe17e225c78
921 f507d4b42f228065
922 93c747a970f56e4a
923 16ed4cee93108617
924 f2a7295fc8261d94
925 ad8c902071b577b5
926 5401c412edb2c79a
927 95469d902acec467
928 d2de931eeab3b32c
929 bf748fa29840dd59
930 ec8bdea412f72d1e
931 3a9db793d5e5205b
932 6ba4b00723f0a198
933 f600c2f12a06b385
934 da09cf99e9e9406a
935 a84e48817de82c37
936 fb7f289eb78b3dcc
937 c64c3757b5eba0f9
938 21f6c9641a4810be
939 faa2505042d8ce83
940 1c2538bff1e6b078
941 f21c5704b1f5e465
942 72c1fcc357d5024a
943 ce56e95c5a8fca17
944 61809b188bceb09c
945 d64108569b93b509
946 2ff2ac58a61ad51e
947 cbf345f660e2085b
948 f6a8e8efff004910
949 21b0ac385b95045d
950 8d0380b74d1076a2
951 277078b288565eef
952 e8d02d6e5fc15174
953 57f6f3a33c30afa1
954 41b995fb77961646
955 95bdb15dabdfe563
956 a6d3dde96e92b5d8
957 f8399771042b3251
958 1a3422c7ea53f536
959 1794964b9117e2d3
960 032e296d6165ac24
961 0759356030e393d1
962 72e888eb057d8ab6
963 f65d2d7be2a96253
964 b6539c5b192e1b48
965 a7e2833dab0742f5
966 074ce1b915aaa4da
967 a0880e13bc4512ef
968 1c9f93c91701a294
969 0813a3cddc4b8fc1
970 84b2a8c9eb62e566
971 f27c525220c0ad83
972 e163382cd2adf678
973 47055380de47ad65
974 9469475efcb2e0c2
975 a61aaa9aef6aef8f
976 05ff3c432034b604
977 a26f4f34607f10b1
978 066652a19193e196
979 be54801a83d899b3
980 d66fe876c4d53728
981 900064aafa336fd1
982 62164681c9dfc6b6
983 8c0ea8a0fc089e53
984 abf8efe0ec4a8420
985 14bb42f4078bad2d
986 6020677ec476c5f2
987 15e6a5eb42041bbf
988 c4fcc18cf7fffefc
989 44c0f75c03402a9d
990 0190894bca0a7f97
991 8e8e1c7ee40fb3ca
992 c20c021d7f626689
993 c2985a913077281c
994 6bcc3eb724aaab4b
995 e8f713751b1709ae
996 0c077663369c05ed
997 52f3154cd13ecae0
998 cf0db4fe5911037f
999 bcc5111a49d3dbb2
1000 938d57fb31374eb1
1001 f419a3154c0d0c04
1002 f223d97aab098f0b
1003 609cf17c0a4ec34e
1004 4e4e26167a754a0d
1005 b772b00209f13400
1006 8539d3794604bf1f
1007 99d3c06759141552
1008 cfe8abd49326e401
1009 0474ce5de15286d4
1010 04ca24f15fffc5c3
1011 8e8a1867349a700b
1012 d3039fa01d126a00
1013 3c3a5b457660da0d
1014 89b7d8530f8bda52
1015 ac598981c602cb1f
1016 5e0c884688448d1c
1017 9448048c71587389
1018 083907952d73a08e
1019 b6f8f59e4254104b
1020 db1bac39afa359e8
1021 ddcece6851d97115
1022 a4b29106e06cffe1
1023 f5a684e4e54d875c
1024 6c53a16bd9e09970
1025 10b0b7b89687d0d1
1026 5f2c29d2f177fc9b
1027 b7339449b48b7e97
1028 6111dac690851ea7
1029 e5464a4f46fe53f3
1030 4b5ba9420a9ae028
1031 a4d6feb204806454
1032 d5acb59d34c863ef
1033 e71ed455cb98b9e6
1034 cdb98cf423a395b1
1035 052db169c9574518
1036 69a14bc6eac4c753
1037 35cd65b35119377a
1038 7f7a9e0485e70ca5
1039 7eb2603ffff8234c
1040 b29601f466113785
1041 a3d8a98577f6d2e8
1042 bf40bab5a84631ef
1043 875e18e635f048ae
1044 47ec7b6cf8aee8c5
1045 4bb21ee85aa69734
1046 8d33b0c2b6094013
1047 0c885d81c8081342
1048 784ba199d1508799
1049 ba2dc47cdc960a88
1050 585286eda4d49357
1051 49abfeb32b2d4a80
1052 d2260a957b807ec9
1053 c4a0ead522ddaea4
1054 929518fdb7117a8b
1055 c8519c7771985d42
1056 43d61e96e30955b1
1057 8260f03bfd5dda88
1058 8fc45dbe257c2dbf
1059 9435b17036454f46
1060 c20b043b79cdd335
1061 0b5f0c09d7ed54dc
1062 4d0e15cb7097f2c3
1063 5a3a214d40c29e1a
1064 3370b4cdbafe07b9
1065 97508ae8525e9590
1066 5e7db02296c85647
1067 5d2b5148d9bb9d6e
1068 2040db1c370348bd
1069 3ed3cae742543504
1070 29153526cf2dd56b
1071 289ff289da73c2a2
1072 b3d44d34279c3641
1073 1faa939a889db458
1074 a32b30b5754fa3d7
1075 bb2df8e3555b787e
1076 3886cac497b47dcd
1077 c705f13c13ea6b94
1078 51c056d236492e7b
1079 707709b2d1a67db2
1080 a95061e4fb509af9
1081 5cb7f3f9c3d254d0
1082 879b70b06ec3f187
1083 1a5973deca5a3fae
1084 d073137eba9ea9fd
1085 4cf05130cf456680
1086 83afc6058035efdf
1087 a39e6047e6a44666
1088 5ced21d82528d34d
1089 df5cb18abd18fc14
1090 34c8ae33eef4a5fb
1091 773b7b6e991c2c32
1092 c7c368ead051f241
1093 147daf93a999b058
1094 ed505c019dabd88f
1095 28bd3069eef1b6d6
1096 79032e7adc1ce6ad
1097 5ea212be9be8b4f4
1098 ffb9ac57643f536b
1099 cb1535cc7da8a799
1100 be0de6b0cba3f68e
1101 aa54c7ee7425233b
1102 9c5038d5784b29e0
1103 87c89150e7dfb350
1104 f9a26d6fed3be8e1
1105 a61b37ce2af995b3
1106 5982ef9b1330141c
1107 37fd5b7a61bac69d
1108 cdbb9d6d8fcb3e8a
1109 1ee6165676194973
1110 9a5356dcb8cca138
1111 fd39745cc5848419
1112 095c36ee36e68a06
1113 52e2c07da1f6265f
1114 96fcbcc2060216dc
1115 b13dec574472bb5d
1116 4a896e4dbbab8652
1117 2f6dab5b220ccf67
1118 fa263306bdaaea04
1119 37f76566177314a5
1120 c3c137dd981bc5ba
1121 cad5a8716b919ea3
1122 b8d899c227e5d7f0
1123 542fa40b7d374bf1
1124 930eb47a0e960a66
1125 492e655c647b98bf
1126 4de30646d04a9bbc
1127 705e01b9b506f53d
1128 f213fe3563efeb72
1129 bd5e6691a12ada9b
1130 a18c47712d84fa18
1131 0c835bc475c6b5f9
1132 595f01263b29f80e
1133 5e9d2c2669179ba7
1134 30fefd0695a5f544
1135 81b5b890ea379565
1136 5f7ec5e5c3ca70fa
1137 391b49048f6f99e3
1138 e0239bd54a2339c0
1139 c8faf2752a34b641
1140 daa23ed177db8006
1141 42fb10fb2900e3df
1142 12e559a9f2b1855c
1143 50741c661d6aee5d
1144 3670d47ee3e531d2
1145 3672bbbc969e487b
1146 9e097a66de5431c8
1147 96eec7fcedff4fa9
1148 71885bd06c5dc6fe
1149 49bb10a9314cc86b
1150 0ed102ad2e9315a8
1151 7fc2c3d8f3d7a389
1152 bd116c474ed66776
1153 5d259070ed0a264f
1154 315b50057511dcc4
1155 37c6d0041922f729
1156 bb1a637454636a66
1157 2e94f34cae6c91b7
1158 4a3cf8826d211d34
1159 75e86c4978f3123d
1160 4c9d33fbce981a8a
1161 15dd7f4e19ead8ab
1162 af508365a6d88894
1163 46c02324e901a978
1164 b61d728ee41fdcd8
1165 00078f36755fd0ec
1166 164bc5758868f52d
1167 8b507b47d6f96835
1168 48e78d4eb83c69d2
1169 5efb70fbff2e6a93
1170 e54fe4df0877de70
1171 fb1b32ea4d2be64e
1172 f368a90f8553b25e
1173 b7c054983d950e47
1174 44a7fdbb747107fd
1175 7a6b7256762231bb
1176 442fa31eb864b626
1177 8c8b353a045facf5
1178 3018c9c1894ac946
1179 cd1c5b7d6e4708ef
1180 a691c689146ee19b
1181 b828f767ad0e133c
1182 45dec84040fa945f
1183 d9d69d8cdc41665f
1184 3a0d010b7cf3e9b5
1185 03f88d39b7165f5e
1186 d20a0d4361306afb
1187 dce425c397b56e86
1188 b74a7a62575db4d7
1189 6966e832ea434ce5
1190 44dcedc275470dad
1191 fbd59fdb104a5c50
1192 51c4efc05b7859e8
1193 6cc583bdf5b9a5db
1194 eef03bc062c3c22a
1195 6dde61d4b162bc65
1196 28f32c9cbcb96ec5
1197 43ffa882ec038d5e
1198 aadfa4ef3ac4bed1
1199 127579309cca0f9b
1200 9d559e3769ecdb55
1201 33fee20496a23936
1202 2d496cb39803399b
1203 6382155772a884ca
1204 5df7346ddb7ee087
1205 06d725a3c2b07ccc
1206 b1c2e3f02ef4da9b
1207 2d1d7fe1eb627e34
1208 97a6c967f0cd01d2
1209 78109341b63be608
1210 0ca5e3c1eb6f5838
1211 61ca50b04a1270f1
1212 6d4fb8516905167c
1213 dd124ce49e4615ae
1214 049fd933b37af904
1215 76774b7c202094ca
1216 a15d74bfa533ec09
1217 b43d3599813922ed
1218 08121444b8d0c3bd
1219 3f101ea6413ffafc
1220 3c81a5f9d61e0e46
1221 563b7105311114d7
1222 82bc936aba428434
1223 40808bc6279af648
1224 5130bd8fa776a07a
1225 d7560a8f6b3fa74f
1226 4c4ff8ca9c1e2d00
1227 f85046598afb7301
1228 770a05042336e957
1229 5bfd9b9e6c32b58e
1230 ab5b17cd02e94c06
1231 36d9b2217a936e74
1232 87a6a2dd8bcf24dd
1233 fe9604412a525967
1234 8328db53554ea9c5
1235 8e04bf143959e589
1236 2260b9951dc677d5
1237 a88a0b3f10d587e5
1238 2e36c6aea6c29802
1239 ff69f74e7c3fa83a
1240 245723abae5838d6
1241 ec90182463b869b9
1242 78f1640e8e8e1af7
1243 b71865017894ff87
1244 f076cef27848ab8a
1245 27a82d9f12611db4
1246 7f6cd072696eeeec
1247 3aaca8b89576c068
1248 6ff27463bcdcf908
1249 ba1017952606634f
1250 dd3cb16679fb5797
1251 44481d68ccf0f1d3
1252 1f76bffbdac11c92
1253 1ea20f5309a8114e
1254 196060f7d43c4050
1255 dd0effa27be3aa7f
1256 44e4da73fb6123ec
1257 36021d6c2d2606ec
1258 728b32bf4930f8ee
1259 9dbed0694fe9f153
1260 105884603123b693
1261 b755537829a792b7
1262 33105f654555ab76
1263 02397067acf14961
1264 a25ea416d851b913
1265 799ae7a338638f0c
1266 acceb7e1e2a9621d
1267 7e9a2b0057cc00cd
1268 ab1fb58b8bb99b42
1269 30848c376a3c110f
1270 45ca8e4874ef7426
1271 ded756efba1147a3
1272 a2dbe91599d6aa2c
1273 be2981f9637c6299
1274 cb926b0bd78652b7
1275 de49c14848bdef6d
1276 9326ef2e177233aa
1277 e2bc5490334d9760
1278 ca31471ca50fc97e
1279 9bd4ad6d9ff0aa63
1280 efd7daa8237d4fbe
1281 4c8ecc7aec8b9a5d
1282 b78006b62387c092
1283 327557e9d7148105
1284 1e7308cdcc0b7e5d
1285 f86bf30b9c3f03c1
1286 5b234a6ed4be1e42
1287 1d7106f5a7ced6c2
1288 400f1d45c0c57e6a
1289 154c8d36b4d9d2a9
1290 062969e9cfaa2217
1291 b218bda9b749c830
1292 45242fbcabe01ef8
1293 9d8a2bef877e9d9d
1294 a5d706ec9f0db473
1295 833923daee926da3
1296 10fb30e5bd7ee41f
1297 2adf9fc604bbbe21
1298 09d0d85d2002296e
1299 de6ca1e60acf357a
1300 289874fdde26fb0d
1301 42f4997501df5534
1302 e2d1fa5cfaf915d2
1303 d798ae1dc47b11bd
1304 4b4063e154b35dbf
1305 09862910a01888c1
1306 e81ca998f653e068
1307 2303f98ae7da582a
1308 4efcf5545f72f38d
1309 f99c04b07cdf4d82
1310 5d7d3f5dc1cb2558
1311 9607e27170e6677e
1312 b6c46bbdd4160479
1313 411be30a8ebc21d8
1314 a8b47a63799e9542
1315 ed240d3e582ebd29
1316 3fb4ed66e8fda156
1317 796742e3779ccc80
1318 48c3c2eee54b6ce3
1319 2408ee0bad725ae3
1320 94c0785024d7908a
1321 5d6dcb1a108d0d53
1322 ff5e97c085d59e85
1323 6ba73114edfeb0b1
1324 75184b66567e04ed
1325 512688b90e7f5108
1326 0fce0bead6cbff78
1327 3bac32a80e2656de
1328 68dbfab21a8ea7ec
1329 22b29f59adaf7f2f
1330 9a76aa5a75b68455
1331 6d8fefd1f3fb38f6
1332 2bd11bb6c845c65d
1333 f109259cbf25a2ed
1334 802025716283d8b4
1335 59b3bfc1e74afa25
1336 bc03155be8ae6ab2
1337 0dce260258ec8e4a
1338 233b8b1603af55fa
1339 6d9490948aecd87f
1340 a8dec4289a1fa86c
1341 e2e701e8794f544d
1342 3aa98d0d8c586c92
1343 4c665c3f69547f17
1344 1bbaeb26f108308c
1345 eb20ae3183c4cd11
1346 627aa1343d496bb6
1347 4aa0459ce0e8af5b
1348 6c8d8971d0553f40
1349 4ed4389532b2999c
1350 6f9016fd38d7e123
1351 ebc8dce9efa26976
1352 9333b6be0f9b43ad
1353 c3fe1a523c79e0a0
1354 1d30ba0a37e79fff
1355 2066336d19289ca2
1356 0f05926e4652ed39
1357 aa1b0cbcb26ab7cc
1358 e7a9ef46ec49faab
1359 48ada53fa7dfc9de
1360 b3a89a9d8c988af5
1361 1a320ba3bea60988
1362 31f83a21807d9e47
1363 93704407fb7510aa
1364 3cade0af7eda83a1
1365 0174054e76043634
1366 bd7c60f2455453d3
1367 9b65a688f1aa63a6
1368 7ed1e0482989e69d
1369 a7d38274e96c53d0
1370 546065ffead1c16f
1371 dd79264bee1e1d92
1372 aaf22f34a3612f29
1373 334fdcf55794dad8
1374 a70f748e914c4f97
1375 3a6d5b4e9cc81ffa
1376 8b596d4b88fc0449
1377 4637a6e4941cc65c
1378 5e90e382beaf20bb
1379 48c3621a5e2a506e
1380 26f6b15dd11aa13d
1381 a71b5502babb3070
1382 6a63ac6e7f57448f
1383 4e00200e510ecd32
1384 6b3dba787b48cb21
1385 f2aee22c4a0769b4
1386 c56f42a8898e7553
1387 6ad0c342fb495526
1388 4c53fcbf481a7c75
1389 44430cac791bb708
1390 30bb3fd98fa5a9c7
1391 f27a7f990095f22a
1392 baeed47ed3152eb9
1393 c33b98303827a34c
1394 a42eebe16d7c482b
1395 f6877e1ba8b5135e
1396 e5949953ee5a792d
1397 14e2ce7dacbbc020
1398 d482bb8479f9957f
1399 3525faf549a6f022
1400 b53037df37d54b11
1401 7ae91b0a1bc15ca4
1402 673e814d1e10d443
1403 492b23adc12fec16
1404 3feec45014741165
1405 a21249b726019d9c
1406 ff7c086b7b894ffb
1407 2351fc16486da2ae
1408 947374502e18ad05
1409 03139bc3228c0118
1410 1d24062dd9f08bd7
1411 6d35ee68416d843a
1412 36e65de15528c331
1413 f556d823fe34fa44
1414 5031243984b408e3
1415 d73d2fadd1776c36
1416 f328d8ea7c5a5e6d
1417 04b18d833c7aec60
1418 a419c0517bb370bf
1419 c687afbee459b462
1420 a78110c82617eaf9
1421 d3570d0f84abfd8c
1422 969e52b5effa796b
1423 a54644aa9485139e
1424 b39b5c7c64d32eb5
1425 3fa919ed10021a48
1426 750f66e22a2cfe07
1427 f728299f4af4846a
1428 5aa16ffaf7a74a61
1429 0449fee786695af4
1430 f6f1f6173a322493
1431 9e02068e3c7ffd66
1432 63dffba057df5d5d
1433 4fde9101a2d9b490
1434 33e034c9f127b52f
1435 4c94aa57445a2752
1436 9f74c49b3c9b15e9
1437 8de393067acafa98
1438 f0ffca29ef2bef57
1439 113fd45e11389fba
1440 8bb72407ec394f09
1441 3d4afa465c9e1b1c
1442 488e1d62e7c4117b
1443 8ecf11471674802e
1444 f63ee1f66e9729fd
1445 f190d8dc9577f930
1446 6b61b2e0d014304f
1447 7b2606db5aef61f2
1448 297cef886a47b3e1
1449 84f785c544bffc74
1450 3ca1c58a5d065a13
1451 1977fbc9fa3582e6
1452 eba63cb633893235
1453 87b80d1a466241c8
1454 db564487d12fe387
1455 1b05b129ba6893ea
1456 805536c41763c879
1457 868013b8af09f70c
1458 e5d98209c183b0eb
1459 c2124055f0db451e
1460 ffafac6206574fed
1461 18167fea40fa0de0
1462 9b3c6523e6bc2a3f
1463 58c73680b2160fe2
1464 c8f081628a54e8d1
1465 ead3c1847572f964
1466 13ea7f8af21ccc03
1467 336d985bfd23f0d6
1468 08446247775d0625
1469 32ea7e99e40a5e5c
1470 5d0ca4d4817ad8bb
1471 c62b454127fe486e
1472 f3fc21ce89ac3ac5
1473 aa08b2bb3f59f2d8
1474 26a315055d370797
1475 eceb015ce39c37fa
1476 38b599fc3d1533f1
1477 b6c62329b7bc97ff
1478 89bc7c74bde58c97
1479 21dbe59b57286ab8
1480 7926b1c4229250fc
1481 fb3b40db9010b66c
1482 8713beca67742a9e
1483 9b1fb19cd09b3b59
1484 dcdaa7d906a4555f
1485 a1c128c3784f8625
1486 35dcad27a7cfbb6d
1487 19ea4ae85dd72c52
1488 5f6285cd6c7424ea
1489 2754285a6dffffda
1490 700c0f6d8ad3c49c
1491 28e058f3265d579b
1492 fea8fe530f6f3c1d
1493 2f16c2409ae2dbdb
1494 7f4ba2bf721eed50
1495 8237f9c043fe0428
1496 a870c17a2bbc5311
1497 debda6df54ec414f
1498 6282bca3f512c0e4
1499 f974b1337be34d9c
1500 19e902352d42bf7a
1501 8579860f7d032524
1502 8384333af2eedcf3
1503 2f2d0a7ebdcb510d
1504 cc767273f289550a
1505 8f1a4e0bd22001ca
1506 370d058d15e96b57
1507 0e31bac1819ce629
1508 6933c4714ff5808b
1509 01bb2f63a6953c8f
1510 27d63540319eb191
1511 6764bde911c3dbf2
1512 31400ef03874f6e7
1513 91939bc382de798c
1514 45754c82c22faa4d
1515 346a26a6d32c6eb6
1516 2878c258bcbed557
1517 9f5f6218128aae7a
1518 9930a18989bbe499
1519 e40d21cf0c170c79
1520 d2d917c0726f906b
1521 bb90202235ecb46c
1522 0e485851965eb8dc
1523 503b9e36fb644e0b
1524 c930f10cd629bb7c
1525 9205dde948c14a78
1526 148161ae7da2b464
1527 9f6d9d54f8ec3c48
1528 352eb26e18419833
1529 d1e223053b39e92c
1530 4cf504ec3a98c4da
1531 3eb1170c91124052
1532 a84e7e58b4b9ddd5
1533 755fb9490b39a453
1534 e7555cf1cf6aa089
1535 6b83a66a492d69e6
1536 1d1a41c7e973da08
1537 ae691c145c35102c
1538 abc5bd15c057bf9b
1539 dfb4248d8487558d
1540 19a5e2f5f3abdacf
1541 15c7e276b581bd50
1542 9e4e26a4a76967de
1543 2c1a96fba6556296
1544 cc1302a68d2193e1
1545 bb73e59c649f3f8f
1546 4af0ff557f8a10ed
1547 0bcb636a4fa5ee92
1548 51014bb88c2339b4
1549 cb57142d7e104758
1550 4c4015c611426dff
1551 2487a3dccb3c2601
1552 0fffaa1d0999469b
1553 4b4751358305d954
1554 e4d15aab2a755ae2
1555 7764c58cb721602a
1556 bce0a7406b9497ad
1557 81bdd3c453ec898b
1558 e06f8d920ffee471
1559 c68f12d2e957b0ee
1560 ef33391464578230
1561 2f5b629337469f27
1562 63ce7c5eeb9ff74e
1563 f4083ba557230250
1564 915de717fbdaaf32
1565 237c11f0d2a29a8d
1566 571dfea871f0684b
1567 c6660fe9bba9eec3
1568 cfb4eced36af9744
1569 86d7844bf2a6a2d2
1570 637d681a01a995f0
1571 1ad655df0fb7b746
1572 1851e31ee184eea9
1573 9652bd8f5c65d5ba
1574 a2d20287ea36778c
1575 a923ec1899e67875
1576 fea6eb37dc99dc24
1577 ae16653dc2c8d744
1578 d7d3d328b35b27ca
1579 625f7416e6ea4b3e
1580 fc92503a9d507fc0
1581 a1d8404c69428b7f
1582 4edf37ae79f56d88
1583 9979b864cc84bd49
1584 10d893fe2bf5e13d
1585 12ec3944bf3fb0b5
1586 88e94a8f033a44f3
1587 186a65e0c1230652
1588 f496d2765f6ef312
1589 a5e11d860a3b4054
1590 4e16898a91202e61
1591 46bb974b9e220550
1592 e69302f20aafb12b
1593 cd1d4d249d77ef3b
1594 b60342e19e7e2557
1595 b312b0e0ec8fa944
1596 d36c108619023f5c
1597 7e122369c5241022
1598 d6fce8bb79552f0e
1599 5e2b9cfd15a07281
1600 72849057502ba037
1601 da4944650524e066
1602 5c5edd2a8ff292c3
1603 af20de3b6dd5ede4
1604 85b08e4269545c64
1605 121e4f8622256cdb
1606 84c1b620556ff082
1607 e37c2abe80f97357
1608 f51c18e990d553c6
1609 d37ba58220bffb3b
1610 ae7853e6a46a7b4a
1611 366dfb64a9409617
1612 6544b802f2bc616b
1613 9c8c69d179ec8674
1614 e678ee10b9fee2f5
1615 abc05c087682831a
1616 750f3ebbf50b592a
1617 aa5e210c8f67eb27
1618 039808f4e821baad
1619 c54f8b679b742a53
1620 d7817c6d58085563
1621 e2d529863809dd7d
1622 bbb8bef31111bf9e
1623 f46a8af3d7ccf237
1624 42a4f1c44e345abc
1625 11104ccece3bcbf3
1626 ad730454215411a6
1627 8428c420fbdcf64c
1628 6fb5e11489769bfb
1629 e801c2c7287c27c7
1630 dd0d0f4b4fff5a84
1631 ab2f4c4dcb434710
1632 4e84fafe8c21ddce
1633 e3074d88b9f75a26
1634 2ab43aa90e787846
1635 d4f9bdfdf09bf174
1636 7ba619ce861df96f
1637 d8ce427931040812
1638 ac1b4a718a0206c8
1639 9aa03ba83742cab2
1640 19fbdc5aeee09d8e
1641 036e9a07d49b8404
1642 c128a5dc8b140a0f
1643 a95b42f2dd1ff8ff
1644 824ebd588d6cc0f9
1645 16d7497ed63b8595
1646 33077ba7bbdcab25
1647 3a1ecfffbf051fe2
1648 8c70d139aad28806
1649 a3899f9d26ba6e6d
1650 9da204167b8940a5
1651 64ba7fa5935fed88
1652 bdf71006730cd82f
1653 ccdb023348e0ef86
1654 da43cb57df6bb851
1655 b435288b9052b016
1656 bb1c899820697d43
1657 dec981eaba866dd2
1658 47457b3a4ac4947c
1659 97d69831dc5153a6
1660 62b8f80ad88e36d5
1661 b81e013601ffe3dd
1662 9efcad30cfbf1bf4
1663 abd7dac279f757f8
1664 cca45d0293a84dc7
1665 05d35d60c2bf8411
1666 8d0a43c987d76431
1667 69c6b3bff368597c
1668 12c7ce537c944e36
1669 00202e58ed2e6bc4
1670 2d289de137659416
1671 d6d96c21dab6da43
1672 4b9daefe50914d13
1673 011ec467876c03bb
1674 e89a2a96694b55a2
1675 d89822c25d6a9e6f
1676 09e281f6f296432a
1677 51918e0fb61bb5f7
1678 52e8270ecda60519
1679 cd9735c90bdb78df
1680 a1787098538b215c
1681 296e79a73033a285
1682 2c81caad977fe145
1683 6b7bb68624a99bcc
1684 6e0ad47ba32c7c19
1685 029a004b74203a49
1686 bae44ecf8a456f06
1687 7a877204efc27d01
1688 250bb7d3b6bbefd7
1689 8d0593b4d9fb9612
1690 47448b0ab2e1cfab
1691 0185690510f4919e
1692 94a8a14e7e108eae
1693 01986c784e72c77b
1694 1d58cb57685608b4
1695 00ee6a7453c46800
1696 51f57fc5abb651fa
1697 7d4c7e74f073533d
1698 751210cbcb1aa732
1699 5f18791c498ba47c
1700 bf9f54b32650feaa
1701 5b3c495ae28e0d01
1702 30adc52f834b3626
1703 826224247c226ab9
1704 b84981ad1ea94d8c
1705 5c33bab5010b2cef
1706 51113af45dba1a6d
1707 3d323301a4523dc8
1708 9db0302689cd31ec
1709 f0421ea3ade3c1eb
1710 7d69e4b966d2d526
1711 f25ab6efa539142e
1712 da06e2460bee2114
1713 ff1659f38000f159
1714 80e52666f1d6c5cc
1715 3e1e1399d0b8c520
1716 6b8826de2a6a7bab
1717 adb3df7356431ca5
1718 79801d0eafd352c8
1719 4222f7dc0bfde48b
1720 c02f98b250664742
1721 197959eb2b057b1b
1722 653be038994fc2a5
1723 7c1a0dd29b02cf8d
1724 c82f68a9a8232b2c
1725 b8f13fd32ac1be40
1726 28a42b55fc7ab564
1727 e0635947e8a06192
1728 bb10ad2a4b416e03
1729 3d54fbb86143e193
1730 d5cf4f2436cb80e7
1731 6db1697a4ccda734
1732 4df4e8b88667b21e
1733 e2954344517e135c
1734 53955380c307b416
1735 4182ba0211a76598
1736 334594e8c7d1f191
1737 d8c8002477a280f0
1738 a9da2ae76e9ecba9
1739 8704d02c056fa11d
1740 92c52c259dfc2989
1741 bf77a67ec6531d06
1742 397d7bb8101f1a9e
1743 214ee990ed825016
1744 38a59f956c2c357e
1745 6c17fcebd0b468ba
1746 bd471fa4da170049
1747 274944090872972a
1748 e767e4c00102b13a
1749 b255df18523e3166
1750 215f3a65a629679e
1751 6edb8e891ad2e567
1752 e0cd747171bac8a8
1753 e0fd312017e826b4
1754 56cad5b3eecafef0
1755 039eac37e3b0ac57
1756 9a140c63c7253ef6
1757 e992a1f13deeb8c9
1758 a47a9e02de35d28a
1759 aac7aa843cfe17f2
1760 fa094d14056aabc4
1761 9795df84538292a6
1762 ca69db0e4e4d2bab
1763 f15510fa240d7994
1764 ce9071bc1a26b262
1765 2da289d2329e21f0
1766 bc352eb1a58b9dea
1767 395db94d5166cd48
1768 919eac4d74409c83
1769 928f27e4efd71b43
1770 08c37a9a24553a37
1771 922f779bdb1f4644
1772 858f4e29745d47c2
1773 f79d396425dde5fa
1774 cafc2969475a1091
1775 4a3c8de2172223c5
1776 b09f0483e34b1ba4
1777 ef06fa5c97f079f8
1778 97e6a09074a37fbf
1779 1fa3a12c2fe91b57
1780 6f8a912491e439b2
1781 2162fb6b71a377c6
1782 d34a61b2991dc378
1783 b301d2fd587f50fc
1784 2f0023192555c1ad
1785 cad74b81abbd5bdf
1786 b7ec0af9fce6cafa
1787 2c2280f0ed51a41f
1788 72c7abca48846c64
1789 be670f7785d5c596
1790 66a970f03a669de1
1791 eefdc5b9b6b2f136
1792 323eb759872f0fec
1793 e639e7e46ad9e6c0
1794 3ada1614a8a283cc
1795 6c71c9b506454d04
1796 5bdc03bde38cf656
1797 32dfae9f0d4d6d53
1798 172c122839178b13
1799 082ea4392cc6270c
1800 ccc6a18a020aec27
1801 a2847de711702bc2
1802 b01c16f866e60618
1803 b7a68dbbf2530f82
1804 d992adcc94a72015
1805 353176c5e09ee4bb
1806 4d2131c77593c4a8
1807 6f54e97d548c0951
1808 74f7ee0fbf482b71
1809 30aa3a1ded288f65
1810 685f740c16a43ad0
1811 b3007bdae63767d8
1812 74e377fa97c2c4a0
1813 586684572b4f5a72
1814 b169bf4431d43eea
1815 011e588fe301525c
1816 e652380393586a40
1817 21a8270ff559a38f
1818 5f3258db65922c99
1819 ca8d78281c25451a
1820 5eb254b0c4fab691
1821 7f2556df668e57d4
1822 9627b4a77fca7f28
1823 2691759320cedb20
1824 a56f9b3207223afd
1825 90ad13481edbb4ba
1826 c9caefe625b4780c
1827 70438d38ef506afa
1828 81273bb46ce9d504
1829 c6f99b8152f7de24
1830 d14d3133c01a1a10
1831 50338d663788f514
1832 7634d254de00c969
1833 7db25edc7ad7b312
1834 2081b93a45e2e106
1835 2af31216be8591cb
1836 f6770710f86a76f4
1837 9738cc7bc9fa32aa
1838 a613947df4ffdf24
1839 4bb03a4578ff0243
1840 92a151a0faa23197
1841 244c734e183a235a
1842 c0f2659dcfced0e4
1843 dd68e78c1fe30100
1844 ba54b08daf807ed6
1845 0ad7b7b08c458524
1846 ea783c8acb520d98
1847 427d87fef0359617
1848 5812502f1442b96a
1849 f1e731d18b06a736
1850 922f29025c7bd5e9
1851 d49f5f7e80d7d323
1852 9ff57a743dd4ca58
1853 ea34217a27a959db
1854 d599d5f03935e312
1855 14d6585278032a4f
1856 2bf6b4de8e2049f0
1857 cfd9472143d5eb91
1858 c2c239303f24338b
1859 ec273144a771c449
1860 9a2b82982576619c
1861 7d4d403a38572e9a
1862 9a6cf44af7c1834c
1863 4033817d48313313
1864 344d2432f503efed
1865 bf29d876d86a3ecb
1866 71386e104a4d0c81
1867 197a49f05bd1db16
1868 4f6b62a3a7f218a4
1869 8f3505be27ee84e1
1870 5fa1fa693eb2ddef
1871 3f454b4aece97234
1872 961b628f07953173
1873 1c8b86815f103e2d
1874 6705e4f42205b16b
1875 ca1025e003e8bdcb
1876 df7e5738018d9528
1877 2297996b58659159
1878 3cc58191480b34f2
1879 056f4c0ac60482d4
1880 7773e4511aab2cd5
1881 fb2017a1946e36e0
1882 30f7db6d76bb0701
1883 075d2cea421add41
1884 79d535f96e200083
1885 ab9918ad7ea88373
1886 269009243911859b
1887 4e854d8c92809755
1888 35c8a87024ef3bd9
1889 04a8cc306f2e9d81
1890 8792acc899000172
1891 fa6d9e4c3c73e875
1892 be586172b28ec4ce
1893 aaab80c5315c68f8
1894 85a3064beef61a6e
1895 e03027e30b9c44ed
1896 ee2bd52f3e7d0f87
1897 a61e322f58384608
1898 8339c3ba3bc7d98e
1899 3134d0a1aa7d4dd2
1900 7ca12455220ffb7b
1901 5b1cd5236c2ab565
1902 5afc890623f7d71e
1903 52e8774a4345188d
1904 e70eb45b5297bf1c
1905 cf450d5b81d71f17
1906 0cdcabe4f8362340
1907 f1a170e3dfe229f9
1908 c028b8081a488c0e
1909 b97e42ed31ec51f2
1910 9977deb62d3bf083
1911 d8e13d863d15d45b
1912 abf2965a8581307b
1913 2fa92e288c11621b
1914 974de212cb1aab8c
1915 b0f7ee8059f54b3b
1916 07b29aeab10a5a06
1917 6640096eb6df8298
1918 d7bca4f297b0faf6
1919 fbfd531fbd6f5e5b
1920 1b34ede442df43cd
1921 19ea2241f0c03697
1922 7a762e3aa1184135
1923 41cebcdfd4a6da19
1924 b3cbb36e8063f0a8
1925 f26c65de5d6e365e
1926 13c15f15e8cd0a11
1927 5c418ebd4b700d8b
1928 4d6026126a8db631
1929 d29357f8837eecb2
1930 e977c1ae115ac661
1931 e27b0e18aed0df32
1932 d365cfa1b2b01faf
1933 05b8b013acb72a4e
1934 595d1a086863939c
1935 99d16a025c3bd6b2
1936 c8a68d33fc0290f8
1937 e3af9317341517af
1938 7acaac02b2da84fa
1939 8ede3eea34ded546
1940 09c1fc2c6ffd9f23
1941 f9dd201c664c8217
1942 fac4b3acd8f44737
1943 4d9c445080d4e237
1944 bb3b1145ce61fcb5
1945 f25aa0d68223760e
1946 2222ade38cf4c4af
1947 debb2ae1e345e088
1948 46b10c7e55454c98
1949 0ab8b1501df598e0
1950 ef6f2ff011061578
1951 7e4acadfd7f16212
1952 451a9ec7895dbb7a
1953 5a1590d37c708ee3
1954 90a2095402a9a120
1955 1200e4f915a0d55b
1956 31bfab16138b344e
1957 edb1bcca4a9b2ced
1958 e05d9de8437bde89
1959 5768d73aeb1bb5c8
1960 16233fc4a6476599
1961 6719e5f8d3f67ad7
1962 b050eef4af028287
1963 0398a5f11d90a5ab
1964 ba4773e1539937d7
1965 2398c75d130a1697
1966 377964d45aa25a1a
1967 09418481129e3d3a
1968 d19dd4aed9adf635
1969 0edd807ed56a9127
1970 5a04d7cc2dfd76b8
1971 610bc9f216610962
1972 9db3a06e9e0528a3
1973 04babffa295f0cea
1974 acdbd4e9600c2961
1975 4cdd1631e3fbe807
1976 62e93dd0ee33fabe
1977 2e32a3ad9ef64214
1978 fd6888d2a687e218
1979 d6ea6bb80f3ac13d
1980 130803a30be3c940
1981 fe98db6f598a6fff
1982 ee573a932371e1ab
1983 d254b0547793cc48
1984 e21001be7a37af29
1985 a2151eee16700ceb
1986 545a43a959931b3a
1987 4f9a460f3c1a1e4c
1988 b7d9444ec58383f1
1989 0a05122f73443060
1990 e41e6d5c1327b4b4
1991 1dae46e72cb43fad
1992 c6f98335e2e65d57
1993 f3c3b3059be7fdbe
1994 15b03c75299a8c84
1995 2f736c11e724aaa6
1996 15d84ca9c09d555a
1997 bc64fb99a70c51da
1998 797b2ff632c5b4d5
1999 171dfbd8d539e345
2000 1d6a5b80c1515f76
2001 400a7525f7e35f6a
2002 d8778495e6791f52
2003 ae97aff238dcdb8f
2004 e1b4aabe047bee96
2005 0006758bbe56b168
2006 9294f853e02388dc
2007 0a9cadc701e7900f
2008 59f789a7d4c5c8fd
2009 b7a8a0b9caca9fb1
2010 d742b40d6a68ce41
2011 48fff82657e00119
2012 4dba74d06d042bfc
2013 77bc73d9a8f53660
2014 f208c010d5507da8
2015 79e1c0a0ca53f351
2016 7042ac8ec45103b9
2017 c22dd658615d606f
2018 be7991bbd2b834af
2019 c76e2f05f6c15de8
2020 fdb331d642b6ea46
2021 d640c5dcc1ec2b6c
2022 e439db54730ad892
2023 b54c877eefe3c65c
2024 57e527bf0a4c196f
2025 de7338c3eaa865ae
2026 9c1a67e304026dbc
2027 5a914568e37b4bcf
2028 6e02f05c9e4ed32b
2029 05daf9e5edbc34b7
2030 b9ce9c5638fda184
2031 550136cd2698fd0a
2032 8c183153d68c8ae1
2033 0515a380db85f5f0
2034 ffcb6cc3b475d8b8
2035 b948d5884a4917df
2036 a6da99cab0433d76
2037 4bc16674289e01f1
2038 2944aa5ea9fae914
2039 6481a594f34ee4f7
2040 010e9632a8f23e88
2041 bfd8f88ca900116d
2042 8a9e394dbdd52df5
2043 19d705c25fdd6463
2044 1b827d724e375dcc
2045 8e9607575b34ddf5
2046 bbb17c54b89385f1
2047 ccb22e5e079bbe3f
2048 ee1ad11b0ed4b38f
2049 bb446267b1489894
2050 c145627ae8d3b9f7
2051 bdfc2ee46420b7f4
2052 425796b0495ec2e9
2053 e94f74b96253982a
2054 b8fb271037ef21c1
2055 a06739c34a186211
2056 1cd8faeec2d9fc5d
2057 3e977c485ad48076
2058 efd5160cf946addc
2059 225c22c1c86fcc27
2060 6e65038dd1930573
2061 84faec38362ab9da
2062 465e81202b2de6b9
2063 3c89662d74dced3e
2064 4ef3bb9a0061c7f0
2065 048a4ade1f460643
2066 6bba0af995fc0064
2067 3a425da073a0cb43
2068 8193d278bb5f337b
2069 cef2bfc1c2122505
2070 12a0a787b2690990
2071 ea0b654d3cf78b77
2072 8d16eccc7941f884
2073 db79fb31c12720d0
2074 30ca97c66d32c596
2075 b7c0d1fcb4546bb2
2076 df79c90e06a2b776
2077 00292deea3e12b74
2078 8086288811d3e75d
2079 890b38029079a07e
2080 31632a3160fe15ff
2081 819bcde65cc44b05
2082 9b9dcf02ec38e734
2083 ff0631934d730aa3
2084 767f2f9b8ff46b69
2085 b95075164d393b0b
2086 16b8a20b235ad6c1
2087 e8b5fd256dda1336
2088 78c59332a71ea6b6
2089 cc46f9f49f990400
2090 76be5e99d5968227
2091 7460caeadacf567f
2092 21ac4789409bf9a7
2093 209f1280826e3684
2094 5e3a148cfd25f26d
2095 75b1c4682d61da7d
2096 aa6b78e4762356c7
2097 6bc7457123344a49
2098 029fded4e7cd65cf
2099 b8ffa30e682f3097
2100 e6905c8ad9c2ac9b
2101 f79f9801ba21de5a
2102 640d515c6d4e4a28
2103 9f5dfdcbdf46e8c7
2104 922710814a256504
2105 5af2aa38f7ed8fb2
2106 486c77c426249a53
2107 64d463fe64c7da33
2108 a2d9d7cb311e5d82
2109 d368f8321a853e60
2110 7581096894823095
2111 986119a9739c85eb
2112 b72c0a8090c48fe7
2113 783316ff5ace0eef
2114 6097217734a9e5fe
2115 123a0629cb820143
2116 3f7beb2842b5f4a2
2117 bf1c46e8015acdc8
2118 0a6b4bc6ecf6a6e1
2119 60f6c3666803eed2
2120 4776bf17061fa4cb
2121 e42e6fe066a3bc86
2122 ecd558801183bc71
2123 22c8f3c243024d0c
2124 c2fab47e41eb62b9
2125 ceb08f5cd2b8f963
2126 2e597e6176715eba
2127 d4f16f28a86a34d9
2128 668137da6a14bc7b
2129 f39a3d3818b49e25
2130 419f716f2eaa097e
2131 ad448b19558c1a0d
2132 2aa993c954ee4f7d
2133 fa49fe85f5a08037
2134 f6051d96667f251d
2135 0651d0a94efd45b5
2136 16627d27df850ce8
2137 13c38395751c62f3
2138 1b0f7da73c529ab4
2139 2228940a7430bf55
2140 c9e58f1a23a767bf
2141 73b9404b5f5b1252
2142 0b86da5ef1c5f953
2143 1af76c2f4a15c0a0
2144 9bf164ca893da6db
2145 c5cbf4c23072245c
2146 cb7aa2d5a382e7a1
2147 0eb3d7e4401647fb
2148 1baa74bad23486d8
2149 ce5706571b22a76f
2150 e37e4df3ed81c8ef
2151 9e021292f9971e62
2152 5554bb043d279768
2153 98b28314ef21d43b
2154 672494790f07a5a0
2155 25ad70f63041b8c9
2156 9c4cec63036623d5
2157 869b62386896d47e
2158 72abdb76696d5114
2159 442b70caa83c6674
2160 ef546eb32519b318
2161 801e2c19d5693945
2162 3fe8bfe533fdd17c
2163 889bc4a2703a5b97
2164 a2860929a24f174d
2165 cd1caf91ecb19189
2166 b8bbf0eebd6db7c5
2167 55836122c901da44
2168 ada9236b9c40f40d
2169 7dfe2757a2f41cda
2170 e0ae57dbf4c2f48f
2171 027c7371d6a81f2d
2172 75c8d812fc5bf40a
2173 e5d3cfce3dd9f0c7
2174 0f34c6add9d2a08d
2175 a0df3406ed85a974
2176 83be7f612882d113
2177 31b19d436bf8a7e8
2178 9b6ed331f90b9758
2179 15782e4ad3d57bdb
2180 7439587a6906778c
2181 61d962c68b210da8
2182 a618a27a46bae5d8
2183 278e6760774524fd
2184 fd08e2ad470e515c
2185 aa242342e5db57d9
2186 4075dd297f9f0c6b
2187 bacf3ee648e0fb21
2188 3689e1dda1c5f447
2189 1c059f8ab6aebd44
2190 162305c0d13c3b3e
2191 3a45f97a4ac2742d
2192 4ed6ef82005bc629
2193 22bd6275fe2d2b51
2194 19fbdd123e1ab9a5
2195 18d655dba5528103
2196 07487d5ee1898c13
2197 88b0ae2612dc3f01
2198 880b82d6de8468f0
2199 3f9bc4e0cb3d7101
2200 af45754726a68125
2201 e9a119dab192f6d1
2202 71c7c0170fafe67f
2203 91734e0c4df9868e
2204 449b0b5e748e4216
2205 bc476d5f1469bae0
2206 aa7a6d6472d417ac
2207 19844fbed7f04cb6
2208 31900cdd48bc0227
2209 72e7f5b2edc63646
2210 717ddd01f299bf2c
2211 01b270b46f930ce1
2212 688906fd799e619b
2213 49136f31916a7979
2214 f8db8a0745b4e8e4
2215 a392154cda4c0919
2216 d6651cf86d14ed8e
2217 8b21a824ca4c6806
2218 97847bf68970f124
2219 e510908d35b7fa3c
2220 9dd2db43098d1655
2221 877533e231068cb8
2222 9766c9b62a399276
2223 5a1b98b7c26e6fab
2224 ac5ca8b4551c62aa
2225 4b91a721eea84c9a
2226 14ee783b03616456
2227 ba1cb0e95affae75
2228 9ce87ae3caecdeb5
2229 caa464812e3235c8
2230 49bd953d3988d6b7
2231 0c89448dffb7fa26
2232 8f1004000086ed60
2233 8c4ad55e487a45aa
2234 029a9ac76b8040c3
2235 f495441c73ea0204
2236 3a3b928c47362201
2237 72effc8a94d72c4e
2238 d387354f03079565
2239 4f5b38f20b1f5447
2240 c6596108ddb6170b
2241 7186415d2c82a8d5
2242 c741c8e80e1a93de
2243 c1f101c294b5df8c
2244 ae6c2a97dad375be
2245 d714034f9c271356
2246 834d7349b5612993
2247 35796a46c5746307
2248 f4f818112e964bf4
2249 cc1645db811d644a
2250 80941851365b9c7c
2251 80fe85bb6802e7af
2252 ea50d04b25ec5c34
2253 e5c54928527b2ecc
2254 fab2f236961a3855
2255 06981ab10e6f4167
2256 f1c957394dabab16
2257 c4786bc9affc7fd1
2258 aa91cc03402c0e3b
2259 7c2fa0d4fe19e7d7
2260 cadd0370b366ffd9
2261 fcba7c3d33ff89b2
2262 9224a5f00237f61a
2263 3911468e98aa91e3
2264 27ceaf0e16c718cc
2265 2eee1f92cba81092
2266 3df072cd8f450349
2267 a5bfa975ca4d6ee8
2268 c7b8484e5276ca26
2269 f236b0f526c2afd9
2270 d524e43a480bfffa
2271 e77a6698c7f5f2c2
2272 29f89dd7167afcef
2273 7c3e21450e89e501
2274 e213c6c9f3eb9e29
2275 0b8556fcab60bf9b
2276 b619f902402cb44e
2277 4d06705ca08cd01a
2278 a418767a639240a1
2279 e2e6075e07ccf2a8
2280 cf07a298e26a2734
2281 9d9ad5621e19c9e7
2282 99a3eafab0c13323
2283 4c2182e7b6c1846a
2284 aeb8fe228b94dfc0
2285 0c89cc1956a7d525
2286 6ebec16f2f3b9037
2287 f5582937f0ef8766
2288 dccb534c707acad6
2289 6d841bc025b033a3
2290 5aaf6de63653053e
2291 38fb5f9bb4877137
2292 8773872c620a3df6
2293 c94145d5f3bc90ef
2294 d9406ee0a2dd4259
2295 411b1b1e480947fd
2296 948b56e3f43e93b1
2297 5ddd7b38bbf10478
2298 ec3df60607a3e8e9
2299 19c67e719da47285
2300 e34d931c2018d49f
2301 e854765e24ed1d8d
2302 bd7a097cba2a3d33
2303 fa68b930dda4f656
2304 01e0fbae70be2f11
2305 4d72cb8e1abe5ce4
2306 1151c30a20fa15bf
2307 05e9a170a52eb8f5
2308 3c2518b97ea24993
2309 8ef19cb398b3fdd4
2310 a4afe5eb3fba2fa8
2311 5a78c2ccb53f4754
2312 0a82434f29374bbb
2313 380d8771772cc740
2314 9c86a9c7080a08a5
2315 e155d5932e973004
2316 3f94f86717e3510e
2317 86deafbc1ac1c4be
2318 c422e89452d846f9
2319 1695965888883db9
2320 bd802119d7cf1807
2321 ca0416e4a6a1fde1
2322 923b91ab26be3b56
2323 5fde53adb66f0f70
2324 5c33672a46759499
2325 fccc74e4cdd204d2
2326 0586895b05fe6116
2327 f2b4bad3c3b53f67
2328 2d976796795c0ccf
2329 54004d7f09896b81
2330 92af9932ed746eaf
2331 621cee40fad2d6df
2332 27310995c3d6524c
2333 6351e8fc9a50e3f0
2334 eab006e0daf75785
2335 992f94bdb998cc30
2336 8afbe605191bdcfb
2337 67cac17647419331
2338 462e28d58e409279
2339 e46e36a35f036e77
2340 959107c9bbcfb36a
2341 e98f37fa36917d21
2342 130e8b3edf9274f9
2343 36c828012329de5f
2344 353832b33ef417b3
2345 f99b37765b5f9809
2346 cb5799c800f1d231
2347 7b77d584702c28b3
2348 d49d26a5b14271f6
2349 e84b601e54210596
2350 633ef93f8e7a113c
2351 92c5267965d66c18
2352 c8be1a04266a12c3
2353 8b32183d123bb228
2354 a3690dfb2b55a617
2355 bdf68439a106622b
2356 87da379baed141a1
2357 5c2cb0662e40fc39
2358 3b4a5ad568d67226
2359 d9d809d037b6a24f
2360 9f6b4f3f7971d5df
2361 f255100332d6c34b
2362 6a25fec60eee4413
2363 22ef92b90acb449e
2364 7742d402af7f934c
2365 24be652f29b85da7
2366 8b9ea53cc206d36b
2367 20e63009e7cb7d99
2368 2f04badb6625512d
2369 a0117f42947d3fbf
2370 77353dc0cb2d5787
2371 c449dc7c2bd71524
2372 67e101bfc9802232
2373 fa790c4904ebed98
2374 90d18ea839d651fa
2375 8e43276e90a65fbe
2376 34d74ac21ec56c2c
2377 3f3581b639048d68
2378 3b1dbf21e2cf8108
2379 b99753e9f19520ff
2380 48cb5306940d3891
2381 d4eb5adbab02f65f
2382 3533b33724ad7939
2383 08bcad2bca0dca58
2384 e1effd794d65f864
2385 2561f0e499659dfc
2386 c47344ee5fff095f
2387 a0e865ddcadda88a
2388 4c4edc8dd8ac533b
2389 b0a39f026a899a8d
2390 877ae160b52f9a40
2391 43a493066d975b6c
2392 c2b79d072e545591
2393 a9f284bd815897b2
2394 d1579afc0e1e99c6
2395 e6efd4d7f8fe799b
2396 3e209ebdb17914d3
2397 e257226705198570
2398 0d432c7f89cc2815
2399 93c12afbaf32b3ad
2400 e0ca1d7a192822e2
2401 35515d5bcbd1b890
2402 e0cdea6ba480d2eb
2403 82b8ad344c428f13
2404 c2b7c3137faac9c2
2405 232560cb2eaae769
2406 8973066f110ade58
2407 34bc7749d6a8394e
2408 fbc00a3f25390219
2409 2aeee1b6b5d69ced
2410 21218ce814ae058a
2411 aef2be39c9e92b3a
2412 ef7ac962768a0cc8
2413 c97ee12aa0207e5a
2414 3e287d5aae008b83
2415 5b39ef08b85aaf81
2416 440f466241684676
2417 228881fc41be1334
2418 b5bb3752ba27887a
2419 0c7fc464030e807a
2420 aa515358bf0263cc
2421 d883bab998782b70
2422 8aeca629a7e3ea60
2423 c561ef77e7c09305
2424 1e03702cc4c5cc50
2425 6f8f5fbbff8c0b1b
2426 698541388fb71e28
2427 dbdd4e32c701e19a
2428 9bf4a38b36ede5f7
2429 7acd3b7464383c4e
2430 c0c8fb38c1a15217
2431 3a106b53159ee5b3
2432 cc00146fdea96663
2433 a84d093f6c7ced69
2434 cd300ad26bd33192
2435 ffe03d889e665d97
2436 6a0b0c0a74089e91
2437 4d4a8c9d05401deb
2438 6e93f1882a8f3421
2439 2c5985d5003c0949
2440 0bd8ce9b29565dfe
2441 4b550c8fd292c7f3
2442 b481fee55e6dfcf3
2443 01438a172fb0f47f
2444 13cf2d5b3d594b6b
2445 af1fd35c40124a69
2446 cafcc44f4a83c751
2447 5cecc6400ba35547
2448 288237b8df962b2b
2449 d744788585736841
2450 642765dfa5719858
2451 81542b121b88e454
2452 50e0b7d0d74327c6
2453 ec83de50e3db5c66
2454 44a29a9d2326a881
2455 047b7cb826b2f65b
2456 7e3b8b4cad6bae40
2457 7d9b7ea944ecca44
2458 b469d51084cef47f
2459 4cbde759c71aa22a
2460 d483156f4dfc05ab
2461 a24b9daecb48fd0e
2462 a549487024fa8818
2463 abcd6e6e0218c785
2464 d3ffcfa8817d044b
2465 636f61e817993bef
2466 212a459091885bfc
2467 f7108dc6cbb8f630
2468 cd4b49d886f8ef6a
2469 354275eb6d66e79e
2470 5108e17abfa2b0e5
2471 b0a27e99c1a419a8
2472 7b50a07a1163a5c7
2473 8a8f6deeea4550de
2474 85b27f342ac9d2ef
2475 e2f96b9b6ce33922
2476 9d91cb321108fd5e
2477 e16f842179fb3306
2478 7892cb651412bafc
2479 d496c6871502ceaf
2480 0af267d0d77896d2
2481 69fb6e4bf7fc3836
2482 7babaed7861081a4
2483 37445676de21ded2
2484 0c150ec3fcbffe34
2485 01e3d734ee9c6d1e
2486 fd7e032cab50ee4a
2487 a46bfcfe9c9df5d1
2488 cc4dcd1d55cdc07b
2489 04564813ff4ba735
2490 d8af7b0911d98673
2491 61a4d1dde4bad298
2492 2900bf229aad7c4c
2493 e1b17309cf73b179
2494 43007e6b5173504e
2495 9b2f2070b56682c5
2496 5348599e76356cea
2497 10c00214ee5d8d23
2498 67f5bb2935987359
2499 ed648955131e338c
2500 148f0d457f1cf010
2501 f672a670968036a6
2502 47cab96a1280c934
2503 da3202e48d9130c6
2504 694eb852735b4d45
2505 145c38faaca63992
2506 a222b8cec08a2dec
2507 5f913b7846d1d79c
2508 b3482faedf1da0c5
2509 59a00d574c44b334
2510 664fb03776e2a616
2511 090c1c8920c3dc71
2512 968c21edf75365fa
2513 81f602f7bc6e710a
2514 a0ada9b4690c2fac
2515 54c841b842b61c84
2516 f214d563c2cd66ae
2517 d056c14a87a9efba
2518 1d4fda2ced77d393
2519 7f31bb46fbc4fd4f
2520 1260c3ccf6e71f2a
2521 bd0621995da26fdc
2522 aedc30bc7f8072a9
2523 8e9feb44c15841f5
2524 ee4483c0a947a0d1
2525 7e0a2c7c186026b4
2526 3e0bc165fcce3228
2527 ebbdcdde714471a2
2528 0cdb1adc81a9083d
2529 4a996f93dfaf71c9
2530 dc3da6b90b939535
2531 364ca92b72ab79c5
2532 2a484a369fcb8ed8
2533 11415c3202eaf084
2534 ed853dbcdd7a1321
2535 eccb521bdc921725
2536 214e53c43cd40014
2537 e6bd9896e28dbba0
2538 396fb38559cf2bf7
2539 a48736cdf6cc826d
2540 75bce07ab1e24027
2541 685b3cbbc5b4afc0
2542 478db2cc211d788b
2543 cdcfb6fd59166160
2544 5f77bc91dadf52ad
2545 34cfda4bf54b8c12
2546 61ce096fcd614f81
2547 8f88a46862b2a274
2548 170ebcf7eba4eaa6
2549 36208c7564c9a710
2550 71c94aff81ca74ff
2551 b8d5b1d27fa38fb6
2552 d5c004e4697e7cd7
2553 9f7fe623dc6a6a39
2554 68154ddcc94461f5
2555 50c050950326e9e3
2556 77c313ac2642389f
2557 37a1ee7a0b7bceff
2558 9c5ee11035797ca9
2559 189d6813b8551673
2560 b82b1e334b73824f
2561 bfc6acfc1a82a180
2562 4ae1376be9fc08cb
2563 00c98576ca2b8f10
2564 67387a15ba51d12d
2565 aeb2403010369716
2566 f94ea62ef744fbda
2567 61e15c12e7902f4a
2568 4c766854008aae58
2569 00f05a59f0dd09db
2570 64d7ff6fa718807b
2571 928111ff33c10866
2572 23e09f6c4889869f
2573 d68f0ac37a0c0a50
2574 3dd9a1ba7d8df154
2575 29aed19550e850c8
2576 2deec1f1ce17b954
2577 ff54ac6de43172ee
2578 c7fba661ad1931ef
2579 0b862928a86d8685
2580 54515848ab102382
2581 c5a5f3ca9837f30f
2582 63e2f542f092fc5b
2583 55954a6e49d317e9
2584 9eb8dab93b19c6aa
2585 67fe3811a8bfaf3d
2586 b8bfd66fbd5e5e85
2587 a30c25c3d08758e5
2588 cbdb6045e6a4fa32
2589 89192426de2fc593
2590 c17eaa7c85c34fc3
2591 77b564acc26e3a39
2592 02cc86111e15f3c4
2593 a8ff84db3068fb41
2594 c83eaf0877f7afef
2595 2c6b334b822007ee
2596 8fcb20215b1832c0
2597 bc3750272348e5ce
2598 db3667b3a6400299
2599 32d44be16ea5a2e8
2600 c2109e6ae04f538c
2601 91fd15e041215bc4
2602 469bc354256bcf06
2603 a79488d90e413327
2604 4bd9ce213e72d612
2605 bc698a340f9aa3e6
2606 c4ed9965562f66ac
2607 eccdf9ff95db9390
2608 7d32fc613e48da18
2609 a9c8311b2362e1a6
2610 49a1ce70c5a3c601
2611 7dd560c7c659e76e
2612 85c53ce88fde3bc7
2613 8d0a853ee3aa584e
2614 4304dc245e35abaa
2615 276bfd7a9e14cbe0
2616 cd34fc22449f34fa
2617 9d3475279a52a0e2
2618 ed5e7ee10fecb51f
2619 ce49dabf3c136bb7
2620 5f0255fb862b2c7c
2621 8b22a5b513df6199
2622 4c9ecb1bf8e63660
2623 10dc7ea6265dd4d3
2624 3c999948dc8ef1ba
2625 7764529684744b9d
2626 bea7916d8bb9d98d
2627 723e92b6a6b95fee
2628 7262175be2c52d62
2629 9d3bab476e65634a
2630 8e9af833653334d5
2631 b9603256728ccb24
2632 3f1e4bf598918035
2633 3d2fee2e7f3ccfff
2634 f1f32ed8238c78c6
2635 9b8398fa1ada75a5
2636 f6e5e2073024907e
2637 28dd49a375c794e8
2638 401aaadc1e6b178f
2639 16da2b9fbd730066
2640 396286415e8ed378
2641 4f193b26c6d184d9
2642 387f8d76aed67f13
2643 2eb097a6741128db
2644 bebdc15207cb9f15
2645 d776a1ffdf0f36a4
2646 9a4a490ffd23da09
2647 d6c11b876169106d
2648 4157d2cb8a08a717
2649 b99cf607d39c2175
2650 c95f61a06c7d176f
2651 c84c8e63530d45c2
2652 5959de8513987de7
2653 f2a647533ad591cc
2654 1cff69ae66b5516c
2655 99701ffe9bdcd3b3
2656 254d95eaff48e7f5
2657 52088d3ee4214306
2658 f88c749704fd0e08
2659 9aa2fe9cd736afb4
2660 cb3d808351b40f3c
2661 a7ea337068d7b5c8
2662 199e80643e5e82bc
2663 5e365d2f0f4bfbc6
2664 1c47a7ef073b510f
2665 87fd96cb22b70e25
2666 5acd78521677242b
2667 92eee9f219bb3a4a
2668 a138f8682fcebfb5
2669 d6efa8efad6146ff
2670 842478f8fb9c7c3e
2671 6b8ab7a5d23d2187
2672 7157f6b23848e1e2
2673 5c1c9bcbe8876dd3
2674 dd58efb1ad2afbce
2675 6e1fdbbb51882b36
2676 e29f33e34f0884fc
2677 8d5f4ac58bb5508b
2678 30a0c80894a016e2
2679 4f9de48215d3b9f0
2680 3fe5f24de3b949ad
2681 4b5c2be6808ad386
2682 9f5b9dee51dd91b0
2683 98c373d4e8c4a563
2684 8a29d900d0b4af40
2685 bc54be39638dc26a
2686 a377eebc5196fe6c
2687 6c45bdd11061dc0a
2688 b526b1d2b7faa6c6
2689 d8f5a333eca4db12
2690 c37e86b98f3b3019
2691 926387346af01b94
2692 5209c6a27211d8bd
2693 2fb895c0a4e26e76
2694 6a061f3058030074
2695 e61493c891951381
2696 e2b592910729c240
2697 28aad183200488c6
2698 fd3b94b0aeed99b6
2699 acc2c5b135744851
2700 e8b9b53e7936399a
2701 bc81b64c26a0350b
2702 329209f6e3c993b4
2703 77db7110c64d11a6
2704 750b3c28dd0987a3
2705 46d82c29102e7039
2706 25419a15d244545c
2707 4ebba772501a7063
2708 c7e00d3f490a9c1f
2709 79944172438c3b9f
2710 127557da73b7d540
2711 b3443b0eb45ac9da
2712 0494585a1e777bbe
2713 82a782e7bd9be33d
2714 39f86bf4826a931f
2715 d9b83ac3fedbe9a3
2716 d13bc1873078f6b4
2717 cc0f3bd112e544ef
2718 35e3554921bd403e
2719 477f9f6b692c6f0a
2720 4c78d1b27c1e2920
2721 5ca280f27bae11c0
2722 cc53d107a9dc7de5
2723 c985f881302f6289
2724 84ccf9d104cbb007
2725 2443eabadd58d193
2726 bf0e54256c63bbd1
2727 12eeec3011e77414
2728 330a8b21dcf02f5b
2729 a7bb40065a81d26d
2730 6139fc89436cc429
2731 0a8927fc2376e3ec
2732 c0f8974d24cc2ad3
2733 b98b7c5ff4b6072f
2734 76bd6d442752e925
2735 850ca3d37c5e0e5d
2736 5c049e9b209ec3b5
2737 7d626c8f47b134ab
2738 24d8e2c72bbb3a6b
2739 84a40ef302214f5d
2740 967029eddaa2e460
2741 f1962d8b19e89d77
2742 b07f116109922405
2743 2c21361676782650
2744 68e12e0e67accfa6
2745 7a12c1520b7e4260
2746 d337f7b7565e9a61
2747 54ed9c99d87f7b83
2748 bb22ff4f3a8e605d
2749 9d15a7366875a398
2750 2df9c963af2e4cfc
2751 39566498926e8eb3
2752 3d915b699661f0a2
2753 07db0203818f4b66
2754 73daeb43ee89711b
2755 3a83a2808fd91c6c
2756 0da8a307cd89ab61
2757 c868cc916a96143a
2758 65388aeaf5c67b4c
2759 b450ca98121fc5f0
2760 cbfe917d9c4baba5
2761 567b9cc7d9bdb368
2762 28db5a1d4e97f26c
2763 3a8540c2da2862b8
2764 d4f285950b835051
2765 e488dfc5b0eb1f3c
2766 fe048b118e2a221d
2767 031469f1ae466200
2768 9a93b7d48d499e19
2769 6bff2f5464702282
2770 50f21125f306eefc
2771 71d64700d2159016
2772 2193a45630715851
2773 d9987b39c8c72d6f
2774 64014407c8fbc064
2775 a4de933ad764df5a
2776 0cc10f4fb8734ae6
2777 8a37fa60f581970e
2778 e99b2ce8cc00c282
2779 172fac77a1130505
2780 14deecdcdb126d7b
2781 782ef9ee0df71137
2782 9215838a49cab228
2783 8083845abafd4559
2784 3250a5b5c30f41e2
2785 c2a1ecd0e26bc10c
2786 1455567e4705c5b1
2787 cb445715762d9afa
2788 90ae6c24e2d265b3
2789 de7aff4917f0c9de
2790 a11a8a2be5630042
2791 a43ec332748c631a
2792 210542ead0c359d0
2793 156edc4c2d08a0a9
2794 aa903d72bb2576cf
2795 ef0cee559b6ab0d0
2796 5a3b3f7b98ca3423
2797 c5e00853a7be0990
2798 a53ed85311e4674c
2799 db34948bcb01bd1e
2800 4e939a108338aad8
2801 b8c6ea24b066f341
2802 3fe12b9a17f678ea
2803 7c81bed77b1e8ff8
2804 911d660ceb6073ed
2805 4f1419b043611c51
2806 66742d02ec73d450
2807 41a487cff5056140
2808 98165eef3d7c3513
2809 885ed1f3a8a65321
2810 973e4bde1aac6f5d
2811 c5cdee5467203931
2812 7eb7cf5a7798d8c3
2813 19597a86363edb85
2814 99dbbef47b9a6a2d
2815 949a14ae72d643f8
2816 532d06ad870b589e
2817 68bcbf1af8c986db
2818 e3c587cfb82e038b
2819 4c583d02403b0867
2820 44e8afa11db873fa
2821 6b721dd9e9db7baa
2822 364c70c9b148fa88
2823 d10f026750021d04
2824 195550c46b74485e
2825 690571203224f116
2826 a04b09ea2f0c5bc8
2827 2d64b4713e21c57f
2828 2b9dd0386c7f4c47
2829 fb3f005a307b2c75
2830 0f6d6775dcf0d8be
2831 99edced0e9a70105
2832 86df7ec6082d9a3f
2833 0fa30c94b56e79c0
2834 ad092382d5bd4aa7
2835 db2f514dc7950e00
2836 0625ed575beb9398
2837 f8eaf2e85a2fcfae
2838 8092b8ee4dc236da
2839 2b701f16400fbb6d
2840 4c0ad51351cac6d2
2841 5bcdd2d5be3b0692
2842 a337d37ba1d4b222
2843 53acb2ae9b218df5
2844 4833e6ddd4d22f18
2845 9bb8e4160994bb72
2846 3dbb37f66fc61900
2847 5ed87f841b8a4748
2848 bd3b3cb3398d9410
2849 f843abb2c5786afe
2850 7714f6fca22c576f
2851 4e712025f72a2b7e
2852 7b364bac8eea2023
2853 52cefa0b336dcf19
2854 ee8b3696fc91c45e
2855 cfb1a6a0aba29552
2856 92b45d5c682ce224
2857 3ac923e3587a60e7
2858 481b2156e76e18c9
2859 bdc02ba694123239
2860 e9a68cb7083d9f79
2861 d48685168a77d86e
2862 eb1508c2a3964e02
2863 7efbd833d708b174
2864 4632b34189d86bcd
2865 d17380511b55ce22
2866 d3bba9c46956994d
2867 33fc193a854119ae
2868 7077b35cc9e03698
2869 0a4f9ff4ff1a6a67
2870 6864fbcb8ed48157
2871 380a151470107fcf
2872 0da1b16122df9cf8
2873 8e7d9337e67a63c9
2874 966124ba38dbc63d
2875 e91f78fcbc9a1cc7
2876 6324c2d595d3c2c7
2877 ad465871abbdab46
2878 afe0ad4cae448355
2879 9947b5d7723cfe61
2880 eb4b85bbf946d778
2881 34d065f7e4b8a55d
2882 b0a03c11be4cc92a
2883 ee07d9582cebbfcb
2884 82f3223f2ed3ea62
2885 f6c5bbfd545bc892
2886 a9f04a3b5c2e9411
2887 92fdac7ca80dc92c
2888 dc23195d49d774c5
2889 d34bf79a066ad13a
2890 c2c6aedc0bb563bb
2891 93b216eaa9fa4663
2892 5dccdb2b48275738
2893 c139e3c020e00ad2
2894 a0adf7896a3034ca
2895 9dc7b7efc0a35809
2896 f58cece4b92cf060
2897 f90a804386a4afd8
2898 bdd2ac319bbf4927
2899 7a205f1c7be62eb4
2900 10ea4d3e27f01f20
2901 9f4de4c4c0cadb88
2902 7b741d6a923f6531
2903 64b59dbce3529288
2904 7f822b7bf5ac00ed
2905 0b209437382e9535
2906 8beadb6d0688cb95
2907 7c072ff07abeada4
2908 aa1a7dbfd73b8556
2909 af15871e132bf473
2910 2cb1e8e4d3f3bad2
2911 5dad7be1af5979b2
2912 5025b8fa620d8d64
2913 7b31b3f855a3f30a
2914 8dffad1c82d36acf
2915 a2923e87e62ebaf5
2916 d443628dcb7dcabe
2917 ec92ef92cc73d786
2918 d46ed166a791cafa
2919 d08db552600fb452
2920 bb68d95ca290ad84
2921 ffa4bf104550eb2c
2922 bbf5b0b0f43aca68
2923 d1b858d6cc6e4d35
2924 d92967fd81e247f5
2925 6e701450a8861ea3
2926 ea77669e7b6860ab
2927 e1069a4b6cdf69f4
2928 85ffc3f3f21eb893
2929 2836f9829a91025c
2930 add4818d78e885f1
2931 429c4bc87bad4c6a
2932 98bb97112bd33e64
2933 2addd91af6a013cb
2934 5f54e96b443f194b
2935 13487379548aca7b
2936 421d3ce18ec28537
2937 8e381c18c7bdc3d6
2938 90175acda9d39c3b
2939 5114ffc0dbcfa9e6
2940 a61e7c37329bde89
2941 2ea66aa3ea234e80
2942 3097bcb3f0c88d70
2943 085c7ffee7c4858d
2944 ddc2b8ae5b42a274
2945 92f604c06c7b0a65
2946 c016bfbc3e0200c8
2947 39170c00438417f3
2948 f0d77414d3e7b8b5
2949 05fcb52a73c18312
2950 9b6230c00baf94ff
2951 cc7502cd5d28897f
2952 19d09894002e1576
2953 c7203fb719c96d25
2954 3b41b93120986a6c
2955 cfb3746557285465
2956 8f1780e5ba551827
2957 fcfdfab4db09e815
2958 10d84bab623efc1a
2959 57b7c2be2349e235
2960 ddefa2329589d293
2961 6127cf28581fa4c5
2962 195eee04409bf5cd
2963 c0b3f1eb0eb8f62c
2964 93ce83577c5e69a2
2965 7295dc94e9110dc4
2966 34e3ef89d9489221
2967 597dc2fce793e738
2968 c726eb80188f8cf0
2969 9fc872aadcab9ed4
2970 d977ace1d220ce1a
2971 3e29496ff83c8dd9
2972 c82d0afd50d3f13d
2973 eba85e0a0bb19bac
2974 16fe9a861b7fe4d7
2975 661894513d085454
2976 b9ea61b593faed9f
2977 3308549adb20571e
2978 0a6e9e571eacaa69
2979 9709975701ca3209
2980 736d9d541f63d129
2981 b4c7b7f56a178e16
2982 03909e16cca3bca1
2983 646df04d9bfb67e9
2984 ae7dc37900387605
2985 abc4f8dc95e5ad6a
2986 3e243af9695fea3a
2987 99de3fe542718813
2988 a2632853101dbb1f
2989 0f4d31e4cb1aeb7b
2990 374605131ae8a61d
2991 356d4a7623750cae
2992 f6af95b80a79dc64
2993 d2bbba92a4997313
2994 13637ebc2d8d8cc2
2995 f071132ceada881b
2996 2a3f3d9967a7b372
2997 bd751103d4b6c061
2998 9d78f6b18dac2947
2999 0d4423a1b3ed3a37
3000 c294895598e1d6d8
3001 23ab1ccd14013dca
3002 fc02a773dd3e2904
3003 befa8b74a817c294
3004 dbbdae7e0fb61ddb
3005 2dd88b5d2ee24fcc
3006 2472eb2be2a91fb8
3007 f2a609f395059991
3008 7aeb8633d0883bca
3009 17f616c7333f3d93
3010 5e46597d37bb248f
3011 1f8911cf7dd295b7
3012 5d0bc95140c0b68d
3013 f63353010abcab23
3014 4e6d6e701fc8ada9
3015 3a779e6b7fb01a60
3016 f4dd24673f41f779
3017 758f42a72f779036
3018 6dced2b395f2ad53
3019 39a06121e5bf2cae
3020 66e688fa299166dd
3021 eb44d7a4bb0686f2
3022 a0ecbbaef03eec12
3023 6f4c5b784b4ba87a
3024 a9354bc9c3f73dce
3025 321b8f907b426514
3026 6790c74c68bc9f7f
3027 77643f12c6d6d2e0
3028 040795bf32adf515
3029 0614db7cc27d81d1
3030 a8dc8a90edb973e0
3031 7bee0a272f4a5a4e
3032 16d66f0ca822382f
3033 6462541dda6456f9
3034 1401bb524deb5ca1
3035 a2b882c63d116962
3036 40aabf4a091df001
3037 3b4c3fd2b960ce41
3038 c099ef28a420c5a9
3039 fa687ad7a7d2790f
3040 91f0d91cd47798ac
3041 8b461e6120eb53ca
3042 73aa3dd71a465b2c
3043 92d69d825c482a45
3044 75cdb5233e1edd7a
3045 7911bad8c30e4310
3046 11200f1d29e9a361
3047 aa82572ebdc4491f
3048 d6f7a902b75ef50c
3049 e6ddab9446d4ede4
3050 246fda89bac3af24
3051 d4ab7e1c89bcad2f
3052 f54d04822a980837
3053 e20724b946610fa1
3054 c43d940aaa98de35
3055 7c808d6c124a58b8
3056 28a29b13038d2934
3057 8119136a055ca516
3058 0267767e0c882629
3059 c2b36620737162b0
3060 d2f1432c0cbb5277
3061 226d9a479dceac73
3062 dd6715611947482f
3063 f6c45e7095b9ef48
3064 80313030f0a86034
3065 6b3485b9964d2ed1
3066 f878f4afb928a364
3067 9286f844c7c00b82
3068 69005804b8e3dd1f
3069 f21b0d91cea567be
3070 650b5590dcaf4abb
3071 d9fe47eecb94970b
3072 314268722aa90058
3073 7dc349dca6c69563
3074 65c373d8d921aae6
3075 e6817ac5541b6ad7
3076 443f44675c7e03c7
3077 6268457e83337f56
3078 8c4cfba15bf53c19
3079 ad9620c889046868
3080 49b272005bd86bb1
3081 059d6498a95ebad8
3082 6fd7e27bd51dc348
3083 9da65ea36a82b3b3
3084 fa84da746913b0b8
3085 2c872b855cf23c34
3086 572b79598b43b7cd
3087 1d675ab1b46b0790
3088 81b7beddaac67ed8
3089 8ebd47f9ee5054af
3090 91a53c739b145a1e
3091 c7ac533aa151fe6f
3092 1dbf82b07f8db467
3093 0628e412396f670e
3094 47ee9ef0b73c2ac5
3095 3e8c293e7aaa8000
3096 bb4dd4605a1d9cc5
3097 f0dc1de7f49752c2
3098 4ff6f5cc44a2d24b
3099 6f9495d2d448f988
3100 f55fce016c1f7f17
3101 e4fe0dce62d45040
3102 3d4d58218b9d98e6
3103 15b84747421f1269
3104 3049e3856fbce2b0
3105 622d3395b8fe2162
3106 10c4083ad71fc6b6
3107 f0fae7174cc3880a
3108 dd1be9d5cb8f37fa
3109 a3c9171874069731
3110 bf839db57f6a9a53
3111 a1ce088e3890a679
3112 3182b6c51ee3d46c
3113 ff2e1a2e432e4a38
3114 e2a9649b1dd3f5fe
3115 c8418e6d39e100e8
3116 e7695edd6ee7f72d
3117 1d3c3ee455ed60f0
3118 ee1e9337810f6107
3119 41c0fa6d4626660e
3120 5f95394cac9e69bd
3121 8444c9a977c30675
3122 2576b1999d8b55e1
3123 e3eb5df2219fb3f8
3124 07642625877f2473
3125 80799399fb1c50ad
3126 af0bbe1f0b356528
3127 155497a9b9e25d74
3128 eabf96d93ecf191d
3129 cca489fdd564eb50
3130 5a8764954025f907
3131 6be7da4c7fa70494
3132 36ae785c9354fd36
3133 a960f2e68ec44790
3134 c13f64d45d17343c
3135 08ff7788aecb02f0
3136 f7f1957a4ad869fd
3137 77c8147f8b8f5397
3138 0d27514bc10226d2
3139 286903850886c57f
3140 b6c4122d392e28d0
3141 c77617e38801305c
3142 2b1903ced017c83a
3143 7066138c1d6817fd
3144 df163f9118a613cc
3145 54d6a0209930a49e
3146 7f26ce482e3c0422
3147 6cfee3f7208bd6de
3148 b3f674a007ce401b
3149 213417684cb84ca5
3150 18fa51e37f968870
3151 d30604d799b5416e
3152 096843073ce0c06e
3153 584e30cc0aaef85f
3154 a14fcf202d929c75
3155 b92256842122f79a
3156 6993b6d33e3629b6
3157 1a57610db6dc6f0c
3158 6b925998ce2281af
3159 6c353d2232284ad4
3160 8ccaef937f3bca89
3161 a37576f9a246aa7e
3162 de0d14ba5920658c
3163 27dcc28266b6f0e3
3164 9669824bec963385
3165 d4213a48c1663e9f
3166 054497429dc8372c
3167 fef9b9749b02af54
3168 d130fc468c84a323
3169 2114a1256cb7d533
3170 9ff66e48fff6b5c4
3171 02434cb08462874b
3172 a5189a4936c31d33
3173 c764ccd2379f3600
3174 cffa8b17638be0a2
3175 11784bac09589b81
3176 daa502277fd3803f
3177 05e2cfe3c77e292e
3178 5055228967a41015
3179 da2ab849054174da
3180 2909a3f997ea5b3e
3181 6104765bd959b0dd
3182 bac3574b947a3014
3183 bff83c53fd7b5da7
3184 5c6a8c9d7a58b0da
3185 fc8617486df5087a
3186 2a10487ac5076a2d
3187 4cff4cf7164ba1c4
3188 025d78643c034549
3189 d6ecf3df29631b78
3190 0585ca18244b36ca
3191 4b46eff98da0f344
3192 7f15f6546b949d30
3193 1d1f03984dcf13c1
3194 aa37f07c25f77c5d
3195 1fcb6bfab1700dc1
3196 fc20337ee30247b5
3197 e0c347253dc92007
3198 b1b324a138ad8d8d
3199 d23740eeb990cd62
3200 d848571543551b73
3201 f4204aa5e4fa4663
3202 035a1d73de0b98df
3203 f3145d2aff62217c
3204 30c877a3725a903a
3205 37ad63cfcd935dd8
3206 d472817c817456a8
3207 582b4577323d661c
3208 cd0725b60740ca99
3209 149f9f8f03ef37e8
3210 24b1eef2d2e9d5d9
3211 8bb0ce9e9e810c58
3212 2670f38e3864b7d4
3213 8365c705a8d51db1
3214 fd596c8d9f8642b7
3215 03857236a4d31c10
3216 e57e189f3e6f0ec6
3217 1d1a18875a424ed4
3218 589c6d6b95c1d57c
3219 25914170ea3df8d6
3220 1f704dd89967a8f3
3221 9afd169989279daa
3222 34b5ee762f81b3fe
3223 2c44c148411400f2
3224 ad8c884655836668
3225 fe0fcbff7ce3c888
3226 d2babed71e070fbd
3227 c59f294a7a81ed97
3228 436ed7c05d4534c7
3229 f5a94cc56e1715fe
3230 411808a84b898460
3231 b5e947e5d4cf8f2d
3232 71b223a97c06f62e
3233 ec4df94a62e0db7f
3234 ee3886013a813035
3235 4327a77960d3ad82
3236 d5da9fede992029b
3237 371af747a32ea9aa
3238 62e5004864d0ea95
3239 16ed1225006991ae
3240 4207ab3f35b72875
3241 97b3c4a3e376f67c
3242 b6e5afde69dc62fa
3243 4c9c6054a7dea41d
3244 4ab6d6092fdda44a
3245 d1fe70c0bd47ca80
3246 75f5f7fa30594f02
3247 cb608e753c658342
3248 377f42fdbed47298
3249 cb68c2bc5d88d8a2
3250 a38184b9723c8ba6
3251 334d2659db66f72c
3252 bded00c81761bc38
3253 203193fef06a6938
3254 a99d38474d24dff5
3255 04b15deab30f48a7
3256 88ca180e378ce550
3257 f27144ee974cc46f
3258 69c8a1320b60eee9
3259 9e0a0f1d4abd77f7
3260 ad774de430e0f6fa
3261 81d6b5ee908b7825
3262 e479e5bdecea31fa
3263 07539abb1820620b
3264 3a9522f420c44222
3265 3999bc21f95915b9
3266 9653d4fda6329efb
3267 489aa4d84404874a
3268 c0b43d87ee2eae1b
3269 da63fc5238d1161a
3270 e2c99124d117a3bb
3271 b3db382eeb3e37b7
3272 961120711df65828
3273 6db5b99b91fb08ac
3274 ab42c951c6f0f0ac
3275 6a2c8e46edc1900b
3276 61d65b4716ee9bb9
3277 f4c1a0ff0b63b729
3278 b4b230fbcbd6801d
3279 59e89bc35ade4aa3
3280 2e796c3f7288984e
3281 5ac4b5be936d7503
3282 bb6e5f9173a5c4de
3283 eb5cda40967a972a
3284 907acb37356eb9a9
3285 099476e033d45a2e
3286 fbdd475468838af8
3287 8b333cb93f3c3160
3288 dfb4d321113dace2
3289 fb437efcb3e35924
3290 882c701666af5819
3291 ca5158d5e3c823ae
3292 5cf7c09880bcfa29
3293 2e5df6b865d13c60
3294 0546fe2b23961aac
3295 acd10f57900b276a
3296 e899291995ad1347
3297 a01f0dcf82730886
3298 bda3e2a0e6e7ec65
3299 2e6571f7b2dcf70f
3300 3f1617d938183ef5
3301 d527f64c6b76003b
3302 8baae6b8560e89e3
3303 f364c58436bea97a
3304 b990862a801b8eb1
3305 755294777e41731e
3306 cf49cd1f54a1c7b0
3307 66424d0febc6106e
3308 ad50493addf35e94
3309 2602dc807134f882
3310 2dea327f39221252
3311 01dc5e2601c01ad4
3312 7ebb31fb1023ced0
3313 bc9b2eada6f239af
3314 7f845f7d58dd8013
3315 ae9739324b16e653
3316 f3e85531abe734cd
3317 66b84a574274b54b
3318 3458c43e5402245e
3319 f2f866c97fb8f674
3320 9d6e2eafe4d0b7f1
3321 f356bdff267506ea
3322 7959c6cfde3f6619
3323 dc298bf63d9d1ef7
3324 4240e78adf0d4e20
3325 e53b96572e0ce5ea
3326 4b075ee78db2692e
3327 3cb419d8aa0f6ebb
3328 2c45f574a375bdde
3329 59aa6fc3bd9c5856
3330 3fb1625b30efbfb0
3331 603eed787089874a
3332 004e0156cc39c9c3
3333 2655b269141f1c4a
3334 4fd33c8cb53ed497
3335 efa7ce08c5112f44
3336 eb4336b4adc4ca69
3337 bcef4b9a01dff380
3338 a19413e83fb6e676
3339 650e982627afea08
3340 49213d0fc4980ac5
3341 8e5207d9def1bcb7
3342 18d1ee0d25d3e5c5
3343 edb0fba023ae6fec
3344 cb06bb2d5e6b213e
3345 f5f6fdc0209f5b69
3346 9b8a02a13ed601b6
3347 8805e864b18bac66
3348 dcd29001eb2f2999
3349 ca00def050137e3b
3350 433a07800fd545d0
3351 60adab2aa3b4368f
3352 de87d64416be159e
3353 02065f8a0fc5917f
3354 115c733ce324a8b1
3355 4486dd115f323de3
3356 8eb8fb9ad5d76d0a
3357 15027a3398fcc550
3358 d3aad357e535fbeb
3359 fe0bffd48f43da08
3360 ade8789881548384
3361 175a6c441a1ff00f
3362 48370831c635b11b
3363 7713d8bab57b28fe
3364 02940b4fe28f9445
3365 972fa219d5444eca
3366 4fceada1cd662bd4
3367 59a5b121529d7f34
3368 9e294b1507b05b3a
3369 94835e6d54402f8f
3370 996c5642e12b9f75
3371 f789652a456b7053
3372 33c7a5fa7a3d9c74
3373 21f8a7067b236eb1
3374 27cd806abe7e194a
3375 439b92125e6d2bc4
3376 2abe128af92f4c68
3377 c28613ce8d738bf9
3378 9c415d57d9888bba
3379 5aaba0a6f80622f7
3380 849f6398189a47da
3381 7ecaca52c28c2c09
3382 4f6bdaf4cde389f1
3383 a35ce08e10ac76db
3384 ad7dd297b701ff1f
3385 16b9c1161eef205e
3386 08824a6faf01cbed
3387 4149be3600fb630b
3388 e689f3ea71bd2d55
3389 cc47ab61be5d4f0e
3390 89d81a3c0a01b94b
3391 b402052dec108369
3392 ff0ec03e99b5e53a
3393 2bc0c7ce925e20c2
3394 4992c70824bc5476
3395 64bca5290eda321a
3396 f928bb87e69103d5
3397 9e49648c39d139af
3398 7c685230637a5ad1
3399 2f6f86b686b3a280
3400 6bf9e8ee6967748b
3401 cc7a675a19d73b2f
3402 0a27b2555a3b0eec
3403 31997860197c42ad
3404 9bcc3b3306112d35
3405 d6e695114932e9c1
3406 6ff3466171d1a54f
3407 76ac9eca60607703
3408 3cb7ea4b34405ab7
3409 70d20f217b0ae11d
3410 94603a1a80dedda7
3411 b9a191a1f914a591
3412 ad7edccfb9129c6e
3413 9abe3bd90f0005be
3414 4cce42066d4f74fb
3415 821704f7df08f0fe
3416 87e7fcfc503bb558
3417 b17bb909894fab4b
3418 0045c15c2595c0db
3419 27b611209869762d
3420 a6f37fe421bd7a24
3421 a8d9e96675ba641d
3422 04a048ba09eba825
3423 85fdafffe3b95ac0
3424 a05c7ddab8df609a
3425 ba397568dc08769d
3426 cc047469118d7ac3
3427 e67a6e373976ac83
3428 6cf5b4bdc0081360
3429 41b71509a355da0a
3430 6448f43fbe1dd771
3431 6e0a74fef3a9bd8b
3432 05c4344efed6cf3e
3433 084ae7ea34e78541
3434 64d2521b86781e0e
3435 03c49ee586bee461
3436 28d8eaf7e9ba44df
3437 19af6ed61dac6f00
3438 7b1c6d9064bf7fe2
3439 9500e14940e8f4e5
3440 bd33dd199f06b6bf
3441 72f70ec05d273e61
3442 0ef10388e0caf8c6
3443 2b11bbba998cb909
3444 27904a5791d808d5
3445 ba7024d6827cf2d9
3446 57c44066be478241
3447 e10fa316df9efd36
3448 d81ea3afc62dd54f
3449 51d8f96ae0128e22
3450 8aeb33081c0d8962
3451 05d608d7ad70cfea
3452 5d13dad01d0a60c1
3453 d688f14210d820ab
3454 28239b9920d9c247
3455 b1fb4994c33c373c
3456 2791ba5d8d178a07
3457 6f83ad3a634cff5a
3458 5825178e7b9ace56
3459 c0325dc5da41544b
3460 7538843a8fd3582f
3461 0dae94b86d8c287a
3462 d86c0179eb30e596
3463 ffafedea2483cef2
3464 2309eb420a9b34b3
3465 0e9627851644c637
3466 3aca9bcbb12495a4
3467 251461bb7809c0ca
3468 b688791c96b76832
3469 fceebb69a482a8e9
3470 9e31694d53641ef8
3471 76102db2e0d12f14
3472 6a2699b1f2dd40c6
3473 43b6c5834584148f
3474 68bf9e2224158cc0
3475 012fbd94dc46f42a
3476 9b5ed605e43ff0b0
3477 48ab90dc54f670aa
3478 6432df7fee8d44d5
3479 747ece5034ce936f
3480 15d10fc5241a8056
3481 8e33df311ccc25a2
3482 06c7571698d77e3f
3483 e21f829519f4d275
3484 d1b4f7ce8371a38e
3485 0f731ec1e67f3dc0
3486 c95903760500fcfc
3487 b299f47efc22d4ba
3488 10813c2b372d0a2d
3489 e05f37bb4c905561
3490 afd42988f65ff7fe
3491 cff69fc4e6936059
3492 a7a7a58d6dd4c925
3493 116cdd80284836af
3494 6b48b0f812e9ec8e
3495 9c5e27a3fbd8fd23
3496 7102d0ce8f2af055
3497 28c9720950689f77
3498 825de5c1f0294539
3499 3213b89ac7ca2bc8
3500 763fef9195a7949c
3501 7a0f94f124ac3172
3502 519bfed8bdbeb69f
3503 ad3fd6a5ad00656f
3504 2df4db0c08ad6b89
3505 dd20293587174237
3506 1ffade4e131987c4
3507 b507b05d3cf7f819
3508 e32b450ef15e7c33
3509 786b432dcf7dfdaa
3510 41900fbff1b596ff
3511 86e78ef55c9b4e95
3512 ba32b4b5443fb434
3513 f709ed4147306b32
3514 c314e6dc02b86e04
3515 e653c474ca8c3d98
3516 031d62614713d6cc
3517 c2a64b7344337524
3518 7ee1596e9dd4c0b6
3519 2e5293542942e5c4
3520 3553540ce903ee9b
END 3520
