1 cc3f4c7ba4e552bd
2 cc3f4c7ba4e552bd
3 cc3f4c7ba4e552bd
4 cc3f4c7ba4e552bd
5 cc3f4c7ba4e552bd
6 cc3f4c7ba4e552bd
7 cc3f4c7ba4e552bd
8 cc3f4c7ba4e552bd
9 cc3f4c7ba4e552bd
10 cc3f4c7ba4e552bd
11 cc3f4c7ba4e552bd
12 f30dfa61d8621222
13 cc3f4c7ba4e552bd
14 cc3f4c7ba4e552bd
15 44f3877ba4e552bd
16 cc3f4c7ba4e552bd
17 a465b5afef1b5358
18 cc3f4c7ba4e552bd
19 cc3f4c7ba4e552bd
20 cc3f4c7ba4e552bd
21 cc3f4c7ba4e552bd
22 cc3f4c7ba4e552bd
23 cc3f4c7ba4e552bd
24 cc3f4c7ba4e552bd
25 cc3f4c7ba4e552bd
26 cc3f4c7ba4e552bd
27 cc3f4c7ba4e552bd
28 cc3f4c7ba4e552bd
29 cc3f4c7ba4e552bd
30 cc3f4c7ba4e552bd
31 cc3f4c7ba4e552bd
32 cc3f4c7ba4e552bd
33 cc3f4c7ba4e552bd
34 cc3f4c7ba4e552bd
35 cc3f4c7ba4e552bd
36 cc3f4c7ba4e552bd
37 cc3f4c7ba4e552bd
38 cc3f4c7ba4e552bd
39 cc3f4c7ba4e552bd
40 cc3f4c7ba4e552bd
41 cc3f4c7ba4e552bd
42 cc3f4c7ba4e552bd
43 cc3f4c7ba4e552bd
44 cc3f4c7ba4e552bd
45 cc3f4c7ba4e552bd
46 cc3f4c7ba4e552bd
47 cc3f4c7ba4e552bd
48 cc3f4c7ba4e552bd
49 cc3f4c7ba4e552bd
50 cc3f4c7ba4e552bd
51 cc3f4c7ba4e552bd
52 cc3f4c7ba4e552bd
53 cc3f4c7ba4e552bd
54 cc3f4c7ba4e552bd
55 cc3f4c7ba4e552bd
56 cc3f4c7ba4e552bd
57 cc3f4c7ba4e552bd
58 cc3f4c7ba4e552bd
59 cc3f4c7ba4e552bd
60 cc3f4c7ba4e552bd
61 cc3f4c7ba4e552bd
62 cc3f4c7ba4e552bd
63 cc3f4c7ba4e552bd
64 cc3f4c7ba4e552bd
65 cc3f4c7ba4e552bd
66 cc3f4c7ba4e552bd
67 cc3f4c7ba4e552bd
68 cc3f4c7ba4e552bd
69 cc3f4c7ba4e552bd
70 cc3f4c7ba4e552bd
71 cc3f4c7ba4e552bd
72 cc3f4c7ba4e552bd
73 2cd1db70413e21c9
74 68595622ba5026df
75 cb24c151a6ecc235
76 d2339de50ac985e8
77 d2339de50ac985e8
78 d2339de50ac985e8
79 d2339de50ac985e8
80 d2339de50ac985e8
81 d2339de50ac985e8
82 d2339de50ac985e8
83 d2339de50ac985e8
84 d2339de50ac985e8
85 d2339de50ac985e8
86 d2339de50ac985e8
87 d2339de50ac985e8
88 d2339de50ac985e8
89 d2339de50ac985e8
90 d2339de50ac985e8
91 c32bd3d6f11d9754
92 1a97765eb25e4068
93 cba81c17f1d19b38
94 b75e5338631c6572
95 6906f2709bb4aa78
96 ad98a65b9db521bf
97 a3e6cced7a05c713
98 d5ec949c6c3cc713
99 fb48e67b3ce7c713
100 137aa8922b56c713
101 105ed4d1bda9c713
102 e000abda01f0c713
103 cf7aa5dd0d8bc713
104 7b9b37febfaac713
105 c6b27fe6493dc713
106 8108ee7990f4c713
107 e773dfe59bbfc713
108 4dea34aaf1aec713
109 674b617599a1c713
110 61f0b69465e8c713
111 629767d77c63c713
112 870939d97d22c713
113 54fa1426c6f5c713
114 1a079cf2a8ecc713
115 766547dba357c713
116 9956953df886c713
117 3e9aeb6824d9c713
118 445be322fc20c713
119 be53735bf03bc713
120 25910ee3359ac713
121 4fe5fddded6dc713
122 3bf2d66d4464c713
123 4cc8eab16fafc713
124 4173b91338dec713
125 5f4f2660b751c713
126 3db890d282d8c713
127 a2b9e385b993c713
128 54399c78d392c713
129 489462a62fe5c713
130 1ba17dbff29cc713
131 1278386b2a47c713
132 56fa3dd92836c713
133 8e513bccb689c713
134 3d890d68add0c713
135 af537cff326bc713
136 74084ccb770ac713
137 3e09dcf6601dc713
138 527b9a279854c713
139 787dc031999fc713
140 986bc619ca0ec713
141 23f5508a7681c713
142 e870aa72a048c713
143 82f8f8b5d8c3c713
144 1e13d0f20302c713
145 fd7bcf824855c713
146 1ef524d691ccc713
147 ef7380c209b7c713
148 f371858112e6c713
149 05609982e2b9c713
150 c23bd05c6200c713
151 122dd65b9f1bc713
152 00337f3beb7ac713
153 c484b91177cdc713
154 5489f0dad844c713
155 01cf33e2b88fc713
156 805a40f843bec713
157 d1d8147e9a31c713
158 0ed49a4e25b8c713
159 238f4e961f73c713
160 a5b7f95706f2c713
161 bee3a48d6645c713
162 643d89e8497cc713
163 5811fa845927c713
164 f91278eaca96c713
165 e46e1371e5e9c713
166 7f441eccfc30c713
167 6ef24c8edacbc713
168 0b709d40aceac713
169 a37c3cbd3d7dc713
170 ec04c5060e34c713
171 ca87d28b8dffc713
172 9bd6289228eec713
173 a3e4571f4de1c713
174 ec90edddb628c713
175 90b71f5c50a3c713
176 a74f435b1262c713
177 b0a90cd9b735c713
178 eccb0b96cd2cc713
179 8556be695197c713
180 a0ca7d7a71c6c713
181 450211d4a919c713
182 5ba417d8f860c713
183 34825e46e67bc713
184 f77f37f673dac713
185 6faf9c440eadc713
186 b0cd187c02a4c713
187 f936e5ecfcefc713
188 33cc12ac801ec713
189 4db8c4562391c713
190 7db8b0e70a18c713
191 4ec1063e9dd3c713
192 9b83419563d2c713
193 de3d8c9de325c713
194 5cb08c231edcc713
195 737a7661b487c713
196 b4e6075ff776c713
197 3c181fbbc2c9c713
198 9fd1850bee10c713
199 859b17efefabc713
200 33e76bc3f34ac713
201 ca63e77e3c5dc713
202 a888bebcb594c713
203 4397c97e06dfc713
204 fa0fcd6b644ec713
205 eecbc22258c1c713
206 73164bd62688c713
207 fa815e2ad403c713
208 fb09594d2342c713
209 9505d8e93f95c713
210 352ddfe9320cc713
211 a12b32f7a5f7c713
212 2772e08ac926c713
213 cf29415f26f9c713
214 e3f2de462c40c713
215 8f6f8d3cf95bc713
216 bc015b0766bac713
217 b22545b5800dc713
218 bb02c9513e84c713
219 bdb1f16885cfc713
220 9b959a0399fec713
221 81f0570f7d71c713
222 cc09cb2f98f8c713
223 cc08b09880b3c713
224 934ed9b6ab32c713
225 1e98a7e36a85c713
226 9a56edca5fbcc713
227 94429b20da67c713
228 6d0eab9a58d6c713
229 37822778c529c713
230 20d32d149770c713
231 9d12c41d0d0bc713
232 2bc27c75c52ac713
233 a41e488e58bdc713
234 2ff88a658274c713
235 a9b7eae89d3fc713
236 e20cf794c12ec713
237 b4498bd17521c713
238 70389865b368c713
239 1ccfd6d369e3c713
240 f833bcef92a2c713
241 eee21acae675c713
242 7a1e7211146cc713
243 7da6fdbcdcd7c713
244 f38e0357d406c713
245 b7e61ffc0659c713
246 0bea43b127a0c713
247 472bd64391bbc713
248 c4a7117a831ac713
249 177b212996edc713
250 900c12fa35e4c713
251 d459ab9bbb2fc713
252 c0d0800c865ec713
253 61a4f1fc1ad1c713
254 a3ee4be37458c713
255 6071f2cecd13c713
256 9eaf6568cf12c713
257 45db986e4d65c713
258 5c309844ca1cc713
259 6bf4cda03bc7c713
260 76eacf53d3b6c713
261 42a7e68eb609c713
262 69be6482f350c713
263 6e9c9aa8a1ebc713
264 ab1d8fae768ac713
265 3552c100119dc713
266 55ed86a90fd4c713
267 6d13eea1bf1fc713
268 e4645f5dd98ec713
269 3a2af5052601c713
270 b6f657a1f9c8c713
271 913355a41c43c713
272 c885e01a1882c713
273 7c7bbe0411d5c713
274 d3d216c2434cc713
275 43cb81cc3937c713
276 8f7ca9d4ee66c713
277 d12c46f59ce940ed
278 58f4e9f367f1f24d
279 ab074833c47cce47
280 96b1c2764841ce47
281 251c728bf742ce47
282 b6fe9715d987ce47
283 9107f65ab9d0ce47
284 96ef78ca71b5ce47
285 eacaada4b3b6ce47
286 45368a1af02bce47
287 fdeea5c36df4ce47
288 e3c407ae2b19ce47
289 3500d38c511ace47
290 9bbcf113093fce47
291 a3805615ffe8ce47
292 9022c8bd27cdce47
293 be7d75ff0beece47
294 a5710ebc7863ce47
295 90ed03e5788cce47
296 c62390cb4511ce47
297 6b5a8d7b4812ce47
298 fb2053b62257ce47
299 42ad14213aa0ce47
300 b3887f28a2c5ce47
301 bc821cede96d6277
302 0db846321bca5277
303 11b53df6c8df5277
304 ce6669c989205277
305 79eda676e2f55277
306 115c606e6e2e5277
307 c253bafce244ca5f
308 365a1fc7cf75814f
309 36c28d2bd502814f
310 6a8e76615c23814f
311 7b4079239cc0814f
312 30e390349a99814f
313 c5d2aa5c6296814f
314 2b94494d7887814f
315 3b6aaebef0a4814f
316 6d7ef91b063d814f
317 cccd5a48e1ba814f
318 f9ca8196aafb814f
319 c45603a00158814f
320 e7313f76fa11814f
321 3e17985e54ae814f
322 17b055bb1c5f814f
323 7f0705e21e3c814f
324 0497cefe4eb5814f
325 8ff5dc864612814f
326 64910c6f6873814f
327 277261913050814f
328 3992c67f9a29814f
329 9947f9efd726814f
330 d885e0451b97814f
331 bcadf05cc3f4814f
332 7a8b46110e8d814f
333 25cb7714e08a814f
334 868aca95170b814f
335 70557cc9a2a8814f
336 4cc92e8ebda1814f
337 d3049338f9be814f
338 49538c38666f814f
339 78b79a28ef4c814f
340 f30a07d15c0c814f
341 ece903bcd943814f
342 94cef611e2a2814f
343 7cbd66f12119814f
344 cf033e775980814f
345 7a2f8733be47814f
346 e31d7f79b196814f
347 c3ed3334e2bd814f
348 be78cdbe62e4814f
349 1b11b575687b814f
350 b9e00a0b19fa814f
351 4d6e6bfa1a71814f
352 8b2fbaee2db8814f
353 57f9ad618c7f814f
354 3be250c5924e814f
355 b488726f7d55814f
356 408131e8c25c814f
357 03afcaca2153814f
358 1238f1fd7172814f
359 b9b17a0a0aa9814f
360 55ac4fbdd090814f
361 8992e0ab7f17814f
362 fd0bedc22f66814f
363 f7de43919f4d814f
364 24a5d597f5f4814f
365 b3f9bf8b6ecb814f
366 108592fe960a814f
367 c3e393fd7e41814f
368 0aa725af2948814f
369 1f79757fb68f814f
370 8cb39bd3dfde814f
371 94c1384dc325814f
372 24fee80639ac814f
373 150e0840ea63814f
374 a4dd6f9fff42814f
375 6ad87e223a39814f
376 a9961bd305a0814f
377 5e3919a2b1e7814f
378 5b3b56d9aeb6814f
379 4c1b41534add814f
380 22baa5e67f84814f
381 7059a130aa1b814f
382 a82eb5508e1a814f
383 46b9638b2791814f
384 dbabd098cc58814f
385 49f797197a9f814f
386 a5a03e8502ee814f
387 c42093055ff5814f
388 08e7ac40b57c814f
389 8d3316d224f3814f
390 9848e813d512814f
391 018f830efd49814f
392 d2b9f7ccd1b0814f
393 1ae87449fb37814f
394 db28ede2ef06814f
395 aad12fb98a6d814f
396 da0cb9058994814f
397 c5d43dbc97eb814f
398 d2701978c72a814f
399 04dec2ec4ee1814f
400 8c5da62947e8814f
401 150b465e38af814f
402 c3e8526088fe814f
403 ca716014d145814f
404 3e706e7ec64c814f
405 d99d7973c883814f
406 8898a5d4e1e2814f
407 d26ef97c0e59814f
408 2c1d247d49c0814f
409 2e64fb298887814f
410 796a18f40cd6814f
411 37bb47f110fd814f
412 538a3bab1c24814f
413 422ce2fb69bb814f
414 f99d68d4b33a814f
415 6310a5d939b1814f
416 21ab44d09ef8814f
417 d3e0a7254ebf814f
418 e57d3f73c68e814f
419 1d957ba3e895814f
420 66d1881cb99c814f
421 c886a602ffbb02ef
422 a744bc8edd6762ef
423 3b9265bd93ae62ef
424 254f7574b19d62ef
425 2b161bb3ebd462ef
426 adff49e6409b62ef
427 6dac177629fcce82
428 85fe2c3c3fd973f2
429 f9c83062e03673f2
430 22316d756c0f73f2
431 604d1f8e3c0473f2
432 3dc469589c9d73f2
433 eb4af9865f2a73f2
434 d1a01b41a78373f2
435 b8cb30fe6ab873f2
436 75428567384173f2
437 bb991d44d23e73f2
438 0c1ba6b019d773f2
439 85e3f113a10c73f2
440 c1a80c04080573f2
441 70220608ec9273f2
442 5b99d915954b73f2
443 d737ecf0e38073f2
444 22120f75ebe973f2
445 7a1ee5875c6673f2
446 9531cb49093f73f2
447 14d4faed463473f2
448 b106ca1803cd73f2
449 29a964a356da73f2
450 d87df079e83373f2
451 f28ea153dbe873f2
452 b9b05bdcd23173f2
453 1fc9ac5eaa6e73f2
454 7b44cda0e0c773f2
455 0e767866913c73f2
456 276265fd093573f2
457 11199439554273f2
458 1c5920faf5fb73f2
459 b7a1b872472e1f48
460 fb784cfebac622d7
461 1de8b97e36281e34
462 d7563be71d50f2b3
463 e643c9d7e67afef1
464 f87f49b894744fd0
465 15b7f324944ee09a
466 b4577cc361fb8ce6
467 eb6a4f9520017d7a
468 c3af9efc20017d7a
469 c94541ab32fab458
470 0f8e78da265e5b22
471 f1ba77e933a26142
472 ed90a5070aa26142
473 fe964cd99fa26142
474 75f819323ba26142
475 c619f66379a26142
476 06a5091f1aa26142
477 9789c65c7ea26142
478 71916ae28aa26142
479 edea43b4f1a26142
480 f0cf110a0fa2abc2
481 f0a2beffaea2abc2
482 57f5adc610a2abc2
483 5c3d529d60a2abc2
484 fcd4616d9da2abc2
485 f3ccaa1b3ba2abc2
486 ec941f7f10a2abc2
487 eafd72f693a2abc2
488 612607761fa2abc2
489 c69e332d5da2abc2
490 60c361cd27a2abc2
491 67019b60e4a2abc2
492 ca94b2229fa2abc2
493 6cac69165ba2abc2
494 8e0f250e40a2abc2
495 f806e90526a2abc2
496 1be6b50a82a2abc2
497 463dd88db4a2abc2
498 d001a5c22fa2abc2
499 a947c5f6a8a2abc2
500 5bc5e777d4a2abc2
501 b32e8f2eb3a2abc2
502 4067bdbd8283f142
503 858cf200fe83f142
504 aef2312d2e83f142
505 b66bf8be46a2abc2
506 0b063d8ef1a2abc2
507 854bc1a2fb358e42
508 e91bd97fd1358e42
509 621ee9a902358e42
510 4d9d80b775a2abc2
511 5bff49d6b4a2abc2
512 e75de7ab60a2abc2
513 96531d9e80a2abc2
514 6eb251aeada2abc2
515 305d792f53a2abc2
516 97fc69db90a2abc2
517 f5f37112bea2abc2
518 0dd27c50f9a2abc2
519 276dcf7f74a2abc2
520 ddb5b2666fa2abc2
521 1d77d3467ba2abc2
522 e6f5b95110a2abc2
523 f5ff553ef6a2abc2
524 850c96b471a2abc2
525 98ad6119dba2abc2
526 556f9cf17fa2abc2
527 854005004ea2abc2
528 4b2590a904a2abc2
529 f24e88bae6a2abc2
530 d82fdfd387a2abc2
531 c922f904a6a2abc2
532 2623c7c88aa2abc2
533 905cecb9a8a2abc2
534 aad45da80fa2abc2
535 a4bded022ca2abc2
536 ff82aeac60a2abc2
537 dc33777c5ea2abc2
538 d9e003676383f142
539 79515d0e1d83f142
540 e9192fcf0183f142
541 5df3fee33ba2abc2
542 f49496ed1fa2abc2
543 505df23cb5358e42
544 025005cd87358e42
545 a9907d861b358e42
546 a1f7b024c9a2abc2
547 9e2ecd9256a2abc2
548 54268bf540a2abc2
549 43c78819c3a2abc2
550 0f188ee155a2abc2
551 ecd35a9ff1a2abc2
552 525ffac3bfa2abc2
553 ee41aef280a2abc2
554 ca6c7297eaa2abc2
555 e5c7dd47a8a2abc2
556 d6a076eaefa2abc2
557 40ff04494ea2abc2
558 c13597913fa2abc2
559 0190f5dbaca2abc2
560 5358312665a2abc2
561 eb533034b1a2abc2
562 110dc4edb1a2abc2
563 70f666313ba2abc2
564 c7ab479f14a2abc2
565 a22d76bd56a2abc2
566 d4749f584da2abc2
567 426b00c580a2abc2
568 04c9a024a7a2abc2
569 b8e7f93586a2abc2
570 e840ba86ada2abc2
571 5a019ab5b0a2abc2
572 2049d4e32aa2abc2
573 b4eb5ed026a2abc2
574 348cc23ea683f142
575 63d8b2222783f142
576 374f65218283f142
577 65354454eea2abc2
578 fcfc71f165a2abc2
579 656fe76fc0358e42
580 77ee1c819d358e42
581 80d06a685a358e42
582 4727a05b8fa2abc2
583 e399e07aeca2abc2
584 fab4f1a7efa2abc2
585 306218959da2abc2
586 7cfc97650aa2abc2
587 807955d0a8a2abc2
588 820e71f37fa2abc2
589 035fbbf0f1a2abc2
590 cedb66a332a2abc2
591 d8a0cb3469a2abc2
592 5397817dafa2abc2
593 778a789e3ba2abc2
594 2e1a6fefa5a2abc2
595 116800bd89a2abc2
596 73a17c72e9a2abc2
597 3ed3138ce3a2abc2
598 159a363261a2abc2
599 e5bcf763dda2abc2
600 02f1db0a07a2abc2
601 c8b05ab2e6a2abc2
602 3acacb4b87a2abc2
603 1dba0faca6a2abc2
604 b29135b887a2abc2
605 c12b7c5643a2abc2
606 623eab3681a2abc2
607 7f52cd07e8a2abc2
608 bd40d4d10aa26142
609 8f0a7ecbc4a26142
610 5f698d7fd4cbfbc2
611 76554120a0cbfbc2
612 9f0a064351cbfbc2
613 fe0e3c0f51a26142
614 696ed8a004a26142
615 3506aa42b92ce8c2
616 594f8e60f42ce8c2
617 b77c6b1bbf2ce8c2
618 8a6521dbaaa26142
619 ec1962704ea2abc2
620 6726831b2fa2abc2
621 c76878ca6ca2abc2
622 34709c9555a2abc2
623 fcd8219f4ea2abc2
624 117b9cd93fa2abc2
625 3ef9185871a2abc2
626 c9f2d6c871a2abc2
627 64ffc2c9fea2abc2
628 957faccf1da2abc2
629 ba365b88dea2abc2
630 e63a446d79a2abc2
631 2f80f35a56a2abc2
632 fe65aa7667a2abc2
633 c28a0eec56a2abc2
634 2fa85d91eda2abc2
635 36ea3e9c20a2abc2
636 2fdc190687a2abc2
637 b8c94a4384a2abc2
638 52aa8af462a2abc2
639 918713d4b1a2abc2
640 1f6988872fa2abc2
641 465dcbb370a2abc2
642 471b5aad0aa2abc2
643 c69d85799da2abc2
644 c1ec77f71aa2abc2
645 c0fd73a768a2abc2
646 113800122883f142
647 341d6cb6a783f142
648 f217301a1883f142
649 5b9ffdeff4a2abc2
650 2b04aa618fa2abc2
651 9c74437235358e42
652 e3cc243335358e42
653 99bf2bfd6a358e42
654 857dd264e2a2abc2
655 11fb206d6ca2abc2
656 388c98e81fa2abc2
657 25b8a5552ea2abc2
658 37c6e12120a2abc2
659 b2c0afcd10a2abc2
660 deee45a19da2abc2
661 527813217ea2abc2
662 5e6fa601f9a2abc2
663 83124d9bb3a2abc2
664 180d225ce1a2abc2
665 18c66e3be8a2abc2
666 bce5fe737ca2abc2
667 3e356b995ca2abc2
668 9a2bc9d392a2abc2
669 4aa9a72309a2abc2
670 13a49d2792a2abc2
671 e2444297b1a2abc2
672 771f85d1bfa2abc2
673 f4453f69e6a2abc2
674 2666fcb242a2abc2
675 54e76be996a2abc2
676 350c761421a2abc2
677 f021cc175da2abc2
678 b34500e5cda2abc2
679 91414aa193a2abc2
680 a6df7ef165a2abc2
681 0e8b55338ea2abc2
682 0809a6ded883f142
683 38b292ad3283f142
684 0d883653f383f142
685 2d0c09fff4a2abc2
686 8bdc2fac8fa2abc2
687 10e892f812358e42
688 2a830f7e8f358e42
689 4c92698c9c358e42
690 6fdf7a43c4a2abc2
691 f87583e0a6a2abc2
692 9d20bfda4da2abc2
693 aeace95430a2abc2
694 d5253d7e8aa2abc2
695 345bb92528a2abc2
696 1abc80307fa2abc2
697 72bd195a2ca2abc2
698 f6a7d16010a2abc2
699 cd6a30fffba2abc2
700 2bf2b81d6fa2abc2
701 3b0e57d028a2abc2
702 64afb0bc3fa2abc2
703 d3f1858c0ea2abc2
704 784293f3efa2abc2
705 82c88fd7f1a2abc2
706 b887c97bbfa2abc2
707 2477a3a646a2abc2
708 519d4d11b1a2abc2
709 41598cd61ca2abc2
710 84c0c06a4fa2abc2
711 805dd54276a2abc2
712 b5e673c871a2abc2
713 ce2c1d535ba2abc2
714 b5405b7cd9a2abc2
715 e7a1f30c26a2abc2
716 ef4a315d9fa2abc2
717 572afd1dd6a2abc2
718 e27e90e7f883f142
719 7aa044e20783f142
720 398ee0dc2683f142
721 c9861acba4a2abc2
722 de3967311fa2abc2
723 ec85f38835358e42
724 603632cd07358e42
725 bfe156c6ca358e42
726 9483742417a2abc2
727 49bd54255ca2abc2
728 688d962acfa2abc2
729 38b9db0893a2abc2
730 eccdc3779fa2abc2
731 b320e1ff5da2abc2
732 b3721ae5eda2abc2
733 056a0d0870a2abc2
734 002563deada2abc2
735 4e9862fa60a2abc2
736 3d3453860aa2abc2
737 cc0cb7b1d6a2abc2
738 d7af66208fa2abc2
739 1b396e031da2abc2
740 44d5e19b1aa2abc2
741 5b8f7d7f5da2abc2
742 133bfdc70aa2abc2
743 e193ada79da2abc2
744 797105151da2abc2
745 687833db5ea2abc2
746 3b20f29589a2abc2
747 49bc50781fa26142
748 1a51effe34a26142
749 d228e2751ea26142
750 4c6cd51b3ca26142
751 65fdd95d73a26142
752 2787f6491aa26142
753 9be8ec2899a26142
754 8236001b3bcbfbc2
755 0d7fb92c42cbfbc2
756 1c7ae0dcb1cbfbc2
757 a1ecac29e4a26142
758 c031f89fafa2abc2
759 f0597d7284358e42
760 8274605335358e42
761 43a71f2974358e42
762 476e13959da2abc2
763 435cc09490a2abc2
764 95fb8f9a17a2abc2
765 42890977dea2abc2
766 d05c0e4c1da2abc2
767 6551379b7ba2abc2
768 ccb8fa3535a2abc2
769 1572ec61b4a2abc2
770 58699222b5a2abc2
771 b4f766fc96a2abc2
772 a83ea29fa1a2abc2
773 b729de035da2abc2
774 5b4313a14da2abc2
775 239ff21c93a2abc2
776 d318d4cadfa2abc2
777 7f235d55aea2abc2
778 9238147e0fa2abc2
779 fbea78afaea2abc2
780 cdadc5301fa2abc2
781 aabfcbeedda2abc2
782 f0d2ee61eaa2abc2
783 85688bfc1da2abc2
784 fcfe40d897a2abc2
785 6ee99f9afca2abc2
786 7e61af602fa2abc2
787 0635f79336a2abc2
788 d034db8b92a2abc2
789 663f5c6744a2abc2
790 d38174661183f142
791 306803957183f142
792 5ae1b7ee5b83f142
793 0a93fce328a2abc2
794 f029bb99bfa2abc2
795 1572add7b9358e42
796 7b8752d1b9358e42
797 0c91c4608a358e42
798 0f1178009da2abc2
799 1c7085965ea2abc2
800 21f69ae46668e09f
801 d304374dd80cabda
802 162b58e36646b4da
803 a618483334a9b4da
804 9ca57e7295a9b4da
805 bc5b870504da099f
806 8a9f71354133e09f
807 cddf80e2a668e09f
808 5cb25f635d68e09f
809 3cb00edacb68e09f
810 0dbca3e3da68e09f
811 da53565a5d68e09f
812 61ab3a860668e09f
813 9fbf2ba07d68e09f
814 05a1945ee768e09f
815 eb98b5965f5f9a58
816 ba86635187cff958
817 c39cd987c6bcd248
818 bebf4dbe53628877
819 c7d24c183e488563
820 118dd07a0d733715
821 82b09cd9d348f1d4
822 e2f6695843de8e79
823 0d06450c5860f57e
824 1b6380ec5e16c136
825 127e9ff738ee5102
826 e50c3b22f1542ee5
827 a0e4f3372e139dea
828 7bf4431dd486594e
829 ffa7ff9982e4b6bb
830 9f3cd93e7d28f31b
831 2bed81a2cf9a4054
832 4a0e65fe7c00b2cb
833 e04b3e6f77b6cdee
834 aba4ee21d07cac2d
835 d9639f91562918f0
836 b0ff839db0d4b927
837 746717e315eda5ba
838 4b28cb4917c98b79
839 d64615fc6438b8cc
840 5b5544c3296e2ac3
841 9ca283db7a0d4c46
842 028de2ad0873f285
843 fcb167d1bd677988
844 458c755d67539fff
845 19c83891a5856712
846 116aed2aaac734f1
847 3cc0995bf2d74de4
848 17c4a7b24424145b
849 a503a4aeb5cde13e
850 bee3ad49f98b58fd
851 a7761608ee03ed80
852 b73b654da5f9f337
853 1fa4f102f5983b0a
854 a25dfd2143427389
855 beb6d5e692b38d9c
856 07dc60980391d393
857 f53ba3e8d5e8fe56
858 f20d3e0a02533815
859 e3336557cd6798d8
860 dc76cf6ddc1298cf
861 565fcfc4a15c7922
862 096a63e9aa04c401
863 83f4f00636ce7af4
864 1e28a91a366df26b
865 b695439f1b47a00e
866 db1cc5d47b14634d
867 1dec638b48694a10
868 f2107c90e1aa4747
869 08c6129ed1f7635a
870 5591a16a729d5b99
871 52c03423b9f3e3ec
872 338226ebd317c1e3
873 16df0d7cf19babe6
874 b56f7384c561f225
875 4b2790b3da2ca2a8
876 44005b0521135c1f
877 26f04b32eb748632
878 4aa05209d956ce11
879 5d06b348adf27304
880 c694b498c56534fb
881 3b0584b8f82ec1de
882 3b5ea89e43c2ff9d
883 0166f0136b6ab420
884 8acf9727899c40d7
885 01aba05794415d2a
886 d2998f8f481efca9
887 461bf9303877a03c
888 c624338ef47bbcb3
889 a8fe0705e4a17192
890 971098e65c35f4db
891 f468ec71bdbcb68b
892 5f821712e999aee7
893 2f829162bca7d31f
894 b9e70cbef5b75a8b
895 b00e0a3a9067554b
896 5175b07790e156af
897 a6b4bbf95afa46f7
898 a6636c42d146234b
899 bf94e700d5c2386b
900 0ea39aa0f58b4cb7
901 27c5cbbd4a6eba7f
902 79850a3f4865d22b
903 18b90ee411bcfd0b
904 2424c9baf83ca96f
905 0eaa131daaf5edd7
906 83c12e360aa9d85b
907 2e7272b7f26f3a9b
908 4be471c6d76b6fd7
909 967444b94e7e746f
910 e91404a00922c89b
911 d816251e7e9786bb
912 83eb17dbe266553f
913 9fe260540d096f17
914 20a17aa4db8449ab
915 05fec61ceda7ec4b
916 1aaef362312ff997
917 7c91b83b7e0b0b1f
918 6eace87b32dfb783
919 bef87efedc207483
920 322748911f3cd637
921 25bed7a848044a6a
922 dca88d926f8bad85
923 5d86367aa57e2398
924 07f3c45440aea023
925 c04ee0122a558a06
926 9e445a44591d0561
927 1dd927fe6ac63534
928 c8a7b626f2a7ca7f
929 f34ba2c02f6a13b2
930 331cd05be047fded
931 c77747794feda2e0
932 36f7f7c985ee4543
933 945fcbc708975026
934 b8e3caae2149a381
935 518a21c3fdf59654
936 ef8a37755e5ac8af
937 7e862913b13d7762
938 1d42c4feb3de571d
939 344cd336b2d57d28
940 265d122896e20eb3
941 5cb2b454b12e6c45
942 6684696dd59c90d5
943 6811c9a19f98ff89
944 7c78ad48fae8d9a9
945 02487d2e94d1dc3b
946 2baed142bd4f9877
947 d5b365f43517c4e7
948 9479e76ef56551c3
949 7e8d3d1b371ff6c3
950 d4e0bfcdc636bc6f
951 86a00f937f800acf
952 cf728b18235ad49b
953 0c484b50ddecd8fb
954 b60be24860e6818f
955 2fd72e33d0ebaacf
956 289f73d47e09e7db
957 137387fb6fb194db
958 d8144e6165836e97
959 34d2ad2e96c08337
960 06454f6d3f56c873
961 63f7251af7344493
962 2d7e2e3801b7ef17
963 553eb0da3093f0e7
964 4413743709303783
965 fcc2515c66dc76c3
966 d37f8b9ef0becdcf
967 dbd520939fd17ad7
968 85a23fcb4862436b
969 7f5d32323f844fcb
970 3c88fdc90fdf4777
971 c24a28caf83a42ca
972 8f228336a538ecbd
973 48caea6099d5a080
974 b45144a8af882293
975 d06345304b8dca06
976 f0aa6e724ff1a7e1
977 d83b3fe97a80fe44
978 2a9f06d198ac3e8f
979 1e878acfed48b382
980 373fd726ef134035
981 25e5de3d850c06c8
982 77c1643b1b59489b
983 03a28d4460f105ee
984 23505a79e6f1a371
985 85632715d10f6c14
986 7d9d110e6800ce9f
987 1f37ca2a3d654312
988 1eded027cfb0a695
989 3336bf1a32842078
990 60604c34e7b63993
991 60cad6bbbb193906
992 f8e6f14f673f4cc9
993 d8020053771c3cac
994 1bc34af0247eef17
995 b855b2b12ba7128a
996 1d41673a11c8207d
997 39f6e24fa0a8ba40
998 11bc7f1dd9c7f29b
999 b22ff3718592e7ee
1000 d2a280c4be5efcd1
1001 0314f7aee9a18374
1002 02b034de2ed83007
1003 8cb91368ec27889a
1004 9f4cd08bfba3ad8d
1005 26987a00646e1ed0
1006 7ce12b6b5c3fedab
1007 7f96a2ca868a19be
1008 c0ab89275b9ca971
1009 24c010d3fa7e7214
1010 68471603206b349f
1011 1250095c44462912
1012 fe45797821848d45
1013 6bd257f6d32ad128
1014 5eaa04ff9cca9a83
1015 a3f628220c7b71b6
1016 e8b4c244b10fa731
1017 569aef43b32783d4
1018 6525ef92fd83d08f
1019 bdc6f61f99217282
1020 d26e0d8d69b23235
1021 d8953e0591788318
1022 e29cbb9ae884c133
1023 656e65cf6ee12f9e
1024 923945cee8836ad9
1025 6b3fcf843ce1dc3c
1026 b18c6cf39559cd27
1027 dc4819a70c94713a
1028 5b93157e36a2f62d
1029 79549db803532e70
1030 5c1331f87e4a5f53
1031 436c94ee6fb8cdc6
1032 34f6077752db5439
1033 b747aa769d2c3c9c
1034 b88e76b0eec0e187
1035 16ccb570e22c881a
1036 bd46e60069df4f75
1037 70cd798562fb7f58
1038 72a01ee8743a7d73
1039 51047724d2bc60e6
1040 10f5f0567aaa6029
1041 3edb5b3e5a97c98c
1042 d952a75f37b6f1a7
1043 181c1f22f0e746ba
1044 df8b356ea060b405
1045 ae99738372eb3ae8
1046 657784e391c6de43
1047 671fb3743c0bee76
1048 6df20c92768c0c29
1049 a969cfba28dee58c
1050 edacef4aa13e92f7
1051 0471115af31afc42
1052 ab575a2483eacaf5
1053 99d960e3a5195fd8
1054 c66e8377bf479e2b
1055 68386322d1819d3e
1056 41bdb7f35ba7e6f1
1057 602f8bc18bd8d594
1058 35a1b519af240567
1059 6b61fbf9363d807a
1060 47f909a29e50e685
1061 9ed5d6f65c395168
1062 bf748383966e43c3
1063 7e3e46841a0fddf6
1064 d806ea18c0699b49
1065 dd107db15d568b1c
1066 9edd6092f146dc6f
1067 295dd9f2246cc4e2
1068 0179761c2d681595
1069 9066fd904374ab78
1070 f2dae2ebbf410893
1071 364cf0fbcf503806
1072 6bb7c3e97e2bf9b9
1073 09c7f07e2cc5a21c
1074 a9b8e82f6ed7b707
1075 799e6db80334079a
1076 48eb75abbdd1738d
1077 aa62fdcd5932fcd0
1078 e4c514386f4581ab
1079 ab1782a8ce993dde
1080 24f384e1d0536801
1081 5416fb1952b6fde4
1082 d998a582959b012f
1083 60b8b134cb9028a2
1084 4ccb8cacc7414d55
1085 af118790ddd29038
1086 a8a922bff665461b
1087 aa434b990fdc036e
1088 61bd853b21eb83e1
1089 1e44442ac4e81a44
1090 8334a47f3271ea8f
1091 0e8f190665680f82
1092 143475dda6d2bc35
1093 d892858c04ddb618
1094 0d3d81e5e9e72e33
1095 2b43fe4ed5013fa6
1096 89fc11ca94a39799
1097 dd11beeeb6559efc
1098 3337daa7d6471ae7
1099 476353bd1470dffa
1100 5144848ba35a1b86
1101 823ac2162cc5bd33
1102 918e9b242cc87198
1103 35f589db95df731d
1104 699dfb2130bd8d1a
1105 3b87fe5d3bb89c37
1106 4b546e43e37815bc
1107 83a3d53b7c448ae9
1108 e59018d40879db26
1109 86b02caa6b35c563
1110 88a62ff4724eb988
1111 6f717a773727e40d
1112 6a22c72f365b419a
1113 46bdbb8bc398b4b7
1114 cd9dd67ac56cf9fc
1115 573815d51256f9b1
1116 225532e02da3b50e
1117 0d6fc19b2f99304b
1118 0afa0b6a75617e90
1119 8a0014c3d93fe495
1120 e66a7ebe0f773e82
1121 0ed5bd7b8979a81f
1122 941f7838941f8f14
1123 250fdebf495e0129
1124 cc6de13236855266
1125 f749a08b3d14e1a3
1126 9426712c53d4a7c8
1127 20011fd2db48b735
1128 12af252bbe621cca
1129 3955f776a9f79fa7
1130 39c6aa33f4bbdd5c
1131 2a9945bd440b4791
1132 bb90de36488d8bee
1133 c1d50c4abdf7342b
1134 b17c16bfeb3a4770
1135 b7de59b2b01319dd
1136 669e2e51648fb4da
1137 2cb0800df6ef0df7
1138 25eaee0ec8ede52c
1139 74dd217fb7b296e1
1140 0918f7a32737c77e
1141 b8a82524f51573e3
1142 9d8e0d2619f1b260
1143 629821214874aa65
1144 d4c3bd6800154ae2
1145 9493100f517e58ff
1146 eaff9211ec2195f4
1147 129cf2a3ea7f0a89
1148 b858bc89d47fd56e
1149 2967d37636ce52db
1150 ba36e1100057f6a0
1151 05e6686a6c0d0da5
1152 74876017aa951272
1153 99b1cba1a567fc4f
1154 96780461099ced44
1155 622be7368b1937a9
1156 f821cd2bedf11de6
1157 58220e801a0b5d23
1158 376f05d8dd093748
1159 d67000c0ca6187cd
1160 5b0bff67f51a4c5a
1161 f4e175053e58a323
1162 fe1232b5f608d9ac
1163 0a87c96d4b196305
1164 45b3ea9af6d20b1e
1165 d47a26eda1462c47
1166 f142d0f9ad1f3830
1167 4c47e0637bbc59e9
1168 ea69332559e8d012
1169 dfc58ed892eb87db
1170 ef4d6e52073f6aac
1171 fe43ef9152de2d65
1172 c680a33b576f32fe
1173 31cf3585ade646a7
1174 370c050c3e952190
1175 9cd6a501801425a1
1176 9cc747a40118452a
1177 a91c1c0d3ae3eec3
1178 d52e6dba643b6dcc
1179 e60677513669a185
1180 2d32e6c64835099e
1181 8219f44696a2f6df
1182 62bac89d006bc5a8
1183 69fab6d3da01a141
1184 e30031446e679522
1185 40c6eb3baec1105b
1186 d8eda1e66ca00704
1187 7ed24e16d34b7b9d
1188 a9b0387021deb676
1189 835860522ec19cdf
1190 015b9bbe58e563a8
1191 99db77dc91a1a2f9
1192 f62a8afefe856492
1193 96d51ba5e84b988b
1194 5c4b20cdfd88b234
1195 d2e3d2156fb99b0d
1196 850c20fc099c3ee6
1197 cfeb1073156b9b4f
1198 ba12c1c6eaefd728
1199 278f79cb0d604fa9
1200 ebf6361bdfb76dd2
1201 b3f2308bbcf254cb
1202 2fcfb1fa7e2a3b74
1203 d7f6f88c3f73504d
1204 3b824ae5b4bde826
1205 af0427dbf4b7094f
1206 63db89efd6533ed8
1207 755381fb228254b1
1208 a1f2528dc238409a
1209 eabb69602b90d7b3
1210 a894e92ed8f4a9fc
1211 3b502c10648429c5
1212 4c056cc287a69fd6
1213 a81f7e562379fcbf
1214 8eda46f98f6db508
1215 7f01116db8aea6a1
1216 74b0f7dbb4bec8da
1217 a6b6c69520db2583
1218 502dcba540c7458c
1219 8ac119bb4103313d
1220 2a8e3f8573e64e16
1221 9103dfefcd0c57ff
1222 06cb6f13fd69f248
1223 f7a6c3fe6af0fd79
1224 2c88436fb3903812
1225 747a4960804a570b
1226 d8b3a1cb77d611fc
1227 9eec8fd1e14a8735
1228 8e27c2523f1de08e
1229 dc82ea5ad2b92ca7
1230 88a74522e48c7f90
1231 d5644d6bca8f4549
1232 1e9cffd110ce8972
1233 237bd4b364b2f29b
1234 b6aaeb1502b3a044
1235 2db19fbae94cff6d
1236 5d8048dd1c3a6cc6
1237 b5ddcab9658e522f
1238 0ec71bc097e473b8
1239 adaa461517d11c91
1240 ad5490fd33ad61fa
1241 ab4b86e2c869d3d3
1242 2a26f7106c67ef9c
1243 be1ccfa383e2fbd5
1244 85a734d376419d2e
1245 fdf32f9ceda09f57
1246 6d5f16bf76ec6b40
1247 e3cfa714c2b65a51
1248 42e6d96a9d78204a
1249 e480d891d0f0e5e3
1250 daf6ca8c775e176c
1251 8baf20fccbc34125
1252 356e3b43ab84efbe
1253 86a821307a7d570f
1254 22cce101f9d6b3e0
1255 a3d59b0b9deb7359
1256 e57fd09ff6bc2972
1257 069fdc9cd58fad6b
1258 b92ab8b03e9e9d14
1259 2e5fd9f7d9f854cd
1260 aad2cc0f550cfea6
1261 b1ec7100c408290f
1262 49e39b0b079d6598
1263 bfd897aab0740371
1264 bd70b9e536c6caea
1265 7b93840c52160e83
1266 8aef4e64dd2f628c
1267 e99b6d63c8f33545
1268 e75d556d7406bca6
1269 dc920bc8ae5bef0f
1270 8732dd1ac5eeb398
1271 214e49055d46f171
1272 a84dd662617a145a
1273 7bbcd6404c615873
1274 56215c6e7a53d7bc
1275 b84689a8dce8d97d
1276 71958ce9537b5156
1277 327ae0e59855cd47
1278 32a0cd024a4b5d30
1279 7b1248360f5d88e9
1280 327a24d321d50a12
1281 9f871ee890e9b00b
1282 ce3274a50bce1524
1283 a2fbbfc3400d977d
1284 134828871d0b2756
1285 b3a26c21b7cb903f
1286 98577e4065cc6488
1287 1ed1ce9efe14d221
1288 bee7580d9afb650a
1289 22a25df0fa0df513
1290 211a2c2ed6c61edc
1291 5a40eb7e8452a615
1292 b3b08e4d4075516e
1293 5139641e9c1e4797
1294 f1441d3c99b41380
1295 b94b934780a3cb69
1296 14e05e4f005d3a7a
1297 86b7ac16aa53fb93
1298 9b683359e076755c
1299 b0ad6bc2cd034095
1300 b3ba2424dd9c2285
1301 90d4dd533a500e20
1302 bdd74a51fa81ee13
1303 b263d57016a2c5ca
1304 6298e523a7bf4f69
1305 cb7d4babd25312f8
1306 260567b37b182767
1307 a65afe86c0a29906
1308 79a8915aa8dd2e35
1309 ae8043760d719d84
1310 e35e70e82a1c4a8b
1311 2d0bb1653dcef43a
1312 0ea8926da563b789
1313 75bf88c5ec5200c8
1314 3f105f791d2a97b7
1315 adaf427af1d580c6
1316 c5e2506483d7cb75
1317 48aaffdefb1751d4
1318 7a2616f873bc1933
1319 e68a15a8e56aa922
1320 3792bd25b97d6c91
1321 8b564a6b77179b80
1322 f5dc1095dda4620f
1323 4589754f5d1a329e
1324 cf2728c923d82eed
1325 8cf6d0b632641574
1326 8655414d9272f2d3
1327 42ddfbd475023c82
1328 cfba44cf23b19021
1329 4e0001e67ddab5d0
1330 80ef15265ebc331f
1331 33236b0d3fe5f136
1332 d3b1e94aedef90a5
1333 bc28f6ba01883b74
1334 4cca290a1be36653
1335 7963929c2d817302
1336 a2c41ffd0dd7be11
1337 64c366fcdc46e230
1338 18f88d23aaab1bb7
1339 847c75f5b1f074c6
1340 e31132673025f2f5
1341 fd212ce81de0cbc4
1342 e77a166f5f9749e3
1343 335cebc385964a92
1344 033fc6dcae3b1fb1
1345 7b98068a4ba5dda0
1346 79562e4da9e1d3af
1347 7242b1e6b8bf27ae
1348 b1d9e675a1b4a93d
1349 1efc2e806145cc2c
1350 f8cb528df5c350eb
1351 e3c678419b04371a
1352 af1d69e298c096f1
1353 842382debf5e8cc8
1354 4a36155af45f33b7
1355 cf2a914a15a04cc6
1356 04a807082cd96775
1357 779875c87535dec4
1358 aa8100750d6c71e3
1359 d388f4297b144192
1360 5d3cd77510093490
1361 51a3ae744aa6904e
1362 e0bdde041d9fcc21
1363 1f5ea29b758454e4
1364 53e02f64b666ae9f
1365 b2ec06eb5ebce51a
1366 cd794cfec2c6a05d
1367 5937f93576326db0
1368 a410254ba09ab1fb
1369 9cfa0afd09684126
1370 25b0353a9de37749
1371 9cc8f0485963795c
1372 29f0f8209dc936b7
1373 23ed5b00cf344932
1374 3d3bef23c8ab9b85
1375 6e01347e1950e9b8
1376 472439f169577b23
1377 8565666c73c833d6
1378 79b39b12391a01f9
1379 e3496ecd8741f80c
1380 858eabba430a605f
1381 da380a3f1508fbda
1382 2c0091cf5215a2ed
1383 2a0b440dae63ea00
1384 50055902f156338b
1385 e4b76a3042510376
1386 5af3f202a4808919
1387 6dc4b1007e9a08a4
1388 ee77e9ccde8fe75f
1389 6ca281f227e23baa
1390 152f560f8a26433d
1391 c1466b5ec46e9090
1392 97866b0d1a2e5c0b
1393 b44a833f7935cbf6
1394 e0ca68e5dd6324e1
1395 466b75e630dee2e4
1396 eeb00906803b419f
1397 deb3cd873941fc1a
1398 41be61ed734e142d
1399 b5493b1879be7280
1400 f04c556d34bebdeb
1401 b84aa28815f618de
1402 3f87667fb43d37c1
1403 482fe17bd7454d74
1404 358661c9d1c9f3ef
1405 0e79a280c40f2cea
1406 78dba7afaadc437d
1407 2e5194907d59b580
1408 725acd23d191cc7b
1409 55701c5b2ac149a6
1410 62baba6d477077c9
1411 43d448548b33a9dc
1412 0c38033812b60737
1413 7ba22edad57619c2
1414 c7e43ccc4a28c715
1415 261bcaa31b3c60a8
1416 379184a836d2e0c3
1417 868da4f9372154ae
1418 99719e9088a1d211
1419 fc0c26ca692ae344
1420 0d6ffcf1d8450a7f
1421 0fb280a19144b67a
1422 574ee90e3aa8f455
1423 1ae63661d1f70dc8
1424 aecba6d5ac1aac33
1425 206cf560dca17556
1426 2210d79160a34d79
1427 b2f626555daa598c
1428 84cacf51450099a7
1429 c82429dce70dc3a2
1430 334f9b730340f1f5
1431 0773a34527a044a0
1432 022895b734e80f0b
1433 7d60277343bdfef6
1434 b894e59744f1f099
1435 11d96e263dc35a2c
1436 94c50592e7837baf
1437 b9b16b9560fdac0a
1438 e2d0e6ea7ca9381d
1439 f10cd1a145ab3570
1440 6a17af383a0af1eb
1441 ea5cfaeb153196d6
1442 78f39ffa5d18b4f9
1443 4e3615383e96dd94
1444 48a2364c18423f8f
1445 4fdfdf663bd9e30a
1446 c0ade32c8589861d
1447 0b1c48fbcb096370
1448 5f72751a7f20135b
1449 e06cfff8dae09f86
1450 6752c72603a93459
1451 32b6be16dad11aec
1452 52480971044b9507
1453 3831563551c40d02
1454 3982cd5b6cc7c855
1455 dd31851c460e75a0
1456 9f3adf98709e231b
1457 8f105a3dcc43ed46
1458 a2ddee4eb0a2b869
1459 1114e41116bbcbfc
1460 69edb361ba04e2d7
1461 0c5cde57181e2112
1462 233152610c8098e5
1463 dec8819ee067e398
1464 024bf1c97ce0911b
1465 9e1823afe04c7346
1466 10a8fcfb1d6cce69
1467 5b0842d55d3e226c
1468 5160153669611d87
1469 947e5af58649a282
1470 f20463ff118c5ad5
1471 0415e4fc04b49a20
1472 99bfce120d0d739b
1473 25e36d7427f4d4f6
1474 8a8e6ea17851e099
1475 f3c540089de6b02c
1476 517c4bd844324747
1477 e3c6a5793e5d4a42
1478 cdc003977df1775d
1479 c081bc665c845a58
1480 711ef7d277023693
1481 d111653b586e953e
1482 704095a7e5b40ea1
1483 eb1a8b499ce4cf54
1484 0256932e9045734f
1485 5e388cf07824a16a
1486 ef27952144a5bffd
1487 4e558b2910ff8b50
1488 f905b39ce348a7cb
1489 090a1cc6368e58b6
1490 a2923194e0d72259
1491 c3872e2646f9701c
1492 44299582d8621f77
1493 d0a0e79fe4ea0df2
1494 666f7485f8aee745
1495 945f39bbe02ae078
1496 df57a64f57a40dd3
1497 b88c2684eff536be
1498 7af2ded9d3516a21
1499 d249b2dbf063a9b4
1500 0ceb56651dc5942f
1501 5daba35a56b5442a
1502 85e667c49b109fbd
1503 3fdddf57c960f818
1504 4c149b21cccc5503
1505 ccd405fbef6680ee
1506 356dea64c78897c9
1507 580597f65da2a9dc
1508 6de539c2c9031037
1509 9935f848069d3eea
1510 2db03f48d366ac7d
1511 df98ea0d08f6bcd0
1512 5f118b52834ce1bb
1513 c5b688e6f01f57e6
1514 9e8eef7d054a0309
1515 43268d96b46b74cc
1516 5b380d0b3a3b9ae7
1517 e6746e9ae50956e2
1518 141470267ff98835
1519 719765b4f40ad828
1520 68e9a84e2b905aab
1521 0b321a68e90dae96
1522 2a28e66672e378b9
1523 7f53b39b64ca3bcc
1524 b415b72de14a68e7
1525 a64ba469e8dec352
1526 c86328eb32bda125
1527 f3dc8a0f67670020
1528 9588fac1c8ddcacb
1529 7e99de1594572bb6
1530 e51209dfabeefd59
1531 482f58ee11ea5444
1532 f0809ff00b4fb47f
1533 f16a6e733748db7a
1534 d4cca3e01afe609d
1535 fc991aacdbb6b3f0
1536 7f5aa48d6722a56b
1537 4c41e7a12c86816e
1538 6643ba9959a81bd1
1539 a2a9151cc4c05e44
1540 313024d395c3717f
1541 b78979830e040d7a
1542 2950fff639dfe00d
1543 bbd0363e26090be0
1544 3070a49b6a443aeb
1545 3ee925fb2af2f7d6
1546 ef707f403609e7f9
1547 241025f83a1b260c
1548 35490c60e593752f
1549 4ace21c0f263dc2a
1550 ccd0ce02b461c1bd
1551 af95adf1eee15b10
1552 601923d2f506f18b
1553 62aac67504e5e176
1554 674878197a3c9719
1555 55c1b4f463d76abc
1556 aec38e2f2ab21897
1557 b05c1ac182bffb92
1558 e67c3454d2a4e965
1559 df08860782d3d018
1560 b8f5d3bb2dabd433
1561 0fb46e1ec21c0f9e
1562 df7c5e3748523679
1563 47437f41d17b848c
1564 4bfc5471a014e5a7
1565 0d8dbd022ab291a2
1566 db2f64342bba90f5
1567 3877d6938e504dd8
1568 d2b187c3e5a5ccc3
1569 60939d2f6c29ee5e
1570 abd36a268f929341
1571 b72e3f81c42822f4
1572 ed70b8414672296f
1573 75bef38b15f1505a
1574 dcceaa8d0661116d
1575 059369cb3aece9c0
1576 0e61f0bb7ce8ee4b
1577 d2eb33f19a660b36
1578 8673308b23bfbcd9
1579 940ace47bb5960c4
1580 362570064d8d83ff
1581 266a8b8cf72b5ffa
1582 0d2851600b7d7c8d
1583 8fb7b7968432be40
1584 c18f59b4c91c363b
1585 bdd7ddc890c72276
1586 ebe7cb0a75a8e019
1587 912341c408e791ac
1588 ba2c4ee6fc161dc7
1589 a354b7ca38ee37c2
1590 03825b3b973741ed
1591 64b9eede6c4817b0
1592 d9918e15fb97c1bb
1593 bf75904573644ce6
1594 2b12af7221931d09
1595 19d35892148bc41c
1596 bf559848ab247c77
1597 3e089cd2efc7e532
1598 55206777aa0f9d85
1599 df74d08802a967b8
1600 ae1cb83d01caa723
1601 a05a98087225b28e
1602 2d13fc0658830df1
1603 beaacf161be8de7c
1604 19fe5fa5d85ae1af
1605 18af67e8f4e960aa
1606 1b8bf3dd61201b3d
1607 b61174b149567590
1608 a14966d27e68877b
1609 2a0b6e7f9b4f956e
1610 de57ec133d13ffd1
1611 81c317960facb83c
1612 16d1e9b57157c117
1613 049c5779e0194f12
1614 8e14e0a52dd3fee5
1615 d2181ac9e5096f38
1616 e86d53129c0848a3
1617 b638ae76096a6b0e
1618 d0ed733b7b83c321
1619 4285a0dc923357d4
1620 371c4d998ee0d5cf
1621 b91f241bd86bb54a
1622 11d66413bba7f25d
1623 76a9521794ffcdb0
1624 ad881dde059951fb
1625 14caf6195f699726
1626 4a2bb2b115be7749
1627 ec5787632fded95c
1628 713333c77fff55b7
1629 f7c2fa216fd2a932
1630 1953170799c48185
1631 da4a0144a6c8e9b8
1632 681f3d76a4830f5b
1633 997b810203a1dbce
1634 d787e3e669ff0b31
1635 0fe14415c662e7a4
1636 8d05547c430a605f
1637 67c7d00f4e8434da
1638 ccf603a40eb3c2ed
1639 e74c4d47b86f35c8
1640 9748ec3733720b63
1641 41aaaf3c9ceabece
1642 c94ce9785ed09a31
1643 37a469e7cc47c2a4
1644 10122b00d713c75f
1645 4d0c3c66c4adfeaa
1646 68b3e46f0a1c6a75
1647 f4d3c9544ba06768
1648 b06544a2bdd111d3
1649 9bc9b84ffe92c87e
1650 b096c10b6f6904e1
1651 103cb0e630dee2e4
1652 d7ae0fc468e5a49f
1653 704a68d65f32ff2a
1654 8b8b2992fdd3f2bd
1655 657f5e80accea510
1656 c2cd56c974e8c7db
1657 abd342b77f6bf8de
1658 6ab2fbba662317c1
1659 c596e233981a3e74
1660 60a1e2d199ae9aef
1661 46a92146251a2cea
1662 9e46045cfe1d637d
1663 d0d0899842905280
1664 5b86139a8acfac7b
1665 366ce009e93553a6
1666 4676636d477077c9
1667 8f3541afcbd39cfc
1668 896619cad0df1bd7
1669 40a75703122b0462
1670 0a0427a125cec3b5
1671 aa14dba31b3c60a8
1672 1527d7d243e66ac3
1673 57da2ac6bf087eae
1674 f31fb47d78b76d99
1675 cad9834fc925e6ec
1676 6ab79e9c8de36107
1677 98245127187ac002
1678 f282f2d56e8d0655
1679 2013e32376338bc8
1680 e034b91ca528b933
1681 c68e5673e3577556
1682 2b24cf231ea75b79
1683 07ef7b03ccb8398c
1684 035d2f6d7fec62a7
1685 3a39fbf852ec5aa2
1686 02dbe4730340f1f5
1687 4f6926c6c54fe920
1688 42fad45e365de0f3
1689 907f64e6461f011e
1690 9ebb46a539ba9d01
1691 278877c582f19ab4
1692 dd7fd2738df0342f
1693 a928b5ffc92ca7fa
1694 6e3f1fcf68efa48d
1695 d66b7aa75882e218
1696 2d72a7fe5ad10503
1697 62f45c8ae2e4daee
1698 be566a787c1afd51
1699 e5b6ce615d70e5c4
1700 a3a1488599a190ff
1701 c89054c879bf04fa
1702 740fe4f63c92771d
1703 cf8eef1091591d40
1704 2c0f2deb077a2ecb
1705 b15cd33a8b15e0b6
1706 23d6f7c517483459
1707 2cc3fbfa8f80f7ec
1708 64939405eed07507
1709 cf460594116e205a
1710 5d07243765225e6d
1711 094b0a1ca1926ac0
1712 40549670be9f80bb
1713 39fae5c3c89c3fe6
1714 7b451f819625a409
1715 0d2ce3e1518d7ff4
1716 722dd83a66116ce7
1717 8d6605ad84d678e2
1718 95b1c9bffa161a35
1719 244e45a7076ce228
1720 1b19d3389474e063
1721 159bcfbce32ed5ce
1722 c7e10a15455f3531
1723 86dace7100f6c25c
1724 10a975583cdf55b7
1725 1567b54e39ca9332
1726 daee4fe64af38585
1727 84a97006ba8545b8
1728 f2f4845e6d4d5d23
1729 0577f6f4fe29048e
1730 99b289db19476739
1731 d52b3fdf6507df4c
1732 3041f956fb9d9667
1733 58340e98a1af896a
1734 dc59a4af9ac627fd
1735 d2907db468367350
1736 17af25304cb1273b
1737 0e24f871f2f0e236
1738 5205487b365b5fd9
1739 e6896cf42a5dc12c
1740 54fa2bdc01531947
1741 2516f58bb1569242
1742 ac1d714af7e79f95
1743 915a5cf94b9c8408
1744 36da824ce7d16573
1745 a5f7d82b8d7c2fae
1746 8e7469b48490cb11
1747 7637ade0bf269e84
1748 1c34bb800f32f1bf
1749 5159dcad7932c6ba
1750 7a6b02a820c47e4d
1751 949b1046fcc05f50
1752 d202e720db0632db
1753 5c9a2504a8537c06
1754 df68e51591663e29
1755 525e75cbff454ebc
1756 1db84950e6e77697
1757 bf9d6fb7ecdcaf2a
1758 f94fccaaadee3ea5
1759 cf4d09dad783c858
1760 ee1066b2e9929743
1761 8cb3a6ab56aa432e
1762 f5e438ae8b1e4991
1763 394cc7f7aa4c41b4
1764 6d63426c9914e12f
1765 4dfa902d6d59222a
1766 63dddd152a3c52bd
1767 c08ff7b63aa01910
1768 3aa4ad135c692cfb
1769 f27c55dd6bed2f56
1770 ef9dd5c48211a179
1771 97f9239271239d8c
1772 c1138b6892a0940f
1773 0a5ca2090a84558a
1774 cfa4dfa4ec9c519d
1775 af9a7971b0ce4730
1776 44ac109d431b5aab
1777 1617401a1e8d0e96
1778 76140d2d719f1bb9
1779 0c9438ffa1f55654
1780 d29dbc52d2a83a4f
1781 74b8c898260fec42
1782 6dd5aad65d129995
1783 6ad04b71fc0a5e08
1784 3905bbae8c9b3383
1785 ec438c376581376e
1786 ad08a145d0ca8761
1787 afd7c0be36f59b1c
1788 e35d39173108ae77
1789 cf6c33441bf0abf2
1790 fefb9c0c077f5a45
1791 a95c92f13c1e9e78
1792 cef44668fe9d8ae3
1793 b77b23d60884216e
1794 37077c6955c17bd1
1795 3bd59c7d10f3be44
1796 3ad1b4fe182c717f
1797 65bc4c39312b4b7a
1798 1fb4991b2d1fcf0d
1799 4d028ddd7d6d36e0
1800 85d42139b286fdf3
1801 8814545def54de1e
1802 42f5034360828501
1803 8e8d266c9170ecb4
1804 2b26a9b403d5b82f
1805 811ee3c53313a52a
1806 f6a14c02b461c1bd
1807 849fdc9a95f06dc8
1808 cd5e2dfbd3157e33
1809 f07a11e0d817f75e
1810 4e1b21e1b7d67241
1811 f322e3f463d76abc
1812 ddc970e5faf44197
1813 ba18f45417809b92
1814 8a49a1c24f4407ad
1815 160b29d96bcfe800
1816 3866cb43c62a5d2b
1817 563b2479311a8656
1818 d2fee65d3e55d879
1819 c800120f8f5fa48c
1820 932a50da3804f0a7
1821 8f0bd93ea53dd612
1822 c5c4a8d9a49c21e5
1823 9f7be9db8062e0c8
1824 0b5bfe74cefbbf33
1825 65cbbff86e77ce5e
1826 2ba16f268f929341
1827 49f89cbba0a945f4
1828 bf5149343e0dda6f
1829 0dc59b0f254f3b5a
1830 30a67db4ee87716d
1831 98ef6d5a1801e9c0
1832 95c4caeb9551254b
1833 2244014b30bf4d36
1834 ea5af1d9548c8ad9
1835 819d6b4d12de48a4
1836 1e1dd233ae76095f
1837 063356cb14d189da
1838 70085603fabd73ed
1839 ed04a76faba7fd40
1840 76155e0836fa563b
1841 8a0dcec890c72276
1842 3b8a198b998b1231
1843 75a384c68ef5f6a4
1844 1c7f04a3bb006f5f
1845 95385d866dbc6ada
1846 f5bac23b973741ed
1847 4557f1f03fb537b0
1848 fa7506581812a1bb
1849 e783240dec51ace6
1850 caa83d408df14c09
1851 bd69861a2755c41c
1852 3a9f6177a7bb9377
1853 b664e5bb300e8532
1854 ee345f34d00e3785
1855 68d75a8f5e2335b8
1856 c44af453d1bd58fb
1857 672271004f2fc826
1858 bf73ea7d61045249
1859 a591b7caa9f08634
1860 97973e1ef2fadcaf
1861 992518e8f4e960aa
1862 8bade143c1e5b83d
1863 9d2ddfa8d5a749d8
1864 4ab47f57cff07e13
1865 0e5ab25b868f9606
1866 ffd9d2e9f0a2f329
1867 56c16ea1de5701bc
1868 0d413aca4ab02697
1869 8558000804b56992
1870 2d24135ad548f095
1871 7ad26ed41c076f38
1872 26f42579aa0de2a3
1873 6a3b4746cb27f60e
1874 a17f237ce3506f71
1875 a5a17621e17a54e4
1876 2d9f998e49ec939f
1877 020574e07889161a
1878 75d54e301feb7e2d
1879 74871e9e6c8b3c80
1880 659bf669cba2d0ab
1881 17a8f63b457e9726
1882 4817bba5bb90f149
1883 858e2bbab89d795c
1884 e20f613623d5947f
1885 a95b3ee8668ebb7a
1886 efaeaff348a09d0d
1887 d16f60bae98b3998
1888 cb22bee11d32c183
1889 135c788898451b6e
1890 c80c84c1215fd5d1
1891 1f48dbc0af7ef54c
1892 9bd82ed3fce5ad67
1893 44e87082747df63a
1894 32e5cba4186d81cd
1895 0cda4754cf55fea0
1896 e7abb0357c9b96ab
1897 690610b20bae1f96
1898 df864bc7bf96ee71
1899 ede82c5d08a3abe4
1900 9b3ee3347c4fcb9f
1901 dba6dd6e21f49d1a
1902 e96e858d7da0db2d
1903 053582d078d41580
1904 499b046ef3ca1f7b
1905 6e59480025ee0176
1906 a04247e8672e5719
1907 167a4c96aa7e98ac
1908 a1dd0738936104c7
1909 2f6249829613fec2
1910 9e09637fd1a4b615
1911 476c86fd5b6985f0
1912 d7d09df9b01628fb
1913 a434ba25b22a5e26
1914 12a0c916065f7c49
1915 3812acb9edf8385c
1916 40f1366e2417fcb7
1917 66837f5487780d72
1918 bc3d751c4a4e55c5
1919 bb24e5ba41d26718
1920 03037904c07df903
1921 eb9f2c9a913d0eee
1922 8bbaf6d7b820e151
1923 3db51b75c7cfd4b4
1924 8c9083163504402f
1925 b8411a84630ded2a
1926 5a061656b185cd75
1927 9f8e6b9c04b3e668
1928 f898d0356ec55483
1929 74fb7c995d42a7fe
1930 96acc69318959461
1931 9ff3cbc31b3ba614
1932 f198abc44747340f
1933 751725024251f58a
1934 4606ef919a1d719d
1935 580cdcf8066d0dc8
1936 8ad7f525f0c6b933
1937 3d6df2d1c9bbd75e
1938 7651335e531c7841
1939 9fc61317f185eaf4
1940 54eb1ca75888b807
1941 388a6ab261b2af12
1942 461194092a32dee5
1943 07e75948d369c998
1944 e2b466ad194be3b3
1945 e135c5214f32cede
1946 6473b31976233dc1
1947 3c3f14450ea19bfc
1948 a29a1ec929f8b2d7
1949 381de950ded621d2
1950 493dff3b4b3e0ca5
1951 eeca4c82460dee58
1952 49b9b1a210a95343
1953 d4f7aa2e97b77aee
1954 ec770485e9cf6fe1
1955 2f67d03a677ddd94
1956 8b6acc84dfa6148f
1957 dfff83c9c18cea0a
1958 e78041d37a38861d
1959 718f7dea3f209948
1960 5bcdfc52357be1e3
1961 38e6b5dbaadffd69
1962 65f54e8199f3fb16
1963 8d5cb4373e848cbf
1964 a2680086c543fd08
1965 6d95b9c862db7961
1966 78a774b4c5eef242
1967 69b3faf9f9ca59db
1968 15fde7682b1f2d1c
1969 39404804a7e47d0d
1970 44c942ab66e2f65e
1971 cff8c656c6fa0587
1972 70ac985991fa8cd0
1973 5da8bc3283146e11
1974 eb4d36691ecc76b2
1975 84562d997a471383
1976 b30cbb3b0afc1e1c
1977 3e2037898272a80d
1978 a85be4a52bbe3e5e
1979 d9daf81d62ccaca7
1980 0766047f7325d1f0
1981 e0ccfefdc8226131
1982 ad7696bc7a3d2d5a
1983 5a764c7ba15e0bf3
1984 acc0641f319b27bc
1985 b81bd0a9fd4ad12d
1986 45a9ff5b80d62ffe
1987 b85c99e41dc41647
1988 291281ed4671ca90
1989 383d4f4e469db619
1990 8bf450d86c9bc07a
1991 15c3cd4d56391713
1992 17571d0b548cf0ec
1993 3cab081e202a3d5d
1994 2f31002d9ee2382e
1995 d68a41c6ceba21b7
1996 dbcdbde7fe04d980
1997 37fdc90de88b3141
1998 3d3660b556a3e3a2
1999 3f3d2096f66abcbb
2000 f36819ce817c3b34
2001 f5fabcdf4d36ea15
2002 c794a22eefaa9d06
2003 22052b3c5513374f
2004 665c944537b6ecd8
2005 ce13714f69cda279
2006 d41b12e72359fc5a
2007 e21d46d268688423
2008 4b52de269a7772bc
2009 0480aedc465525ad
2010 b87a508244e5cb6a
2011 fb806faf7bdb3007
2012 c390d7cb068f3694
2013 5c19e281770fa021
2014 7ed7e3af36d3289e
2015 f5f28f56a811502b
2016 941d8417ddfb84c8
2017 3e0e6b0d2688824d
2018 4f2cd74b80f20b3a
2019 3fe525bba5edb967
2020 3253a15da493f174
2021 c655ca2df504d550
2022 cc6a5585fa0ba741
2023 e98cd85c1572811a
2024 1f011642dc6b61cd
2025 67a3d861da609ffc
2026 86ba4413be861ba7
2027 3494c75ec0f81a6e
2028 9a0735bfad94b0c9
2029 0980a2bd651cc6c8
2030 181d18c9c21b3853
2031 5c5b16e847a4ac32
2032 5f09c2373d98cfcd
2033 80d96d9a88a8d12c
2034 4de3b819d4f65b17
2035 6f286c0cddfddd9e
2036 cc99021037139e79
2037 8949d3028f0c0a40
2038 f32b7d15ea44803b
2039 36d67601e10b1e32
2040 a2e075a6507f39fd
2041 1ec165299c2db15c
2042 555f8d68fcb20807
2043 732fbc4b8876b826
2044 8b12912c88606201
2045 8317350894815540
2046 c7ecbb2cc6af256b
2047 ccf91eeaf7a109e2
2048 9a55cfd9b7a8017d
2049 968c4d722862c48c
2050 4764031bd0814877
2051 48a72f66698a14fe
2052 70f575dbd71c1081
2053 3c579318b67145c0
2054 7128938c66a35ceb
2055 f388ad0156ac2462
2056 acfa4c3eb6cbd82d
2057 7e1fbb8d6a6e1d8c
2058 93b6843c0b603977
2059 ace119373cfa84d6
2060 c867a84640a80af1
2061 c52053268e5bb7b0
2062 003883488a0c2f1b
2063 fcc9c05ca71c3192
2064 b53c640ef912a6ad
2065 70898ccaee6588c4
2066 379fc767f4de9b67
2067 b070e98894fc3d2e
2068 f7bf4deb55f1ed89
2069 6dda386f55310408
2070 b26dd2cda83b3e82
2071 40853031b694cd5f
2072 79974bf4312c8954
2073 08824e88fa812a41
2074 6b24cbdce9a5ebfa
2075 9f6e21b6f6c0d33a
2076 9fe3ca6ac7d0da22
2077 01bb09270fb60569
2078 968cb9dff707630b
2079 c438d0c31e81b61c
2080 b98e6f473f79b9a0
2081 e42740c59aef9de1
2082 b62ce39ac1c04f7b
2083 e6a0e011e4a22186
2084 20a058fcd04e5a36
2085 6562bcec48f1df44
2086 d3427aaf73249eb9
2087 f653827e0d3e65d9
2088 017f9effbee0b55b
2089 12a73bd259eda0aa
2090 9649ee8f885254a5
2091 b9b8fc7f023db51c
2092 3e51f19b98e75b9b
2093 9f11f3292e937db3
2094 0b1ebab9191b4921
2095 1a46b898209177c3
2096 dcb8df0fb7ad8fd1
2097 5749c7117faf4a30
2098 94519ce1311083d0
2099 405d81201b08506c
2100 6d6d0f9cfe911407
2101 e30c7534909b4882
2102 927228eb37790a38
2103 55f9bcb89f695327
2104 a73432b781e77be8
2105 0df89f8f3e5e0848
2106 659d35c1436433fb
2107 e2b387ea2177e619
2108 ed678f3a24151fa6
2109 b9a89315bcf29261
2110 24cf727dda97d0b8
2111 3aa79729853fedd3
2112 9c3035509d37487e
2113 81d4c57de5b9561a
2114 7f35d32cb17bf31c
2115 91d274002cab01ec
2116 a2d0eb3627488199
2117 53498a68c00139e6
2118 46498527ba7807f4
2119 036fb211af7c9647
2120 2c24630931017512
2121 2e0205f675215dcc
2122 176eb53ad9a99d0a
2123 e40c80f79d01e62c
2124 56c326b33de08ed3
2125 d2e5769db45798cb
2126 4170a94ff2f0f848
2127 0bd27163f89b41fa
2128 2c82c5b18e095c79
2129 ff1b0f0fced41044
2130 d0a8d2f111c30aeb
2131 4f220628c8fc102e
2132 c37dce9667de60dd
2133 32f62f665efab0b8
2134 0315bf875134b6ef
2135 943e365785693802
2136 36df969559b25661
2137 f16158a63389ac6c
2138 e270a0f7de47602b
2139 c4520faad58c74e6
2140 bbe472bbaa31b035
2141 17792d815f694698
2142 0e528c7d455c1677
2143 a3cee98ded75aa42
2144 67fb36a052e06fb1
2145 1da9205970cf22a4
2146 938df4eb1385df13
2147 79d2029e7c6bd66e
2148 54d88bc27e92d37d
2149 f6b586a24356a120
2150 3bd28957b48a1e1f
2151 4d81c11a25a5a5aa
2152 19f5b32613434db9
2153 eb9103fa968b648c
2154 059edeb4449aa87b
2155 55031b9c3327ca76
2156 7806feb607b01905
2157 2d625b6acf65d9a8
2158 72737ab860a93807
2159 9ccf54ead8b69e12
2160 fdbc82b012fb5fc1
2161 6b6dcb9d9534eeb4
2162 ff44737775d4a1a3
2163 9a33cc36aaafe77e
2164 87002397b95da90d
2165 05ba3ce4de8a1370
2166 96f27b7804ecef2f
2167 02b42ace03b067ba
2168 4c32624004a52109
2169 816f8ca57075a41c
2170 21d902a42641ff0b
2171 e1affa1d8387b0c6
2172 460a89f99aa74815
2173 440461199b5630f8
2174 784bf6258b2c8ed7
2175 ad828c4bf0ccca22
2176 eb79b758afbbc811
2177 35534fc2bc862384
2178 bc044ed537753073
2179 044bb56de5957ece
2180 8b86285362085f5d
2181 d92af82b76578e00
2182 8c41ccfa3268717f
2183 9482121122ecd70a
2184 ae1c95b27caaff99
2185 b14b6f04d54994ec
2186 ab43de5ab04b2a5b
2187 15368db25057a156
2188 b09befc2fe5dd1e5
2189 685b30cfbe6fee08
2190 54bfaa69e9744567
2191 3aef2537cda577f2
2192 daa4f9f918921d21
2193 689bc204a7d8d194
2194 889494d2c3553783
2195 b11eea10ef500f5e
2196 34a5b0cefaeb526d
2197 6389a4922ef4f7d0
2198 5b701ef5c1344e8f
2199 76d8ca2edf145b1a
2200 3fef04b3a39c8069
2201 2dd56d636ea10dfc
2202 653aba133854f56b
2203 36a79af53a6f9626
2204 51ea05a537f10775
2205 273d34e8494fced8
2206 779e84cac5ce41b7
2207 d43b1cc80c14d882
2208 8e381d8e5ba3f6f1
2209 7232f9648b9231e4
2210 bf514aae4429d153
2211 0db1f725618607ae
2212 deeb2553270cbfbd
2213 3ac0252da6199960
2214 4bc7bcdb0da1fb5f
2215 e5d8e64e045097ea
2216 dd755909c70ef4f9
2217 a0dd0a7b3f41e4cc
2218 c694cdbea1e47bbb
2219 3f0ac279a5f434b6
2220 dc478c3605de3345
2221 6d6854fd054d40e8
2222 2d44fafa55cb0b47
2223 983ad0b65f87a952
2224 c7886ec8ba4e3f01
2225 4b09b33497462cf4
2226 dbee9ff1e5aac4e3
2227 53f0e62da82586be
2228 ffe8169e805fbb4d
2229 25ca478b68195cb0
2230 95101dad74aa8c6f
2231 94369be0d68455fa
2232 71747f6e7f21b449
2233 52cb4a1a9d66ef5c
2234 6407edcd4569d34b
2235 c49197d6321b2a06
2236 ec0d6b2211266155
2237 6252a48d5ac60738
2238 f5c455e053805617
2239 5fbe4c780001e062
2240 4b62b408a55efe51
2241 e5600baa7751b4c4
2242 682698250aa797b3
2243 4e7af73b8a322a0e
2244 68fea271a639e49d
2245 e8f60a1a254a8640
2246 5ddfa769a64bd2bf
2247 ca44304a4a40a94a
2248 8263c43dfb2a5bd9
2249 82cbc8bce40b382c
2250 ab0407b2350af99b
2251 0c04e1472b92f196
2252 5b4705e905dcab25
2253 54f83fc08c92be48
2254 fd1a32f2ed5166a7
2255 323cbf47c7957332
2256 4a27157c71419161
2257 482b59ce239ca5d4
2258 b4f7d8f31ed8a6c3
2259 06c51dc53d36939e
2260 bbb6cd6211b6d0ad
2261 79def94d047c0410
2262 60e860710997cfcf
2263 4a23f00d7cbd745a
2264 6e354190b17529a9
2265 fc74e1286184732b
2266 1871f77c9daffb9b
2267 770fae2a8f9820b0
2268 c5d96fe023525994
2269 7beb38d6d6f16038
2270 f7a53b6ab5a137de
2271 7122b416e4ed2d05
2272 9355f3cf06ceaec7
2273 6d7a32d881972c41
2274 08aebd559b588af1
2275 da5225f8a897bed2
2276 9a32dfde17d66e72
2277 f6599cbb14b4e72e
2278 3332e729616c3204
2279 a47b253dc6e7bee7
2280 020bec02318cf325
2281 a9d08a8c5ac986c7
2282 81a08a18125e4da4
2283 ab3c76b1cde3f668
2284 d51ac41c1acd6b8d
2285 4a7470bd8fe4b40f
2286 cbd66322fa78b7f4
2287 7d639534fb33f88c
2288 fda4c5b2b9b87aaa
2289 588acad3ba40ad86
2290 b9b98890d3947825
2291 b4cef9650ee187db
2292 b73348bf13b70f08
2293 a6be21846b76adc4
2294 161680fa55c83dd1
2295 6994995268d4a33f
2296 2bb47629e35790c1
2297 695f90643f56267d
2298 822c5be02a36eb53
2299 9823ca66abc246b8
2300 30b53f3db75be0b5
2301 bb26641b8b5e41be
2302 cb1d964e5c0c5da7
2303 8c48041267648ad4
2304 5c869f34d6e2f42d
2305 3383f16562710768
2306 284331e816c5ddef
2307 a3f65a0913375123
2308 422f222924669f5b
2309 118353029b8bb9c0
2310 2d17e6f71ab2aed0
2311 fc03aba2ee8993a9
2312 cdce00af5fbfbbf5
2313 f64f1c7afc086c29
2314 bf1b0f27b0221d55
2315 012bca38b120ac89
2316 f74814b51abf1396
2317 62147638d58737c9
2318 6f11efd6adac0f43
2319 ad50c596e0fb9b5f
2320 ec5f537d713a3210
2321 4539a0977433c9da
2322 14988852fd1f3cf8
2323 debac391b382edff
2324 ff164ece1ef64d9d
2325 e280985404adb69d
2326 692fbb6cd2f4beca
2327 331626ca3efe2278
2328 5dee9dd5c94f2a22
2329 4f81544a68e8acdd
2330 85c1312a7ee6b0c7
2331 6f6f9d8d98f83d13
2332 3425066c233787fc
2333 dedd0df0fb28d9e6
2334 d620d5049c5d605c
2335 a9cd0e05aa449eab
2336 9c53cab606819b99
2337 4fa88ddedcd46529
2338 a7c24962248a091e
2339 2597628e0f45466c
2340 3571d570390dad7e
2341 42e82750ed8f77b1
2342 e8999885b503a4eb
2343 93d3ed36c38fbb97
2344 3305eded7b9fb4a8
2345 54f150eb1e614b52
2346 44835c3a5397fcf0
2347 554108c6b9d4ce37
2348 3abc9243ea22d1f5
2349 92124d8bc9d7eeca
2350 15f45bd95d84df4b
2351 a9a964990d4a8bb9
2352 b9d9977eaa4c8ec3
2353 4986c408c63ce1ec
2354 4eaa7e9a091aa036
2355 d28021a00f27ff22
2356 886e3bc9214a89bd
2357 4a4f0cb0137be047
2358 b6817c39b58b945d
2359 09acc45e08bd9127
2360 6da7bf22f4302f44
2361 e141ad974ff4036b
2362 f01df1e2040a3a19
2363 609fc9d6e5b3d6f1
2364 d9cf8fe89b02949c
2365 b1f8b8af5eab18f9
2366 3984c0a85dfb4eab
2367 d7bb19dd6e6aa143
2368 d428f00c8426b660
2369 a0376586d26d059d
2370 3cc05eb55b9a1cd1
2371 d6f477f48f2c9b67
2372 c26f1842a4e5f55a
2373 b4414a7cb32d6004
2374 cbf817f5b40522cf
2375 a366c760af646fa4
2376 bcc3a9aba1ef537a
2377 3f406da76bb74d2c
2378 1795d68569066905
2379 fbedeea93c50dbf8
2380 b8009059a71f973e
2381 525904b702edde8c
2382 ee1fc56ccbdbe07d
2383 dbf34c09b693b423
2384 3692266bda310296
2385 3a6f0526c8e35a45
2386 ac91cf3a8a0e68c3
2387 af9e582866825cb7
2388 f682361bcee5d630
2389 3a0634c032db1b89
2390 6a4711a7cdfd2319
2391 8944de8f824aa69d
2392 d173bf92470cc142
2393 9708e1f654fb97bf
2394 c5fff58a2b3d1e8b
2395 065d0ce783e3e6a6
2396 f1dd4f7bfed4cf0a
2397 992c678ff2ef7ef6
2398 e54cd5817582d043
2399 175df9fc9ef84121
2400 7ba5ab75078bc6b0
2401 c83023ab812c5c9f
2402 ef221a243375eded
2403 92e8e47fc52a78c0
2404 ca0b93a24113f572
2405 123989a716c29615
2406 37eb584b2f1a59d7
2407 80516f59c558bfed
2408 75d0a2dd491e96ac
2409 cab7cf19ef062dbe
2410 c1b7feedb96b59d9
2411 5f0401032c313663
2412 5fd2e03dfb8b6894
2413 2e9634701c2dec44
2414 4082ccb79874f7e5
2415 b32d423e3984a0f1
2416 5bf58d13b0fa2ed4
2417 71e2efecfc22f8b9
2418 98cf113a2c8e4d7e
2419 cd43796b80b8c411
2420 04d35f8d0cd52c66
2421 15907dd0ff0eba5e
2422 e5c6ec9ca6093f92
2423 ca2c62b829287a83
2424 c2b940a171cc26c6
2425 b0a0bfe5fb8bc8ac
2426 473cda637fa2b49e
2427 c0d8465919ba9d65
2428 18882c807da0bb46
2429 f34d43a76b918552
2430 91e06efae50f6952
2431 564dbd77680a5fd5
2432 b7baaf77ef6df0ee
2433 1f36cb04486d375e
2434 a64f16ab41da3b96
2435 aa7bb2bba7aaa34b
2436 a67e086c5badaece
2437 900fbbd64bb30b58
2438 9f285df7d8b008c2
2439 64718ec66cb17201
2440 69062fa15bdb0bae
2441 87fba12a33797622
2442 87a4cdb63ef5cf36
2443 6433855fd40d208f
2444 b265f1e61b11cb76
2445 80b377a65bf3a294
2446 4139318261248602
2447 248be8093f97065d
2448 ca61ad2a62e45378
2449 0911dbdff029a1f7
2450 c5fcd26b7a376b56
2451 7f77adc25b44ba21
2452 2dc71bd4bc302f4c
2453 1ea6342717a29a9b
2454 b2c8d3bb8d4ab2d2
2455 415209b40061ab85
2456 5616b81cb096e048
2457 68a683e77d3fc49f
2458 60f881d52bd03896
2459 7ffd1b5d50f48489
2460 4e1b02235128dae7
2461 74d16d8ca0777535
2462 8de1d48605465480
2463 56d1be7ba36e86c4
2464 0239979b792e738d
2465 0cf4a3753c27b45e
2466 e1cb868988427af3
2467 90f98cc54c89da90
2468 03088e8171664a91
2469 a3a8a7f65fd84862
2470 05acb28fc5d33f97
2471 d3ee507bc9720c5c
2472 3787015dcaa6c675
2473 466cac821432e3ae
2474 5f791ccb1d0591f3
2475 3645d2168701a950
2476 6828941efe8b5565
2477 c68550526e3e5c0e
2478 377801432fd9bdb0
2479 41762acdd457e714
2480 dfeef56693e68edd
2481 1e95a664346adb56
2482 efec35c46e4aafeb
2483 e4ae9c22e36f57a8
2484 a53e980ed5652921
2485 6137d82526f6466a
2486 62b9e3adb3d8207f
2487 8e0af903f8131cc4
2488 0a3f21790461d7ad
2489 e24e05cff1a8a98e
2490 49564ef4443ac803
2491 874122dc52afac90
2492 30cb8ce439c166e1
2493 cd30e2af858eac36
2494 34d433abb29a4226
2495 859a7337cd6ff809
2496 45b1ce3eb3de355c
2497 5e6980ad0e3160f3
2498 7d0bc0dfddca4c92
2499 e6f5218423ece3e5
2500 129ceb5229457958
2501 054fdb2d4ce16367
2502 cd838c7ba625bd4e
2503 c02dafd032445649
2504 cb09ebeb4b0fb43c
2505 faedffc199232efb
2506 560480b4d542615b
2507 9472e55be029904c
2508 a790be4bb97babf9
2509 d1f76255edc3cb16
2510 5463d366f39fccf7
2511 377411b5f5d0d550
2512 0a96b5e166dff6ad
2513 c1671abaa8d69fc2
2514 5437810e1f2a2333
2515 daa785588296ea64
2516 aa74d847c3a12921
2517 5d74f418ea49608e
2518 e6203907d40d0e2f
2519 094cfcd33e1b4cd8
2520 7f8f781af9cb8295
2521 4612cafaaa2111d2
2522 9a5984fd7af394a3
2523 71fa453964ebf38c
2524 2c133fb3bd06bd29
2525 f15c4ea565aa4856
2526 3093529e6d5321f7
2527 1781ebca0a595898
2528 37593694087a0d95
2529 851d212d51252d6a
2530 e10c1b9089cc8253
2531 259ea20f01bb4994
2532 a9c36a4aa8020e71
2533 f000f91d78107adf
2534 f22d97e259617138
2535 e5df95bd9491194c
2536 2b61993760f5114a
2537 c1ac44c2cb27a0be
2538 c00641e08d9cc35a
2539 029156331c262b33
2540 b01e518ef8c659d7
2541 35531a01f779b863
2542 102ec4e0ca1f1c8c
2543 a32ac06d29db8fb7
2544 784377439933bb42
2545 d1053733bb5b9960
2546 6638d7e3a0c07385
2547 775e812dfe395717
2548 d1cde1de6d208de8
2549 58feb95f78955edd
2550 0e5591bf01657ab6
2551 351d2dac11c89bb8
2552 88d870a4ef068135
2553 7a8e97d2e219b6aa
2554 becd1ea8b3efed03
2555 8cbf4f9c3ddba7b9
2556 ceb4cbe9d3216613
2557 82ac304505e6041c
2558 757c0b17f8ca3653
2559 f999154174f9ca86
2560 8d4a8b72a4277baa
2561 7dd5701c4a587185
2562 c4031d056fb32ede
2563 38587a68aa765d99
2564 7ef33fd4ebc481bd
2565 e5c8456f77c96390
2566 82f748a17328594f
2567 9bac26e2dcae2bf0
2568 2c16042df1570867
2569 3ada1e724f189947
2570 e684584a8749ae9e
2571 cd4d32c4085cdc29
2572 1592cc861e2d0530
2573 9584dfae623d98ae
2574 9e81e0de97ea50a2
2575 049fb9e1f3f9fc97
2576 0aec9c42c9e0ec68
2577 016301e7ec03f704
2578 e7977cceba0217f9
2579 f2d45b8a890776f0
2580 030bd9eb791ccf41
2581 5586c50e2a07c7d6
2582 deec7543da1b8506
2583 c7c2c9fff7bf58f7
2584 d3789beae23ad476
2585 f67b4f5b4ec338bb
2586 19ae254cfdc0db27
2587 58f4fe627723a7d0
2588 dd2f556b98678455
2589 a9966ab80609edc6
2590 9e662f6e297388f0
2591 6dc7af82bcdfc0eb
2592 b4a4960d6210fd74
2593 911381461bb51a9d
2594 ab973d96c58430f0
2595 17b7a691ea4989ea
2596 23056c8cccd3a0d9
2597 2f2b1a1ca5865546
2598 07198fbe555313e3
2599 d8900474376667cb
2600 ba9d7f44d9d6decc
2601 0a126415ee8a665b
2602 7a91d5acc51e87b4
2603 528dec37f137ffac
2604 50044dc878561ed1
2605 704930505e68de66
2606 8ef660e6c0912cc3
2607 d343afdd234c382c
2608 4cce9365a2e58a44
2609 829224fa68f7cfd5
2610 623a9453e7143ee2
2611 bc85069c79ed0e19
2612 478d9cfdb06e0787
2613 e222f6eacfbcf4f2
2614 2cf9cf5cdfc0149f
2615 dc759ffb63469780
2616 1af9faefa313b0b3
2617 7cd78a40926eb7a6
2618 313276a7795a7973
2619 0cc0d34ef36221aa
2620 ea29714e4feb46fd
2621 5510f75d50412d79
2622 1a411ec0f7b7dd58
2623 134c4e9cc3ae1e23
2624 c27d4cb1bde40316
2625 0ddcf224d47f2c0a
2626 10170b014b97a53d
2627 38331ab020f774ab
2628 104bdd24f9a15ed3
2629 0b25fb4070eee61d
2630 0bd98751f91610ea
2631 fadfd192708a1d25
2632 5e361a2d504bec0c
2633 54129a1424b9314d
2634 a30de9342ec0bd1d
2635 74beff790c855b62
2636 5dc0d7ea49c51301
2637 665d87fe0a95addc
2638 bcd18f9bf0f132d4
2639 61da893ff907cce7
2640 22acf04a28492cce
2641 28856fbfcc0d3f35
2642 174e39d874c731a9
2643 2c109f7b1287cb84
2644 5cb475e6410c984f
2645 0587631bf421d9bc
2646 89dcee9ece677c4f
2647 08e2d292f6e5745f
2648 63803ccd13c4502e
2649 9826761209305ee5
2650 96088d8b45a31cc2
2651 d15e4796a3632118
2652 6947026adeded105
2653 48da1e5a8065b730
2654 cd7fd2ac2bde73c3
2655 bf49880629be67eb
2656 74230370c7051096
2657 543ef52dcc0dfeb1
2658 c66d5edbf936b420
2659 08c88acc58cb424b
2660 92e96cfb2ef8ad03
2661 1c57c6f3d74a1b0a
2662 7d442cf017eb5ebb
2663 3c5268741419a236
2664 6f23b1b30002e292
2665 0cd6091f340e3991
2666 8f515e3e528ed76c
2667 da5fa69960ed534d
2668 c4901d932884ba5f
2669 799aa3318711bf34
2670 7948b44348a57277
2671 ea5f6e8ad679ab8e
2672 9af5ed8f07244ce7
2673 4a3302264f4e6a19
2674 6c4dcaaf834aa6bc
2675 63d2dd46393719ef
2676 8791b9bc4129c07a
2677 f62f274cd442f9de
2678 cb08cd7b2647b285
2679 e9ba13a393576b22
2680 9c3c851a345aa959
2681 8286a0c5dadf756d
2682 aa83e4cd29e6e658
2683 9f24008056e6c3cb
2684 28276254b4821210
2685 ed5d120fdd504a4b
2686 7bd5aa3708fbf833
2687 62e95588f2df4dba
2688 7a6b81b782c38b19
2689 3cb9c798d8905f56
2690 b9d5c5d99e8a3aa4
2691 7b069db8dc4f48d3
2692 15cafc1cb0913dde
2693 69b77699dbf2658d
2694 8839b207965f50e1
2695 1a201bee110fd83c
2696 f6beb11e6cd097dd
2697 4bd8a5d4ce3e8774
2698 afe8c3fc791c9e5f
2699 0d68e4e2ae81f89f
2700 cfb4113b95f2ae8e
2701 00ac206828b51087
2702 6e43919d589c7bf2
2703 f3793f6862f6d166
2704 028e5959296ca6ed
2705 10913ce20aff8f38
2706 b7886c4d1bcd1ec1
2707 f46b336957143723
2708 1770b028ce055e32
2709 665ff522658cd059
2710 c0a6dc707c21ec18
2711 1925bc79dd814a1d
2712 7b91b0fe8238db0b
2713 0bd2632a8f82eab8
2714 18d6a43cc50701b3
2715 10230d435bd68626
2716 f0bcd7a21290504a
2717 9bbd6575a034dc69
2718 8ac16436154b8e56
2719 36c0dc2c16a68975
2720 840e3afb495bab79
2721 31636355470871c4
2722 cc4616ea2dee0c41
2723 260c2bde617764d2
2724 ea742c770ad3ad29
2725 e674159d3de00417
2726 25a8ed756b1eda52
2727 571f48da4ee72d99
2728 b7f41c390934be12
2729 6dca653968562bfc
2730 af742566937439e1
2731 3be62491a291d2f0
2732 fabd99da05978bbb
2733 0591453745b3187f
2734 475ba04f3e3802be
2735 5ca6c84859bed4f3
2736 560ff234607e3ebe
2737 970910cf948d439d
2738 8b21262be9b63e59
2739 8a67ac40d9f3334c
2740 6f0231f94b2eeda9
2741 db64bb559750ded0
2742 98ea0c8bf7c50852
2743 ee13beb9542e6439
2744 8e425c0053982410
2745 acff35b63b217521
2746 f6d5c14347c7389f
2747 b2e2bf212cc7a698
2748 b98a60074e95490b
2749 13d11969e5af21ae
2750 323a12d2b53e2647
2751 39f211046f7523b5
2752 dcc57a015dc0d74e
2753 5309e7551316171d
2754 c5157cccd8c24284
2755 1a0c6c7ced1d4330
2756 9717e0462d663583
2757 ae2259e79c6f3fdc
2758 37b7b63a6cf27b2f
2759 fc9625dcd9ec104d
2760 bd459c098e164644
2761 b261cee853e04437
2762 9eca522a07d59b80
2763 bd851eaf7500beb3
2764 c32ae0eb8304546f
2765 7b6a4f8b0bbf09a2
2766 b0fe0adb27884599
2767 20aedff95a4ed3da
2768 337ac68553ada62c
2769 aa1fc7c9f22e5569
2770 d335443564a889b0
2771 6d5a47a783b2a45b
2772 d088db480ee25185
2773 d97018e8091d7044
2774 4f5e779ebafbd8d1
2775 128f749f5874ca14
2776 85b1d5648783ff87
2777 737fe2367a106079
2778 a8bd9bddb4e9a6d4
2779 3c0887d496641b7d
2780 30929861b7368f0c
2781 bb9732875ef9e44c
2782 c8f8b591e2a1f97f
2783 b83a7e6ffd45eee6
2784 efabe69a99a3c4cf
2785 1748d199cb8627d1
2786 ccf019c4d1d6d0fe
2787 b496e75f7c0e6bf5
2788 438521b46afcb330
2789 ea9a6b1121c1fa69
2790 e471e321100df26b
2791 a43e6ca9eef59970
2792 9d21a65189ce5b53
2793 b493e201fe89c5f2
2794 ab432cf524726058
2795 e52c791a1ff97453
2796 082cca226a24c3f0
2797 8f44b4accbc9714b
2798 0c51f885ccf7914b
2799 6495b2494e2bf15a
2800 e27ea658f03dc9f1
2801 3312787b906ad116
2802 805a02ec7036cbb5
2803 b49f066d4d7c4351
2804 78174f34e2950a1c
2805 39776c78c646b1df
2806 f91ddee70b8aec0c
2807 f0c89f0e51058b1a
2808 9428cda59f1c3f3f
2809 e05434a6f9aa793e
2810 4377cad9637c1645
2811 abe63c7daa281449
2812 763003443a4da738
2813 9021d5669aa6ee31
2814 a0cedb530ebbb3d4
2815 efb58610d89963d3
2816 b1f1898069f53cc7
2817 cf53b6d08b60ef62
2818 58851f00e208a99b
2819 c3d68b43aeb6de22
2820 2dd9e2adf05ce1fa
2821 198322d19d45a3c5
2822 3a1286cdad7006e4
2823 7b486114f5bf7fad
2824 0fe5151a4a58390f
2825 91267efb8122ba54
2826 aec054b07a15641b
2827 754c9453dd10c606
2828 d9eced883c737265
2829 4a65f485b10dfabb
2830 9da0cdde24d88fa0
2831 ed223b7edf860a5f
2832 5725cf3c86bbf846
2833 8ee1e77eef686886
2834 f89df9c956c64d69
2835 d2672b28be0700a6
2836 fc20ae93e682d159
2837 af78d40d41260311
2838 b71baa2aabe40800
2839 83e0d11479a6910f
2840 cbb30b57f2dd105c
2841 41cdd25b222e72d3
2842 36ac8a40f8c487c7
2843 afa9aaa38447d492
2844 8723e58a4fc919ed
2845 3a811a24c206ce50
2846 339a13d4fa0dfd4a
2847 b7ff451f2122ae8b
2848 c12f96ceb6291d62
2849 2f9024c50218c74d
2850 17f54464bec88805
2851 090afe258f52d3cc
2852 8198dd149d78690d
2853 e0997e4137475bb8
2854 adb8afc80662565f
2855 8e3ddbcd0d2034fb
2856 6072d4eb4abdca0e
2857 d45064d311ded19f
2858 cfb80c12c338a7d6
2859 ee23f4764478fc06
2860 c802f9460dc9d239
2861 e95836cebd3705c8
2862 cd6760bb95a1103b
2863 ac9110e439073051
2864 6ab75bff04270dd6
2865 7f7047be5978f4d9
2866 d33f84cc02981d6c
2867 7ffacbd457ded4e9
2868 a3c6f0be2cadd03f
2869 827acc893e15709c
2870 17a8ba0d1f485a83
2871 9365637c6b10e86a
2872 74467d079d1711ea
2873 ddfd5100490cdb0d
2874 637b80962f578002
2875 d716f267f3901e7d
2876 38f67de45664f3d5
2877 c0f0edb9a3372c34
2878 3a8fd596dad59153
2879 20c8d94ff1a96ac2
2880 1dbe09f3823fb6b5
2881 aa20ed1760a5775d
2882 8c225564043bfe70
2883 1b84a61e2b6cad4f
2884 ae284237b6b11134
2885 4360a2b9fa10aabe
2886 15055b8cdf68aa4f
2887 21898bd42e2b78d6
2888 e4968e01e6b66479
2889 cf9414b3b725dc61
2890 0613978bde3d9d20
2891 8abb09ea57a7bb69
2892 2f591a3aec38f764
2893 9b3132a2268dfe13
2894 dab0a9e6082bb787
2895 6df02ac42557414a
2896 5afdf1e41e5c6601
2897 89db4c346c063bd0
2898 ebe61b018d86ed7c
2899 dc1357b8ac161c8d
2900 08f03e6eb9ba6828
2901 b1b27eadeccdc421
2902 dbef50ca9ddf5d77
2903 fa728b452cf3b508
2904 dc996aecf3b66bb7
2905 47576c1f9ab0491e
2906 b510467f1cd9f567
2907 1f1a6fb760f51c7d
2908 a1f5dc93a25e2e3e
2909 05a85e190d520b91
2910 df149fb7efda162c
2911 5046eee76df1270c
2912 0ab80612e5fbe5f3
2913 744e17769e4f6532
2914 f70d8bd6546d64e5
2915 5526bc1a588c47a9
2916 f46b7ba048577f7f
2917 a61e19a88d4041e1
2918 4a97dc6b80a1a38e
2919 5b7e5827991a7301
2920 e9f80b1092598a49
2921 2e28f35c3f3b6bf8
2922 f3efd80df9508d87
2923 0a9c60d35c437b8c
2924 c442125d99516322
2925 4902adf43bcbf40f
2926 855859018180fbea
2927 ced486c262f9c9f5
2928 aae0c5a2e87b608d
2929 586035807b9ebb78
2930 4780b00d920271a3
2931 3c975165e9fa3742
2932 a94d62c15728393d
2933 aa45b3e368b21095
2934 6ecc9337fa45bb3c
2935 8649984d215e0d3d
2936 65de4e9f4e060b28
2937 87a877a7b06a5fbc
2938 09fc39a727bef653
2939 05b8d4b91778c62e
2940 b2a5d411b833fb27
2941 80465f666c68b311
2942 f9ab585d96685d5e
2943 5174bf4d3d95dfd1
2944 c1cf0a33f2dea2f8
2945 d52497d9918c28c1
2946 6d615952f1950233
2947 cba285317f04f646
2948 8dc41bb5ac4e6871
2949 75774f0ff273310c
2950 c6f02b48e5353590
2951 e6adbe662ce9514f
2952 97fdd2935b18d484
2953 5ccf6b647446fe2b
2954 e1e93b07ef020ed7
2955 90a2278c27a9c982
2956 70c603adeaca029d
2957 cf4367a861fef162
2958 99702f47e3e81fed
2959 752a3b9f8386aa5d
2960 cb15bb8351292834
2961 72e1a5081ceb302b
2962 40bfaf05535c53f0
2963 65056d0222e90be6
2964 7f2babe69b347ccd
2965 17f1af890dbe2d88
2966 7207296124c33e07
2967 a1d184d69304e123
2968 94c0e83d4814ba4e
2969 98e8c582c8726677
2970 270451a48af0fabe
2971 b9e564010ae53829
2972 912231566f33da99
2973 54465d4a09adbe18
2974 279b0d6de9cb4781
2975 4d72549c45c5e7dc
2976 dafd47a451e394e0
2977 139ca303541f730f
2978 76f5bdc06d294c2a
2979 c365752f6cb0a683
2980 dc3ab5621c87ec85
2981 b3a8ebdaed789414
2982 0190b8b4685cf163
2983 0ca4315a522587c2
2984 ab9337f80fa922cf
2985 c75b070140062ab5
2986 676140a0d7e6eab2
2987 a7e5245f34028d5d
2988 f90c945500be5aa6
2989 ef87f6a822cefdd2
2990 ca5f460b6538a829
2991 fdad6707f530f176
2992 3b58e0b287b5fffd
2993 7a9dfcf42202eb89
2994 46ee5896f0eeef0c
2995 ede5fdb492b376f7
2996 17c36d7bbe99729c
2997 99f9705596ea93bf
2998 9ae7f792853c9de5
2999 103dfc5e2d060d3c
3000 17e3613a3a9e9c7f
3001 569d9f91b4ad9714
3002 02c31ffb0a67cc16
3003 ed48691ac0a3ab87
3004 08b42b2ad8381552
3005 c79ca641a57fe7e9
3006 59075c7ae69c0f05
3007 edb33b1eb8152cb8
3008 cf0fb4e2e5f01b91
3009 b4ae8f3d14263658
3010 8b5bcd8bc6c383c3
3011 27a956c77b8cc68b
3012 2fa7844d022a9842
3013 66279f12dab2605b
3014 56e953f7bf63c636
3015 ab713dec03a311f0
3016 2b399a21acae36d3
3017 f9f50330af5511de
3018 bdd0dcbfda1656eb
3019 48e5d90432038279
3020 4641f9219f541c46
3021 77c767992da41f0d
3022 f1e5630f2c43d89c
3023 8feab08427887eb1
3024 8631abe80d9e929f
3025 cb17cacd55c6989c
3026 cca04d5448d22dcf
3027 6539608dd947203a
3028 45bd7fb99cc0c766
3029 93a3013dcdf6813d
3030 5eea7c0eaa8d8e12
3031 53f2341106536df1
3032 faa74975ccd48087
3033 24e44623d3e8449a
3034 c19250411d2ad4e9
3035 a63c5976d72d21f6
3036 1846b823da67669d
3037 d2665b545d00ee91
3038 ff1a572c8eeae030
3039 9f2545504f0b526b
3040 7f2908f2514e4f98
3041 30401b67711d746a
3042 cf646d9f1bd34b53
3043 a73513123ddb8156
3044 1e9fcc7ccfdf5755
3045 895e79bab81a2a19
3046 5cae300ac46e6634
3047 ed2b4479190a394d
3048 53fbd6e3629dcb1c
3049 4734b706aacc0e17
3050 1e26e3a8e339a6ad
3051 c43e7bc3c9af9354
3052 adc68e4ae2d890b1
3053 bc643b205c11e7cc
3054 e33dace6fe19e164
3055 4d4da9df851aa70f
3056 7f1fe4e51683c51a
3057 31d39be937b0fe5f
3058 19e988886fc8c895
3059 eda5c4619bc60b9a
3060 5d781577d63590c1
3061 6b82643ed583444b
3062 1805fb0e0b9c9607
3063 5a71b5ed5fcb78f1
3064 c3259f2e00891b02
3065 288de75497f0cd89
3066 d46fa907988230cc
3067 180edd60c37f8f4a
3068 18d5c205effa1371
3069 f30a8c0cef896a72
3070 59996a2cf6d5daa1
3071 7b9ed8cd3d96da79
3072 65dc3b25a3c586ec
3073 52136f6be79639cf
3074 06b3e71f962f9890
3075 c806bfc62b06e23b
3076 b886f671cf9c4891
3077 025d050f8429eccc
3078 b0ae4ccaded0d46f
3079 6b1a63322fd30da4
3080 d79c4650873a28ea
3081 a9add99d81a28e07
3082 fca5fba5a531fe9e
3083 666e109370bbc7dd
3084 562c3ce5a1cd0827
3085 b1ff14e4415630ee
3086 c7dd04ce48cbe037
3087 9fe1e9571051b6b2
3088 bd945c63cd3baec1
3089 aa163bfe797f90ad
3090 1763cd77bc604130
3091 630617ca53440ba9
3092 67bef4f017a61458
3093 7417e580625009a0
3094 ae77362e9a1d831b
3095 11eef844b1a09f42
3096 2b0ffc437d5c54c3
3097 40d6b9aa88e08075
3098 54c52f15a31a4b92
3099 885e19b1485f0e49
3100 28622c279dff367c
3101 36c0f013bb6c1d4b
3102 c781bca785507e71
3103 c4a727173e66543a
3104 9406370f773e9a09
3105 c8d7f654fda3cb8c
3106 d6fafed34690cd7c
3107 5aa0ef2b51cdb98b
3108 8cd05b117976e571
3109 ab3913e0346d13fc
3110 592c26b459272923
3111 2c95f43437a67eda
3112 8c0c936c241e7845
3113 f9bf7558a893cd3b
3114 7d7fbd750826e02e
3115 20ff10b794ac8870
3116 0f385e4b55fd9477
3117 2ee673516300b82a
3118 5a9c799efbab4792
3119 aa4bc9b0fa45b5e4
3120 96347e2e482e0d89
3121 45d22d7eb1f52978
3122 d6d4ea55fce9c3a7
3123 e22bf68e0de0881f
3124 73d6f5ea310d57a1
3125 783632b9e82478c2
3126 d07382c29c27e2c0
3127 cfe8c143712dc363
3128 207d3df578904b1f
3129 52da156720230001
3130 f399f7a1b05f982a
3131 41db55a8418d736d
3132 6d13555b319ef323
3133 6ef306fb53688422
3134 a863f048cf8da626
3135 4d291eaed2cb796d
3136 c5720f780545d653
3137 32ba322738cd8874
3138 2ee0285fecfa63b7
3139 b82da855afc661fe
3140 bb01a5710717957a
3141 4632cc6b5e2520da
3142 17a650470026ae3e
3143 c231fa4d19574659
3144 9f8643b77d219ec0
3145 fa37e1f7aaa9cd9d
3146 e45596b3f4e9c330
3147 25f3deffc3ca7061
3148 a0e861814d5c17c0
3149 fcd4209941e145de
3150 4e4d0e441709a26a
3151 c1bc2542c06780d1
3152 5e5756205e312a34
3153 6068ce94435860f7
3154 32df0f946147ef9b
3155 87c938c7ef103dce
3156 6848a57e6e883336
3157 523d4a7d369ef177
3158 8ecb8238e52202f2
3159 d5bba2b2fdcb420f
3160 d1f902b32ab5fca2
3161 7a10f3a00b34d51a
3162 d962326ad8049370
3163 e559e63ef47ffc8f
3164 7b9fac3eb9bfd958
3165 93bea851ef319a39
3166 4adc14cceb3fa6f3
3167 dbbd55be7da11e2b
3168 b62b79f36a0bbbfe
3169 bf8eaf24b6ec2eb1
3170 550e3e4077dc0fb8
3171 b9aae3650f5323b8
3172 053f8d26e7296185
3173 50039a5973e0c292
3174 ef7e0a2c206912f4
3175 f9b66e962e728e86
3176 a74c17a31d51d2a9
3177 23ccc2e31f6d7f2f
3178 73540f99ec611aac
3179 23861dd266c02f87
3180 b4391623e75c006b
3181 425395b51d13fe52
3182 f5660b3b5f485368
3183 fa605ec2bd801751
3184 26c383a737eb2e19
3185 26bd036ac2e82ebe
3186 f65d17dc8b86162f
3187 afc7900027c1ef50
3188 17ffae3875daa147
3189 87479274c6cd9234
3190 f9f8dc7d0bfdb73c
3191 7820b6d531d0ad7f
3192 933267b642f287d0
3193 38f3c52ee8c1b6af
3194 39ab1989c54baf58
3195 427432f5a4f6a719
3196 25095027b0b476f8
3197 94b262f71da98008
3198 360aa0ea19842068
3199 f7b0f14c076de285
3200 4309bec4f1489f12
3201 6e34cd656c8b973a
3202 78d655c9165ba66b
3203 cc3e2c8fcc2df094
3204 2b54b873b45d8b10
3205 d6adf29d0be62ae5
3206 311288dd8af68c30
3207 cca6bfcea0cd4cb9
3208 90416b9bbd6b68e0
3209 8e20a181b67ea014
3210 da89c24e7ba3e3b2
3211 0c9e142bc79a0567
3212 a9288663f1848f84
3213 f8e7016bc2ca8793
3214 bc928b8c5352fbcc
3215 2ebdea30b6255117
3216 162a3eff6abeb63c
3217 13a5dfd14a1d9a99
3218 6211b6e54efdad6c
3219 ab99b0c0aefe96ca
3220 f92e93b6d16fe6f0
3221 54f50117be553d79
3222 3e3964d0c0ccaac3
3223 8626e2d5b354b5ff
3224 83c05e7bf7ee51fc
3225 bdd8c64a5f772528
3226 8ee0584a47fc4d2d
3227 a2878321d136ec43
3228 4455848d8713386c
3229 bc002511d5669211
3230 878a7eeaf759a83e
3231 ef8617ff5e3664ad
3232 bbd4d3198c064e41
3233 c30f0761661ec760
3234 cb70581f2fd597f7
3235 4dcba98466712b14
3236 7a4104f232580877
3237 9e9de4c3daca7ad2
3238 2c12a0c8cf1a811c
3239 4da86dcfaf7af7ab
3240 ba26d30a1082f94f
3241 37a5c791b23fa95f
3242 b58ac4ca52cd0a30
3243 550d308a81692b8f
3244 b56ae97c5fdaafd2
3245 1a1ff7c89bd6c5f0
3246 a22416a00aa440f8
3247 31f2d00b55ae92e9
3248 bb7da4f068e64bfc
3249 2e5fca0c995068e4
3250 e76a74a7ccab37ef
3251 7b6c30ef94dad67e
3252 98a6be1cfdca1030
3253 23d1872197730ebe
3254 dac72ba437691cf0
3255 d1a2245f4cb584a7
3256 231eb97a6b95036e
3257 92be7a5c50802c7c
3258 61761a5340814584
3259 8834d386499922d1
3260 78b6707229ef7728
3261 f9bfde7b7673f497
3262 424ce75a51b34ad2
3263 eeaee8d3ae85bea1
3264 35b08e1d81966fae
3265 02303a9a33619ad5
3266 c0d0de8ebff0be25
3267 160b08e7bfccef34
3268 a3b02ef9062baafa
3269 dcc7827be2a66f23
3270 1cba587dec35a2a7
3271 e78ff1087911be65
3272 a47124b0dc3a19b4
3273 ed515558d3024f8e
3274 b4a233ee75ee4403
3275 a7e6a5db265d6c9f
3276 e3c4ea4ffe4dbf98
3277 9f26e734041b8fab
3278 114f58a3dfc98279
3279 06f0e63e37f8b161
3280 9876ba3ba2bc4800
3281 922c9687a34d21ed
3282 4562eb41e72ca028
3283 8a9f43c3da46ba4f
3284 8dfeb87b4ef2d838
3285 b65b054d9c127797
3286 32175e1aae82cfe1
3287 93b09603d87a1f20
3288 a4e9213ca750e02e
3289 83d618ffccdd403a
3290 100fdefc7857d115
3291 85c42e8573d99e0a
3292 66209e696e87de6a
3293 41a6076538eb3c87
3294 4d2616b8b10c31a5
3295 18568b9eec5a4e30
3296 c284ce6197291c31
3297 1cb8b6c29c2b7f9f
3298 624429e3e0a891b4
3299 dffb5f405f48bc0f
3300 432ea13e10154963
3301 55f6ff779af78b5d
3302 1e87196f9c755755
3303 6318cde7b6a00822
3304 34806e2e35f56809
3305 8537793966c184aa
3306 86d4fe341e14b419
3307 19710c0568865ea4
3308 c55e2072224e8ac9
3309 4b813bdc61468ae0
3310 0f6915d4722f86bd
3311 f0b568d85696e3bc
3312 1b7bdfd6a25febe7
3313 07a8ef83f72eff84
3314 b9d7693c5e35c5ce
3315 4b480dbf4ffec3fb
3316 2f92f6d93874ca51
3317 fb9976f7e9b2db78
3318 7d632f4133f4d92f
3319 98f723ee1816fc7a
3320 28623c54101ef177
3321 1156ed2f0f51e2dd
3322 b0546d02aa9d6790
3323 32bb9e9cbdf62018
3324 ee5f7544cec1ab87
3325 3180ad1e0ce6f25c
3326 990afc5cf6facdbc
3327 4672b2fc1e3e95d4
3328 e502196ce92531eb
3329 04b0112586a459da
3330 43f13aac4de84453
3331 17cc0d9a86f1c189
3332 2bbf6be65016e92f
3333 00e154f28ed8f592
3334 9caf647a53de2148
3335 5853e2cef70e1955
3336 b725e0b9fdda4bff
3337 b2f772348ba62679
3338 72fc4d5c93078e38
3339 5ca687f956daca17
3340 92bc2a610fcff887
3341 3db2ca79a2c97826
3342 c3a3a2e4bcc9217e
3343 9f97d36abe30a6ed
3344 155ca7fa97c9d925
3345 1bbf3589376f74f8
3346 47727273e0dd584f
3347 d973822c50a310e4
3348 e90b4406c43d10f4
3349 45667e3a3488ff8a
3350 1e7afe42663068fb
3351 47de85e7f3aedda5
3352 9c6d2df67f013b66
3353 4e42b5cc906a0107
3354 90bf1ba1ef2080d8
3355 95c006b56c379e33
3356 b223d1931b57469e
3357 710c6b3d5f849a42
3358 feacba4381206812
3359 7d23cc8dd1e57edf
3360 9b029f0a74320d0e
3361 ebe9efc193361fb1
3362 845fed7d067a89a9
3363 37309ecc6fb63b84
3364 8e301c715bdd5d7c
3365 2476903cf389553f
3366 5d2d33b6fb4d7814
3367 4b2f7151d6377d6f
3368 d625825f388a695e
3369 82a295b0188f1786
3370 aee7cd6fdd8d3062
3371 de4966e7cbdfd88b
3372 eabc8048749244ea
3373 fc39f1c5fa961635
3374 9c482a036c4c325f
3375 1f3c07a7ccde6491
3376 fef256cb496cf7ae
3377 97f40cc38fa56c7d
3378 4bcb8f24fb037a4c
3379 e655a64abb6d0140
3380 6267dd051e0028a4
3381 7bbff98a4c544e61
3382 90538535c56b4da5
3383 028366308704b4c1
3384 181c9520dca91dc4
3385 bf926d013d97da64
3386 64979ec11e90dce5
3387 30e3146295b83d50
3388 4a439f8729ffa58e
3389 c650ed952bb37895
3390 5ca2af14187a237b
3391 cf2a75544001b236
3392 e2d3f3053d4bc424
3393 9f4e9d47b3faf301
3394 540660a476164684
3395 0a2652926a8ab3ab
3396 273642f6ba799296
3397 f0411cd3f6b6a1a1
3398 57a595d6fde59a4b
3399 ab9b7397705749de
3400 58ef317c8355fb8d
3401 5f79a85b36cdd468
3402 bde1bf9b54142b97
3403 9177fbb5bbb3f64c
3404 964a720bb48be083
3405 1227312d68182881
3406 6dad45ff2af06897
3407 7ce7f8043af6e8aa
3408 7afaf8bcb8d9e411
3409 e29b191b482787d3
3410 383cd67321cafee8
3411 9292f37ec8badb0b
3412 018c3f7b3d57a899
3413 61c014688aa7434a
3414 ac39ada29fcac00f
3415 32d248d75152fec8
3416 9d9ac1f411417b2f
3417 ad5db8eb4b0a3af9
3418 c84a6f231e26e827
3419 b4f76481c19a7ff2
3420 4300b92b1ec85ce3
3421 243ecc2c61ffd062
3422 bf087cb63337dd6b
3423 2268f8e35b992232
3424 1627ce7f66a80e79
3425 9d2a57d009d482c0
3426 e97ca21627e88113
3427 8639210135b8b48b
3428 2bd4868ad889522b
3429 733ca2530c460f06
3430 2d6a0244f3457e6a
3431 e07bd44f49582dab
3432 59703b5e6fcf54ae
3433 82d62f9cb1bd61be
3434 7bc41397e647224b
3435 d184e78b4d817f09
3436 9c5fff7088fb579a
3437 81c2bd89824638ed
3438 2876ee9597c6d0dd
3439 1ebd27a16102c516
3440 ce1d02b54bbee6a6
3441 586b94396a366653
3442 7bb3ada319f0be38
3443 efcf89cbd24b3e99
3444 0122842b6445af9a
3445 2692f0278501b6e3
3446 18354d60f903d8b5
3447 d62da527911c7a90
3448 159dc1621ae4eee6
3449 87625722a89ad1c6
3450 bbaea63bb3cee837
3451 d491c556d663e1b4
3452 d1995085df8d39ef
3453 e73395e38673737f
3454 f6b02d1684947ed5
3455 5c99e1851976ea4a
3456 65f7efe0294e7503
3457 4e2ca5d2ecd4cb4f
3458 3996a7a86df3ccc4
3459 0c3bffa0ce1c4c0d
3460 ea89ee86b3bf52ff
3461 3143bd5ec98e9a6a
3462 30cb6a96a5bf5390
3463 f5e883ac1ff0784f
3464 003893399639e7b0
3465 41cbb430e79935b6
3466 7d59b67f8b135cd4
3467 4cd4be87464e8c5b
3468 82d78d52085e1572
3469 67ba0b425bab9bbf
3470 abb14429b297363c
3471 efdc480de811d559
3472 a2894be6307794ec
3473 2522b8fc8ac73a9f
3474 5914003df9f22077
3475 13ff77ab0a8ab396
3476 63e3162591c97682
3477 f14b1f6801f82f61
3478 0fffb8822e94c561
3479 9180762c8afcb8f9
3480 bc548ac394a21480
3481 e7beeba7a9eed35a
3482 1adb76959f07b3f9
3483 edc030a0ad2fb4ef
3484 4147c18dc6e25b5a
3485 f3835d9aec816c59
3486 6f3c4b90637c2175
3487 a1ae5c1885a06a09
3488 065bc6a0c04a9b3e
3489 698f88ad72c0c845
3490 32b8f8964207136c
3491 24fb3f178f96b8d9
3492 76834ae85994a48e
3493 d1a11585f335b409
3494 acb3584c614ee84d
3495 27f69e666d0db637
3496 c97f5209a8ed5bba
3497 be399bc20739897c
3498 90156a619665daa9
3499 ff682ccf5b3ee344
3500 003231576be49af6
3501 3d4f2d5cb000fad9
3502 3705db8586e6908f
3503 444ab50d96283bb4
3504 ff5a2adf0626bf6b
3505 7d92f30a336d5083
3506 1e5287ec4dc8d58e
3507 8fbacfddf1230371
3508 af55f5c0d6c3f415
3509 f245894c40c300e9
3510 7d177ca709345d11
3511 e0417e2b13112c78
3512 37909ce8187267bb
3513 05aff482fc4ad2ec
3514 1dcaf1166a2d7803
3515 3c4df2bd9f399284
3516 ac96090bdbdb8d13
3517 7c39a9dafc5abb06
3518 baa431732781f387
3519 a7d285ed272a1ad8
3520 271e40707419565d
3521 df090d97c2d3a350
3522 e0bbdc40e92760a8
3523 159029c39c8a6447
3524 9bfa4b458ee8274b
3525 8c36ac466eb411e8
3526 a95b49920949b0bd
3527 4fba2fa37890ee1c
3528 8b662edefc871cd3
3529 0580cd93f268a8d3
3530 48973611e4b6b3e4
3531 72d65c43ebb29c18
3532 c5aceb99d6923641
3533 938c3d780c9fc374
3534 c6b76c7e582ab2cc
3535 2cc766a378a3c9f0
3536 6015bdee946c5bd3
3537 c9708f57f973d590
3538 e60751862cbc02d3
3539 e7e04ef75916f077
3540 4423d93f59f048c1
3541 b78617b7da7a05d4
3542 5090b3b6d0c8699c
3543 1fed66a37a633013
3544 631d381dfd391281
3545 2639a1f8d96bae9f
3546 b839e643be435272
3547 c93151b25d557c8b
3548 7fa91957c8a30c53
3549 19752c37b1d56dd0
3550 efc1295fa334c068
3551 3fc4b7606387ef6f
3552 1118534c078d4c7f
3553 ea43032ee402817a
3554 f81680edceaf3f5f
3555 494a36b6c2c78a36
3556 fdb532e85d50d4f0
3557 0868793f5eadf34e
3558 bec85f731e1106c8
3559 ef7f674b306ac5a9
3560 b3c939d094de3f40
3561 cd644526a0402707
3562 9c7665dee110d726
3563 40c143df55eab2ed
3564 20ae7258badf00de
3565 19680265cb7e0732
3566 90b35562b15b5ab8
3567 7cb0abb8da73a70b
3568 b7bcdcda2487ad7e
3569 db9ef268681eebfb
3570 3326ceff0b2f0105
3571 65940d37eb0025ea
3572 2ed8d379f83abb12
3573 e0d351df2da99d69
3574 38655d8d9f3eaa86
3575 ca24141ab8b45d7d
3576 2e02fdb5d7aada5a
3577 392295588bdee562
3578 89cfcbbf529efb12
3579 e47fbfbdee0fc0dd
3580 d461e55b16c964d4
3581 cfd227237d361a6d
3582 75c26f397ea65297
3583 4f43019e7466f4e7
3584 a7d186d95be37186
3585 6c7e341fa958c991
3586 4f9494f468da733a
3587 2520460d943e6f04
3588 d6f119043f6889f0
3589 ca7f8ab25592f49b
3590 831b9675f1b8f267
3591 9d32532d0513493f
3592 ca490da4fd38649a
3593 4932700d432b8b3e
3594 5f54bfa7e3af2b69
3595 46afe70ec8cfd078
3596 b2d2b348284fdc94
3597 9503316d5d8cb4f7
3598 648de06b057b4a0b
3599 a568f6628617e72a
3600 71ed0c322541c2ca
3601 e2c2a6101c1184f1
3602 8f6575250b662158
3603 674554a88eb87bf5
3604 1d7d2fc2454afb60
3605 f79121cab1bc01d5
3606 0dba48c5398b2699
3607 df26dd94876b96c0
3608 4c185fae52ad74bf
3609 a7cf4dab1da4f10e
3610 951c78cbfee09ccf
3611 78acbdc49ceab0e2
3612 b5e89b2e8ab04a15
3613 73742143ed73c4ad
3614 51861bb4a52b560f
3615 e40786d20cf97cd4
3616 37827099437833cb
3617 f91eedb1d2fde9ff
3618 bb6a4bf1e53ac4ee
3619 e322698596747891
3620 50db769462c6ffd7
3621 89834bf0387c220a
3622 d55fe4c7b20f65a5
3623 103622d4d07a1744
3624 b597309cc89805ff
3625 d420b2da85963799
3626 d250fdb0a5a12a9d
3627 1b938ee780c95e7a
3628 de4128a3cfe53841
3629 93fd07b1001a904c
3630 a9e37ac725bc8127
3631 3a1063698867d2e2
3632 8ea56aafa55f7f2b
3633 6663608db3ef7622
3634 a2cfc1933cbac191
3635 47996b1d1e607875
3636 0d42679fe773062f
3637 ed21b4864135f36c
3638 171c2e565d660a82
3639 d0edc46fb4fef229
3640 33f9c7a25c7f722f
3641 9508675df01fefb9
3642 fdf779075ea32136
3643 0025c91cff49abbe
3644 f3f42d50b7107cf7
3645 f53c4e7d1a644346
3646 01a01f378d5ae00e
3647 d309edf9ad56a0c5
3648 2fbf1024f4b1892b
3649 ede20e02c44b6c2c
3650 bd3f36fc97dbbfdb
3651 dec143b8ca46b22a
3652 6a8bf6f0b27bfb97
3653 26147d97a555e8f6
3654 b0703546b4a0f9a6
3655 a70c1c738d4c0971
3656 400e9ad503e128fd
3657 fecdfb6f3e7bffd5
3658 f0d884d234affa04
3659 173407557d5fcf75
3660 3f6191856fb8a108
3661 bdd3264ac091ce8a
3662 3a373906b7c62602
3663 0353ba69ca7d7c99
3664 e2d200dc7f9c8d48
3665 337b42c8470e5136
3666 3b8cace9f1899fe7
3667 61b4a8bf70eac50a
3668 9a334c2561a710ee
3669 cddaad7d5a1fa748
3670 90ebdcd939527d7a
3671 382b10ecc3c80bdf
3672 ab1774f9a6cf1de6
3673 250c0d64a8eaf156
3674 67a829b1ab78dfb4
3675 f48c4527dba8d963
3676 ff7d19c0824cc6a8
3677 0bb6be0fc87f9fbf
3678 42b1d16178064c0e
3679 6d459d7b0999a801
3680 b3354126bcebb1b0
3681 6032e6104a14665b
3682 7c6a3241d491dde1
3683 79bb44dc6a1aa212
3684 e4268d94cd3bb144
3685 54e17c7990dd4a03
3686 c537d30a4799cdcd
3687 43af7339a01cb74f
3688 76e27188fc542dac
3689 b7d00250187be82e
3690 3abf76be43563c49
3691 9473207b9f0b3103
3692 696b3c8a8f15561e
3693 f3ec6586b6ccb7ff
3694 2b6010a9ad941535
3695 e38c57c185d5c8dd
3696 1d4ee0ccfc58a83e
3697 0d91838e68a44801
3698 d11e34223890abac
3699 7e003ed7be6725f3
3700 5f592444fe35f6e8
3701 d5cc3d5e80e64adb
3702 fe93c5b7c3a919df
3703 54643b922d118a10
3704 69f93a733fe080c6
3705 8470202610284714
3706 84a812b207211c1f
3707 ceb25421165d4ce6
3708 0bab318184cff674
3709 7c6273f8e0d06b8b
3710 5f8e41275a719f7b
3711 04619f9a8eb19236
3712 b3922c1fac3df245
3713 48d52a01b74002e5
3714 b617d54c2cd7d7d8
3715 64d1d87c53a9d577
3716 d56148f218eb474f
3717 c2c01018198a8de1
3718 a61765a59483b909
3719 d2612681ce4820c0
3720 0d3171a29d58e071
3721 6e83b2c0bbb6948e
3722 70175c272de0ab9f
3723 5b5be3b85963b0ea
3724 8316b04d818f1dcd
3725 850a2d620934b756
3726 a3f7ab578a0281d1
3727 f9aa04361cb0bd06
3728 bf9f921311e70dd1
3729 2e1eedd003cf8ee4
3730 96a2ec4e0a7463cc
3731 93b5a76ea431aeb3
3732 90b3d4365d92d385
3733 fc7daf2aed375d6c
3734 032f82757a161e67
3735 3cb12c30eba95a9e
3736 7d78ac5a0182eba1
3737 b858f5960617be99
3738 28b9fec7e15ce9c8
3739 83493b129be9a0c6
3740 e4b321c1648ccd0d
3741 df98159d34bf6188
3742 61d166d4626cd606
3743 899491f86ec3e761
3744 9bfa900ab7b69bdc
3745 d76c357615485925
3746 537c8fda271e726e
3747 4f3da9dc28403b6a
3748 7ad633d5ffdc4efa
3749 715f10e1432486c7
3750 fb69fcfd07a4142d
3751 f0d040e4bbad2065
3752 173b624d26fdd459
3753 460f1e3621be2f81
3754 4606e8a40c88dcc2
3755 9f41bca2256b919d
3756 042cb6338c65a9d3
3757 319105a803626182
3758 926faae6ab45410e
3759 5b4caf34ec785a8f
3760 0e64ffc2a2583195
3761 145e07fa6ad6737a
3762 2d5281fd2cd28cbd
3763 62cc94d7ba4adc3c
3764 71614e82fe974bb6
3765 a7fa73b7d19deb9a
3766 d7d8e6088984a5cc
3767 cf3852a4add0909b
3768 5b092fbd99686b72
3769 c2c103000b070411
3770 1fbca39f83b167d0
3771 349ace104b0a5e2d
3772 bcddfe208ae62e98
3773 ec0eba6402656c6a
3774 4a4305b5626a5706
3775 d6eb922dd556d42d
3776 ee026ac399209f86
3777 acd7c0ac0dd49e45
3778 5133db5433a35035
3779 c137ea45a74cb338
3780 89cc1ea101677392
3781 11e9481f35a9ce6b
3782 134dc7e5d13b3a06
3783 7ae11d2cd45606a1
3784 6995a4e51ceefb5b
3785 92801137b0f256ee
3786 9c830c042a54075c
3787 69a15e6493f90647
3788 0eda5fba9a7679f4
3789 5b6caddcbf7db02f
3790 3697501cbc22b071
3791 a0aadf5c1c5f0095
3792 9a3714416f1e2d90
3793 d9dfeaaf5db4c765
3794 2bfec1a03aa3b43c
3795 ed84d8848b670fc4
3796 da7bfe5e2ca50154
3797 fb47f2ae28746b83
3798 d9db1abc740b5f01
3799 fbf7e48d8a5c1ea3
3800 98e0cbae87dcef56
3801 9c34e173fae213e2
3802 b3ba1c31f958c2d9
3803 9b9b3798e010d096
3804 b7ddafe0a6ef004e
3805 913cbb6a1dcf3e4b
3806 1f6c320c8d72cbf5
3807 9d3a807fd8a6bea8
3808 482a9905ceeb5f6c
3809 06c7f7dfa0e18a07
3810 4d6e05ff3db39f30
3811 d57da6be7498c363
3812 c3b3f4a1802d8bce
3813 542d44fcf8418ec1
3814 bb6c1fd3d6a86da5
3815 5efbd689e3fd3012
3816 121910cf8e2b05d5
3817 1f276c0e6747b7d2
3818 fd066876f94bf1e5
3819 fa431df2b61c2b80
3820 a46a310a2ef14c29
3821 062dffdf042b7411
3822 6ef2f34e726f3ac5
3823 c8789d9e9edc5e34
3824 eb794af403fb9e43
3825 9eb76c3b7d197e23
3826 3e490c0642cccbe2
3827 b2360677ce4d3f4f
3828 09f4df8064749b69
3829 f05f07e7a74504f4
3830 500abdd94a35f97b
3831 083551afcf07dfa6
3832 45a32f43545511c7
3833 0ce06e9f380cce4d
3834 8623ecc6a99aa059
3835 e058a77f6a194960
3836 edc7ee614c66b87b
3837 46a342303ee34e20
3838 b9410a73e4f33e3f
3839 673399bf3d6d0148
3840 f7fead3865ec8d5b
3841 a88cb2be4ec6783a
3842 bf5454b44a014b47
3843 9e8e71a4ffb54d69
3844 da9f98605295a1f3
3845 c66ca8da6256246e
3846 a8c4631c2d2f1848
3847 e86e96f0b374f8ac
3848 0cd00b138a2723cf
3849 bd699b503d4be051
3850 46536baf73e02994
3851 903ce82a0711e664
3852 67b6e51dcfc354b3
3853 0fa3eb3280fe6dc2
3854 5b9ae44c3f0ee768
3855 66fe9c1129b04e27
3856 3ecf656345a8a20f
3857 042193cbd44be14a
3858 c38d32ca50c8cfd5
3859 6e4b5a77bdb827ea
3860 877dc4a947fe51fb
3861 3debc53de0ec1e38
3862 7d37f841e03b48ce
3863 32e939e92ea2ca2d
3864 ad62f33159254585
3865 76d53e0e45a742cf
3866 4d0f7efe65d7945c
3867 23196b04b7700fff
3868 31bad8353702d592
3869 42eb69a433c64716
3870 c3f469f81beb88b2
3871 1963b080179de27f
3872 29b8618c4f5c9bf2
3873 d447e559d5c93190
3874 7c5f22d69a757b4f
3875 98bc30eef7616ba2
3876 263be60eb494e536
3877 5f6199dafe1efc8a
3878 d96f9611f4263a96
3879 0d13be9c4e22a68d
3880 b1b8dc893f6095f0
3881 b471aa5929af0a00
3882 a654567269b29a6c
3883 d2e700b669ccfc5d
3884 2dd1f57f73bb0108
3885 c8b8424ea23f95cf
3886 785d5f1aa16b1e98
3887 70bae2e65c8e5343
3888 d43f616a92e096a8
3889 19d2d58764ac1a9b
3890 933564983fff23af
3891 666d4a97a9fc4b06
3892 221eb8e5989b95ee
3893 30f83a17205afbfb
3894 90b075a0ea512e4b
3895 7b2bb62eb3934828
3896 8e8ff260435bbe31
3897 3ddb18768edf6a59
3898 0f7b466db48546c8
3899 6a3aa8af0eb3c4f4
3900 a057765f500f5bf7
3901 d208095ad390affc
3902 7906f47f3a9b9756
3903 040b4d4fd03098ec
3904 a09ac31346618ac9
3905 2fcfc6f6c1978cd0
3906 9e9ac303facd7081
3907 0cc7c63a249f81be
3908 58a29ddab153ce57
3909 3de32a2c7de66380
3910 9bfe246b086bafda
3911 19e2fa08e6757c7f
3912 39dc64ece693ca03
3913 b3821159c1faf58d
3914 bdf90a7b772d1ec6
3915 1b99dba60adf9459
3916 e5d15ef3f540b04d
3917 c1dd4e41e7943dd8
3918 7b7ec9929d5f4b62
3919 c3e890531a49aa0f
3920 e69cfb194563d780
3921 de2f0259285407de
3922 4656d2825f0eb84d
3923 869a4188a858d196
3924 b86def6faa24d2b8
3925 2a7aef0a15645bae
3926 c79c9f4c8efcce02
3927 fce8a6a7e1d28b09
3928 b709135f9ec73ffa
3929 842f7ed5dd4f9d33
3930 a8a30c21da2eb494
3931 2182cdf6ce1b8e91
3932 6505fd540a804998
3933 7bd864a6d74e3731
3934 ab480a003566d1ec
3935 ba56a1b83a6f7c7d
3936 a6df15d8960bd1ba
3937 331468accfdbcdab
3938 14ef99a1cbde69fd
3939 8c96f75566308de4
3940 118a24036301c551
3941 b384b23e6615db46
3942 714764bc76469012
3943 76e95cd73cad7bdf
3944 7cd30df405099ba6
3945 865ec541cb682207
3946 69e88f45a8600bc8
3947 ff9f2e8e3dc2a398
3948 76fd739ed2cb3d79
3949 6593947a8c4b3630
3950 04910508b456b53d
3951 cf932feb7d965cd1
3952 cb27ae69a90b6796
3953 c49c2d3c9a55cd9b
3954 c3cbaa741af4bea8
3955 5edb1e17894e825e
3956 2fd38800e12bb325
3957 d225e06c5df99ab2
3958 48c8f044113ea40b
3959 3dd98a7c7fd2c3de
3960 e77e061f77e8f724
3961 6e0b6649272b988b
3962 d361e3030ce371ce
3963 1687483963f0b507
3964 49b02fbd3accd84b
3965 b13d354cc727f874
3966 cd21444349bfa87f
3967 2f469095c3011ce0
3968 80d000f6db9bd08c
3969 4c03bc3cc713e545
3970 6604aab3a70dc522
3971 89f040344e86a493
3972 f10d57aea02770cc
3973 77b327b6c7afe150
3974 081a37179e1d47cd
3975 8f48c744c0bef97a
3976 84c20503714357c5
3977 5d0531773a19a44f
3978 227b3c391117464a
3979 6685d1e8db2439f3
3980 6c6a2d12b7b0977c
3981 25c4e0fb4a209e78
3982 b54fb36cde2bad31
3983 8f64dcf5063a4eb4
3984 df9b39ca9881f591
3985 c0fefc3aad3f1646
3986 2f45a57135fab65e
3987 bdfff018e370dbf3
3988 3091e7b6822585f8
3989 85b373a1cafb2101
3990 8ada8b9287fd5351
3991 43267c805569f39e
3992 067e46f067139a97
3993 e1385a4d2fabaf96
3994 798a4e2a5058694c
3995 0beeaae48c3e1cbf
3996 46db0add7b6dada0
3997 d33e002f34b633b5
3998 d2791577701df09c
3999 d3be7d0eeecf3ab2
4000 863734287b53df2d
4001 816cb7f238afce1a
4002 b75a50ac2b061fa3
4003 476a72a52c999bd7
4004 47aa3762c41eac08
4005 a00c86a680d33915
4006 5509e839f7e1ae4a
4007 be44744c8e1f9552
4008 b4cac52101311fcb
4009 58491a07766c2754
4010 4118ee3fa4f5c03f
4011 956dd623832740e8
4012 6f9b6c947339918c
4013 fd93c0a4888e9bd1
4014 93d6bb5302cc6326
4015 156da7fa04de2421
4016 d61f3c96bbc419c3
4017 0bf19805726a7576
4018 8471d2e9cf97696f
4019 a20b67e44b9e3400
4020 29d697caad131fbc
4021 cda650ae44e30735
4022 ca94f63958d55506
4023 94842b8aa5544f83
4024 4b67823b09dd964c
4025 b108d83d1854fa00
4026 d4a299323499a7fd
4027 0aaa1403ee130e6c
4028 c34d4e17b9b53be5
4029 86a4123cae8acd6d
4030 1422d03a8da11392
4031 99c908385657451b
4032 73c6033b24a322f2
4033 a223261a38570600
4034 3b3098aa06e9507b
4035 46c186f4e7214f8c
4036 e23d6621129a74c9
4037 ec1fbcea89830c38
4038 a57ea4658b704496
4039 5e73ccc039c1144f
4040 23ab0b2ade9a00cb
4041 9dc46b13382a7a22
4042 768055f6acbf449e
4043 5e541ecd67c6f9c1
4044 74736752bf287462
4045 5385d84d104f1235
4046 ce72f92abc651341
4047 49765bef3322e8b8
4048 911ff2b60d928e1f
4049 1da24e488db3ca20
4050 552d597b0cb02377
4051 a76b691c97dc8555
4052 5f49acdec8cbf7c8
4053 49eb69fe1fba5eeb
4054 8c7e18304071e57c
4055 f048fdf547a2e5ea
4056 ebaacd436225b0b5
4057 ded4643522e157cc
4058 835db748793cf187
4059 ae7634f2216a2ffb
4060 ce20c5ae5ab8e1aa
4061 1fdf4f0f74eca9ef
4062 236761587ddcf8ba
4063 da42caa4d41d2451
4064 baf1bd972b126459
4065 4147dbea959ef0a4
4066 98d70ce1f57be5b9
4067 99e16bada547df78
4068 52f9f63ba8f1bb74
4069 2e468de58175c607
4070 7c53a9e3192961fe
4071 1d95cf96bda5d69b
4072 543ec87270ae172d
4073 27debbc6500e7c23
4074 d26df199b72b0311
4075 6eeb3825dc629f34
4076 d2d51fb6127dd54d
4077 48a090c82ebcf627
4078 25edda3145810a54
4079 03d8a6d47f16e4c7
4080 fc0d44bc2ddb6926
4081 7a14dea4448d753a
4082 2385ec66d7f7f209
4083 7ad253d50dc41c0e
4084 b51e2822e8de0ddd
4085 a1304aafec65c739
4086 e03977cf1b689b38
4087 fe1497c546edc6db
4088 02530bd6017b8890
4089 30c03f034c67eddb
4090 0ef5c925d7485925
4091 e4c95c57ffb12b98
4092 155a015d0b95265b
4093 8107ee2ed90803f8
4094 f94e7e38a29d91c6
4095 ed07a7316fe9d7cb
4096 2c134f379bffde92
4097 5bce32545ef946b1
4098 7d75014b8721ba95
4099 494ab9e04c36b644
4100 18f42038ad670ec1
4101 f8aef6cb651c746c
4102 84ea7c6e96e7b52f
4103 385a88f754f8fd87
4104 ee9eab0075519302
4105 af328cff9517e64f
4106 41bc72fe9e80b6b6
4107 a7cd65ecef159f3c
4108 bdfb9d9ad35c7597
4109 720499af2908bce6
4110 a50ee4adecc1576f
4111 7dc2c1363dbdd271
4112 026e5d860b6bc65e
4113 1c14ddabd5d45c4d
4114 7197b188d018d678
4115 811db04b558accf9
4116 c852703eb2d6686b
4117 f3ef5710b35dad88
4118 0cf80f6ea55c3553
4119 0105bd483fb36eba
4120 725628990787b0be
4121 d36d7c24c38cb4e5
4122 976fb63a398ab54a
4123 a5b0682798c1b031
4124 3b7ba5aa19a4642b
4125 6b31e882f0e8d19a
4126 52f1becffcf9c131
4127 5d7f75a0f01ea536
4128 b4b87ab47ae129f5
4129 b4d1a3abd1b578c1
4130 37fc94a790bd289c
4131 edc4a34b33f0ad67
4132 423b923ad8f6ae84
4133 833f4ce9f1d26362
4134 0bbec0dae6e6e39f
4135 bf5316e673890126
4136 74d143159bca752d
4137 9829fd6fa22a5b71
4138 9b9aa4dee998a270
4139 c704806039dde8a3
4140 5268cca72a6f5aaa
4141 82343d8867ee3f79
4142 a8a10a906b561c53
4143 f3bdc2b23c15cf52
4144 891a3f5d084fb6df
4145 2d39f5add29b2772
4146 ab07ef2563b3df8a
4147 b852e1f983912fa9
4148 b81536e28577797c
4149 ef232bcf4832dc91
4150 a096f0a98484b0fb
4151 3cc786a6e6df45ac
4152 2b89e36b8909ddbf
4153 9f5acc1c739e38b6
4154 d5a9c410062c1643
4155 cfc32d1bfea61765
4156 e84f63e401681ace
4157 4583f74e098689a5
4158 d6ac980868157cb8
4159 d90f07d18b268de6
4160 0560ef96950aecd5
4161 5ab28f67d3534576
4162 b9d3925eb1915095
4163 626af794b471a59d
4164 9794de74ba485838
4165 1a40cf56a5eea75b
4166 cb56ce7ad9b3c85c
4167 7102c5d6ef3e0fa7
4168 fe3adedbfb3dbe73
4169 863f1234ca295532
4170 21ad6d842a2ba9d1
4171 9399b2709ca0db72
4172 82147e7c3eae50c0
4173 4e008858f445f101
4174 d04d352cdd2fb034
4175 67a4b85cfe6a2c7f
4176 3660ae6711ab1631
4177 4e8b9c8c0003ac5c
4178 2ad417c471dc46b9
4179 b44484aaf5e3e888
4180 ece2be007e5a8d93
4181 3c5e94d261fd6b1f
4182 9d80cd05f293fc06
4183 bcbe233d3ad086cb
4184 1c92a121601e77ce
4185 4bfd85d3b195a7ba
4186 91effb6e242888f1
4187 74e61a929db37bdc
4188 e2557e910548d1d1
4189 2aa3434b8215922b
4190 a970a77980bf07fc
4191 62157b953e8993df
4192 fdba3a4e45d9af66
4193 0cd2e5f6efd1b441
4194 bca7fe24c7d911bf
4195 6dd2df993debaae8
4196 333f2e3d1a9efce3
4197 894be6917317b51e
4198 f7a4eceab31cebbe
4199 4466d5ccb4da64cd
4200 4aae9df7d23864ae
4201 401da6810beb9805
4202 786a39918fbdeefd
4203 121d70d67e5e3ba8
4204 bb9acd005e54f553
4205 c5d723a449f4adf4
4206 4e3195307fb413b7
4207 69b8fd9dc1a5a29b
4208 6650cb58b1fed172
4209 18ce67cfafff8809
4210 902d62f8ac84cb48
4211 b2b2c51d55c9741a
4212 316e548cbbb296b7
4213 ca873ebabf01b60a
4214 307156cd3ea0f0c9
4215 7f26cbbdc7b80b91
4216 c569f3adfd9cb504
4217 dc3090774aff1021
4218 7328b2f02cc6ae23
4219 33ab1bc6631806b1
4220 b231240a45a11c75
4221 ddb4c0200553236c
4222 d63ff126ca417a49
4223 fa2364ba45aa338c
4224 ddd609d9ccbc4c64
4225 9e5b231b21ef139f
4226 466ca133be29917a
4227 12472c0a38dfb17d
4228 e0d5ac8d9f8b5e8d
4229 bbd82edcfeb6fb62
4230 98485887607e67e5
4231 ab5317ac563ffc6c
4232 7331981516b00665
4233 f30f36a8385a7307
4234 d35d317c67a133e4
4235 52dc113a9ce5c613
4236 dd090de0d2baf27e
4237 21409b855f10b796
4238 809d6126feeb6ae9
4239 4be59e9caa16d2ce
4240 151fb3d4c81cdb81
4241 4571195d498f6c61
4242 bb61bad925eb9f5c
4243 a72cff289383b123
4244 64f7d12727ef618e
4245 4a72ec91d32fbcb1
4246 f6f286ee6b81fc79
4247 41ca7b1ebda153c0
4248 b93e819e6604b75f
4249 8f2a17fcd677beac
4250 d5c243c8bd4450a2
4251 0f9021c0dc4401a7
4252 1a61f77028021a0a
4253 a600a8a2519fe5bd
4254 d09ece8064ab65fd
4255 2f69a4a1bcd12948
4256 7dc0770b3f6732f5
4257 be1e74cc24bc51ac
4258 faf17a4e912e3e9b
4259 c2a759ce67b2b8af
4260 aa2f0c0fefe38ec6
4261 2a777e6094a28f5d
4262 fad8c8b79e925b68
4263 88447c8f860f837c
4264 c4b0757c59c89983
4265 76b08aed538d0c3e
4266 f2cd73e65235becf
4267 2bbf99cb1e552279
4268 0505e5881a29b14e
4269 2f2a70ab2a3e88b1
4270 49635c3002160cb0
4271 9008d75c9d89a799
4272 810327c6f2dde44b
4273 1a1dcc12dbda39b8
4274 53162b2273fcc34f
4275 d26e5683bf2a7a7a
4276 457b98699eb66b4a
4277 489f6c8c2c38eecd
4278 6299186da3d8c25c
4279 6d19a18951eef1a3
4280 b0ee0b182f8df66f
4281 ff6dd94a47f0bc82
4282 84f9a617e87899c5
4283 d66faec690615e2a
4284 56a36450a27ef4ad
4285 34052ae78a984dbd
4286 63c814d4f0512cbc
4287 2eadfd86d7e4822b
4288 87a2e96ef6519e60
4289 b777de6c22d0e396
4290 8db2b349ed7be0a3
4291 3c3650b156e1092e
4292 32af4f15b7e656a9
4293 9fdfbae4f71f0111
4294 b38d22cd39d0e44c
4295 e3cd08e6d136237f
4296 9bf9f63100e385a6
4297 6bc7de3139669061
4298 12dbb0cb5ece9ca9
4299 7ebdc9339535a830
4300 efff2bceb7da1151
4301 8ff94162ff4d561c
4302 b83719fd36958478
4303 520d057ce7f90b7f
4304 f48680c8a981bc5a
4305 1066db34f2dbd543
4306 90f7f182ea477cf5
4307 ea682d8ce194fc72
4308 72bc0bbf4f65badd
4309 21d40e69022e0584
4310 de1676e42005f435
4311 3a09ea72e3afeb47
4312 c875e120be0c7de2
4313 4a44ec1afde0b0b5
4314 61c32d7276cac220
4315 cefe09b8d333f9f4
4316 4fbfaabc74009b86
4317 f546810f74869019
4318 eb55ac1a885428fe
4319 2446498451522bae
4320 19764dd9cf04245f
END 4320
