1 cc3f4c7ba4e552bd
2 cc3f4c7ba4e552bd
3 cc3f4c7ba4e552bd
4 cc3f4c7ba4e552bd
5 cc3f4c7ba4e552bd
6 cc3f4c7ba4e552bd
7 cc3f4c7ba4e552bd
8 cc3f4c7ba4e552bd
9 cc3f4c7ba4e552bd
10 cc3f4c7ba4e552bd
11 cc3f4c7ba4e552bd
12 f30dfa61d8621222
13 cc3f4c7ba4e552bd
14 cc3f4c7ba4e552bd
15 44f3877ba4e552bd
16 cc3f4c7ba4e552bd
17 a465b5afef1b5358
18 cc3f4c7ba4e552bd
19 cc3f4c7ba4e552bd
20 cc3f4c7ba4e552bd
21 cc3f4c7ba4e552bd
22 cc3f4c7ba4e552bd
23 cc3f4c7ba4e552bd
24 cc3f4c7ba4e552bd
25 cc3f4c7ba4e552bd
26 cc3f4c7ba4e552bd
27 cc3f4c7ba4e552bd
28 cc3f4c7ba4e552bd
29 cc3f4c7ba4e552bd
30 cc3f4c7ba4e552bd
31 cc3f4c7ba4e552bd
32 cc3f4c7ba4e552bd
33 cc3f4c7ba4e552bd
34 cc3f4c7ba4e552bd
35 cc3f4c7ba4e552bd
36 cc3f4c7ba4e552bd
37 cc3f4c7ba4e552bd
38 cc3f4c7ba4e552bd
39 cc3f4c7ba4e552bd
40 cc3f4c7ba4e552bd
41 cc3f4c7ba4e552bd
42 cc3f4c7ba4e552bd
43 cc3f4c7ba4e552bd
44 cc3f4c7ba4e552bd
45 cc3f4c7ba4e552bd
46 cc3f4c7ba4e552bd
47 cc3f4c7ba4e552bd
48 cc3f4c7ba4e552bd
49 cc3f4c7ba4e552bd
50 cc3f4c7ba4e552bd
51 cc3f4c7ba4e552bd
52 cc3f4c7ba4e552bd
53 cc3f4c7ba4e552bd
54 cc3f4c7ba4e552bd
55 cc3f4c7ba4e552bd
56 cc3f4c7ba4e552bd
57 cc3f4c7ba4e552bd
58 cc3f4c7ba4e552bd
59 cc3f4c7ba4e552bd
60 cc3f4c7ba4e552bd
61 cc3f4c7ba4e552bd
62 cc3f4c7ba4e552bd
63 cc3f4c7ba4e552bd
64 cc3f4c7ba4e552bd
65 cc3f4c7ba4e552bd
66 cc3f4c7ba4e552bd
67 cc3f4c7ba4e552bd
68 cc3f4c7ba4e552bd
69 cc3f4c7ba4e552bd
70 cc3f4c7ba4e552bd
71 cc3f4c7ba4e552bd
72 cc3f4c7ba4e552bd
73 2cd1db70413e21c9
74 68595622ba5026df
75 cb24c151a6ecc235
76 d2339de50ac985e8
77 d2339de50ac985e8
78 d2339de50ac985e8
79 d2339de50ac985e8
80 d2339de50ac985e8
81 d2339de50ac985e8
82 d2339de50ac985e8
83 d2339de50ac985e8
84 d2339de50ac985e8
85 d2339de50ac985e8
86 d2339de50ac985e8
87 d2339de50ac985e8
88 d2339de50ac985e8
89 d2339de50ac985e8
90 d2339de50ac985e8
91 c32bd3d6f11d9754
92 1a97765eb25e4068
93 cba81c17f1d19b38
94 b75e5338631c6572
95 6906f2709bb4aa78
96 ad98a65b9db521bf
97 a3e6cced7a05c713
98 d5ec949c6c3cc713
99 fb48e67b3ce7c713
100 137aa8922b56c713
101 105ed4d1bda9c713
102 e000abda01f0c713
103 cf7aa5dd0d8bc713
104 7b9b37febfaac713
105 c6b27fe6493dc713
106 8108ee7990f4c713
107 e773dfe59bbfc713
108 4dea34aaf1aec713
109 674b617599a1c713
110 61f0b69465e8c713
111 629767d77c63c713
112 870939d97d22c713
113 54fa1426c6f5c713
114 1a079cf2a8ecc713
115 766547dba357c713
116 9956953df886c713
117 3e9aeb6824d9c713
118 445be322fc20c713
119 be53735bf03bc713
120 25910ee3359ac713
121 4fe5fddded6dc713
122 3bf2d66d4464c713
123 4cc8eab16fafc713
124 4173b91338dec713
125 5f4f2660b751c713
126 3db890d282d8c713
127 a2b9e385b993c713
128 54399c78d392c713
129 489462a62fe5c713
130 1ba17dbff29cc713
131 1278386b2a47c713
132 56fa3dd92836c713
133 8e513bccb689c713
134 3d890d68add0c713
135 af537cff326bc713
136 74084ccb770ac713
137 3e09dcf6601dc713
138 527b9a279854c713
139 787dc031999fc713
140 986bc619ca0ec713
141 23f5508a7681c713
142 e870aa72a048c713
143 82f8f8b5d8c3c713
144 1e13d0f20302c713
145 fd7bcf824855c713
146 1ef524d691ccc713
147 ef7380c209b7c713
148 f371858112e6c713
149 05609982e2b9c713
150 c23bd05c6200c713
151 122dd65b9f1bc713
152 00337f3beb7ac713
153 c484b91177cdc713
154 5489f0dad844c713
155 01cf33e2b88fc713
156 805a40f843bec713
157 d1d8147e9a31c713
158 0ed49a4e25b8c713
159 238f4e961f73c713
160 a5b7f95706f2c713
161 bee3a48d6645c713
162 643d89e8497cc713
163 5811fa845927c713
164 f91278eaca96c713
165 e46e1371e5e9c713
166 7f441eccfc30c713
167 6ef24c8edacbc713
168 0b709d40aceac713
169 a37c3cbd3d7dc713
170 ec04c5060e34c713
171 ca87d28b8dffc713
172 9bd6289228eec713
173 a3e4571f4de1c713
174 ec90edddb628c713
175 90b71f5c50a3c713
176 a74f435b1262c713
177 b0a90cd9b735c713
178 eccb0b96cd2cc713
179 8556be695197c713
180 a0ca7d7a71c6c713
181 450211d4a919c713
182 5ba417d8f860c713
183 34825e46e67bc713
184 f77f37f673dac713
185 6faf9c440eadc713
186 b0cd187c02a4c713
187 f936e5ecfcefc713
188 33cc12ac801ec713
189 4db8c4562391c713
190 7db8b0e70a18c713
191 4ec1063e9dd3c713
192 9b83419563d2c713
193 de3d8c9de325c713
194 5cb08c231edcc713
195 737a7661b487c713
196 b4e6075ff776c713
197 3c181fbbc2c9c713
198 9fd1850bee10c713
199 859b17efefabc713
200 33e76bc3f34ac713
201 ca63e77e3c5dc713
202 a888bebcb594c713
203 4397c97e06dfc713
204 fa0fcd6b644ec713
205 eecbc22258c1c713
206 73164bd62688c713
207 fa815e2ad403c713
208 fb09594d2342c713
209 9505d8e93f95c713
210 352ddfe9320cc713
211 a12b32f7a5f7c713
212 2772e08ac926c713
213 cf29415f26f9c713
214 e3f2de462c40c713
215 8f6f8d3cf95bc713
216 bc015b0766bac713
217 b22545b5800dc713
218 bb02c9513e84c713
219 bdb1f16885cfc713
220 9b959a0399fec713
221 81f0570f7d71c713
222 cc09cb2f98f8c713
223 cc08b09880b3c713
224 934ed9b6ab32c713
225 1e98a7e36a85c713
226 9a56edca5fbcc713
227 94429b20da67c713
228 6d0eab9a58d6c713
229 37822778c529c713
230 20d32d149770c713
231 9d12c41d0d0bc713
232 2bc27c75c52ac713
233 a41e488e58bdc713
234 2ff88a658274c713
235 a9b7eae89d3fc713
236 e20cf794c12ec713
237 b4498bd17521c713
238 70389865b368c713
239 1ccfd6d369e3c713
240 f833bcef92a2c713
241 eee21acae675c713
242 7a1e7211146cc713
243 7da6fdbcdcd7c713
244 f38e0357d406c713
245 b7e61ffc0659c713
246 0bea43b127a0c713
247 472bd64391bbc713
248 c4a7117a831ac713
249 177b212996edc713
250 900c12fa35e4c713
251 d459ab9bbb2fc713
252 c0d0800c865ec713
253 61a4f1fc1ad1c713
254 a3ee4be37458c713
255 6071f2cecd13c713
256 9eaf6568cf12c713
257 45db986e4d65c713
258 5c309844ca1cc713
259 6bf4cda03bc7c713
260 76eacf53d3b6c713
261 42a7e68eb609c713
262 69be6482f350c713
263 6e9c9aa8a1ebc713
264 ab1d8fae768ac713
265 3552c100119dc713
266 55ed86a90fd4c713
267 6d13eea1bf1fc713
268 e4645f5dd98ec713
269 3a2af5052601c713
270 b6f657a1f9c8c713
271 913355a41c43c713
272 c885e01a1882c713
273 7c7bbe0411d5c713
274 d3d216c2434cc713
275 43cb81cc3937c713
276 8f7ca9d4ee66c713
277 d12c46f59ce940ed
278 58f4e9f367f1f24d
279 ab074833c47cce47
280 96b1c2764841ce47
281 251c728bf742ce47
282 b6fe9715d987ce47
283 9107f65ab9d0ce47
284 96ef78ca71b5ce47
285 eacaada4b3b6ce47
286 45368a1af02bce47
287 fdeea5c36df4ce47
288 e3c407ae2b19ce47
289 3500d38c511ace47
290 9bbcf113093fce47
291 a3805615ffe8ce47
292 9022c8bd27cdce47
293 be7d75ff0beece47
294 a5710ebc7863ce47
295 90ed03e5788cce47
296 c62390cb4511ce47
297 6b5a8d7b4812ce47
298 fb2053b62257ce47
299 42ad14213aa0ce47
300 b3887f28a2c5ce47
301 bc821cede96d6277
302 0db846321bca5277
303 11b53df6c8df5277
304 ce6669c989205277
305 79eda676e2f55277
306 115c606e6e2e5277
307 c253bafce244ca5f
308 365a1fc7cf75814f
309 36c28d2bd502814f
310 6a8e76615c23814f
311 7b4079239cc0814f
312 30e390349a99814f
313 c5d2aa5c6296814f
314 2b94494d7887814f
315 3b6aaebef0a4814f
316 6d7ef91b063d814f
317 cccd5a48e1ba814f
318 f9ca8196aafb814f
319 c45603a00158814f
320 e7313f76fa11814f
321 3e17985e54ae814f
322 17b055bb1c5f814f
323 7f0705e21e3c814f
324 0497cefe4eb5814f
325 8ff5dc864612814f
326 64910c6f6873814f
327 277261913050814f
328 3992c67f9a29814f
329 9947f9efd726814f
330 d885e0451b97814f
331 bcadf05cc3f4814f
332 7a8b46110e8d814f
333 25cb7714e08a814f
334 868aca95170b814f
335 70557cc9a2a8814f
336 4cc92e8ebda1814f
337 d3049338f9be814f
338 49538c38666f814f
339 78b79a28ef4c814f
340 f30a07d15c0c814f
341 ece903bcd943814f
342 94cef611e2a2814f
343 7cbd66f12119814f
344 cf033e775980814f
345 7a2f8733be47814f
346 e31d7f79b196814f
347 c3ed3334e2bd814f
348 be78cdbe62e4814f
349 1b11b575687b814f
350 b9e00a0b19fa814f
351 4d6e6bfa1a71814f
352 8b2fbaee2db8814f
353 57f9ad618c7f814f
354 3be250c5924e814f
355 b488726f7d55814f
356 408131e8c25c814f
357 03afcaca2153814f
358 1238f1fd7172814f
359 b9b17a0a0aa9814f
360 55ac4fbdd090814f
361 8992e0ab7f17814f
362 fd0bedc22f66814f
363 f7de43919f4d814f
364 24a5d597f5f4814f
365 b3f9bf8b6ecb814f
366 108592fe960a814f
367 c3e393fd7e41814f
368 0aa725af2948814f
369 1f79757fb68f814f
370 8cb39bd3dfde814f
371 94c1384dc325814f
372 24fee80639ac814f
373 150e0840ea63814f
374 a4dd6f9fff42814f
375 6ad87e223a39814f
376 a9961bd305a0814f
377 5e3919a2b1e7814f
378 5b3b56d9aeb6814f
379 4c1b41534add814f
380 22baa5e67f84814f
381 7059a130aa1b814f
382 a82eb5508e1a814f
383 46b9638b2791814f
384 dbabd098cc58814f
385 49f797197a9f814f
386 a5a03e8502ee814f
387 c42093055ff5814f
388 08e7ac40b57c814f
389 8d3316d224f3814f
390 9848e813d512814f
391 018f830efd49814f
392 d2b9f7ccd1b0814f
393 1ae87449fb37814f
394 db28ede2ef06814f
395 aad12fb98a6d814f
396 da0cb9058994814f
397 c5d43dbc97eb814f
398 d2701978c72a814f
399 04dec2ec4ee1814f
400 8c5da62947e8814f
401 150b465e38af814f
402 c3e8526088fe814f
403 ca716014d145814f
404 3e706e7ec64c814f
405 d99d7973c883814f
406 8898a5d4e1e2814f
407 d26ef97c0e59814f
408 2c1d247d49c0814f
409 2e64fb298887814f
410 796a18f40cd6814f
411 37bb47f110fd814f
412 538a3bab1c24814f
413 422ce2fb69bb814f
414 f99d68d4b33a814f
415 6310a5d939b1814f
416 21ab44d09ef8814f
417 d3e0a7254ebf814f
418 e57d3f73c68e814f
419 1d957ba3e895814f
420 b717c4c5b99c814f
421 63e5c1ac6a93814f
422 a91dfbdb32b2814f
423 b6115ae2aae9814f
424 f90137af39d0814f
425 ed45b3604957814f
426 daa6289d4da6814f
427 56c2e9525a8d814f
428 86e671902b34814f
429 02ff2485ef0b814f
430 f558c308cc4a814f
431 2ffec9ce3e81814f
432 fe832eb05788814f
433 443e822936cf814f
434 961fb0c0c41e814f
435 30bdffe3dc65814f
436 20d1de0715ec814f
437 95816a73e2a3814f
438 607e7ecbe182814f
439 561cd8b63379814f
440 ca733bd5d4e0814f
441 1ba6fa5b8f27814f
442 78a71ab74af6814f
443 ab8d9dcda91d814f
444 9995a8982ac4814f
445 81700256cc5b814f
446 32fbef8d715a814f
447 800d738994d1814f
448 0015ea3d8d98814f
449 15c9ac6fcddf814f
450 05273c521e2e814f
451 be083b64e635814f
452 9195180ecfbc814f
453 998289b53833814f
454 cf7cefaeeb52814f
455 a6b36df82889814f
456 c2163951fef0814f
457 ec52f6530777814f
458 0bf0298f1e46814f
459 91c58facb4974628
460 f569fdb00cb40ebb
461 ba85a99f39af1d09
462 70399dee885091a2
463 92e0c037684f8a72
464 ac10ba2e3f7a905f
465 8cde89d777d3c859
466 99b8c7a14a95bd8d
467 21de6e3fccc695dd
468 ea726a5accc695dd
469 c7a59e724c61e69a
470 e7969aea83de3d50
471 e83af6a96ec8f8b0
472 f3774912bbc8f8b0
473 1f925fd64ec8f8b0
474 c932af87bcc8f8b0
475 60041183fec8f8b0
476 af3de76f01c8f8b0
477 ec09c19f9fc8f8b0
478 1c3ec4f993c8f8b0
479 6d4f5eceb4c8f8b0
480 6c5430c7a6d77730
481 ad4a4e32b7d77730
482 3471db0a6fd77730
483 af19ffec27d77730
484 5289766736d77730
485 ab22e0881ad77730
486 e51a981b5fd77730
487 36051d2222d77730
488 09841e6876d77730
489 196b92bcd2d77730
490 717d513a88d77730
491 08cd14f7a3d77730
492 2dd5d316b4d77730
493 3206bb848ad77730
494 123bc9802fd77730
495 be20793101d77730
496 bad8fa67b3d77730
497 92b0594ff1d77730
498 854e817e36d77730
499 77c93f51f9d77730
500 da42783d9bd77730
501 6b4182225ad77730
502 6afba7d2858ef1b0
503 db259b48fb8ef1b0
504 257e61606f8ef1b0
505 8d2f9dbe81d77730
506 f2ea6afb7ed77730
507 113d6ef9399058b0
508 8527764fc39058b0
509 928d0ff4929058b0
510 1ddf544a48d77730
511 7a42b5e371d77730
512 3c3df20b2fd77730
513 80f4dd1d27d77730
514 3b085841f6d77730
515 6bb5cb8722d77730
516 60ecbb33efd77730
517 b3973ef329d77730
518 fa9e7ce49ed77730
519 43233a4953d77730
520 5b4459a4b4d77730
521 972d682f1ad77730
522 c8740a351fd77730
523 9f6532be81d77730
524 3d3ff9e6ded77730
525 f24f477cb2d77730
526 418ae4aaced77730
527 9cd7632063d77730
528 e2c8d2d93bd77730
529 2140316a69d77730
530 9c96402408d77730
531 5dd9a122e9d77730
532 656828d56fd77730
533 9cb8cc1749d77730
534 4fe3f2eb2ed77730
535 dd51eb8319d77730
536 d2d585957fd77730
537 91c25db499d77730
538 06a63d9f988ef1b0
539 481b185a9e8ef1b0
540 42c4383d5c8ef1b0
541 dbf714101ad77730
542 e58302ba66d77730
543 cbee5607719058b0
544 10381e7d579058b0
545 42854ab7d99058b0
546 acd5617b44d77730
547 3b3b8a4547d77730
548 b2370b482fd77730
549 9b2fc3e8a2d77730
550 65c9d92e38d77730
551 2c94cc491ad77730
552 ca31e7907cd77730
553 693f8d0e27d77730
554 09fdbe42efd77730
555 aed14eacc9d77730
556 589d7e1d2ed77730
557 44a70ea5f3d77730
558 4036620b0ed77730
559 17608d39a9d77730
560 83058404c8d77730
561 e5474ba7cad77730
562 bada7e16bed77730
563 654e06c512d77730
564 f01363225bd77730
565 b08aed4d99d77730
566 a8dafc4986d77730
567 6f4e5f0227d77730
568 a8449f5b08d77730
569 270ade3b29d77730
570 fa9af79976d77730
571 fb63a9c027d77730
572 85fa47415fd77730
573 9a5aba2fe7d77730
574 77a4b8f1818ef1b0
575 4731fdd2988ef1b0
576 70c2df0a858ef1b0
577 3e4ff57b57d77730
578 dd893c72c8d77730
579 5d0f8bb6b49058b0
580 22a2b9b0d79058b0
581 bd79a0360e9058b0
582 f3b25155eed77730
583 74b3200b59d77730
584 2a088d1786d77730
585 9c0b5cca12d77730
586 0019463a7fd77730
587 6c27ef6df9d77730
588 647406be4ed77730
589 06f6c7c40ad77730
590 e793b68be3d77730
591 8ddb3a4c52d77730
592 4208d2c1b4d77730
593 cc28f3721ad77730
594 b2fe64fdf8d77730
595 7ec1fbfc72d77730
596 babef417fed77730
597 0878747ecad77730
598 c72ad2418cd77730
599 e3497053f2d77730
600 6c66563908d77730
601 bfdaa1ea69d77730
602 ea2c293408d77730
603 6a77649ae9d77730
604 de8fe64f88d77730
605 ad91c1848ad77730
606 be5e5ef0ccd77730
607 d51f89e731d77730
608 d2010ce33bc8f8b0
609 b14a6d33efc8f8b0
610 4fd54353db706830
611 6ce3c26b03706830
612 8c85f64f4a706830
613 57446393a0c8f8b0
614 d6cc15ffb9c8f8b0
615 4d49d906bbb65730
616 e434a2b258b65730
617 c863212f65b65730
618 7a57024eebc8f8b0
619 5715fca463d77730
620 226cfaea6ed77730
621 2fc27b67b9d77730
622 3850b1da38d77730
623 1af3609bf3d77730
624 2fe434210ed77730
625 c9538cd74ad77730
626 1b6449a67ed77730
627 0735f169f1d77730
628 541070cd46d77730
629 7264584de9d77730
630 d03f8eb13ed77730
631 58d017df79d77730
632 38229764b8d77730
633 79173e0bf9d77730
634 017e33fc66d77730
635 119dfe4ba7d77730
636 b4c3d6f508d77730
637 9bfeadff63d77730
638 1e437b7fcbd77730
639 5122544c8ad77730
640 d194f99becd77730
641 869a246aa7d77730
642 352c5d6dffd77730
643 322b80ca5ad77730
644 07269cad5fd77730
645 9fd2f22e71d77730
646 7a869485e78ef1b0
647 d00761dc988ef1b0
648 7d1e8474878ef1b0
649 25a26da991d77730
650 115407ac36d77730
651 f69ef330819058b0
652 d82f30ec1d9058b0
653 0b2267aa749058b0
654 87ea943c4bd77730
655 d745d89769d77730
656 41451a2f76d77730
657 1784c1fb17d77730
658 227e5ea17fd77730
659 78cb71dd47d77730
660 24add14066d77730
661 6259fbfb29d77730
662 4245f0669ed77730
663 efb3cb2fbad77730
664 21bea3c93cd77730
665 ea5423c251d77730
666 2388408d53d77730
667 130a03b70bd77730
668 cacaf0b2a3d77730
669 459fb55772d77730
670 c07e57e2cbd77730
671 36bb835fbad77730
672 5160290a5cd77730
673 95d4a76e01d77730
674 81bffd0db3d77730
675 b0c907bf0bd77730
676 0a020884ccd77730
677 2dcb6ae272d77730
678 234429a576d77730
679 fe9b0e0ca2d77730
680 b9959172c8d77730
681 f1ad23a7a3d77730
682 23a65548778ef1b0
683 082ca3bc438ef1b0
684 5ad6fa59c08ef1b0
685 79cb4c3f91d77730
686 6a80273a36d77730
687 8bd96607f29058b0
688 a58b8676fd9058b0
689 75aaa4ac549058b0
690 39d73f46fbd77730
691 c1a98eeee9d77730
692 67f6287676d77730
693 dc96f82ea7d77730
694 46497942ffd77730
695 447feddf79d77730
696 f32b1bc5ced77730
697 80a6331de9d77730
698 1c18376d6fd77730
699 f69eb60acad77730
700 2915031db6d77730
701 ef88f9fb79d77730
702 9b4d99764ed77730
703 be42131363d77730
704 695fe2fe2ed77730
705 5aaaad011ad77730
706 ddd9b1447cd77730
707 4cdf1de881d77730
708 84f1dc993ed77730
709 fdf0639e4bd77730
710 527b2aa4acd77730
711 bb91787281d77730
712 5a96f00f5ed77730
713 e2773a7232d77730
714 d07583d4a4d77730
715 0e0cc21ee7d77730
716 17b63b6466d77730
717 16e449da87d77730
718 57da27049f8ef1b0
719 874f02da648ef1b0
720 95e7d22d218ef1b0
721 dde9b27c31d77730
722 e501e7d806d77730
723 e1a2b265f19058b0
724 cb2e153c979058b0
725 8cb5d36b3c9058b0
726 fa114f7908d77730
727 ed5273bf0bd77730
728 af5ccc7eacd77730
729 590a0fb822d77730
730 44177e92f6d77730
731 69f7f4ae52d77730
732 8d84c0eff6d77730
733 d009025627d77730
734 7689c733a6d77730
735 aa9e33c3a7d77730
736 c6af95d2efd77730
737 f88979c847d77730
738 354304f436d77730
739 7b20b882bad77730
740 c519f2ea3fd77730
741 6627d26272d77730
742 000081586fd77730
743 38e54d6b2ad77730
744 6f006f54f6d77730
745 05f771bc99d77730
746 ef287abf9ed77730
747 714ed35f20c8f8b0
748 68cbf6575bc8f8b0
749 9b1b2a3d97c8f8b0
750 1bdca37a31c8f8b0
751 d67cd35ceec8f8b0
752 5b9436ad7bc8f8b0
753 f93aba7dc8c8f8b0
754 ec00af8ab8706830
755 5eb765ce41706830
756 508a04423a706830
757 5883b62bcfc8f8b0
758 c0dbb101b4d77730
759 8a3fc3cb129058b0
760 de3cb2901d9058b0
761 21a9b3f7729058b0
762 f3c630ce76d77730
763 44c8dfb247d77730
764 9864ea8ff8d77730
765 17c6bdfcd1d77730
766 022960da66d77730
767 49569defcad77730
768 9982ae43c8d77730
769 3b606b3531d77730
770 96c408e3c8d77730
771 5b1ed5580bd77730
772 50b5d9b8ccd77730
773 6633489a72d77730
774 a2b880abf6d77730
775 87f3dc43a2d77730
776 53208285b6d77730
777 c2a3c71077d77730
778 b1c8470fa6d77730
779 d96c7dbab7d77730
780 3761976376d77730
781 6dc23b8992d77730
782 9604055e6fd77730
783 ac4718b9ead77730
784 2854c89ec8d77730
785 6037dfa62bd77730
786 056693c4ecd77730
787 caed238501d77730
788 23dcfa9da3d77730
789 d068ccc891d77730
790 cdf14cd8dc8ef1b0
791 c7faa74e248ef1b0
792 35d9708c1c8ef1b0
793 db753e0699d77730
794 2a8283010ed77730
795 81936d97119058b0
796 946a7844d59058b0
797 a5bfdd6d7c9058b0
798 21dbefbe46d77730
799 33d1445069d77730
800 b22b1db1737b9d68
801 7d69c9182d063e45
802 f310e4ced7bd4b45
803 c346ef4c81b84b45
804 846792dceab84b45
805 d3285e1da26c1e68
806 f60b22adb9329d68
807 b22b6cfb677b9d68
808 460f4dc9947b9d68
809 e528df19427b9d68
810 739fce46217b9d68
811 057726741c7b9d68
812 e893aa69fd7b9d68
813 21ddb63e907b9d68
814 71bfaec55c7b9d68
815 3db16a1f6f9c8a8f
816 c208a9fd586a618f
817 103dc28188c3dc30
818 8043673f37e50873
819 036c9dd64343f422
820 cd0a6415461724e1
821 f477273dfbbf336a
822 d1ac3f59b55d9081
823 7e10c256e82a5b8e
824 f16fd099d37d1d4c
825 e56c88dfca650e24
826 8206fd562648f231
827 36c043f2d1dc556b
828 a42d50af11dc817f
829 325d5c98bbc62e1a
830 310d52ac37ce71c0
831 eea9b2c9d269b933
832 69dd55354eeaf88c
833 f0540d1f18d28039
834 3894340d9079507a
835 fa21e8d0721c07e7
836 3ea3b522ef05f0b0
837 aca9f39f1692aaed
838 0b01b1d78a895cae
839 08eae276be81d38b
840 8c7c6b0dbe653ca4
841 bb71e5cd1d652eb1
842 2741ed7ff2208ad2
843 862924e46c5ee7bf
844 53ef9cd32b794b48
845 9af7b7672db4eb81
846 5b8d65d9cc0ee8a2
847 376c109d971e2e4f
848 70b273763c86fd90
849 7a139bbe3cd16ccd
850 2f23bb429e0b1d8e
851 faa9adee3e80b7eb
852 61c33a5dcda2016c
853 aee60c0e7fe9e519
854 62216d193abd5cda
855 0488a384937dbec7
856 22e9b043dac65308
857 c8fe04dc64d03805
858 a1d78cbdd9184bc6
859 fbfefe4827b82243
860 49c1edcff0ecbd64
861 9ac47a509ef7ecd5
862 f4a949a0cf4be216
863 c00e687ed854a453
864 925eaf4bdfc32aac
865 96ed6ddd10b94559
866 3a8aaf5a3b50791a
867 e26be3f54767cd07
868 2758f43353c6f4d0
869 fa9be6e57599100d
870 1536fe4316a3f7ce
871 08daa66b531ffb2b
872 12187d2fad3ab9c4
873 f3d93ef6d7d1d5d1
874 2cb68f23b7b2c8f2
875 255353f5c1fbe6df
876 51fb75dcebf2e068
877 ddca8165a30b8de5
878 2bf4ebbeb95b60a6
879 cc2c9cc6603e8da3
880 04021c8462dbf1fc
881 9324fbc1a8ed4669
882 6f4079b8cd4278ea
883 5670bd4627ed9897
884 4c7c155502c58de0
885 85dc56fe2f4b735d
886 7dd0fcb16ee67a9e
887 bdf6f3cd39ec09bb
888 794e0bb4605cfed4
889 cdc6e824e1f7d451
890 7323f084095eb93c
891 34113962d65a8b60
892 d86c446391607234
893 f70bc328c96fa824
894 d66cac502b6a5a28
895 9c086a23d0b1b1ac
896 7e7abce509c2aaf0
897 34cc6e80c3ac14a4
898 ee745d7ab9296420
899 e58a4558463b261c
900 54c39905813b28e8
901 413f07c7e9f93304
902 45b5e6693a6e1788
903 41e0d8c461f7d2bc
904 b47cfa8c8ea807a0
905 4643af57c9f4cd34
906 4361680cbdb12480
907 31b17039e6289a9c
908 5c241f2d05ec2138
909 6b12e8ad6ac500f4
910 6227dcf9511b49f8
911 bb9939a2d0613dbc
912 090db47a3804d280
913 7766b85e2d60b8c4
914 a16e373eeb4d1580
915 575b7416a8980abc
916 f258f412dbaca248
917 94f2651c85c29924
918 8a995ff493ce5f70
919 9084021a2d9cb584
920 d14108d96b9bb4f8
921 d2329d5ca90b8ee5
922 bae8880c5da5a6ca
923 06c838ec13b9ee97
924 6ae2e7ded1566e14
925 c95e878ab080bb75
926 7850fcd30e57505a
927 83963bb7e4f4a527
928 25239d68567f4eec
929 fad6756beff86519
930 37263037827f71de
931 9ae2896775907c1b
932 7ffb9767d7a031d8
933 6a95b5b0006458c5
934 953c6873d8bd3baa
935 6305e2b794667f77
936 a9c3b795f6d4ca0c
937 007caedd3b382e39
938 2a6beff3fc56bffe
939 0fb19ad2e506e543
940 32ab6ee74103ca38
941 b92091dcec361025
942 98e623defa936e0a
943 2236fee3535be0d7
944 81388670e62bb95c
945 2972e71d26fd09c9
946 e186243671f415de
947 ef8cc78cad3d801b
948 cc7c47baf960e7d0
949 a4e2cfaf36abbb1d
950 2b6f07457ff59b62
951 08937754201b9caf
952 8cb5507711ff5ab4
953 2b9e3a937cd96ce1
954 d7ad0c91ccd84c86
955 feca13018f0738a3
956 a74dedf23dc50c18
957 948c7814ecc5b0d1
958 32e10686b50543b6
959 69b03a4f4c879f53
960 615b68912b071c58
961 283650c1832b9145
962 55d046c2484dd22a
963 2fc39f9a125d4df7
964 3b76f294edfd07f4
965 86d1f1416b394721
966 f4db02f9d5ef05c6
967 a17ce9d776f29c7b
968 59c41df6d1c03318
969 afc02bf5190e8c05
970 ddee17f3d2eeffea
971 ce0cb6a49a2775b7
972 5a327eab4f7353b4
973 0d2ffb199b1d9be1
974 174d5f1054e625ee
975 31811d207d4e4b2b
976 db48fa272f6292d8
977 34c2eae94231cdc5
978 82a080be1380e0aa
979 ebbdb3d15391ec77
980 215b3d4ef00e9e74
981 f0a116e29d170ad1
982 bfce65f87b26fdb6
983 b57c1559c25c4953
984 4ea4d85eabc2c320
985 e1a37785bdbdd42d
986 d8866a7dc80b78f2
987 7c20e08e39a392bf
988 37b5d1c9ff8d89fc
989 ca35f4ee92eb825d
990 d382f41642ca64a2
991 1312d6cfc031ecef
992 d97932b54d856fe4
993 fbf0803c49cc2991
994 7c6cb51f296a9576
995 47edd8c83413e933
996 70a253dc995a5ea8
997 a656227ea438b0d5
998 58e323da352d793a
999 5c3dfea269676f87
1000 429a697f0f59b7ab
1001 2612d68772a8057a
1002 469a095bd12eea69
1003 8e34a351455c7c2f
1004 baeb2c4c04a381c0
1005 8bab9e2dd318c879
1006 f8587396b889130a
1007 405cda1d94005d0b
1008 cce2effe20f4051c
1009 cf7db1d63e752d45
1010 06e7c85b59e9bf96
1011 0033ab98df60cb87
1012 80f1c72ec3b03978
1013 7dbb33e9598a72f1
1014 fd65489b7adcc2e2
1015 efd1cd57168c09eb
1016 294faf343c0de38c
1017 63ac9f6c07cb2d45
1018 c05c63aa3ad3bf96
1019 bfc0b177a5d6cb87
1020 bad4bd6eaf363978
1021 acfae49cb2ba969d
1022 31c415ee5da0bfae
1023 2a25315257df6f5f
1024 08b62e3be01dc838
1025 42ae74f02a6c1eb1
1026 b35d1812e0d479a2
1027 9ccf8f33ab486443
1028 3294c9ead69de44c
1029 175174e8e5666605
1030 4f789759fb84cc56
1031 491fa20ac4dd0647
1032 1620a804355effc0
1033 cfd21a3a0760e679
1034 1fd1618acc01c10a
1035 a5f38a5275ede60b
1036 26f84241849c6114
1037 3b38b52934b7f0ad
1038 dbc9fb5e5f0c373e
1039 125d38cffbb3f347
1040 53826fba291a6e30
1041 32adab7adfc76e29
1042 bf52f15dafe8f63a
1043 b9f15e8b6f26413b
1044 7ea6cfa5a0405ac4
1045 120c4b9f719f735d
1046 fa0505ff7d22b26e
1047 eebb65c83f226e1f
1048 a913324eb042d2e8
1049 88a5e68408e1f561
1050 6e4daf11d1d25412
1051 bf49ebe5b326fde3
1052 b677a8b4079913ec
1053 f83fdcb1a52c66a1
1054 17a241833f475b52
1055 33443de436ed5833
1056 6be142be89a496f4
1057 ed43d9695ee5be3d
1058 cd9ee9213026e34e
1059 9df8fc7709f51fff
1060 f5c7f89f283df630
1061 6e46a924e56d9959
1062 c183d4697984f96e
1063 301029e754e244f0
1064 a9998afcedcf5e43
1065 1f2d32dc5a0978ca
1066 b011c90317e25bb5
1067 9c3e7e3263360e5c
1068 f8f2c154f1ff5abf
1069 e7cce07ffa06e8b6
1070 43273e4fe5ec2d81
1071 180b590e03bdd0e8
1072 5625f8e0894db53b
1073 b1cebdf0450b52c2
1074 930f8c429e1c3b0d
1075 5d59928862228414
1076 0302c44885e800b7
1077 ba69f24429b7d37e
1078 3428e0be7a985c69
1079 9cd8b0ed5156cdd0
1080 65d44315d7fef143
1081 8f2f37efb11be32a
1082 53686f677fe74695
1083 da91a8a72cdcf78c
1084 e90333665a32e72f
1085 49ac31ec6b60c3aa
1086 79713bbfde293c15
1087 4e0e8cd37b207cbc
1088 c10c1a2bf6d32b17
1089 b176962d17adcebe
1090 9977ce04e01455a9
1091 f722db6f5e669f10
1092 991d374be50fbbcb
1093 c158dcfa8eea7b92
1094 f4e68798dabf991d
1095 0960ee683379e2e4
1096 815c7487863556bf
1097 133bb29a0f3044b6
1098 4d820f002e6da981
1099 ae5569eb6e13cce8
1100 fb0473082ed42e63
1101 acf90621333cd4ca
1102 698a3df110ce47b5
1103 195c292dd47a2a5c
1104 dc1b18bce6060cb7
1105 0d0dc7b3b6aa21ee
1106 91d82eaa8ad271d9
1107 d14eb8704259fbd8
1108 aa9b6b7ecd8ff313
1109 36d327909408fd3a
1110 bb17b55283119765
1111 0fafec1a383f2a0c
1112 564126bde8184a77
1113 f5faf9448da044b6
1114 66e9f12a998da981
1115 5fc8e81ed90bcce8
1116 398e3336ba042e63
1117 15e0b48df74b0dc6
1118 cc2fb6eb86a40b11
1119 05dde56f3adab190
1120 5acc5dd0d5a81ea8
1121 6fc963086d96e231
1122 9748aa37c3c93b2a
1123 5de0c81319cf94eb
1124 4f2c447f32a13374
1125 8c7b601ae371426d
1126 4a6031370ea8e776
1127 7fd34fc8d3111bef
1128 cee3ad07e73515e8
1129 64d50928d5225081
1130 bee5ab7eb5e5afba
1131 25fe9b741bf4e55b
1132 cdbcee99b8940464
1133 8a41edcf6c78a65d
1134 9030b5a1e0478e66
1135 587b01bdd7b1ef97
1136 c0dbeb8d2fe76f70
1137 09b6e7bfec06da29
1138 271a22379dff2882
1139 43f0e4e78a872993
1140 fcbb3f6cf99a123c
1141 bdc477114b0f4335
1142 eefcb91c80483efe
1143 d246ea373b20b95f
1144 4e1ffd3f22f0a318
1145 2185a05788ad8171
1146 2352190ddb54d96a
1147 0cfcd8dd8eb4bea3
1148 a0061be22fce4acc
1149 5b96f64806a7f5f1
1150 dbdda07afa6f7fea
1151 a7aec4fe7211e5eb
1152 405ea600cc3e3b4c
1153 a03593631529da85
1154 444fb64f0bed840e
1155 145c4ff23dfb2d9f
1156 84e559489d618910
1157 46e764f553279949
1158 4f321a3fb86a5622
1159 a828724e2fc3c213
1160 e4e32260788985d4
1161 bc7c5e5e6a0544cd
1162 575cd013e1eb19d6
1163 a98cfd990aba1ed7
1164 d540edad0b45b0c8
1165 0ec83c045b493fe1
1166 a7dbad84eb33bb1a
1167 301b65727b92f153
1168 e53ab4ad312c6e24
1169 435a5a377ba2351d
1170 cbbbdf2a23433226
1171 efe33fc61748fb7f
1172 264848676ec7f670
1173 1053fbbc44c12729
1174 c5a41381fd1ac582
1175 bd58ff3caf69341b
1176 235c6dd26dcac30c
1177 ad431ec7f1cd9e45
1178 664b936b70033bce
1179 4248732021cde4e7
1180 6da42f71fb7080d8
1181 bc5c926de3269445
1182 9d5008cc0732d9ce
1183 189dd5b8b2c3cb07
1184 cddd6afa63798a60
1185 cb9478783642a319
1186 3276cb05a42999f2
1187 3c546136966afb43
1188 7adcd79cfa5d476c
1189 c8f3ca187a255625
1190 1401cbf0248c24ae
1191 21173e2bbba4fb4f
1192 1ff1fa564a9f9048
1193 fdce0c427361e761
1194 76c0ecc987d7669a
1195 59df9b220951c51b
1196 56bc650c1686ef24
1197 e308d8ed8248be1d
1198 4d228224c8972726
1199 4c811edc2230bbb7
1200 4a3accac7ccb7e90
1201 61359725784f82c9
1202 89e223723de00ca2
1203 faa70010b2f08ddb
1204 34bea68002e3d6e4
1205 773a9745f013eadd
1206 14ae3e90ccfc9ae6
1207 f4363299240bd2f7
1208 fb36b88ba02ffb00
1209 d776b53fea2fd039
1210 f58de6661bbab992
1211 e1689a1bf2751133
1212 ab810e1a8b96865c
1213 5eb46d92ba88d781
1214 39dccff3e498d2ba
1215 fbb72e8cd4616a1b
1216 824695ce58cc9efc
1217 1065ea78f78ab4f5
1218 96ade07e4e085fbe
1219 4bf31346257c688f
1220 d25049515e2f5cc0
1221 aa5d89ca6ef5f9f9
1222 1900f0965086fe52
1223 e9b4b588c1dc8bcb
1224 bca2a03d1d6f14bc
1225 cf127586c9437bb5
1226 29d86d45b3794f7e
1227 cc80b50cc4a153d7
1228 1703071cf32e30c8
1229 af958780e34cd8e1
1230 61ba66e85540ea1a
1231 7f462f650a219c13
1232 d51e19514234c8e4
1233 6a95ed536f1144dd
1234 0b521add0f26b4e6
1235 3903851e4b157f1f
1236 be1fc75df49a8e90
1237 92cbe9f4b6a130c9
1238 69f288a7e47618a2
1239 40849c33f43caadb
1240 59416a2eafa645cc
1241 43504fbce16d6605
1242 7859c42c4a47898e
1243 7f49248ebd1e9acf
1244 8ec8c1ffed7bdb00
1245 8a3464149f6a42cd
1246 2393582d77688bd6
1247 e6c683a278e1d1e7
1248 7f3d965feb7f0b40
1249 52b8835c6ff42c79
1250 28fe6c9921622ed2
1251 f268780ac3780b03
1252 6ecb7fc0ea124d2c
1253 2dd5d277e7cef3e5
1254 b23e7741a55e616e
1255 dde684333db5d46f
1256 8615e6a494297668
1257 2cf01e3909629701
1258 db90ce6fcd6b6e3a
1259 2c454f408a790753
1260 594d263705846efc
1261 ed8d210064fdc4f5
1262 8ac65e6df8caafbe
1263 f37d49916b669b9f
1264 641d8afb52a14628
1265 bf408eda6d2b43c1
1266 6e388a5c55ad8afa
1267 98142d4fe70e894b
1268 d5fc33b240240854
1269 2474f9bd65157f4d
1270 8e19f911ec3a5056
1271 bdbe08d8c09f2047
1272 e70b3c9cbe91da30
1273 ed9035a0b79adce9
1274 673ec637b3e4f542
1275 975e106d099d9b23
1276 f7ac6cace58b8f4c
1277 1ed7f5b9c6993a71
1278 fe8b0d093934f66a
1279 d0124b48b1ac3ac3
1280 e9c234a23ea4e994
1281 17142aef8cdbcd8d
1282 425bca6103fdbc96
1283 dae50f1446226b0f
1284 fc9b6e7b6c1da040
1285 adb7075de761d079
1286 14d10c8af761cdd2
1287 50dac80a4c94438b
1288 6e58fecfce7c6e7c
1289 cb8a481123bad475
1290 ca858cc5ca187d3e
1291 87802f2372dcd8f7
1292 1b03537bb5787ce8
1293 492599e524ec7b81
1294 dc3a3504dfbdd6ba
1295 200552ac34a3b6d3
1296 c5c0217afd0123a4
1297 7ee96631c5ec069d
1298 aaef86349aebb9a6
1299 b251f8b8b42afd77
1300 fd91ccfc8d8ceeec
1301 ecd03edd1d8144e1
1302 07c5068fec394644
1303 47ba11ac798b112d
1304 03b9f8d062c0a812
1305 b687381042125093
1306 809fe2038417aaa0
1307 b415b6cd360f6fb9
1308 f23c223b6cf21b5e
1309 a18ab0d6adcbbd63
1310 e18aa6a1477e5f70
1311 cbec67111a36d359
1312 d3eb3ba3004bcfa6
1313 43a88ceb75484337
1314 c97c1192aff34d84
1315 ba553593d4c6f345
1316 c607a149b19f5b52
1317 e92d2f6094d0c3d3
1318 941a0676252a6260
1319 cf9f4e4df55ba7e9
1320 a647150bad0d2366
1321 ab9b8e38f09eb677
1322 0bc67ff6600479c4
1323 1f6131d69de83ddd
1324 fa620b3f6cdec00a
1325 0107c89c0372b8eb
1326 a801c581eef4c0f8
1327 7048e33923450991
1328 7dd91180c74e866e
1329 ea7d037d24b8df5f
1330 151f949d7c9f7f6c
1331 f7d6f869b49ea8f5
1332 1bec9188ea216382
1333 f8188d6d66963dc3
1334 6244cf829416fbd0
1335 44a9319a8a4b55f1
1336 c74f9cf15b88ce9e
1337 45459bd3c86c200f
1338 e25c23eb026a509c
1339 d6b4d7cdab91403d
1340 aaa66a67684e386a
1341 5c2b1ae45795ce97
1342 b6471ec7ac5c09e4
1343 8912b5fbf22732c5
1344 596ddf19b3cd258a
1345 78a0c1aee7a1586b
1346 37cecdde98a76b78
1347 356a3003c87f5319
1348 38fbc5bcbeb4233e
1349 6aa45e95116d30af
1350 8b985b27164737bc
1351 c6424b338e4f935d
1352 5891dd1b6a947702
1353 185904ccae8cd943
1354 73a4988e1fc50950
1355 c1f8bc05550ef869
1356 4f50f542095d5e8e
1357 e721e1de2e6bda7f
1358 628dadb0b244a28c
1359 1e35432039c6ce55
1360 cf64a96d1a293c5a
1361 1fbfbc7f6cce667b
1362 3573538df897bc88
1363 99ecc78104989f31
1364 c47183fc496e6fb6
1365 63bdae4c12e532c7
1366 ff002e2f45061dd4
1367 1944e939fd06220d
1368 63f21447bdace432
1369 b76f6de6d578a833
1370 806783aa55d91740
1371 9a8492cde1a78e61
1372 f62f68962428b0e6
1373 03d06d4cffd0212b
1374 4694091dbe413fb8
1375 a47eda5da80ae2f1
1376 a88c2967254e084e
1377 3d1bdc728a7a873f
1378 d5d79b6da3ec1f4c
1379 7b991deeabb6b1b5
1380 8bc40a77288f8642
1381 79b00ba588cd0303
1382 19ec8239d1887510
1383 282f0883911fbcb9
1384 f38a2d11a2d71cd6
1385 d18700ed059d0667
1386 768d9a86b3a447f4
1387 634181539d1687cd
1388 a47857f40d7d8d3a
1389 b165b1f9e8be095b
1390 61e41b64df742ee8
1391 387584e378b04a69
1392 45b52d7a4d0a39b6
1393 c6c3a13140a13cc7
1394 c67b1fdf40074e54
1395 af9981c45d845e75
1396 956ab710c6a47e82
1397 95e107a1605107c3
1398 5fc2a63307864cd0
1399 3fa36ed0a5f5e2b1
1400 0daafc9d1d1f31de
1401 9ecb2588b89bc7cf
1402 05052ac3f68e475c
1403 57c2b55212c8725d
1404 21b8fc1702b2708a
1405 35750995eb2a1bb7
1406 2fa1757b9542c784
1407 bdf23690e3365905
1408 c24594c6910d78ca
1409 b5b7fc1ae01d56ab
1410 af12d350366f6238
1411 cd3bbf1448b137a1
1412 2894f89d08555b26
1413 bb366ea287a0f0b7
1414 ffd7a3c5c04c4104
1415 02b59a5f278ac5fd
1416 70e5b086ca67aca2
1417 80a8472129178b63
1418 25bc825d28b31d70
1419 202492fee333fd29
1420 5b0aafb5cc070dce
1421 082c84694697a43f
1422 c3f15833af0d334c
1423 f34a1e77aa649b35
1424 dcea941231ab63ba
1425 3c63a36f3eaf8fdb
1426 8791e550f2628ee8
1427 9873c3422e2e3489
1428 abb0dfab3b42112e
1429 12f030fe6873101f
1430 496f7cf9d60af82c
1431 f60a8da06c473e15
1432 44b7938c8115274a
1433 cad1f162115ecd2b
1434 c682971edc577bb8
1435 1acba2e02fda8091
1436 54704ac01d9b1016
1437 212d69aea536c69b
1438 3b8018bcfdc00e28
1439 b051df8d6f938841
1440 4524c63a30f1e69e
1441 99405151be40398f
1442 19a9fbb7894a0a1c
1443 0f94cbf5cbe552c5
1444 c7d2f248144af152
1445 257d682d1947f4d3
1446 57af2ab679cd84e0
1447 b3d0e0f8d8a0a521
1448 fcfba62d742cdfce
1449 58b2e7324ceac8bf
1450 4f84e55d53ac92cc
1451 b0c6538aca1deb4d
1452 ae1b71c9119a5aba
1453 356296c7b68b62db
1454 88358ad64b397b68
1455 dbd67486d7c808a9
1456 124dc6ee6123d776
1457 1fd767973da04087
1458 282fead984d8a014
1459 b361c6a0f41c41d5
1460 3257f0dfc59cd862
1461 8288d4787de4c0a3
1462 ab6a0f2de96b9cb0
1463 5da27403691b1371
1464 13a62b60dd7d9f9e
1465 6d2a11c276e3560f
1466 c376bfb34d4ca01c
1467 89b8c16f5d120975
1468 7dc6797f02552002
1469 134d3a2540b4d72f
1470 8e71cffd4807f63c
1471 192ab6a635869fa5
1472 7da8cf7a32fd6bea
1473 4d739903ff94a2cb
1474 2859dfad6780c458
1475 64640ef9516b43e1
1476 fec0ad21b8336fe6
1477 c591f00d9b119c77
1478 e65f496b292ecdc4
1479 c057d771a0d1815d
1480 794f8e324260ba02
1481 25cf113452b11dc3
1482 9a1a1bc18f295bd0
1483 8a6fe33dc1950611
1484 8b1ac5048f209616
1485 b6562db44c4977a7
1486 e4c5c753732c6f34
1487 2c5a5a6c0f637a6d
1488 59fb19c84d40e8e2
1489 0910243b20dc6fa3
1490 1b7823f94e80edb0
1491 eb40c9e37df94559
1492 7a7b31922648557e
1493 e629ec978869f6ef
1494 275a0c784ce89dfc
1495 135c404dda4ffd05
1496 820ff27516ac361a
1497 154eef622b3524bb
1498 1d2b9727d2f6f3c8
1499 c522d0222b604261
1500 a7e377203e0b4ae6
1501 e4ea1d0a13baefab
1502 6c0f220e7d5d3e38
1503 acf7417dff85ed19
1504 7e1e5360c9280c66
1505 cfcc0af643070bf7
1506 74517de7348e8fc4
1507 084f4ad38e21cbc5
1508 47400931b4aead52
1509 4fe1e193b8bc0ad3
1510 b5d8916311332c60
1511 d8aa340eb2e9dde1
1512 140ca91e022cfb8e
1513 8dce62cca6be707f
1514 c230ecbaf496bd8c
1515 8379f05e6bd5e1ad
1516 186de4f2999aa91a
1517 703560acf9fc93bb
1518 d5a5806d90511ec8
1519 efd2ef520dc8a669
1520 bdc1ccfec1d01bb6
1521 d132d95c21834147
1522 aecdcadfae6774d4
1523 143dabdf71b67b3d
1524 8849c510b3168c6a
1525 b0d72db9e8846f4b
1526 165fa799719ec058
1527 8cd4e4268d89f851
1528 acd5ce046b9ee03e
1529 2878ddeefd5a19af
1530 c66433d56c18f8bc
1531 f5b8116f79f87bb5
1532 c41dd18815643842
1533 fa59cf106ad49aef
1534 31e165325891c1fc
1535 6a3eefa46c3d9905
1536 75cdf06d54d3704a
1537 75e85c6850f96e2b
1538 e1c6e5885eb12bb8
1539 18d7383648991eb9
1540 958fa0061a917e5e
1541 ff041961c892f54f
1542 33e74046b93abedc
1543 117be6e2625d9ce5
1544 88b97cc32c9a959a
1545 e94ea47f1a84443b
1546 d83f71e0da55abc8
1547 d534a91fbba26761
1548 cccb3ed01b726be6
1549 05e5f58637a8f877
1550 b7b622a9acf359c4
1551 c32fd0b2c4e25bdd
1552 d16ffd4fe0988dd2
1553 e3d6d39bc2053d53
1554 f7bf81c5e12310e0
1555 305021ae8d289489
1556 7ff9909962da42ae
1557 145f8635b9bd9f9f
1558 ebbbdfa04a227fac
1559 ce73d9e97e6cc74d
1560 952124ed7ea00e72
1561 fdcb0d9b80871cf3
1562 ff6a30f15b9da900
1563 58d5839cc8423be1
1564 e57bef79bfc18366
1565 096d87594fed6fab
1566 31dcd2e768e623b8
1567 3bc5d2b84ef981d9
1568 afa8d56619fd8c26
1569 a4877ea35cbd09b7
1570 172c17d9e9f8fe04
1571 d23afed28ea61f25
1572 d945f3c188287f32
1573 6762b06be394c733
1574 86d0ccc4bdaabf40
1575 0c654f9f07c7e621
1576 000a388ffcfc0f4e
1577 b2dd7146b447f63f
1578 4c4a40b64869924c
1579 127eeb89a9f3b965
1580 675f3d137828cc72
1581 2936737042fe5af3
1582 07fbad8e7c608f00
1583 815c3dbbf334cac9
1584 e68449f9eb0df896
1585 3d80eaa07940e627
1586 6c40c80d5a2900b4
1587 8d70fdc83898cd7d
1588 a954ef3c64ee16aa
1589 eebab78ca3e9ab8b
1590 9c9243d697334018
1591 c3ccf5cd5c5255f1
1592 14d150524405951e
1593 eb37d9c513ef018f
1594 5c7beddedde4721c
1595 5f41ada68f86737d
1596 2350905188c29d2a
1597 74cea3b7135551d7
1598 97820c5c3b2f8224
1599 9535b9d3a35ce33d
1600 e1571fbe775a8032
1601 3c186a162342f7b3
1602 7055c75394d595c0
1603 3d69ec619ec972a9
1604 14f06f893a43e94e
1605 98a143c17b82403f
1606 2b792c6044de5ccc
1607 7f135b2f57528fb5
1608 75325698f4602cca
1609 43ffb6d5b4f8eaab
1610 02950fd27896b638
1611 012fe5cfd1c63391
1612 6e2dede583527396
1613 d96ef4cb54fec527
1614 4c247806ff9b1634
1615 b0de8f30b96a8e75
1616 1950470e1301017a
1617 8afab861a5b8989b
1618 8f814d2603ab2828
1619 4ef17d7a0d949689
1620 c7bd12390f91132e
1621 05edc34b5244489f
1622 713dcc920f96faac
1623 74a65d7c5df2548d
1624 1f0eaadc60c62db2
1625 5707cc2cd5894bb3
1626 f9403932553f1740
1627 551c0c3286ff4941
1628 e168c54adc5243c6
1629 e0adc83d676b950b
1630 ac3f730f387e3f98
1631 0fb15f5bf2f73899
1632 2a6e5f24c7f87fe6
1633 f20799d59855b977
1634 c3f13d696a2d18c4
1635 1d274ccb1c4b476d
1636 af747c4b6b7bd2da
1637 396d715996bb9e7b
1638 8feac979e1688d88
1639 c7faab2ec8402a01
1640 572fbadb4ab5ffae
1641 37a750c49dca501f
1642 69033b9f1e0ed82c
1643 216566f6b49e59a5
1644 042c4fea67f29bb2
1645 fa65e381ff64e1b3
1646 1dc1eed1861bbd40
1647 5576c7f64c3502e9
1648 38b94ecb1c183036
1649 91eba388e6982247
1650 0f6f7f0add044fd4
1651 bc2b27729b743b35
1652 0ea2067028a91fc2
1653 53b31c828b074d03
1654 1c20b6827b0e9f10
1655 86ec9ba14ab92c59
1656 72eab2f27a294a96
1657 677b7bd4fa72ce27
1658 913269768c48b734
1659 2942e6c8da80a0ed
1660 e39b63804e873ada
1661 07a4543ec680bec7
1662 bf6b12f3fb3be054
1663 78807a4c502cb88d
1664 16c713399a878b02
1665 00483974639f2d43
1666 a052933d691901d0
1667 474fb4ad1b1fa939
1668 b390498f293c4ede
1669 0605ec7b338b414f
1670 7985a1246f2d14dc
1671 b9ad575ffdd17b1d
1672 2ef39ba919807fc2
1673 bdf881aaa90aad03
1674 5c434a852742ff10
1675 0985201b6730c391
1676 9d26689f49bf7a16
1677 be6cc3131fc8a1a7
1678 c85932f7c8c86ab4
1679 54ed0bdf2b68bbb5
1680 7009763a798d6d3a
1681 8f90bb1701198fdb
1682 f7b0adc402d8ef68
1683 0eee5f1eadf981a9
1684 56874fa7d0b58c4e
1685 74d5993ee70afb3f
1686 c0f5fcd8161a6bcc
1687 f6b9b2bd225be7cd
1688 8305d2979c0aaaf2
1689 edd4c9932c831df3
1690 67dfa3564b369800
1691 1fbc2ed7fab7dab9
1692 1c83b1caf42c5b5e
1693 370c99f897c15b63
1694 eda551e86d946370
1695 81682b403bd72bf9
1696 7aad6a0fec358c46
1697 09a09b0c19c50857
1698 cac53597d72104a4
1699 b10ba167d98026ad
1700 838e9caf8bd3849a
1701 ac389515f99a2dbb
1702 80d6b837d95bfec8
1703 9b4cf1d6457251a1
1704 cbe3596f9bf13f4e
1705 e0212a604ba56e3f
1706 8796b8cb5d0392cc
1707 8cfe129beb27c20d
1708 8baf269e242da17a
1709 230d57449ec8389b
1710 b9ec137429ecc828
1711 ef6c0c70c72ac6e1
1712 7e572d77c70f3e3e
1713 517ffa970acc2aaf
1714 00a54396976811bc
1715 aa544fb0863ca8c5
1716 0f2fa65be19bd5d2
1717 ba202aa0ccf1c053
1718 be9066cb1d4fc2e0
1719 ce4c474899f9bb49
1720 405d5de0e768e426
1721 a4600981c9425b37
1722 d9719ea998136584
1723 ae20e220940241fd
1724 c9a242ddd656402a
1725 05ab0d100db9aed7
1726 4f3046b7a19337a4
1727 0b8f6df8e2c35bc5
1728 81e27d2072918f8a
1729 2dc28e11b97c7d6b
1730 3187644abd975af8
1731 76135269e726ed39
1732 d814f2cdadf44cde
1733 ca98a95bf7532c4f
1734 c90dcd251aae16dc
1735 a118ed71034d57dd
1736 4298f4e60196ba02
1737 484adb2d1d773843
1738 ea1042d71bd80f50
1739 9f98588cd8d55b31
1740 fc1c5cd5719db8b6
1741 5db3cd9d2d61ea47
1742 a8299d5c8ff709d4
1743 92b8983af08808f5
1744 c507cb275643fb7a
1745 d9638ef6c75df89b
1746 a8165d2d227b65a8
1747 43ac171ca4d76c31
1748 b2cc166a256f91b6
1749 fb714c97fc0329c7
1750 60f2e7f475dec554
1751 1883c598a5bac56d
1752 d34362ceec1cc552
1753 cd6bb35ed64828d3
1754 e7df70f05840ae60
1755 6b113f11ec4de3f9
1756 5b3b75d39763881e
1757 3532ceed707ed1a3
1758 5b19cc5848b8afb0
1759 a015a160c0d5f799
1760 91450d6667e439e6
1761 967fd26c2e5a0bf7
1762 b1e1b9f28895a944
1763 1e251e640f26b905
1764 89e91b6e793a0a92
1765 99bbf47666e28f13
1766 ca9948ad0a264020
1767 adf2409797454429
1768 b7b8a065522869a6
1769 49ce556938d0dd37
1770 d5e050897c05f784
1771 d194536ad6fd4f9d
1772 903dbddf0848abca
1773 5b53ee6f8124a5ab
1774 e5f8be48fd0c1438
1775 ddab29f095b53251
1776 c9a56ec7e8f851ae
1777 ca6d184a0fe18e9f
1778 ec36e86611a0baac
1779 d98225e7125fa535
1780 3511b369bc4439c2
1781 d1ddaef1e31a0b83
1782 a2b524835b667d90
1783 1b30ad2b4f4a6bb1
1784 7872f39630c491de
1785 3aeccf945d1c604f
1786 3b11147719527d5c
1787 136f6cb48318477d
1788 32e41fbe10495caa
1789 c372a8717b521b57
1790 e625a78c8a5775a4
1791 dce985ac800b9905
1792 6ba5b415706b15ca
1793 291c3c79a4dd4fab
1794 874cf31599949e38
1795 9e07e151013ebc59
1796 a0752ec3eb83e5fe
1797 07f37ddb7557966f
1798 ca1cbb8980cc4f7c
1799 fdeb31f37c15221d
1800 60a46fb0afe199c2
1801 a16fcb521c6c6b83
1802 083f53ba3381dd90
1803 7c8d9ae963041529
1804 a4468ddacfbef5ce
1805 f560be954292f6bf
1806 f36fdb26bc19904c
1807 637377d22bc90995
1808 af8187634defda9a
1809 69a242e8c7ad3b3b
1810 5c477251f06cd048
1811 aa82d7663531ebf1
1812 ee3e7db6926acd76
1813 2b8022610512e387
1814 50843979b9d0b414
1815 c7114d4fd8ba73cd
1816 3d4395da21f30e72
1817 c306f5565535df73
1818 9b88bf5f596cb180
1819 fe9e2b8d1eb953a1
1820 2425ac6e28ce6d26
1821 b25f322ee1e352eb
1822 89b6c26b58bb6e78
1823 ff24e2506933b231
1824 bd216d7b75e7ba0e
1825 25a921f0443ea4ff
1826 91527a7754291d8c
1827 ea2c88d3b255b175
1828 0331104eefd2e802
1829 bfbc2efc30ffe643
1830 d7a2c0b018f5f550
1831 a354517d970605f9
1832 36cdd3d7499c8516
1833 90907b658d04b2a7
1834 535ebcd729f42fb4
1835 90d1f6e1352db50d
1836 93c52efb07d9acfa
1837 1893fcb952f7b01b
1838 8555122b3d4785a8
1839 901a22ae6a8370a9
1840 17d28ba50ab538f6
1841 92b364e3e5b46d87
1842 ac2858f356cb4614
1843 de11ec3d700dfeb5
1844 194fd76af456aa42
1845 359b51ae73a48583
1846 494fab0f0fa7f510
1847 995c8b40be9b6a71
1848 9617a2fd13fdce9e
1849 906162bad8e1200f
1850 27609f0a0535509c
1851 cddd2604f68df61d
1852 11f03ba6a03e964a
1853 dd35c272fbcf8677
1854 21e18ca87d4f09c4
1855 d8616aee65ed32c5
1856 5cb47933a7adc00a
1857 1dac2e55769dedeb
1858 0fa0b1424ddd6b78
1859 1863c8f95c3cdfe1
1860 e991952f8f363866
1861 66c9b439e1e03777
1862 7496bf190534fec4
1863 bb9354ac0616c13d
1864 2032c4221432bb62
1865 bacaeb1e13387a23
1866 56a1fc3237e095b0
1867 738a7c63aaf480e9
1868 bea1533062245e8e
1869 6dacb3cd1b12da7f
1870 59473b598a6fa28c
1871 4abda058fc598e75
1872 20a51b0fe5825afa
1873 531f94435c2bb01b
1874 8ec9555eaf4438a8
1875 363c35d599d695c9
1876 c9533fc90b6a47ee
1877 6c5a90b80619b0df
1878 de8cc600de3f74ec
1879 8beaf5953e30eed5
1880 90e1ec727a84ac0a
1881 bd3036602c80946b
1882 f393a8857a0ee7f8
1883 53d430e306acc7d1
1884 88a670bf625ff6d6
1885 11c54e2a8abd45db
1886 a0d7ab11b871c4e8
1887 6a7f027f64f35281
1888 c4e96aa54bd209de
1889 0102f17b9205444f
1890 923b180eff3673dc
1891 533562397d3d8485
1892 80d5aca122436412
1893 56d1caedaaf50c93
1894 8ac5d3a5615d3c20
1895 570558062b1f5961
1896 da3d6ff2e9aee88e
1897 d3399a8e908c347f
1898 b730a88f8ca3c48c
1899 362172d414c0fc0d
1900 bb7f9e384b36847a
1901 50b169f0210f821b
1902 5f5926f4a654a6a8
1903 5fe8aaf77b6d4a69
1904 15a5090b709b39b6
1905 72ba7427b81c3cc7
1906 ffeefc34a7524fd4
1907 0d913c85f1a4f095
1908 eb49cf52c11de822
1909 62d1d1616dffc4e3
1910 de0cc2dd5dd770f0
1911 3b244beea6ea1131
1912 00ee07d1efb7255e
1913 f77ef6d86fa9c7cf
1914 ec00d03644d8475c
1915 177289bbe98a2935
1916 b5059178a23dfe42
1917 161ecd7f6e6b03ef
1918 24e6d6cb1b2c1cfc
1919 81844214577d3765
1920 22b8cd31318f94aa
1921 8dfa01de2925330b
1922 892264ae746ff698
1923 85bdfc9d641c37a1
1924 48b220dcfa725b26
1925 c535d1f46605f0b7
1926 2c225abb0433f084
1927 a224cbc9d94a529d
1928 6a2d5f22c3904042
1929 7e9a478cd974f183
1930 9093346d45e1e490
1931 ab7dbcd439a5d6d1
1932 985c531fd138add6
1933 ecb4f5917be25367
1934 43cbcb99d86c7774
1935 af23fe0b1abea62d
1936 36a3b9137cbbbd22
1937 fe45c000b6a5ade3
1938 c162dc1d17c8f5f0
1939 12c46683d480b019
1940 7982f6f82d85043e
1941 cbdb9e0dbf17712f
1942 1683c188c2639c3c
1943 130259d9ae1fb6c5
1944 ecac21e4915f785a
1945 b155307e3ac007fb
1946 f03a0de792493388
1947 0a5a54d70e73fa21
1948 beee71348ea901a6
1949 f1898a0f13ed8deb
1950 fdcbbb2e46058b78
1951 fb3311f7220faed9
1952 65265e6ba0fdb526
1953 0ac6011e121722b7
1954 7c4537c6ed96a304
1955 e68ab1139afb5c85
1956 532517a096fece92
1957 6ac4144dd6f04713
1958 9eb189752bb571a0
1959 9fd9bf334a77a521
1960 ca3071639149dfce
1961 387867d57e8cd168
1962 320dd72c9b12678d
1963 b48355ea327fe686
1964 c3397af61e862a81
1965 d8bc37b04771e358
1966 3fca1c5622e8fe9b
1967 13715b28e4c6bf62
1968 0fd458b285e88ead
1969 3c4fab7cdf9c8764
1970 c632c0c55754f177
1971 8b654d0fa9fddb76
1972 1df5b3a2a7d419b1
1973 550017d65fc95a48
1974 32c5d948796e4c8b
1975 4b1eafc1597b53aa
1976 c1ca1dfcccbdca35
1977 0b6003fa44b9f68c
1978 750e658a5b590c9f
1979 887335e5f9c6af6e
1980 879dbda182fbb629
1981 4f8c2658cdf090cc
1982 4832ef60c4d929df
1983 2d68b7bf3266d3de
1984 c684a678b7f2cc91
1985 43003baf1b8263a8
1986 c30d73ae38476a6b
1987 0f47a66167a5ee92
1988 2567f1b80b162e15
1989 95913b0938f2b36c
1990 5566c0cbb71f95ff
1991 cf418fad5d453f3e
1992 a0c7c41247c4b7c1
1993 7720b635af8fb098
1994 80789b5a9436b7db
1995 c24cb5b7917b7a3a
1996 934d16462948719d
1997 272beb32dfc5eb94
1998 913b3ea1acc879e7
1999 64e833129a351a76
2000 0fc0eb205d328a79
2001 7ad1edcb7f023fd0
2002 b14e0b2b9ad05e13
2003 2045d92db9df9f02
2004 955eb7f01f2a4905
2005 c227ba7d047d371c
2006 dd6350de3486f6ef
2007 ea4193ae9ab137e6
2008 a5ba93192d150af9
2009 80e404e427cc0ed0
2010 cebc9c4a80deb2a8
2011 52294c2f71917475
2012 497f36fef452c6be
2013 2a1ceb6ca3625de7
2014 6525dc4af74f8698
2015 be7cda94cfa11443
2016 3d70e80294c7e7dc
2017 d4f10d4baf74a549
2018 81e69e1d93aa480e
2019 b95a9049ef5f93af
2020 6e6a3baa665b7de4
2021 52b1ea1843a21cbd
2022 c2ade58fb132bcd2
2023 4a471bc869a36fb3
2024 0099383720f21608
2025 542ce1ba8ec10781
2026 7ed300b9459a6006
2027 b899a6a5ccf0ed3f
2028 37dff28b48c80db4
2029 b6809741b2a264cd
2030 ebc48a034125a622
2031 fb735d93e018402b
2032 e1954916fc5de7e0
2033 2f13af2c6593f5f9
2034 eaf30d985c10cd3e
2035 45a96d0bcf8d78e7
2036 42b0e712db08cdfc
2037 048af035b3c87dd5
2038 f5526857c9d12f8a
2039 49d642df12ea7883
2040 3f0be5633c5d7958
2041 71414ae99c5384d1
2042 d75e5ac5d7f103d6
2043 90f78b4d576f2417
2044 0bae32b22e686eac
2045 1b36d53ff2b39899
2046 40b9fcbaf10c2fde
2047 dc116209c8b28eb7
2048 6795a4730cbbae44
2049 d0368d016ea8001d
2050 ec055e2cd338d732
2051 d6b00eff4e7da27b
2052 ad0bc6c214564b38
2053 22e44a1ed6cf12b1
2054 fd60eca15da372b6
2055 3e6085be3a72271f
2056 7a6aa23f3a1ca06c
2057 6f42b9b8ff14f105
2058 fceebf35e7024cfa
2059 4c5e88b13b616933
2060 3b69c3946b9c93f0
2061 50f115eb99deea49
2062 8f56898be722d68e
2063 b424480cbab1774f
2064 d3368823190c308c
2065 aa1c5141988943e5
2066 f3a724a3c52bcb76
2067 8b79963f9bb4582f
2068 29babd1fcbb363ec
2069 b4dcd7cb4ec209ed
2070 4534410493cb4af2
2071 98e021ffa2f1a5cb
2072 fe2119295337e5b8
2073 b686c4c65725bb85
2074 634d6496524bc977
2075 72753f80494d9851
2076 2b5d88d046dbab97
2077 8b5a019582980810
2078 7acdd1d464137cb6
2079 de79f530845f556f
2080 2543fa67aacf1374
2081 59c40b28eba577f5
2082 0785eaec562e4cbd
2083 5f45fdbeddcb9b73
2084 69e81fe3fdb3e810
2085 c95cf1f6c28c12b8
2086 7f199c980210f790
2087 7cccbe7260288c13
2088 9106daf9ad6c524a
2089 8677e346dbb854fb
2090 acdc836046e299c4
2091 335f33dce48967be
2092 9b215c7aa384d5f7
2093 4816209191caf83e
2094 4bd29890a16e8bd0
2095 6d6b91b53a2324ec
2096 281c6a3a5419158d
2097 3b7629ef3ced7902
2098 047c28a4dde5d111
2099 2fb328d374f1522e
2100 711091504d9b5586
2101 ac7c0edd9f8b2cbc
2102 4b7b1e862f094aaf
2103 b813f34df42bfc71
2104 f55306c4a4dd09c8
2105 2f8ad878fc8c77e3
2106 6b208916aae698c2
2107 09732518956b881c
2108 50a3116ef506071d
2109 1e2277c62f47e5e4
2110 35081643cc3249d8
2111 9e6e4de59bcba010
2112 1f4d7d93f1c6f7a1
2113 c0d0d2cb0645c436
2114 2d73d101a141bdc1
2115 fda96981ab51e992
2116 2c8c97393ea720bb
2117 f377f68239e06ec6
2118 7632bfc92cb37bcf
2119 59d01a8f85c0fb67
2120 cfbf559ed5603b6f
2121 f9d7a4bd9c32ec55
2122 9b8d12d979c7f33a
2123 f34960f8009b5359
2124 5c26477af36eaf1d
2125 41edfc26d6a14b15
2126 4c1f72d5ed679e0d
2127 2b01a4c385c1a400
2128 6c2707b31073c466
2129 a0fba6d3ef93ce0c
2130 de0d6daee7bc069b
2131 f5b4dfc6ff2402e7
2132 9db4dca2afde9eb4
2133 e3d4eb8aacc78b45
2134 c381d5b0039367cf
2135 91fceaf9ac1fc963
2136 5de907b379b1ce24
2137 3161370a88a40e31
2138 25a38784c4bef626
2139 24b5c2583ff3841e
2140 26ccade671d053f5
2141 5783430f406169db
2142 861bd22a5c8d3677
2143 dd7e80f9b52efd28
2144 4699db753bc6ae88
2145 cb9b4ad77d3d6740
2146 334362ea95e40ed2
2147 b562e70d9c98a690
2148 c7ce51565505efca
2149 c8d5ff43a94f1eaf
2150 a1b79183d71207a9
2151 c56e828969777dd3
2152 aca4dcfc6d898ca6
2153 7d555db7c6bc86b2
2154 f75b447b4ed8ef1c
2155 9cf89304a8337047
2156 ad3517fa076aadd7
2157 d6e67d431376a6dd
2158 d93cbf52c741e457
2159 254cb6ade737cd31
2160 c849024fbb4fec1c
2161 fae32f0fdaeb01ce
2162 77c7e959e4c28914
2163 3a1d9c3d7a217b4b
2164 521544f2ea09ee2d
2165 16ad7def21d383c1
2166 a9fc991bbf26d1d0
2167 1b18885c9a3693f5
2168 be864db13e5907bf
2169 9d566ddabe7247e7
2170 c7c170caddd05f14
2171 9ab07038f40b1c5a
2172 1d14617e8681b634
2173 d8420852417cd393
2174 e36eff4073cd2df2
2175 02b5e8926c07ef1e
2176 6971f5be9c11dd73
2177 afab187014849f80
2178 25fa4279a305f576
2179 1a2a47cc8fee2caf
2180 3dc4444eab447980
2181 71952560315d11ab
2182 0f6649ee1a56a3a8
2183 5cd22c993a785921
2184 4969ef1a8fa28066
2185 bf61016f7d11a2d2
2186 93027829c246f04e
2187 43161ac34cd6176f
2188 2e4d84f3ce88b573
2189 0317bf3e8e1d08f7
2190 92735cc30f201a0c
2191 e0e750366ea28eaf
2192 98b557332b23596e
2193 d60c419e149db29b
2194 1ef82d85a127b39a
2195 5bc91cc06dd9b684
2196 feef2b884eaad65a
2197 6116802b446e1b2b
2198 82bbb623e0f53fef
2199 f2b2030043397165
2200 ffc06bcc7c4d7608
2201 2fbf14bc197b75d0
2202 5f8c4da1b11e197d
2203 ddf346b3e7866b47
2204 06e0edbad259262c
2205 b3f4450f75653ae0
2206 812e4e0ac77ac9ca
2207 62b90004ce6fd6ac
2208 e852a86242cfa2f8
2209 3550a3a3ad1cd281
2210 59789f13f31839ab
2211 5c5e5d4e176bf6ae
2212 50da92eac1a7a55d
2213 e3f5d81707a38676
2214 97c02c7d3d5c20b3
2215 d5d0a64ccb807a27
2216 b47455984bd35613
2217 d521c1f08ad5b6c4
2218 9534c3e9e4257fb4
2219 613d5e4169416805
2220 78afdbf083241d60
2221 5ce014be06828fe8
2222 071aae486d35441c
2223 bd6dbb6af0faefb5
2224 5b3ca9dcdd1dbc32
2225 90849d4cebf33916
2226 9edd253ac3c836ef
2227 ab2a6fa349a34ab6
2228 64f393577dff6412
2229 826edb0f92726893
2230 91ea76203ee55789
2231 9b5eeed80bd16126
2232 6fa6cf8d16c9e5b1
2233 833483c02b2b8a29
2234 9abea5b4e360b3d3
2235 54fc8621dc926111
2236 ce81476a080b5056
2237 f715683300a93840
2238 84f4dcdc812a1b44
2239 95926453dcaddbb8
2240 bfc39f0e76aff181
2241 3f0da1d6237f57ed
2242 3ec5b943a99be508
2243 4123bc8e6b8a1979
2244 3e9caf3d756fd93f
2245 9e5f147d79fdd054
2246 b543f02f09ecc27b
2247 20fa1188da3efce6
2248 3b1beb4252ff654c
2249 7f8d77337b04a03e
2250 6e13cd7f5b7f7b65
2251 6a794e0119d86340
2252 03587f985b4e40df
2253 99bea4c4fa4b5d4a
2254 5c96a394fb149881
2255 8cb192932fc65e5c
2256 acb1e1fc28bc2e0b
2257 6aa70d3044115376
2258 a8ddac1069fa99cd
2259 7d233b3c780b2168
2260 96aea053d87abda6
2261 64077c6a0d0126db
2262 a1ca095423884930
2263 534db24ac361c73d
2264 1fcdbe4897db9f92
2265 2e96b7a0dfc3f5bf
2266 513f3b0086c27544
2267 2025801085821e81
2268 35f80653a4a613c6
2269 fd15daacebffc937
2270 7ab028a16f44e8fc
2271 752fb37789c841d9
2272 1a672769bfcbb696
2273 ab8da3095d964093
2274 1efdeda932612188
2275 259c6d158d533355
2276 c387f98ad9416be2
2277 898bee532be7f00f
2278 50a3d173885119d4
2279 7e14443babab75d1
2280 15daf8c6d4d971ee
2281 86b2fc40343c42ab
2282 e9af8760a98e4680
2283 c04859f17fdb830d
2284 af26efa840dc919a
2285 d9015b0e4cc4dc67
2286 fe6cea2a67be19ac
2287 522e96fc962a3e49
2288 88f98aa671d47bc6
2289 a4367c002fa1a0c3
2290 a27ed806aa9673f8
2291 569259bbb11ecd05
2292 fede1e135e1c8792
2293 49967ef80038fdbf
2294 3a1d51a74b021d44
2295 751c7fc357ad2681
2296 524a517689b22bde
2297 2f3b209380d8b39b
2298 85925692899d21f0
2299 09078aed00d15dfd
2300 0d350fb148202b0a
2301 b0847bcea208de63
2302 26c86233e38a3698
2303 e2113e8ea431d825
2304 40132792d2766b3a
2305 0b952f8883178187
2306 aa4d5131861718cc
2307 490baeb8c7384be9
2308 85631bc01dcf9e0e
2309 d17fc8f09319a14b
2310 0b29cf8cf3a83920
2311 c0a841bfd9e1f1ad
2312 ddc89cebb4f8e882
2313 d00a8ef4230dbe2f
2314 a70050b1a3e29bf4
2315 305aae656aca1d71
2316 3990353e2a51c936
2317 294b4c190dacd1b3
2318 c675173bfe021da8
2319 f2207c39633400f5
2320 88f4008045ab630a
2321 2219a60440a23ed7
2322 1e92a32ebca8c01c
2323 df4fc25e75f42979
2324 c51236a16c2323de
2325 e239fc640ac0ab9b
2326 9a79e68e9f39b9f0
2327 608bdbd4b85cd5fd
2328 7564cdd341b31d52
2329 cab7859f0357127f
2330 a2371b35677fe904
2331 35f481c183e7a341
2332 aa9448a9c6bc4686
2333 cf8ce3d49155e6f7
2334 ce6665ae931680bc
2335 98d18de102b3be99
2336 f9ae29d4a85cb256
2337 a4820d48f9dd3e53
2338 b593fab7a6674248
2339 34bf888f5443c615
2340 d2b354afa5b042a2
2341 dad8fc7e6068a5cf
2342 1a1496ac8ba6d094
2343 975cf911f8d1f491
2344 a209ea7ebf235bae
2345 f3593f8959bc0f6b
2346 24c3d74009f74d40
2347 4db1785c810754cd
2348 9b02ff207d1e7d5a
2349 29ffe0123bc65a27
2350 a94b35133b1e586c
2351 c9e3de9d8dca2309
2352 cd139e42027fae86
2353 4e56bd98b838ba83
2354 0ef0d2cb0f1f0bb8
2355 4919c3828d835fc5
2356 a449981f47c18552
2357 a00ecd87f7533a7f
2358 23d36c063f42f104
2359 08c50df5dc8c6b41
2360 50bdbbfa86b0129e
2361 e2a1a2e81418305b
2362 638892b11b373ab0
2363 92d2af229985acbd
2364 bc11b8eb926b6bca
2365 d42dce228dcdb923
2366 835cb257c9227258
2367 6ed36938aed86de5
2368 83572da4f66feefa
2369 1435770b98042147
2370 ed226b2cbb0da08c
2371 0e3f496f179f29a9
2372 f5b6fee4f5967cce
2373 dea13ef7d221430b
2374 b85243ddc588b3e0
2375 731753b2d1fa3b6d
2376 990271b3f9794b42
2377 3c51100efc2107ef
2378 b1fbc4b20de614b4
2379 143d7baaf3b4c331
2380 f11163db3cc0fbf6
2381 a3fe364f0d2e1573
2382 ef058816284a3d68
2383 65dc993976ffa8b5
2384 baf401b9270123ca
2385 92e8e9d105e76997
2386 371275178c7c4adc
2387 a23a5289c6b62c39
2388 1addf1237c32646d
2389 61af8b173cad4a8f
2390 c13e2991d224a50e
2391 4a7f7872a806056c
2392 82f460d13798496e
2393 eccc866164c5adde
2394 5502a9694292f367
2395 c193b20010aa5467
2396 c176f32ec040d2c7
2397 bd2a2935503d89c9
2398 0a079a65e68ec598
2399 d125e474d944a156
2400 8eb8e435366d316c
2401 f1b4cb9c27950ae8
2402 db9ed59d3129edd1
2403 194efb23ee396529
2404 0f0b1c8531957e8d
2405 660dbff55cd30af8
2406 7c20765bfd9e3d1e
2407 d898e4f10bd824f9
2408 04e439a536b254ad
2409 579f82906c640234
2410 e76ad2a6eb06e272
2411 65fd07d7d0a8792a
2412 f42e8423c953409b
2413 a021832b6c33e7bb
2414 3ec9d920f26cac23
2415 b635594f9ca654aa
2416 6c45cba15b88b870
2417 b57f3aebd983c42f
2418 b06f0a4a12e4243f
2419 171f217af4bbeb1b
2420 dfddfbc237849d35
2421 3c3afee43f79b2e9
2422 641f66481fc3fe7c
2423 db16448eba8c7dc7
2424 49c7c1c9e9243cc6
2425 d4073ed79a623c75
2426 663c401a78a582e8
2427 25ce7d7ce097b64f
2428 3c5641754e9e5a58
2429 153a91820ca6da21
2430 55a1fddd24f9a3c2
2431 62469dad63da9b9c
2432 a353229494a6528b
2433 79b9a470769dcdfb
2434 932d6caa20ea04da
2435 2e3e40266a7d4cc2
2436 ecd2434e1d2d4a10
2437 9d86e0a716286470
2438 2345304c4586adc4
2439 20108687a91f0e55
2440 58e9de812252e2f8
2441 8ac58fa45dd7ccbe
2442 673e7301180240c4
2443 76c0b7b471710bd5
2444 830e84e3565c0cd3
2445 fe80450be0fc9eef
2446 82f2b259f198ba1a
2447 9a91221308355134
2448 bb4a17fd003e1ea2
2449 0808f92eddee83cb
2450 0e436fe9113a31dd
2451 b4bbf0456fa62901
2452 5995897f2abae81c
2453 f3d56ca244660652
2454 0d337d256098eb90
2455 f95f9d3e735c55a1
2456 d4ef7440dcee898f
2457 b5a4f8d60487d903
2458 f5f3097620048cb6
2459 d3076804b39caee0
2460 4bbd63f754c43fd6
2461 9daed2c4faca438f
2462 57476abd241cef71
2463 b2ac6da65a1264fd
2464 a9fab1939994ec80
2465 d0a9977a9aeb13e6
2466 02bfe55ee0897f2c
2467 73ee536c1f82527d
2468 91168fa2656da3fb
2469 328945780bf54357
2470 bcb025cb56f51322
2471 a6743fb99fe4b9dc
2472 ee68ac46f0af5ef5
2473 ccbb7b541817c48a
2474 55b4126ff17c6e0c
2475 8d7afeae83c08b60
2476 424c69939194dd6d
2477 065e2cd9ea8b54b3
2478 d6febe7be39801b1
2479 ee5690596f520b20
2480 ec85ede87fdb6bfe
2481 0c91d8a14f834b22
2482 fae877bdaf75c016
2483 3c73d118966e07ff
2484 0071cabc42118cca
2485 adb7adf1a5b60882
2486 5d79a77918a9c208
2487 835ed4ced83bda11
2488 64f32d6cc6935ad9
2489 451948e5fc0830a1
2490 01a285b82cdc5667
2491 9f0ca9f6bcd492d4
2492 1b2fa47c1e1f4b59
2493 a3202f477599466e
2494 728e3a53dbb2177e
2495 7ec2445c6f489f0c
2496 9a1b1e17dae42ef4
2497 3dd6c52c5713c767
2498 e599e614ba055833
2499 c32d1a16ea585d86
2500 b4180bf3707364d3
2501 b2c6df6234c84f4c
2502 7a3f40d0678d570d
2503 98722fd967d85c5f
2504 6058cfff25ed60eb
2505 ffd73a65dd5513e4
2506 2c9d919e9dc20fe2
2507 117a73bc6431f7bf
2508 d82d699a6932a13f
2509 d9d43f146a0e81b8
2510 2a8cffad0a130406
2511 c554f9ae559b523d
2512 c20f0d2375d0a621
2513 5928a74a394286b7
2514 2a523c967ffa72c9
2515 c1c6c2258ee29cb8
2516 28bbb930487abfd7
2517 d736e114c906e13d
2518 aa9781ca310a0236
2519 c4db6d3f586bb902
2520 e0e1d155865505b6
2521 b87e8b26deab82ff
2522 167dbe9efb2a0ee3
2523 ec9f03f14d582294
2524 c3c2d4aefe127b45
2525 d6ac9c9f3be822c9
2526 7c4fb28d7a6953a3
2527 ea8f18d638e34bbe
2528 a6d0db2373146d36
2529 d78f19fed318ef74
2530 dbe8b1e4ca80130a
2531 9f20dbb408b1723b
2532 1641b17be43f3e25
2533 f90b222b19b8ed47
2534 921b27106dc1e31c
2535 d3f8ca3d077299d4
2536 ff2e66d6297954d4
2537 6074135533c6310f
2538 bb72c349fff210a1
2539 11c356e8127857bb
2540 a3b8f9c668f2c845
2541 f3465154f1743df4
2542 3b76a2d7f1b9c927
2543 623b23efc3371291
2544 399c83d57047817b
2545 7c019be63990ffac
2546 b8dddecf11b1546e
2547 97ee41b6bc54b3d4
2548 d553c518f276454f
2549 2bbfd044675bc05d
2550 2fb19cdf16fa4a1d
2551 cc8d20db296276b3
2552 8d793eb9f162f8a5
2553 7bd2d6d570b16f38
2554 40b2386eb369de96
2555 937e46303f07379c
2556 5323c44782f0ff50
2557 ae46f0745db83cbe
2558 b24aace3e291c648
2559 f922f43ed850c31a
2560 042562f131f932a0
2561 8c72bd9f8ccf730d
2562 719bbc4a3230f8d1
2563 910af9922a9ca094
2564 323b3e1fb7a55328
2565 135334d813227544
2566 9477489e9116b6e1
2567 390aee6295cff0e2
2568 febec738bc5dd04a
2569 67f791de2d20d3de
2570 1e9d3e8bf26c49df
2571 7eb7593d8671efce
2572 90028824f1c21760
2573 8ccdea8b1ed79f15
2574 c1a8c1b637aad64d
2575 c4e2f5b7abd3ee51
2576 53888cad55939ccf
2577 f1fdcd60e6c1d01f
2578 bfbcc85df09c8b96
2579 794391345ba89335
2580 a462ffe7d88d81ec
2581 873a0d885d7eee37
2582 692b99315c724643
2583 2be98b7d28b98986
2584 cc9a90468dfa3746
2585 ea29c7c8fea3cd4e
2586 5bc8c03c90c2605f
2587 c99494a46dae2ad1
2588 023410f964ecc689
2589 ab234831192dcde2
2590 6d1517a4a0b7bf38
2591 44c50584747de497
2592 ff75ffd5721fb369
2593 6595cb90cfe175e6
2594 f9f83edaa7481aab
2595 5e45393171bade31
2596 136085970117b026
2597 e05bfcafa1072f02
2598 410d7cdcd416a52b
2599 dd8c1c9975013934
2600 121555e865dff719
2601 46587f97a6383513
2602 ec6a17224328a249
2603 e37df2ebe54b5b17
2604 cfba705fb323a59d
2605 b4a0c1f1b2c8146c
2606 956bdda15e004ca8
2607 c15be0293d06c445
2608 5418065551860307
2609 7091c51670b66052
2610 25e4bfaef3008b06
2611 43d1df4f97034b6c
2612 d34270b80d4629f9
2613 5741f800b83cf6cc
2614 4df98bb0ddf8ca54
2615 70ed76f68116f1bc
2616 20f839e352ab1518
2617 d3e595c6755b2e6d
2618 c50a0ead2df1e70b
2619 5cb2ebbc520ab243
2620 fd74e26f4db069b6
2621 f4de5bf387a59c48
2622 f476bbb2b1644ae1
2623 0cd4b56554976906
2624 d033a9137f410d2d
2625 adcc3992044764b4
2626 122e4dd9ee3c659b
2627 d91ebc233772bd65
2628 521069b4a76010c8
2629 25e9be75d09d6f12
2630 b645ffe5c442b7ca
2631 37b248e16b777fc3
2632 74ce78209e0eca49
2633 cbe7e269fcd3e360
2634 2c47dc408226d261
2635 42774c54c6ea2682
2636 094f01e4a1ecb86e
2637 222a394e862f8fa3
2638 953db0270f3a4bd8
2639 3520a9c96f14c6f3
2640 e85b67ccf402deda
2641 bf37f5613ab84f90
2642 4efe59110d0e6009
2643 3c9d9abffd4bf881
2644 061c409a192f6ce6
2645 eebd01cbdae324ce
2646 fc342706e56bcc33
2647 3d44ab07e3af38ec
2648 f96c484a9c684487
2649 cc8dd97f5433531c
2650 7f16eae99b6d22f6
2651 eacb0b9eb908e663
2652 5f4a3a84e7624612
2653 c8fd7a912064dddf
2654 af59f1d1f1677479
2655 85b00bebcc5c4338
2656 c1570c545e3a8b04
2657 4234d9210e79eaf1
2658 9c1f01d393f1afac
2659 9a573c61e3187772
2660 e6b160abbe098d80
2661 00d224e1dfdca73e
2662 b9eaa75ffa2ee8f1
2663 cc137bc20bd67f99
2664 0d5077808f7e4be0
2665 172d02c360a041f2
2666 7271692a5d13dab0
2667 4f42f345bd323c9b
2668 e6ea5146912cf0bb
2669 8fce13411c84fd91
2670 86e051c8f214441d
2671 6304fc6dc15ddb27
2672 b89d23dbe5b657a6
2673 e180ca625d0bd9c9
2674 8acc179d9799fa7a
2675 7c6844b552f13aeb
2676 e59ee1526d27027f
2677 b1da0b2151444d2d
2678 f3aae1833a215d8d
2679 8351198a254507ca
2680 8c709204a4fbfe25
2681 1f523fabab37c0a9
2682 f288dba130b9dc14
2683 ff6b9661e2bd63f1
2684 91958bb8196b48f6
2685 477d987c0c6555f4
2686 cf7d8ac88707adf5
2687 b2e42e8fb6165736
2688 a85757477172d6dc
2689 a92a8f305ae66bbd
2690 a669e53ce2a6f26e
2691 ce2cae05aaeae100
2692 fb7d2e55c8b0e4f4
2693 81f01bc8528dc120
2694 df93d288560ae75e
2695 6491db57666cd09b
2696 3bd9540d3758e73c
2697 606cc45a19ba47a0
2698 8336d655e06aca65
2699 5b21d4b84036cf81
2700 85997838eaf9d19f
2701 538ccd5885d5fd2b
2702 1789e99edac250ba
2703 ec1dfef269d29f09
2704 f802accdb26d6d2e
2705 dad3e0285cd46bf5
2706 841cd584b7a23a7a
2707 9d28e1dcfc2a00bb
2708 90a2c734f4f5e511
2709 b91b7d96b2c5b646
2710 35f1b0046bff17d4
2711 1fcff3d64c83ab6f
2712 a94a971abbe93c00
2713 e67bbb4c0dfa4475
2714 7fc795977d79be21
2715 33e3dd8ab6576d02
2716 0db544309d1736a5
2717 ca894915d738a0e2
2718 c372a388e1720fbe
2719 3188c2c29d96f495
2720 ae451ff332c5abfd
2721 b2defa399e94e140
2722 212b31f8872e0465
2723 e5c2ddbb86c1f4a5
2724 d0d063f6c202ddae
2725 9590425e8c0ed928
2726 04b67ff62a838015
2727 8badabc36dd57ace
2728 e465de2689203bbe
2729 6c23d78fc1248b5e
2730 0035377f80f0dc5e
2731 dc09a238748b101a
2732 da3d40f85308d16d
2733 de48acb367af708e
2734 33815f931841a094
2735 056307052249ae76
2736 7017fc55a5b860f5
2737 49250a38cd20430d
2738 fc4a756b929f7a28
2739 707f2059d0dacae0
2740 af38b3ed273767f0
2741 5257c2dd172a5426
2742 04d85571cbe0e83d
2743 6a4617ab1ee04a29
2744 79581aef318d8187
2745 ecbe8a4c9e5c205a
2746 b171b7d83cf47677
2747 3dc2aa3a2c00ea75
2748 9a11f8758d8e7578
2749 9f2becf88f71f13e
2750 c72e79901d1e7b90
2751 1ebb3ec007647b74
2752 599f81cec3822e62
2753 c239b91af22151fe
2754 a6a96fbdc888cca6
2755 7f737b53a2dc8050
2756 6f659b98a5db77d6
2757 beb580d270619969
2758 9535d2e8705a36ed
2759 ee7c9c7f317430b8
2760 894d280c8cb74696
2761 e5a8024662ec1bed
2762 dc31fa5984debfdb
2763 6ca4bd0453e7e8e7
2764 3d005ea7382e04ee
2765 c04d78e832307e2a
2766 a3cbc66e45edf8cf
2767 c3bdfa1ef26397c6
2768 f78f3fa2e245f2b3
2769 cb6851b432abb3ae
2770 16d3b072236ca118
2771 3ddc07efd7cfc1cc
2772 61932903efb2e2d4
2773 b555b78fa93508ca
2774 18969a11564209b2
2775 f856599ab33cd9ca
2776 e062d3b3684861ae
2777 60c12bd33fe86965
2778 a61a1202a56b7a15
2779 7ac566f0d7e419e6
2780 49513e415ef636c7
2781 c5e8b5845761fae8
2782 7c3e6e39e6007b72
2783 689ff376d0a335ae
2784 bdd6d42f72580e73
2785 eee1f029e6e0bd17
2786 13132d5b2fd4ba80
2787 222bc1b028040440
2788 ba0bff2d466a0dda
2789 121d044a52544e5b
2790 4014ca629701398b
2791 898a8992e0e55e7a
2792 5d8d7d085f5651f2
2793 23373935689f857a
2794 fda8db85559ce667
2795 ff99e793d00617ce
2796 6b8c6d70c8b3b2dd
2797 3e460b242831128e
2798 0109b8fa9a32287f
2799 a361111dcd28f9cc
2800 6d406e659280e361
2801 5aa469b58679e793
2802 5cdb6af1f475d3f9
2803 5a3789bee91ae27e
2804 8de0c829c2edd6f0
2805 e6448a58f86f5cfa
2806 3a1b7d7810933758
2807 6a3a97c92641a367
2808 546394130760e753
2809 c3f21ebe822b53d7
2810 0344a8a6bc7516c2
2811 4d001b9bbda0c05f
2812 4ca2e35fccf1bb94
2813 510c1e588c42988b
2814 cd983a6ebe479f11
2815 803b4390c94eb0c5
2816 0b61c589fa3663f8
2817 5032e0de71958b1f
2818 3c1a03523f531709
2819 e2f8be326c621dbb
2820 53fd3291eb0c03eb
2821 72132c49e732c603
2822 b59a1b9fb48785d6
2823 9dd20f78ee96c890
2824 7251a4af3f9478b4
2825 6fc6d57a978d09f2
2826 a925dc3026983cd8
2827 ef6eeb80eefee183
2828 d60fa95e552fab47
2829 6d5baaf0d1ca9bae
2830 f0699976caf9f280
2831 91af5497a8b10850
2832 dc7a0a5b7ff3be09
2833 8bc9b06123c7e4cd
2834 ad3f19aaaf2f9b80
2835 3bf02295cb30fc11
2836 c9bb342034cfae70
2837 422f3f2621f193e6
2838 e75c2345b7b3e5e9
2839 3a5afa3e66a2be22
2840 c56a5a3fa6b5e640
2841 67eeda0f2ff60675
2842 8c22ede3ed59524d
2843 88e2a85ce66281c4
2844 fec7314d42467d63
2845 a35318edd593b7bf
2846 a2533e2017d80908
2847 c5338d8de92e39cc
2848 093464352416f9dd
2849 a19402287bcc35b6
2850 2d07bd9c4680c703
2851 acd114b9acd561fe
2852 187d8691f030c9b1
2853 15ce38ed090d58b0
2854 4bcd79c3cd49c42c
2855 9cd52abe156bf292
2856 10925ad9029ee2ec
2857 80dfe0cbbf4c4492
2858 fdbb2eb349eddb97
2859 33a77e35aefe53d4
2860 bd0b0192e243f3dd
2861 eb233ec74346acce
2862 f76b54c98f4440d8
2863 d833a4f7b3a41476
2864 dcbe993b11148f72
2865 b45c4f1a11ee1be9
2866 265918252cc5d967
2867 3116e416f5a85812
2868 5f339a6d7f55db0a
2869 7cf3ab6e2e43fa27
2870 9825d3c35572752d
2871 7e7282465ee691b0
2872 b7d193f750368790
2873 4d4d7bb3cd0ee2b0
2874 d47e2d9e651b4184
2875 ea8916d512a4bc61
2876 cb47744ba46d0cf3
2877 a02836e26b3298c9
2878 ddff1afdbd24cca6
2879 3e7c7f2e056d3185
2880 132fab37c1df4c88
2881 9400e4a1df5b70c7
2882 aaf06d7cd408c2c3
2883 9d9a3e5cfe2338aa
2884 14d37bc7bd06d11a
2885 765b4033e3508d9e
2886 04a95f3eb5bdf830
2887 9929d221c90b64fe
2888 02d22ad98dab591c
2889 861d88d4e7639717
2890 1c9cfc993d249333
2891 f5f618f1dd45bd62
2892 085c177bb9a8bbce
2893 c4165c1ef981a2d3
2894 637464a95c08a1ee
2895 4e81b205ddcd3029
2896 7f46c19ef166e1ce
2897 e4b14fbc8b0632e7
2898 39de0e823db9c4e9
2899 94a0db5659f0e710
2900 2b8425154da66e57
2901 e3acda151926c6aa
2902 0d140c425a1bbabf
2903 3f7e93d9f974072c
2904 a73e4fc8b8f4d3d1
2905 ae102178b1be9c49
2906 93e24f1e0ebfaba1
2907 c455003aeed34cae
2908 74d7ab04ab4075bf
2909 04cdf809a8173ca0
2910 b48a330791e707e5
2911 8229d799fa0130f3
2912 12524ccfbdfdd761
2913 c948db11ebf1d59d
2914 38cb365ef389c74f
2915 1acff50d0c74a1ce
2916 0eaa4450731b607f
2917 37f3946680d4f360
2918 5366b9b58d32b0ed
2919 898c47b4509870b3
2920 e14e9156acc8eeb7
2921 c19d4ad4e7ee9fd3
2922 4d3f6ea1fada91aa
2923 d66b60334cdb9ec3
2924 fb3c6b51bbfc07ee
2925 60b41666ac61862d
2926 f4464fce259f7307
2927 02e2a26a5d203d62
2928 7496c16d9393088a
2929 ee9b98db8182dc3e
2930 eab1b13a68830cef
2931 075af87321bf04f3
2932 41b32b3b6de904da
2933 10475e5cfaea0b31
2934 a88a23c8e592cdd2
2935 1409cb05c4e40bb5
2936 c2404f678a8ab572
2937 1feec50a6a730ddd
2938 0aa43852f330a771
2939 aa991069040b1c8e
2940 6a25fd5a8258d13d
2941 683723b9ef68b223
2942 811f901698360963
2943 2f88099741606204
2944 43b395ae12704014
2945 b8cbf1f33f15af83
2946 ea5ca09c7e9e5e4f
2947 e21b527c05e969e3
2948 d5f5b278fddf5b2f
2949 9dacd73819acf21c
2950 a60af50d5b149673
2951 7684ae8875cf4492
2952 ad8df191c2cdf3d7
2953 2e8b4d6236f69a56
2954 6775d7c4af0b22ef
2955 258d80496854f4ec
2956 bcf517fa0c63c397
2957 eb3d361ca903a0b5
2958 ca8a311c8e8611a3
2959 cd477571388be859
2960 f49fee1d49019630
2961 cb1e7359808a01f2
2962 d864e7f62ffc3c65
2963 d396af871f881e8c
2964 17326e21ff512f13
2965 d9f8f9598dd15a48
2966 571d464ffc70ff66
2967 9df3a32e0e028995
2968 7ef9b9866c0eb9e8
2969 90f477ff4951f6f7
2970 9aeddfbaf92d0eac
2971 1821d1834625a83a
2972 e704c4581f3fd306
2973 7b460eca8dfa0ad0
2974 4e237c27a17c0393
2975 19bd39f93255aa0d
2976 e0199257af10fb4b
2977 35acda26390ef85e
2978 bbc000c13b2a8e03
2979 3fa4e9ea78b9a712
2980 6772f920b11aeff6
2981 700b1c4af9f365fa
2982 f37b403b8c5c92ec
2983 5dc2af84f013962b
2984 858605383a8ed967
2985 96b772df7e76069d
2986 d03d9dffaff2a100
2987 f0af9b8ba768d4a4
2988 29e14328325aec10
2989 338ca46b3e7c7bc4
2990 6046c9ccfd996d68
2991 593b72ab38b88a53
2992 1732432b112856fb
2993 85e6bc910665d3ad
2994 8cdc2816000a1beb
2995 0372f0aff5586f6a
2996 d23378eff80598e2
2997 0b577ed98cb4a7af
2998 25b066c62a37c91f
2999 88d306ab775eab77
3000 1a6034aebbe7df10
3001 1c351d7e84832eac
3002 8a1101f5c35cd39a
3003 d497cdddd7e74ffb
3004 eb96cd34d4ee3a7a
3005 ee60a6fb27026de3
3006 4cf184ae87fa8c2a
3007 9fc9bd4c74233c6d
3008 295faebcba90aae4
3009 18a69d6ecb9c9ae4
3010 ef7c3e0040291f1d
3011 ebcb9ddc2a4beb03
3012 c17a05670755ea7d
3013 0f9ec706b3a933ca
3014 79e365b96d9e9230
3015 54f0123c86995e3e
3016 e5a49320ef9e5cc7
3017 6727d2d45c478dae
3018 727603f4974886ea
3019 b0413ee1ead73e5d
3020 3d1cabeb4ab4f590
3021 6beb64ee0d47e328
3022 473e94e5750ce911
3023 3e2c235927c29b4e
3024 31dcbf124a174bac
3025 3b27e9d0b80826c4
3026 2df5e446ee98a43b
3027 fe10deab9b418d5d
3028 b9e4f22e3acf5267
3029 a4aa3c38c83fe09a
3030 b8e700de416db98f
3031 6e0a7072c642812d
3032 2b05526d3bdfa7ae
3033 278f240b67063b84
3034 11afeb5c822d2f8f
3035 fde75c5ce8edee42
3036 26f6b1944fe4a409
3037 b1c3742a29cbf9be
3038 479fb815ea3a3d04
3039 6501eec234941ee4
3040 f7749af392d0ae13
3041 9e4d042d70b8e11c
3042 47342b5e7320b1ea
3043 8838690f313c90ad
3044 a4f0aafe1a083443
3045 7768ba4d2946ff04
3046 c840525ac2191709
3047 498bad14d84c581e
3048 b1390098d48d1aa2
3049 a4feca7034d28d63
3050 f7e77889359664d9
3051 6d1f0663f01beefd
3052 8640ef64cfafed0c
3053 da8e4e4a4a6ef58a
3054 13f5c3f90f23db93
3055 3f0937914f9e25f3
3056 e4951f15f53525ac
3057 74ad973905e887be
3058 0eb0a4238a3cf793
3059 f6b6f8c241ee5e28
3060 224e31a39571ed5f
3061 d2e20bf11df804c1
3062 0d6269e5b58f5c14
3063 93e4772b9a039bc6
3064 cddb2846f0974d05
3065 95e12648b1c91fb6
3066 06734e351041a251
3067 b4ff6a2989d4a013
3068 cf9b3a7420a7fd51
3069 e210505b98699abd
3070 46bc9e40dd2d852b
3071 e4d97a751f8e472b
3072 bd3ddc2054902062
3073 26e0e0809467b736
3074 b67e6dfb985b560d
3075 24ec32b1f14e2d97
3076 0bb6bde3ab26e651
3077 0a0be93ab156587f
3078 e2c0aa4f06966d0d
3079 2fd6955d322c742f
3080 91f11c38177ae5a6
3081 1002bc91218d09bd
3082 6c92a81c6e418f05
3083 3ecc1c685c90a8f4
3084 d37fbff6b5872ca5
3085 f0f93c19ac3ca1b5
3086 0c33f5ab839598ef
3087 a536ee23df8245d1
3088 fb78ac6bddedea42
3089 89c7cd41d7bd8a01
3090 522c0c26209a0890
3091 7addcdbfd0f0006d
3092 c54a42dec14e2369
3093 9434e074aa2f2c08
3094 4e8063710a594497
3095 02054ec15b4fc006
3096 79a1f2446ecb7899
3097 2e8a6e5061ee1237
3098 35ae40f97675d92e
3099 8988ae6746b211da
3100 926e7762b5710507
3101 2278f620fe7b0c0b
3102 58171e4e45e1ab17
3103 829b62ec3f316883
3104 9f2c43d4f2701bf7
3105 6f17d8078b2de74d
3106 c489f2a3a81eeb42
3107 06c29fe77777552c
3108 c1b20df45f82999e
3109 cff0fc3a31ac618e
3110 e4b32f1ac2069076
3111 36667a54d2824918
3112 c6c2821e35ab90ac
3113 c686b1982903411e
3114 710d7e7625b881c7
3115 70bcb416c91a767a
3116 d4d20d7500e7fb22
3117 c9872d130edf4438
3118 cf1c89508a3a5209
3119 2f3bf4b47117c5ee
3120 08fb54d00311be3d
3121 fe19134924259790
3122 ef95d83fcea2484f
3123 cc89d6f3d37d5ca3
3124 6688f848ce36628c
3125 a29ce5fcb7028930
3126 cb65a714be0541da
3127 a419689ac40dadae
3128 6550fc63b602f428
3129 979295c26d22cf8f
3130 0cb8e5e448d4bde5
3131 6bfd4b5ff02f15b6
3132 752a7741838b040e
3133 308f947098f7942f
3134 57c80881fa6b8e87
3135 2a2ce31750b4513c
3136 ff48993b49c97a3a
3137 9e3f404f387eaa34
3138 aea85d5db53683ea
3139 89b8328f1069c6f4
3140 b7e3625567ac166a
3141 3bafe0aa28d87b0f
3142 3d49376d967492de
3143 ffb1205e9add8469
3144 136fe4c7fa463915
3145 226a2ca9e468caf1
3146 f0824c966f11d5f9
3147 b3a75d57093cadb9
3148 55e9a6f888d1c4d6
3149 be8d035b8cd023f3
3150 8113338d47728811
3151 c98bf77f7e07e5b2
3152 db2d1b73704dca00
3153 60d14e156f857644
3154 777030e31e3933da
3155 d99cb3739bef72ae
3156 ab935c362172a29b
3157 bb5f5fe47b7ddde0
3158 806024c4b6082b0f
3159 5ef4801711a17636
3160 019818d967ec314a
3161 0c398f603f13f437
3162 00d83395aebab18d
3163 48392427dfc6eb1b
3164 1e7823f172709816
3165 a22e4043caf48d94
3166 962d99e5a5a149b8
3167 5f2497f94969bc11
3168 82af821b5fb973ae
3169 90d7f5950355de7a
3170 ee41ad78ea1a2f5d
3171 24c492d09620bcf3
3172 70e2f48751319200
3173 50daa87751af1b21
3174 117905f4346c152e
3175 236582a957a235af
3176 c645c2bb8688acca
3177 7491048204ea0879
3178 a6e2817913766a96
3179 cdebf22868c562ee
3180 2b3545b19a6d476d
3181 dc272791883d8735
3182 349b2fa07d3468a6
3183 e2d466c0ac2e9c25
3184 6c738292f268692b
3185 022e2861f623bfa0
3186 d9b8a4ddddd49be8
3187 51df44417c0f4a89
3188 53294d691ab60110
3189 814ae0ff1464dfd3
3190 1876d74aea5b5395
3191 9b4d7b2b9c72c4e5
3192 3d4989f7333e9f77
3193 195c87042145cfb0
3194 a4aa5dd1b64326f5
3195 cbf19b6b293c12cc
3196 1a1af35f4a1fccb5
3197 8e1bf378d315c5b6
3198 ebd12794ee1b0a3a
3199 6392f29c47fa0722
3200 a9fa80969e2d769e
3201 46c127e76c4bcf95
3202 121af21fe687807d
3203 34f502c4c8b9f894
3204 be9e2e2d32acbeb2
3205 55c7e56495d549c6
3206 733c2b312ab26360
3207 92ea56567348062b
3208 d8c176e1eaaa66ab
3209 bf793210a4429596
3210 f9040e85e44dc05c
3211 6a813fd3a15ef939
3212 d423967876165801
3213 66ac000deada6c5c
3214 2127fbdb41085ebf
3215 9830eabeb269cca6
3216 0016a5909de9c03d
3217 7edc1091fdd9415c
3218 3ecae376445a17d7
3219 b3d40dcca5d5748f
3220 0899465e32c64d1d
3221 2697f0bd7883e17b
3222 fc40f26a16981fc8
3223 f080a32de8257149
3224 1544504d439563ac
3225 a77b169f04c1b140
3226 e05a7fe379490021
3227 eaad89bde08f27cc
3228 4cff90a7f185fe85
3229 a42e1b63c212f7dc
3230 9a355af2153d9a0a
3231 0a4e3702bbd423bd
3232 0bdd5785cc824e3f
3233 ae3b3d9d73c56b83
3234 2ad514b2e4470e06
3235 65a9614302b1d786
3236 bfbbb086dba2f3a9
3237 2f432f78d785fb96
3238 0cd285c1087d3cdd
3239 ab3c54052dc4fe5d
3240 1bab71ca6579378e
3241 7e35b3a3aa33e510
3242 8d3677d4ccd9545b
3243 ff965c562f03cdcd
3244 304b1533fd8c56b2
3245 0871eca0b3ba598b
3246 54778858c6127672
3247 41c4c697363844de
3248 9980db7d324fbae7
3249 7da1132e25d20a5c
3250 e68426810d219c49
3251 f77eba558c465864
3252 3e67a6e4a02a2a60
3253 0659e8bfa2ce6364
3254 5937fb94bcb2991f
3255 705560794f6900c9
3256 f8bfd78a65931c81
3257 eea2e625ac7fc065
3258 eea17172eaa8db31
3259 5c2d080f0994d67f
3260 87f2ef67790e2730
3261 2b71c91c98cc5489
3262 451544684a11be83
3263 9f70820c1d6fd197
3264 b72d2efcd33fd791
3265 2062ee6b0714794b
3266 36d0cb36f10e6b8b
3267 39d97bc93ebbcf35
3268 4bf673e93d336fe4
3269 b703f49219c142f7
3270 eaafc1ab83a5cf96
3271 1424eccae87b8cfc
3272 f1f2937eb9830aca
3273 49741082702ba7ad
3274 baeb207e8eaac38b
3275 9993d2987b23f628
3276 e6cd7b1efc6338ac
3277 8891306928fac46a
3278 d5d9ffc9a5917dab
3279 1c97403a159d37d4
3280 374d239636f28c37
3281 7e7a1f52c69072ac
3282 5cd667db969a33ad
3283 e71d5e9bbae28313
3284 7b833e26a1b411e7
3285 051c29eefe566a11
3286 3f7d14cf8f511e20
3287 a0d0d8adbbb06cb4
3288 ad156a7d3e35d15f
3289 58f2518fa2dcfda6
3290 800f3a8b6f0ec03a
3291 1b9cd67d6cc31cfa
3292 04abfbe3170e50ca
3293 86043dc2cb6ff785
3294 bf50513183b8c505
3295 992202c4fc5af24d
3296 e3a795b447739700
3297 82342d15ac75a740
3298 ecf0a4de2367be7f
3299 c7f6359f4b727c37
3300 eb3e74230511c1f2
3301 c7bc5bbd3e23f54a
3302 4c9c95de72ad38ef
3303 1d79dbbc29309044
3304 06af8fee8a6c01f3
3305 01aec4aaecbd5671
3306 0ba21a22b164a9b3
3307 5a701b97fc4abeb4
3308 00064fcedb3a17b7
3309 c760208d09fd866a
3310 d12271369ff52c10
3311 85a56e3fec688ea2
3312 7bbc3e311ebef4cc
3313 dacad19241376762
3314 c02a30985327fca4
3315 31ac6cb323d363e6
3316 0753f60238abf401
3317 aeece1c7c0efb8f4
3318 56230534e8ae90b4
3319 e402578d70be3d43
3320 d5e8641550bdded1
3321 1f5c51f755147588
3322 cd4509a62a691ebd
3323 ef5d7f484059cbd6
3324 408a6bea0b9222ba
3325 ce96ec4c4102a6ea
3326 57442ccb7081a0a9
3327 75695832df2b507a
3328 8de7376f1d43fa18
3329 0ac741234d9faf1f
3330 89826be3595f55aa
3331 119f88996ef6c7f0
3332 ccd2371a12f7158a
3333 2c4065f40686aaf9
3334 fc540f57b0e21e0c
3335 37268977eef7993c
3336 64063b42d5cb271f
3337 17607006e54b098b
3338 03d5a4ee40002d24
3339 9d1b5e22b34fcf48
3340 422709f5ba129fd7
3341 cbec7dc6b54cdbeb
3342 2aa50f07da749b5b
3343 e1e5333e676c9817
3344 c1be584deff2008c
3345 2f55d11ceea3d4a9
3346 f390060fbb985676
3347 a9cbb259023be06f
3348 49971c724fe4b61d
3349 883e1e3f884a892c
3350 87314debf8bbbe39
3351 f58a1d1fd73a2605
3352 45585af47e12e89d
3353 820f9792f58585ea
3354 8c9274115bb233f4
3355 45bc9dbe5e5c9a85
3356 3f94630cc31e07fd
3357 119d840859548ac2
3358 1e9c2a26ef2e9844
3359 02f63d4ad52e74a5
3360 0b4c61518d749134
3361 f51b25357c1f2b43
3362 5d05ec1039584af2
3363 7d2f99a612be30d4
3364 3942e62fed7eb11a
3365 8279d49a4393397b
3366 f71a941922abdaf3
3367 0be846d0b0d4d4d2
3368 19b24381b34b0661
3369 2ca28fc7eb0819a9
3370 9bdbe7788846b7be
3371 413c2ba22a047be0
3372 2f7cc01480e603a7
3373 7b465817c777dafc
3374 ea390e0d98a91243
3375 9ec6d8aa1d09eabe
3376 859236def1aa53ac
3377 05b8bd4387fd7e9f
3378 6111f80f1fd41313
3379 a85f3155519fb8da
3380 a8038ffa0bcdf505
3381 5540759e39ba7477
3382 d80669e05ff234d7
3383 c8e5967629178069
3384 859050e277b1dfb2
3385 1dddea9689f4ac0f
3386 8bd26a6b70286227
3387 83f36c9f6dd0a1b5
3388 f7046bc011ddcb1e
3389 e4a2c1cdea8d47eb
3390 0f5cbce05417f6c0
3391 3984ce8bd68acf29
3392 f4873865c186f1d0
3393 2c2e37a286e62f02
3394 2fc09ee5f9fe35f4
3395 27ca936e5c41166b
3396 12d5bedcc10fcac0
3397 bd1beef489c21002
3398 5d8001d28e7d6b18
3399 729baf33f8cec5cb
3400 b154e76d4ad5be7c
3401 65c78396f8158b52
3402 843fd2de509e70b4
3403 d98270f45bb61987
3404 970f5e063e152945
3405 ff1b2c41b87f1642
3406 7137493438412125
3407 d931a9e359041bd1
3408 b9161762123520ac
3409 7d793519c9421aa3
3410 e7e0e7e951b752da
3411 47ec0f89b55a35c9
3412 d4801226ec5c1ba2
3413 05d3e6fe00823a32
3414 ba548ad8c5356d84
3415 62b8f5a9da7dc063
3416 15ca88561e376134
3417 6ebdea15218b3b47
3418 c74f3190fc7d5c21
3419 44ab10a79a705c68
3420 c478e0fe3f80387b
3421 56b1e2401d9055c7
3422 3f63a45cae29bd2e
3423 e5190e47a694f114
3424 6797396c23411753
3425 4ca2a42ee3792ad7
3426 aec4c51d81d5c3ef
3427 6d6535e5b49edf6d
3428 c792dd3a8f7d4fa1
3429 245c294acb68c5f6
3430 d793ed9b337746c1
3431 d61b4d31f5e04e0c
3432 0b940be3cd90699b
3433 458d373a908e8066
3434 30146f708e2cc1b6
3435 dcd98434ea86ba12
3436 c5256534f79059e7
3437 4a1b93fa0e4aa627
3438 4dc300955b65f164
3439 fbaddd9b44520e6b
3440 73ff138ee7634d9e
3441 868349583d68ea78
3442 69685a3e2be71142
3443 435bd7e8c920c6c6
3444 1f6bf02cd6049d91
3445 f635ec64ab10a027
3446 e65b149aa3eeee79
3447 25bffa458dc02cec
3448 e9de1cf9fd4fae67
3449 0f9603f38a1cffa5
3450 371bdc97af6eab4e
3451 1d3ef90fafdccb0f
3452 4c29365f7fef42d6
3453 4ad491d632d5460f
3454 c93b3883769d3cef
3455 a5ad465602cb705b
3456 15335c18b1c6e971
3457 26f8e3a3c378d7fd
3458 e2a378f721e8c181
3459 3499deaf1aaaffc9
3460 889da7a191b6a593
3461 3e7e6824d8163a1d
3462 4e07c65e865ebf6a
3463 9781c8df09386b4c
3464 9ad9e2925d83e79a
3465 59b115c6337a311a
3466 e2d28ba02a1f3d8d
3467 4f851ff1dfd9399f
3468 45fb976c91814f8b
3469 f3a2e452646760f4
3470 e8670c4c57430062
3471 6dd8555cc3f6a3fe
3472 2dc0d98eeb2e1269
3473 d311a590e20447aa
3474 dd5634cc7f4ed528
3475 f39fe5569e1a843d
3476 7a31881eb5976d64
3477 de6a2f7d85fd7da7
3478 60082bad74461720
3479 177959d51d086efb
3480 ace6f87a17b32165
3481 3feced6c3afaf5b6
3482 b1d20a212e580035
3483 d30971a210be9fff
3484 62340395f9eb7b09
3485 7c704fef8472b89b
3486 8b61d5b6b0eb335f
3487 a2f7394f36a1e8e6
3488 4bd094069c392d89
3489 b46bfb7193e1347a
3490 02415afb39cf3e24
3491 fb2c7d829cc08fdc
3492 cf0e07927b3ca15a
3493 dbdf1e3aa2972d12
3494 6f59411598eab6d3
3495 1d407c5ed1efd7a8
3496 44efd6ddb1b9fe36
3497 45158d4db39f326b
3498 809293a209e0696c
3499 ee6a78546837d6ef
3500 2ce15c89b0ed8451
3501 648b367d5a0e9604
3502 106e640fe80eefef
3503 71689ca4bdb2c1a2
3504 9b9858294654dd89
3505 a7317f267de0e3d8
3506 78982ae477b599da
3507 7ce7d56b5cdd44ce
3508 f54bc157f558bcd1
3509 85fb8c9d45e40592
3510 c35c20ecf93094ed
3511 bf7bb7a389ce42a0
3512 07aa530e2aac3d3c
3513 e6adfa5d62488180
3514 2dc8903cf3e07f5f
3515 bb87241e709e43a2
3516 a78c55894ff76f59
3517 283baead9b25d94e
3518 55be29b945c6e2c0
3519 4795635886d0ec2a
3520 e856adaf4f94d07b
3521 c8ad3e9b79c9fd7a
3522 d1535f2a02d4f7e5
3523 af0d94494a29dd15
3524 9d1b8ddf783a2c2f
3525 868b72962bf62e1e
3526 f77663372521fea4
3527 b6ff839372d8bd10
3528 25b6b2958d648682
3529 5ae8687d8cff0fb7
3530 3c2dbce1c3a5ed22
3531 2fb2460a30f1744c
3532 f014998eb1c33596
3533 0f99d70d3586ab7f
3534 cf031faad719ef6d
3535 e47ed13b3e50d003
3536 953ee5bc7dea937e
3537 ab0a1730b3e6ce8a
3538 89a6d69855592069
3539 f056938948d44767
3540 57fa0b983234965d
3541 2626b16dc87ce28c
3542 2b9f4e1e9497f823
3543 22d492f36c17a92c
3544 b15bf62967520cd8
3545 20445a899d761f6e
3546 0cca251c0c3c4cb5
3547 4271c1dcdfa09775
3548 eed34f4b2d655fbb
3549 c87d3b36db0c4ab7
3550 5c7cd93b9c9e1015
3551 3a5cfbe536e69cd8
3552 40865ca8a6726a4b
3553 e610df5a61c1ad38
3554 442c58a9c5c4fa1b
3555 8686602986ff7c81
3556 f272331684c716e6
3557 d5c5bc0d0b5fb188
3558 6a5ed6c8647c9b2e
3559 215084269698110e
3560 6222bfecb3625b58
3561 0458b8e935a1802d
3562 45b4b00ac9a56fc3
3563 7fcc4fd5a0cea251
3564 80d683b119351f81
3565 d4e46efa6705eb31
3566 19892da53e61ae5a
3567 f77fde644242f2b2
3568 ed2df2e860185499
3569 48c24cabc4ebca47
3570 4ee5458c490cd056
3571 a785e9f4517c5b31
3572 d84143a0141c89b8
3573 ba8e7813431ad73a
3574 5906f71e04727f23
3575 bdb2bc05de745e88
3576 2b46173728aa49b7
3577 8df43a9d46587fdd
3578 c4307d2c23faa41b
3579 183e1fdd928ba460
3580 f3490d9d639e9441
3581 141687b3593e581f
3582 8186b15ebb6cffab
3583 dec2759eb7235665
3584 b5f1a77e306f7ea8
3585 4e81daaf9197a1fa
3586 7771142c06552a20
3587 4ecda4c0088f7dd9
3588 04959d90e114cd04
3589 344e9a9d3abba705
3590 0b4df5d36e33d6bc
3591 1427f1017401f015
3592 2dec6f5e54ee13be
3593 f52e7435678904a5
3594 17d1bbd681bafd3b
3595 5a587bad19af286b
3596 04f2a9fa4c8b7d0a
3597 562062f5c322e069
3598 e1c1978301487140
3599 96920afc835b5765
3600 0e5cc56c1ae90844
3601 e67d700d162c01e8
3602 acc7a5d22b322763
3603 c8a74712d2006ffd
3604 e39657ef9e6bd29a
3605 1d03ad873ef26c35
3606 7025449931981619
3607 edf2a1f6160a5ac9
3608 464627dd43c1186c
3609 66bad8374617c92c
3610 629c14c9ad47b04d
3611 5cd81315d4ae0353
3612 d2a704986118e480
3613 ab463d70331798ec
3614 3882af8c16ef7704
3615 2a7ce047028f6654
3616 395eaeb1e362e0a8
3617 582c608bfb5f659f
3618 f548e4aee738fa5d
3619 50d44d399bea65be
3620 20ed8c3a1eecdd96
3621 23d06ac3b0843a76
3622 a550140753fb115a
3623 906bef2c58e04107
3624 3def8999451ad77a
3625 baccd3d4e3d766a0
3626 cb790bc1c3f8058b
3627 a20190f10b0c293e
3628 cda92a09554ea6f0
3629 cb68640648851e24
3630 63edd9079df4835c
3631 18eeb460e92377b7
3632 d9f637ff988d96f9
3633 6d6094210662a19d
3634 92b1133bc89deb6a
3635 ade14fd25fa029a9
3636 1cc2601ba3f07841
3637 3cec5b4ad6cc0115
3638 a43592f5b737369c
3639 9a623b7016e34cae
3640 85d073c7dbc00fbc
3641 3781bb744a7febce
3642 b555e913610c75ec
3643 d2faa08c35b1efec
3644 bb45008a6dcc22dc
3645 8ea35ff756ce67a5
3646 2b864960a845fcbd
3647 2ee151691d461733
3648 b34f6d65ec03d346
3649 388b1fc0385fc88a
3650 f61f8eb89ba258e4
3651 80a263cb14ce7ab3
3652 1351e50c917c28c4
3653 1b0608a57b492e0c
3654 edaeabb1d8d25a6d
3655 e58ab28519c97d26
3656 9e9d6c383181c660
3657 b388eb4547da53d5
3658 dd4c7428ad2567a9
3659 fddede68a0e508f3
3660 777653ee4f2622ae
3661 0822042abab6a7e5
3662 a0ffed331c07d224
3663 635f226c3d711732
3664 371670833707a321
3665 1694f94af62ab49a
3666 341a7877b3367e51
3667 1346e4507c2a5e69
3668 dabac8d6ebf76232
3669 65672a0fbc5dc6e3
3670 89e691526a85e048
3671 f6def9b69013f830
3672 d61367fb2203583c
3673 7648a205161d1cd0
3674 afb12752929f1f75
3675 c93b4b9c89168c0b
3676 a3f309bddbf6bc80
3677 6519ee70e353c633
3678 f79534e5a7f7ce9d
3679 dc95ff786aef2170
3680 0a258f2406e3117d
3681 6883e59c28112fca
3682 4bd0fcc889e0caab
3683 d27f3bcd1ec5ef31
3684 3f291773532b76a8
3685 8207f400e7da5813
3686 ba076e59fbc7723a
3687 1a585fb15825f56e
3688 5df80bf12977013d
3689 77194d8350ffca1e
3690 368f34d7090cdae9
3691 b44b6f16422485f3
3692 61f6b014a4884067
3693 15667b8cb9b31fa0
3694 ce3db11cb7705c7c
3695 c02397326c53f2da
3696 8c0d4821bb37bd6b
3697 6b59683b8621c56f
3698 a6576d9b9e9207b9
3699 a659ea472d8e2208
3700 0b6de2dc8edf1cff
3701 5f5e6ddcc0e6149b
3702 067adee1e1c98e27
3703 cd3c1c8e19074209
3704 3a0b6285e1cd8cff
3705 74a246f158bf0dbf
3706 a5c695a94da3a6b5
3707 8ab2973793de2694
3708 0f536672bf133946
3709 fea764cd50b85cf2
3710 2989e9017a409129
3711 61d1eb01c49d6fd2
3712 2634c2fe54935233
3713 366ba37802d7255c
3714 c81a70046cffb290
3715 ea8090f14f18fdf0
3716 bc65873e90c1370f
3717 6097b3d63b9ab2d3
3718 0684ded6ef5a3089
3719 b109a8af7c87edbd
3720 91aa3e6d5dab359a
3721 5ba64ecab84fdc47
3722 85ac32d80337b496
3723 677278fe7bfa08c7
3724 f7286ce08f6246bc
3725 8eeb5278d302b47d
3726 e85d977a560915c4
3727 85b2b5c86faeeeb9
3728 bfcb46e2003bab4d
3729 0395fbd75dffdcb1
3730 0e42d245a468fe51
3731 1208e98520f91733
3732 4d4348ed76a539a2
3733 35e321228cbd653e
3734 11739d64cc3b8941
3735 fb00a1948bec1b78
3736 39e26e07d616d6ec
3737 f5577cf38d7cbd65
3738 5d4ca11b1acc5223
3739 58e15c4339a318d2
3740 8c77e6cc7a9832e3
3741 f6c12cbf12edcb27
3742 7d9bf235e37ea802
3743 783363414692a82e
3744 f4031b042475113e
3745 e0af768b3e2f31a4
3746 b96bccfc8c5f9373
3747 0b5400461f98dda0
3748 1dd617ed7540dfe8
3749 6a9d810a368ac7a2
3750 94e1c678c92d3d29
3751 5cfcd9b4c5b8ba7f
3752 6a781be45d90f211
3753 d05f516ecd97bcbb
3754 83a8ffaaf6d06674
3755 0b0afabc0cfe73d3
3756 b5faf533b0f30c19
3757 b09dcacbf5757ed8
3758 910cf2b0a0b4686f
3759 5a123a064f617201
3760 3b411be39ca0586a
3761 536de81a8efd8392
3762 5c1237dad9b94ae8
3763 cf858c747d65af53
3764 8341341adeea73cd
3765 8e338648c58c8202
3766 e4716cd7cd2edf72
3767 3c9c448a04f142c9
3768 64b9100a360ca440
3769 103de890289b9cec
3770 b4a3fbb12a601d08
3771 87e4e6d0e45784c5
3772 e091b17fd0cfce32
3773 acd72091265d6cba
3774 b319899ca82d5bdb
3775 8d9045184e98d078
3776 60d1da431721ac52
3777 07215b8ecbd6b763
3778 246ebf837143a97a
3779 8e345fbc174b2f94
3780 0fcfd4704a81c8dc
3781 84dcca948e4707ea
3782 8a5e0e5bdf253ff6
3783 a34a621a772e91a9
3784 a56d74452be6317e
3785 3ceaa621573f6671
3786 19513077226d1138
3787 898f5902d3b54d10
3788 1caf98d34156f318
3789 d7fc3813ff682025
3790 df76ba526ff40b17
3791 389a80a471a3dd94
3792 e7bf675e7b4543cd
3793 3cbc6abcbfd49cb4
3794 bde8172767734425
3795 2d6ed03cf8b373c7
3796 9c46e5c0dc9f3e30
3797 7cf2bcb6a86f28cc
3798 bd1826de297498b6
3799 89cbad0afc52ac78
3800 c4d8e82c440a3ede
3801 3bc9ca94775ac05e
3802 18970d4457bb1f83
3803 7c77913eb63278bd
3804 a8af6ebae220a6c0
3805 8a682e34fb3e5fcb
3806 c5ee1ea18bccc01e
3807 b29815ef94c498e2
3808 d60eb5f3f6f28417
3809 5ba2f8b42612984a
3810 ea5e8eb0a11dc410
3811 c65e6c7eb19ca2d7
3812 2754fb74ca94507f
3813 00faaeb42e03f884
3814 62ebc9d677a9dd95
3815 206b4d870a350907
3816 934d87375be1f639
3817 479d1f3cc4d2556d
3818 657e6a3079815d45
3819 ab3745f9ca6b4fbe
3820 cf5bcfdc7e77dd38
3821 7e1cad866856369e
3822 a0843cbf3ce318ab
3823 16174e854c806a12
3824 23497f58907bcbc1
3825 791ffcb64883bda7
3826 702bbc4ba2761ad3
3827 05a0cb299e266c26
3828 43551e45166d3c48
3829 025100dbde1eda6c
3830 67d3828e711c0c02
3831 ebc3bd99e3d47403
3832 ef3d293ea5f8b6c7
3833 a1a920a117d8712d
3834 960ab66336d4f4ab
3835 1351717072d2497e
3836 eb01d8592c7ca2c8
3837 7636ca6b1c28d6a6
3838 c4525d8cfede0560
3839 88a06ddcc1912448
3840 29f79f25646bfdf3
3841 919cd6b63585c18c
3842 dbc8b4a80e46841d
3843 cddb0d1b2065db69
3844 c3f5ddf66da036c8
3845 bac435e7d17176db
3846 bf2b63420ba2e027
3847 395bf58370a99930
3848 4b01844e961235ab
3849 2c01fbe258f0a8a5
3850 442194489dab364e
3851 fee02f65fcbcd675
3852 fb90154f0b4da61f
3853 3d2898c6e93a74f8
3854 d95b9f475c67888a
3855 2a8610061f9fda8e
3856 aec711f3a82a97e5
3857 48f2a05cec7d4530
3858 9b03793f58757de5
3859 9005fca386d6ceb4
3860 97964f3c957818aa
3861 5f9bb172f97bac56
3862 59c4bb39b6f6c518
3863 9098099c9d3eb260
3864 b8039d433b7b48ff
3865 5011b8dabf9afb70
3866 4ad509cb8e6c3d6e
3867 bbd1bad7743ed44b
3868 b048d0fa063421fb
3869 1e34747e7ff5b715
3870 a34da6e9c657a7e8
3871 db6ac789ffbd0057
3872 a163231a575f576a
3873 a01312ea76842753
3874 cafb1064ba88b1fd
3875 3d44c63534ca0176
3876 682c6b94d3aea87b
3877 54398a22a6b8c1a4
3878 a37b2d68b9b67afb
3879 bac609c49b81db1e
3880 a1c0d3fe96d4ee12
3881 a48417d970e3dc5d
3882 4123fee413df78d5
3883 d42148b0c5d7afb2
3884 ddac4e947a1dd1f7
3885 b8c55fd66ef11e15
3886 fb1566c34d7fa9c7
3887 d0d1283564b1d4e1
3888 f0c3381e5dbecba7
3889 8de0349bb7c42e9b
3890 a22151a1e809f8bc
3891 77e2ceb22b72d272
3892 52467dbb0284b0b3
3893 ea86be61c403ef09
3894 245c18eca46a0d45
3895 71f92694663250c7
3896 94c1564b26c0d160
3897 5a9f394a092900b4
3898 042d0ccb8c0d2ee9
3899 f9f9fc2418cfa181
3900 6f83a016ec7df78f
3901 127e9c5904ecd984
3902 4c07510e29ea4829
3903 2447b6bae756fae8
3904 590b6b37a9755bac
3905 0b6ae1349d4036aa
3906 1d3e12fd02f83c56
3907 f180bdf2fa8086b5
3908 0c165b5076d9c70c
3909 2a83345de5c5acb8
3910 72a1957c0d51e5eb
3911 c97a59a64eeb4eed
3912 cceb3cb312a4311d
3913 00d2c28a749ec19a
3914 9ce3ae81a56c05f4
3915 5cc9d2208371d621
3916 96b49d792287f957
3917 b634c24c89f8c472
3918 15fa660c629f0cc1
3919 3fa4eb9bb1e2a1b3
3920 23e2dee2cfcb6718
3921 1d43ea9d0b3e41ee
3922 04257c2c252e4106
3923 042d86609175e067
3924 44f1b7dfe2929b89
3925 3de4e7ecdf77f3b3
3926 1101eca7e39606b6
3927 37c86813fc3cb8a7
3928 54fd2b3287b8e4b4
3929 cb58d793226c8dc5
3930 b76e5ed58189b20e
3931 14bacf2d636c3495
3932 49b4900490594c43
3933 127b1977af8c22e0
3934 5a13972946ca1863
3935 6b66a0f8c00d9e20
3936 55f392de43b076a2
3937 bbf4d1a19bcf73ed
3938 93337f0bd827174b
3939 283c6923b34a58be
3940 ccb5ea36ce8832a0
3941 f3772c8c98bbd146
3942 c0fe903e8258450d
3943 e0fbe12184bfdb3b
3944 9aa4bea70f3534cc
3945 012d6296a16d6484
3946 ae21fc3d8e9299fa
3947 398bca48e6ec60c9
3948 5fcbb037a3e6aa07
3949 ff2ca9935355dd41
3950 f13c5fbc281db3bb
3951 17f01382ac0937c5
3952 a486176651a005b0
3953 295672eb01ea3218
3954 dfd6a3588a5bb96b
3955 d374df7e105c6a20
3956 fe8dd63473e1be82
3957 6dbbb3e074c25fb6
3958 ee21905e6a9b199d
3959 cc49a0f001395e00
3960 28e32d1c427447c7
3961 352847b962f39331
3962 be2285d446d5e41f
3963 88d1c55ec3d92363
3964 d1cd1135979facb2
3965 38c3263360a7a118
3966 13b428f72c3ea2dd
3967 41c62d604e1b2f39
3968 abd63d136a352bbb
3969 1f447330d64f0ab7
3970 eabebb5772f56ef0
3971 f8ff88fb3dd63fbc
3972 428774469e3bff8f
3973 abf0324f46b294ed
3974 23817b097e029d7f
3975 bfd10974f9a6f864
3976 cb6ec243e2946a48
3977 61d84311e4565642
3978 190147041ac12bdd
3979 5c17c6d2fe7c3daf
3980 51a53fbffb5d2d08
3981 f6dcc0113bf59a5b
3982 8690752718ea1b4b
3983 cf3d1f6e1bf740f1
3984 eab89625d5d14395
3985 bf9a53288b41ecca
3986 1bea64f7e028015a
3987 5b2fdef88ccfe8b5
3988 7c38264767ada9a1
3989 64cb2ad49b5f64ae
3990 a31cd57d9566fb91
3991 523c1f9a7494f8a9
3992 19697145f1925a33
3993 f1e53e3984685032
3994 477191d1c04af9d7
3995 a6e00b07b593eaa6
3996 3d1f501e89edbf73
3997 6a9a7558619f8622
3998 96c2d09f02822fcb
3999 04bfd738e13fabf4
4000 7e5055696a771381
4001 29a4fb0c34818e53
4002 a3240806e15f6f21
4003 cb88ca9d9dbce085
4004 543fd5d7c9a10a32
4005 2884e8aa706dcbea
4006 ce757f453bd87f63
4007 f0453a4e6f334114
4008 876f1944771db578
4009 5eead02d0bbc281f
4010 60ed2342eb3baa2b
4011 97bff75002b9682c
4012 2e05f17d61ea8d33
4013 d4c75fc284e41863
4014 10740b710068b040
4015 9c99d6add8da82c9
4016 36809e8b17a235f8
4017 a5e5d59a372295c2
4018 50f611e787585193
4019 825a7b643ae9dcf4
4020 abddabe1197b6b4d
4021 a32d6e763b59a8d8
4022 b98e56736b55bd94
4023 77058b9a2843fd74
4024 441b572611747a71
4025 2a0518d757e9b7b4
4026 1094b00cb57f1c85
4027 4bb5352c3d6840c2
4028 b947497289861eca
4029 dcb408fa1fbd6454
4030 7d0185e51c1761d7
4031 60c0bc02c5b36ebb
4032 4da272fbad15a765
4033 488954237c901469
4034 53af1c973b1f0986
4035 dbb3ed6902f2e10c
4036 b5491527cf7159ad
4037 cad96b0637645214
4038 13e7511378fc5d95
4039 b6aa407691e95591
4040 82f1fbeed19b78d4
4041 384f651fb53ecfa1
4042 084319bb5fadb9fd
4043 780527709a590d5e
4044 ce4390295698fdd1
4045 0a72d000fcd11b37
4046 f5654164c35b1c96
4047 7078bf74f919f4ef
4048 b7dfa8aff204faf7
4049 4a5168710e2c586b
4050 2204275fe9e5f53b
4051 8940e0c6b968f0f1
4052 1991eae3fa8bf74f
4053 39287b36b2ffd8b7
4054 a7a7d9e56d2c5355
4055 b0d0d019b9106a64
4056 9bb9d55fe093665c
4057 5f158684fcdc2887
4058 f4448481e696d0ff
4059 6e0d180f2e95b50f
4060 b8df3ad933ff7cb8
4061 9af2b8344f112131
4062 c2fe179cc87a02e4
4063 ed284cd2c3b1a13d
4064 1c374d75b0a37cd7
4065 66fc454f550dc342
4066 9e843ce9472b1cfd
4067 66972891df1d3ecc
4068 451bd5b8672b0d14
4069 fc9bb77502144c45
4070 5959c70547bb05df
4071 713245e31e466632
4072 88b2f9db8e6183d6
4073 307e65fa3756ad73
4074 745548eb38c469f1
4075 a6644cc08e33f393
4076 da273a787f216f93
4077 c8b347c643c978b1
4078 2d87a8a4b8fc21d7
4079 4d3a94bf7f771544
4080 244caf4da772ffdf
4081 6efb902697d2689f
4082 8312e36a666862ae
4083 603198494862d22a
4084 2e271edcb0e3cc92
4085 dacdd31672fe4bee
4086 594de091b00a9a4e
4087 20bfcabc7612846f
4088 6e50e7417c4ae65d
4089 38a9f28683298c44
4090 596ba9a086a96c17
4091 b1752f4ec69a97a9
4092 45a4c03b0735b584
4093 849f94d4aadfa37e
4094 6d67d0606d952935
4095 59230a62a3b670a7
4096 5f984c98c63b8b1c
4097 a695ed7670375bf8
4098 d25265cde19b133c
4099 83be85e5c0116c04
4100 0a5199c7ba1fa56c
4101 164d5415aa706ac0
4102 145da5a1b1d21577
4103 5745db2bd5b5620e
4104 6a223f659190c1e6
4105 6e40fd2cde0654e3
4106 373d96478c195f91
4107 aa42a7055f4ca1f6
4108 4fcc2012197a191b
4109 b3cb1a8be9230500
4110 78865acf1013bc3b
4111 40630ee8ec7aeae0
4112 cfc8b4334cb15f25
4113 762017d5603a5f35
4114 80ccbb2a233d98dc
4115 619b5677eee6df58
4116 0b8fc4fbf713b65e
4117 777bf9588744bf7d
4118 a26215f222421722
4119 c7c2a26392ec7d24
4120 11cf749e3b4a25d6
4121 473f39d125387bd3
4122 fd03d0d49c546fdb
4123 a580214139242dac
4124 935b8b1048f9b8d0
4125 558b2fdbe4c75d2f
4126 1ffe8fbcff3b735c
4127 ff2b5fa2d89fe269
4128 67aeecb8fa338231
4129 3f50b77bd6212ccf
4130 7e8166851b2e2b3b
4131 a67766290faf4fc2
4132 1f57d15cc2515210
4133 ba82f926e1f9d4fe
4134 eefdf81d4be0a47d
4135 5b652eafdf4829a4
4136 68c6d7cc3ae327e7
4137 44680b5dcbfbb941
4138 25a8fd70d62da5cf
4139 262080cd4ea8eee4
4140 700bd5b6e00e0f45
4141 51e0f0097c3be06d
4142 4313eea7d389f2c2
4143 711d41901907e5cf
4144 a838eb84490c2bd5
4145 34202e5adb9c9853
4146 acf7ea64a8934364
4147 286864f7ca74508f
4148 49d4bff826cb993e
4149 34f0bbb8818f18a6
4150 42abb6daea79501b
4151 c202aa1a53070bfd
4152 936055377639cae9
4153 36e3c3baaf248d46
4154 80a88ca58175979f
4155 d3d551dfa3e31b3b
4156 b6074991a21b7a6e
4157 85437865b46fd9cc
4158 6faf2f686e7a50d2
4159 f07e56ee1736260c
4160 6c75da221c95ca49
4161 68752af5a823c985
4162 a81f03e8c5525181
4163 7929b0c64106b074
4164 eca5c8faf6356d80
4165 b2181f0842bf2d97
4166 768e83f268406bea
4167 21bb3ea7f83ebae5
4168 6da243e934ae97de
4169 54bd64e88f0fce63
4170 86d3869add6f1f4e
4171 69779b9a84eee96b
4172 96f218e0926a06c2
4173 904af0e5897ec738
4174 3f450adac0b44f6a
4175 07dbf569ea3f9e34
4176 33e05abf2f421a75
4177 7f7441227dd5f6cd
4178 1b135c55dadc862a
4179 b04025e6034d42e5
4180 061df1f2574e8a1b
4181 ae5cc84cc73ed05f
4182 c893457b6ea2cd22
4183 a98868f4cb18bc4a
4184 ec6a2bae744db2a5
4185 3e4d3be37235542c
4186 2c5c810f69fb37d3
4187 f2a253f6bc15244f
4188 34fa880995806564
4189 1fd8f6b30f7f45e7
4190 33be5da2ae47799d
4191 ed146dad3449ac22
4192 ce5b2e41eee5fa9b
4193 d14ce3b23e27e629
4194 2b53bd2a4110a8c5
4195 f52ebbbebdd50fe4
4196 ee3d87774995d146
4197 6d0f7c8402f5c614
4198 b9de4b62a75f2e08
4199 60f864c98f5c996b
4200 3efeef8c5763cd09
4201 ab444b9024e4b2a9
4202 e57697b625863d0f
4203 333fa13b327faaee
4204 77361552722925d7
4205 0cf0e2041b147f48
4206 5d3b5e670d3b5bca
4207 c66b143fb8163e48
4208 dbea4bc9560dfd62
4209 36db92a4123b9607
4210 cd5cd78c9e8b4ffc
4211 dd5bb8b1f2fe9222
4212 9a8b8d503555d967
4213 e746cd02a3d2c387
4214 1d6ad0a89d7df66f
4215 99dfa0fdd9130314
4216 f7640a903f3cc7a0
4217 cbf1deef25f634c3
4218 0510d37669787949
4219 c995db49491eec1a
4220 1954fd3e780d1010
4221 3030298f9094f0f1
4222 8f29286d96a08f4d
4223 9766377871e36474
4224 d67787d57398f425
4225 4d9c12fa5566d767
4226 15b91b91c93c6e41
4227 3eef32a2490426cf
4228 6e6cb0ed27b496ce
4229 9c750bc35032009b
4230 7a7845bd98121dfa
4231 fad2408d908b1973
4232 219cef0446e465b8
4233 51f9e2aa0d6a653b
4234 aaa0acd07f53897d
4235 b904be926abbcd54
4236 ed1c4a6a2052c5fc
4237 01ed11d74dec3646
4238 2d644c047b5ced12
4239 0689dd936278acf2
4240 3ec18a7a8c0e2c5d
4241 fb600066f71f87ff
4242 95f56dc5b86bd498
4243 09a2f29494e38f74
4244 b88129aec8cedc4b
4245 cbe5e6f05655383d
4246 3ba4fdd61e2f856d
4247 fa55658348aaf150
4248 1084d2b0e7585edf
4249 265d2a32124a6fe3
4250 f505e2023f07699d
4251 8ef39f5fd40c59c3
4252 4aaac885badbe3a3
4253 3d85c23cae478b83
4254 46b36636d49cfc09
4255 3558202c3ef6d267
4256 776b5df4a70a6e5a
4257 3f44f6a81d42c0d2
4258 93e384a02bfa9f68
4259 7708514202426e73
4260 6471413f07238216
4261 3d8382b23439f41c
4262 c2f28f56278de8d2
4263 9c15835b646c202a
4264 d65758e5f49187f6
4265 032d81a28f853106
4266 e3a4cfe4fe4fe1e6
4267 c848e2971f8531bf
4268 f8bc9ee3df4030a5
4269 54c72e8e3138669f
4270 7c23ca877562eac3
4271 ba70e83d980a8f88
4272 1744bb91b8e6ead0
4273 07bd238dbb4ec373
4274 4b2a49031d56b841
4275 db0bcb41564b7262
4276 c640ea45dead4e60
4277 cc8daaf5aca8e67c
4278 51bb085e65880200
4279 6d96dfe676afa146
4280 82d07e9d525666c1
4281 06bb1f03a579862b
4282 a8c450e53a9a25b8
4283 830f913a36edaa70
4284 7ff8e037cff1846b
4285 008b360fe7e981c1
4286 b142b08d0db8b540
4287 5fe6b36a95064201
4288 f07fceb97b82cf88
4289 3c985b8191a47053
4290 de06cb8eb08d0b27
4291 ea77bf828bec2e21
4292 2542b91f94297a8a
4293 9a4fbc6881cbc1a9
4294 cfa75596a430f3db
4295 016dfcbd8faa0bcd
4296 8b7b3b3a448cc479
4297 6c88a10b03ae4696
4298 6687a5a64a3a9618
4299 7df46680e7adf032
4300 5f2996df75358515
4301 eaa7c17d1eb991cd
4302 ff6dfba7ba655681
4303 83d6e3ffa331ec42
4304 edffa2b6afaf6e9d
4305 c3b09737b16064d7
4306 92d557147c115214
4307 684f1c5c0751d6eb
4308 64de37f9c66850d0
4309 5a9c10d3760fd71a
4310 d239d39f9bb7bb20
4311 07e7d2926e969d8f
4312 b82c610fb539ec30
4313 c69ac928401288c8
4314 2b6bafa6715d2650
4315 887c07cab9f3672c
4316 db622ed5bfd0f275
4317 44a5834af0ce4e5f
4318 b5f89d6433220c23
4319 ec2daea22d6f2471
4320 cd3b30bff5401016
END 4320
