1 5dc0cedb2aa1bb7d
2 5dc0cedb2aa1bb7d
3 5dc0cedb2aa1bb7d
4 5dc0cedb2aa1bb7d
5 5dc0cedb2aa1bb7d
6 5dc0cedb2aa1bb7d
7 5dc0cedb2aa1bb7d
8 5dc0cedb2aa1bb7d
9 5dc0cedb2aa1bb7d
10 5dc0cedb2aa1bb7d
11 5dc0cedb2aa1bb7d
12 591e973f181279a2
13 5dc0cedb2aa1bb7d
14 5dc0cedb2aa1bb7d
15 a95417db2aa1bb7d
16 5dc0cedb2aa1bb7d
17 6c37ae1b135eea98
18 5dc0cedb2aa1bb7d
19 5dc0cedb2aa1bb7d
20 5dc0cedb2aa1bb7d
21 5dc0cedb2aa1bb7d
22 5dc0cedb2aa1bb7d
23 5dc0cedb2aa1bb7d
24 5dc0cedb2aa1bb7d
25 5dc0cedb2aa1bb7d
26 5dc0cedb2aa1bb7d
27 5dc0cedb2aa1bb7d
28 5dc0cedb2aa1bb7d
29 5dc0cedb2aa1bb7d
30 5dc0cedb2aa1bb7d
31 5dc0cedb2aa1bb7d
32 5dc0cedb2aa1bb7d
33 5dc0cedb2aa1bb7d
34 5dc0cedb2aa1bb7d
35 5dc0cedb2aa1bb7d
36 5dc0cedb2aa1bb7d
37 5dc0cedb2aa1bb7d
38 5dc0cedb2aa1bb7d
39 5dc0cedb2aa1bb7d
40 5dc0cedb2aa1bb7d
41 5dc0cedb2aa1bb7d
42 5dc0cedb2aa1bb7d
43 5dc0cedb2aa1bb7d
44 5dc0cedb2aa1bb7d
45 5dc0cedb2aa1bb7d
46 5dc0cedb2aa1bb7d
47 5dc0cedb2aa1bb7d
48 5dc0cedb2aa1bb7d
49 5dc0cedb2aa1bb7d
50 5dc0cedb2aa1bb7d
51 5dc0cedb2aa1bb7d
52 5dc0cedb2aa1bb7d
53 5dc0cedb2aa1bb7d
54 5dc0cedb2aa1bb7d
55 5dc0cedb2aa1bb7d
56 5dc0cedb2aa1bb7d
57 5dc0cedb2aa1bb7d
58 5dc0cedb2aa1bb7d
59 5dc0cedb2aa1bb7d
60 5dc0cedb2aa1bb7d
61 5dc0cedb2aa1bb7d
62 5dc0cedb2aa1bb7d
63 5dc0cedb2aa1bb7d
64 5dc0cedb2aa1bb7d
65 5dc0cedb2aa1bb7d
66 5dc0cedb2aa1bb7d
67 5dc0cedb2aa1bb7d
68 5dc0cedb2aa1bb7d
69 5dc0cedb2aa1bb7d
70 5dc0cedb2aa1bb7d
71 5dc0cedb2aa1bb7d
72 5dc0cedb2aa1bb7d
73 f9dec29d096dff89
74 bd470ec3d637a91f
75 c85ac0ee8a84cdf5
76 cb074c844db42368
77 cb074c844db42368
78 cb074c844db42368
79 cb074c844db42368
80 cb074c844db42368
81 cb074c844db42368
82 cb074c844db42368
83 cb074c844db42368
84 cb074c844db42368
85 cb074c844db42368
86 cb074c844db42368
87 cb074c844db42368
88 cb074c844db42368
89 cb074c844db42368
90 cb074c844db42368
91 e3ed9a1570a781d4
92 857c342388d281e8
93 014284b6c37edeb8
94 d7793f0a58a84472
95 b6126fcf3ea94138
96 895d630279d2abbf
97 94820326f0a06e93
98 38c5caa71a3d6e93
99 2ee0327eb7366e93
100 cb691198315b6e93
101 9a458ea179b46e93
102 cd9b46d6ad816e93
103 d7e78e42655a6e93
104 07aa86c7bf0f6e93
105 e98cb1897a886e93
106 e9905507afc56e93
107 9954d868933e6e93
108 6d22834cd0236e93
109 ff163318e55c6e93
110 7fe24cd185a96e93
111 e69e5d7ae7626e93
112 dc48f200bff76e93
113 7e01b633a4b06e93
114 258fd90d3dcd6e93
115 def78ad527466e93
116 463a9205566b6e93
117 e313553036046e93
118 93542fac88516e93
119 a1b645df94aa6e93
120 d8cccecd9d1f6e93
121 90ecada7e7986e93
122 af76988889156e93
123 51b649a52ece6e93
124 838b64d24ef36e93
125 370f97ff696c6e93
126 60a28204cc796e93
127 c2b11fedcd726e93
128 606991ec16476e93
129 ef81e65b54406e93
130 031beb6f965d6e93
131 21a427e0f0566e93
132 dc29763abc7b6e93
133 73138abeec546e93
134 4f028ce965216e93
135 facc51aaa6fa6e93
136 90e135adbfaf6e93
137 4c4a04c799a86e93
138 97615e3e34656e93
139 eec7c1a52b5e6e93
140 ba53fba128436e93
141 e0bd1375a07c6e93
142 653e011551496e93
143 a8bf88b3b4826e93
144 dc1c22753e176e93
145 83c4752a85506e93
146 b98bfc5f1d6d6e93
147 4a490c46dee66e93
148 cf80c00b520b6e93
149 ba964699f6a46e93
150 b9d23d9b0f716e93
151 7c9ec58bfa4a6e93
152 6060f3e69ebf6e93
153 efa81bb619b86e93
154 72d19d8fe6b56e93
155 b4e8fc7d186e6e93
156 bd33556384136e93
157 e8228749b58c6e93
158 c5def34538996e93
159 dc791b0c6e126e93
160 3cd2368c8ae76e93
161 31cc302daee06e93
162 b7ea2c4f007d6e93
163 1acfed171b766e93
164 b50c28e2c19b6e93
165 bc6695fd97f46e93
166 7917d95db5c16e93
167 3b632832ce9a6e93
168 4f61c9b1bc4f6e93
169 ea049e5221c86e93
170 e71ad06c93056e93
171 8709bb22847e6e93
172 062816261c636e93
173 c9dc6846379c6e93
174 8df7772353e96e93
175 8e1ac4f788a26e93
176 3b1fab6518376e93
177 86ac8a4ea3f06e93
178 70df3182260d6e93
179 a4a7a45b91866e93
180 170293e22fab6e93
181 d13a1cb0c9446e93
182 01a78f4e3a916e93
183 93de6f2ac5ea6e93
184 003121a80f5f6e93
185 ce16bc6594d86e93
186 417416d043556e93
187 853fd1b52c0e6e93
188 8ec6fd7be8336e93
189 de1f443722ac6e93
190 b27a0d712bb96e93
191 7eaa362b35b26e93
192 a762ca4b30876e93
193 2f900a0aa0806e93
194 5c5daab61f9d6e93
195 c163754b4d966e93
196 8d567994b4bb6e93
197 71134079de946e93
198 6c5fd7ea40616e93
199 a73ceee7e03a6e93
200 5ae6e43709ef6e93
201 907b99b65ae86e93
202 2ddd3b7271a56e93
203 fdfd3e354c9e6e93
204 c75d097ebb836e93
205 1e43ce4bd5bc6e93
206 fff5ba4336896e93
207 e777a85dfec26e93
208 955711ad62576e93
209 61e07ca904906e93
210 dd340fa11bad6e93
211 09d030983c266e93
212 a36fc304cd4b6e93
213 8999a454cae46e93
214 2c02213feab16e93
215 e859644bba8a6e93
216 63b69b1cdfff6e93
217 b349533cbff86e93
218 d141afb49cf56e93
219 b3117d6783ae6e93
220 f1b5ecd62f536e93
221 305528dc7ecc6e93
222 cd239c5689d96e93
223 536916f85d526e93
224 b388dcf155276e93
225 a58b7292d3206e93
226 8e4ad1ffc7bd6e93
227 07f32feb16b66e93
228 23af8039e2db6e93
229 4a3586693b346e93
230 3cd4e1304b016e93
231 ced4651524da6e93
232 ab82c7e5608f6e93
233 b0b7af3bbc086e93
234 b70ce60a81456e93
235 5f224fb1b2be6e93
236 b034ee2b3da36e93
237 b86f5fbe9cdc6e93
238 6eb4f4bf83296e93
239 854d103142e26e93
240 4e256c82db776e93
241 41e18360ba306e93
242 0d6bd0420b4d6e93
243 501981149ac66e93
244 f3193782c9eb6e93
245 30e3412b77846e93
246 5c78c52115d16e93
247 d06df0f2c22a6e93
248 0060133ee49f6e93
249 7dc6561b95186e93
250 d0f5c1b9e4956e93
251 3123bf508c4e6e93
252 35a36941c4736e93
253 1aa1f7e938ec6e93
254 108630cdcff96e93
255 6aa10ea8b2f26e93
256 b75dba8d3fc76e93
257 63e16115e3c06e93
258 00e33b07b7dd6e93
259 6b541cf13fd66e93
260 003f526105fb6e93
261 3350096561d46e93
262 a84f07f016a16e93
263 9deaf43f167a6e93
264 83a59d9ee12f6e93
265 5e57f6138f286e93
266 fd167ae0e1e56e93
267 47065f4ddade6e93
268 c1a072903bc36e93
269 87ba45a5e5fc6e93
270 230760c6fcc96e93
271 e56f58828a026e93
272 43129a5431976e93
273 7ce0deb982d06e93
274 c53d00ad6eed6e93
275 05d24b4668666e93
276 4ab390c7278b6e93
277 808e60c8496b176d
278 25e2f6b1ece86ccd
279 6418133eefe2b747
280 003ada46215bb747
281 ef6cdb106048b747
282 8200ed69c509b747
283 1c508a57880eb747
284 92ad1ea04947b747
285 b59d803469c4b747
286 50cf5a5b7ce5b747
287 a9291eb2336ab747
288 3b4c90e7c243b747
289 83029ad27e50b747
290 dc2e4e29e5f1b747
291 75acd36f4c56b747
292 934d9d254e8fb747
293 5590a529450cb747
294 cad152981e2db747
295 5f07d193d2b2b747
296 1c15d58b016bb747
297 802693685d58b747
298 3e003f37b3d9b747
299 bbea94425a9eb747
300 f60b6fc69657b747
301 0899b3f8890caf77
302 a7e39d34cfc03f77
303 aafe17bdab993f77
304 195e8a373d463f77
305 f32113cd4f2f3f77
306 2a21e40821bc3f77
307 0e50bee3860f195f
308 c5901187e311984f
309 9c9aa7759c94984f
310 6024e0396a33984f
311 d373c356255e984f
312 114432d94585984f
313 a2e875d9bca8984f
314 613edf646c17984f
315 f0de8d3904e2984f
316 79e0fa2ed939984f
317 f0075a7cde8c984f
318 7bccd1d6efeb984f
319 5956932a4016984f
320 24c2e3b10e1d984f
321 4228cb6b8540984f
322 199e99a17bef984f
323 e73857eab5da984f
324 638f23d68771984f
325 733cfee34604984f
326 257c17f16263984f
327 c72ac131234e984f
328 e7b0b9f2d2b5984f
329 f6d31015fc18984f
330 7ecc98c2b307984f
331 1a33556ee1d2984f
332 b64b975c9be9984f
333 330cd39f05fc984f
334 6ffe623c531b984f
335 88432f884fc6984f
336 54b9e6c5660d984f
337 7a6cd438c930984f
338 56957a9c761f984f
339 b9be5ccb570a984f
340 f990e04bd018984f
341 2dcbf346fb5d984f
342 894d5fd184b2984f
343 18f256e133ef984f
344 0f62034ca3fc984f
345 6ba239bedd11984f
346 ff610f2e88a6984f
347 59761bda5063984f
348 344514561850984f
349 a0ddfea3e6d5984f
350 4da92431d52a984f
351 53258f826907984f
352 99d7c6e42194984f
353 f532a35d7529984f
354 52e926264e1e984f
355 2327e4fe151b984f
356 bacd02fabb48984f
357 b81a3f51948d984f
358 2549f6130722984f
359 7df9fbaeed1f984f
360 1c04249877ac984f
361 2a6abf3102c1984f
362 845bb2487ad6984f
363 6ca84a043193984f
364 c6650b1d05c0984f
365 3debada54445984f
366 0690e0bbe29a984f
367 2fbcf90048f7984f
368 109773af74c4984f
369 688b11eda2d9984f
370 d7e09a297b0e984f
371 b5d3a43bcb8b984f
372 a49ba52b7ab8984f
373 afc1621e237d984f
374 84bac89ac452984f
375 d2149871de0f984f
376 058090f5c79c984f
377 c42105e652b1984f
378 c7a8e2fd49c6984f
379 ab1fc7da8c03984f
380 8fb1ee84fb70984f
381 92840e991575984f
382 ea8ef685ca4a984f
383 75275876ada7984f
384 8ce84e9c55b4984f
385 f8f41569cd49984f
386 47df040426be984f
387 2e1794d1cbbb984f
388 54c5f64f49e8984f
389 01e858fc322d984f
390 f3bf9be5f3c2984f
391 4df1ed3ad83f984f
392 eecdc2bf0e4c984f
393 95eaaa3adae1984f
394 85a2a211ccf6984f
395 7f500a66b933984f
396 2ed176d65f60984f
397 728327a07965984f
398 98f58b6e33ba984f
399 89c115edd997984f
400 38407eecf564984f
401 031ce923bf79984f
402 528bbbbc1fae984f
403 692db2adab2b984f
404 6dc891371358984f
405 86da2589159d984f
406 ef31a1007bf2984f
407 c4da1be8ae2f984f
408 121c9b599f3c984f
409 18c06cd1fe51984f
410 96b6e922cce6984f
411 580709abd5a3984f
412 50106116ae90984f
413 f106a7668315984f
414 e0cc3f32b36a984f
415 e7a0d482f447984f
416 82ba9b10e1d4984f
417 349f66b90169984f
418 74543edb5b5e984f
419 c9475f3b545b984f
420 f0d5e6606e88984f
421 88daa7d5fbcd984f
422 4cf564344b62984f
423 f24f56e5e65f984f
424 d7fd2c717eec984f
425 bc3926aaea01984f
426 fc68e642db16984f
427 03c778b81bd3984f
428 fc6a80480e00984f
429 31913255d885984f
430 39f4d64080da984f
431 0cf442cbe637984f
432 3a08cf555904984f
433 3ce7a244e419984f
434 e40cbffb0a4e984f
435 e9a30499c9cb984f
436 5a8b3023ebf8984f
437 d54886e336bd984f
438 92bdc980b892984f
439 a1a175370d4f984f
440 a27ad37cebdc984f
441 b848c2dd5ff1984f
442 9cd4a0711606984f
443 d1f9c7fc6c43984f
444 e1ebc81de7b0984f
445 bc7312455db5984f
446 213c596c4e8a984f
447 b02247cd36e7984f
448 90f9b9f60af4984f
449 16f09ce9e489984f
450 c42cb917d0fe984f
451 4d5d0606c7fb984f
452 4d19e0ba5928984f
453 a1b6af9f4d6d984f
454 cf4a3c692202984f
455 d393cc432c7f984f
456 57af1373c28c984f
457 947e90904021984f
458 f8af0b562f36984f
459 16945003c96ba968
460 8b60060d5528033b
461 1800768ee2ba4e09
462 dcf9fd4263017ca2
463 3aa4ba7cff675bf2
464 84bb2d1288aa231f
465 09dfd04767fe1799
466 16bc02626c8356cd
467 0b2a2d54ffa8a31d
468 696ce3cdffa8a31d
469 aa0084c1c4a6fa1a
470 1f929e6042cd39d0
471 76094f8176fd1e30
472 b6c422bcfdfd1e30
473 de0245a1befd1e30
474 c925da2e28fd1e30
475 aa877d4eccfd1e30
476 ff19173c49fd1e30
477 e9f2d16da3fd1e30
478 13fb18880dfd1e30
479 cb1c480964fd1e30
480 c089e385e7f057b0
481 5ea66754b6f057b0
482 e9658cb6eaf057b0
483 589bc157f0f057b0
484 e21af74915f057b0
485 b1faadaea5f057b0
486 3108c15b5af057b0
487 817cc810edf057b0
488 4bf90b2be7f057b0
489 b2117de6dff057b0
490 f0b3ca4fabf057b0
491 4b65a76180f057b0
492 a498ecf7bbf057b0
493 29f046c3d5f057b0
494 bd11202b5af057b0
495 cc516e2baef057b0
496 862f52e6acf057b0
497 ce110113f0f057b0
498 af914a8c77f057b0
499 4b7aaa4e88f057b0
500 1ea7d2586ef057b0
501 244bff8a39f057b0
502 5b49a80063357d30
503 e45f7e06cd357d30
504 b22fbc978b357d30
505 57b6fdb86ef057b0
506 9894cc7519f057b0
507 ee1b5b6edc47be30
508 93e0158ed047be30
509 6a4c7fe1d547be30
510 f05c613359f057b0
511 2ae4834b70f057b0
512 05b464c03af057b0
513 5ae2537790f057b0
514 10263cf64df057b0
515 5257c8d96df057b0
516 d3e8dc87eaf057b0
517 bba555ddd6f057b0
518 0756f2ae19f057b0
519 6d6cf7a780f057b0
520 e2963006fbf057b0
521 d9577a36e5f057b0
522 a688d017daf057b0
523 6f0bf8866ef057b0
524 2096f6cbb9f057b0
525 42b677ad69f057b0
526 6c95f68807f057b0
527 8dfbeb087af057b0
528 143f69a54ef057b0
529 91de09eb5af057b0
530 52c4dfb8abf057b0
531 d39a2a7e5af057b0
532 c762198374f057b0
533 6f208025b8f057b0
534 449a3bdd67f057b0
535 6c31a46bc0f057b0
536 15d5931e2af057b0
537 c9cba7f146f057b0
538 24a5478a0e357d30
539 14cf92c31a357d30
540 10b5dd1404357d30
541 cd7da43ea5f057b0
542 3dd235c897f057b0
543 4baa3cf12247be30
544 d23d0fb63647be30
545 634fca1f5c47be30
546 33eebc6e4df057b0
547 a2518595cef057b0
548 68cecebddaf057b0
549 07c8c19eadf057b0
550 bf0d11cf09f057b0
551 c8c9442597f057b0
552 546a684663f057b0
553 6a1aae8d90f057b0
554 81f79f6c74f057b0
555 6598c8a638f057b0
556 41ec7212a7f057b0
557 45894c4e5af057b0
558 ab7c50b607f057b0
559 df5373a0e0f057b0
560 1a0ea2f209f057b0
561 db913e3e97f057b0
562 c8f1ed6d19f057b0
563 2dd5deec69f057b0
564 a83b7b4a6ef057b0
565 368fb938faf057b0
566 86b8ab022df057b0
567 c5e424d210f057b0
568 cf582585abf057b0
569 53f1e8ca7af057b0
570 a58a73adcdf057b0
571 b6f1c76010f057b0
572 406aca4994f057b0
573 ea9676a94ef057b0
574 d6ccc8ca37357d30
575 8f7c7b1f44357d30
576 4d7b87f863357d30
577 50cb870276f057b0
578 2dc5429d89f057b0
579 4ba6c43c6f47be30
580 2ddf72dbbc47be30
581 cf304fca4147be30
582 01d843bb27f057b0
583 4ee9de6d00f057b0
584 3013bf8427f057b0
585 844271078ff057b0
586 eb6b0e91d4f057b0
587 5c5a94b488f057b0
588 655ac2b007f057b0
589 e073f00c37f057b0
590 53c6b8545cf057b0
591 30811764a7f057b0
592 70aa5db63bf057b0
593 3f4bbe92a5f057b0
594 af63aa22f9f057b0
595 e25e3fc6e7f057b0
596 bfeab21939f057b0
597 d054a1ec19f057b0
598 5bc2690515f057b0
599 c8f0cf61fff057b0
600 51380e12ebf057b0
601 5b554bab5af057b0
602 9c07cf40abf057b0
603 ab6bb37e5af057b0
604 01c52c086bf057b0
605 b1cd068e79f057b0
606 8cf01b9295f057b0
607 ce6598c5e8f057b0
608 8e23c3ff7dfd1e30
609 2133aea2cdfd1e30
610 d492cf2b94641eb0
611 ea08aaa4fa641eb0
612 f98c07f4d7641eb0
613 ada74d3e08fd1e30
614 2197fa2783fd1e30
615 3234eefbee04f7b0
616 f39f98f74d04f7b0
617 4819a42bd804f7b0
618 d4a3b9f92dfd1e30
619 0be2b34c7af057b0
620 0903a53d67f057b0
621 5ceaea6160f057b0
622 afb6fb4c09f057b0
623 46b6eca25af057b0
624 ca86fae607f057b0
625 40d8240217f057b0
626 b69f050c59f057b0
627 5e29d1490af057b0
628 fdfa5c3f25f057b0
629 1d5d4c13d6f057b0
630 ef9c3dbfb9f057b0
631 d066567d9af057b0
632 d64d2e528bf057b0
633 49e3c8d51af057b0
634 4cce41b26df057b0
635 85244cef50f057b0
636 e93137a6abf057b0
637 b10b4c5a60f057b0
638 0893a0f524f057b0
639 7c4f94d677f057b0
640 d86a4ad213f057b0
641 255a7de050f057b0
642 2aaf9a24d4f057b0
643 5c4172b8bff057b0
644 6358064dacf057b0
645 26379891e8f057b0
646 3ce70b2875357d30
647 97e12e73c4357d30
648 fddc2b17b5357d30
649 f65e5e7f30f057b0
650 a1d085ec17f057b0
651 6cdbfe539247be30
652 8e672f956847be30
653 a2e4f398dd47be30
654 786cbcdb24f057b0
655 5fe3fe24c0f057b0
656 18a635b827f057b0
657 a94ee6e746f057b0
658 2fa6b466eaf057b0
659 f38417ef10f057b0
660 4eaf421145f057b0
661 fc695df616f057b0
662 dee284a659f057b0
663 7cd6017859f057b0
664 48a6b2d425f057b0
665 68dbad8b18f057b0
666 23253089c6f057b0
667 a4b413e5d0f057b0
668 72c825181cf057b0
669 e598d08e67f057b0
670 e2e835b624f057b0
671 6a1685c5b7f057b0
672 95af5f5343f057b0
673 f4990dffaef057b0
674 5f5b71612cf057b0
675 943f2ee6eaf057b0
676 3d9b087ad5f057b0
677 359b63dbbff057b0
678 2f5582ee8df057b0
679 4229059c2df057b0
680 0f73531d89f057b0
681 dc090cc5daf057b0
682 66b1b335c5357d30
683 5aed1a1bd5357d30
684 284b17c7d6357d30
685 6cd397c430f057b0
686 d5a58e1717f057b0
687 0dfbd123d547be30
688 e52161cb2a47be30
689 390304064747be30
690 18d7d1898ef057b0
691 6379997a5af057b0
692 7b514b564df057b0
693 2f734169d0f057b0
694 eb37ab5f54f057b0
695 b53ec44188f057b0
696 f5c0016a07f057b0
697 c13aaba600f057b0
698 22110404aaf057b0
699 86505cb255f057b0
700 ce304b5937f057b0
701 6b17007fc8f057b0
702 dd261cb507f057b0
703 ec06345a3af057b0
704 d45bf2bda7f057b0
705 ed9c9b8b97f057b0
706 e81417ac63f057b0
707 b0a5ed2feef057b0
708 44d323dcd9f057b0
709 f24dea5b50f057b0
710 e8636bd2d3f057b0
711 09b62c266ef057b0
712 94697b06b9f057b0
713 41de70fee9f057b0
714 9af02ef66df057b0
715 d16b31d44ef057b0
716 6a2d2a4d17f057b0
717 732598970ef057b0
718 e90935f0d5357d30
719 04e73e6bc8357d30
720 d6778f9c97357d30
721 6cd81c32f0f057b0
722 a242b6f9f7f057b0
723 de5366342247be30
724 9358ec9a3647be30
725 00b05c99f147be30
726 6c4941fbf3f057b0
727 16c67bb0d0f057b0
728 edea0b1653f057b0
729 f30a6490edf057b0
730 21d547e767f057b0
731 5b29d7bfdff057b0
732 e2703da08df057b0
733 c73b746390f057b0
734 d1ce6ad3edf057b0
735 e0b8d313d0f057b0
736 45aee51bf4f057b0
737 eee45f594ef057b0
738 0666599d97f057b0
739 10df55c55ff057b0
740 45986c5d8cf057b0
741 e6d11e9bbff057b0
742 a4e6495eb4f057b0
743 e54e6f56aff057b0
744 2460753c15f057b0
745 4ddec91846f057b0
746 be04e1d859f057b0
747 ad1840202efd1e30
748 d73bde3f5ffd1e30
749 bad271c7dffd1e30
750 f3d555865bfd1e30
751 bb3b43a766fd1e30
752 c9b19ba05dfd1e30
753 b7033f5cf8fd1e30
754 809fb0a75d641eb0
755 b4462705c8641eb0
756 3be4d0ba87641eb0
757 016eb222cdfd1e30
758 81bd3fbabbf057b0
759 ba42f9405f47be30
760 468d55b42847be30
761 eae570a77f47be30
762 7e4a4d5e55f057b0
763 dca5d41610f057b0
764 0eb7a021e3f057b0
765 357985ff8af057b0
766 810372bdc5f057b0
767 37f3c0eb55f057b0
768 77f6ef1999f057b0
769 b789243b30f057b0
770 e4a75a7e19f057b0
771 46812de4eaf057b0
772 3e29deced5f057b0
773 d200276b3ff057b0
774 6bbdcf5b8df057b0
775 a29ab095adf057b0
776 973c2df5e7f057b0
777 f08a13d6a6f057b0
778 430ab22de7f057b0
779 50573fd4b6f057b0
780 f1db62ca27f057b0
781 4926f977dff057b0
782 6eb97fa7f4f057b0
783 fe9e79386ff057b0
784 9fe6500eb3f057b0
785 36aeccc3d0f057b0
786 261d028413f057b0
787 36c4e14daef057b0
788 368b3e101cf057b0
789 32527b9970f057b0
790 5c4f2bfa74357d30
791 66312dbfca357d30
792 6baf89591e357d30
793 ff8296e6e8f057b0
794 120f06b807f057b0
795 bc2ed22eaa47be30
796 d7ee5ea50c47be30
797 79060d5d7147be30
798 41d132ca25f057b0
799 36f3ee6156f057b0
800 d27a34c1b8153ea8
801 fc15a341339e9a85
802 3ce751688267a785
803 5bea481aec52a785
804 b36243ebe752a785
805 966bbd0505624ba8
806 704bf4eb4fbc3ea8
807 fa1fd451dc153ea8
808 519ad36ccd153ea8
809 b33a62df73153ea8
810 a622ba48fe153ea8
811 269c083ce1153ea8
812 28a738b116153ea8
813 983ae877b9153ea8
814 931aad2ce5153ea8
815 92bf7c159d12064f
816 df0025eeb502254f
817 144f58cda94cfb70
818 c1b7fa8efcc78e73
819 5f68ef1cea755ae2
820 498acf9db57afa61
821 858ca7b3c04b182a
822 c9a4e9deb1394c01
823 48c8d39e7e8b1b8e
824 1807cb76925ad2cc
825 91d4d2c81838c7a4
826 75b323515566a8f1
827 eb8e40459f8feb6b
828 e442362484c9e67f
829 5a468cbc67fa2eda
830 33a150413a2a8640
831 17ca71ec1d3c7a33
832 5694d3e726d1b98c
833 8c12ce3096294139
834 b70ffa188238dd7a
835 d7baeba9f67f50e7
836 0a5fae6cdb179db0
837 522de8ccadb9e3ed
838 4dd65fe7bc74a1ae
839 8df9fe5a6caa208b
840 ec0f10051484e1a4
841 2e17131b3a381fb1
842 6b5633840d4d8fd2
843 34ee5089cfda78bf
844 72f4a212cc1d4848
845 1337b47c02189f81
846 96716e6955292ca2
847 a9776cd42f1c724f
848 5b3900df443e8190
849 6ae4418dd86fd0cd
850 d3da9db1640ae18e
851 f37bc65660271beb
852 30c51904560a256c
853 6184ee3329efb919
854 74227c7d087090da
855 74d18161d61d92c7
856 f487fc46f0013708
857 38d3f4b2139ddc05
858 6cafe3c883437fc6
859 f995ce6ce7901643
860 464d1d9e72d6c164
861 126e4adc033445d5
862 6d5ccf31f0af3f16
863 9f30fd9a5f6a1153
864 875ce4a4054527ac
865 842549c3c9feb659
866 df42f1efba88ae1a
867 8504d4614f9ff607
868 e86365aa96194dd0
869 b79a9a6ab28a510d
870 248605a73f9a7cce
871 6e2a0a91d5e4742b
872 281f9e2b95d1dac4
873 c6fa4d7215eea2d1
874 5f14b3382dedcdf2
875 8b812b4162eb3fdf
876 d074495be8cf1168
877 a7a8581ac4e186e5
878 4f74e231613241a6
879 51ab8c14c31286a3
880 943c53e5b4a476fc
881 5ec8b13559dbd769
882 620c57f2dc5c15ea
883 a17fdaa79b6d9997
884 d1ea4d1e92c91ee0
885 2186300836f0205d
886 b89caa71d3a7439e
887 901784c4b42f86bb
888 a7c2bc0084e983d4
889 a378974e8eb1fb51
890 579da0ccc24b82d4
891 67234de7241cc898
892 b6e7168eca87b14c
893 f15e93c2fac44c5c
894 a8cb5d3685520b00
895 79275e36f855aaa4
896 89c2ea1320de91f8
897 d88d7f63bdc61fdc
898 38461abad5f85378
899 2442eb3a941fda34
900 44533c84bd072d80
901 2e718351689a939c
902 eade7e8743218c40
903 6d4c5d376beff9b4
904 c17cb1cbedde15e8
905 e90d77a24532b0ac
906 1ef7f1884d8aea18
907 28f6043fb3e776b4
908 5e33093f1b0d9690
909 eb6921d3f402e88c
910 4206003da7f4acb0
911 434ba6c465a5c8f4
912 7ee81856c7ab7be8
913 058a109855c3b29c
914 d3b880d261167858
915 fb9827a5017e1b54
916 14f00b548a909580
917 c0c53bfe5336ebdc
918 044ac10f42d37ea8
919 39b5521d20df0d9c
920 90b6adeaa10b5d80
921 92e8881e0bd08b8d
922 406500c246f957d2
923 1ee2be278988249f
924 8532ba0eb18e985c
925 53b8f1278d6fdffd
926 e7dbeb713b98dc42
927 d3123d61f759d10f
928 3562633c77ed1384
929 ea4603be30f16331
930 e5622ae6bdd4a216
931 df1e2da041465433
932 834f0c0934a88db0
933 0a016c48537c31fd
934 8f55c8ca27b3b942
935 456c8f023073100f
936 8fe0e394e6bad6b4
937 6f9273e1a875a8e1
938 4d221875b01e0886
939 801c63719550d06b
940 ede0930994ef0760
941 2e8ad6e25d87f06d
942 a332264b00396a32
943 6427e921d861f9ff
944 027519e9603c14b4
945 ce54297d039c46e1
946 2e49fb540e9f07d6
947 cdd4b61ef5fcd9f3
948 b6cd55abd8ae5968
949 39cd66e3468fab95
950 834ce986bc6c44fa
951 9880f388888e7647
952 f7babf1b9952a39c
953 d4e16b1b7090e009
954 1ab58727f41f530e
955 a760ee44295476cb
956 37077b5aab1b24c0
957 980994fba66dae19
958 0b9456efb84a1ade
959 601b4dcc5caeed1b
960 79f8fdd942438d50
961 717edc22ff58129d
962 64049a7928c368e2
963 ef878fb340739c2f
964 5e9d644895df4d6c
965 657a80eb3caa7399
966 f7ffa38fe7fc105e
967 b7b7e530712cf733
968 fd3429c96faa8760
969 c2b80edd549e9d6d
970 020cb008583d7832
971 69830366d21ccaff
972 393052e7ed7a7f3c
973 6c9931f8de7dab29
974 dcb1c9b8b963d856
975 48bebc24ea65e473
976 70381b360b5671f0
977 2589db2efd2bf83d
978 c4a2bedbbf0e9f82
979 ae38454728e6494f
980 68062dc6480c9b8c
981 df70fb3fd65629a9
982 d96f259834add3ae
983 f5b399f4ef7443eb
984 35c28baef41b3608
985 5ff02d9dcf7076b5
986 60836a016794c59a
987 dff7742bd17a3a67
988 0f23a1e9501a14e4
989 142afe658b3cfd45
990 10ea626886b46e2a
991 a33f6b540eb9e9f7
992 a22ed30d181ca67c
993 e207d45bfccc8869
994 140248947623c56e
995 176dafcc8236844b
996 bf506f79c94e9c40
997 4e62e1ce6ac4694d
998 3f683a45a412c692
999 68e6759397ef325f
1000 2e3c5b15ae3c87d4
1001 f4df017fd8883c9d
1002 828f5515b58895ae
1003 d07be81c5229b927
1004 66ccd7975ee50318
1005 f46188004d845a91
1006 521e8e6a5abed302
1007 36d082bfdf7faaa3
1008 96cd420616d5f3a4
1009 282fb24b6e677f2d
1010 5525bffec7242dbe
1011 9bbda5d43c65c3af
1012 fce95e30c7e27840
1013 3f6af70056cec0f9
1014 d9d04df70e44a58a
1015 2f081b6a032909d3
1016 d2439824ea2de5e4
1017 03917dc46db8debd
1018 4569d0d7e9fc05ce
1019 387b3d484617547f
1020 2650a8556ce21950
1021 2cbc11f5a88308d5
1022 dc074c5d777d93e6
1023 0e048f54da1bab57
1024 c063bc20a9e13200
1025 21d16dd9a5a529b9
1026 db3d90f90b197b4a
1027 d29e2dc5c05e794b
1028 4e8d2a777a165854
1029 934e2391cd59e8ed
1030 25aa1c75d981717e
1031 d07549167e090c6f
1032 a60f557919275878
1033 fcc537a7e70bfdf1
1034 509718c477d6d9e2
1035 2b711abc52f88b83
1036 5fbc56adafecea8c
1037 dfb179132f181c45
1038 78ebc928be4ac696
1039 a80d2496598ca01f
1040 62db48a44166a4e4
1041 9c16149bea90da8d
1042 f0c7056dfe17a596
1043 824e89643f56ca47
1044 79b0012fe1f7eab8
1045 cabe18ce3c87c591
1046 24ae6e10aaa9250a
1047 20555084cf7a6163
1048 d2aac1e1191cada4
1049 666b981c0a20089d
1050 46b2f091dcd063a6
1051 30d50f437188fa47
1052 aed960306ef2e2b8
1053 a50c6b23ea9224e5
1054 bdd3b9b8316e6a6e
1055 3ead924799bb8b1f
1056 9f24021e91d311a8
1057 d667e077bad87941
1058 8c3b58695ce07e7a
1059 514771f383fec1cb
1060 3b7daa8914e400d4
1061 97bf00d2d2d74fcd
1062 608b061548a1acd6
1063 61a7e0765e1e0357
1064 66a4510583ad9080
1065 350e5601d6bd21b9
1066 df7bdf043e32fd12
1067 b826e8c5f6b3048b
1068 2f8ab775d4931694
1069 993d4c65f1a30e8d
1070 1d2dcaa417e1c996
1071 87873785a9912737
1072 74bd8dc198ae6010
1073 6d43a8a2fb404449
1074 2db26b52d312f922
1075 4fc09c469cc86573
1076 ceaf0b33432fd79c
1077 f12c267936697a15
1078 770450375a6399de
1079 53658a292c51c8ef
1080 8b68131739070b1e
1081 d3ace5e6e3890237
1082 bcd1e095ffd11444
1083 e542b8eb2b974cca
1084 efbc81f84c7db905
1085 e6caf715c4d56958
1086 9dad8981864bc03b
1087 c4fef8dcaa17fa42
1088 3468a95cea1b9dad
1089 102bd505b8ed8c64
1090 52fced93164cfad7
1091 d0740648036097ce
1092 2b56735cb8f21c79
1093 1563eec8d46e8c30
1094 e0d6142943044583
1095 97fe799b2c2b050a
1096 269e774444697575
1097 c6b500eadbcab4cc
1098 1d28251397001eff
1099 1dcbddc8ca9cc976
1100 a682f316cc5cafa1
1101 23af7d07f67b13b8
1102 2eea15a9d15c7f1b
1103 a480aee87b9bc4a2
1104 cd50b6d0529d517d
1105 0ad6d9b59a993b94
1106 c9f35fb304957007
1107 d5a1595df2fef07e
1108 5c74243431dd6769
1109 9949d659607cfa18
1110 c4866bb864619efb
1111 8f14d935d7bca002
1112 eef55eff752d821d
1113 54fd8038e09be6b4
1114 d21552a14466f6df
1115 e129478eb0520956
1116 0632f3c2e5684681
1117 39ba8a83f4e0ea5c
1118 81204cea5dbfc50f
1119 4d834b2b8659bca6
1120 3dadf71c7b683f69
1121 27bb76ecac0a27e0
1122 1bcdd82b7e60d963
1123 9693637024b28dea
1124 4886f8a0d2ae62cd
1125 8e296342bbd5c0a4
1126 574ed812f6e87517
1127 a8f82d03307b640e
1128 8c4651e240189b71
1129 f688c0806c18c698
1130 63e5040df410657b
1131 a04708dbee400682
1132 5b11b1ae788b0c55
1133 51e9e72adba37cac
1134 5de5269763c5ddef
1135 2a32006b7d2d8b66
1136 5081cf4f40aa7a29
1137 d000d91b087811a0
1138 a7c2c317a94c2e23
1139 75bf78e04ab1f0b2
1140 18b6531377d7de85
1141 f878b12ff88eda5c
1142 81a6f26b8958750f
1143 c04a30485dba1506
1144 ce0a0f3b08d59cf1
1145 77db4d6f656a0cc8
1146 970f0de8bf90d36b
1147 8548f2a126d5b6b2
1148 2bd3eaa981248485
1149 74333b7f51979fa0
1150 e1668bce159b2c23
1151 89a3336aab76fbaa
1152 e47ea3b914289ee5
1153 010cfedfb0ba68bc
1154 aa5ade7b2c44ab17
1155 9584c7f8c1aa320e
1156 72798e845b8e90b9
1157 e5c216aa17d74f70
1158 8ab75948a565c573
1159 68b9e9aeb3bafc22
1160 1862dd754ec3381d
1161 757236bf2569b8b4
1162 c97d48b8b73eaaa7
1163 083134964e6ff49e
1164 224fb39266c6d911
1165 fdc1cc6aa250b9e8
1166 218140744d8fa10b
1167 b09e18293579e9d2
1168 d3a0f8e4e763b9fd
1169 5fae9a1f73c257f4
1170 cc1fb4a388923be7
1171 952fa18ae361edde
1172 149e7a7e0249d9c9
1173 ebb542adfda0bdc0
1174 5b2d7e26c0340ff3
1175 48527330a7564dba
1176 cc052ad25e65a665
1177 f8a12cafcd504c3c
1178 a320c8fb1458456f
1179 f3b1eba7a7a0a6e6
1180 7324b2c8e9808ed1
1181 ef287be7b0f7482c
1182 0adbf94d83c3b5df
1183 62df2bd754cd8856
1184 26fbded79387bca9
1185 684310c800e19820
1186 7ae8d66589fa72a3
1187 4d17d2622e7ca02a
1188 afaeff60423866bd
1189 ae05964d639c7c2c
1190 d4e1ca3051fef9df
1191 f7a6f6524210fc56
1192 0e4676eb5d2ecae9
1193 a9912d1f152af660
1194 6a4ce5b4a7d79e1b
1195 bfaeb6e870ccb7a2
1196 6acff90fb8026475
1197 14b11447cb31efcc
1198 af116509ee455dff
1199 6b36ef93bd006b16
1200 4ffb6b2ff5eab899
1201 a32add740c511b50
1202 023ae73bb3d470d3
1203 a96f4070cd96699a
1204 9759a42668c4cb1d
1205 654d7c3f055cefb4
1206 c3cc2cf325932ba7
1207 da60580f8219489e
1208 ad7f146cfb1f7741
1209 b5e9769075e91008
1210 909d09d8cf741bab
1211 d3d18f2a18fde7f2
1212 57cb97b1fee38cc5
1213 9b231fa7d844a118
1214 d69795ab245352ab
1215 b428b9f28a2116f2
1216 8e388f7a8d54b01d
1217 e80f876987e004b4
1218 ab3651373323d8a7
1219 752404fd42552686
1220 149b43c7cd631471
1221 85ee51c941f60848
1222 8983689b76cdfaeb
1223 ea4a4f5593888e32
1224 d3e782b4e8f16ca5
1225 79c5eea4c4da2a7c
1226 4dbcf301f38866af
1227 d459f335a14c6f26
1228 ed04c1d448913311
1229 cc8b0fb879da5c10
1230 368dc0a05cd7aa93
1231 471bc76f51e45f5a
1232 274813039a2d8d55
1233 35fc0198b12d61ac
1234 42bc2f089b777d27
1235 a43b4775cfd25a1e
1236 d285fcc279647909
1237 4301d05af2e42000
1238 7c2f28771cb07b83
1239 dc527371996753b2
1240 b053f13893e7c02d
1241 d6fa5a39d6ff6b84
1242 3292027a9281d477
1243 a9321713e94dca6e
1244 40b35d00f57243e1
1245 5909d26caa86123c
1246 8fb46d1ce27a8b6f
1247 d5248dc0f9bb7ce6
1248 958dff252583eda9
1249 1f469638438d33c0
1250 3bceeb8494d4bd43
1251 98c66cf312c2beca
1252 a9c5ed1d6a5c1e5d
1253 eb85db1d8adc2df4
1254 c7f04620c44d7177
1255 da777545d49bff6e
1256 8791946d55bbbad1
1257 5d7341e282f373a8
1258 d206c836ad8b2dcb
1259 5c3b22dfc0ac9a92
1260 7a0fd74701962265
1261 fec6cc00c35a583c
1262 595c09bfafcd016f
1263 3d9cc09c11ac12e6
1264 d9ce56d42fb1ded1
1265 512102d31625a7a8
1266 b3a35de7898e31cb
1267 8444749f138abe92
1268 fb1a931330fc7665
1269 51ade1f6771ca0ec
1270 c21e98854608e69f
1271 69a078ee11770716
1272 24ef09c49d19a209
1273 f18ab40b7568d500
1274 274d1412e77b7e5b
1275 f0bcce67ef027ee2
1276 494e41ae2673ecb5
1277 426c8b09c9477688
1278 4084468f9be09c2b
1279 199ca48d3949797a
1280 73378d462b286c75
1281 56f2eb0f4686f7cc
1282 b91e5ac68c9e45ff
1283 11b2368508034476
1284 25f81e41a9fc78d1
1285 5858e4ed712871a8
1286 d901ed7c93fddbcb
1287 6ca2aaa3bf712892
1288 1b4223993c5c122d
1289 20c35f949f250da4
1290 ccfc34cbc9858617
1291 ac2740905e05bd0e
1292 e6df83fdf6e063b9
1293 33c84cbb6740be70
1294 bdf1d2e93c0e0e1b
1295 ff45e2d4a84f27a2
1296 228a5d9e8b21840d
1297 32be66732cc9b1e4
1298 5ed18da344d26857
1299 074c1a9bc65c2e36
1300 db42d95e00eccb61
1301 b3f89fb09fa5f578
1302 8d98657a7258e0db
1303 999cd1b421769b62
1304 7d4b3c2038b3f695
1305 4e1f3299756fb3ec
1306 a9b5768eb612b99f
1307 dcacd6ae2b198a16
1308 e1cb7df69ca7bd41
1309 248e17164725dda4
1310 25efd0445ad95617
1311 1661197428788d0e
1312 ba40519579849b61
1313 d73b8b4fcf35c578
1314 21aa189df6ad2ae3
1315 45c67d96d0cb966a
1316 380b40588d9af1fd
1317 e92dbb8376c46f14
1318 bab0579402916f87
1319 a94cfec8dc0b0da6
1320 deafa734fefcc559
1321 5a49e90340e33c10
1322 14c4d8d814520a93
1323 b8531102e4b2bf5a
1324 b0a4a5514cf87955
1325 2981708d53b48dac
1326 a158c2ae42116b5f
1327 b40579f6d4cbe3d6
1328 67f481e261731159
1329 8cb2f4e488e6e230
1330 68c716471e550d33
1331 e907cc84733deefa
1332 6cc37e305b142a8d
1333 b440debdcdfa0a64
1334 a983fd964ca5a707
1335 1e485078934ebb7e
1336 5bcf6aee38d7f361
1337 4a5b97f0ba9bdd78
1338 8be622a39e5e48db
1339 7bccf75e8866a362
1340 f5386594f835dd35
1341 ae1f4ed27aee9e88
1342 79d68e352520e62b
1343 9bb952e728a0a272
1344 a565e3cc0c2fe9ed
1345 55f022d77e564e44
1346 10f1be5974459737
1347 e485a23ef61f552e
1348 1c2fab8aa11cc859
1349 705377e70b4b98e8
1350 25e63582897a680b
1351 0e2c3f0dc033c4d2
1352 014b9b08b16a4b6d
1353 015dd551dcc64fc4
1354 c83a27a646ebb24f
1355 c0aad59b55b26a46
1356 bed91aa43df5c831
1357 763e90cd04dd5308
1358 78130b3523175fab
1359 17f38d8cb662d952
1360 a7d7d4cf088a517d
1361 9dcca84dbe243b94
1362 f0ae1696a1127007
1363 1a8ac8afc2f7f07e
1364 e287365bea4950d9
1365 02d6a7ee7e31bb90
1366 70d48db94a83be13
1367 730a81e9b87e86da
1368 e8bcecf0564258c5
1369 76497f0be13f9dcc
1370 28b3e6ec132c63ff
1371 f3ec172a92d86a76
1372 240fc0a97cd9aca1
1373 711c1d6cc498ebfc
1374 29afac0cbc47d91f
1375 bf19664658363f96
1376 11fab3416fa6e319
1377 75ee29152e806dd0
1378 545efaec3fb28653
1379 be085cc69266ade2
1380 58a09c72910657b5
1381 26350d21b8a82f0c
1382 9a9607069a07dc3f
1383 9b1bfa1fe74caab6
1384 679e1ea3c25eb201
1385 1dc68458a943c698
1386 b6a9c3c91b9f657b
1387 b5da250fed370682
1388 845d69fae9120c55
1389 f4a60520f77afd54
1390 03f6d0f448ec18c7
1391 cd0f9b9824858a3e
1392 ba1a7cc599d0b151
1393 cebf39512f5f4428
1394 d64789cfaa9271f3
1395 089dd490c7c7f7ba
1396 e3628044cd09414d
1397 b460c6de5e9c2a24
1398 e864a1437a1abe97
1399 2de9fffdf0cb3d96
1400 e66728ecd3b61c89
1401 ebe561286982ab80
1402 b291895119f36003
1403 73a5934e1ea3af8a
1404 720bbdf13a272dc5
1405 289d295c47103f18
1406 f9a944eef08143fb
1407 a89e7edd11f01d02
1408 46c521f79f91606d
1409 fa197ae362936ea4
1410 6fb05d4bf454ab17
1411 9c1f263b10da320e
1412 583b78fff79690b9
1413 601a867fe7a74f70
1414 5fbc1973a6daf9c3
1415 576d78a8834b634a
1416 289f017c97f1f0b5
1417 be1555ea6587240c
1418 c229eda2d4676d3f
1419 15fe81982ccc83b6
1420 5e9234295a1cdce1
1421 30e207318239c8f8
1422 d33a7487d746725b
1423 8c0ce11a1ab562e2
1424 9cef08603817cebd
1425 9d49a42e0acd9dd4
1426 19b3cab3ac8e8d47
1427 c806d95e0be388be
1428 33b9746fe85704a9
1429 a56488c1c0c4c458
1430 612f78726af1eb3b
1431 f1cc140711189142
1432 572ae518b9b1e15d
1433 8bd16d0b629bd7f4
1434 8b35049788c33f1f
1435 02c6b2241f6e0996
1436 5837f8a431a0cfc1
1437 42068a0bf6f4cc1c
1438 ffbafa523bf215cf
1439 82d927ff1fa04fe6
1440 617bd7b52f76bca9
1441 decabbc146b49820
1442 09879c544dc972a3
1443 63f3309e13a5a02a
1444 a3791e0fe41d668d
1445 258235a0565e6664
1446 87cd8b98cf32f4d7
1447 413f71ece04ad1ce
1448 4e97d4581e96b131
1449 57c8ac41515410d8
1450 85e3c6e34e5881bb
1451 a5e062c0af021bc2
1452 9b3b3751f022c295
1453 be6b5f7bc318afec
1454 1d1643a2ee3399af
1455 08c7789637b24226
1456 b45e8336a70986e9
1457 04e0ed106bcbd260
1458 aa666166b660a7e3
1459 ebb39605f12bdd72
1460 e5d63f6f80b1e445
1461 f8bd37d8729e7c1c
1462 73d38549b90e85cf
1463 d789b0292356e8c6
1464 a914dd283b01b331
1465 2541ef1c847a1008
1466 e5c2436b36611bab
1467 a55b4bdc7580e7f2
1468 5fe9a66de6348cc5
1469 b02c895eb430c3e0
1470 a652ebe62c246163
1471 be7244a6165cbfea
1472 4fe6c598980ca225
1473 c0006393bd3599fc
1474 5991463b8efe6957
1475 5ce2e1ef04e17b4e
1476 ec320de4fd2a8df9
1477 1a3de7cd66f6a5b0
1478 03fbe55c2f5d6eb3
1479 6b4078c2c94325e2
1480 aaa4f1f490cdd5dd
1481 72a1f12e5c5fdb74
1482 9f53d308fe79b567
1483 8a98038fa807195e
1484 bfea6c2e4a34a5d1
1485 665287b952570ea8
1486 26f18c6967a800cb
1487 1a1fa23d63d4e592
1488 37e154c91eb304bd
1489 5415fa7b6bcb9d34
1490 371d0cec8d7f7d27
1491 b7d53dbcb0625a1e
1492 0f39d5d905347909
1493 8c4d6e14278c2000
1494 da3b9e0e4a6df233
1495 053f2778404027fa
1496 b97acc87d8e037a5
1497 409dd6f6c1d85d7c
1498 307d25eba35d8daf
1499 f2824eec11e86626
1500 92abd89fedef9a11
1501 2e910550d45642ec
1502 508f66044a30409f
1503 e9518071c5778916
1504 4486b45dece09c41
1505 5c59527063fb23d8
1506 ecb35029176e08bb
1507 f0785436fdace2c2
1508 24110ae0255c0595
1509 98e3dd491daf763c
1510 e797b12cd0735f6f
1511 31b9d5a5eb713be6
1512 87e5a205759e2b99
1513 b5bc22f1b5ff7a50
1514 30141d4753ce8b8b
1515 a45a72bf48bc4852
1516 1410238dcc461125
1517 5b76951892f662fc
1518 9af08c7c92a21b2f
1519 c3175827ec451d6e
1520 368dcbd317ad2641
1521 0fa0f60cd1851dd8
1522 d38e8ef1c6d552bb
1523 8df8fd62847324c2
1524 71d2dcbfee947665
1525 e5c084bca1661c3c
1526 35c469c0df47956f
1527 52e0f08b42dbf6e6
1528 3cbbc8069020ccf9
1529 c0416da2b11455d0
1530 f998443425312e53
1531 f4c2825d478a831a
1532 c24ffede7ed2f6ad
1533 7753ee56e4a004c0
1534 5582e83ed05ed12b
1535 0e32a44fa4d25d72
1536 84c6ad8b43a3d29d
1537 e4ad47303de41b34
1538 a97fab88a58a2b27
1539 29b9f9339c292286
1540 66a3b4e566322071
1541 bf9c57ea1e74e448
1542 8dbecfabd946e6eb
1543 92ed6a801100ba32
1544 cfc88f5c9a94e885
1545 f879359cf922545c
1546 133e798f8273370f
1547 f7e33c7934e51f06
1548 ee8746db44a340f1
1549 8efbd3d953b2be70
1550 f606d9ba5040b573
1551 d5c4b1b3f4d2b93a
1552 f86f790059e4b635
1553 9fbb6693a294dc8c
1554 0d9b13f305dc6f87
1555 59961ff5bb20eefe
1556 c60169fd7cf492e9
1557 ffe99ef5969c5160
1558 00830b16273c83e3
1559 0cd7d96a80521572
1560 4655becf77ebe3ed
1561 9c83efffa8d95044
1562 0472c55c2d06b937
1563 1d63c02b27cbd72e
1564 1e35cb3d269672a1
1565 539e795ec90d74fc
1566 162f93aba62c552f
1567 efc275d44ebee9a6
1568 c1be28356518b069
1569 e053c2b42ebe0480
1570 67622351b72c7903
1571 8b632dc54236e08a
1572 88de8c334fb54f1d
1573 f639a955d91fe3b4
1574 e028d276ed2df237
1575 3e7c4e5e6db75c2e
1576 83f4a7258c328d91
1577 145dcfe35cc7b268
1578 1c05cb2cc4c25b8b
1579 6a50f1e2df551852
1580 29f5991d5a242125
1581 ce6a5c3db78df2fc
1582 141769d12888ab2f
1583 6f0533f582b84fa6
1584 6ff49b834a5b1419
1585 0e2d7d715e8daed0
1586 deb60bb61e159353
1587 f3d31b61cf1cf01a
1588 cb686833e18a8fad
1589 cedebfbb941b0ffc
1590 bd7517fef970182f
1591 936de504d49b20a6
1592 08b45deef13aefb9
1593 99c9f5ba82679a70
1594 0c48f5fab00f44cb
1595 37161432ce601992
1596 7fb5f1f12780ad65
1597 085819e9351f8f38
1598 b4f375af5b50d09b
1599 ba2624c1473e2e82
1600 11bde3f5a290e9ed
1601 ea774d5cddc34e44
1602 2cd7293335b69737
1603 24d6b3227558552e
1604 27cd781e0e836be9
1605 845b212de20c2760
1606 320ecc6fbbeda0e3
1607 0b6d4b569db99f6a
1608 42f08eccd94876d5
1609 c821a3c2f52133fc
1610 12694e21c087742f
1611 5c964cc05a70e4a6
1612 e2f453783e24ea91
1613 e1d5ccb6cd503f68
1614 4623fda111977f1b
1615 b037ae724cdcc4a2
1616 f6fa521929e6190d
1617 54d6b291c378fae4
1618 9ba5e31aa10d8d57
1619 686b21153b112bb6
1620 60f63efc0fde04e1
1621 2b0d75f99156f0f8
1622 44de98acfb529a5b
1623 aadda0286498aae2
1624 3e1534babc6ea275
1625 63f1d101b7b29dcc
1626 1f2042a2ff6363ff
1627 38569ce74ef36a76
1628 82f00062e629f9a1
1629 3348316ae4293604
1630 0d3ff936ae8d14f7
1631 199bf0886cd3b5ee
1632 24fbad4f63c932c1
1633 0a7b601d0ddee258
1634 29c0fea6b4ddb4c3
1635 78f8e1ba4fc4f64a
1636 98f485f675ffaddd
1637 3c471dacd1a31374
1638 ac62a43177564d67
1639 313ea629ec5d8166
1640 899ed7ac03eb2919
1641 2145cfd60527cbd0
1642 b12a650a6dda7c53
1643 205f4711f26d191a
1644 9232895d7751d215
1645 c2550785a34d716c
1646 1599c061f8c1e31f
1647 a8cba2ee97f25996
1648 599ac1e8335b0519
1649 eea77744f50ceaf0
1650 fe389c0d3c286af3
1651 2c1f0c96de366cba
1652 0acff38d54ddae4d
1653 db4a4af8ff142a24
1654 d107ba9fe51534c7
1655 2372a1b31969463e
1656 f5939f2e40867621
1657 a2e38e60a187ea38
1658 06b543a95eb61f9b
1659 8f86b13fe5d07d22
1660 0c3b7785986b17f5
1661 7d2302c37af0ebc8
1662 227c9cfdff2ce66b
1663 d17c3eae1595c9b2
1664 f946879cdb65612d
1665 86c6474627a0b184
1666 6f5744cbf33e2a77
1667 9081b8ad734c796e
1668 68b7a1a1b7498099
1669 7ed23c5b6ba38128
1670 99f73430bbbd684b
1671 28be534225b12712
1672 53d9e6a5d7bc54ad
1673 9db229cfe154df04
1674 b2fd890b16f6498f
1675 4cc0d46ea20a5786
1676 a886d53f9fcd4971
1677 b2d86b292d73e948
1678 ec8fd13219052feb
1679 90f133c1d2cf0792
1680 f0159635764acebd
1681 6f1a3f0487c09dd4
1682 50a30b2e45f58d47
1683 cfe0dde235d088be
1684 bdf320e4ac220019
1685 ff44ecc99e1e2ad0
1686 7769d565a9085f53
1687 c381ad043533ec1a
1688 8cedc50b1f12fd05
1689 0afef578020c350c
1690 f65776d227c0923f
1691 e702bd62d49d08b6
1692 f80902d9a2ab65e1
1693 3c5323c4f9f5f13c
1694 9d605972beecb5df
1695 2c59c09cc4888856
1696 2069426e3d518bd9
1697 6bfc69ba2b465690
1698 284537be93cf5913
1699 14ccf0a98b6ca7a2
1700 a52bdbaa970bbac1
1701 b6edbd09e16b10c4
1702 36c8977fc00fa63d
1703 a80dd12b4a24beac
1704 d877e6fa46516143
1705 8793069b12e110b2
1706 da0c479829498729
1707 aa960b3206895ce8
1708 22b7ad7f6034d5a7
1709 629eb0bcf1456ebe
1710 80e6ff9c026994d5
1711 d6b8f6051a4b1174
1712 c23d760491a8d8d3
1713 6ed34053df9ce8c2
1714 f9959b4961e65221
1715 99179eacd6ebb000
1716 133af9a864eaca3f
1717 c2dc910cb4b5188e
1718 263d9d3e93974e25
1719 e27131392ee6b66c
1720 48c55ac09fc5960b
1721 5e445dde6ff70ffa
1722 6d928fdab2865ad1
1723 a979455ce22372f0
1724 8fad03f3d93c1ef7
1725 2f6bc4c22dee763a
1726 0500eb96ba130c91
1727 084cc1c6c625e4b0
1728 bcb211e6ed6885b7
1729 703eb1fa49d29cc6
1730 1e9f657caabdbb9d
1731 5818d8f821cb68dc
1732 42307e3fd41823b3
1733 9373a045335c41a2
1734 ba3b910eb44a3be9
1735 dffbb5f7c66fb6a8
1736 c79928fb7e04730f
1737 14653151dfe1cc9e
1738 52c68e04191ae835
1739 526e21cea86ea354
1740 b6441fd6e69d112b
1741 df4e8cc2ab32491a
1742 f9ee279c352c0ff1
1743 e99cb2e063602d90
1744 783b113213213b3f
1745 ce18d964de5e378e
1746 3ab2af88f423a9a5
1747 af0496ad90d2b084
1748 ee770b166054e39b
1749 ffeff5508344ef3a
1750 612bf1ab8ce93311
1751 9547276ec2fd32b0
1752 930f00cdf9dc94e7
1753 5623618087301996
1754 3ef67a037fd35765
1755 f56e8381d0980044
1756 a3d1e4ee578046db
1757 61eeb34214d947b6
1758 eb529ba3113a91cd
1759 e6c0488eddad1814
1760 d7949b3d47ebdc73
1761 691aa20065be1ae2
1762 3fa2c5e28c158519
1763 23d616716d723498
1764 4767c22f3c94b9c7
1765 96f3daa53b15baf6
1766 a09f1ebd56be5e8d
1767 676b8ad842b3ba4c
1768 e0bdd9196677828b
1769 95a348b6a40a145a
1770 73432d341fb68e31
1771 5949e2a4516ced50
1772 60a9cdf6d40f474f
1773 cb15ce281c3380de
1774 170eadbe84af863d
1775 7ca05555b007bc7c
1776 a3106a2aa62170cb
1777 688705a680e3f73a
1778 92821192acd19b11
1779 e70c2d6f148a2f18
1780 544e2c32c0f64a57
1781 26db398687aeae86
1782 1a2706dc38e0815d
1783 e09329b6896d4e1c
1784 584c3fba3ffc12b3
1785 9a9c1202d77470a2
1786 5b13152fb087f659
1787 ee81021dbd81dcd8
1788 b492cdb0ffc3f617
1789 0c0d7ca307075ba2
1790 9f8b5f2dc17b83d9
1791 12727e85ab18eed8
1792 cadc2a68e0709d8f
1793 3aab34aaa36e941e
1794 1e22cd9c27854c7d
1795 fe8ed2058e99f4bc
1796 c2e56f7a9e780193
1797 32ecfd823b44f882
1798 2ccc01f42e46bdb9
1799 603db90f46c20340
1800 09f35a11cb83ae77
1801 59cfc452772149a6
1802 fb1e135680c54d7d
1803 70b9595b990551bc
1804 076851d9c815e1db
1805 eb384aa2906cccca
1806 70886a3292911de1
1807 c8e950267d9352c0
1808 d36921ae3db25a47
1809 a47f856d8c64dd56
1810 932b951bc273abed
1811 f0488c1e3edff0ac
1812 614cc95c6b088343
1813 8c3bbd8875627ab2
1814 33294cbc0c8e3b99
1815 ccb4990331c22f18
1816 9522e2296c330b7f
1817 428cc0fa9bb6a1ce
1818 178bd388b6b28365
1819 b8377ed64c32fb44
1820 0cf5145081c70d5b
1821 377eb12a727e5136
1822 091b5ee899499c4d
1823 91e495ddab37290c
1824 5756d1c9d20a02eb
1825 4f3eb7160d0d475a
1826 30f2fd9e33e615b1
1827 0019358a2b138550
1828 eee744c6ff3ee24f
1829 845bf4c103d12436
1830 110915b4ccc5f64d
1831 f1ee9d6b38110f8c
1832 33ebf00d3dbf38cb
1833 23da77f3cacc473a
1834 1d8caeecd327d889
1835 32acae68241c9f48
1836 cb1e7470ebf24687
1837 001e6733314f0eb6
1838 a6f69ffff5ed98cd
1839 a72e5d20efe7c2ac
1840 99589963b28f4dbb
1841 03ac2a879137f72a
1842 41b31d7f12a57dc1
1843 22c945b6aac298a0
1844 1b3f6f3c185ce34f
1845 4e23d95078189cde
1846 f9ae212080be5af5
1847 754ee9f010c1ab14
1848 91be52d21a7e49a3
1849 7885ff72bca3cd42
1850 03b41bc609885679
1851 6a4fbccb85847f78
1852 105b6cba1411a2b7
1853 ebcd69ad4548dffa
1854 e9f081911b363401
1855 f051b52f7abb73e0
1856 f3eb3fed80b5f867
1857 3d5723e43efd1416
1858 a811be708309f8ad
1859 b42d0bbcfd437d54
1860 e7879b2865ed632b
1861 ae082ea4d758c31a
1862 5ef43ee4d093a9f1
1863 af4fd2aacc4c8f90
1864 cd34947f2ced0c7f
1865 7445dc54e8c2a2ce
1866 9fa33149a27287e5
1867 fefdc831a5f38dc4
1868 04cddb334fcedddb
1869 f83b84bd253e1e92
1870 d04775b241a4de89
1871 2c2b11adeec4ccc8
1872 897cfe611eeb66bf
1873 34eb2b1deb917b0e
1874 a7c14b46643774ad
1875 d8b917f2001753ec
1876 d6e72f09e5b84603
1877 205e3ba300465a72
1878 c73fd5e22511ec69
1879 790f2aa42b046fb0
1880 669efcbe0c7857e7
1881 b7caab93a16cd516
1882 a28ec1d8c48fbcad
1883 baa168be18d65bec
1884 3c736e13abf0c32b
1885 d33f70327be96206
1886 a9e18f12e992225d
1887 309bf608bbbe7f1c
1888 fc4fa1df476b8a6b
1889 34df7f6faf25e9fa
1890 5a120c1e2f6e56d1
1891 ae41ea8e30d3e970
1892 7c499002d565a66f
1893 cb8ffbe62959c1fe
1894 fc88ddd6571108e5
1895 08699651b92b91c4
1896 43ae20510ad4f513
1897 d139f49138f23202
1898 02b8954087f94539
1899 ed247f52192713b8
1900 b735f9bf0251dbf7
1901 36b811b43631fc26
1902 86aa9a0c561971fd
1903 43eecf59ae19283c
1904 d1f2254c97d84b7b
1905 34ecf82cedea3e6a
1906 1650bae764599b81
1907 5964616346bb1460
1908 27c7a5718ffa1d9f
1909 578bb5948ac60426
1910 30a225569f7e8dfd
1911 7edc2c0f6a0387bc
1912 3d1ab43837122b7b
1913 55a09bfe28489e6a
1914 eed12c9fac1e6859
1915 8d7a57dad518a1d8
1916 d4dac572c80b9097
1917 9661fb556faa01da
1918 c7ffac3f8a6367b1
1919 bbd2ccd0230e7130
1920 383c9ec5d00b3837
1921 3268abc0e18dee66
1922 92da8536025f803d
1923 3207cbbc96beae7c
1924 d869c7abe03d0fa3
1925 c34ac3b5ba6a3a92
1926 8d7cd93a5df7e709
1927 41e0f6d2c1d71ec8
1928 3ab53483095a2a2f
1929 c7434ed4c791010e
1930 6f4e35dacee64ea5
1931 b94b536fe4f16a04
1932 e2c05a6186284c1b
1933 8c97c457cf63050a
1934 76e4fbeac17d69b1
1935 5dc69e65aa77cb50
1936 3636adb217301857
1937 68f424dace53d406
1938 0074e3603c7b05dd
1939 27fe6cc638aa29a4
1940 6b5572374b43b8bb
1941 fd9f34ae00861e2a
1942 c86d9569fc6d94c1
1943 7201b8bbc2406fa0
1944 89e6d3fb59ee620f
1945 77524b42a635469e
1946 20544932afa1eab5
1947 99dd052a06069bd4
1948 d6cfbfd62a844dab
1949 ba615a6b4187c50e
1950 551da84f8293c2a5
1951 2b8af9cd53fafe04
1952 3590c43b4c0cb3a3
1953 f220f2fc9a2dde92
1954 2a3e9cd2c9abfa11
1955 e76d8ff9f8b87730
1956 25d2f80db20f81af
1957 0331b353e3534a3e
1958 7d27f822cfea9055
1959 fb9393e9a456bcdc
1960 4b45a4335f5c657b
1961 ff01a95be04377ea
1962 a1e44495d8b27681
1963 6561d9b5070d6060
1964 934f52a608ea7f67
1965 7924431e9ae24c16
1966 ebe9f11d1440352d
1967 121033372a181b6c
1968 c543c7426e85ee7b
1969 10c73ff26b22360a
1970 d18ca89d25d6dea1
1971 293ce8becd93b000
1972 8afe12801c7724bf
1973 039ab5c2d3e8390e
1974 9f72797b234c05d5
1975 185a4eb4f4aa8ff4
1976 a1ee1062fc41c3c3
1977 0f9038b3598b4c32
1978 2a9e243801a7b429
1979 360c7de9295041e8
1980 12c246cf4d3186a7
1981 3d0eb9d8d568c0ea
1982 baad74c7e111c381
1983 262dfe5372e06960
1984 08bc9987235bf9af
1985 4fab4f7be09dc53e
1986 6a1e0506fd2623d5
1987 868bc9d39fe809f4
1988 29f3efd92f10e1cb
1989 f359c47e9f37688a
1990 3dc7b67de4d92121
1991 351562e4effc1d80
1992 149238eb1789fcb7
1993 cff4849c37c81c66
1994 b9c03e520adc0f75
1995 24423c9bc538c694
1996 e94ed0fee5ff89eb
1997 04bc7e77c26b2a5a
1998 a30591b2c9d9e431
1999 becb06186d6289f8
2000 b80b2db5f5d7182f
2001 badeeefdd6b4903e
2002 558ac1f70567f955
2003 320b4e6c24a3eb74
2004 8c29b1328f815f1b
2005 461ccb99e438780a
2006 0bbb37e6ee59a621
2007 9e85362e31050600
2008 1ec244fbffd39817
2009 c622f3e5c56e54a6
2010 20e31bdbbcf7ac7d
2011 422e3098064d093c
2012 24dc8faa71218793
2013 e09be3afc479622e
2014 01fd7a754133254d
2015 0e16aac5b58a620c
2016 ba603cdf901b8a9b
2017 30a73eda4c81b08a
2018 7647c8530dfe8921
2019 91c7c06ea4aa93e8
2020 6bd83e5c1014b8a7
2021 905a8c41637857d6
2022 64b53e8fb5633f6d
2023 8ecb1aebeb588dac
2024 89faf67c808a96e3
2025 32a2b0b1bcf956d2
2026 4bd97cd60b2ddc49
2027 135944be22be7f08
2028 ff12bbb738c757c7
2029 82a07277afc0ac5e
2030 52287dabbcbc4ef5
2031 f06cafe87c304094
2032 8503fb870b008cf3
2033 52d33fd77ce1a9e2
2034 351c4f209f5940c1
2035 d17591d41437e2a0
2036 4628b86e94b6cf5f
2037 9476f8e8a574712e
2038 c27ac517600ec8c5
2039 c43a48c620317a2c
2040 987d6987c9723acb
2041 cba5186bf03bafba
2042 13e8730feb20bd91
2043 d024d030c92824b0
2044 5c769f1ce69843b7
2045 9a2a3809b4eeda7a
2046 9c211e27812020d1
2047 79ec7bf00c862ff0
2048 925abaee4272b1f7
2049 4e91464a8672c506
2050 2d131a35dafdd6dd
2051 96494ed5edea7d1c
2052 fe788e05eb5dc3f3
2053 ddf984c9b52e70e2
2054 f886ba2b24bc0129
2055 427fb08266e6dfe8
2056 e95d5f01d58a634f
2057 8cbd8a2825dffade
2058 ca602f252db1bd75
2059 90c2a49d2bf28194
2060 0c89ad7f1633de6b
2061 88b3f1dc3232245a
2062 2bd081b4f95f0931
2063 5597c49d8c3806d0
2064 934688b05b3a4187
2065 f11d604aab8189b6
2066 211b86322977d24d
2067 1315d00a795d5e0c
2068 e1e2369332ca4aa3
2069 97a5bc09a37d54ca
2070 289705572bbbed61
2071 c7dad155fc6956c0
2072 d0906e7585df05d7
2073 0bd7746006c7fa86
2074 6047c8a179d47495
2075 3a2bb67e670abbb4
2076 d39bdc236279440b
2077 ca217ee28c2ac4e6
2078 e165c4aa189378bd
2079 a4216966c44d7e1c
2080 fce69bbae333dd6b
2081 9128d89c58a4475a
2082 a00fce2a883c6831
2083 f83bd8f44067e9d0
2084 d68e26c0a38fc35f
2085 6d377f64060d3e2e
2086 dcbcb8216b804d45
2087 46f6d91b712b9324
2088 b1b412d696ca5b73
2089 dbe791f6b54c95b2
2090 f78a68cd16b9d5a9
2091 4c2b1b4d97e4cee8
2092 fbddbb32aa0ce1a7
2093 faf2a9ac9c84ec56
2094 7b5d2a149d50ed3d
2095 90d9117f86200f7c
2096 d51bce5c1a92fbcb
2097 5548c71a5dae123a
2098 57ee501b73ace211
2099 bc2540a2f5152b98
2100 7deef815591e42d7
2101 fd3759e1b5b88206
2102 3057776099fc4cdd
2103 73dfe41fa47d6d9c
2104 586da3a797b7f8d3
2105 00dd59c20fc608c2
2106 e4643d3da7635679
2107 723795fb41188ff8
2108 8041f7bbb5a03c37
2109 c711d2765a4a84c2
2110 01123eb79e0e2bf9
2111 f918d1e753384df8
2112 6943a83e1933472f
2113 ab2c4d4ae80384be
2114 513eee50d08cc79d
2115 38fd300c3c5a325c
2116 4da4013bb9fbb6b3
2117 62295e84b7c3f3a2
2118 49b4d72d64ce3bd9
2119 10949aae972d1980
2120 b7e8b5ee8f12acb7
2121 a583fd0a4f45d5e6
2122 20eb54ed980919bd
2123 66eae231e5bb99fc
2124 669b4ff3bb116f1b
2125 89ee89594619c80a
2126 5a4dae52f0a5b621
2127 b0dbc4c876bc5600
2128 cf2af65e7a7e9087
2129 916057961fca4196
2130 74cea186f423fe2d
2131 02404bf2001753ec
2132 a509b9dafe305283
2133 c7c7b5c2f0ace2f2
2134 176d49cfdeae78d9
2135 731a758a70056658
2136 ecb2bc9758d853bf
2137 130b3cf18d476a0e
2138 cbc84b1d6287f3a5
2139 7afccf458a5d1284
2140 4c0a549f2dd27d9b
2141 efb3bda9ae8527f6
2142 e77f81462ca2b50d
2143 ea229767e4e124cc
2144 245f3019b990582b
2145 bc2ec1fa1cc5509a
2146 2dacfcc1005da6f1
2147 b9c39218481ab290
2148 ab39be176202ef8f
2149 133b178a76db16f6
2150 aa273343d29f040d
2151 2aca6a9c1fc91e4c
2152 fb298ec49b8dfc8b
2153 784df54f9f1d83fa
2154 981f863ab345ef49
2155 3b495f6badf6fc08
2156 dac3753ff05ab847
2157 0ab17dffd8553276
2158 6e6efcd4b1f6a38d
2159 e1231df6f78d0fec
2160 f1a9c859ce7442fb
2161 b81e206acd173e6a
2162 a2ea4fc324eb2b01
2163 997bd6b7332596e0
2164 fdc31937834fbe8f
2165 4b46b2d4a32ac91e
2166 140beacf3d781635
2167 f9dc4bcb17906154
2168 9b59af1ee408b0e3
2169 628b8c3ca0d75882
2170 51f0a355ff1b51b9
2171 02fc9ccd711c5bb8
2172 2af7095f1b3c91f7
2173 f80c1bdad94dbfba
2174 66cfcc8c6ec7b941
2175 adc958ed3b928820
2176 31c348bc66066ea7
2177 dfd2f5f49d9aa856
2178 3494439fcd1e36ed
2179 48f0c319bb0cbb94
2180 e2781915eb17006b
2181 2bcad1e8d16b365a
2182 fb47c74b0e9b4331
2183 bf3ee421127930d0
2184 e6fb61cca323743f
2185 846837821b78408e
2186 d841bb6ef4134ea5
2187 a18236d589e5a984
2188 88c64fa76295949b
2189 3f27572e6d2e12d2
2190 578326d1c94ab2c9
2191 6d231527e836de08
2192 760834322fbcd8ff
2193 8a072c8fee7f8f4e
2194 101b29a019331fed
2195 34c9d977a79edc2c
2196 14118a415b413d43
2197 52b68801eae5ffb2
2198 dacf9983cb7477a9
2199 adc0a541f9591ef0
2200 940c7becba101a27
2201 dccb29f15ac8c656
2202 e9d8d70d9d5307ed
2203 db07a19a0d83242c
2204 01b87b80496d4a6b
2205 fed48da142e991c6
2206 95a1c6cfbcf9d71d
2207 6e5bf7dbd351e5dc
2208 32bc60c8de351d2b
2209 c2d4938de99a8aba
2210 a8787cf22ec1aa91
2211 5adfb3f9f8b87730
2212 10faf7f1c09d052f
2213 7e932631e615fabe
2214 5ddb5c9ebbc795a5
2215 dc8643872dad1a84
2216 439a5b11e174cfd3
2217 412c7d9c6d8a0ec2
2218 63d964e0fc82e5f9
2219 99202b002b307f78
2220 8cfbb62c9e01afb7
2221 5d1229b93570c8e6
2222 0e02f0198aa9c8bd
2223 c3b5eb160dd4a8fc
2224 2be87c2d1ed1d8d3
2225 e4d0da5da469e8c2
2226 d558a53fcac13679
2227 4450dd5eab9ceff8
2228 dc6c4fa12fb19c37
2229 719e43eb5b49cb96
2230 9883cd26bbb3402d
2231 c88f94b5b30325ec
2232 8e255db9eecae88b
2233 443c3774c44c0ffa
2234 91325e22b42d6569
2235 fed8ec09a7020228
2236 f61641e8a5a6dd67
2237 1778ba9011d3e82a
2238 ae98818bfd56b0c1
2239 216fdd24adc81cc8
2240 799a9defbd65b4bf
2241 03168714cb54fe8e
2242 4042e2dc940d1d25
2243 ee29f7aac39c1804
2244 ef148325f8afc44b
2245 750cab31f7d236ba
2246 c335ae20e0aad011
2247 d9c7c0bd7fb84830
2248 4079e05335060087
2249 d3fcb71af195d3d6
2250 c8651423d1819e6d
2251 bca8b3dc5a6ca42c
2252 15fcf26c557f9ec3
2253 a82675387a398632
2254 1f6026e54db771b1
2255 eab71a211a6b1350
2256 7af23883c1678057
2257 1ebe3fe63bb8bc06
2258 557d0f8d95088ddd
2259 5fc888e144be54a4
2260 0a94b215b14bd7bb
2261 6550c27a2d9a112a
2262 11fca95efec8e7c1
2263 5b132affa6debaa0
2264 8900d861549ec8af
2265 9b6aa1ef0e73083e
2266 6a92b526dd8ae6d5
2267 b2abcdf5711074f4
2268 2f2faf2f388980cb
2269 dcf4e7d21cb559ae
2270 d08c618ec2095145
2271 c78d050f60414da4
2272 a3189c207d661843
2273 486e0855822a8fb2
2274 c41340f789186931
2275 8cdae2504da6d7d0
2276 ba18a1b0450b294f
2277 b6339701ccb1e9de
2278 99a7f3212d3cb675
2279 d69dcd35ca64059c
2280 35c0b3a40ddd673b
2281 03fc32b5643837aa
2282 ec9b3704054ad441
2283 38175081c9e0ab20
2284 94f2573693bb8527
2285 8d67db7d765bb9d6
2286 9ceee76b092fd2ed
2287 5d4d92dac9f3832c
2288 f66dd6d39683983b
2289 b1a2a648066322ca
2290 289992b3ab374361
2291 05988663f51c1cc0
2292 105edaac190bbd7f
2293 d953ebbfe30a8bce
2294 27dcc96f8b65af95
2295 82e2924b56c6e2b4
2296 bed2e6c1f1c33e83
2297 14611ae34f358af2
2298 146867be983cd8e9
2299 e05529d96d1aeda8
2300 256c070963dcf067
2301 74721369da0c842a
2302 375af1c6ad1b0ac1
2303 3bc5da70a07c25a0
2304 34edd59f9c58d037
2305 088ce478841f67e6
2306 bd58cae29551083d
2307 ed30f9dae01d627c
2308 5f4c57f0e21e1ad3
2309 876f03409d67397a
2310 70433197f0e3c251
2311 17acb66304f5c9f0
2312 df7d6cbed3500747
2313 96ddc1d6ce411476
2314 1013f5d147a8bcc5
2315 b9e9421962f09ca4
2316 9f79745b7197153b
2317 dbf765df9e38c92a
2318 54e8ffb66a4629c1
2319 45e895e2a24b3380
2320 27f21dee254b8a07
2321 23142a4e0cd489b6
2322 f81e3d732410cacd
2323 7d702eebf5182b8c
2324 73d38d87f9b56853
2325 2ae3c77769dbb242
2326 868bd2f176f9d8f9
2327 2c88470210bc6a78
2328 3d6ec59040d4341f
2329 25f4ba13759cf39e
2330 9124766ca49b7f35
2331 2708a0575ee3cbd4
2332 8b8bbdaa89a475ab
2333 690559c868bf2106
2334 fc7d911a70cc9c4d
2335 7ba351f2f1fa290c
2336 60182be64261759b
2337 db1cedddf873bf8a
2338 b81ab8716f79e021
2339 c2f2e331d5f07c68
2340 dc199add709f7127
2341 5d9f4a6b7053a556
2342 4294db2f72cfc2ed
2343 174b6b327a56d32c
2344 26c42d15e510acc3
2345 08f00bd9b95d6c32
2346 dc166c63042ad5a9
2347 a69debf8ff662f68
2348 00249519fc74e027
2349 c094d63be7d7453e
2350 ab1771bb8a926b55
2351 4f2f75bbd7f6bef4
2352 3664fa76dbf1fc53
2353 9e6661f7601cd642
2354 02d876b56e8058a1
2355 5263f596e9651480
2356 82ef657b2bc3e7bf
2357 0aae1d22c4e1de0e
2358 8da47b23049367a5
2359 c39aaccbb1bebbec
2360 80ee8c50d65fee8b
2361 e00ef3ff60758232
2362 3f9af9ba0f6b148b
2363 268a88e62b21e73c
2364 eb1338da28b066fb
2365 f979608c843440ae
2366 4c605915a3d840bd
2367 4ac83ede8beb1f7c
2368 aeffd651660309ab
2369 626405c3d8fea93a
2370 e1b7ddc7bfc53fa9
2371 37e6a59428bbadc8
2372 35ab7b51d96f1257
2373 ec12527969bd3a26
2374 f470eee6cafe8a05
2375 2b3d19818495e744
2376 459655cc85aa2373
2377 29025d42e1a87942
2378 41711ddc2fae29b1
2379 a20d38380b5137f0
2380 47220fa62d31cbdf
2381 db825b2f5f0547ae
2382 eecfccdcf91b43bd
2383 38e7829e792cde7c
2384 fa08b56e989d625b
2385 eaf330cebfb17f8a
2386 0a85f2f866b8f5b9
2387 45ea890b571f4c18
2388 f072070dd67f8227
2389 8f0f30f96fe651ae
2390 811d58a952419dbd
2391 448033ac333e587c
2392 08678e841c8490fb
2393 6d9cbea1bff2f6aa
2394 e78421d60f8efdf1
2395 4154236a0638a430
2396 5d9a7ad383a7c51f
2397 4226eb46860eacea
2398 bdd5f3ff7a6ce019
2399 6243db9dce165518
2400 04810521b053324f
2401 2b2db5ef6d035bde
2402 7703b168c85d18ad
2403 e19d9c7d38d3c1ac
2404 297b70caa29b1233
2405 dd72afd4fdd37002
2406 76ba5a4491e71271
2407 112b61a23b0a9bb0
2408 ac24792073d23527
2409 c90a7576bc7356c6
2410 e0675b1039808d5e
2411 3921d937bb758e83
2412 2316de89ebf33d78
2413 3377a36c698aaa9d
2414 9bc45fc48d52c732
2415 83ea92d22abfccad
2416 f6361ae8f9c74f8e
2417 22c075fdc390f80b
2418 ae6333285e00f2f4
2419 a611ee92aaf9218d
2420 6ce76b82bb03cf2e
2421 79838ed157cef3a7
2422 8d40e2bc966b3cc0
2423 4700940364901051
2424 86ac2c921f6526fa
2425 3b5df8d8b9eaeeb3
2426 0ebddac2b41cc09c
2427 22eae09009443d3d
2428 ba2665851112841e
2429 c10df77947fe1c7b
2430 c3b4c6a61b10cc64
2431 c2b084af68bf01c5
2432 76cc70645f7fb66e
2433 59b1c898c64bc5e7
2434 eb7c6c07bc696238
2435 9f3753430b173409
2436 d816719a861d39e2
2437 97e74d58d0ceebbb
2438 f40aead9c7f5b6a4
2439 fe5978f2a946517d
2440 5d1044dc2ed62f86
2441 52292a9b43a2c6bf
2442 941855afe5ec3ab8
2443 981e4bdf6721d389
2444 5562eae36e2b191a
2445 5c9f2f49e1eec5d3
2446 95cdb94ae4a2693c
2447 f1072677a7143fdd
2448 0931dc22de1dc056
2449 4e7d1c3e127303ef
2450 490edc2fd6583928
2451 0226564fb58636f9
2452 b4cc4ac6465ef412
2453 3ab90f9d6e2f10eb
2454 6911c372210af564
2455 99d7678eedf688c5
2456 59ed7dae60a60c3e
2457 b6a0bd68e0d181f7
2458 20462cda923a0450
2459 1b112928cc413fe1
2460 712dfc0c86f6651a
2461 19169f3fa1b53f07
2462 47de6f66d496faa0
2463 5d6bb9c6ced404b1
2464 9b4f4a64d6b5af1a
2465 3000f91ceb1808cb
2466 27091d3834ab4b20
2467 15be62b6b8163f09
2468 0a8403ec301b239a
2469 da9eef68d7d423eb
2470 032c3014abfece74
2471 481be7ee7a0220cd
2472 f28bd26741581fae
2473 fd884f4949421fd3
2474 1ac3e28224c1e849
2475 3787ec6466019cef
2476 bc2187c2777ea1c9
2477 4e060a59f3fc8c9a
2478 07d9b086b87bcac4
2479 2cab90a502317315
2480 7c77bd907c2bf3d6
2481 a8ad2ecf88297bf7
2482 6c2fc580a0babf57
2483 9cc3079f84615eb1
2484 81384084844bc41a
2485 65b3911ed8663ea2
2486 a34c2f27366bb372
2487 e13495fe6939baa9
2488 bfddb4491c5fda18
2489 4b0a795207fadbf9
2490 9432867ae9fc54ae
2491 1b67a2a0d87fd21c
2492 7198498757fe20bd
2493 1fb6ada0955e9ef8
2494 ae549d43f68085ee
2495 b68fef093ca3564a
2496 4a9b0a31c48b886b
2497 fb74b0c1af8367b4
2498 d738ee2ba3519877
2499 c6f84e1a6ba17e20
2500 964ceb5be4d784f8
2501 e34340734dd63ea2
2502 2eff4d481e171ea1
2503 46ec795c74227497
2504 7eeea3032c6f4b76
2505 642c54c39d7a106d
2506 699089f22b8a10cc
2507 1b9eba22afcc997a
2508 1d2cd9735681abdb
2509 446834118d51109e
2510 7e1a009ad29eb6fa
2511 beb821100c4f92fa
2512 7aea62edcdeed6a3
2513 a3364670a82e82c4
2514 b39c7a815737d153
2515 580fcb6d9532ef48
2516 b2ff168b4d6dc779
2517 ac29679c6c55a2c4
2518 efa7b05702160945
2519 81d5d61baa47fb35
2520 bf4e0cbbf31fddd5
2521 52e6f5a3044fdecf
2522 dbd076bd75670778
2523 3680fcc1ebf3224b
2524 88fd4ae58b79274f
2525 fbcba5e4ed518dfb
2526 d8e947e2443da963
2527 6dad7d684ab5578e
2528 6427533ac4760478
2529 0876ad4405e4eb82
2530 0092a075f84f3285
2531 555cf7ec8a240dd9
2532 1b630f294e63bcfa
2533 7f947d63d533397b
2534 6dc3e04d805b6411
2535 7efc8b400c27555d
2536 235032bd9d8a915a
2537 695284d6eb371c7f
2538 1ae250648c1aca18
2539 328ced0275a5af98
2540 5d6d0f0bd7b27a43
2541 a872822d454a7d19
2542 afbf24f148fae97d
2543 7b5e95b251e8bd3a
2544 89fb252127c11162
2545 b5f7286b965f20fa
2546 50b0f86c803f7520
2547 2c014de2f5422d6a
2548 735d67f88a0b1508
2549 4c44adcc00975345
2550 d2d8e92dd0598a1b
2551 f462a228456ebc39
2552 e3e1e2d4265d0f04
2553 1d3c4c8757ea4d00
2554 de88b546ba76af9e
2555 75e63f3c19b6d2b5
2556 f57ea5aa6f0e8d9d
2557 b2e72160a6f8b07b
2558 5c8e7499e0bcb4d1
2559 1974567c9374511f
2560 61ae52173f43aea2
2561 b8af3e20b67973f0
2562 fcfc78a6c1cf968a
2563 6a13b4b3e4a77ded
2564 a32f6d64a7c3e49b
2565 b2acd0360715c0e7
2566 2ae304109f4b9696
2567 c15dc8d63180704b
2568 7194777102fff231
2569 fcab47dde34adaf9
2570 5ca382119a4710ca
2571 37c641aeb8efe62c
2572 1641d2ab949f7202
2573 e57fa0eae372eda1
2574 3870cbd932430858
2575 8808bb5134891594
2576 1c04f3e91be446a1
2577 498767d6cb0f2c62
2578 196f153efa3d4fec
2579 e0f177208e61bb0d
2580 fbe164d0a138dcba
2581 d910468771313dc1
2582 20378af9a1c75e1a
2583 287e8c509b6bae33
2584 29284afc2c2a1e04
2585 d149fad1b15fede0
2586 caa817e659a43e84
2587 5c8e48a1f99c02e5
2588 671d916fbabe8a61
2589 0ef70e15d5c79091
2590 4da651ddc7f60fea
2591 b0be6a8b3d63cd79
2592 1c2523a65e019798
2593 8af4947b249fab9d
2594 63ea841dfc62d864
2595 a43812b112eb0e12
2596 387df23eaf0b5e28
2597 f835d7a430b54c29
2598 559047c32e2280a2
2599 8fcd9cbc2533b058
2600 e436071e8d05fd5d
2601 8db9b0481fb37155
2602 75be9939bc618c00
2603 8f60210e86daf24a
2604 53ef791d9e617b99
2605 ac57a721a0266c49
2606 6a68396685c4cfe7
2607 415423e2bb4abd71
2608 03445064ab69264d
2609 8a6fce4d709cc0e8
2610 2fa2382e213ec0d2
2611 f51fdf1c6905a5d3
2612 840ccaea1b21c3c8
2613 2d4d6c4cb1b8787f
2614 5673668bb3577afa
2615 2c1f196451e7f5fa
2616 a3bc4778bdf3756a
2617 768a4fa1bd0febe1
2618 8f08b2fc7a69d3c9
2619 3fa316eae9889e14
2620 f9757f80371975b1
2621 8ed2c34fe6c5e161
2622 94ebc3413ea43835
2623 acf67316d7473c80
2624 5388aa13b1997963
2625 8bd061ff8f102bd3
2626 7d442dd886b3ccba
2627 ff4a8719d0883a8b
2628 95c4689663a9ef6b
2629 b91045afcf70ce16
2630 377b155b0d9e0d64
2631 18f26eece5ca39a7
2632 44bdd43b56d48a50
2633 8dce803f7f4e5618
2634 6fedaf06c5d713d6
2635 047bc2510be68190
2636 1bc79c631d2a58e7
2637 c2736353a4dcdb6d
2638 accf1e337c822069
2639 7836010182d3c2d1
2640 a50dc9dfa27d1094
2641 fb89d3dff73f6fe4
2642 3297afc27a27f62d
2643 9d8ab80fa9efebd0
2644 0769545ad94900b6
2645 5b61c0ade30f2725
2646 058f6e064f88f6b2
2647 f704732d116e8d77
2648 6c505d9400d3f581
2649 81c394a0de7dd3f3
2650 ada7b685c4319148
2651 1e4c0559fc74c91d
2652 78e14d96ff43e732
2653 d5406d132fca91e3
2654 55d9756b481f6c90
2655 fd825f52c5e0c4a5
2656 b49ff3ba04b0e8b2
2657 fba8e160d20fb447
2658 512ba9313b00ef94
2659 d06c745a4caa8709
2660 637f69da87a9924f
2661 53a9ac492d5cb15a
2662 3a685cb4c794ab19
2663 d90f41a845ab158c
2664 31391e1fc7485fd3
2665 95070669caf7c996
2666 caf93bc17596ba85
2667 37c465a8a7b028e8
2668 c62e3f2ade5cb1af
2669 be6e30b6aa6663b2
2670 6bce3b0ee5dcd051
2671 9ea91044e3390d64
2672 0a030174f763920b
2673 d51d56d7349435ae
2674 efa7dd7d0fadeabd
2675 2d962be611137060
2676 3ffba0c36a4b61a7
2677 506849f480619a8a
2678 57ca7dbd75d57a89
2679 4da6d6f52c38213c
2680 ce33a4ac51960e43
2681 feb6867d28908686
2682 5793c534ced39735
2683 b56903384b2f87d8
2684 0083cd3e94a46b5f
2685 b397e39c8243ed5e
2686 7f065548dab70f2d
2687 c2985f1454e23d50
2688 a6592cf5821841df
2689 3279c2918040e6e2
2690 93064de7a1182101
2691 6e4f7e80e5388854
2692 82923ae3a8b448c3
2693 5b347a8e8303df06
2694 017dd6ac831939b5
2695 602fa27b315c2458
2696 dc93a0ba50ee8f47
2697 011a41184558322a
2698 f5fe91af804e0129
2699 911269068e7d2d5c
2700 db10075707b7d7ab
2701 c031295dec997e4e
2702 98fc54931c67515d
2703 da8b3c4cea1d9080
2704 5d041f2d4932b54f
2705 992be65b43c9d152
2706 656401966e5e60f1
2707 1f65edeb54d65384
2708 930729ef03e8e173
2709 d6ba37b938cc19b6
2710 0bae60ddf6c769a5
2711 cd1bfe4a57ca2c08
2712 c98117a037f3b337
2713 6a5befeeed40011a
2714 568198751baaa1d9
2715 a8690759bc13dc4c
2716 dd1d0f95eb4ad55b
2717 b539a3676beb3982
2718 f17fbc4219ef3e21
2719 b21c73fe7d4afd74
2720 d97c2bcff628b0db
2721 d236643a937dd87e
2722 3da6f284f0c7cccd
2723 7792c0ed87415b70
2724 218b870ab2e828b7
2725 afdc3a6fbefaa29a
2726 120f5d35ed7e7359
2727 f9426042ae6a8fcc
2728 f5892be437203c13
2729 e143a5b3da9332d6
2730 2fb52d36ecb370c5
2731 c4f219dd7f4ba428
2732 e815b7f20240beef
2733 c0a7d31408676bf2
2734 5143f1d5cc27e891
2735 53719be3e29ce7a4
2736 99162fbebceea34b
2737 c745f005e0ab65ee
2738 f7ac122739f327fd
2739 4df057b5a8206fa0
2740 9b57dc484ee186e7
2741 bd581fad592163ca
2742 af1438c91e04ebc9
2743 71d39c7f33f97f7c
2744 bf9f1227dd052b83
2745 cf3de616d8b9b1c6
2746 4e20bbab7a388075
2747 7d973e8476473318
2748 dc7ef1e8c2e03d9f
2749 381eec4f00c4699e
2750 1e0ba341f13b0d6d
2751 e4ec20d8b9e35f90
2752 36d9e23694a1d31f
2753 678b2a3394654d22
2754 d397c8d26c5cfd41
2755 a82f35d6eb72ae94
2756 1a36388ec0f74703
2757 3897aa0ce1835146
2758 e9bf880cbf81a3f5
2759 f4993ebde353d298
2760 10e7dfbcfe7c1187
2761 1848c3708982d96a
2762 53b3253c22c36e69
2763 e5ee1d98db06d19c
2764 2deb5c6045cd7beb
2765 d3d508c85244de8e
2766 fdf3d5571acb079d
2767 0cb4c5006f9039c0
2768 3618e9c0ec23378f
2769 cd281c160366cf92
2770 1ba088e3497b0131
2771 b1d4aa682e86a9c4
2772 62a62b6fb6a652b3
2773 076bdc9a3c5b67f6
2774 c9bf6227611814e5
2775 a3042fe9ac317d48
2776 aa587d2a9de08c77
2777 0e042a853d2b7a5a
2778 adce0dc8995d0c19
2779 ed55cd58d0d2b28c
2780 bfdd1a1f24dbda9b
2781 5810981d01b600c2
2782 fe0da0aa59960861
2783 fa81af926d6a69b4
2784 6b0d0670fa0d6b1b
2785 fedacfde4da64fbe
2786 b948dddb2271f50d
2787 64a32482e48336b0
2788 db46ecf1e0d63a8c
2789 e3bb51b1bdb32a32
2790 c43e83c4cf93d3c7
2791 e55fde46a749ddd9
2792 ae9b3561b98c1f33
2793 b21f300d28a8912f
2794 b6255da5060aa12a
2795 fc27413f1cb8343e
2796 2d79df3c542af6d6
2797 bff5dd16c2337478
2798 44df4febc7315515
2799 0d1d1cc5b6dcb6e7
2800 69180301c8ace245
2801 e1a4718ad444c06d
2802 a1cd6d318733e8f8
2803 0bb7098a76be5bcc
2804 51e1579cf0714868
2805 f0250bd1c8a034f9
2806 f74c0ef8a1daf4b3
2807 76483b249f326754
2808 02d0a7adb963c398
2809 72b9cbe179b5b5f1
2810 c6dc0dffd25396a7
2811 96311f152877e64f
2812 5f1a4f725f4b7f0a
2813 8aa98877d57c370e
2814 76d23b90f4f1b5de
2815 ffcd442e69f0b9ff
2816 9e421a7f377726e5
2817 e798e1e2455fdb42
2818 700da8bcfb5d73a2
2819 b1b7a14ab580a8a6
2820 9bcea224a6a77558
2821 30162201e203d20c
2822 eab1fb6b372b9989
2823 351ab566ed22318a
2824 284118d5bd71c143
2825 9d147b4d41b1aff8
2826 c715c104860f5335
2827 f4d5853aa3b59662
2828 6eead3721c747b5d
2829 b6e5e38572e88d84
2830 91e428944f3a563a
2831 59a26678e56575d4
2832 6260a319482df683
2833 a3a4a8a43e1c2f33
2834 188949fc4db98bf2
2835 5f59d7b51b2b569a
2836 06ece3c5d83e17bd
2837 cd67db263217e1df
2838 a3bb8dcdc589161b
2839 fe812f7be69743fa
2840 c7f9bee44dee4ad3
2841 47aac28069fdb701
2842 e40c70ffec2798d7
2843 0ef10bbf4d2156ea
2844 056fc1d016225d08
2845 4943970de680376c
2846 46998a83edf9634d
2847 38062cf10aab70c7
2848 f0a67890d297eb7d
2849 1fdd9cc1a90f91f0
2850 00345e69d036182a
2851 5ad702867ab754ee
2852 1cb22531a020c10f
2853 0d1b1732d5f9ea1d
2854 5c190c4f87e0225b
2855 6983f051b169645e
2856 f92253d9ad13611c
2857 6587dfc8946750b8
2858 3fe9c3539a211891
2859 e931e3945534a67b
2860 d1f43e2b7e79d949
2861 a69eb1958f92509c
2862 50ba2229f2bb5206
2863 5d9434acbab6ca12
2864 7b19a916fc332b6b
2865 582d713013c319b9
2866 6cbf468f93a5a0af
2867 c3da933457c4d7a2
2868 d487d87896745860
2869 256b23437c7357c4
2870 f7d69c79ed31a525
2871 d2657d6bb65bb11f
2872 0bd1fd5823c0224a
2873 3e2b05c2352cc5a1
2874 cdd3cbea6a35ec9b
2875 e7234a64d9fdf74f
2876 33dcf920879cb1ee
2877 02d980f039a25d9c
2878 2aa3b243d81d780a
2879 e741a4075ab5b91f
2880 4360aea9cfa6c7dd
2881 71472e22cd3390a9
2882 4063943868055d45
2883 5e5a50a101f82c0c
2884 32cc5cf503be6c95
2885 48257396c02f8039
2886 dea28d5952ff26e8
2887 fb5f304218465ffd
2888 6d4a3bd6c553e749
2889 64c1bbb9ffd253b9
2890 67b2dbceaccb172b
2891 4dc72496c8732740
2892 df4198b101cd41bd
2893 0bdbf737789f8896
2894 d022574bbbe1df3e
2895 f51eae37b1f62194
2896 7bfe54654d1d03a0
2897 0abe3210aedef433
2898 8070d85513b9cbdf
2899 8e3121ecf1a7f766
2900 91413009c257c36b
2901 a85bbaba119a9900
2902 aed675fc3ff3d19d
2903 349993941ee1164c
2904 ee93f34a8ed2ee2c
2905 f3e2cd00658d15ef
2906 0c0eae318c70abc9
2907 32a98b1bebca0364
2908 f63a9e33631266d4
2909 397cb54693c6003f
2910 662093b4ab2953cd
2911 a7951f9d12d50cc6
2912 95911b50a7fe49de
2913 144a0694630ca0ec
2914 7bf92d8533c4b5a2
2915 4e1b121df414391f
2916 012f426cf2b3e63c
2917 dd4c1ee6f07d332a
2918 3492ff6025500f31
2919 a5b24f4d67e4ea45
2920 bc7c112ed1c50d81
2921 87a51ee89f070aec
2922 9c520662b5bf7740
2923 96b33f1ffb1bd8e7
2924 f4ef7b1b9c510272
2925 599941a8fea2b21e
2926 1763c738e8dd2d97
2927 c15a0df759cbabc0
2928 2be01ee71d9c743e
2929 28421c74605b33fe
2930 2c040dd353f0f972
2931 03fa7b0bbeec7b29
2932 4f0abfda255cb65f
2933 b65c6feafa888e73
2934 9370d924ade0aee2
2935 1a3c46ed9de364aa
2936 67810183e17b325a
2937 7084bea410234735
2938 ffa325507f33b287
2939 5f08fbc9bfa1c2af
2940 b7cc880cae0984a7
2941 57cfb07535ba28e0
2942 c40c9d8f4de73e2e
2943 a43fc66cc4bcaf04
2944 37f1b3b0afc958e6
2945 d8914ed29f29650d
2946 c320ba4015c98a7f
2947 67ec5566a8ab1459
2948 bf7391150095932a
2949 1023ffc5cefb5a54
2950 8b0695c2987a2a64
2951 b4f3b72044b27036
2952 11a5ce85cc810040
2953 a31c78c6ff7fcae1
2954 1b0d35131ead653f
2955 770fb33ddcab4b89
2956 43e3b022c9f78455
2957 2d5feec2f1ed8233
2958 fa9c54ea1487c51e
2959 7bce5b757317bfad
2960 274f1a85faad4890
2961 cc9f3a036dc9ba44
2962 b4086b9c5f6ac693
2963 de9d5d03d969b4df
2964 71575af2e846a0f4
2965 a7ff37461a5b8751
2966 0166c97da2f8f726
2967 9f2067f120aa93cc
2968 5f93c8a657449473
2969 502b550285663f6e
2970 fabba4b0d74beffb
2971 db2c09c44cba53dc
2972 c38b4c7fc93b1d0d
2973 7c7745c40319361d
2974 63a3d4b0ee331f66
2975 9361b2a7037baa63
2976 f3475b8f2419228a
2977 c289f874e3b47273
2978 62dd0cb5bd8ae4f9
2979 100fb7489d73e6a3
2980 e259c77a1f733165
2981 3e3b01b61e2c2a3f
2982 4460c008e3378730
2983 86ec55002785cad6
2984 7f5dc0b43fb1a2cb
2985 2ceedc078665d2b0
2986 307f072e4f5f0782
2987 4d8c13e208dbd777
2988 4634c7ddaf67ca72
2989 0be1c45817675d2e
2990 7520229ffafee41d
2991 f53b854dee44de5a
2992 94493e939e6e8ea7
2993 732a8cb623791e69
2994 483f2700df255b02
2995 0503b83d06c39903
2996 7e260bb242273ed2
2997 de61d50c1c68b97b
2998 e7ebaa59557e2b6e
2999 77ac36b356196b92
3000 f1b668614cd3a5ef
3001 e50513c4795a17da
3002 a41ed8680d519aa0
3003 dee729400edbb14f
3004 d35a8ad87065812d
3005 d04bc7a5ab6787cb
3006 4d2b6a1620e608e7
3007 4d3f14c3b770cd53
3008 82bdd03663632669
3009 80046ed652797b93
3010 183f20a4ec0aa3bf
3011 650bd4a94598fa1c
3012 cfb2d3fa1fb7cc6e
3013 b399f4dfdcb86255
3014 5370ecb81963d0fd
3015 b4265026c27e8d21
3016 2eae3d259b35ab93
3017 9fdf0470fe9928e0
3018 9ffeb39ae17295ee
3019 ca1dd0b9028a4cee
3020 d8b66c5f8962e405
3021 696827a3a91eb791
3022 878d5f3f5f5c85be
3023 f35e398f0c71da3f
3024 8a73bc37503c8fe1
3025 4a75c421daf870c4
3026 fb34bbd7bb041c74
3027 1d2bba3ba219d00b
3028 bb08a6cb09c5fa7d
3029 7bb78e800d10b033
3030 cbf9afb13b1e3c80
3031 6d73131797175415
3032 2b31eae8fad0fcc5
3033 a01379f7462ecc5c
3034 c5c5e30035efe92f
3035 6026baf8f8af820d
3036 d7d2309b34192677
3037 a2f7898b48e3f8d4
3038 66d6ba0f5b5d60b9
3039 db9d059b30581d6b
3040 e5a9510d1ad6c934
3041 698ae2e261963bde
3042 c669eb93942e3ca9
3043 804112d6bdb0fe8a
3044 9b804f92e77580b6
3045 b30ebed1012bd317
3046 6243bc9682135946
3047 ee199c5a2fbed316
3048 260d38bb73dcc6d9
3049 18600bbf7f77b09b
3050 40ea4a8e03551096
3051 57005ffc664abf3b
3052 592f4d7135b7ae26
3053 88c2f53520657c8f
3054 f44405ca9c2383cd
3055 afdf73e64eb66b6c
3056 caa35451a85b14fc
3057 4bc2776bf410a0ed
3058 12ea8b666398377c
3059 06099a50927b0f76
3060 2928e021958c3168
3061 c65b183ec60a5496
3062 792de6195b93189d
3063 fd1465a9bf8d58dd
3064 09ad9413e332bbc8
3065 1421ae2655101bd2
3066 a843f30016ff417c
3067 18ef3053b72434f7
3068 766f0fd008d88d4b
3069 2a1b36d49c12dc05
3070 5777bbcc5cd6435d
3071 bb0233a3275daf5f
3072 030fbd293d77e3ae
3073 87aa745baa841cd1
3074 dbfbbb3b56952f76
3075 20e8be8fa12ee9c3
3076 a7da73552b710c87
3077 ae40264959b28a7d
3078 060efebb2cc486dd
3079 09a31e85e40d1102
3080 4db21431c8bdb935
3081 5d0ee00a069ce061
3082 f6ddd32287fa10c4
3083 fb6775effd7c894d
3084 b8c838c572bec602
3085 ce340677de60ce84
3086 fe2ed1ae8ead0619
3087 c2f364d80e94aebe
3088 02b46eba2202f204
3089 ac12008275dc9705
3090 64fd1bad55e3d5ee
3091 b50759ae4f13ba50
3092 223659f679710004
3093 4cb7e1748bdd23ec
3094 67e2e6a41242631e
3095 002083978f41af63
3096 d3fdff2a30843724
3097 335fdcd3a1f79cfc
3098 f60dfef31c552cff
3099 407551303328d246
3100 15f14de8af9d9d0d
3101 1bd8ce3c23b843da
3102 0c104792eaf1219e
3103 35b57291cc95ba9c
3104 07c42e506b3933b2
3105 ae4cf90ce95fc3fe
3106 e5eb4495842acec0
3107 0576548beefa4448
3108 43c444846592599d
3109 533e67dac2deca4e
3110 a8df8f8e181783c0
3111 caba48fb1c26e71b
3112 2f76a873448fa0e9
3113 3bab0b1cb968afd1
3114 ec09491a79fd5613
3115 753b5bf54d1a93b5
3116 e2e818fc6ecae581
3117 039fe75d4563462f
3118 287faa7143c4e059
3119 177385881dc7079e
3120 dc1c1c9a4f66c70d
3121 43307c48a7c83248
3122 f09e733d38c44901
3123 abbe210119e8cf57
3124 315eb979be820f40
3125 d26609fafed482c8
3126 1dc0169937317e03
3127 88a537fd011b1049
3128 f8a05ea6518b5ef7
3129 a14bf009783007dc
3130 524c0ed3f91d388e
3131 64944c874220a9b7
3132 58fb42933cfbf2e6
3133 b51a2d15bc50a222
3134 9512789f4e656128
3135 4172c453ab33c7df
3136 908da9df9e8c3fc6
3137 427df6792b2abe30
3138 fa73cd61c802e2f6
3139 3e6a7cce1940de68
3140 3a7d684da95a61b7
3141 9e5d825f83c61821
3142 260d4888bbf867fc
3143 a3784b5997dc350e
3144 03ebb910dcdc9f57
3145 66d2832526b336de
3146 d6dfd0582686c581
3147 2f6db45bbe8c10c1
3148 8a25622f8da15d73
3149 28a45e01b3a4ca1d
3150 b03f36f56787e95f
3151 e02e261d5c161776
3152 35b24ce4075cb91b
3153 d866619f50a17277
3154 f51226935d6fa1db
3155 bd53cfda00ff5fd6
3156 7c71d4cc93ba4d9b
3157 44163ecf221a2899
3158 5ccc36e86fc02791
3159 251b8afcacd52576
3160 8511cec749ffd29a
3161 5648adf3c963609e
3162 7905e247038554bf
3163 39afbf8eaefecf7c
3164 faa42ecd05fb83f1
3165 46ab29791ee99905
3166 63fd440e0a820c9d
3167 84d6df1701950cf8
3168 3d973cb8738b4db4
3169 c5994a953c2a0c17
3170 770e108d6feed119
3171 77ac1fdfd5b26408
3172 0587cc4756ef5762
3173 077f9d73619e3590
3174 07e35dae5aa19943
3175 c3ecb0526f1fe331
3176 afa4b031dc24b4f1
3177 ccb8ba832d082717
3178 456ae7a056596ece
3179 5e066ec16b696f1e
3180 2992293b4597f701
3181 e0efad8e58c65f24
3182 cb978c2eafba2519
3183 1d3185025da7124f
3184 ad0b321f4e0a952a
3185 0c48ee1b971eec25
3186 d61198e70fcf3998
3187 a9cb77c44961dca1
3188 13a96827200fc03f
3189 923b0a6d33227ee3
3190 dcb1c8132c8689c8
3191 7a2a2f24ab475a09
3192 51e0c21509838e75
3193 93e06f173f964f8e
3194 af69e7b0a7e0ac1c
3195 d09be24f0d9e0d9e
3196 548f23221f4ebed5
3197 faab888b9750ecee
3198 133bba349db33792
3199 94f99c6667a45ba7
3200 4e80d58adb3fee51
3201 0e9010be89b415d2
3202 d3a7d4dba91513f2
3203 2c3a2cda89980a21
3204 8897b9f0116b908a
3205 411c84c0069f890a
3206 ae28483580cd7a2d
3207 6f321d7e91610ce3
3208 6f5fead41a896fa9
3209 36c984a066cc5da2
3210 735ead5d8c8a6562
3211 6ac9d1def5a3e4a5
3212 5ffb940b1d113dd2
3213 92055c15545f79f3
3214 a9c4e92777fbe937
3215 17fd0bd93dfbf336
3216 08989645e119a822
3217 57e8f7f383b8399d
3218 86b507d28cc20277
3219 8f9467e7b3d3c580
3220 44d7c0e1dd24f16c
3221 b04ba6d7725ad0b3
3222 c45e32ee284a3fde
3223 968f6e9fb1dfae19
3224 c5ceb81f57dd9160
3225 6dd568ddf99830ce
3226 a7d1ea5d9278f895
3227 79e712bd4e5dbf01
3228 0aaaaef356356607
3229 af493a30216bda2f
3230 ffdebb88831abaad
3231 eae57715cdd16da6
3232 cb1870e5da2c700f
3233 8133392e4828912f
3234 f942e9635baba161
3235 dc1955bd8161cfae
3236 88fdccef9dc54db3
3237 7f21b79743e7847b
3238 fe15dbfffccb1160
3239 2869465017f37f19
3240 51942a65beaee7ea
3241 77a40b4aba464593
3242 7f42d44e304a4cba
3243 3bd2459fbc054dee
3244 0156be8d7e7ed889
3245 7707ddfebe4b2705
3246 b804390b86239ef9
3247 689ceb8108ac31d0
3248 ce8e520c7f1232eb
3249 808e07c2d2d47f7e
3250 012c737d7fe3d5aa
3251 ef74303fbf1ca83c
3252 fc17aba1fe27e3e9
3253 4b91e13ce52a10b5
3254 040628aecd1a1587
3255 b8ad8143b0487bdd
3256 2b5ca8dca883f658
3257 11f50253897625ff
3258 2e6015ff89575fa0
3259 75f8f3c6ebabfb97
3260 bfee73c21a8a23ce
3261 4b590bd168f2d2e5
3262 0f931e6231842f2a
3263 2d1c671df2c85f84
3264 2f9698431a11fdd0
3265 970cf611c0919454
3266 2caabc13f432d5ea
3267 5501acc45153ec8c
3268 49a28519843296a2
3269 a24ad6fcdb49e087
3270 b3017f275bd6820a
3271 b971e021c3560bea
3272 cb32bc2b4cc90738
3273 58de2afc8bc67165
3274 30d452ae518d088a
3275 a39c4933a3bbbbd8
3276 b6d2da642ae7def0
3277 9183b49886b23980
3278 964928c3784da7e5
3279 6ddb9be4fb98d080
3280 dba7da472226fa3e
3281 dc95021e702c3537
3282 105b23b6187ce2a9
3283 a778a1b0fa9d2964
3284 b04fff8e7b50466e
3285 41a3009f22d2582b
3286 b8df4329106d670c
3287 52ae3c0f7beada70
3288 73b118f35d00ff70
3289 4a6b09b1f986aa67
3290 1fa084405fdf2381
3291 e62a6f4825ef7013
3292 62fcf8761047cc3f
3293 91321075129a10ee
3294 ecab8808b5a3e7ca
3295 f81294e1c717b56d
3296 d256f9cc4ee9eb5e
3297 b419be38712269e4
3298 171a96675bd3a970
3299 b6c47c99a9b4d079
3300 0d23106aab4b412e
3301 d04ff779bfcc9cc2
3302 0d65a72d0d8db7ef
3303 6a18baeedbb0eb34
3304 778ed6acfee50ebc
3305 1fd4cdef3fa38bb9
3306 c46c26c210fba39d
3307 fefe272f6835a205
3308 1f3b477c12abc325
3309 d603d59e505004b9
3310 4dcdae340ea0a52f
3311 c57d50a5873ad85f
3312 c43e798c5fcd8be5
3313 b01318ac0e212402
3314 11dc4ac894cc451b
3315 366d3d00255d37d9
3316 07b32c4950c22656
3317 e62df69692061b2e
3318 269b5421ac31b853
3319 13780118802a783a
3320 5231ca9c7878b059
3321 61edd53690287bf9
3322 1fc10ca1c343231b
3323 6c77a703f96a01a8
3324 e509ec35b0548a95
3325 769c287dfda16f3b
3326 7d53e4926270c6d3
3327 b4bc283047d6f314
3328 5c0f4eabf7fd2dd4
3329 56a271dbaba04ef8
3330 0275ae931478900e
3331 0f3c2e967105c8b6
3332 18fe17d91a025a6d
3333 a3e700967f4a53c4
3334 33ec08e4c357f78c
3335 fd4b229dd3bc55dc
3336 671f282306f5358c
3337 27b21c944074cde8
3338 7c811b8736e17353
3339 807ee7e92c8e4322
3340 83c37dfb5a9b19d4
3341 fb4bbb78dfbc79a6
3342 429f0d4757a35f5f
3343 bf60b1230dfb328b
3344 df02c93e8cb722d2
3345 6ad81a760118212b
3346 e0eb0325b8bf91f2
3347 d5513b721d0f61a3
3348 e60a6c9ad88570e7
3349 958d5a2dfc9b4e5d
3350 cbc644b2b7db418f
3351 abeb14c2dfc10f9d
3352 7838133034b20cb4
3353 7ede1a79403481c1
3354 54fc595620887070
3355 01a8fca9a7d99722
3356 69090c255cbd4c9a
3357 ed221a3a4d3b5427
3358 781fc152dbf56bc2
3359 60aa121ae06a6232
3360 d7c06cbc09f010d5
3361 9aac9c9a20a52bb8
3362 992df049fef176f2
3363 101684a44cbe801b
3364 adf8bd32ea4481a2
3365 dde80a164b729053
3366 5e4f76abc0472a11
3367 946c3066da20178f
3368 4fee013bbfc3ca94
3369 b510edb2fd26975d
3370 e20d7cce098f6bef
3371 334ab7d7c7a5b7d2
3372 f974b7209af8ec77
3373 8f88ba782e826fbb
3374 32bf7fb1a97bcfda
3375 4bc71bd9d6a40a37
3376 9831cbcdc48f70fe
3377 71e2057cf644d97e
3378 d461782682837b8f
3379 580dcfd30698d769
3380 279016fdfef9cb45
3381 817365f01c134c2e
3382 32e509613e42a1dc
3383 f179b623a7df0360
3384 a9b0ad3968820222
3385 aa596a0747cf81f1
3386 c59fc470e0fdeb1c
3387 7f98c99a0dbc90db
3388 8a1f9a71c52ec426
3389 aef108e61bdfc261
3390 d78d18c959fc0dfa
3391 5d0cb52d260d6eef
3392 749a9e4dc557d5ab
3393 6245fd179697128c
3394 6ee042583b1c918e
3395 34adf259f119b71d
3396 a15632c6e6ac8cf2
3397 95b4c7f6351e9ff7
3398 71fe6fae7e740c90
3399 1473c0a65996f80b
3400 615a7a0742bd2939
3401 c3f4c7d3bdb719c6
3402 6023ab2fececf20c
3403 ff550da4193cfafa
3404 748ca9d163b39a61
3405 87039ba97eab61cc
3406 55befd551648f4e1
3407 d1ed6ebd59f62a3c
3408 ed49c9f38e45e9a9
3409 48668cb1021f90fd
3410 af30bea6c72675bd
3411 d68a97000529a516
3412 c4faadedfeca4171
3413 0664104be53897ae
3414 50a877d5fa41afef
3415 d30386ed7bc04c8f
3416 ac0e14d6f2ef171e
3417 a011b8d9e2e76493
3418 f1ca4eaa2690c822
3419 bf9ff42d2d01950d
3420 8e5856d5e5838b76
3421 1de78cc9fd3a1041
3422 8eaacf91ee403d56
3423 35360e5a432fce5c
3424 5f650110ca80ef9f
3425 c62395eea2a6903d
3426 aacdf5895109c809
3427 dd5add83f3134175
3428 44d0684f448fa6d4
3429 24af981ac2b90beb
3430 afeb6a121aaf8eec
3431 e8d78cf98601f25b
3432 73efce57d3aac657
3433 51fd3e0d8c3181cc
3434 8dcaa39a27e854ef
3435 7460a0bd43299277
3436 8fd2c1cf7d7cee72
3437 2ebb477c05f4b1e8
3438 92eac0a94ad44a67
3439 eaa260ab0e10b1b3
3440 404c046a5d27154b
3441 4abc50ffc13edab7
3442 1a8ab1a1f2abc95a
3443 84ba18eede675257
3444 42871a9a1f009131
3445 0cd2f7966db4dfe0
3446 364c0a8d79300950
3447 6296502c61662876
3448 65364cabd417265f
3449 a98646ab2db4c9a2
3450 76c6b18401c37daa
3451 2179839461baa3c8
3452 5901534b704011ad
3453 2d737c79170facbf
3454 80a381c69a549eef
3455 2cf931a811bac0cd
3456 fbbc4bef8d41b597
3457 f6bacb932d5e9edd
3458 02c6ea2a9405313f
3459 b23ea922011c750a
3460 6a1f3d97ba26dd98
3461 cc37b671404e2151
3462 6c520b90d49802db
3463 0f0185abae65f6ad
3464 4ec2044326f89a21
3465 1e66efc730616c23
3466 df41e5ef7805bf02
3467 d8efda13f520a4af
3468 20cbcae85c6d94a7
3469 dcc4141e78cfee12
3470 8e76d3c023110835
3471 e25ab73cbe29338b
3472 3dc94d5226fa7d25
3473 6932edbb21e08206
3474 1d7dcd1437f555d2
3475 100febea48c6708e
3476 4d23bce7287bb6c5
3477 e95812ca832ea2da
3478 9219afb7d8d3d9d3
3479 0357b0a5cac914e1
3480 f27189bb1c7db995
3481 9822e6c83fd1d05c
3482 6fd454de2f362e20
3483 e99942de8a96e2ed
3484 abe56d86f3541b9b
3485 1b2f60cee3e37982
3486 82039eacd7967ba0
3487 2f7a93295f166789
3488 48add43cdc8f4ac8
3489 b056e34e2ced619e
3490 dcc74013e70b4470
3491 80cb09271f0db6b4
3492 544bb2d95030c2b4
3493 cbff374845fa15d1
3494 14e5bbcd2eb949a6
3495 c063b7fbfeb69f3a
3496 a8b0ecf7cece104e
3497 b8997f8f9095f546
3498 403ba51d37e74aa6
3499 b5be4d8fba69c8c6
3500 bf46587b7a9f9719
3501 a9e7251f6ec6b5c6
3502 2e78e82666a91d13
3503 e4a68dc041e658e0
3504 6c19dd557d8db1ba
3505 0a497a40de449b08
3506 e20e6e4e6e9e3814
3507 990a96be8cb82445
3508 40f1ca2f6dae1937
3509 5e9bc14d9c1050aa
3510 02ba3ebc28badd4c
3511 190459316b76910d
3512 05f77dc2041b3a6a
3513 0f8fb4f5e1fd51f8
3514 aab103570d998bdd
3515 ecf0cb5aadfbd988
3516 e63bff361dbb01ab
3517 6708f6a3561a8460
3518 9172be93987d42d4
3519 4a9cb4cfd49377cc
3520 4681bea4ed71a5a2
3521 5858c51b686d2b42
3522 e446e7fad0893cf3
3523 eaa6cb049dbc0ec4
3524 07be31f71c464098
3525 08ddd48d44f6faec
3526 e692367704f1aff6
3527 5ae9c959066a63a4
3528 8cf609068ed69eb6
3529 13ea9866275068b4
3530 e9fa79d3f1521c36
3531 4b3de20407af374f
3532 918cf34c770f05ad
3533 4911c996793138f2
3534 7ad6b4660d294636
3535 4f86f5a560bdbd8e
3536 cbb677c908a5097a
3537 f78290f93e25699f
3538 1838ce8bdd0bf0ed
3539 5806fc85b9ac5833
3540 ac6e7416e3da0a20
3541 340dc37d4a4928ec
3542 024e77e61ee1b2a5
3543 a88bb53f1e987e00
3544 88f202a42229ef9b
3545 59ee63a8b0083b1f
3546 9ce3b1acff8aec9e
3547 90ef6768851d66e0
3548 5284f630b1091373
3549 9754936586e74dbd
3550 d06d0fdf4830a096
3551 6a0d85b969a2a8f5
3552 9ab403ac6c147e1a
3553 9eaec88a2a92332d
3554 1cf9840f0402b19b
3555 fe819ddc9246e2aa
3556 959693f3f7165541
3557 a1d48cf69abdccdf
3558 8e4898385dcbae3c
3559 b8a07e74aa0d128c
3560 847b075640091ef0
3561 31a29f4a8471fa59
3562 0264585c418977c8
3563 54d90a22f91ca6a6
3564 a50859d46f0b77a9
3565 2c5c7a509299ca9a
3566 0aa645987dc1eaf1
3567 7f94c6cae8faeecd
3568 673a2d0278a1f01a
3569 2a159e124abaf063
3570 b6c1343e50e85775
3571 e584def93ad5b99a
3572 d3edfc35bf22523d
3573 0fce3f76bf06495b
3574 c503ff6a19acfed8
3575 75f5286ca2d2bbed
3576 990aa6f0e717fb8d
3577 09e71b5c141c51e4
3578 6c52a7d2a2c55215
3579 3e156629372b93c2
3580 693f2bb77479f50f
3581 63838991edf4e7e7
3582 c9df0c1efd641e13
3583 3a7fe93f2d663507
3584 743c11d3fc85e262
3585 3648a4ccb1e669bf
3586 7f3cd293782ac95f
3587 6aab4187cdf339d7
3588 119d3fe5aa557e01
3589 5450770d3830d505
3590 1d3dcac96122a12f
3591 66ec344bb2e20450
3592 54c56b56331f4f11
3593 79309c9ade91a5c5
3594 9752fe8095331875
3595 d3b7c3df31d0b1fe
3596 5ad26b30b4dcf3be
3597 6e47aa3b79431bdf
3598 c57bd0d301a3733c
3599 a953baadf441e918
3600 58bf1eae3ae4302e
3601 727df29afe74a49e
3602 281d09dc86e473ff
3603 782e71837f81d1b4
3604 dabd8372b8909ed2
3605 dd90b6ec9c8048ae
3606 d8ff0a4f8f1c021d
3607 7ed94fd5ec3755d5
3608 fc89beed45233fbe
3609 82028d6fff1e01f0
3610 652f8b5f7c934729
3611 96a45381dc6982ff
3612 f36cd56628043ea0
3613 5b2645ef932c3075
3614 0c44555c03920e4d
3615 892dad630d04135a
3616 e07e4e82ff4c5e7f
3617 0d9141d3bd4510bb
3618 f12afbfb5c951b35
3619 34af41db3e8ff300
3620 d5729c00e054e4e6
3621 6984785e8454cf8e
3622 8476afb0af13d56f
3623 a411041cf7e5998e
3624 d5f2c9ee88160341
3625 7794290aea8a3048
3626 b8e0ca3e70e18550
3627 c1542f269f33970a
3628 ca7572e38454a879
3629 806561ebcc5f7957
3630 d42c87ae8d429973
3631 9c68f45c25fdd8d5
3632 6131f64accbc8083
3633 3be3e0f657f23e65
3634 e6665bbbff1a0a2f
3635 2554a5f1d76a900d
3636 020d9ffa44c6371b
3637 a34982ccaf8706b0
3638 3b64fc0f21112937
3639 41cc959c7d367eed
3640 3f000bcae5ed285f
3641 0f3a54b1739b50bb
3642 69bc92eb7449e2e3
3643 61200f9e0753bf0f
3644 355881477491ea55
3645 40631650e21f5854
3646 f21b66b1bf5bdae8
3647 f744bd196c461ff2
3648 dd6a6998c61f052c
3649 53cefe46f971cc8b
3650 b6e5f34bcc4b4f65
3651 fe982bcf3d24d54a
3652 517e59c8e3e99262
3653 f877088ddda15779
3654 60af6a488c88a2ba
3655 33369d0ec024d77c
3656 fb5d3a9291f44c83
3657 84740213394ccefd
3658 cb4b1bfe5375b50b
3659 7cd73f1bbe08e058
3660 a9766e6e81e3114f
3661 ea64adfa06081df3
3662 7f4a646dcfafd225
3663 1822c9b14c604482
3664 ee6735d52a5c0a45
3665 685013c2b85a04a2
3666 e7b5ba2a49125b83
3667 3e58cd2a917d3152
3668 9577e0dd5497c090
3669 46785f0c70b57db6
3670 3ed5f143d620e828
3671 aa516addf47df0b2
3672 ef4c70e85933b161
3673 546ee24261d17042
3674 364c964963b81500
3675 000b96f8bff26266
3676 6ac26a8a7851f676
3677 66a767fcb846ea17
3678 70a1dd1e9ac544f3
3679 cad676ccdaff2943
3680 b8fd12d4dd2bddbd
3681 088c4606a976bf29
3682 b61aea994b014e91
3683 86e9b8924a79bf54
3684 10c6b6e4e26db6e2
3685 3355ca4a6f8b5270
3686 bd9bb8208fa4f74a
3687 9181d2286770a8c1
3688 f553ba1cd7bf14e8
3689 966dc8340a9f00f0
3690 aaafcaa5ab93be76
3691 38cc0213eccc39d0
3692 c850715435dc1fab
3693 104cff9b7489a1fc
3694 209282acc28f799a
3695 dceb3e4eb82db0f7
3696 f5da621953d6f6d6
3697 92ffd7486074f257
3698 2ebbce4b990b3df2
3699 067d63f3b19c58af
3700 778ad4cab4d82d8f
3701 b3b808ff42ddfacf
3702 09a23ae72bc036d6
3703 401340d01a26b463
3704 591069842398f1a1
3705 c2a693f624d50cb7
3706 651fa82ff5eb85d8
3707 3cc79525465db4ef
3708 233ad85a549b6385
3709 b464e1e32f62a49e
3710 5096a867144f6663
3711 d01285f0baeb8ff5
3712 eb3b5f346737e255
3713 c2ba7c68055fcd93
3714 9a3a454b02479420
3715 581ae0db3207d8a8
3716 4bed648ddcd6aa7d
3717 01bfa796d8fd9b2c
3718 1dedd98c138de7be
3719 0bdc11592bbc859b
3720 762c8cb27f272d32
END 3720
