1 5dc0cedb2aa1bb7d
2 5dc0cedb2aa1bb7d
3 5dc0cedb2aa1bb7d
4 5dc0cedb2aa1bb7d
5 5dc0cedb2aa1bb7d
6 5dc0cedb2aa1bb7d
7 5dc0cedb2aa1bb7d
8 5dc0cedb2aa1bb7d
9 5dc0cedb2aa1bb7d
10 5dc0cedb2aa1bb7d
11 5dc0cedb2aa1bb7d
12 591e973f181279a2
13 5dc0cedb2aa1bb7d
14 5dc0cedb2aa1bb7d
15 a95417db2aa1bb7d
16 5dc0cedb2aa1bb7d
17 6c37ae1b135eea98
18 5dc0cedb2aa1bb7d
19 5dc0cedb2aa1bb7d
20 5dc0cedb2aa1bb7d
21 5dc0cedb2aa1bb7d
22 5dc0cedb2aa1bb7d
23 5dc0cedb2aa1bb7d
24 5dc0cedb2aa1bb7d
25 5dc0cedb2aa1bb7d
26 5dc0cedb2aa1bb7d
27 5dc0cedb2aa1bb7d
28 5dc0cedb2aa1bb7d
29 5dc0cedb2aa1bb7d
30 5dc0cedb2aa1bb7d
31 5dc0cedb2aa1bb7d
32 5dc0cedb2aa1bb7d
33 5dc0cedb2aa1bb7d
34 5dc0cedb2aa1bb7d
35 5dc0cedb2aa1bb7d
36 5dc0cedb2aa1bb7d
37 5dc0cedb2aa1bb7d
38 5dc0cedb2aa1bb7d
39 5dc0cedb2aa1bb7d
40 5dc0cedb2aa1bb7d
41 5dc0cedb2aa1bb7d
42 5dc0cedb2aa1bb7d
43 5dc0cedb2aa1bb7d
44 5dc0cedb2aa1bb7d
45 5dc0cedb2aa1bb7d
46 5dc0cedb2aa1bb7d
47 5dc0cedb2aa1bb7d
48 5dc0cedb2aa1bb7d
49 5dc0cedb2aa1bb7d
50 5dc0cedb2aa1bb7d
51 5dc0cedb2aa1bb7d
52 5dc0cedb2aa1bb7d
53 5dc0cedb2aa1bb7d
54 5dc0cedb2aa1bb7d
55 5dc0cedb2aa1bb7d
56 5dc0cedb2aa1bb7d
57 5dc0cedb2aa1bb7d
58 5dc0cedb2aa1bb7d
59 5dc0cedb2aa1bb7d
60 5dc0cedb2aa1bb7d
61 5dc0cedb2aa1bb7d
62 5dc0cedb2aa1bb7d
63 5dc0cedb2aa1bb7d
64 5dc0cedb2aa1bb7d
65 5dc0cedb2aa1bb7d
66 5dc0cedb2aa1bb7d
67 5dc0cedb2aa1bb7d
68 5dc0cedb2aa1bb7d
69 5dc0cedb2aa1bb7d
70 5dc0cedb2aa1bb7d
71 5dc0cedb2aa1bb7d
72 5dc0cedb2aa1bb7d
73 f9dec29d096dff89
74 bd470ec3d637a91f
75 c85ac0ee8a84cdf5
76 cb074c844db42368
77 cb074c844db42368
78 cb074c844db42368
79 cb074c844db42368
80 cb074c844db42368
81 cb074c844db42368
82 cb074c844db42368
83 cb074c844db42368
84 cb074c844db42368
85 cb074c844db42368
86 cb074c844db42368
87 cb074c844db42368
88 cb074c844db42368
89 cb074c844db42368
90 cb074c844db42368
91 e3ed9a1570a781d4
92 857c342388d281e8
93 014284b6c37edeb8
94 d7793f0a58a84472
95 b6126fcf3ea94138
96 895d630279d2abbf
97 94820326f0a06e93
98 38c5caa71a3d6e93
99 2ee0327eb7366e93
100 cb691198315b6e93
101 9a458ea179b46e93
102 cd9b46d6ad816e93
103 d7e78e42655a6e93
104 07aa86c7bf0f6e93
105 e98cb1897a886e93
106 e9905507afc56e93
107 9954d868933e6e93
108 6d22834cd0236e93
109 ff163318e55c6e93
110 7fe24cd185a96e93
111 e69e5d7ae7626e93
112 dc48f200bff76e93
113 7e01b633a4b06e93
114 258fd90d3dcd6e93
115 def78ad527466e93
116 463a9205566b6e93
117 e313553036046e93
118 93542fac88516e93
119 a1b645df94aa6e93
120 d8cccecd9d1f6e93
121 90ecada7e7986e93
122 af76988889156e93
123 51b649a52ece6e93
124 838b64d24ef36e93
125 370f97ff696c6e93
126 60a28204cc796e93
127 c2b11fedcd726e93
128 606991ec16476e93
129 ef81e65b54406e93
130 031beb6f965d6e93
131 21a427e0f0566e93
132 dc29763abc7b6e93
133 73138abeec546e93
134 4f028ce965216e93
135 facc51aaa6fa6e93
136 90e135adbfaf6e93
137 4c4a04c799a86e93
138 97615e3e34656e93
139 eec7c1a52b5e6e93
140 ba53fba128436e93
141 e0bd1375a07c6e93
142 653e011551496e93
143 a8bf88b3b4826e93
144 dc1c22753e176e93
145 83c4752a85506e93
146 b98bfc5f1d6d6e93
147 4a490c46dee66e93
148 cf80c00b520b6e93
149 ba964699f6a46e93
150 b9d23d9b0f716e93
151 7c9ec58bfa4a6e93
152 6060f3e69ebf6e93
153 efa81bb619b86e93
154 72d19d8fe6b56e93
155 b4e8fc7d186e6e93
156 bd33556384136e93
157 e8228749b58c6e93
158 c5def34538996e93
159 dc791b0c6e126e93
160 3cd2368c8ae76e93
161 31cc302daee06e93
162 b7ea2c4f007d6e93
163 1acfed171b766e93
164 b50c28e2c19b6e93
165 bc6695fd97f46e93
166 7917d95db5c16e93
167 3b632832ce9a6e93
168 4f61c9b1bc4f6e93
169 ea049e5221c86e93
170 e71ad06c93056e93
171 8709bb22847e6e93
172 062816261c636e93
173 c9dc6846379c6e93
174 8df7772353e96e93
175 8e1ac4f788a26e93
176 3b1fab6518376e93
177 86ac8a4ea3f06e93
178 70df3182260d6e93
179 a4a7a45b91866e93
180 170293e22fab6e93
181 d13a1cb0c9446e93
182 01a78f4e3a916e93
183 93de6f2ac5ea6e93
184 003121a80f5f6e93
185 ce16bc6594d86e93
186 417416d043556e93
187 853fd1b52c0e6e93
188 8ec6fd7be8336e93
189 de1f443722ac6e93
190 b27a0d712bb96e93
191 7eaa362b35b26e93
192 a762ca4b30876e93
193 2f900a0aa0806e93
194 5c5daab61f9d6e93
195 c163754b4d966e93
196 8d567994b4bb6e93
197 71134079de946e93
198 6c5fd7ea40616e93
199 a73ceee7e03a6e93
200 5ae6e43709ef6e93
201 907b99b65ae86e93
202 2ddd3b7271a56e93
203 fdfd3e354c9e6e93
204 c75d097ebb836e93
205 1e43ce4bd5bc6e93
206 fff5ba4336896e93
207 e777a85dfec26e93
208 955711ad62576e93
209 61e07ca904906e93
210 dd340fa11bad6e93
211 09d030983c266e93
212 a36fc304cd4b6e93
213 8999a454cae46e93
214 2c02213feab16e93
215 e859644bba8a6e93
216 63b69b1cdfff6e93
217 b349533cbff86e93
218 d141afb49cf56e93
219 b3117d6783ae6e93
220 f1b5ecd62f536e93
221 305528dc7ecc6e93
222 cd239c5689d96e93
223 536916f85d526e93
224 b388dcf155276e93
225 a58b7292d3206e93
226 8e4ad1ffc7bd6e93
227 07f32feb16b66e93
228 23af8039e2db6e93
229 4a3586693b346e93
230 3cd4e1304b016e93
231 ced4651524da6e93
232 ab82c7e5608f6e93
233 b0b7af3bbc086e93
234 b70ce60a81456e93
235 5f224fb1b2be6e93
236 b034ee2b3da36e93
237 b86f5fbe9cdc6e93
238 6eb4f4bf83296e93
239 854d103142e26e93
240 4e256c82db776e93
241 41e18360ba306e93
242 0d6bd0420b4d6e93
243 501981149ac66e93
244 f3193782c9eb6e93
245 30e3412b77846e93
246 5c78c52115d16e93
247 d06df0f2c22a6e93
248 0060133ee49f6e93
249 7dc6561b95186e93
250 d0f5c1b9e4956e93
251 3123bf508c4e6e93
252 35a36941c4736e93
253 1aa1f7e938ec6e93
254 108630cdcff96e93
255 6aa10ea8b2f26e93
256 b75dba8d3fc76e93
257 63e16115e3c06e93
258 00e33b07b7dd6e93
259 6b541cf13fd66e93
260 003f526105fb6e93
261 3350096561d46e93
262 a84f07f016a16e93
263 9deaf43f167a6e93
264 83a59d9ee12f6e93
265 5e57f6138f286e93
266 fd167ae0e1e56e93
267 47065f4ddade6e93
268 c1a072903bc36e93
269 87ba45a5e5fc6e93
270 230760c6fcc96e93
271 e56f58828a026e93
272 43129a5431976e93
273 7ce0deb982d06e93
274 c53d00ad6eed6e93
275 05d24b4668666e93
276 4ab390c7278b6e93
277 808e60c8496b176d
278 25e2f6b1ece86ccd
279 6418133eefe2b747
280 003ada46215bb747
281 ef6cdb106048b747
282 8200ed69c509b747
283 1c508a57880eb747
284 92ad1ea04947b747
285 b59d803469c4b747
286 50cf5a5b7ce5b747
287 a9291eb2336ab747
288 3b4c90e7c243b747
289 83029ad27e50b747
290 dc2e4e29e5f1b747
291 75acd36f4c56b747
292 934d9d254e8fb747
293 5590a529450cb747
294 cad152981e2db747
295 5f07d193d2b2b747
296 1c15d58b016bb747
297 802693685d58b747
298 3e003f37b3d9b747
299 bbea94425a9eb747
300 f60b6fc69657b747
301 0899b3f8890caf77
302 a7e39d34cfc03f77
303 aafe17bdab993f77
304 195e8a373d463f77
305 f32113cd4f2f3f77
306 2a21e40821bc3f77
307 0e50bee3860f195f
308 c5901187e311984f
309 9c9aa7759c94984f
310 6024e0396a33984f
311 d373c356255e984f
312 114432d94585984f
313 a2e875d9bca8984f
314 613edf646c17984f
315 f0de8d3904e2984f
316 79e0fa2ed939984f
317 f0075a7cde8c984f
318 7bccd1d6efeb984f
319 5956932a4016984f
320 24c2e3b10e1d984f
321 4228cb6b8540984f
322 199e99a17bef984f
323 e73857eab5da984f
324 638f23d68771984f
325 733cfee34604984f
326 257c17f16263984f
327 c72ac131234e984f
328 e7b0b9f2d2b5984f
329 f6d31015fc18984f
330 7ecc98c2b307984f
331 1a33556ee1d2984f
332 b64b975c9be9984f
333 330cd39f05fc984f
334 6ffe623c531b984f
335 88432f884fc6984f
336 54b9e6c5660d984f
337 7a6cd438c930984f
338 56957a9c761f984f
339 b9be5ccb570a984f
340 f990e04bd018984f
341 2dcbf346fb5d984f
342 894d5fd184b2984f
343 18f256e133ef984f
344 0f62034ca3fc984f
345 6ba239bedd11984f
346 ff610f2e88a6984f
347 59761bda5063984f
348 344514561850984f
349 a0ddfea3e6d5984f
350 4da92431d52a984f
351 53258f826907984f
352 99d7c6e42194984f
353 f532a35d7529984f
354 52e926264e1e984f
355 2327e4fe151b984f
356 bacd02fabb48984f
357 b81a3f51948d984f
358 2549f6130722984f
359 7df9fbaeed1f984f
360 1c04249877ac984f
361 2a6abf3102c1984f
362 845bb2487ad6984f
363 6ca84a043193984f
364 c6650b1d05c0984f
365 3debada54445984f
366 0690e0bbe29a984f
367 2fbcf90048f7984f
368 109773af74c4984f
369 688b11eda2d9984f
370 d7e09a297b0e984f
371 b5d3a43bcb8b984f
372 a49ba52b7ab8984f
373 afc1621e237d984f
374 84bac89ac452984f
375 d2149871de0f984f
376 058090f5c79c984f
377 c42105e652b1984f
378 c7a8e2fd49c6984f
379 ab1fc7da8c03984f
380 8fb1ee84fb70984f
381 92840e991575984f
382 ea8ef685ca4a984f
383 75275876ada7984f
384 8ce84e9c55b4984f
385 f8f41569cd49984f
386 47df040426be984f
387 2e1794d1cbbb984f
388 54c5f64f49e8984f
389 01e858fc322d984f
390 f3bf9be5f3c2984f
391 4df1ed3ad83f984f
392 eecdc2bf0e4c984f
393 95eaaa3adae1984f
394 85a2a211ccf6984f
395 7f500a66b933984f
396 2ed176d65f60984f
397 728327a07965984f
398 98f58b6e33ba984f
399 89c115edd997984f
400 38407eecf564984f
401 031ce923bf79984f
402 528bbbbc1fae984f
403 692db2adab2b984f
404 6dc891371358984f
405 86da2589159d984f
406 ef31a1007bf2984f
407 c4da1be8ae2f984f
408 121c9b599f3c984f
409 18c06cd1fe51984f
410 96b6e922cce6984f
411 580709abd5a3984f
412 50106116ae90984f
413 f106a7668315984f
414 e0cc3f32b36a984f
415 e7a0d482f447984f
416 82ba9b10e1d4984f
417 349f66b90169984f
418 74543edb5b5e984f
419 c9475f3b545b984f
420 b6f351096e88984f
421 1e028687211f75ef
422 410b7614152f15ef
423 f2f23eab338415ef
424 6022b2a9cf5915ef
425 500c43e3f51e15ef
426 11b1936e16b315ef
427 438e8abcbf5bfac2
428 1dc4fbe449969332
429 1bed163d4f579332
430 da1d47dbf04c9332
431 ac31942119e59332
432 eea12ff4ed7a9332
433 70f26774b3bb9332
434 b98befb700209332
435 a7b8c17bca999332
436 28b26ee80d6e9332
437 dcd6a3d8ce2f9332
438 c6378eae4ac49332
439 d20683ee7b9d9332
440 de63a7a47f729332
441 e4edb53e21b39332
442 2725a40e46b89332
443 80cc738804d19332
444 113ad4de9de69332
445 0e934a1ae3079332
446 0c4c58f091bc9332
447 9e6ecf282b959332
448 cf3680be49ea9332
449 d235c6261aeb9332
450 121f30e3d6109332
451 da913238e1499332
452 c899fd86261e9332
453 6dc22e55acdf9332
454 e090c04f87749332
455 fda155ebec8d9332
456 911eb5e7aa229332
457 8d3cc34bf2239332
458 2455948eafe89332
459 7fa3ba17bb313b88
460 85c0042f49aa9257
461 18f2a0be8288b174
462 2636a8ebaf0d0273
463 1cc715f7a20afe31
464 8f906385cdb57050
465 68aa37116fc12b9a
466 ee79b1605769c0e6
467 2a0ce70a5ee0c87a
468 ce4617075ee0c87a
469 f89ebb5023601958
470 141d78b5ebdb6822
471 2e128ff3d81c9642
472 9e9ada67451c9642
473 ce5e27dae01c9642
474 dbc32aec841c9642
475 300589b2441c9642
476 ba56c3bb371c9642
477 39f5ee33eb1c9642
478 dc4bb1e1b11c9642
479 6c0c0e4b321c9642
480 24f82d1c5026f0c2
481 1cd9d9946526f0c2
482 3f19a2355f26f0c2
483 f4413d92c126f0c2
484 9f2060068426f0c2
485 d90e88394a26f0c2
486 09441ccfdf26f0c2
487 0de86d3efa26f0c2
488 c01733b9c026f0c2
489 db1cfee5be26f0c2
490 c6794ab53626f0c2
491 a8a23b738526f0c2
492 57f37fc80e26f0c2
493 3b87a6341a26f0c2
494 1ab23ad72f26f0c2
495 4cbb5a682f26f0c2
496 b187cf2afb26f0c2
497 293ae1648b26f0c2
498 17e3b9c51026f0c2
499 2ba71005eb26f0c2
500 3389db3c2726f0c2
501 d84b8261ca26f0c2
502 43f652e7cdfd6642
503 af27b8c7b9fd6642
504 f706c2056ffd6642
505 fc277dfa6f26f0c2
506 47fd63b9b026f0c2
507 c95f34dcf8f7b742
508 b7c9d3f530f7b742
509 f7db62d17bf7b742
510 8e951c45ca26f0c2
511 feb585888b26f0c2
512 247d708b6f26f0c2
513 f43061e83926f0c2
514 d4d98dea8c26f0c2
515 3361922afa26f0c2
516 243e4e705f26f0c2
517 82979f8e5f26f0c2
518 bff8c0ac2026f0c2
519 70eb38f8f526f0c2
520 2822e2c09e26f0c2
521 18032c1a4a26f0c2
522 17e60236df26f0c2
523 de6fcf849f26f0c2
524 2f3e06b72026f0c2
525 52a04ffb9a26f0c2
526 1879b7eecc26f0c2
527 028464892926f0c2
528 57635efdc726f0c2
529 12e5b26b9f26f0c2
530 ce5d72afb626f0c2
531 64a0e62b9f26f0c2
532 7aec64fffb26f0c2
533 845754404b26f0c2
534 d2449d582c26f0c2
535 2783030c4326f0c2
536 a6dbbbd6ef26f0c2
537 ddf5c4506f26f0c2
538 cbbbb1cceafd6642
539 177fc3d4aafd6642
540 b498f16f46fd6642
541 e61be9814a26f0c2
542 f6ad93194026f0c2
543 e9d3942fd4f7b742
544 e33b2e0efcf7b742
545 c05b9b1238f7b742
546 1648adb94226f0c2
547 6f1e2e80a526f0c2
548 1bf90c34af26f0c2
549 8dd8c1160a26f0c2
550 ce03d8e40a26f0c2
551 2932eeaa5e26f0c2
552 0198948af626f0c2
553 cb6212393926f0c2
554 bdd60d0a7b26f0c2
555 07c9f7d16b26f0c2
556 45f54ba8ec26f0c2
557 6789aac35926f0c2
558 b0dee503cc26f0c2
559 6d9fa342b326f0c2
560 c7afdbb15a26f0c2
561 bbd5dd534e26f0c2
562 662d07a88026f0c2
563 a2e82c54fa26f0c2
564 eaefaf2e2726f0c2
565 448302d3af26f0c2
566 4a2f67ab6c26f0c2
567 2b05c312b926f0c2
568 8e963c353626f0c2
569 e5982e227f26f0c2
570 fe8b5bbb0c26f0c2
571 660a06942926f0c2
572 3992857e1b26f0c2
573 3408eb3a5526f0c2
574 17a4855825fd6642
575 2653ce1600fd6642
576 d7ab2537cdfd6642
577 aeebf6b70526f0c2
578 1e00a8fa5a26f0c2
579 6481daa881f7b742
580 107149ce08f7b742
581 249a9b659ff7b742
582 36cedee4ac26f0c2
583 c1a5db0b8326f0c2
584 dddcddf51026f0c2
585 d449520f8e26f0c2
586 5636e927db26f0c2
587 d857d237eb26f0c2
588 4a710783cc26f0c2
589 6a4306c46e26f0c2
590 ce43c3a73b26f0c2
591 669963cc0626f0c2
592 f1b1f7edde26f0c2
593 bc0f0a534a26f0c2
594 3f47a71e3a26f0c2
595 59d071e0e626f0c2
596 91fa51867026f0c2
597 a441915ada26f0c2
598 73905052a226f0c2
599 6ebb4c13fe26f0c2
600 9439a5b37626f0c2
601 861a6ba39f26f0c2
602 39fb68afb626f0c2
603 d58a3a039f26f0c2
604 7b1d943ff626f0c2
605 6c95c2c17a26f0c2
606 64d222ce2226f0c2
607 18ba51306326f0c2
608 130003ee451c9642
609 3cbd176ae71c9642
610 4d388ed6358cc0c2
611 bd5bc51cb38cc0c2
612 7a7db429f28cc0c2
613 122cd023a61c9642
614 b01b26d0f31c9642
615 450dad94b9f341c2
616 cf534679f6f341c2
617 d220d5347ff341c2
618 798878a44d1c9642
619 b2f828e12926f0c2
620 7077efbc6c26f0c2
621 67c57c10c326f0c2
622 0011efab0a26f0c2
623 370d97df5926f0c2
624 0c013b61cc26f0c2
625 91708d2f0e26f0c2
626 478c9f830026f0c2
627 4cb2c4fe1f26f0c2
628 efb279f6f426f0c2
629 1bf9c5147f26f0c2
630 acc83a928026f0c2
631 e6abbdc06f26f0c2
632 a588d7b49626f0c2
633 2ff737946f26f0c2
634 4238896d2c26f0c2
635 84afc62e7926f0c2
636 42bcf2b2b626f0c2
637 7d88d3ab2526f0c2
638 7db13a8c9326f0c2
639 a2409d2fee26f0c2
640 182341c7f626f0c2
641 54fd520ec926f0c2
642 94f66177db26f0c2
643 6746de0d2626f0c2
644 c76dd3436326f0c2
645 b002c97fe326f0c2
646 b3e98fc027fd6642
647 f60fbb6480fd6642
648 dd229eb9d7fd6642
649 84c22df4ab26f0c2
650 eed785be5026f0c2
651 283adae5b4f7b742
652 150f64dd12f7b742
653 da2c2ebb8df7b742
654 8eb72d391326f0c2
655 0b21a7659326f0c2
656 08a5aa8cc026f0c2
657 9e057bb13526f0c2
658 080dc464ef26f0c2
659 656345260126f0c2
660 70a715bbf426f0c2
661 758839485f26f0c2
662 0f2666fd6026f0c2
663 031500a68a26f0c2
664 79c4e10f6226f0c2
665 39d38a695326f0c2
666 9463235f2726f0c2
667 18c3720cb526f0c2
668 51da441e3b26f0c2
669 556993236626f0c2
670 e2d637f84326f0c2
671 6c7413c7de26f0c2
672 72f93f5eb626f0c2
673 578220132f26f0c2
674 892ab720bb26f0c2
675 834975f54126f0c2
676 96d6ecc46226f0c2
677 9d0e64f27e26f0c2
678 ff9ad388cc26f0c2
679 c12b9b0a1a26f0c2
680 9d1fec7a5a26f0c2
681 0e09e6150926f0c2
682 7df398a42ffd6642
683 a4b7453b49fd6642
684 9fb7272f02fd6642
685 259e35c2ab26f0c2
686 0023cc3d5026f0c2
687 4d6728814bf7b742
688 c846872ffef7b742
689 fbdb8f73f9f7b742
690 2b1632304726f0c2
691 fb31c11c9f26f0c2
692 ea14ca3a0c26f0c2
693 10d51aa10926f0c2
694 739373cc5b26f0c2
695 cd50c29b6b26f0c2
696 33a48b7ecc26f0c2
697 987f43e01326f0c2
698 f7f614de5f26f0c2
699 ed0b2652ba26f0c2
700 1f05d2441026f0c2
701 4d037f102b26f0c2
702 5a75df430c26f0c2
703 dde530482926f0c2
704 e5d12ce6ec26f0c2
705 e792477a5e26f0c2
706 72b49c84f626f0c2
707 89035a27ef26f0c2
708 c056aac37026f0c2
709 2071e9fb3526f0c2
710 4060908d7626f0c2
711 91464b231f26f0c2
712 6077aa0aa026f0c2
713 547a72331a26f0c2
714 07d4b1152226f0c2
715 498e6dd15526f0c2
716 74d5822a4026f0c2
717 5ff651a58526f0c2
718 c96e0a81a3fd6642
719 46861759f4fd6642
720 7ebdc78405fd6642
721 7f694c6a8b26f0c2
722 8c833fe92026f0c2
723 6214ca05f4f7b742
724 226dac74dcf7b742
725 cc94378bbdf7b742
726 24ededfd2e26f0c2
727 b63a0263b526f0c2
728 6b7934da3626f0c2
729 67ea87027a26f0c2
730 358c3734c026f0c2
731 709cd92d3e26f0c2
732 e600f2074c26f0c2
733 4c8d8cab2926f0c2
734 99bc11a2ac26f0c2
735 e5cc76317926f0c2
736 788b088f7b26f0c2
737 9aad445a2526f0c2
738 c7b0a942d026f0c2
739 1ff5e1ac8626f0c2
740 d57d9b2ee326f0c2
741 db17cc927e26f0c2
742 517db54cbb26f0c2
743 55c3e1684626f0c2
744 bfbdc324e426f0c2
745 de21c1376f26f0c2
746 4b2cf2577026f0c2
747 e4ed60cce21c9642
748 ccab1cb9d11c9642
749 5ed9e58c1b1c9642
750 a59d04a4131c9642
751 541f047ba81c9642
752 14d38d81f51c9642
753 a7d536151e1c9642
754 bd9980ab708cc0c2
755 b7173cd6d58cc0c2
756 9a09bd670a8cc0c2
757 9d102dfa471c9642
758 9f6e972b5e26f0c2
759 baab88f7b7f7b742
760 0112ab6312f7b742
761 a5097f66b7f7b742
762 3e2f45c5e426f0c2
763 46e3e8da8126f0c2
764 a5eaf4bbbe26f0c2
765 2886eff0ff26f0c2
766 af05765f7426f0c2
767 b630b060ba26f0c2
768 764aaf224a26f0c2
769 ed62f2d70b26f0c2
770 c0b3635bca26f0c2
771 8bb133814126f0c2
772 b47a221be226f0c2
773 820518707e26f0c2
774 f405537acc26f0c2
775 8f5721c29a26f0c2
776 356d331be026f0c2
777 77160fe87526f0c2
778 8d487cd45026f0c2
779 b5fa38806526f0c2
780 210295a2c026f0c2
781 ddaac3d43e26f0c2
782 bc41d7a0fb26f0c2
783 ae6e9656e626f0c2
784 53fc0af10e26f0c2
785 94b77e447526f0c2
786 08ef5da7f626f0c2
787 af5f66f73f26f0c2
788 3b0e24c03b26f0c2
789 dd028a736b26f0c2
790 703b16aff6fd6642
791 39b09b0ba8fd6642
792 8d36c65122fd6642
793 654ac4e00b26f0c2
794 e21ab20fcc26f0c2
795 af5f3ce23cf7b742
796 9e1341e33ef7b742
797 4f15841d6df7b742
798 2f8697487426f0c2
799 c76b58127f26f0c2
800 555dc5e0d629841f
801 8e0bed44119da55a
802 7d841d13b8d7665a
803 27465c23dc2e665a
804 abcbd2ccad2e665a
805 f2c8c554c4a9011f
806 0c5fc0dd9840841f
807 7f9f315af029841f
808 c23a504c8729841f
809 6212760db729841f
810 8776e7126c29841f
811 845dae3f5929841f
812 0a2ee3400829841f
813 2a2e4b9a3929841f
814 40db6d808b29841f
815 dbc79502c846fed8
816 6048d82b8c0dc7d8
817 3b5c27d11cb1b388
818 7db95019a0c5d377
819 571bf9a1282597e3
820 3904b80fb2eb0795
821 b39b142d80b9a114
822 01e03ffd66f7f7f9
823 848b37e4d7e9317e
824 0f018c91dff8cb36
825 1f913ded89577e02
826 2f17ab81e9c2ada5
827 7756d9acb3570aaa
828 bd2e048d30f3890e
829 6e1d35b1d3bb093b
830 b546cafd13675b5b
831 6e5188c45821cc14
832 889064c45200b98b
833 e752379d9a1432ae
834 afe4fb89ff90f8ed
835 2f0be762d180ceb0
836 8ac3c4a8b90125e7
837 91b1dc61b6f9567a
838 95e3b952c2f24639
839 3e24155e523a2e8c
840 a78b038a2b417f83
841 88df1c4fe79ad506
842 214ee1b7ab468445
843 eec2418182226948
844 30c68d16bb03adbf
845 f0f391ea8f4e18d2
846 fa9b991ff430fcb1
847 3c6b7ee2362d1aa4
848 af1256f95af5061b
849 d3b94b43527bcbfe
850 0d5779686f097abd
851 411445899bba5140
852 eb2b66b02818f8f7
853 c9e2bf6a48ce87ca
854 4d1435248d778549
855 d693ca6e83a7ec5c
856 d1c5e19ca5977a53
857 f97f576b6905b016
858 f95f451b0a873ad5
859 b5a1b80b3642b598
860 46fc84002f14d58f
861 98907b89decb9be2
862 f9085222c25b14c1
863 359665824bf35ab4
864 190adba5064f292b
865 5994963bebea8dce
866 80b042b9eaf6a60d
867 081db7a4f7bb7ad0
868 3694c33ab07bab07
869 54f35a92c4fcf71a
870 08696473555d1b59
871 ba0d4549881000ac
872 8c7d3c2f1918d3a3
873 939914e26acb1ea6
874 011681e0a15a1be5
875 8ae9cc21a9269668
876 904c3a4951d0ecdf
877 466d6c642a44def2
878 e1f047ebfe28cbd1
879 237005a4f39aafc4
880 02aa19bd5fc1c7bb
881 353265fe55a3709e
882 3d3c6bb5c0ac395d
883 d5f1f154891fe3e0
884 28af59f90142fe97
885 85eef5dd6b066eea
886 939e693a72384469
887 276a6f41110edffc
888 15714c58caef4ff3
889 8747a5011e9b66d2
890 95710c3e8eb44843
891 7f3bf49668d03213
892 3f0f8819a4d581cf
893 b59c9a334cf5fd07
894 53edc307df817553
895 2f12a38fa820b3f3
896 e53eb146ddd0c227
897 c6015e8682aaab1f
898 b4c7f009de8fe813
899 05f5f7fc0544a9d3
900 1e39f4dd2bf3099f
901 a1c5ece6a2761f87
902 0490b78aee57abd3
903 3985308ebe3f0ad3
904 fe6dc91183d40fa7
905 bf133fda41470f3f
906 4cc263744ace22e3
907 18e4a5d324915103
908 477b727c7938d4bf
909 e85ce98e555ba737
910 b1e3b36250480143
911 6547f35de6494a43
912 eacc4442fa9c6037
913 e5f6c2c687f692bf
914 4222b25c26844213
915 d4bef6f220c17353
916 080763b9077c6dbf
917 34969187a85c0a07
918 93029351f311398b
919 a1ac4830c48f01ab
920 5cfa091132f9312f
921 377076df05b379e2
922 5b1f371286f6eb9d
923 fcc8ce59a22cea50
924 6dd2b91af9361a9b
925 33a07c6c23f5345e
926 c10aec3872b21299
927 f99e766f037c6d6c
928 3540fade65ed7ba7
929 0ef6ccdd7fd423da
930 482ced0c937523f5
931 68f052b8fb7e6f48
932 d9bee906659e110b
933 05c782600fcba54e
934 98de716d9dee3049
935 95913d841d0b61dc
936 fad2624cc1371aa7
937 3a26c0eee30443da
938 5a49e7f418df43f5
939 2342f778b0ed4300
940 71966cbcdf9e163b
941 b5a060813ffdd02d
942 64e17578dcf531bd
943 31c16e5e02385871
944 19fcae6e3e4198c1
945 01f6b2dc977f3353
946 200cee8f422f77ef
947 c00e4f08d0256daf
948 8a54de4fe3b221eb
949 03e366a6dfe4324b
950 64cbb7d39820c757
951 0decef7a2a4d0057
952 b9688c7457a33593
953 2351d999f24eb553
954 3a62af96df1ad9e7
955 7f1622521e7e55f7
956 6e0e3738d3940563
957 1f1f5b02c2b0be83
958 47ec93e174b854df
959 85f13a3f44132ddf
960 e7b8d351d4a340cb
961 681208975f75628b
962 1b3cb22cf2e6884f
963 390a223c05f5d98f
964 a785608a9026e1ab
965 95e5f102c67f6ccb
966 db22cab59d228177
967 7f3fa4ccb581357f
968 06ecd634971c03c3
969 e194206da1edb583
970 20b6fe07af2b82af
971 011927dd31165922
972 474fff5a0b3b71d5
973 200d3154de88ceb8
974 883a32a2c03f236b
975 c2962b5e3a7cfd7e
976 1b87aec091fa4049
977 cb7ebfdddc47542c
978 2453e1e3c4090697
979 84c622d76ee0a0ea
980 bbfd62bc5f10365d
981 6b5c01d46d227650
982 069db55ee3d0d6e3
983 b695a5c6d7c2c196
984 47a297cd88dbea89
985 72752ee68cd6926c
986 9ce6152e5aaebfd7
987 9308b85e6026b52a
988 d547af70a1df592d
989 854ca204d42f2570
990 92118551096ad5cb
991 22a8420786af26de
992 261eb13901784791
993 18cdc77b60cfdf34
994 d18dff7d488ad33f
995 90f0f3f3c1228e52
996 49f264f78d078685
997 475807d95d7ef168
998 2bf325aee72963c3
999 c78cfd1de736fdf6
1000 fa16a54e15923b49
1001 27b553a4c6b9b72c
1002 d1093cf9957e953f
1003 baf785d93722bd32
1004 6a67f6682dd695e5
1005 4a6cf57a4493b0c8
1006 d853894751cb1623
1007 94cf12214bf9b8d6
1008 2418c61941af47d9
1009 eac682b17dd9493c
1010 3c9cfd57f503d627
1011 57b3b6d8fa18de3a
1012 900ea43c82b2ab2d
1013 670e62278a212770
1014 6cb6882640ec6fcb
1015 138546824e18c0de
1016 6a7c3eb9c85d77c9
1017 3f7591f5114153ac
1018 8fa9c5ed19db8487
1019 1b539a892a0e021a
1020 0879129adf66110d
1021 da3a0417502be450
1022 52d31c80b1685a2b
1023 03b2f6b0f53dc876
1024 7c61b7f021aed5a1
1025 97dc6acd6f822704
1026 4c08a10e3cb61b4f
1027 0340851085c45f42
1028 6163d9da2cd827f5
1029 87640d49697733d8
1030 a92118c24e763c1b
1031 4740ec33115e096e
1032 6159a87dc147dc51
1033 b53c1c439afda2f4
1034 df289c68ca9275ff
1035 94511138d9fe59f2
1036 5a3867ca267f40ad
1037 e45d3cf2ec6690f0
1038 6b989037f1c2654b
1039 e3a6f056d770405e
1040 abee4f5662088311
1041 aecfaa3ad826ceb4
1042 aca8339bcbcdcbef
1043 0192e327c5609d62
1044 f4adbdf21a193a2d
1045 e2c4eadc57526670
1046 ad69d8a3d03eedcb
1047 565527cad6d2dede
1048 18bfdd9f71ec2241
1049 0c316b9afbf0ca24
1050 c334d8842f8ed76f
1051 c7a44b78d395189a
1052 551eee0f6c5cc78d
1053 2b7c9e7cd59117d0
1054 61f06ee485d68323
1055 23dd1ad7a6011cd6
1056 3b92b5802979b4d9
1057 7ae1bdce12ff0c3c
1058 25a4d2f67c7e350f
1059 a49f8677dd972a02
1060 2e3ea59c0c1059ed
1061 8dfd05d967186830
1062 a3d2d4ec1b991c8b
1063 52d6fc4723b79d9e
1064 023331ffb063a8e1
1065 e14af073a57620b4
1066 24b72a48e2123147
1067 81a7453896738eda
1068 444c5d02dbc128cd
1069 ad6bac763ce6ea10
1070 632d2fe9804d19eb
1071 be477d382db95ffe
1072 38215422983eb561
1073 6dce83ebde57dfc4
1074 966f46ebd21e300f
1075 9faf4f533bad8902
1076 10d1cf1029a377b5
1077 844ef4ea91b54798
1078 e5a533aa53429bb3
1079 6a11d6bb13d347c6
1080 feb89598fe4bd4d9
1081 00670b613f2e563c
1082 8bb3809546563227
1083 1175c3a9e094ae3a
1084 b863f097efe1572d
1085 a41c0e39629c6070
1086 61f7a2890df3b313
1087 74f120bc39522686
1088 db2ee394b9296a49
1089 c77f3b5d6620c62c
1090 e1d3a1d5e1dc5897
1091 7147da28f2ec1aea
1092 4f571092e4e8085d
1093 c8f96f2fc349a020
1094 d73ed8eba87c7efb
1095 cc7f017958b1d54e
1096 735a1020d65a03b1
1097 a2153df44b79d054
1098 2a7707a4f15552df
1099 66d50db2d07e1152
1100 91f3ca30143582b1
1101 b815ca3eccd93ad8
1102 b280d4af628e98a7
1103 fae722b0b9ad393e
1104 2f21d100fc7cef14
1105 930251e72c29209d
1106 5dba982956d55c32
1107 aa6ea9f8048d06fb
1108 e6e70e0c13aeddc8
1109 22293b7ddc9a1281
1110 7bf2dd00edf5a1e6
1111 8feeb4afbf12772f
1112 ca7b86e211ab12dc
1113 68e859b097101d55
1114 c3b2d828723f7dea
1115 1bc46c21348dd8db
1116 b5209b4c30fbc428
1117 7ae06c0480ba4d71
1118 1e2d2ae33af20b46
1119 4603ebfbb361ac8f
1120 f88d41a7b21c83ac
1121 7ad5fbd31cbd60ad
1122 a02f348eb5320c82
1123 0b5b1592f9a406cb
1124 e5192242ee113a78
1125 5446c676089ab1c1
1126 32732731f11d76d6
1127 67525a5475b9b7df
1128 a1ca9a3fb948360c
1129 1ea2d670037815c5
1130 e30b9b8402b2455a
1131 aeba8368c2a1a85b
1132 792709ad097533a8
1133 e54e2b123a09e2f1
1134 fc786de5f9ef14c6
1135 f1cf6f9f1028ca0f
1136 e65021591867f32c
1137 da2c2f3b7d91d165
1138 d11ad3e3358929fa
1139 f3e9dca501c63c3b
1140 32122734b8529e08
1141 17f63b1ccb20c1d1
1142 48dd268dca4ec126
1143 7064dbdfac470c6f
1144 f275c2629d66785c
1145 e9c3332683908cad
1146 1a1931120445da82
1147 29e639e6c524bacb
1148 9a92997ae1a2de58
1149 ac28bc570a8724a1
1150 b22b28e4caa33d36
1151 48b36292787b0f2f
1152 c1a9018ec347d224
1153 672a0dab717353dd
1154 8c08372ebda72572
1155 f3de5f81405c5f3b
1156 69d065f5c21f6908
1157 29a63785a43a4ac1
1158 0d653ec5d5ac6fd6
1159 9266e2b845c3bf6f
1160 6844d562240bb47d
1161 b41a668a566d2ab4
1162 5aadbdb9bb6d6703
1163 b31e71f27ca3792a
1164 a40666411d61af84
1165 f130559fb8cd9c61
1166 6ce09937a3d8d182
1167 d8419e0792ce560f
1168 f208718da0ad4ff0
1169 f3333799bdda788d
1170 2a3c27454b54536e
1171 a4e130fe95a30dd3
1172 5b662859d156d794
1173 75cbd15854ff8df1
1174 cd1ffbfa299823d2
1175 ffe42194d6151dd7
1176 f1516d1e88eea318
1177 2f4bed04a0733915
1178 19b11d3abc8ed356
1179 eacef72b39adfa73
1180 6ca6b4c5b2becfb4
1181 da590c091269f2c1
1182 468e5b59045855e2
1183 0a9e3d69ba3e9d17
1184 3ec4aa5dab62eaa8
1185 dc264a5838263b4d
1186 824eb2786574382e
1187 d60148c4a87bda8b
1188 429529a884d7438c
1189 6517b5da7786d379
1190 fd26d7b2d3312eba
1191 b88c5acb82b24a2f
1192 1cc76ba5d05d0380
1193 3657738a729bd1dd
1194 3c7caa8b441bcd7e
1195 d9f88ce38d2141b3
1196 7de3a0567390b6f4
1197 a74814a569860101
1198 2054e5fc6f906e22
1199 e6b36b0f13d99ee7
1200 5f60caf58e9e6b78
1201 077b8602e4cca075
1202 3d43ca4e5ddc53b6
1203 abf3e053208ab653
1204 1af2583452ffe014
1205 9055cabbbf721ea1
1206 e07e1fdb128a59c2
1207 36b1260269aae76f
1208 1c401dd24ae04aa0
1209 e8b6a98d47d80b3d
1210 783212bc2adceede
1211 7fa3bc61ae00b77b
1212 ba1a869c5d7ab6bc
1213 30a74fbcc15de1a9
1214 82a9e9a8e15c72aa
1215 5eb30d39d4668527
1216 b97143964befcbb8
1217 e59e4c0a2f7b35b5
1218 1da0a9f9195144f6
1219 62689110f60fcbb3
1220 0dc02431ae846e55
1221 969d826a3c86c088
1222 df6aaeea16a650fb
1223 4e42c5ef800aa505
1224 bcee82e85553af4a
1225 b97565f9d9bc47d7
1226 4fc3bb0e705a75c4
1227 f18657bc4dc59889
1228 ca999fc9f11d4926
1229 119b15efe96d8983
1230 4f9a91f2065452f0
1231 91e929bd1a025bfd
1232 38bc756d2f5ccbca
1233 ee3e411dd9165d07
1234 ce79e92184b9bd84
1235 0c096246e3cafb51
1236 018238274c1ac7ae
1237 c260169df60b3d2b
1238 9c90e0088a2629b8
1239 601b360273879c95
1240 97bfb4487ccd0b62
1241 7380c31bc944bd0f
1242 736f186e5a4aa0bc
1243 b017a2cf7622fe69
1244 932dc258cc2ded36
1245 731ae8cec60a0233
1246 41bbd52e3661da20
1247 1c6faa7d61d7a8ad
1248 125238091784bc7a
1249 d3dff41d72fdff0f
1250 8cbea8e0c5146abc
1251 dfb491b173cfc8c1
1252 64511b99163555de
1253 451cec256039a9db
1254 1df294b00b1b1820
1255 ffc3339cd16a46ad
1256 0206283305b7b24a
1257 20ddc4d4a183e59f
1258 9ca5cb4a112de1cc
1259 971968dc3ebe7fd9
1260 2375687b638ce536
1261 c0a62f4db4117373
1262 3ced826d19573860
1263 69ed3cc679792c8d
1264 f75976664b57f26a
1265 f8bf0140899f99f7
1266 02f69ddce3582e64
1267 c7c51016c52086b1
1268 1d631faa4f63808e
1269 0ee6b844714b4d3b
1270 aed49f1283bfaac8
1271 d589fad8a69ab895
1272 86d93ba6c3d63c22
1273 31de2f21e842f8cf
1274 bb007df08e651e4c
1275 7ab1b284f855eab9
1276 88c0034cfb632b96
1277 0365e820077e6353
1278 c46a254f3c3a5f40
1279 dd5ec36986b9cab5
1280 b85de94296de3e12
1281 5d88b0a7a1d10fe7
1282 d2cba811d45fcd14
1283 485f5be8d36850a1
1284 037cef521b7f80d6
1285 fe780e7808b4e893
1286 d48e5bdf177e5f80
1287 39979e79799bcdcd
1288 18fbedead4ab9c6a
1289 c672cd28f85c88cf
1290 1a38ddc7c36ec07c
1291 e26bf009b5b43a29
1292 40e3dc0123d56346
1293 8536643455837b73
1294 27d98df55fcc20e8
1295 eb35157c7799f1b5
1296 2d531da158593212
1297 60a5c43953d863ff
1298 d33ca8fcc8d0f6ac
1299 37607e91b61c5641
1300 9073f7db43e265ed
1301 62cb3eb54f9ad6ec
1302 567694afbf333f2a
1303 6a94f402c6b7849f
1304 28b6f9926a613108
1305 e1d6dd26d1f756d5
1306 08d005b94b01a3a6
1307 53dc9aee8be62f4b
1308 fb71303b6265510c
1309 efa6e2ae3eb24511
1310 3e6eb2bf0cccbd72
1311 bcacf10e06e8c667
1312 99f49d09864687a8
1313 4b831ea40a928f0d
1314 cf98c3783b1261ee
1315 df4dbb354869b153
1316 50a26b8c596e6bd4
1317 e8ecf22c33ce16c9
1318 2e4a40bbedfd6e8a
1319 e055ce7eb20e762f
1320 c82f34a0492fadb0
1321 3ec348664f0a5e95
1322 8c8d1f8f4953e2e6
1323 4b718ca9cf87ad4b
1324 ac778d07a0b3841c
1325 77e6beec51631001
1326 2f6158db3d089ea2
1327 140d7cd45c926347
1328 de9aebbba8d1f608
1329 b8d001236ee7956d
1330 4825f42c18e22b5e
1331 c3249f5cf58ab783
1332 d15d35940585b444
1333 a4f9f7032011e4c9
1334 7182c054723eb032
1335 0305bad318c60cbf
1336 df8e0dbb9a003c40
1337 f56126dbdcd85d65
1338 260c851d977110b6
1339 17fc964159549c3b
1340 c78449f7a9e1d5bc
1341 61f2093613647851
1342 4b4b56151348deb2
1343 67c76bb2eaf93417
1344 96837a20bfa440c8
1345 21ea07ccebfc662d
1346 a3454eace39d759e
1347 f437e872ef3dfb43
1348 4c5727211b8d0304
1349 36764c829c6bc0d9
1350 49910957ec1ee95a
1351 fa7cbbed80a0796f
1352 33ac72e74a1da9f0
1353 6f2215e68532e955
1354 c90883ce76ed7f16
1355 2c1a2407fee9647b
1356 2f3357039c96947c
1357 55c4950a72502509
1358 3121ca4b184dc3ca
1359 20bbed2792b757c7
1360 c99d237defa046d7
1361 32527b692497f5d5
1362 d4d3cdf099b50c00
1363 423826a01a852481
1364 9a37a6d6b7dd92fe
1365 ab9afdc1c726bb7f
1366 8f022de03810154c
1367 5d85c9a185c34b35
1368 8b15185f1b229c6a
1369 85b9dd59959da763
1370 4c6ecac74255ce80
1371 0ea8b3631ecf68f9
1372 0a8d5f4f366c705e
1373 e8db8517fbc0b5df
1374 047f4327fa318334
1375 98ebab584f55559d
1376 f21bb7745f864f52
1377 e44d533402bfaf93
1378 d78cc49e77226430
1379 8ea4cb9c33695281
1380 4f8b95969dd47c06
1381 14665e77dc308acf
1382 c0bd616ec0fe4fdc
1383 6cc41104c1e5b445
1384 47783474d1000af2
1385 adcb54655a3a2f33
1386 613ed26722826ad0
1387 f17f098a34baba49
1388 c6087727130bc72e
1389 bf1f2a861ef73e4f
1390 08918b30234bb85c
1391 663f23120cae60c5
1392 5e9220ed1652dd4a
1393 5d888a4f3d29b11b
1394 3beaf0f2b3832ba8
1395 9e2d590b6f0364a1
1396 f6350b856a69b926
1397 dd7232e474f1d547
1398 d15f5e6caebf1bf4
1399 9c9b76b5b06f4b2d
1400 19ae4d893e5f7312
1401 7a21f5c9df031253
1402 f2fd3847c354e8f0
1403 32ae93deb6e55329
1404 296d6346ce613096
1405 e88c18eeeabaf12f
1406 6fa5cde2261bd9bc
1407 7ea99939f306f2a5
1408 e6e7d7b6252c99aa
1409 3d36792f4943d3fb
1410 bbe08e4f620bdd18
1411 f31f7989888f1fc1
1412 7aa89fad2e5c2846
1413 be9ed81c0b288067
1414 076c9ef75e2604ec
1415 ce4eb72324f000d5
1416 eb194005cf6cbc2a
1417 725dcd9f98c2bcdb
1418 d7b391ec769d27f8
1419 4417b7aeaabea869
1420 b1daa61a3f9fc2ce
1421 1ef23e1a6b93f74f
1422 0c1769f64bf8b25c
1423 6d1c3ce7a3718685
1424 c487f7f0a1930b5a
1425 7c2bf7b387f98a9b
1426 f3795db1caac6ab8
1427 4079e86caf5e88f1
1428 397ff0928e92eab6
1429 a4d03ba0856a5caf
1430 2c6bb1b48663d83c
1431 9871950273f5c425
1432 c91b795c8330e1fa
1433 db1aa7e291e1cabb
1434 e92671bafebc7290
1435 a879ac4377c759d1
1436 2dd8395b98ae0496
1437 193dc7307c5d0577
1438 6e6aa598a55d7ba4
1439 6e5a2ab6766e3e15
1440 bb3f02505d4d601a
1441 76450bc59d615e7b
1442 c07dfe0294b7f698
1443 608b06eac8f15cd1
1444 e9d4c3c3234b3c0e
1445 2198fb7b237f2c8f
1446 38849a1029a0bf9c
1447 92408de077b68a05
1448 15fee6be010c30ba
1449 e339d2a2ab4cbcd3
1450 e8337bbe07f5e670
1451 f28d0feb0fab85a9
1452 d1a569c5861d270e
1453 e7ad65af06caab8f
1454 ad358b3e6b087104
1455 d96848c291368e6d
1456 0afd3d5619fb98e2
1457 6a5265a4fcdb5fe3
1458 d8a40314e61a1d00
1459 0c04436dad6c4619
1460 bd4baf34caeac7fe
1461 d6d382f017a0f07f
1462 a66c69b87830814c
1463 b1e9eec8ebfc5d35
1464 816a339f10900002
1465 5dd6fc4b3ef37043
1466 0912801908029560
1467 4c1480307e276f59
1468 1a043bc54118a83e
1469 6f5cdee8be788b1f
1470 378f4caa8c008aec
1471 5c78eddfa20db7c5
1472 8851de5e767f204a
1473 583ba16c35a0c08b
1474 88f3d990a47ae4f8
1475 fd5d801a1d5b1b31
1476 63a1f7d109c504f6
1477 95594bfb0e5a4c87
1478 47038dd210643b34
1479 57de68849e71e89d
1480 d88abc1fae7ca1c2
1481 b0963bd46270e443
1482 6be65ae4d7f38860
1483 a4d4ddf852f67a71
1484 7914748cf9be55e6
1485 00f1e119d2772107
1486 1e70b2cbc8b415b4
1487 36e796a6199b191d
1488 61ddac53dfde9bd2
1489 6de6540207d1e0ab
1490 cebd90942b23d808
1491 52b29dbd7df45601
1492 781dfc22922d0586
1493 b243a895feeef0a7
1494 007b42903295c5cc
1495 71dcfc171a2aa4a5
1496 f66045a650846c7a
1497 9ba75bbd8d95353b
1498 25a16eaed0d14558
1499 1f958d0b054a3831
1500 20c1656cacd631f6
1501 8a06b0c3d9dc9917
1502 1158747da29a79c4
1503 e4e9ff86bedc022d
1504 9d2e54fabf0d7472
1505 4eee67618fe3bab3
1506 ba34b561973cae50
1507 535edac783783e61
1508 7f5a4b26b3ffe7e6
1509 6f1ac7d4bf769d77
1510 afba11e9f95113a4
1511 e6ed157887112e0d
1512 44c2ae2ad7215892
1513 9a64a6f26cf7f13b
1514 5ea08f4a60ed1da8
1515 05d02dba115c34a1
1516 50254db620583d26
1517 4fb760b220f5cd47
1518 0a47a92cbbb7e1f4
1519 2498b77caa900e55
1520 bd1ac78dcc75565a
1521 4e8a3fd7b83f1e9b
1522 e3226102c3a2f4b8
1523 746c69357f19fff1
1524 cb5b4374c813032e
1525 532f5dd0ef316faf
1526 cd026785f909a63c
1527 b3353a623d36c925
1528 869eae909e10273a
1529 ef8dc0e75e318fc3
1530 09427fe1319a40e0
1531 89df79e3b7f392d9
1532 d525f34e587872be
1533 8ee356feeda4d63f
1534 7071deb04768bcd4
1535 2f3d9f1d8643caf5
1536 1d1f1f32a3c60efa
1537 e00d2a4eeb6601bb
1538 3722d68c2277f5d8
1539 b77f2e011e8f8229
1540 989003497501e68e
1541 98847ee7fc29a687
1542 c521872454358334
1543 4eb8767e7721559d
1544 f758815dc1318c3a
1545 fdb517b3aa878cfb
1546 ef855c8bde2a3e18
1547 e91d337425867551
1548 7f97af59811c7a16
1549 abdf46487e956f57
1550 f8c034d9f381b104
1551 8e44950a51d53c6d
1552 c8cc05a737ccaae2
1553 f52eb21e124094e3
1554 b0c9e2945c7fd2f0
1555 93cc3a48eb1e0529
1556 d64e2af73419878e
1557 f03a0d6d841f6e0f
1558 7ce3c381e93b2a1c
1559 0ee7e13cea82d5ed
1560 4c14a75c2c28ea92
1561 72966a399a2e69d3
1562 8bde9eadd1d77670
1563 f687842fb6d0d8a9
1564 ae276518b9a9cd5e
1565 2c931085aa115a1f
1566 1b4cc868dd6db4ec
1567 45a457133510edd5
1568 78dd33a9c8e10fda
1569 764ede68f11cb243
1570 6dfb4aaf04983560
1571 25b1cb793cfb42c9
1572 bd08ed1a833fc3ae
1573 7141ac49aee4f62f
1574 e28cf8b23c6d6054
1575 290d65cdd994c3bd
1576 fbaa4ca9434e8a62
1577 a3655696261c60f3
1578 9a72fa2d6b180e90
1579 0f32a0b977321769
1580 7abe6ec98e3a51ce
1581 23b5c3a3dff7aa4f
1582 30d2e2f3325fcd5c
1583 99ff31e2f41a463d
1584 d1973e72caba9422
1585 0797e3f374174d23
1586 0864105182e56c40
1587 fe016e9aae9bc5b9
1588 90abac7ab842121e
1589 b1285f345493c9bf
1590 77eacd85845f748c
1591 73d9ce1ad815cd75
1592 79e16d11f1ed576a
1593 2c82a629bcc6172b
1594 f24910d094738438
1595 01cc853953101081
1596 2fa5119e746cac06
1597 bd6ca35068a84e27
1598 2d6e66ad26d0abd4
1599 9d9c32a249fe7605
1600 009cebff7714128a
1601 ab9d4d35c1918d0b
1602 5b3a38aceb11f768
1603 a91c160db57e2a61
1604 1d8ab9f954a1333e
1605 2ca1f50bf2b448bf
1606 61e2647d9bdd5c8c
1607 a7572f5be2ba406d
1608 7513826a437b33f2
1609 85cd37501d34298b
1610 124dfe2d21e26ee8
1611 c54cd677dc3d67e1
1612 4f65977a757e5966
1613 caeee6990044062f
1614 dab6e592b8a28964
1615 1b367d26c687b7cd
1616 d08249e243a6e2c2
1617 673bc84375b68f43
1618 c1b9402b7a94ea60
1619 7c5a3e9206120251
1620 fda7d9a109701716
1621 b194de7fbfafa2f7
1622 52091de5e0fafc24
1623 5d68697e459bda8d
1624 33a73b4c8c9b95aa
1625 e982d60e20f1e26b
1626 96a34b9b259602c8
1627 7866d1ef61a370c1
1628 ed0dcc7d0719d146
1629 1279a965f97fc687
1630 1d7144d314204d34
1631 102b94dd9afd559d
1632 cd12a651ae462452
1633 72d4768daad27193
1634 304c4c338bb51e40
1635 0695222d559057b9
1636 f427281de061331e
1637 b206444d42fd3707
1638 8a02c368200a63b4
1639 8db11425f8f4071d
1640 b7ea9b398797d842
1641 c4eb7d1f28d6b2c3
1642 d00a29a4088c0ae0
1643 4c35728d91a98999
1644 95bb21da5ef66526
1645 f7be021b5f948d47
1646 3dd3b8a37630e1f4
1647 da2123f4ee81d65d
1648 eab2350ead862f12
1649 7ed192335fda9c53
1650 8b975a4f923509f0
1651 596c418310c35f29
1652 1d907dc2e0acf28e
1653 419237349c50710f
1654 c290a52c1bd81e34
1655 ca2af65a91783c6d
1656 6ee171b6717763d2
1657 28c951c5b3379413
1658 e32acf7da5e7ccb0
1659 d1c72f4f78f88e21
1660 6d09db127535cfa6
1661 2378ef9a2dc47a7f
1662 7a7ff07261ea7b4c
1663 592232fa1d908f35
1664 9996a3921b4920aa
1665 2012b7d0abf7b56b
1666 0e9190f993cbbdc8
1667 f450a7b993fc1971
1668 4666ddb1544fb336
1669 d801ec9194c4d937
1670 caf9bd09d559f064
1671 9d1a54a17afa51cd
1672 388aaef16e80b952
1673 b0c7ae436a8f7d03
1674 79701069114260f8
1675 ccf3e56c341e7731
1676 5ce857ec7030d0f6
1677 c0f09b6dc5e18cd7
1678 194126e02b57ee84
1679 d7bf6a7fcd2b2af5
1680 f0ba8cea01a3e9fa
1681 d61de270554050bb
1682 d0453675583b14d8
1683 26b9c528a16b8111
1684 2f333933f0d2452e
1685 2d1295a37054ef87
1686 1e4ec9bdab6e2a34
1687 b2ec8c67d33c8b9d
1688 dbaa907198c2f922
1689 b1109a894e242abb
1690 c1171eb4df2a16d8
1691 9b44dc9f4e5771f9
1692 60db5b9c1d98855e
1693 6c7707c8ed3ad6df
1694 63ac576558fa8734
1695 0e8ee10dedf3439d
1696 993a74c085cd0652
1697 42399732cd85b5a3
1698 40c6c1e28757a8c0
1699 1392f5e416c5fbb1
1700 9a0be060743e0d76
1701 60731b75de47a457
1702 47fad7d863f50304
1703 6c4645489153366d
1704 a3ce159443b7f4aa
1705 c5da9acdd04ec96b
1706 f5ea9e1ed55f51c8
1707 28e3388e7654ee31
1708 f3b59ad9e720c7f6
1709 028ad97b11a25977
1710 513758c40c56ffa4
1711 9d391131b0a4ea0d
1712 6d48c4f94bd3a502
1713 3f295686663d646b
1714 b9aed8415c7e1778
1715 7a7208f238b2afb1
1716 3c7cff4511b32176
1717 36ea2ec870771557
1718 b2d9cb8361f2b704
1719 179f66e1acd2dfe5
1720 59e657f352de01fa
1721 850a99441626c8bb
1722 000915e833186cd8
1723 327f308e9be5b911
1724 00db2a7598aa39a6
1725 e46f38281b9e7dc7
1726 4927e8c63f332874
1727 060c84a3263792dd
1728 1a25607759891b92
1729 7182e9499e7106fb
1730 f7e42e74a059d018
1731 3cdf88bf32417f51
1732 45e03953df69d416
1733 6ad19def81513bf7
1734 5e597c3b9a5e5c3c
1735 21411ae081077225
1736 5ad924bcba140eda
1737 40c7d1b22c84d633
1738 f683d41a4ac9ccd0
1739 5f34ff77f517ad69
1740 09beda15c68907ce
1741 7d141722a25b904f
1742 00f25e80d909835c
1743 525b5e4e77dfbd85
1744 6bf211f0fffb4f7a
1745 18fa65ec6b03a23b
1746 7a3a72b7ec99d658
1747 4c7686c4e67f2d91
1748 2d9f6b18e8b90d56
1749 73430ede1fe19017
1750 00e2b7f1ae6ecbc4
1751 cd167fe9b8a0142d
1752 398e63baa41514d2
1753 fc3440155cdf6c13
1754 0d122dff1bc634a0
1755 e5551a2907ba6dc9
1756 8c5c3ed2c9ccccae
1757 192ff3945c853a2f
1758 b304a48f80b0bdbc
1759 71b2446726a520cd
1760 7617f14e418018c2
1761 29f3683cd58bc96b
1762 45a6db687f9543c8
1763 709b6c6280dce3c1
1764 e1ea616dbceb8b9e
1765 cd90b68bc908f11f
1766 2f0547a640425fec
1767 b322f0e2022dfa05
1768 c7cbb892e5b120ba
1769 ad4187c2bff0f9d3
1770 11a0929bff2d3f70
1771 108714f4eb1896a9
1772 80af1bf31b1a900e
1773 29f016a6ebea833f
1774 3dfade52beb7ec34
1775 9f9cc0cbe040e69d
1776 4f6310a857923c52
1777 69c82e339100b093
1778 1549244eb8f93130
1779 b171dd4b5d46dfc1
1780 0afa4296b089e846
1781 63819fd4a5f56067
1782 ca9953535e12cd14
1783 b68addb4b501e47d
1784 fa990b8628fc75fa
1785 63cc51ca5b0007e3
1786 238a052616182100
1787 4f767e02223b2579
1788 7285e73974bf4ede
1789 13421405e125cd3f
1790 8febae5e7beba60c
1791 5d9589f35c7f8d5d
1792 d2acd24f69b22c12
1793 e9e2e2c8f51df753
1794 65b367935783b040
1795 78309d1e95c471b9
1796 b2aca430d949f51e
1797 c89f1cd11f24a37f
1798 28a3505f891e1e4c
1799 eaae6b6a1ea09835
1800 cfba02575e48f30a
1801 e8cbd19dc1fd8a4b
1802 40715f45a8a4afa8
1803 00352291803538a1
1804 fd2154f36d96b456
1805 4c7d771e96769637
1806 01fe98b4da70be64
1807 e2ee42cb79557acd
1808 4ca39bb29ff082c2
1809 695229810eda210b
1810 2ec234ad13ccfc68
1811 7af664aa2eacd561
1812 681be7a505a696e6
1813 3192fcf78d3b6207
1814 a566d8e53235172c
1815 735b0a898cb0e9fd
1816 27ac308338d3eb42
1817 2f671401ac409fc3
1818 8a96c4f47b79d0e0
1819 1031e77746360bf9
1820 f3bfb2db93fbed5e
1821 bec40fb535465a1f
1822 5db3867e46ba9bec
1823 47cc78233d2a3fd5
1824 4a6ebfe6962bfeea
1825 4c18a84a5994c2ab
1826 bc3c23237d630208
1827 2c4b2121b93ae7b1
1828 fae4ae3ea87d9976
1829 ee4252558204a347
1830 ebae36267af5b9f4
1831 ed686f04f13c005d
1832 8dedcc3f1cc87d82
1833 2ce37de7ce73d593
1834 d9d8ee363ca36c80
1835 976e77999d5a89f9
1836 339c49a88cb6715e
1837 48f17f65aa18eadf
1838 9d15693de863baac
1839 64287964f1283395
1840 c114c7402f39859a
1841 f8a54b1af4ea3fdb
1842 10dc26821469def8
1843 82f0964b66c0a531
1844 9202d98ea6ea8d6e
1845 a9ff40c9c26320bf
1846 9ef4a9f2761c748c
1847 ca686f22ac1ca075
1848 529fca7fb95b3d6a
1849 960385a51d1f32e3
1850 f934d68208657600
1851 754b5e10d78321c9
1852 7096b77208c65aae
1853 e53ee08e0d02092f
1854 863c7f25549b3ac4
1855 d6cb56815150272d
1856 65e3b96718e7fda2
1857 993ca551e45780e3
1858 4b8feef1242a8c00
1859 2a464129ee22e611
1860 863db112eafe35d6
1861 136f033110c7c3b7
1862 e5b80a010a0884e4
1863 24b76a14928430c5
1864 acc755115d84dc32
1865 6142bd3fea673973
1866 4776e7117a618e10
1867 7ce161c360df9cc9
1868 ff040524afda09ae
1869 f0aad0202ae164b7
1870 001c1bf09dce31e4
1871 a68a5c31c8e77f4d
1872 3eb35f05c5450842
1873 2d15bea88019e4c3
1874 64155d81caa92350
1875 7390a12d96f07fb9
1876 3158d9fd946efb1e
1877 1d66f8a384b24b9f
1878 77a0c2a36c4dd96c
1879 6804ed7ff32a3855
1880 7d6175a3cb5d794a
1881 771dbcefbd74fa8b
1882 e0f876d030fd94e8
1883 ba3e213e7952cfe1
1884 aabb8da01c62fe0e
1885 878d9df4f490b5df
1886 80ff8f5480f149ac
1887 c8e2af8259eb0295
1888 9fa6e8c934e87c9a
1889 ea6152bedb0c072b
1890 e68a640302243c88
1891 bc592fd160c0a2c9
1892 979e79b0ca84a3ae
1893 64d75f1798c6562f
1894 aaae99c12686bcd4
1895 a6c9fe86ce14ce3d
1896 88dadc92bc940ae2
1897 d7101fe74e71a2ab
1898 76054b3132d00208
1899 7fe0af58b662f279
1900 0822f0a4acedabde
1901 2d830a9b55f7fd5f
1902 5704b3013140172c
1903 eff3cb489e3a3515
1904 839d1ad25068c9ea
1905 293f826fe5188dab
1906 fdcb3cc1f0494508
1907 b999de1916cd2d01
1908 a839ea272cbbe486
1909 235e2901b3fb4d87
1910 b1960cd02eaa3834
1911 48edec5aea0ec09d
1912 d9125f4bf67f6f62
1913 3729c03a15c8e763
1914 5cee5a04df027658
1915 3ba8ac83ec7fac49
1916 d5c83a17d1bf8f2e
1917 e84f0f81284264af
1918 5cbb0d774b99c03c
1919 57700c6d34537f8d
1920 251449b20afb1082
1921 4390936f539ee443
1922 4c5c0788159f8860
1923 3ce620b7e48b5559
1924 d846de827f95d6f6
1925 80e4224f9a6c78d7
1926 264a34da93a64d84
1927 7a3e796365bb8a5d
1928 4988212d2c76e682
1929 df767afc8830bcdb
1930 d1131d1c0b2b27f8
1931 c97aefc4ca3f7731
1932 f15542145ab85bf6
1933 45cba611fe10b4e7
1934 325e251f6c92ee7c
1935 49e20e3fc7e6a665
1936 1c1be5a33748576a
1937 d56b9b916f70312b
1938 dd45c4f7a4d25788
1939 3670c9e85b001ba1
1940 31c393f33d6cdf26
1941 ab1c012bd63aed47
1942 0cbe620e55db5af4
1943 523e3309bec0a85d
1944 a8460b1f84020f5a
1945 3f7e57ff19c80dcb
1946 d2277b89ae7c3628
1947 2aa201dc344a1721
1948 3421ec4479c824a6
1949 e8419f41678f22e7
1950 748d1ff08e55d294
1951 f7e63d846be1a38d
1952 6d9e5f6d83a30c82
1953 5dc21739700f0803
1954 6147f68b2c921cb0
1955 910243b4f679afe9
1956 b4ee59dbc04f064e
1957 12d690f2b559fd8f
1958 a52378cc8d6ebf9c
1959 87d4eb659f2c8a05
1960 476fafdb4c3a30ba
1961 3c85d9f708e8d988
1962 9dcffd791796a94f
1963 10561131a6bc2fc2
1964 c9d8d547cbae72f1
1965 04add331ddde1da4
1966 b41a4e64a73c53db
1967 f4f94fa4a2c2b4e6
1968 7a2420ab497cc325
1969 a1c032ed3bea3118
1970 e2cdb9f5afa3deaf
1971 1f6d8dfb6d649e5a
1972 c7196d489b428e19
1973 5cffa2d98638132c
1974 449cdda01478d0db
1975 b858876be0a66c46
1976 0bb9f32b6f238575
1977 393eb3a89ec52de8
1978 eac17b4ee7279dbf
1979 1130660678ffd3ca
1980 fc909b804b85fb09
1981 a6e835c4d8f0b2dc
1982 632dbba06f8ad6f3
1983 87caaab9cdeb1f3e
1984 993e72b44dd6c35d
1985 366eb4f00b2c2790
1986 4aa8d6ce42fde207
1987 202ce526c85c5472
1988 03d3fff3ea78ea11
1989 6d2eeada26f5fe54
1990 4cbf6c75ee4b250b
1991 f9f35030ecd0f8d6
1992 b7430517383c45c5
1993 41cf7fc4993b90f0
1994 5716417c90567f17
1995 108e68644ff51f02
1996 2044b1f7235e15e1
1997 ac33ce385a739754
1998 b0a0c24b9bd8f60b
1999 902245d75d682c1e
2000 11a7a45edb6f100d
2001 6389db249996fac0
2002 8906205edfe9a077
2003 56f15677a0bede62
2004 6a7fc00c6e855199
2005 4a37f11adc33395c
2006 eb08f104d9712ef3
2007 5e584c353e75953e
2008 5f3e19a5341c8b3d
2009 0c50fd9c2732dee8
2010 25df934f3aa74207
2011 1f290521e512a876
2012 2caeee2457c46519
2013 57aa9e4589998420
2014 1d6c492ee866aaeb
2015 6309724babd27daa
2016 7acf1b6e57da6c2d
2017 7978f8c873268c6c
2018 dbc77cb6025cb8bf
2019 bd4bb3f384cfcf46
2020 0187db7fac482e29
2021 8423a583fd1fd92d
2022 5a1144269f2de670
2023 08dacec4d173ec73
2024 6437fd9508cd3cd8
2025 018a9fb72df0e7c5
2026 6b3df8c9c77c7eba
2027 567cbdadf2c370df
2028 cc0f0302399838dc
2029 71d081433b4c7a69
2030 c526e22989d2676e
2031 43c264ba3d881893
2032 9191e612174148d0
2033 907e924d6ea01d1d
2034 d8e9151096a90442
2035 77a60d9eb8299807
2036 bd07c76f4a96cd64
2037 7a3329ecd1d151c1
2038 fa08505aa83a43a6
2039 4b9aebaf2481362b
2040 6cb3d46a85b48ba8
2041 3c37cb2cec3971bd
2042 be83d97bc3eff7f2
2043 2daf2cdd4c97f837
2044 ff47a1a5ade053a4
2045 ce192b1bd26dd801
2046 c453112ef16d9de6
2047 e494a4404f809493
2048 722b4797c243ded0
2049 bd8bfcd77579b845
2050 166b41680b10f23a
2051 7ed9494cd4e6e85f
2052 b0d11e64a5dd885c
2053 db6a09d34c3c2fa9
2054 2435c4a7729fa3e6
2055 bf7c88acbde0626b
2056 e0a3499f7dc1a288
2057 62c65afc125c97f5
2058 2e5d0df1883066aa
2059 96f0b2391d44be6f
2060 4aae5bf3d762e1ac
2061 f68f00811d385ea9
2062 ee3cbe27aeba29ae
2063 4d6362b344ef0803
2064 9a2591c773742af0
2065 14591abb5e464f3d
2066 d4c3bfa1d87a2c72
2067 991de64789fa23b7
2068 c3e24bc33b372014
2069 9bb598546d8fce49
2070 5b838eb007836b97
2071 fd10f2a288888646
2072 dd753fa07a748901
2073 1053a02155609438
2074 daee1b0a0db73083
2075 6d40ac9f43695992
2076 07885d9672f1c646
2077 881f136b819ed9a1
2078 4e6d9aadbe432acf
2079 16f9dbac78a1633c
2080 78bf299e5d22a884
2081 f451248d6e27d591
2082 921bea5127d89517
2083 a85988b0969389de
2084 b7f5c844e1ce36f2
2085 ab367eb0050944b4
2086 e8c6b95895937399
2087 f40d9d0ccd048bb5
2088 0a3501c79399eceb
2089 71b456d51b71ca6e
2090 0d63e36389b5e2c4
2091 3c4b329962e79299
2092 c75531e14b1e9ea2
2093 22c3a757351c91b2
2094 c9a774cf74e6aca4
2095 7e08fb8726a683c2
2096 21c979334b3f530c
2097 54773cac243b8239
2098 55d519340943af1d
2099 2590e70493ed5c79
2100 060021335f98510e
2101 0773f58886486f07
2102 fe8d4542b8dd726d
2103 18569e4dbd8dd072
2104 624a33b36284dbe5
2105 5920e59197bf2c8d
2106 1df5484d0a9fba92
2107 d3807cd036ea9980
2108 964dcb4b0cd3eaab
2109 a53277658944c100
2110 f86d4230f55e2331
2111 bfc415bb7f273b4e
2112 5c835b709c3adfff
2113 4d6bd11cafbf03a3
2114 cb5e503f86c601b9
2115 d8da0098f7051ab5
2116 430de15b67fb5014
2117 43d023fc7b37aec3
2118 924e4d0ad94fb369
2119 47d4b15b0e59a852
2120 78240ad3106849a7
2121 cc370854fc9135c5
2122 8ac34bc8c927a10b
2123 e4efdf1c05adb74d
2124 771147d595d85c62
2125 856c608c3f896cee
2126 4eb4a339b70f4719
2127 8af76c96018d6887
2128 4510dec088a2e428
2129 90b4f8d72dac3039
2130 fc3b8a0d3c46dc6a
2131 52c1728a770bd2f3
2132 131882d4ca3a8304
2133 f9e57c69c475cec5
2134 6bb8becfcde463e6
2135 2cce9db3a6ee393f
2136 6cc9874de7f2b040
2137 40c9d0dd5def7a89
2138 e3a11a67cdb6677a
2139 b5adf398ef56ce43
2140 6082cec2546b22ac
2141 cf41f28a83efdccd
2142 4c1e652b72b3ba4e
2143 79a5524a42626f17
2144 2a6e7c9f123c0510
2145 b3c10cdbd45ff971
2146 84ad747bca49b272
2147 32842f2f9b22e87b
2148 0bf1c2b0b9120764
2149 5dc3b9d4ac4b9a65
2150 2131cbf3930f21e6
2151 5c63984ce92c936f
2152 602b33e31001e3c8
2153 f5949e4b821a8769
2154 3efab7964c378a8a
2155 50a09b4fe09a2a13
2156 a6c8140705ee887c
2157 341b776d289a431d
2158 4d1843a0d470185e
2159 2f65284f6722d3e7
2160 f56b32d73bee9720
2161 614ab05c3ebb7541
2162 2f8f3a641f86eb02
2163 08e2db718c03cdcb
2164 d4216bf9208420b4
2165 dfa688cf4a8ccb75
2166 8144247878211e36
2167 ad56de82ef0191ff
2168 0e36d528ca39c098
2169 152a5ea5013271f9
2170 076f85cf752484da
2171 86854ea031b3ef23
2172 ae6fa3d46e80af0c
2173 b82b0c78380d6aad
2174 56e2b5501c5b0b2e
2175 a96738de09fbf777
2176 d488de2a8c99a370
2177 594ea1004af86cd1
2178 eb095dd0616645d2
2179 32f6e6c103b476db
2180 6dffe4dfd7035e44
2181 fc31a4dc594e59c5
2182 6014f783b0172f46
2183 f33d5a897968d3cf
2184 cd4a0575a82cf228
2185 dfbff7feba3703c9
2186 579f86d1ac7e30ea
2187 217f4858a69caf73
2188 80ddbeec5fc2f2dc
2189 db14d86b9a346f7d
2190 3b8952587d19b93e
2191 fe9ff689a7e98bc7
2192 396f798385731c80
2193 23166a39b3dcdf21
2194 479491345a70af62
2195 2b77ef5264904a2b
2196 4623e4d9f57cfc14
2197 bdec9201cb42e755
2198 bcb7b4a1cb10a896
2199 a65d7595f70220df
2200 7a03c47cc91573f8
2201 d8a7e5ab6eb3cbd9
2202 e3f6099576a72bba
2203 6d6044afb54fbd83
2204 66ae6b5d7955c0ec
2205 828f0479934fd70d
2206 cf2dcb1f8c024a8e
2207 6038ab86e7a0e257
2208 d15cd0bb37a08f50
2209 66cd72f4e5acf3b1
2210 b99c6f737b65f7b2
2211 fcb298a90a0d60bb
2212 89cd2bb8bcee97a4
2213 71fd72f3ca8d39a5
2214 588ca14429476326
2215 9672a5b5f3c282af
2216 6a8d0443add53a08
2217 a48c48aeb6a75aa9
2218 d24f0d56df3872ca
2219 2c010ea232b49353
2220 36cabb635f70f6bc
2221 1a251a2318fed95d
2222 89f7ad99bc02f29e
2223 034ec533ea622027
2224 35581dde51126b60
2225 73807d631fa0c481
2226 a33ee8f55676d142
2227 68f9f575c629180b
2228 0b8a7e6095b0d5f4
2229 4d5e7e8234f30db5
2230 9e46dc1ba22f5d76
2231 e80ae1d15ad2333f
2232 db0954a9b16843d8
2233 b8c5be6a911fe839
2234 f00b12b6d301181a
2235 afaadef902c5b163
2236 a82878b9ff83e84c
2237 71c20258d9234ced
2238 0d78d622018f8c6e
2239 c6de3e0b36710eb7
2240 64835bcf05901eb0
2241 f3a7662c4550d011
2242 5ddb06a57c3c0512
2243 b6f8987f4394f21b
2244 2a590e88d80cd284
2245 79fb6d00eabfe405
2246 74b8dbe03a6d7e86
2247 75e2df90b30cd80f
2248 b17df8b425f07968
2249 3a218de436441809
2250 ea6652d3244add2a
2251 bc7e943eea9880b3
2252 f18175cfc24e511c
2253 0bc96309bb9c43bd
2254 e273bf61189fac7e
2255 c52db2e230996407
2256 48cbd35680bf34c0
2257 f9c46005728d3e61
2258 9bbc2daf51259fa2
2259 8bd211ec3641246b
2260 ab1b0193ef131c54
2261 3355c18bb3d2fc95
2262 53ca515b4752d4d6
2263 892f41df8e98b91f
2264 69d3ad53bf7cef38
2265 3c94b084a682732e
2266 bd0e1a9c27afabfe
2267 c15c1e52392e27e5
2268 1dd89f54796e9e61
2269 89a7699fd6608871
2270 cc0a2330430b16ef
2271 6d33651eb406da3c
2272 26207375df3c90ce
2273 18fdebef836b0e34
2274 3c4cdbd38af260e4
2275 53ffaa7f5d955dff
2276 1d8bc27f5454646f
2277 6301b3459ad73167
2278 21624dacfa43c9ed
2279 4b1a8bbbe11ac2ee
2280 25fabb5dba8ca8c4
2281 647af504c2a9d6aa
2282 e8cc558588d9fe95
2283 b2fb1c64d61a4985
2284 2d8ac4d1b3b1b4cc
2285 7bbe90b0dd09cb4a
2286 b56b6c079aac6a7d
2287 802551f12b250091
2288 3f23c94e197e6c8b
2289 fc405385d37a305b
2290 d567c3d5248593dc
2291 b20f3db1aa78e4de
2292 145ccab4124e2e81
2293 0624d264ba0bf259
2294 a0876606343f2390
2295 624b8115344fdf42
2296 d1f38a9ed92b6fc0
2297 6ccfb99d1f8b5360
2298 f329126e945b69c2
2299 84945134b7194bb5
2300 add57b4df741605c
2301 f08e1021ca351a13
2302 638ca6e668ca729e
2303 fca5f272d47d6fe9
2304 dd74f739fdb8cbe4
2305 164918dbaeb5e3d5
2306 ec1340e67e8d9222
2307 8f20e28b27975440
2308 a72a64f7f8c8d928
2309 8948c35a4ea48cb3
2310 0c3692995523c303
2311 25198d2d4a9701ea
2312 e5f39d4556bcd7d6
2313 3556f61d69b81e12
2314 44eee5e251f86344
2315 bb8e8b9968bac1d8
2316 ce9eade0edccaba7
2317 be295c55ea7e0b5c
2318 d5268ce10c0e6b3a
2319 8310465b23c7d02e
2320 f5068ad24daa2ded
2321 82750a7f6dff0d43
2322 8749865460607dbd
2323 87c8fe61805cd596
2324 f148038cca4be9d8
2325 ca0cb526f6644bc8
2326 ea2df3f194d8d6f3
2327 e95f03ac7da3be6d
2328 ae7686499e82a903
2329 0834cb531ce2acc0
2330 a0d7bf1b3cb1367e
2331 83f9435d99314052
2332 a2a8a7491c2260d9
2333 c1eb477f20574acf
2334 a1c2140e62b8fe11
2335 c10b251b59b98842
2336 68af8ab5feee8e04
2337 316800dbaa1ea004
2338 dd26b8db1fdbcbf7
2339 42054b920ca36191
2340 05e477695368eedf
2341 e1c3f587213a27d4
2342 b6f1fd571d792e12
2343 4e23b4f5f7b877b6
2344 1e0e9e55b4287ff5
2345 70112fd40b02e84b
2346 d929d9ba450af565
2347 aaeddd37d4fa5f9e
2348 7224ef9ad65b25a0
2349 49ad32a45f0a6a87
2350 668bad5eed12c8ca
2351 6b17a8d7d67481d4
2352 3c1f79bd8a9251ba
2353 a4207e7f8a7ab939
2354 fd04746e28a426a7
2355 8a2c685376db9c8b
2356 8bde0082271f4570
2357 e8fee94350c78d76
2358 91afa3334ccf2d88
2359 3c69cb209b2a5a9a
2360 bc9d60b59de9d1f1
2361 2ba903bfbed0a8ce
2362 c593038a79884bc0
2363 479f76f8d032de79
2364 e8922d90238b8c10
2365 cea32e56da608b45
2366 62aa0e087370f2fa
2367 129b1053a9d0a657
2368 bdfa3fea88902b4c
2369 1050cec80177e921
2370 cf9d78d22e6d1816
2371 59228d6f219df363
2372 df3ca6940fcdaec8
2373 86c562147ea53115
2374 2588cc1b7754386a
2375 ff9e928ab0b41017
2376 7bdf95e0931d538c
2377 d95989e917e72079
2378 2f3019ba74395b4e
2379 18fcd054bf6708a3
2380 df1c9f31b099d2f8
2381 33799873480b4435
2382 1a3dbd6bcfca4e4a
2383 395c45b9b074c4e7
2384 0705c91383958a3c
2385 c3fa9dd38f3ff171
2386 2fd2bc4c33333946
2387 36fc0df73c619ecb
2388 6bc7acdd0dff3278
2389 e1f59c810269325d
2390 ffb389a9992b68b2
2391 316946483b04ab74
2392 e0ed66c388d3efaf
2393 684b7560a12bb922
2394 831d2712d1f4ec65
2395 37ee5582bdfec030
2396 109c2251fd2c4fbb
2397 55f061c2a7e6db5e
2398 f4607b4b04afbc59
2399 5673f0a6430ec4ad
2400 1ccf5f38baa48107
2401 bb2208e13c8fade9
2402 64306787dce3877f
2403 830f6ef97b47ed35
2404 5d178f8cdddb5627
2405 7f3edb81a12f02a1
2406 76a666480691f577
2407 947ca2bc6098e9ed
2408 2efd5fe2e32c9e1f
2409 aff9cb89ea072b31
2410 0261944d17f78607
2411 059c95b3ffde8fa5
2412 9a0cd11f0b5c9d3f
2413 9b670a0593bc29f1
2414 cac6dc302d55a68f
2415 093ed7274393c302
2416 8356b1730026d988
2417 fa0f7adc0a18980e
2418 34ea4e656acffe0d
2419 886ef62f87dc72db
2420 4ea5ca6a1d835ea2
2421 8bf6f7aaa7e77991
2422 a48ece5c1441ac08
2423 d2765a747a81c797
2424 5a07d1e3f3ac863e
2425 c2a6ffd04e3ae6bd
2426 5aa8531ab6d54514
2427 6d945540b6a6f67b
2428 faaea38ecb2a0b82
2429 11547568522c5929
2430 f0ebafb42bf10be8
2431 433c6526c1df0c0c
2432 69aa837951b65b8e
2433 b4490659f2f94b2c
2434 f6a0aa78833b9d04
2435 26eb2c3be604464f
2436 0f3661e032d12bdc
2437 873dc108bdb52c09
2438 a1500d4b7508084c
2439 fc746944707fdc3b
2440 fbc49d5bd15b52fc
2441 a3b7862dd96222e5
2442 569986f910b6b5a4
2443 1bda2f17fc693cd7
2444 9737e221ba0fe00c
2445 0d724cf655b36469
2446 b2d7230b527a5e84
2447 6aba81aaad75ed23
2448 232c64d7dac04764
2449 2448c4cc7da738ed
2450 e0d6849971a66944
2451 f4b763c03ad33b87
2452 926944b4b207985c
2453 e08c5e27da6dd991
2454 caad9baf3fc373fc
2455 ed9a4e2b6979b243
2456 7bbd813d3f214934
2457 97c349aa1de86265
2458 a8a50740a84dbd24
2459 e0bce1b727640b07
2460 58c9b4db788b8b37
2461 7f2f90760ad26bcc
2462 fd5a0b9d048dee7e
2463 2b57c2cd7bc9a54a
2464 76704e1660b355bc
2465 070a76370d862d6a
2466 47fb4b2dfbb95588
2467 a9d452eeeead9d92
2468 8f70ead95d9c0bf7
2469 3dead9cda8f9ff09
2470 c7731a6564727327
2471 986a5914da53c51a
2472 68fe5a696b964844
2473 597628c8a8ae4049
2474 b743d40da21b2ac5
2475 ddfc0d524c811ad2
2476 388d54c0a91696f0
2477 8c7f86ce2817f76b
2478 8cc8b208834aaefe
2479 97bd14ae17cf70f2
2480 196cfb4fae7423be
2481 6fd608c8cb43cf65
2482 9b3875782b260c27
2483 a7f67dd73a935184
2484 7a203e66fb5b51d0
2485 9dd7caca977abfc3
2486 b8367c8b704789fd
2487 906f86914be389de
2488 594943007d74aa2a
2489 a01f4c49107cc8de
2490 343f4317f7a9f4f1
2491 a7c857db18d22de2
2492 971a6cc8c4e632bb
2493 7e215dc5fc1e3792
2494 9cfd7a47a8fd5094
2495 b74b0f6ce8012943
2496 d6666ae806debb4a
2497 918ff6336361af53
2498 7e03fdea12b82580
2499 72f7cd6a20730b69
2500 cacc9f7d11e82df6
2501 c6482d8a2c5ac394
2502 b6472fbdbafbf1e5
2503 03c61d8005e13b85
2504 6f8811ad43147a5d
2505 d54f0ab46a4dd509
2506 0d0aeed0ecf186f5
2507 088e52a964b70189
2508 2328866576ba3f0c
2509 508d2f2dbca24de1
2510 60701290ed6ad8ec
2511 70b3324fdc6cc311
2512 24e450acf644a9f9
2513 151cef6132b17f40
2514 8fe5b0e6dccf5c5f
2515 913a0050ab8d1bf6
2516 4a597bb17fd62f6e
2517 0ae04539c5475e57
2518 417e4aaf00bdbc8a
2519 297d460833629b83
2520 574300d5c45e6421
2521 3b1b5e0c27019fbd
2522 bb2f42963db65a61
2523 8c68582390836fba
2524 7b2c25135953c10c
2525 c216833f062397c7
2526 553798cc846fc883
2527 71d5246bc7c91fc3
2528 e84488875a2bd89a
2529 45ba5588b2283ed9
2530 cce1a3f02b4d902c
2531 e876c80fd661368f
2532 82d0c6f59a6c6516
2533 2fe75c6b16b57904
2534 853fb47f1add1b8b
2535 0370ae8d3df83be3
2536 5dd733b089aa852d
2537 e73b9e3b3150f67d
2538 efcdbbe269160d11
2539 9d5d1abdeaef6838
2540 757249905a2a7684
2541 bb807a9ed0cea18c
2542 c11af5b5679e38b7
2543 92c25eefad18de68
2544 a45774eddde00301
2545 87c9c4e58a4ded48
2546 28dbfc27f19fe165
2547 8600f9b652b23e77
2548 5286f1fbebdeb728
2549 5b1a36b86a82e31d
2550 93e33f4f0b129f3e
2551 7764e3b846600650
2552 780781cdfa51180d
2553 807de36961d414f2
2554 a48602752366cb13
2555 c58add8e05e7f339
2556 c4fe953f358bb203
2557 6ff57e7329565524
2558 ae441578e02372eb
2559 18256ed0ca8cc3de
2560 f42f3c19ba8fb162
2561 a20367953cde8e75
2562 317ad835628956de
2563 21a149d406e0e259
2564 62e55607c22d3add
2565 2628140fd3c5d748
2566 36732b466326b237
2567 cc84fada023b1a08
2568 b160f50ad91dfdbf
2569 689af8cfe0d9273f
2570 5ca3549afc8b2156
2571 b95955cb72b10141
2572 47f9a85c9a277f78
2573 5a33b9451cedf226
2574 c77b1b19ba30b4e6
2575 3adef5d9317f4153
2576 6defd4a168c6ae6c
2577 644399c33fc02a40
2578 25420e1957157705
2579 9b5baa261d33861c
2580 2b413bcff4eb1555
2581 c7d7ae87b9b967ca
2582 fa406c66f1e3abf2
2583 72ff97774318f0bb
2584 7df22a1c4884062a
2585 1da644e03111344f
2586 e14d4de85ddbe493
2587 2dc4a8090b10d904
2588 28360dbad62916c1
2589 fdbd551caaf537a2
2590 eda72d618b55176c
2591 0df972ee4de05f47
2592 ea0e677e22ecae38
2593 a044f878a8874e51
2594 7b146275d08a1305
2595 3a9e690c53f6c637
2596 a2a2de916af13070
2597 fae966d762a0deb7
2598 2e6ec8ea5cc08bf2
2599 94c73149ab6e7136
2600 873fabdb64441dab
2601 7ccb9ae17285a23c
2602 3642ebd733fb549b
2603 7f2d03056a136173
2604 172f3981f3076b83
2605 ab3a53cc0f06d432
2606 653fe4ac460dce3b
2607 b7aae322a32d9d83
2608 779fc62dd8eb81b4
2609 bd9ce8a58090d4fc
2610 d26f054ac1eadbe0
2611 0b627febcaca729c
2612 38f4126d84d6cbab
2613 555dfb7ba316dca5
2614 d4246c591e1546b1
2615 b5107b72c24d6843
2616 c1476638bf9a8427
2617 d4aab8bc3614460b
2618 c616ab0d5332f6c3
2619 168da1060dda72d7
2620 7cfa0f10a57000a4
2621 ab13947460992db0
2622 7447605f9bc09319
2623 df063dea8c7e703a
2624 418d08e3e9eb8cf5
2625 73a4e39055425872
2626 214a7316a7f7a664
2627 3a0fbed717a181a5
2628 08ef0cfe52d1bbf0
2629 6b81a5d1a0090521
2630 aa9ddb072da4625b
2631 3b7bb7950d82a56c
2632 0ac5b4a969054bca
2633 42ab7d20320f41b8
2634 ffc4f113bbbff72d
2635 e39d9a1a7da8ebd2
2636 4557444e7d876f43
2637 e49892a626e16b94
2638 c0b62cc47d107daa
2639 50b52a8eba21e645
2640 fc7564d9d71b0868
2641 e5e8362fb239017b
2642 413b19856f1f7bd9
2643 f992263e1bf617c0
2644 d0b5ab4b0e0692a0
2645 a87472727ae6a94c
2646 6f446c505fcbe0e5
2647 8d9da6548a075abd
2648 93de9327a0182fde
2649 a6963df79dd4203e
2650 b25f16247aba0cb6
2651 a903a06a6a558621
2652 14ffe0d98ad24ca7
2653 3da00e6e85762a35
2654 5b1f78b1679fa619
2655 62e220aba08a36c2
2656 6b81f43fb53f361c
2657 a4e3930caeaadd55
2658 b3f232f6ead219bf
2659 bc1b9441c07c578c
2660 4a27ba3fd291a898
2661 b5d72367ac8dd219
2662 7ef94f2fd44e23c2
2663 f28711795c0ba849
2664 e9b633978550213f
2665 63249e88a4939c7e
2666 b0f36fc44927123f
2667 fb851ab740608074
2668 fecbbfa06a6aba18
2669 d22c74695519c545
2670 0083146ae2c10c30
2671 1fa571255a462ce5
2672 d9015913c2e3d58e
2673 aab2c492ad0ca23c
2674 e1d9a5da244cc831
2675 e94c8980204c46b0
2676 3aa3902fdb8cc919
2677 dbbb5c70d9cc4bd1
2678 2b3777068549beaa
2679 dee333fed6395fdb
2680 f0c766cbe29e648a
2681 ee4cb9993803e10c
2682 e197b15324a4ec03
2683 3de2b38f702294d0
2684 3711db04242746a2
2685 9bdcd66793d5f4f3
2686 fa6f5d21bacd8311
2687 5b2495966061d862
2688 390c104f9418f069
2689 3022b924989d9b38
2690 66a0891ff4063bd2
2691 69734dbac73d1a59
2692 9c2e05076dbabd27
2693 4143a3e1df6ebe44
2694 ca0f12dbda398684
2695 4db954a832e01845
2696 8b7552bc605b844e
2697 a642786afe6d764d
2698 e9f04ef7575b430e
2699 c11146369860286a
2700 0cd036ef1e6b5850
2701 9e98fcc93fd617eb
2702 4c2184ffd68b8c50
2703 799127ecb1613a6e
2704 98a3f04f5976d6c3
2705 3fef03dc03b8250a
2706 52509b50c776a8c9
2707 3104ecc8b04aa203
2708 54ea5ca3041b5ffb
2709 d5b1f469ccd17586
2710 fb8f41bf2ef84bcb
2711 dc5c919a44fa4020
2712 05de66f668f65a4c
2713 f9ab039322b7810d
2714 03a19c9ca3fe1d94
2715 9ef41769459eb095
2716 3eb1d77c1fa0d0f2
2717 1cd29cae369be725
2718 2d997643d2065374
2719 64e807b17a1f5f2d
2720 db574911a0b1210b
2721 d46462f0fe9b5b1c
2722 d808839d20a2cd73
2723 12db12a0bec38382
2724 d534defa8478694d
2725 ca0a383920567c9b
2726 d8e0635b2ddd3650
2727 ccb626763bdab893
2728 764510441d49cb92
2729 d9032590b887e92e
2730 94aa8df59765cf4d
2731 91e534270cb612da
2732 c0fe9962385eeadd
2733 000637a9f72a8ed9
2734 42d628dfcb537f04
2735 3fccb45081e415d7
2736 518d508769fa2990
2737 e50a72b22d852bcb
2738 964d821369d53a53
2739 ccec7ea0f73e69a2
2740 af0f40ac0b542245
2741 fb3ba9044f7924a0
2742 d251244753fdd7b2
2743 01d1fcd4cf5b1b53
2744 70bb84d8424fb4ea
2745 b645ae1f0359f94d
2746 bf5c7b2e5037ae59
2747 380fe409470088c4
2748 64eec4b8c9142df1
2749 1bc38caf188872a4
2750 709cd619dbc27ecc
2751 a5934cf50a46dbdd
2752 232c1cadc12fd484
2753 545ff3ac8693ba49
2754 2265b92111f6a9cc
2755 41aa89ef8123a398
2756 7bd9653cf4babebf
2757 7b3d6ca2606e5086
2758 eeda42e8056737a9
2759 af2b9fdc93beba63
2760 68e5bd26c22d7550
2761 11d853b7c962e64f
2762 af50c97bfb23be7e
2763 88b767e53c3ae39b
2764 4f9acb5dc2d0fcdd
2765 47a1debaae6873a6
2766 147ee19aa77154cd
2767 dd19b992f4afccf0
2768 785832eb0109d4fc
2769 a5c370e17c29b803
2770 a2d098afb4e00fd4
2771 d12de77187c02ebf
2772 da6231ecd9f116c7
2773 357eb8855769675e
2774 434521b740f32a1d
2775 f70ce4a120686090
2776 86eb978b9c35f217
2777 61da3d88ef95d393
2778 4716b39b59b63072
2779 16aad571a41a9191
2780 9d4d179e62b9ed1e
2781 ecf24d5a0d37b21c
2782 352193421b84df35
2783 49270166578b9ae8
2784 535c3cbecec5429f
2785 35731103e5ebbaaf
2786 fdac74796c443ce2
2787 1862e2fc300e70db
2788 b26ec4a8cd3cba6e
2789 6b7fb1dc635cba01
2790 28fc2e244ebe9b29
2791 25a76ffcadc65958
2792 3dd275f74f152373
2793 d8198985e2d51ffa
2794 35443bb62e35757a
2795 0ac2afc2d0599a59
2796 8510bf126b1f412c
2797 1d64cf02e21790d5
2798 8d16a5c1fb255cd7
2799 3b8928db4e6faff0
2800 b216b338f065934f
2801 cf68ec469791391a
2802 18c8719050e1b41c
2803 813a5272ba86c72a
2804 6e8120fbc1ff51b9
2805 14e3afde5df2c662
2806 304dc64f3b4fe06f
2807 bb08b735c8abd4fb
2808 fd87d454fd1aae50
2809 c645a1f084f0c2b9
2810 69685b4554b63c22
2811 5df03522ed68827a
2812 21014e78e69df05f
2813 06876ad488e17b78
2814 4953ddf8111a47ef
2815 6e9155a219924cf0
2816 20141f658b625350
2817 1aebf0dddfb820c9
2818 2aa23a6a89902e6e
2819 65d5151012d1256d
2820 45d96bb7c332d40b
2821 c0f9dfbffa3eece6
2822 f59421d77c55b633
2823 2ec2ec6d595638ac
2824 3f7e758ec05f67ac
2825 7eac81fd4fbbe431
2826 185c53c2ce180d92
2827 f2d6168b25de73b3
2828 53fa3c8c089e29dc
2829 e2d6514a97b7e8c4
2830 7fc466421fd30f9d
2831 9c3a2649f8c37574
2832 aa356f88526528c9
2833 df83636911b067c5
2834 21a65988385b7eaa
2835 08c665f55cc8d747
2836 865e37fef4fd580e
2837 d791777ac0065158
2838 534721812f62e8af
2839 bcd2ff1905734fa0
2840 e3d1b3f62bff7209
2841 f97169247bb2ec78
2842 72a4264d5ff03072
2843 562454b4a6d9ddff
2844 1945e3b01c0873d8
2845 f11785c1bc662145
2846 9784fac264f51c19
2847 4fc9b5e870b1d34e
2848 73550ddd7386220d
2849 b16589997da9b69a
2850 a3ef19523afe4d26
2851 07d5119f8d2dc9eb
2852 8e3f81173b07e37c
2853 e6424264a3c1c6ab
2854 891b95b53d27fb54
2855 47167499e9038384
2856 3fdd70514e1683ad
2857 3a96677144aa63d2
2858 f485a16e9ce1a141
2859 a5a73cd43dec5faf
2860 936e759474d5e2ec
2861 b17e94c063b24202
2862 2a55b766e2870085
2863 5c75ff30e17b4239
2864 e95582f6a1f338d0
2865 c84e94a48bd36bed
2866 bd99e9518b86099c
2867 bef6b92a718f4183
2868 c1a51459bff8543f
2869 0447c1fa9e6a684a
2870 f87ffc8462b17b13
2871 d673f008dca1550e
2872 7ae4e06798e5f0ca
2873 8e70df14415c9849
2874 e8d7217b187480f4
2875 103626cefb952fc5
2876 206671115e0e6c7b
2877 4318047b636f9156
2878 3cadeebe66f373e1
2879 d21dcaae83100938
2880 de5a696680039ee9
2881 9bafe1730e5bd127
2882 eeaf610ad354aaf0
2883 d9e1263f95711e5f
2884 4d8608e8118e2542
2885 c792009e2aa8aba6
2886 068c8f5c697fbe71
2887 6edabc2cd2bcc762
2888 bf1e4314264498e1
2889 d0d9f5da6cb619cd
2890 8115448550b21ec0
2891 7e00c7f2537b285f
2892 cf0d3f9a11e224bc
2893 17b21ebd20e135af
2894 f3ed7e055e3970ea
2895 bd326c3950ae0262
2896 285f797c12b421f1
2897 eae821a3043d4306
2898 ade5688fa6186d18
2899 8cbd89921dbdb439
2900 548de4e3c6b9981c
2901 5ae2c2781cd00c9f
2902 96cfdbb5b37b439f
2903 8564d60c515afa86
2904 370f85623dd754c3
2905 21e7561abcfc06da
2906 f8aee83a0de91dad
2907 b4911e2d280c45a1
2908 f369bc1b0f05d918
2909 96f6eed6d19ea71d
2910 e95455d2bde1b11c
2911 59346d2a9b9e8202
2912 27d49308106a71ed
2913 b41377342e3ddc58
2914 716763a5dbdf386d
2915 1370dada42b33387
2916 e9ca11a00a40c6cc
2917 7022d0246e73bab7
2918 58c228436f65d76a
2919 7bcc1d752ddb84af
2920 6d4aacde185cb451
2921 6977ce0e6aa2d99e
2922 cc0a14020585afd9
2923 6e5b82213e033348
2924 66e8141c36bd0260
2925 42d21447ea952f2f
2926 161570e75f195ec0
2927 79644eae4aad37bf
2928 ecb9166bd86f683d
2929 424b984a088c8d90
2930 0a010a5d3a2f2a1f
2931 752532c5038cbaa8
2932 49f18267d8940a9b
2933 9b59294fbfd2fef3
2934 f9e119c721abb756
2935 a31c2264079e0c31
2936 53e908f2d68f1bae
2937 8399c15b056cf084
2938 0e2b9bda91c1233d
2939 8082d01bc9a6894c
2940 0cbd3fef3a23b47f
2941 701e552387c7921b
2942 ae95ef3d89a184d2
2943 6521357e258da013
2944 9c28aa2e0c5f3a7a
2945 539a4af0fc9f5b91
2946 779b839cc5c399fb
2947 b1b590f04320911e
2948 7083d3f4f5b66217
2949 d5b01b0a0d795112
2950 e32e9041aa45403e
2951 cf09cce8ffb81c99
2952 618d43c23e44db54
2953 5d32a91b7cde2ae5
2954 d9351612392ea45f
2955 6f3281fc0bf76c48
2956 d7e6292dc581e7ff
2957 f2cdcfc4220bf9be
2958 4aba0823f8dbc86b
2959 90b1550ce26ac0cd
2960 e658c4d3499b1c12
2961 a998712b6a1184a1
2962 a310ad25b747b290
2963 26e62483fe0f7926
2964 e764ea736390871d
2965 130526d95727d4a2
2966 c2cf0dad9abb0bc5
2967 f368b20c84735291
2968 1d69e7de42c77554
2969 dd1d0de307249cbb
2970 6dc80608d80c406c
2971 fdb08bc5311c8ce3
2972 0f256a5d677a5df3
2973 dbf41aeb7ca5a8d2
2974 f4f5b7af91514f55
2975 2f085093cb46b1d6
2976 60da2b76bf6ea050
2977 5bbae9c671ec30cd
2978 5967df7444b9b75c
2979 f817a4dab8267fd3
2980 4b70f163ed7b45f5
2981 215c498534f90af0
2982 87214373b0418c55
2983 02f54520f34a3d88
2984 05a201d67ea27b43
2985 23f72071ebcb253b
2986 06fef27e45c1d6ae
2987 5f87711cf33df90b
2988 23c6abed31f07316
2989 2283cb444b91dc32
2990 ecd1e5f909ebdc71
2991 c232dce28281a038
2992 daa25f01f4ed9b6d
2993 b827e38391cf8f33
2994 ea2e8b159fbc6494
2995 ec6d61f53f28a6af
2996 3b3baa8ad73563ee
2997 e0baf533c377df9a
2998 55a95dd33c51b808
2999 ee5a5459601fa1df
3000 edf93c6a535bee4c
3001 7845021415a902f5
3002 459eba1395ee0ef5
3003 c502d6a62af9fe76
3004 dd43d0d813756135
3005 30c1c801d792335e
3006 42d488531825fbf6
3007 3247e0a48676e5e7
3008 0766e03876246c0c
3009 a8ef888aecc2a7e3
3010 c37b447a49ee6228
3011 7b53313ba3d9b264
3012 2b659f885137ca61
3013 288499cf1f5c8ada
3014 3ea11a475b3c3fdf
3015 38abe72005641e51
3016 9f41c03baaae6ba8
3017 d6e5f50cef6b9b39
3018 54683034fe833842
3019 db2554cb62e3a2a2
3020 ee355f4ce17b4aa3
3021 9c13a1f27acf0a1a
3022 162efa461282c8e7
3023 ca31ed13dbd8ff14
3024 1af272f16d2e7e10
3025 1ff3448a0d2bc195
3026 e6a470f17007d77c
3027 0eb1c607c8a45e95
3028 77026f424555a0b5
3029 080694c919a0a726
3030 6fa3ced622913767
3031 a92373f4848a7dd0
3032 2d5f727da17f0ce6
3033 65d16f4556ef7afd
3034 153cb8b7b2ef3c9e
3035 424a7476fb20a2e3
3036 4642eef06c311396
3037 54231902fe8406dc
3038 7b15e28fe273c5f3
3039 91e01df3766276c3
3040 7c46118bc487167b
3041 c0ef540e15fb8ef3
3042 868cb55f65ba5a90
3043 dc3446b942f02253
3044 33404fc37e706a20
3045 1919bf848dbc1768
3046 0de10949c70924f9
3047 d92b4bf9c012247a
3048 2aeacd2b39e203c3
3049 ddc01c79543973b8
3050 6ebe9bda86f71420
3051 c7c74ad9c18fec6d
3052 311ac3efe27f8ece
3053 f03995f86d4ece09
3054 fef5dcbd3122799f
3055 17959839624dca9e
3056 768f734f13e0224f
3057 f6840cbab3051ef4
3058 cbefbf115764d85c
3059 4d2631fa463dc325
3060 555fdc1a97cdb43c
3061 a38c2d0b1d6e9841
3062 039c86be4abe4b0a
3063 13e11cc21f74abce
3064 171c196612da6c13
3065 e9a2b689ee387d1c
3066 25d393a85d6d6615
3067 9a26fa2c21ee2949
3068 62191e3766d07472
3069 68ba2dcb34dc5313
3070 443d6b3d37f8c296
3071 9b1feb29a4b21dd8
3072 7ba4605a0eb6741b
3073 6e10f8ef53742ae0
3074 f5ddde1473bbc505
3075 845c17d8c602dcf0
3076 6106d0ec03e335d6
3077 7be23ea4e081df95
3078 91fe8bb68975a6c6
3079 22355fbd55255d73
3080 44e4486f7615b51f
3081 b11231b5b9cfbacc
3082 f9613121c4d90315
3083 aa68fb6d49a2a0ae
3084 6fc34c6392273ade
3085 b7e62cea3db47443
3086 39dfc42faab0c160
3087 0dda0c3715d6b12f
3088 2f528db5baa94234
3089 09bbb73ae25de0f0
3090 2041440dfe56cf19
3091 c86661a8dd2871b2
3092 42c91a5af0bd7629
3093 122f09c7259ff363
3094 046e2404ae07bf6a
3095 4568280f44eba3a7
3096 d60cde6c5def53bc
3097 de2f9a713827dd68
3098 1e04edf862be44e5
3099 d78ba09dbd1c79da
3100 a4d4ec96974d6e53
3101 0411da4fa5353e80
3102 ab8e0ca781dc6664
3103 78a8efb9e1c2a901
3104 2b040d4e9fdad21c
3105 cdca3a3026aee0e5
3106 b9bca3875728e24d
3107 bf217155e6673f62
3108 39057c1cb3465c06
3109 a75f99f42f53b45d
3110 2aeacd5593076f78
3111 0ed6b887b9e8fc17
3112 72af3f9cd7da30c8
3113 445af4e30aaa0730
3114 375739e435744153
3115 bd53c1b7e84c851f
3116 88413547df3d3de8
3117 21bb8e1f86dd2775
3118 814f26d287fb2cbd
3119 32986b307357ad45
3120 5061532c7e6902b2
3121 4d30b4ef2e22f979
3122 f804bea996c7369e
3123 7ef0ee57b62c6676
3124 86d3a1c74de5c8c4
3125 0be694a16520ab3d
3126 8fcac3eb40395885
3127 ab785b9f93949e86
3128 60c0b3bd2ea14dea
3129 dc502620f9d689d0
3130 6ece786fc82ee0a9
3131 a369faa87bd200a4
3132 bc25e193ef2590a0
3133 32280cb33aa104f5
3134 f6ebdcacbb14a5bd
3135 2c08f96fd235baf2
3136 e6398fea0b137dca
3137 9e5c4970da1ccfc3
3138 b360e3c140109406
3139 4ec672b40c8aedeb
3140 3e3e6fe4b04da6c1
3141 d2ba568ecdb53dc7
3142 d9653639afcafc15
3143 e6b6093e41f229bc
3144 b2336d5e9e2c8399
3145 0a73190798ea8834
3146 4a039f0a49e56209
3147 5e50b6c41118630e
3148 41846f13b5cff589
3149 638eecc16fe281a5
3150 6a68226de504dbff
3151 25e411087b702b3c
3152 59504c601b280d81
3153 b29e690d15d46ed8
3154 45d954f1cf2e333a
3155 4b6b7ba6ee03c6cd
3156 07b81da33ac85ea5
3157 0b1e11c972e139be
3158 1a0936c3e6c6e9dd
3159 d51e357b7b1a24fa
3160 213e54fbc65469e5
3161 1bc33f6618c30e05
3162 d57b408d82cd22ef
3163 5c4c78ccce69cb14
3164 ca72a0830340dc31
3165 2065fe875e191720
3166 ed007a3510ae2742
3167 e4aacdfa7525d588
3168 83a903a34519cc19
3169 cbf2dcac77e0af1a
3170 8cca034ede675815
3171 7a770b023123330f
3172 ac05330dc21ed607
3173 ec6416ca657e513c
3174 e6863b9e130dd82c
3175 9f086d0729c40128
3176 16ab69b7e285be79
3177 c9890aa6255f1709
3178 918acc1be214d41e
3179 196f990083e2c62b
3180 a33644ab9e2458c1
3181 4605d377f68d0176
3182 126c716e7f7c5052
3183 b56490069200bb0f
3184 8f56a53ed87108e3
3185 f0a1b9bc19ca16bc
3186 e8b64866b5190435
3187 05cd620538ee2d68
3188 de92e899163ae939
3189 f200e0dea728ec80
3190 b33b7b531272f979
3191 53ae83f0d06a8d78
3192 0c08bcfd0ec5411f
3193 84500151f901dad6
3194 1a3fcdeb6b88f8eb
3195 d1be2c5a3ac32442
3196 43667e4e51bc8c89
3197 c6a4750d9b24d087
3198 6586e2c75dbd7e55
3199 a069668df8424fd2
3200 a87e97100762640d
3201 cf694eb54d4ba8b3
3202 773c5bb07a6b338e
3203 06ad4a7467b9abed
3204 a92326693fb55657
3205 74ee030cbfb5211a
3206 59ad18778e9bb975
3207 57a77232b04b4ac8
3208 fb5e414dcbd3cb0f
3209 3bb1773cfc5dd225
3210 1d7c6b164e07fd9d
3211 2375f38600399a1e
3212 2920879420941381
3213 5c62568d84fb0d00
3214 9d8797aec54a1c21
3215 7c02b758ccf48734
3216 5395553e9322e6a9
3217 65fa857821468d00
3218 f57a518eb15dc7b3
3219 19efde276b106fed
3220 3194d4e4cdae805f
3221 76a12bef8a1d093c
3222 4c84def62a122c7a
3223 4c4bb0e43b58b4f6
3224 17a48e4930dc0445
3225 3691a38a81693ef3
3226 d436af7b83895adc
3227 579b6c4b25d1d854
3228 f3127999e5b460e9
3229 a9b2a9f7e05d5974
3230 99a9444043573a38
3231 e1c7b572252752b1
3232 327d63227fd1e11b
3233 0d2d78e227914d98
3234 706c51a6c0ffbe0f
3235 25930f6c5074c7d6
3236 4c734f77446e2ca5
3237 96ccc77db2e990d4
3238 1dfdfce7ebb05efc
3239 8b29a51418c321ab
3240 9de596eb90eecad7
3241 12b200c6ed0c83cb
3242 e8c85303c8a9e5ba
3243 3d8c955f9bfa2033
3244 9337f7dba5af4e5e
3245 933373b319f3753c
3246 c7fcd0296d092210
3247 890733b21fd51bf7
3248 9124f5c192c072f4
3249 8fb8e86a8601df7a
3250 f18cf0c0ad945335
3251 12e4d2a448d7d3f4
3252 71264dffd33ee196
3253 736e080d78d62b7c
3254 968cddbd820e67be
3255 922414079b508666
3256 1b52492352067a59
3257 310e5dd0e3a0c563
3258 c54979163a8ad07b
3259 28f23fa66e07ea8d
3260 8e2cb272f837b54e
3261 95cec8a4bf284bc3
3262 2f6892294b6dbe89
3263 0806013fd0223983
3264 48051d33733f4d2a
3265 0bd49a416efa8420
3266 3b41426ed96499db
3267 6b0dd892b175b3e7
3268 08a685ee50492a0e
3269 4c15ea04cc822807
3270 c9faf60ac3ce4155
3271 a52fdbbcf9872e60
3272 eb9f903c30ad9569
3273 4d857fed2f35730f
3274 7c6760364f6f2a12
3275 4920f0222ec2240f
3276 772ad158573f184d
3277 ef18305abb62e38c
3278 f874003119a426ff
3279 584e678b4583db12
3280 7abeb0c3e1e1867b
3281 77790ee9c727b8a6
3282 ec1140aa77084e24
3283 cfc2face3b765bac
3284 445aed65a0039340
3285 69a78f3ac3c0e78a
3286 6be671e9837eb41e
3287 060490f34cc2e41f
3288 9b40e8dab350964b
3289 e84e4ad6548dfa5d
3290 58a820c82c6227c1
3291 0e3df07f263f7232
3292 f713c01659bbf929
3293 3cb0f877ab983634
3294 50ef1b08521d21c4
3295 53eb77888477e3f7
3296 d817884ce6c65b30
3297 2f190d514de73062
3298 a4c0af8bb3e26d45
3299 1ab782d985d398c4
3300 f9542e6e20f5afdb
3301 6368b7b3b1394773
3302 3b847850b82b99cd
3303 cf889bdcc9692c6c
3304 0389f305295d871a
3305 516bc8f2cf25a27b
3306 38f8989b189374f1
3307 c9c7de92cbad21d5
3308 109153d971a6a209
3309 1bd4d6f064f23c60
3310 6dd7a6f438732151
3311 d1d9452ffb5d75ff
3312 da6e0a46327cbb5a
3313 59f323e5d6cc5ba1
3314 81a0cbb1e52e2152
3315 ccb1653189084c42
3316 54f9532b5e8d252d
3317 a3dfed24436b0f2b
3318 c9f900d6d98bddc3
3319 224afd554213e368
3320 8cb6f6511931d47b
3321 9191b15cfddf26aa
3322 4365408d5d996d31
3323 4a20851332506016
3324 1a93dd1e58926060
3325 e66031cea94ab394
3326 3da7cd56c77a7f57
3327 c516fc2403c20d85
3328 b50a1b4d67e373c0
3329 c3725382f099a528
3330 b03d908071fcd00d
3331 15fb2241e24c3185
3332 b05942a1a2598bc1
3333 18993e55d0f76754
3334 b170475367e5975a
3335 8b94ffa6c44e2584
3336 69cd3fe4ab21a421
3337 06c1650b27380995
3338 c3a0e24f80e36ad5
3339 e4866e4cff8b456e
3340 68461ccb67baa12a
3341 17910291e1fee0c2
3342 e12af4bc1b042046
3343 0a103ecde6031ea1
3344 dfa6c3ff9cc71dd1
3345 518e11d36916ab4e
3346 be34eff72c0c2b0a
3347 a7d7dde984eb8a53
3348 2f532f30c3e85f59
3349 cbc5920ecd8e2b59
3350 dfdae6b0ed7e5853
3351 2a6fb0ae4a26c4a3
3352 6c6356a4031f80d8
3353 7c910b7985058f52
3354 8266d00908366e9d
3355 1ec1ecec933fb6f1
3356 202f23f0e21a09f6
3357 e4e93c6349e06252
3358 d7422d59372d7121
3359 e4fa301062faa1e7
3360 d3fb2e07ec25a73b
3361 86140e989f9426ad
3362 2e0fef99c1793d44
3363 f6ba0393de08f5d9
3364 1c3e4115188c9789
3365 701afd19e7ae6f8b
3366 256b155d013383a8
3367 a6e867eb26359b94
3368 3b06f2b20b0788d6
3369 33b2ea70bf9849b1
3370 de4569014b4b210d
3371 bcc18fa8829bdaa9
3372 5140dfffe9d9e64a
3373 4ed22ad677f86a1d
3374 fce71bf19a9b4672
3375 36781d260791d234
3376 807ae4010f274121
3377 bc2c37a73c95ada2
3378 28534645066c21d7
3379 5fcc9c1e9c7054b5
3380 65f79ad8cec36d4f
3381 3c698245916b8a34
3382 a3e0a88ee5ebb9d0
3383 7de99340a306ee40
3384 d5f93791e81b1a8f
3385 529b344a38ee2979
3386 48f0c74c203dc722
3387 4113da9ca2f6e66c
3388 958342c4a69d2f9d
3389 04a14587d22d745a
3390 9c4807d432e657de
3391 4517fa1fdf211573
3392 7059a52e26718d79
3393 c29ff6b63c5c099f
3394 100bd8d2d764e58c
3395 07007a18bb0c7449
3396 d5a8df6b66373c2e
3397 7c9a1987ce15bb8d
3398 049c61a7ed9c208b
3399 b2a24fc823cf5014
3400 b74e3a4695bf7bd1
3401 6020ffd2e3d7f73a
3402 53aa19f28052b20d
3403 c5edad2e280a24c1
3404 acc46927c37087d0
3405 adbbfe377b5b1421
3406 c679b8af2f5ff705
3407 865b7c32385b7a8d
3408 6d3bc42cb4182866
3409 3c007028c3e0179c
3410 4374e4dd28d83064
3411 71b09d38d5a6e552
3412 e6e94b9ce925e797
3413 d63a8e7e13f4896b
3414 386ba5f6e802cd2e
3415 3422ce3462e97d97
3416 fbe231e5d3afe088
3417 a2f1c2ae19584d88
3418 9f5d431ee81e2686
3419 6cdd5aafcad1047e
3420 477228be4fd0c59b
3421 d7d3d13f7574055c
3422 f79439666b9b57da
3423 86b8b19ff43fecd6
3424 b3a22fc5bc45393d
3425 102be3545cc82908
3426 2784365fe1d30d63
3427 8891624604f1c4a7
3428 95c14e8b598e9b8e
3429 b449fa446541a926
3430 6493d8145f946822
3431 910c467fb2a93b2d
3432 0976871263027ac9
3433 3601afcdd9802a2c
3434 90434c529fc236fa
3435 025fc21825692dab
3436 e9b12e4aaaf91640
3437 436eefc92d6b04e1
3438 6aa223365f061a13
3439 3599ad5ce9e6b314
3440 a3854168615c2a3b
3441 f9a6e142011b0ace
3442 76e43cecca7a4712
3443 ca193398288f895a
3444 5423da023111fae7
3445 1ab273f5f5456d48
3446 798355c9a25b9ffe
3447 f1372fa101b376fe
3448 cf324a869d1e7cad
3449 121f2ce639d59218
3450 e4ff203fdf2648b7
3451 579b1fcb07baa6c1
3452 947fd2932349f8ca
3453 305095b1ee4728c4
3454 29252846139a1a4c
3455 a20abd32ff3c6851
3456 86cbee73cd88a100
3457 4e4c87639fc8b628
3458 664ae153691f2ed7
3459 54848d29dbadcd4a
3460 dc18035b82e982b4
3461 ec692a636316720c
3462 d7b16bd00cbb8142
3463 2671db112fe13705
3464 dd0abea194d3c22c
3465 4219d3f1f9593070
3466 c21235564c719e48
3467 572c8579dfd62f0d
3468 e3d8f88658f80f5c
3469 0ecd63920d3832cf
3470 9e4196954a1d9cfe
3471 01709be45241570f
3472 5eed4627477cc4d5
3473 700f43c0237f1457
3474 0c3bfc8fa22a37f4
3475 e66c9cd41ae8206d
3476 5809100964c3a7b5
3477 c851b656a1428a6c
3478 4576c7c25f9f4a1a
3479 3e6a0d59b986de60
3480 5848520b0d3065a3
3481 538e00beab4de4d1
3482 1544d3d84361c18e
3483 c0b3f5a598d94c6b
3484 9f9a04855b0edaa5
3485 a50cd43d5572471f
3486 41427d113f4d4c38
3487 71487290975fee73
3488 28456d22ff98e2ad
3489 72bb363c31eabbc2
3490 cf429f46b563bbc5
3491 f0bab0b807bfd888
3492 c19c9778e9e4ffbe
3493 9b91dc9da9bde399
3494 917e3626c20add02
3495 6786695490da1d4a
3496 4f1b52c98e0a3e2a
3497 2db4b4004d3f8966
3498 2abf1442709d0594
3499 cb9dc5ff02753c3f
3500 3d99bcac55542bdb
3501 7b348d23178015a0
3502 e39c887d6cb73189
3503 228781d7606a52f4
3504 a8ff2274b8030fae
3505 0e19a1132f956b00
3506 979699c89d624d8c
3507 1ca5940443740d15
3508 618715e656a45efa
3509 b4028e0feef799b2
3510 4b0393eb66c0537d
3511 7eec0be374bc318d
3512 f1461c1851ebb8cc
3513 093197fef6fcf1f9
3514 9416afdae0c50d25
3515 47ae5cc6ae508373
3516 2b902eb130d5c015
3517 b7fea5f148c44182
3518 80b481c8e4dda3d5
3519 bcce77f7f9f04b41
3520 af7dc552fd5340e9
3521 dd461ce3b4e6b91b
3522 250b648e438951eb
3523 ad5f52ef0e434552
3524 72b5b6e90c513295
3525 5694b9a239b6c324
3526 0ef1ee5139f4af33
3527 7e35986d4d714c02
3528 5fcf73ba6aba088f
3529 e8a046dccfc08e45
3530 d00b28569890c88b
3531 489e920c1b1d2833
3532 b249c76660839d33
3533 293a4d5db99cf617
3534 0c8889e83c060a4e
3535 04877508ffec7db8
3536 0d899d3b452e80cc
3537 774a8897c0a63188
3538 d6eb120652e96e8d
3539 78be75577ab03640
3540 a95a4b7e0f212409
3541 f12742e958b8c3ed
3542 229b337803883099
3543 dfd13f7fbd14b9d1
3544 073537cdd478d82e
3545 329e06705a05d8ad
3546 d4e6b6caf80354c6
3547 e2eda05b37f42909
3548 3779883233a0701e
3549 c25cdff719f179e2
3550 9ed59693227f8d7b
3551 6319b81ee81ba269
3552 1551295fc227c3f4
3553 2bc3b6f765c6dd58
3554 c1e949e12e8fd2ea
3555 8f559425b194e7ca
3556 70fdda0f6adb7d36
3557 416d65ac5abab06b
3558 25252c3249789ffc
3559 93c933efdf57f6b2
3560 253003462a6e0c52
3561 f9d2d64d172bec1a
3562 380c072f7e0ee3da
3563 c58edba20dcdb46c
3564 302bc074d1e539e4
3565 741c6f1b5504b4c8
3566 cdc9b6f807aa99bd
3567 a34bd25ea224e4d5
3568 b6b5ead243e6ce30
3569 da6114d0faf75ccc
3570 7b4576b3722e60fb
3571 97e1d818852cec0d
3572 a9993ac8a3044900
3573 7750faae635dc284
3574 8fd41eb994071989
3575 4de7063b7d1cf537
3576 70f6b2a44a098cfb
3577 3a71d449fa330d02
3578 eee100822ae975f9
3579 0d88fb9e8b88e35f
3580 217823695b22e8ff
3581 1d0509b9c5a4613d
3582 577950225a5b193c
3583 08c1189d1f5a24dd
3584 960d89dc6394885d
3585 06253b27acec51f3
3586 29a8016fdea63c8f
3587 d5face09b298df22
3588 f44847454f96c2a5
3589 57e1535c78d88257
3590 b76e45d4bda05056
3591 5ffa63d9660bdf54
3592 cca1ad9f280abcc6
3593 ad50f89e44ddc968
3594 a005e96f0bab9249
3595 fa7204f33dac167e
3596 06ee314e44626ae5
3597 ecef2474de9c0d62
3598 9372a395d01be67d
3599 3d2fdbdf201e16f8
3600 c13a0954cca21dda
3601 62258bdb06f3e524
3602 9e879dafccf2196d
3603 55aa55c9f9197e15
3604 1c3ae3c51640a140
3605 c3a9958f84f40a78
3606 911e44de9dee7add
3607 d4300a7473f97f8d
3608 18690a9640314552
3609 2f54f15cadf3ca97
3610 c7b5ee3ad9a60413
3611 8ee6b378612b8cf4
3612 67c72a151fa5a35d
3613 64677da07974d309
3614 1c2377dd391bb709
3615 d2b6a45bdcfacada
3616 c8e1b034a214b9ce
3617 f47eef6237c5c1fb
3618 a4676722fd4827f8
3619 836b9d1ca64f4e76
3620 fd1f19a2871e71bd
3621 8fcc8193bc9656d1
3622 9a8fe7e9abb699e5
3623 51c876e1e61c362e
3624 eadbf3a3e272bc2f
3625 8ffe1a9ca55b359b
3626 af5fd6b93c9b2b5c
3627 6834647d37df2928
3628 21fa30a524a9ee7f
3629 0bee9b747846d6f3
3630 c0c945a8250a0834
3631 979756df5a4c5b96
3632 b2ed45a111c43762
3633 f30da7f3bf24cbd1
3634 ff59d370f833477a
3635 76c5d70959883f92
3636 05d8b6660d1171eb
3637 d970137007fb4799
3638 38647d671a3ee744
3639 9e4f6ea44abbb678
3640 ec2718166c0088f4
3641 16803fb973a8457e
3642 74ff9aac4d9c240a
3643 a4cfcfcb2710da99
3644 b3e4a25a256b987f
3645 b95f03d2ac6c907a
3646 c166e95e264a16da
3647 0134e7413a291ab4
3648 bf38f49463a7207e
3649 ec2cd12b124f80ed
3650 fb9210295853c72d
3651 f6debc1ae00312bc
3652 0a7654664eca2909
3653 a61d1aff1cf9d6eb
3654 25f2766885e72661
3655 56559d8f2801c265
3656 a5bf3b0dca201107
3657 1cccd067cb32b540
3658 22c4bd185a2d7822
3659 324268700cfc9758
3660 5bcd26fa7eee5f26
3661 1371c6b2692b334c
3662 483f115ec59d9c4c
3663 0aa16c0a9e155440
3664 cfac53f753d134cf
3665 b9c01e10df74fbf2
3666 000e7189a923c7c7
3667 6ce5f433d73202ce
3668 be9b025f151dff9e
3669 170edc6e0698de08
3670 49fc4f23cfceb376
3671 cc2f10b70e619be6
3672 d35bb197da9f84ea
3673 58510b5273c175fe
3674 d244b56ff6ef0737
3675 31a0210a617c1acf
3676 334291bf18abad1b
3677 7f6a82950924beeb
3678 adfb94e5bd5f9036
3679 b1f4f0b0157d20a6
3680 a453a9ec5bf0d6cf
3681 0416572eb6ab1cc2
3682 084fcc1f323c80a4
3683 af78a831ad95597c
3684 7ff95caeecbe4cb5
3685 9156f2de15e711e6
3686 815c465030ed59bc
3687 11f3447c3299fe71
3688 78782705a9c94511
3689 fb45ab1eac92c964
3690 80b5ad6e4fe4d738
3691 bb81dc0dfb235b66
3692 bee5232185a6b6e7
3693 ebba5103e75b02e2
3694 657fddd6d33652c0
3695 b8fd000d571013d8
3696 7c04fde99959ace0
3697 acd026cc7ac5270c
3698 42a02a5dd7a5bb20
3699 6d709cc2a7df7930
3700 d64397a464b65013
3701 470f25f734421378
3702 183151f77e306f87
3703 fd88511db2f6e78b
3704 f09e2e09b00474ef
3705 e8bb184b10daf7c4
3706 2619ca819f7c340b
3707 2118320708500cca
3708 ee99cd9cb61a950c
3709 4f2f9930e2ff161b
3710 4f74d8b5af355e17
3711 86ada615da4453c5
3712 30b6a002a2d36629
3713 40ece65ae83bb46e
3714 9b15db7336886db5
3715 9a815ba29edaa4ef
3716 1897ebf9c8482723
3717 f48917724d094502
3718 d5c9be7a22b6f066
3719 1c901bf888601f27
3720 b1743c009c7c4bfa
3721 c5fcbdaf6a524c55
3722 42a399b3fc1ccf15
3723 2449a015c0ad1d77
3724 7af767735bcc33ef
3725 61ddc5b8c205232b
3726 8b8a429eda8337ac
3727 950c68e14ab072cf
3728 ed6a2b34189556b0
3729 7db1c2725d792f42
3730 7bdb0109b59bdd1d
3731 5d1cd8e1d037a9f6
3732 59ce1250b6ca51c6
3733 b455ac25390d7c33
3734 2a80681addf8c12c
3735 1188744237127e7a
3736 bf00a7889340d052
3737 a11d0be04b1abdd1
3738 c02f596096cb74d0
3739 41006c96260d2750
3740 584fd5f84994d890
3741 3b0aebfd0513f1ea
3742 19ebd75aff2c433f
3743 186dd521c46341dd
3744 b02c8c4d18d77aec
3745 4ad5813ddba2353a
3746 072230d3e5004b6a
3747 a0fcd2764ec17cce
3748 10d117d97cbe5951
3749 30ca4bdfbda78c49
3750 612b226070910db8
3751 b4662d3f3ee64a23
3752 f3ad70fe5315c280
3753 6667ffb91b9c7158
3754 2df1b0dacd308d17
3755 01a3f06f1cb12a0c
3756 d0e98dd864856ee3
3757 ed6304ba6c290991
3758 e350bfa6ee29750a
3759 b6a53a95b19b1638
3760 1490b64857effd21
3761 cb8fcd2d96b8e675
3762 e99c7d7ab72cd322
3763 abe26271f35ac40f
3764 64b95922d1b54675
3765 bede171ca4f899f6
3766 c28fa38594b149fe
3767 4b2537ad9cd515ae
3768 2b8ebcaad8e9c0e8
3769 64d413d739c11e00
3770 4e49e4a67f6ae2c6
3771 223c9fa5348b0a5c
3772 a88e265ea43ed4da
3773 87cb5b8312f93381
3774 0171b3396eaf65ca
3775 680fd318b700f19a
3776 3cc11a2d4b3b2b1e
3777 c0f4710acb31ba86
3778 641c1207336107e6
3779 44336e259a2750c0
3780 8bae67d0d29b9011
3781 9f40fa4f2ae17ba4
3782 9bd4db23c07c4759
3783 afd0ebd5ca2b0bfc
3784 1a24a7d3739956f5
3785 29d60c98ab1d7d09
3786 cb9186f3d68b7454
3787 e43d47e7d9463d6f
3788 fd4395084b594874
3789 8054c0447e126537
3790 06b7ed4e3a972ced
3791 9717227a8a274520
3792 b0b38faddc3b4cc1
3793 159b9bf8e7ed771c
3794 af9ae6e58d366f9d
3795 fffc22c87b512e56
3796 b9a2ef7d8263fed9
3797 7c6067bf76e65ed6
3798 ef58fae14ccdc2b4
3799 f69280b9323b32c9
3800 09e44b0a11f3d76d
3801 b7eb1a7ab8f92274
3802 1adbf0d25421120c
3803 3c6f5864f96847e6
3804 f429b5970f6e9741
3805 0145aa0410b95aab
3806 208f72db93eb2102
3807 46cb491968ce0b24
3808 1eb1b167f1ec2d89
3809 23e5efc0ac38f745
3810 6e94e722170d24a9
3811 1d24e5ccc33294f1
3812 5afa1e94b263c79b
3813 f1847bc9f91c93cf
3814 35d068ae37d98ca4
3815 8691bcaa2c8499e2
3816 5861179329fd0bd6
3817 321e538696a733fc
3818 e028f62ee20c6970
3819 175e84ce5a73f50a
3820 65beb4ba23fe219b
3821 c0f2d5b1585e2cdc
3822 e9b43a2ab4a41f56
3823 e8bfab405f143b49
3824 90c3fdc6437bfdfc
3825 95e55b4112ca5381
3826 4b48c2b1f300dd83
3827 7f7ac3907ad21c81
3828 98cd273bdf30b97a
3829 0d860d6d71ae4274
3830 2e0512c9eac6f7ec
3831 5ec487ecc8131190
3832 98c581388dd976d2
3833 7ee3254bb3f1fd88
3834 a93860807b05cdc0
3835 e7e9e7e950894943
3836 9a7e9ec47038887a
3837 fb6a5fa2251317e3
3838 2cd7e77f8240e7d8
3839 5269fa8b2be9b7a6
3840 1dcca43d83a78804
3841 c336e2767804b70c
3842 6a4478ff1a229eb2
3843 9ee1ce04d5bdac4c
3844 bcbbc897fa950450
3845 53150510468e0c6b
3846 577304376757ddcd
3847 83c124330aea34cf
3848 cd5d560f92a379c6
3849 6ba56e7f0c459fbf
3850 a1740bc07a56a10f
3851 d6f797a99f7fab32
3852 3f4f677834009dcd
3853 a20a9ac734b31e7f
3854 5859de6ec6e55259
3855 b031f5d47ef0fa2a
3856 59e781c9a51ba3b1
3857 8a9cd4cb80fc5105
3858 2d758ba5d9c96c98
3859 27d85db86386d61d
3860 f8f1051a296abb2b
3861 17a36383b92a48b8
3862 7f594246dcce9a03
3863 4f28a97d9a6ddf96
3864 f515377533679f9d
3865 0e0d9aaef30f67c7
3866 c7f1ba991173f0fc
3867 07840b0dc3ba57ac
3868 59406a7c4dccee0f
3869 de2f5790134444ec
3870 89d43d14e8699e50
3871 2d8875d00767c613
3872 f4e247cdba8046ba
3873 2506f54051214fa5
3874 614321ca9d9ff7cc
3875 4f9985de30252e38
3876 bb8c85d3051b3ade
3877 6b63fcbc04217549
3878 519953c3ef77df53
3879 3d5e5b0852e8c3ab
3880 6e5af21ae56590dc
3881 f159f5f00adc84fd
3882 3c124d4433092ab0
3883 4fb42bca25a00804
3884 d72d7890014ac571
3885 f824c53cc55a8d66
3886 a59d5e65d4254575
3887 3523e039d083d067
3888 ab418483dd556c29
3889 14da6e77780d47b9
3890 c61a4673639462e5
3891 d82590f6d36666dd
3892 e8fee0aa6f585062
3893 f0afe2d1efe1aca4
3894 e35b08da6520cd20
3895 477321eee35b85f3
3896 1c1ac31faa81397f
3897 59b2ab77ff63cc00
3898 d089b303594efd7a
3899 ea7debc471f04d5e
3900 408fca9aaca08c48
3901 2768bdb1539fb220
3902 2d6f85d0776c2191
3903 63dcebc193caab43
3904 d2dab6500b466519
3905 ce2c4d52b1d12bcd
3906 2c4b6cbfb42fd0d4
3907 604a959905ee3650
3908 aaf93c305024ace9
3909 b9861c6619cf3191
3910 1a16d8c79f2d099e
3911 4ad93307e3a7ff3c
3912 d61552bee63d0266
3913 2b5ae5ddba204d2b
3914 75b18f633f33055b
3915 f2c7b9a8e7ae3ba9
3916 1c368842c84a082c
3917 7c94d37abe3502d6
3918 40c286ec073c4a5e
3919 53b6402c44e1096a
3920 2864f91a2ce60d91
3921 feeb9eab1ed6cf62
3922 38533c7163718419
3923 a2a5f2a58869e62c
3924 6292d4b53fc8d7aa
3925 1c6bf92c857a594f
3926 1f86910bbc8db3a3
3927 99facb4cdcbbf382
3928 dcfbd8f332d53853
3929 5a633d33860ce9c8
3930 3858f225f3ffb8cb
3931 ac439ad6add264a2
3932 66593c4ea7db4d7d
3933 5b17d87dc504fb7c
3934 ddc9ad240656e725
3935 6d48c304e70986ec
3936 9554a4d1ded49d37
3937 3c6904d6ee4a2338
3938 c2425abea3eb7d88
3939 29c877d018af7957
3940 550b53c370163ada
3941 0a7155140e2ccc1a
3942 ae10dc16820150de
3943 0820f120738bce12
3944 34e311761cd45f13
3945 9625eb39c1f9687d
3946 91b13984e8cbf6e8
3947 5ce830532e8e0e89
3948 eb77d585a8fedc6c
3949 0a1c3e73353941ce
3950 ceac82ddab049511
3951 6354cf8d096cd861
3952 4e4a9e11c4dbb1d0
3953 ff98ae3d4b9eca2d
3954 3e2858a24ad7ac58
3955 c3bc75ffe0c603b0
3956 73559b8294ba753f
3957 bd9c12dcc390116a
3958 fe1886c288aea855
3959 3d3f5eeae0ddd210
3960 40a77fb13a6b8e54
3961 4c3ca9b30e6ea9cf
3962 8eb6d506eafd67e6
3963 2e6823fdf99707ed
3964 812bd0b534e73239
3965 352394c352ff20e4
3966 468608f17e39ae05
3967 670fb2c9ce79f7fc
3968 452ac839ce4fdf4f
3969 06bf9a0083888ec8
3970 8c58ef122d6f80d9
3971 80bcb0892ddd717e
3972 b2103edcc48347c3
3973 bce8af07ea3050cd
3974 3427765dde13899a
3975 98b9267310c8109d
3976 b8064ee574d09e6e
3977 b838da6ccdf9bc70
3978 891b8d7f1127eaa5
3979 5f2d96b022dbd66e
3980 5c39f564a80f1229
3981 b85b4062eadb8f25
3982 3d208b958a5b5014
3983 a2379a9df082892d
3984 ddd8c15506b6a17e
3985 a04b3c738a3187c9
3986 ff8c6bb35ec9dc11
3987 de9859ba34c6bba6
3988 d4a26f787b80d537
3989 343b561430ddb854
3990 c78f83eb2407e6e2
3991 9bdee99df8fbac6f
3992 da08af742f2a1f46
3993 4cfdda78888291d7
3994 0e97519082e6fa99
3995 b62461ec9d48757a
3996 be83fa1b47d3ebbf
3997 a2a85042e888eafe
3998 e74dc45c1ebd48d2
3999 299b2f1ee3d2afd4
4000 28854dddf457489f
4001 d9a245717b5860d6
4002 b63435ad69e7f41b
4003 839471ba116423f7
4004 37350d58c817d2aa
4005 1346386188e4fb01
4006 f79423de944bdadf
4007 c356bf3fc506d97d
4008 d10e7770fd99382a
4009 934deb86c6494725
4010 57f8b2ddd5002346
4011 37370372eface217
4012 2d001623cae177d1
4013 8ab7ce25e08fdfda
4014 f96cd3737b74c5e4
4015 0400eaba0bc62043
4016 420617a1202369a9
4017 c4bfbd7c96c42f68
4018 d5d45567530d2877
4019 8779639e66272d2c
4020 e2757da93f462118
4021 d5ff6f1f69e13d2b
4022 c47dc098d1f7b341
4023 31b5dce8c5585f76
4024 81f1b38398dd074d
4025 369ddaab1caad225
4026 5aa645b7b5c08e24
4027 436ee13f9f2d6635
4028 f85e30de148c5682
4029 137971221ed314c4
4030 324f8f7c36ce4cfc
4031 943a069408ec5ab5
4032 7556c009d03180d0
4033 36e66aac6da88c76
4034 e4cc8e7e4d8b8fa5
4035 2ef4198ba27bb998
4036 97d163abd28e6405
4037 366382166a2f11b0
4038 9985078989a2a02b
4039 94219ed690843b90
4040 29ac130d6461a0c9
4041 567f0ad464162b9c
4042 937292b7d77a1858
4043 7b891bc84127ab23
4044 3e957f51ca2c73ac
4045 41f62b47c65fbdd9
4046 7a5f20214effcb9a
4047 68ddd4b0aa61c031
4048 3dd4d1a55a993d8e
4049 3cec95fd6419fce9
4050 271a6391b16add50
4051 23bc5363c91a912e
4052 bdd90c9c184b157d
4053 343fac5d58319052
4054 37410b323cfb59f5
4055 223493dd740ff3f2
4056 bbc275899e346643
4057 e6848e522e8ca72c
4058 2b26ac756abd87d3
4059 5c04818e1f41ac0f
4060 1981d261115bcf6e
4061 d25123143c54f5f3
4062 588b6aafaeccfb78
4063 6617ff744f94334b
4064 caa8b6aaac8b25c5
4065 8852be99e68086b4
4066 054164cdf5768105
4067 0bd3ab9644340b46
4068 01e155b1a6e75cec
4069 8ced44b37f817571
4070 1a3dc04b8e0555b8
4071 bf8ed4e35e9bbfa1
4072 50b6ff4eff298431
4073 829a70cc22abc212
4074 450ff1d26fde709f
4075 0a433f0623cf2d32
4076 806a4aba12e4000f
4077 4847cf9758f90ae5
4078 d361913918837112
4079 28d97b83aaa6711b
4080 4b525ababaed25ce
4081 2914dac9552aa64e
4082 60e7c52ded3cd675
4083 a69d67f14f911f9e
4084 350189628a6fa35f
4085 df1842cd644f68f9
4086 dab255eaa70c4626
4087 bbf95129e4e12649
4088 a652a8d93e64f6aa
4089 504027b28d8654a3
4090 3ac7224666b78963
4091 ac8685b1016cb2a0
4092 aba8b1bc081a99e3
4093 6677f883ac1a3394
4094 908c1ea5f3eb512a
4095 1cffae96932e1413
4096 338ba3de3f2cbb58
4097 e7aa5e0e085be30b
4098 e29f977d3530b097
4099 fdcf8cb6542be4d6
4100 3c08ff7d209843cf
4101 49ff73f657cd6ecc
4102 e8afac715f62e19b
4103 6b8e39f0978226a3
4104 cae499388b81d16e
4105 3a64efb5ae3160f3
4106 48e972c597b18394
4107 93867226043b3958
4108 9ff96c28f94ceda5
4109 2e726bb0dad42990
4110 714a1262f6f34bc5
4111 3dd891425b49ac07
4112 e21fb582d295fdb8
4113 357ae284e29b3031
4114 a7772fd5c9157e94
4115 31f31a4660cffd19
4116 a23797e3dda27367
4117 9250e97fc2d99048
4118 b9985b892ca2799d
4119 fc588bf5bc9b0514
4120 bf6681f3726354e4
4121 74aad94c03cf4f7b
4122 3d7a12ee3ba77888
4123 878d9403718f6f41
4124 ec2bd9102e720d81
4125 13062fdee93a0a8a
4126 baa9b5e798390b49
4127 ed3c45ef6b0db092
4128 8eee92fa972e3547
4129 4de098a935d8fbc5
4130 8241fd949ee2ef7e
4131 1580dd1a9cf437e5
4132 ea94ad27c21bba42
4133 cf60b3079d84176c
4134 9b0a2309414591f5
4135 69bfa6f004b52c0e
4136 05d224240096ee01
4137 2e8a8201b68f1e65
4138 0be5334c28dd5a74
4139 02023e29b43d4301
4140 982dbb4d42054022
4141 4f5e4bec27c7e153
4142 c37d5906608aab57
4143 5a70c7d760a4c6f2
4144 5466f0dfd2c5977b
4145 eeedf093ce2305f8
4146 fbaa8bb986ad7f6a
4147 a1524ce254ab26f3
4148 1cbc6eda392e93c2
4149 45cafb7a9d87c0bf
4150 5afe885ef74e3231
4151 e73d271e41ef22ba
4152 6bbcbd3cc86c5487
4153 f0104410cd246c2a
4154 7651119a1ff414bf
4155 621c57e727c468fd
4156 c8cbdb1e842a441a
4157 59bbe0d280fa01f3
4158 4166d39b539b4aec
4159 e3ce53f7adecf588
4160 88931b8f338bfc13
4161 1ce2fce9c4029f7c
4162 7e846c7c3fc79fd9
4163 0c4a451b5c2e9aef
4164 0c06ab9dec5e03cc
4165 3821b061c7d75657
4166 8afa1412083fbe3c
4167 371feb7bcbd61c7d
4168 c4f2d4d5712e0db3
4169 2f407f1d67e07dc8
4170 057552e7bbdf8e23
4171 bd357cc799d61140
4172 1dbd833f1e42f9be
4173 091f352be965ebbb
4174 43002fae5708d624
4175 f7c46146f5b70884
4176 0d25f36a1116fd7c
4177 41522b422a043b8d
4178 16da184cfe9b45fc
4179 4f2753e2782bcd3f
4180 c14cac841b7f1b04
4181 6083631fae4fd060
4182 5ea0953361e92915
4183 909b3dcd4f6a5064
4184 5e30e7528f50f93f
4185 a83720dfddd741b1
4186 d811495c935a810c
4187 e80ba4c325397241
4188 377af565f3260520
4189 d8049d485fbf6f5a
4190 c5cdf92397bb3fbd
4191 c327f225f39d4afc
4192 6c32312852103c7f
4193 b7cfcc29a1f3066a
4194 e4267588b49bdb3c
4195 08a8e5b4e6fbab8b
4196 f772d3069d1be84a
4197 15a402b09c679bb3
4198 c90aa6dc2c22c68f
4199 b384ebba9edd7464
4200 f8ebdcace3d9c3e3
4201 ac285ff76542d4be
4202 655bc7f750956ad8
4203 40433fdec2aa83f3
4204 18f0f7c52abb2cec
4205 60c4667c103107d3
4206 4c2f72f6e7e7512e
4207 3993f17a200cb674
4208 79ea3347a07d4320
4209 d68ba13c9bf4cbe4
4210 0f39de4630eab133
4211 289c0aa497a70b5d
4212 3823fb28a4a47468
4213 fdf52f7eb04b5187
4214 376f067eebc93da4
4215 2c1d0db637683c2c
4216 d51dd0e05d0c17d9
4217 ba97758450759448
4218 9472131f6b9856d3
4219 a482db340b4448f0
4220 5a4605a477881b7c
END 4220
