1 5dc0cedb2aa1bb7d
2 5dc0cedb2aa1bb7d
3 5dc0cedb2aa1bb7d
4 5dc0cedb2aa1bb7d
5 5dc0cedb2aa1bb7d
6 5dc0cedb2aa1bb7d
7 5dc0cedb2aa1bb7d
8 5dc0cedb2aa1bb7d
9 5dc0cedb2aa1bb7d
10 5dc0cedb2aa1bb7d
11 5dc0cedb2aa1bb7d
12 591e973f181279a2
13 5dc0cedb2aa1bb7d
14 5dc0cedb2aa1bb7d
15 a95417db2aa1bb7d
16 5dc0cedb2aa1bb7d
17 6c37ae1b135eea98
18 5dc0cedb2aa1bb7d
19 5dc0cedb2aa1bb7d
20 5dc0cedb2aa1bb7d
21 5dc0cedb2aa1bb7d
22 5dc0cedb2aa1bb7d
23 5dc0cedb2aa1bb7d
24 5dc0cedb2aa1bb7d
25 5dc0cedb2aa1bb7d
26 5dc0cedb2aa1bb7d
27 5dc0cedb2aa1bb7d
28 5dc0cedb2aa1bb7d
29 5dc0cedb2aa1bb7d
30 5dc0cedb2aa1bb7d
31 5dc0cedb2aa1bb7d
32 5dc0cedb2aa1bb7d
33 5dc0cedb2aa1bb7d
34 5dc0cedb2aa1bb7d
35 5dc0cedb2aa1bb7d
36 5dc0cedb2aa1bb7d
37 5dc0cedb2aa1bb7d
38 5dc0cedb2aa1bb7d
39 5dc0cedb2aa1bb7d
40 5dc0cedb2aa1bb7d
41 5dc0cedb2aa1bb7d
42 5dc0cedb2aa1bb7d
43 5dc0cedb2aa1bb7d
44 5dc0cedb2aa1bb7d
45 5dc0cedb2aa1bb7d
46 5dc0cedb2aa1bb7d
47 5dc0cedb2aa1bb7d
48 5dc0cedb2aa1bb7d
49 5dc0cedb2aa1bb7d
50 5dc0cedb2aa1bb7d
51 5dc0cedb2aa1bb7d
52 5dc0cedb2aa1bb7d
53 5dc0cedb2aa1bb7d
54 5dc0cedb2aa1bb7d
55 5dc0cedb2aa1bb7d
56 5dc0cedb2aa1bb7d
57 5dc0cedb2aa1bb7d
58 5dc0cedb2aa1bb7d
59 5dc0cedb2aa1bb7d
60 5dc0cedb2aa1bb7d
61 5dc0cedb2aa1bb7d
62 5dc0cedb2aa1bb7d
63 5dc0cedb2aa1bb7d
64 5dc0cedb2aa1bb7d
65 5dc0cedb2aa1bb7d
66 5dc0cedb2aa1bb7d
67 5dc0cedb2aa1bb7d
68 5dc0cedb2aa1bb7d
69 5dc0cedb2aa1bb7d
70 5dc0cedb2aa1bb7d
71 5dc0cedb2aa1bb7d
72 5dc0cedb2aa1bb7d
73 f9dec29d096dff89
74 bd470ec3d637a91f
75 c85ac0ee8a84cdf5
76 cb074c844db42368
77 cb074c844db42368
78 cb074c844db42368
79 cb074c844db42368
80 cb074c844db42368
81 cb074c844db42368
82 cb074c844db42368
83 cb074c844db42368
84 cb074c844db42368
85 cb074c844db42368
86 cb074c844db42368
87 cb074c844db42368
88 cb074c844db42368
89 cb074c844db42368
90 cb074c844db42368
91 e3ed9a1570a781d4
92 857c342388d281e8
93 014284b6c37edeb8
94 d7793f0a58a84472
95 b6126fcf3ea94138
96 895d630279d2abbf
97 94820326f0a06e93
98 38c5caa71a3d6e93
99 2ee0327eb7366e93
100 cb691198315b6e93
101 9a458ea179b46e93
102 cd9b46d6ad816e93
103 d7e78e42655a6e93
104 07aa86c7bf0f6e93
105 e98cb1897a886e93
106 e9905507afc56e93
107 9954d868933e6e93
108 6d22834cd0236e93
109 ff163318e55c6e93
110 7fe24cd185a96e93
111 e69e5d7ae7626e93
112 dc48f200bff76e93
113 7e01b633a4b06e93
114 258fd90d3dcd6e93
115 def78ad527466e93
116 463a9205566b6e93
117 e313553036046e93
118 93542fac88516e93
119 a1b645df94aa6e93
120 d8cccecd9d1f6e93
121 90ecada7e7986e93
122 af76988889156e93
123 51b649a52ece6e93
124 838b64d24ef36e93
125 370f97ff696c6e93
126 60a28204cc796e93
127 c2b11fedcd726e93
128 606991ec16476e93
129 ef81e65b54406e93
130 031beb6f965d6e93
131 21a427e0f0566e93
132 dc29763abc7b6e93
133 73138abeec546e93
134 4f028ce965216e93
135 facc51aaa6fa6e93
136 90e135adbfaf6e93
137 4c4a04c799a86e93
138 97615e3e34656e93
139 eec7c1a52b5e6e93
140 ba53fba128436e93
141 e0bd1375a07c6e93
142 653e011551496e93
143 a8bf88b3b4826e93
144 dc1c22753e176e93
145 83c4752a85506e93
146 b98bfc5f1d6d6e93
147 4a490c46dee66e93
148 cf80c00b520b6e93
149 ba964699f6a46e93
150 b9d23d9b0f716e93
151 7c9ec58bfa4a6e93
152 6060f3e69ebf6e93
153 efa81bb619b86e93
154 72d19d8fe6b56e93
155 b4e8fc7d186e6e93
156 bd33556384136e93
157 e8228749b58c6e93
158 c5def34538996e93
159 dc791b0c6e126e93
160 3cd2368c8ae76e93
161 31cc302daee06e93
162 b7ea2c4f007d6e93
163 1acfed171b766e93
164 b50c28e2c19b6e93
165 bc6695fd97f46e93
166 7917d95db5c16e93
167 3b632832ce9a6e93
168 4f61c9b1bc4f6e93
169 ea049e5221c86e93
170 e71ad06c93056e93
171 8709bb22847e6e93
172 062816261c636e93
173 c9dc6846379c6e93
174 8df7772353e96e93
175 8e1ac4f788a26e93
176 3b1fab6518376e93
177 86ac8a4ea3f06e93
178 70df3182260d6e93
179 a4a7a45b91866e93
180 170293e22fab6e93
181 d13a1cb0c9446e93
182 01a78f4e3a916e93
183 93de6f2ac5ea6e93
184 003121a80f5f6e93
185 ce16bc6594d86e93
186 417416d043556e93
187 853fd1b52c0e6e93
188 8ec6fd7be8336e93
189 de1f443722ac6e93
190 b27a0d712bb96e93
191 7eaa362b35b26e93
192 a762ca4b30876e93
193 2f900a0aa0806e93
194 5c5daab61f9d6e93
195 c163754b4d966e93
196 8d567994b4bb6e93
197 71134079de946e93
198 6c5fd7ea40616e93
199 a73ceee7e03a6e93
200 5ae6e43709ef6e93
201 907b99b65ae86e93
202 2ddd3b7271a56e93
203 fdfd3e354c9e6e93
204 c75d097ebb836e93
205 1e43ce4bd5bc6e93
206 fff5ba4336896e93
207 e777a85dfec26e93
208 955711ad62576e93
209 61e07ca904906e93
210 dd340fa11bad6e93
211 09d030983c266e93
212 a36fc304cd4b6e93
213 8999a454cae46e93
214 2c02213feab16e93
215 e859644bba8a6e93
216 63b69b1cdfff6e93
217 b349533cbff86e93
218 d141afb49cf56e93
219 b3117d6783ae6e93
220 f1b5ecd62f536e93
221 305528dc7ecc6e93
222 cd239c5689d96e93
223 536916f85d526e93
224 b388dcf155276e93
225 a58b7292d3206e93
226 8e4ad1ffc7bd6e93
227 07f32feb16b66e93
228 23af8039e2db6e93
229 4a3586693b346e93
230 3cd4e1304b016e93
231 ced4651524da6e93
232 ab82c7e5608f6e93
233 b0b7af3bbc086e93
234 b70ce60a81456e93
235 5f224fb1b2be6e93
236 b034ee2b3da36e93
237 b86f5fbe9cdc6e93
238 6eb4f4bf83296e93
239 854d103142e26e93
240 4e256c82db776e93
241 41e18360ba306e93
242 0d6bd0420b4d6e93
243 501981149ac66e93
244 f3193782c9eb6e93
245 30e3412b77846e93
246 5c78c52115d16e93
247 d06df0f2c22a6e93
248 0060133ee49f6e93
249 7dc6561b95186e93
250 d0f5c1b9e4956e93
251 3123bf508c4e6e93
252 35a36941c4736e93
253 1aa1f7e938ec6e93
254 108630cdcff96e93
255 6aa10ea8b2f26e93
256 b75dba8d3fc76e93
257 63e16115e3c06e93
258 00e33b07b7dd6e93
259 6b541cf13fd66e93
260 003f526105fb6e93
261 3350096561d46e93
262 a84f07f016a16e93
263 9deaf43f167a6e93
264 83a59d9ee12f6e93
265 5e57f6138f286e93
266 fd167ae0e1e56e93
267 47065f4ddade6e93
268 c1a072903bc36e93
269 87ba45a5e5fc6e93
270 230760c6fcc96e93
271 e56f58828a026e93
272 43129a5431976e93
273 7ce0deb982d06e93
274 c53d00ad6eed6e93
275 05d24b4668666e93
276 4ab390c7278b6e93
277 808e60c8496b176d
278 25e2f6b1ece86ccd
279 6418133eefe2b747
280 003ada46215bb747
281 ef6cdb106048b747
282 8200ed69c509b747
283 1c508a57880eb747
284 92ad1ea04947b747
285 b59d803469c4b747
286 50cf5a5b7ce5b747
287 a9291eb2336ab747
288 3b4c90e7c243b747
289 83029ad27e50b747
290 dc2e4e29e5f1b747
291 75acd36f4c56b747
292 934d9d254e8fb747
293 5590a529450cb747
294 cad152981e2db747
295 5f07d193d2b2b747
296 1c15d58b016bb747
297 802693685d58b747
298 3e003f37b3d9b747
299 bbea94425a9eb747
300 f60b6fc69657b747
301 0899b3f8890caf77
302 a7e39d34cfc03f77
303 aafe17bdab993f77
304 195e8a373d463f77
305 f32113cd4f2f3f77
306 2a21e40821bc3f77
307 0e50bee3860f195f
308 c5901187e311984f
309 9c9aa7759c94984f
310 6024e0396a33984f
311 d373c356255e984f
312 114432d94585984f
313 a2e875d9bca8984f
314 613edf646c17984f
315 f0de8d3904e2984f
316 79e0fa2ed939984f
317 f0075a7cde8c984f
318 7bccd1d6efeb984f
319 5956932a4016984f
320 24c2e3b10e1d984f
321 4228cb6b8540984f
322 199e99a17bef984f
323 e73857eab5da984f
324 638f23d68771984f
325 733cfee34604984f
326 257c17f16263984f
327 c72ac131234e984f
328 e7b0b9f2d2b5984f
329 f6d31015fc18984f
330 7ecc98c2b307984f
331 1a33556ee1d2984f
332 b64b975c9be9984f
333 330cd39f05fc984f
334 6ffe623c531b984f
335 88432f884fc6984f
336 54b9e6c5660d984f
337 7a6cd438c930984f
338 56957a9c761f984f
339 b9be5ccb570a984f
340 f990e04bd018984f
341 2dcbf346fb5d984f
342 894d5fd184b2984f
343 18f256e133ef984f
344 0f62034ca3fc984f
345 6ba239bedd11984f
346 ff610f2e88a6984f
347 59761bda5063984f
348 344514561850984f
349 a0ddfea3e6d5984f
350 4da92431d52a984f
351 53258f826907984f
352 99d7c6e42194984f
353 f532a35d7529984f
354 52e926264e1e984f
355 2327e4fe151b984f
356 bacd02fabb48984f
357 b81a3f51948d984f
358 2549f6130722984f
359 7df9fbaeed1f984f
360 1c04249877ac984f
361 2a6abf3102c1984f
362 845bb2487ad6984f
363 6ca84a043193984f
364 c6650b1d05c0984f
365 3debada54445984f
366 0690e0bbe29a984f
367 2fbcf90048f7984f
368 109773af74c4984f
369 688b11eda2d9984f
370 d7e09a297b0e984f
371 b5d3a43bcb8b984f
372 a49ba52b7ab8984f
373 afc1621e237d984f
374 84bac89ac452984f
375 d2149871de0f984f
376 058090f5c79c984f
377 c42105e652b1984f
378 c7a8e2fd49c6984f
379 ab1fc7da8c03984f
380 8fb1ee84fb70984f
381 92840e991575984f
382 ea8ef685ca4a984f
383 75275876ada7984f
384 8ce84e9c55b4984f
385 f8f41569cd49984f
386 47df040426be984f
387 2e1794d1cbbb984f
388 54c5f64f49e8984f
389 01e858fc322d984f
390 f3bf9be5f3c2984f
391 4df1ed3ad83f984f
392 eecdc2bf0e4c984f
393 95eaaa3adae1984f
394 85a2a211ccf6984f
395 7f500a66b933984f
396 2ed176d65f60984f
397 728327a07965984f
398 98f58b6e33ba984f
399 89c115edd997984f
400 38407eecf564984f
401 031ce923bf79984f
402 528bbbbc1fae984f
403 692db2adab2b984f
404 6dc891371358984f
405 86da2589159d984f
406 ef31a1007bf2984f
407 c4da1be8ae2f984f
408 121c9b599f3c984f
409 18c06cd1fe51984f
410 96b6e922cce6984f
411 580709abd5a3984f
412 50106116ae90984f
413 f106a7668315984f
414 e0cc3f32b36a984f
415 e7a0d482f447984f
416 82ba9b10e1d4984f
417 349f66b90169984f
418 74543edb5b5e984f
419 c9475f3b545b984f
420 f0d5e6606e88984f
421 88daa7d5fbcd984f
422 4cf564344b62984f
423 f24f56e5e65f984f
424 d7fd2c717eec984f
425 bc3926aaea01984f
426 fc68e642db16984f
427 03c778b81bd3984f
428 fc6a80480e00984f
429 31913255d885984f
430 39f4d64080da984f
431 0cf442cbe637984f
432 3a08cf555904984f
433 3ce7a244e419984f
434 e40cbffb0a4e984f
435 e9a30499c9cb984f
436 5a8b3023ebf8984f
437 d54886e336bd984f
438 92bdc980b892984f
439 a1a175370d4f984f
440 a27ad37cebdc984f
441 b848c2dd5ff1984f
442 9cd4a0711606984f
443 d1f9c7fc6c43984f
444 e1ebc81de7b0984f
445 bc7312455db5984f
446 213c596c4e8a984f
447 b02247cd36e7984f
448 90f9b9f60af4984f
449 16f09ce9e489984f
450 c42cb917d0fe984f
451 4d5d0606c7fb984f
452 4d19e0ba5928984f
453 a1b6af9f4d6d984f
454 cf4a3c692202984f
455 d393cc432c7f984f
456 57af1373c28c984f
457 947e90904021984f
458 f8af0b562f36984f
459 16945003c96ba968
460 8b60060d5528033b
461 1800768ee2ba4e09
462 dcf9fd4263017ca2
463 3aa4ba7cff675bf2
464 84bb2d1288aa231f
465 09dfd04767fe1799
466 16bc02626c8356cd
467 0b2a2d54ffa8a31d
468 696ce3cdffa8a31d
469 aa0084c1c4a6fa1a
470 1f929e6042cd39d0
471 76094f8176fd1e30
472 b6c422bcfdfd1e30
473 de0245a1befd1e30
474 c925da2e28fd1e30
475 aa877d4eccfd1e30
476 ff19173c49fd1e30
477 e9f2d16da3fd1e30
478 13fb18880dfd1e30
479 cb1c480964fd1e30
480 c089e385e7f057b0
481 5ea66754b6f057b0
482 e9658cb6eaf057b0
483 589bc157f0f057b0
484 e21af74915f057b0
485 b1faadaea5f057b0
486 3108c15b5af057b0
487 817cc810edf057b0
488 4bf90b2be7f057b0
489 b2117de6dff057b0
490 f0b3ca4fabf057b0
491 4b65a76180f057b0
492 a498ecf7bbf057b0
493 29f046c3d5f057b0
494 bd11202b5af057b0
495 cc516e2baef057b0
496 862f52e6acf057b0
497 ce110113f0f057b0
498 af914a8c77f057b0
499 4b7aaa4e88f057b0
500 1ea7d2586ef057b0
501 244bff8a39f057b0
502 5b49a80063357d30
503 e45f7e06cd357d30
504 b22fbc978b357d30
505 57b6fdb86ef057b0
506 9894cc7519f057b0
507 ee1b5b6edc47be30
508 93e0158ed047be30
509 6a4c7fe1d547be30
510 f05c613359f057b0
511 2ae4834b70f057b0
512 05b464c03af057b0
513 5ae2537790f057b0
514 10263cf64df057b0
515 5257c8d96df057b0
516 d3e8dc87eaf057b0
517 bba555ddd6f057b0
518 0756f2ae19f057b0
519 6d6cf7a780f057b0
520 e2963006fbf057b0
521 d9577a36e5f057b0
522 a688d017daf057b0
523 6f0bf8866ef057b0
524 2096f6cbb9f057b0
525 42b677ad69f057b0
526 6c95f68807f057b0
527 8dfbeb087af057b0
528 143f69a54ef057b0
529 91de09eb5af057b0
530 52c4dfb8abf057b0
531 d39a2a7e5af057b0
532 c762198374f057b0
533 6f208025b8f057b0
534 449a3bdd67f057b0
535 6c31a46bc0f057b0
536 15d5931e2af057b0
537 c9cba7f146f057b0
538 24a5478a0e357d30
539 14cf92c31a357d30
540 10b5dd1404357d30
541 cd7da43ea5f057b0
542 3dd235c897f057b0
543 4baa3cf12247be30
544 d23d0fb63647be30
545 634fca1f5c47be30
546 33eebc6e4df057b0
547 a2518595cef057b0
548 68cecebddaf057b0
549 07c8c19eadf057b0
550 bf0d11cf09f057b0
551 c8c9442597f057b0
552 546a684663f057b0
553 6a1aae8d90f057b0
554 81f79f6c74f057b0
555 6598c8a638f057b0
556 41ec7212a7f057b0
557 45894c4e5af057b0
558 ab7c50b607f057b0
559 df5373a0e0f057b0
560 1a0ea2f209f057b0
561 db913e3e97f057b0
562 c8f1ed6d19f057b0
563 2dd5deec69f057b0
564 a83b7b4a6ef057b0
565 368fb938faf057b0
566 86b8ab022df057b0
567 c5e424d210f057b0
568 cf582585abf057b0
569 53f1e8ca7af057b0
570 a58a73adcdf057b0
571 b6f1c76010f057b0
572 406aca4994f057b0
573 ea9676a94ef057b0
574 d6ccc8ca37357d30
575 8f7c7b1f44357d30
576 4d7b87f863357d30
577 50cb870276f057b0
578 2dc5429d89f057b0
579 4ba6c43c6f47be30
580 2ddf72dbbc47be30
581 cf304fca4147be30
582 01d843bb27f057b0
583 4ee9de6d00f057b0
584 3013bf8427f057b0
585 844271078ff057b0
586 eb6b0e91d4f057b0
587 5c5a94b488f057b0
588 655ac2b007f057b0
589 e073f00c37f057b0
590 53c6b8545cf057b0
591 30811764a7f057b0
592 70aa5db63bf057b0
593 3f4bbe92a5f057b0
594 af63aa22f9f057b0
595 e25e3fc6e7f057b0
596 bfeab21939f057b0
597 d054a1ec19f057b0
598 5bc2690515f057b0
599 c8f0cf61fff057b0
600 51380e12ebf057b0
601 5b554bab5af057b0
602 9c07cf40abf057b0
603 ab6bb37e5af057b0
604 01c52c086bf057b0
605 b1cd068e79f057b0
606 8cf01b9295f057b0
607 ce6598c5e8f057b0
608 8e23c3ff7dfd1e30
609 2133aea2cdfd1e30
610 d492cf2b94641eb0
611 ea08aaa4fa641eb0
612 f98c07f4d7641eb0
613 ada74d3e08fd1e30
614 2197fa2783fd1e30
615 3234eefbee04f7b0
616 f39f98f74d04f7b0
617 4819a42bd804f7b0
618 d4a3b9f92dfd1e30
619 0be2b34c7af057b0
620 0903a53d67f057b0
621 5ceaea6160f057b0
622 afb6fb4c09f057b0
623 46b6eca25af057b0
624 ca86fae607f057b0
625 40d8240217f057b0
626 b69f050c59f057b0
627 5e29d1490af057b0
628 fdfa5c3f25f057b0
629 1d5d4c13d6f057b0
630 ef9c3dbfb9f057b0
631 d066567d9af057b0
632 d64d2e528bf057b0
633 49e3c8d51af057b0
634 4cce41b26df057b0
635 85244cef50f057b0
636 e93137a6abf057b0
637 b10b4c5a60f057b0
638 0893a0f524f057b0
639 7c4f94d677f057b0
640 d86a4ad213f057b0
641 255a7de050f057b0
642 2aaf9a24d4f057b0
643 5c4172b8bff057b0
644 6358064dacf057b0
645 26379891e8f057b0
646 3ce70b2875357d30
647 97e12e73c4357d30
648 fddc2b17b5357d30
649 f65e5e7f30f057b0
650 a1d085ec17f057b0
651 6cdbfe539247be30
652 8e672f956847be30
653 a2e4f398dd47be30
654 786cbcdb24f057b0
655 5fe3fe24c0f057b0
656 18a635b827f057b0
657 a94ee6e746f057b0
658 2fa6b466eaf057b0
659 f38417ef10f057b0
660 4eaf421145f057b0
661 fc695df616f057b0
662 dee284a659f057b0
663 7cd6017859f057b0
664 48a6b2d425f057b0
665 68dbad8b18f057b0
666 23253089c6f057b0
667 a4b413e5d0f057b0
668 72c825181cf057b0
669 e598d08e67f057b0
670 e2e835b624f057b0
671 6a1685c5b7f057b0
672 95af5f5343f057b0
673 f4990dffaef057b0
674 5f5b71612cf057b0
675 943f2ee6eaf057b0
676 3d9b087ad5f057b0
677 359b63dbbff057b0
678 2f5582ee8df057b0
679 4229059c2df057b0
680 0f73531d89f057b0
681 dc090cc5daf057b0
682 66b1b335c5357d30
683 5aed1a1bd5357d30
684 284b17c7d6357d30
685 6cd397c430f057b0
686 d5a58e1717f057b0
687 0dfbd123d547be30
688 e52161cb2a47be30
689 390304064747be30
690 18d7d1898ef057b0
691 6379997a5af057b0
692 7b514b564df057b0
693 2f734169d0f057b0
694 eb37ab5f54f057b0
695 b53ec44188f057b0
696 f5c0016a07f057b0
697 c13aaba600f057b0
698 22110404aaf057b0
699 86505cb255f057b0
700 ce304b5937f057b0
701 6b17007fc8f057b0
702 dd261cb507f057b0
703 ec06345a3af057b0
704 d45bf2bda7f057b0
705 ed9c9b8b97f057b0
706 e81417ac63f057b0
707 b0a5ed2feef057b0
708 44d323dcd9f057b0
709 f24dea5b50f057b0
710 e8636bd2d3f057b0
711 09b62c266ef057b0
712 94697b06b9f057b0
713 41de70fee9f057b0
714 9af02ef66df057b0
715 d16b31d44ef057b0
716 6a2d2a4d17f057b0
717 732598970ef057b0
718 e90935f0d5357d30
719 04e73e6bc8357d30
720 d6778f9c97357d30
721 6cd81c32f0f057b0
722 a242b6f9f7f057b0
723 de5366342247be30
724 9358ec9a3647be30
725 00b05c99f147be30
726 6c4941fbf3f057b0
727 16c67bb0d0f057b0
728 edea0b1653f057b0
729 f30a6490edf057b0
730 21d547e767f057b0
731 5b29d7bfdff057b0
732 e2703da08df057b0
733 c73b746390f057b0
734 d1ce6ad3edf057b0
735 e0b8d313d0f057b0
736 45aee51bf4f057b0
737 eee45f594ef057b0
738 0666599d97f057b0
739 10df55c55ff057b0
740 45986c5d8cf057b0
741 e6d11e9bbff057b0
742 a4e6495eb4f057b0
743 e54e6f56aff057b0
744 2460753c15f057b0
745 4ddec91846f057b0
746 be04e1d859f057b0
747 ad1840202efd1e30
748 d73bde3f5ffd1e30
749 bad271c7dffd1e30
750 f3d555865bfd1e30
751 bb3b43a766fd1e30
752 c9b19ba05dfd1e30
753 b7033f5cf8fd1e30
754 809fb0a75d641eb0
755 b4462705c8641eb0
756 3be4d0ba87641eb0
757 016eb222cdfd1e30
758 81bd3fbabbf057b0
759 ba42f9405f47be30
760 468d55b42847be30
761 eae570a77f47be30
762 7e4a4d5e55f057b0
763 dca5d41610f057b0
764 0eb7a021e3f057b0
765 357985ff8af057b0
766 810372bdc5f057b0
767 37f3c0eb55f057b0
768 77f6ef1999f057b0
769 b789243b30f057b0
770 e4a75a7e19f057b0
771 46812de4eaf057b0
772 3e29deced5f057b0
773 d200276b3ff057b0
774 6bbdcf5b8df057b0
775 a29ab095adf057b0
776 973c2df5e7f057b0
777 f08a13d6a6f057b0
778 430ab22de7f057b0
779 50573fd4b6f057b0
780 f1db62ca27f057b0
781 4926f977dff057b0
782 6eb97fa7f4f057b0
783 fe9e79386ff057b0
784 9fe6500eb3f057b0
785 36aeccc3d0f057b0
786 261d028413f057b0
787 36c4e14daef057b0
788 368b3e101cf057b0
789 32527b9970f057b0
790 5c4f2bfa74357d30
791 66312dbfca357d30
792 6baf89591e357d30
793 ff8296e6e8f057b0
794 120f06b807f057b0
795 bc2ed22eaa47be30
796 d7ee5ea50c47be30
797 79060d5d7147be30
798 41d132ca25f057b0
799 36f3ee6156f057b0
800 d27a34c1b8153ea8
801 fc15a341339e9a85
802 3ce751688267a785
803 5bea481aec52a785
804 b36243ebe752a785
805 966bbd0505624ba8
806 704bf4eb4fbc3ea8
807 fa1fd451dc153ea8
808 519ad36ccd153ea8
809 b33a62df73153ea8
810 a622ba48fe153ea8
811 269c083ce1153ea8
812 28a738b116153ea8
813 983ae877b9153ea8
814 931aad2ce5153ea8
815 92bf7c159d12064f
816 df0025eeb502254f
817 144f58cda94cfb70
818 c1b7fa8efcc78e73
819 5f68ef1cea755ae2
820 498acf9db57afa61
821 858ca7b3c04b182a
822 c9a4e9deb1394c01
823 48c8d39e7e8b1b8e
824 1807cb76925ad2cc
825 91d4d2c81838c7a4
826 75b323515566a8f1
827 eb8e40459f8feb6b
828 e442362484c9e67f
829 5a468cbc67fa2eda
830 33a150413a2a8640
831 17ca71ec1d3c7a33
832 5694d3e726d1b98c
833 8c12ce3096294139
834 b70ffa188238dd7a
835 d7baeba9f67f50e7
836 0a5fae6cdb179db0
837 522de8ccadb9e3ed
838 4dd65fe7bc74a1ae
839 8df9fe5a6caa208b
840 ec0f10051484e1a4
841 2e17131b3a381fb1
842 6b5633840d4d8fd2
843 34ee5089cfda78bf
844 72f4a212cc1d4848
845 1337b47c02189f81
846 96716e6955292ca2
847 a9776cd42f1c724f
848 5b3900df443e8190
849 6ae4418dd86fd0cd
850 d3da9db1640ae18e
851 f37bc65660271beb
852 30c51904560a256c
853 6184ee3329efb919
854 74227c7d087090da
855 74d18161d61d92c7
856 f487fc46f0013708
857 38d3f4b2139ddc05
858 6cafe3c883437fc6
859 f995ce6ce7901643
860 464d1d9e72d6c164
861 126e4adc033445d5
862 6d5ccf31f0af3f16
863 9f30fd9a5f6a1153
864 875ce4a4054527ac
865 842549c3c9feb659
866 df42f1efba88ae1a
867 8504d4614f9ff607
868 e86365aa96194dd0
869 b79a9a6ab28a510d
870 248605a73f9a7cce
871 6e2a0a91d5e4742b
872 281f9e2b95d1dac4
873 c6fa4d7215eea2d1
874 5f14b3382dedcdf2
875 8b812b4162eb3fdf
876 d074495be8cf1168
877 a7a8581ac4e186e5
878 4f74e231613241a6
879 51ab8c14c31286a3
880 943c53e5b4a476fc
881 5ec8b13559dbd769
882 620c57f2dc5c15ea
883 a17fdaa79b6d9997
884 d1ea4d1e92c91ee0
885 2186300836f0205d
886 b89caa71d3a7439e
887 901784c4b42f86bb
888 a7c2bc0084e983d4
889 a378974e8eb1fb51
890 579da0ccc24b82d4
891 67234de7241cc898
892 b6e7168eca87b14c
893 f15e93c2fac44c5c
894 a8cb5d3685520b00
895 79275e36f855aaa4
896 89c2ea1320de91f8
897 d88d7f63bdc61fdc
898 38461abad5f85378
899 2442eb3a941fda34
900 44533c84bd072d80
901 2e718351689a939c
902 eade7e8743218c40
903 6d4c5d376beff9b4
904 c17cb1cbedde15e8
905 e90d77a24532b0ac
906 1ef7f1884d8aea18
907 28f6043fb3e776b4
908 5e33093f1b0d9690
909 eb6921d3f402e88c
910 4206003da7f4acb0
911 434ba6c465a5c8f4
912 7ee81856c7ab7be8
913 058a109855c3b29c
914 d3b880d261167858
915 fb9827a5017e1b54
916 14f00b548a909580
917 c0c53bfe5336ebdc
918 044ac10f42d37ea8
919 39b5521d20df0d9c
920 90b6adeaa10b5d80
921 92e8881e0bd08b8d
922 406500c246f957d2
923 1ee2be278988249f
924 8532ba0eb18e985c
925 53b8f1278d6fdffd
926 e7dbeb713b98dc42
927 d3123d61f759d10f
928 3562633c77ed1384
929 ea4603be30f16331
930 e5622ae6bdd4a216
931 df1e2da041465433
932 834f0c0934a88db0
933 0a016c48537c31fd
934 8f55c8ca27b3b942
935 456c8f023073100f
936 8fe0e394e6bad6b4
937 6f9273e1a875a8e1
938 4d221875b01e0886
939 801c63719550d06b
940 ede0930994ef0760
941 2e8ad6e25d87f06d
942 a332264b00396a32
943 6427e921d861f9ff
944 027519e9603c14b4
945 ce54297d039c46e1
946 2e49fb540e9f07d6
947 cdd4b61ef5fcd9f3
948 b6cd55abd8ae5968
949 39cd66e3468fab95
950 834ce986bc6c44fa
951 9880f388888e7647
952 f7babf1b9952a39c
953 d4e16b1b7090e009
954 1ab58727f41f530e
955 a760ee44295476cb
956 37077b5aab1b24c0
957 980994fba66dae19
958 0b9456efb84a1ade
959 601b4dcc5caeed1b
960 c29483d6eba588cc
961 2bdfdd0f76d6dff9
962 627ebf77fdeecbbe
963 064a94ef302cd9fb
964 7716a0e4c75e1c30
965 0dad83be26dcb97d
966 322a827459fffcc2
967 51fd0688bdee4377
968 f66c6a5d30bc8e0c
969 9e5383d8d2227239
970 933cea61e77095fe
971 4c9ea0d24c2b1c3b
972 0b5ad3eace89dd70
973 8b1ac8679a9a02bd
974 2f36d327dbe81a9a
975 8921c4d3b7c24767
976 f2067e52a8e8d62c
977 07a054068ecce159
978 e57c714618dd611e
979 9602ba52c478145b
980 7355789d5e4c0510
981 b7990f2dabba29a9
982 d96f259834add3ae
983 f5b399f4ef7443eb
984 35c28baef41b3608
985 5ff02d9dcf7076b5
986 60836a016794c59a
987 dff7742bd17a3a67
988 0f23a1e9501a14e4
989 142afe658b3cfd45
990 c565578b5051fc3f
991 b4b8d5f00ab67472
992 921d07bd11421921
993 3c928fe088af3cf4
994 2b72826dcb3802e3
995 fcbe653dd8acba66
996 4bca92d1a616ee65
997 bc22efabab304a78
998 c4c54c8dca98f417
999 5e99e2428627a44a
1000 bb2ce5f61ccf2759
1001 7a94135242aacc2c
1002 b4c4e3b2b73084b3
1003 41e1dd5a62a41096
1004 2b8652edc38d6955
1005 498829f85ccdf128
1006 a731874bbc805e07
1007 457a9deaf4c3bcba
1008 27cc3ec0a722cff9
1009 31f83d52dfdbb8cc
1010 28b8d595aa46c9fb
1011 e43a9159334ca7e3
1012 1396d67d2dd71658
1013 5884e9df3c1c7345
1014 778e0fb5bc91d42a
1015 a7943f2c71ad7ff7
1016 2f0a9f30d298dbe4
1017 f61265aac7c7f591
1018 3487755d1af4c176
1019 4211a070b7b18913
1020 d6d226c5fbf34b10
1021 56b260feb74ee22d
1022 f6640a05beb93389
1023 c14474d3d7c09f54
1024 9cfb1f50644c5fe8
1025 ba28781cc0106bd9
1026 34e398af02ec9303
1027 50120aaeb9d6e3ff
1028 b8a2d25d828906df
1029 4ef62b1c807d3b3b
1030 a524d7bcf99d2da0
1031 cff3cb4745760b5c
1032 2277922391a3f5e7
1033 32f5f6fb32227c5e
1034 8c82b3eec3a3ffc9
1035 2511b81d93817c30
1036 7e98daa30f7e3c6b
1037 544d5e29593d87b2
1038 d9e7f3a50516593d
1039 b7346b24d9773f04
1040 d75a94773001809d
1041 02502fa93249c1c0
1042 81a71aacb5925b37
1043 da6cd892e2028676
1044 a400ef8e7b50dd4d
1045 dcdb822fab7f027c
1046 92dbc3db6c581d1b
1047 5fa1d6e74b1c676a
1048 b6fcf03364386611
1049 3799244b9af89c00
1050 c6a78b9871b215df
1051 bd3059ab6ed1d6a8
1052 b746833d2d329879
1053 c840aa17028b6b94
1054 4e566894fcd22e7b
1055 2cf7ae38fff37db2
1056 9e8e8eb5afc76be1
1057 07f2523455106878
1058 ac461cef4130e32f
1059 66d6149ab077f476
1060 d7d85cbf6dc703a5
1061 8f4267800ae27ecc
1062 eb94b20cc1ce2273
1063 e487a81afd6d654a
1064 03504c82df4f8709
1065 dc0514b71a5333a0
1066 c1fc88d38196e557
1067 ae637f0733d02afe
1068 ce224db06dfeb54d
1069 e2927dd583e88e14
1070 626aaa069069b7fb
1071 552fdfa4d625ae32
1072 e17838a15743ced1
1073 b51896575370b328
1074 92df183ae41cc727
1075 646762fb2df46cce
1076 f1e79e941390d81d
1077 75185255557eb364
1078 490030de9016664b
1079 e0926538fe359f02
1080 a0341a83e5bd8529
1081 35689f55f31019c0
1082 0e55e6bc7aba45f7
1083 21d5e3ca11b3411e
1084 9a9d5ff91028096d
1085 364c641a10f75f30
1086 135af6e1c4067f0f
1087 7fe12b79aa925456
1088 acc7e9c626135b3d
1089 47f2d04a93211e84
1090 f72f5f939c3369eb
1091 8c36a3fe3a465422
1092 fcf8ced2b4a609f1
1093 a9d22545c2c728c8
1094 2775a80c13a0d8ff
1095 e7be6056a5e62286
1096 4f8294646ff2c5fd
1097 86f2dcfb23da3c44
1098 d99d03cd8083acfb
1099 e88c4af2a788d099
1100 3c62d4e8c11d6b8e
1101 b858abe7f374b23b
1102 e43a50bd50bb20e0
1103 3e52d91b8938dfa0
1104 edcf81c7e1db3571
1105 825c61098ae21f83
1106 dccbd9eba2920a6c
1107 59ca24b058b5d52d
1108 49ae0482e18fd59a
1109 8f3e8248a555fc03
1110 cf8b91df96d2d208
1111 d904a0d8e73dcee9
1112 6b5f31960fc00436
1113 c51777c4ca90fc8f
1114 5928149468af9b4c
1115 0487d03254bf078d
1116 89b87a6fbcaf9f02
1117 9ce485702f357117
1118 11837f49c12cb3b4
1119 b0d9482016612715
1120 230c765a88dfb82a
1121 84af659f0755a493
1122 d66968887dcad9a0
1123 382a7937a729a721
1124 a4ea85e08f3cdc96
1125 7281d845ef5a8e6f
1126 e4a4a6953e9234ac
1127 28e57c1f51f3826d
1128 bdf9e092d9723b82
1129 c4bab6c0a64e9d2b
1130 5662212a2e38cce8
1131 ac077b0570a154c9
1132 fdd43cce4869b91e
1133 7f5f93a9a9e914b7
1134 e59eb461fd7dbcd4
1135 dcd3bc8138b39bb5
1136 6a2a899da0cbd0ca
1137 e978400b962ce5b3
1138 1ce8dfcbcdc1ea10
1139 9254b9e2a22aee91
1140 71c4121c4d253ad6
1141 b5d9333577305eaf
1142 84db8dbd8fcd896c
1143 484603c70e4b15ad
1144 6336e4ad8954a842
1145 e9193d90768c356b
1146 579257d64ef97cf8
1147 3be5e5b1bcebd8d9
1148 4cd5274de24fa16e
1149 a1a8267880bd805b
1150 a48160d2b4190f58
1151 a16de5c47b0b25b9
1152 8b76e20936e90026
1153 7960bb63dc0070ff
1154 db4fdd7df977d334
1155 34a032a1453ffd19
1156 8f66128f45ee3216
1157 f8307818ffe24c67
1158 3a68b8981ba05064
1159 b897fbe6b67f082d
1160 841aec24e7dc581a
1161 88fb50edbd485efb
1162 47a0b3eaa43598c4
1163 bcdef6005c7a9428
1164 8dcd0c0b1b09a828
1165 c5fd27e285aac87c
1166 58647750d1500afd
1167 473f0ea2fcd4c1c5
1168 1e7cdcb422252aa2
1169 6fca7667f67e9ee3
1170 e351114ecc9dd040
1171 50f752196d70369e
1172 fb505781fb764f4e
1173 0a4e69b985965bd7
1174 7e5f822cb4a5282d
1175 84d403bbb193c5eb
1176 a16d312cf1833276
1177 5ca5b8c5a48ee5a5
1178 0f241a09a6098296
1179 165bcb460673bcbf
1180 82b76681f8841aab
1181 70b49a93ed2e10ec
1182 b0daac3ae3de446f
1183 6d89559cff1d956f
1184 bd956a676184a125
1185 a2254f6f5a2a85ce
1186 41a607a1233a4eab
1187 1bfb34f93355cfd6
1188 c9fa59da5ce5fb07
1189 40cc701106ab3a55
1190 2ed8a1aab051223d
1191 083b48a74d72a540
1192 e1d98df580dd9278
1193 868ac751ee08ea4b
1194 9de1f5cc748d06fa
1195 a5f5b7d95a9ebfb5
1196 1fd2490999102415
1197 65c5481fc5fcb7ae
1198 15b8917fec4560e1
1199 854c6f19bd2f0a2b
1200 21fec3ecc70b3bc5
1201 bfbc41cd2db5d7c6
1202 9b99865a084cac4b
1203 cbaf68a0e6dec83a
1204 11f72c6112d9c8b7
1205 d0cdf3b02cc272dc
1206 8fb9b9fb61acdc2b
1207 d63485d2f602c004
1208 eea78088326ed702
1209 d7d3975af04ce358
1210 ebe4b680de69eea8
1211 a351ae081ecba741
1212 2b4bddf42f1cc0ac
1213 570e2e2295b90b3e
1214 1484eb45d7240034
1215 4d180d9caf67c3fa
1216 6e22f8e59d6dd459
1217 81da4c2672482dbd
1218 f1b1f373f724034d
1219 48e4bcfecbf339ac
1220 3063e568b856ecd6
1221 f7544e8841167047
1222 45fc49d197fbbfa4
1223 0b126665c4b32d38
1224 4c09b65d9355458a
1225 4a26bb66a020ef9f
1226 d2eaf81ee4058e30
1227 68edf8fb5d80a0d1
1228 f71c414bcf099cc7
1229 1c1f98eed755a27e
1230 f4e4f3108db507d6
1231 9192c2c9a21dbdc4
1232 6d7cda0a32c312ed
1233 a2ba6554ff30a037
1234 8e12a49229a83875
1235 e9012afe45bd8139
1236 05a43993028d6d45
1237 e4a259e9403fd695
1238 b9c6c1240c634ef2
1239 00c03e47a93168aa
1240 af665a41de0c1fe6
1241 d3560c446f751ce9
1242 e26a1b4918114d87
1243 4be63c8a73b5b1b7
1244 cfbc6843d154173a
1245 786adfbc6aa6e204
1246 f1d856b7a53b349c
1247 b9563798a5aa3718
1248 101338f7ef2e53f8
1249 78a00320d2a3dcdf
1250 8ddea344abf81bc7
1251 eb97b4bbe731ffc3
1252 a9b4ff79e3772b02
1253 1c62b811c6e1425e
1254 bf0a2c97c4318e00
1255 c3d5361d65b8506f
1256 8bf97c1827b4dc7c
1257 be47c435897760fc
1258 ddb7b3e524f9567e
1259 9d77dcd9178f9a43
1260 c59e6f0e4403d9e3
1261 2ccdbdd247fd4aa7
1262 0e94e8e4db806326
1263 4b040f9a1e2d4711
1264 414f7c957b8e0da3
1265 6ab4fc4721ab057c
1266 ff75127127badbed
1267 0998395b340ed3bd
1268 359562e8326c87f2
1269 cac019221d0a32df
1270 53338c9aab2314f6
1271 dd35272bc9cb08f3
1272 269be0ee5f3b781c
1273 4bea9e7635f424a9
1274 b6a8929332d5f807
1275 d7ec163307799c1d
1276 f8fbea8a377948ba
1277 84f72c590e068330
1278 dd5a909bc823370e
1279 242a0b5a4b0f18f3
1280 d18e9b8a69b1c46e
1281 36020dfa97dc4e4d
1282 e474965154ea96e2
1283 7da20bec40810195
1284 e7359891fdd81d2d
1285 40c30fe28e542211
1286 4a3896d52b987792
1287 7dcfd0429c2d2d92
1288 30d5a8504a6462ba
1289 6bfa0e1979908079
1290 fb8b616eb304a527
1291 d7d0cb3c01f5b200
1292 6b4997af58f1c788
1293 5b70035c5e2cfbed
1294 f38f21b2a6128163
1295 140a62214b9330d3
1296 3951a8d2df7bb6af
1297 d259dd8431b33231
1298 0c151cfb4947e68e
1299 b55076bd8625f09a
1300 b4dea7c244b8d93d
1301 9eb36c99f87a7764
1302 5a35bc4ac0fc0cf2
1303 14ab9141634ef65d
1304 e5801556442fd62f
1305 1bcbeb9f5e60bc81
1306 6b65e108ea612bd8
1307 413c3e24db3d6d3a
1308 aef06e09bc608dcd
1309 f9d8711f312ab002
1310 2873e6304e242b48
1311 db9636db5a63f34e
1312 25de3377e8e12419
1313 f92b18425a516128
1314 5bca3f220d60d602
1315 14698fdf3adabf49
1316 9697d4a0d2ef03d6
1317 0d45c40afdc056d0
1318 0ca8ea6a0f9d9223
1319 f4f1984202229d83
1320 0d6e7af6290ddfba
1321 2da2dbd0bfd7f123
1322 79941918ba76d2f5
1323 491218493e722b91
1324 804590393400e47d
1325 840973ab93b46d58
1326 49aef8fe29b44da8
1327 2b0456940fb5e9ae
1328 43bb01c9a50bfd8c
1329 0bd7d8cbf7ae24ff
1330 96aacfba0fc38f55
1331 4d4f7f0f569898a6
1332 7cd6c723391db0bd
1333 a4c9fe76f55c686d
1334 4ef4d50363cb8494
1335 8f8ab24279e0fee5
1336 2ce1fbc921241452
1337 bfec5761cb31ee3a
1338 3adde339ba1150aa
1339 17e8307be72119cf
1340 dfdb0afa50476f3c
1341 abcad2c4c97abd5d
1342 b5f1168e2a6d2ca2
1343 f44f748f86fd38a7
1344 a52fce4779f15cdc
1345 54be353ebe4c83a1
1346 0fdb4fa3defffd46
1347 4828bd74ea4af1ab
1348 041d5772c10fe050
1349 716a62de40697f0c
1350 86a7b621f3406f13
1351 6c80ebf2269f77e6
1352 1a6a4b481fc19afd
1353 80219f654f7aa630
1354 5e2c4464151f294f
1355 fbcfe0dc17aa8ef2
1356 710291a601b8e009
1357 d649b4d24fcfb81c
1358 7cf5355104add27b
1359 b07dd4b43ea33d2e
1360 c038fb0d1928cb85
1361 f3f0fb9b8e069f98
1362 804776f6115dfc57
1363 6762057bf2acccba
1364 886d965b7546a5b1
1365 66c3108bb0c2a2c4
1366 36d48b4798c1c563
1367 e992069b475430b6
1368 176e70ee8a0b394d
1369 15e303fadb8613c0
1370 d42c171696be891f
1371 304fa98632fc4342
1372 d675243c19f9f859
1373 6dc9f1cde7b38fc8
1374 1ea02cacd38da987
1375 eff4dc131a94f1ea
1376 86ff3a4c3f0c4e79
1377 15d5e1b5c060b50c
1378 71cea802a05a96eb
1379 a0a1c3463b3b8b1e
1380 4442ea88509215ed
1381 a466be6b7acfbbe0
1382 2815c61b30e5403f
1383 889935252254f5e2
1384 4e889d33ee914eb1
1385 5c5934eb176ea3c4
1386 102fb65673ab2a63
1387 0c3e2f45227909b6
1388 2bb2f5250515a085
1389 6878556862634098
1390 60c434a00c2bdd57
1391 96f1bcb218c6adba
1392 4d662e09e7bd1d09
1393 1c8eff1f8b6a811c
1394 927350c6cd03cf7b
1395 c12ddb3ce482f62e
1396 7cd02612e1bb47fd
1397 d6e129107c1f7730
1398 a10a3e48145aae4f
1399 031f0e4ef204bff2
1400 2f30e584bf9fbd81
1401 9d07562dfe35be14
1402 f066a048d411f433
1403 d5cf17536c6ff706
1404 890420a00422b555
1405 d29dcc118d7f584c
1406 f56ad71fe977c92b
1407 e881cdf079d5005e
1408 e26f79b8bc998d75
1409 664f8cf1e9b78808
1410 0a37f1da315ef6c7
1411 46f734e0899b372a
1412 e7db87e5ebf37c21
1413 f5820ad8f19d06b4
1414 7796910683081e53
1415 d803dca04654de26
1416 ff54fe10224a1a3d
1417 7acaacdbe92f3d70
1418 d5e4e0a37e6c2d8f
1419 17e06a9bc4be9e32
1420 385d3fa31d376149
1421 a871a49e62adbf5c
1422 202dd457c18fedbb
1423 209882ce22b7dd6e
1424 bfedb34afd81cfc5
1425 63779e9fefc39bd8
1426 5f0e341405826497
1427 ed1a9a0114d554fa
1428 58e98150e1d024f1
1429 72805bfb89f60f04
1430 6295fde08f937ba3
1431 7eb98e57230299f6
1432 fd1de40d84ff808d
1433 077ec7e31c8f1100
1434 7f1745edde5cf25f
1435 511f11323ad22582
1436 dd9e75e02d2c2c99
1437 817e2292ca3ae508
1438 fd7738c42e7417c7
1439 3657fa2521d0e02a
1440 ecc25a94d5cf14b9
1441 5fc48800d59d514c
1442 cea647fd53c9262b
1443 30293e919bd2915e
1444 0477f05424f2172d
1445 d0e4a6a6a63a5e20
1446 f3df1fce90beeb7f
1447 e53b626c7fc14e22
1448 62ea3e990fb9f1f1
1449 00b6729fa2863404
1450 e426dd8cf15094a3
1451 ac3dad498170caf6
1452 0c1d84c35def48c5
1453 e219a2ded63de8d8
1454 67ac49ccaadd6d97
1455 b719d1027b1b4dfa
1456 c93bc303fca8e249
1457 6ca9661a8c5cac5c
1458 4e380e84047afebb
1459 92aad8c548497e6e
1460 99af5ec1f5125f3d
1461 5dbb0cd5a023d670
1462 f22ed9a09d8a728f
1463 467b66a023df1332
1464 81f96409cae50bc1
1465 26c90485f43b3154
1466 7d0c3d8c12fd3173
1467 7bc384773bd08146
1468 a213853869799c95
1469 6c479065d1050e8c
1470 4cca8d065d2cda6b
1471 455fec7fa525089e
1472 275b658138f5ebb5
1473 677010185b4bcf48
1474 073dbd52f55b5b07
1475 e19de2136c08e56a
1476 3242d298431acb61
1477 b47a86f3d2e588cf
1478 809e22da6d7af437
1479 cbdacec7fb1c7bc8
1480 3e3a5298de542ffc
1481 89111fda051bff8c
1482 0a2a1136e7a2c6ee
1483 6b8d929f6919f1d9
1484 3f9842e4f3dc20cf
1485 c455d36ce4b2ce55
1486 f2cb13cf5a3e4bad
1487 0a2ff4a8d3c3d4a2
1488 1a8b84cb320ab18a
1489 ce0c7686a938369a
1490 42d7906f263c338c
1491 7062bc3fdcb6af7b
1492 fe3488528a8d0b2d
1493 2aa0ebec9932372b
1494 a4aca292e58226f0
1495 6eab3123e5fda158
1496 e53bc1f993ba76e1
1497 5741c00c08558e5f
1498 28199f95d2e2e274
1499 1083243c5c92bd6c
1500 e72e218e1814f5ca
1501 07bd316b134ecaf4
1502 8a31f424b99ed9e3
1503 d325c61a868daadd
1504 0ddc1ebb9e79333a
1505 45750046089d905a
1506 90040dd626810d07
1507 3ee042e946deabb9
1508 0ac1b35aa87ae59b
1509 cf5f90359d54a5bf
1510 474e3bf6235dcea1
1511 87041aba173adb62
1512 469a3f9399a031d7
1513 24205a89459218dc
1514 ec092865050bfabd
1515 85fd361fca958186
1516 d63f0aeaea498047
1517 48bdf5ad3d21faaa
1518 53dd0613bdf28849
1519 d73c91eefb9c5369
1520 e28c53e76bd7247b
1521 cafea165c3ddfa7c
1522 4b5dbcac48ddb5ec
1523 5626bbc3afd39f1b
1524 e27345b53c3937ec
1525 8b66f8015d3b0dc8
1526 8a7ccb8d55424d1c
1527 e09f6064766560b8
1528 4e375cdfb89d1ea3
1529 34538b19069f2f50
1530 c61da0af05119772
1531 46dbc5eab1179336
1532 1edde7bde3ce943d
1533 b56f9fc44b30aa5f
1534 46e21a9b13d8482d
1535 fdabe4974ea3793e
1536 5f95ca8f620b6614
1537 8f15f3f708c36364
1538 6c418406b69eaa07
1539 30521f8d6815dfed
1540 0c6906d0c25ce8d7
1541 dc7df2a149fe95cc
1542 659be3ca437cd94e
1543 8c915808b9073c02
1544 380d33f7b50cafc1
1545 a58f2059a255fc73
1546 090a58371588ccc9
1547 0f3e198f0c30c5c2
1548 17a2530692294e88
1549 ea909f32da9fbdf8
1550 ef22a293d1e48243
1551 de86d1517f0a65a9
1552 d6d8910b1ddd45cb
1553 ef0e882a09401038
1554 c20590894494ab3a
1555 d830be9480eb98ce
1556 eed4219bd18f0e15
1557 ea89915909980557
1558 b750cda1c9236615
1559 790dc1e6f0982a86
1560 9c24e7f894a159bc
1561 e650a0fc3e27c22f
1562 92297c0f5a8c7bea
1563 27f3151ac4137b30
1564 62d40ee8e5828f7a
1565 8125f26762d835a9
1566 33cae9907226a67b
1567 0de961ea066701df
1568 7fca96a604a64ca4
1569 328ad6d519435466
1570 1cbf95a3d80deb8c
1571 c0f2495d2822abfa
1572 9fd098b12100e965
1573 bf88584b6bd122ae
1574 2999df850d98ec88
1575 181dfe136d263989
1576 ac3fefbc1443ab70
1577 acea10898a9f99b0
1578 acb66ed1c7df966e
1579 9540e385c0f7e032
1580 31efd28f7bdfeebc
1581 d9ac2aee43e69743
1582 5bcdafe47a251344
1583 24d1e5724789aecd
1584 20972f3e62fb7979
1585 c7aadb89c79f7db1
1586 7ba2c9d6d8cb18c7
1587 992a0d8cf83796de
1588 f5730a2f59d0c636
1589 6dd19bde57c59d80
1590 5154840e3b4fc825
1591 4a6aac57526b9374
1592 43d39600542f834f
1593 a05ff4ea40bedba7
1594 b775bb3ed715a503
1595 95cb1ce9d167eed0
1596 3375f5af79f91708
1597 f8b8ace6ee9f41ce
1598 3affc508cf8b09fa
1599 4c9389ec0f8fdfd5
1600 92408913e3fb34cb
1601 31355fdf04966eea
1602 d35352bc089d3b1f
1603 dab5c69c5b12cda0
1604 cb6383e227e3c500
1605 64083bd71f50a55f
1606 738e9c94c0220196
1607 ac51704eb9810be3
1608 b1fb0282294f1d0a
1609 0291315301f648af
1610 12b44a2ae2fcb006
1611 0018463c07b474fb
1612 2f60cacf40410d1f
1613 c4454717bd854708
1614 7fb139fda4f0b171
1615 5e78b97e86f4dfd6
1616 6e809298e12e0f4e
1617 8938701b6886291b
1618 e34c02aaa36da639
1619 34b706efd2d575c7
1620 7d302bd695543b8f
1621 39c04383deaf3041
1622 e1dc011a4f0b67ba
1623 71dd2740130dc5eb
1624 e3f297a5387f12e0
1625 bab324d6b7d5b817
1626 47cc9947a750d552
1627 3df0caed3d6b3fc8
1628 9acdabcc6708356f
1629 f25d8d89b4402a93
1630 998a3bde72fc77f0
1631 9bbc3061ebe00964
1632 70ab9cf7253092fa
1633 d241d2c25fee34da
1634 b850b32c4b389e0a
1635 f3564214790e5718
1636 4ce0dd792bae4263
1637 7697a9820e36c90e
1638 2899259e33825354
1639 da703f5ecd063d8e
1640 a3b764dcd48c2c9a
1641 5fd30647f4505580
1642 c6c14ce745ecba8b
1643 fd30be783ceecc6b
1644 ff93b2da58d48a2d
1645 c26f89d77d0be7d1
1646 33e186fe9c4d9e81
1647 ff27f7518e21745e
1648 79547173f1bc2e82
1649 993fa0b49936d959
1650 dbba8a0f06a6e699
1651 8c4fd0e5fd1da38c
1652 b674a304bc269da3
1653 af1c35eeaabbafb2
1654 a1b2986690b7b97d
1655 f228d0c764b2910a
1656 229616e6b737a4bf
1657 35e292ca6acb1bee
1658 57b3e32b51283c48
1659 028c55ab94f89522
1660 2e999562810eca21
1661 cd79290e5db233f9
1662 7843a9f0e75f7b50
1663 ab63b07acae4bcf4
1664 f41b937362bbc303
1665 1f15cf68e9a0fef5
1666 f22b4d2c5af8b75d
1667 cb03b8fbf0459628
1668 ff8bd989af21e392
1669 dc0540289c7974d0
1670 2e4baa9a4b99f872
1671 bb3217d2df2bd677
1672 f79e59310bca5107
1673 c266efa93e4dd48f
1674 f33236cfba24260e
1675 fc631dd7e1065f03
1676 4b94ca7ea8363686
1677 69cff8c68411244b
1678 273846d0a7bd3c8d
1679 f858a990ec429913
1680 d468ba35065b2430
1681 39acb0677bbb6891
1682 1f722f8a8407f7f9
1683 93b02f9ec8ef7618
1684 35e50812184a08ad
1685 deddee4b90569f45
1686 c22a36062fe1622a
1687 ed611e0b15f9cd6d
1688 56842edd938791e3
1689 9d0e715f3909bcae
1690 34299cd1c7af2377
1691 e7b2600f09aceb62
1692 28c3f78f61e268c2
1693 1a0bba5bbddec737
1694 dbb2772010c3cb78
1695 7a47e6ec049d5f4c
1696 1f9420c3d1f41fbe
1697 a253ba76709aef91
1698 5bec1ae71bdd8886
1699 63e079664d079258
1700 99b8ec6a3cbf4266
1701 09553b1413a3fa35
1702 ec8afd945a39fff2
1703 4f7983662cb6582d
1704 7804c023b7429d38
1705 a02ea7662594462b
1706 72b16358f74c5eb9
1707 15673cd20a144bcc
1708 9e3023ef8d0e16b8
1709 e7887ca3479f09d7
1710 027012fd868c2d4a
1711 5ca40ddaebf0173a
1712 d75f5f9b89f71ca8
1713 42b84e02003511a5
1714 f32c2bc33c6a1c50
1715 4e9821542503e0ac
1716 f60b84dbd88b6ac7
1717 6d85d045e6f6f701
1718 a0a0e6b47564fd74
1719 72ef0a5550fb4bf7
1720 eeb4e3650f6602e6
1721 d7fd10c2513728e7
1722 8a6ded422b1936c9
1723 67348263620c2761
1724 6382d178c875f008
1725 0b897453884e01a4
1726 460c05bb30e031b8
1727 5969e32e00728086
1728 01226b9795446e2f
1729 6637d2397679b107
1730 13c00f016abb2893
1731 9d5a8687da20b570
1732 c4b310b59b85a4ea
1733 43f3ef0cca062b08
1734 7f13efd48fada0da
1735 ea9661f3cf1a8a04
1736 ad12e8b0fe663c1d
1737 b3d1bdacca95b4bc
1738 894651e1955f76dd
1739 e9bb65ec90beec01
1740 f87a8c5a82806de5
1741 5692498e1ce0040a
1742 55d08d2c3c2db5a2
1743 00f646afb822fc82
1744 395d63ea8f5258ba
1745 e4b41ff15ac17976
1746 5fc30dc4c8d8793d
1747 4e50b55698801f5e
1748 45f43a0317616e0e
1749 adabaf1371d1238a
1750 26a0c6dd929dcf32
1751 5764644a3eb0bafb
1752 615cc3baab8ddc64
1753 fe7a23fe1e6e3c20
1754 7ca492bc0fecc19c
1755 b37fc87c762a6433
1756 7d8746e8403b7472
1757 a08e999121e6d76d
1758 d395956d4ab245aa
1759 e1b2f92e01c46c7e
1760 5878341c52584018
1761 8c25ea2d4a14cf56
1762 154874ddf66ecdd7
1763 fa2088ea33720a50
1764 201787e0a4bff33a
1765 a68b4c0988a8e690
1766 8b9624eb6e662c3e
1767 959ba0827b834278
1768 593e4f9e857bdc2b
1769 997130089b57637f
1770 55b0663a5415a44b
1771 d1441b7aaec18224
1772 cfe79642b07b6656
1773 192be96d18b68f66
1774 735a89aa1ad11a01
1775 8e2970478e602951
1776 8f4fccf2c0637f38
1777 f21d67bd215e0660
1778 45a6dab464f6869f
1779 78d25e778ba9e11b
1780 e532ac401d5d9ce2
1781 dd06f6059762124e
1782 99f6eddfdfaa566c
1783 e9c294afcd2ca280
1784 f7dacdaf73c2f0cd
1785 20b5d46ad41ccf8b
1786 c1289efe77713316
1787 aab5c593417b110f
1788 8f6fa95941f23170
1789 6f4db9f1cdde55d2
1790 d50541ebf16c88d1
1791 88a861fedcff911e
1792 161792aacfbee850
1793 2d69d96cbff864e8
1794 ea2a517f079a00ec
1795 56bf61f15c794fc8
1796 35fc5e4f464dd212
1797 5b180492972e0fab
1798 419cae63877caa57
1799 1c50313102b1f888
1800 8167d4a5a4a906ff
1801 592ae51c55881496
1802 0aaca8b5a92bfaa4
1803 772ceded5463ae12
1804 f73f67738f13ff2d
1805 15e921bf9613cebf
1806 861d1358bfad62e0
1807 9c8252cb0efd93b1
1808 ec12514fc9f0b285
1809 5d08094191ce64e1
1810 0edd6b9f4fb69728
1811 70be9a8f032573b4
1812 553deefda93776ec
1813 d968a9bea40795da
1814 c1fa4f400ae0ce0e
1815 e94033d100cca558
1816 51c57d5c48237df0
1817 51e34c58e0e3fa67
1818 f235d4c8672c2495
1819 d7f95ac91a15e432
1820 f406cc4f4df4f7b1
1821 41585e70466a4430
1822 53a7357f3babee94
1823 aca40c1d296f3080
1824 9a74c714e4833e21
1825 e1f2172a1c20a27e
1826 4d21b314746022dc
1827 fa754ec2a59bc4f6
1828 a683219ed6b7f7c0
1829 ca53a5617b8ef2ac
1830 fd5872781b180af0
1831 7431d24810de6c38
1832 bc2f83f49de5fb59
1833 856c31e9d38dec0a
1834 8e10f9a94cb7b2a2
1835 efa39280fcbfbd5f
1836 4e0b406f2c852294
1837 191c248b6d6ea006
1838 b733058f7eae1690
1839 297f122e0bc3c013
1840 7c80a9f5c0868233
1841 84f0baab0a18c696
1842 0e448ab92abc984c
1843 1b9904cfb8995960
1844 bb1ce2e9ebe4f73a
1845 c14e630bc276c574
1846 ed3177770af045b0
1847 54c7f1cdc2ec4fa3
1848 7c0dd9ce85c2b84e
1849 4879ed1aa65b3996
1850 5111e60cb2506395
1851 6889a26ef9a308e7
1852 ba0641c2f6ad5868
1853 7c907bec82a6b9df
1854 0fe426d575c816fe
1855 2e3610caef8f6cff
1856 f2ee035ba009c4d8
1857 43380ff550ddb9c5
1858 d00d4f666473ac23
1859 6945e7491a66e429
1860 d501c62e9670c1a0
1861 eb2c86489b2e9886
1862 59318f96d93ad9e4
1863 4f1a2fca648f7d9f
1864 861657a3839f01d9
1865 a3497674d21c5b43
1866 85c9853f10285985
1867 3612b09374ddd34a
1868 bc1c1591df52e3d4
1869 f1dfa688851d0bd9
1870 7a3beae7285cfb8b
1871 9bd42636af3c9d3c
1872 3da3f4f9ed0ba513
1873 24007040f6a29b99
1874 374a211efa340727
1875 57d9d5571c378ad3
1876 06eda9bbdc605c64
1877 1fd58b7bfeca8e05
1878 e66f0ec7adba8e1a
1879 d87d4a14a59e7018
1880 8d979cf00c31f0c9
1881 74969340a2c10d50
1882 ee447f1e2c770b79
1883 b477f85a53fbb145
1884 f1a324d3419f9ceb
1885 2d6765f622bd2b1b
1886 45d17f2b9d082edf
1887 3dd9fb259e255251
1888 898b7596e0bf8df9
1889 e63d1159bbd45c65
1890 3b4ae64b4c4bedd6
1891 fe1eb4e6c4b98cc5
1892 46a3614072ca6382
1893 d8cf2ed0410f48a4
1894 357f62fa193f0906
1895 a8397da0ecd0facd
1896 ec3969efd63e5e83
1897 72e6c80abb97da98
1898 7d1c1f2de85fb5a6
1899 e12e541a12eab146
1900 ae4343a3f25e5947
1901 8a374845fa0cdb45
1902 0961ce1be441fb2a
1903 cdf332bd45e8f911
1904 90c5dbd3d5601c2c
1905 c1be3aa1b2f63133
1906 c30bfeab93aa9694
1907 ed9e06d9660e21c1
1908 9b8ea296d55c332e
1909 c4ea95481fe300b6
1910 3a6110fe9c1b75f3
1911 1f17795390ef4e53
1912 fd8668d34721d6bf
1913 6606d48977ad506f
1914 7e11ad9368b278ac
1915 152698a391429e8f
1916 790fd590dadd8fea
1917 65797bc48787fc10
1918 4bfb412ddc285a9a
1919 b5180a0a29eb3c07
1920 1b7b178abc6bf71d
1921 2d5f0b5fd8419fef
1922 d7febc1a25aa6481
1923 adf551ff19615601
1924 64ddc45e96dc9348
1925 789509847fbb27ce
1926 c3b0b95d7b120df1
1927 8b01d207dcead0d7
1928 b56ea821ada1f619
1929 c171d7f27f1d7f5a
1930 5173a6176fd72135
1931 d6e83a70979b7a82
1932 e462e4811a764a8f
1933 003745b0d6736fca
1934 efa7909e59c8b1d8
1935 5f7cd343f3de0e7a
1936 a79fceac1a8e3004
1937 aae65d33da0efaa3
1938 d4f22646af03d54a
1939 2192ab2abce6b8e6
1940 07917d4510c56f4f
1941 6bd121fda11c61bf
1942 53f2a99d586a5a7f
1943 d5c11d6bbf33ee33
1944 809bf6cab4583d45
1945 11c9b07b525da02e
1946 da73ac6d057c910b
1947 9162edabd453f874
1948 9321bb201c08a100
1949 6d71581b211d2664
1950 630e97dab7768ae4
1951 faabf60d11559afa
1952 db48e3967af01772
1953 e2d1dec11caafe17
1954 28fa6ceb16140170
1955 ad9b347f5084b0bb
1956 40789275f18db412
1957 e1e4e3d1f806cbc5
1958 ab51664889264151
1959 2ebc086fbc2e9834
1960 3894e26ee44928cd
1961 8246cdda73f333f7
1962 b96a74c8bcbeec23
1963 fabf5bc66730bd57
1964 d515bfda9dbdea6f
1965 dc6ca2f5731b17cf
1966 4bdfc1a4682b483e
1967 3460936f26c9f8aa
1968 0f798d67e54db7d5
1969 b5766c1f504214d3
1970 6d8a8f12beab19b0
1971 42ba4907e224c9aa
1972 b35a7b1e950d31f7
1973 51710eaec1fd936e
1974 9c80b3a994680981
1975 30ab958cf40bb78b
1976 d41abba4a8fb0922
1977 a570bd4a5300159c
1978 0904f2a3c6d036f0
1979 5e3cc628559fa729
1980 6399f08a22b513d0
1981 75f175efca994527
1982 25a307be5efc3d07
1983 b6979891ca597378
1984 a966872da25b7b89
1985 5d1ac55193e9b657
1986 bd18e8aeb0f338d6
1987 a74dbd51e5fcc8a4
1988 7d722b664f41c4c5
1989 4eb1adbf840cf194
1990 227c9c47e975ecc4
1991 a9521d329f1e780d
1992 46a1966e9be42de3
1993 047fe4863cf710c2
1994 1904281cf580bcd8
1995 cf0a8e20f9b30e2e
1996 3160dfd0a918d48e
1997 5b6342baae7efae6
1998 93e31e559d690e1d
1999 ee19b2a6bb8c8df5
2000 e14fc92e416eab46
2001 4b3158c0c50ff9c2
2002 1f4900af1e7b41c2
2003 7c664955767368af
2004 431150bc7f6c8146
2005 87886e2f2f876664
2006 3fd65c79c66c56f4
2007 7003c9a04ada2bb7
2008 ebe3bbe1e3084211
2009 3431e472982e909f
2010 9dda9b7b97fd93a9
2011 160bf206e01de3f0
2012 dccc3bc87c234260
2013 ad7862dc75c057b8
2014 d41275cdb160661d
2015 3cd59c060f031315
2016 245301ad50b9e097
2017 aa82d1bdbfe979e7
2018 8f129982daa84c44
2019 1d5ceb1e1beec326
2020 5d8f776cdbc0631c
2021 8240a2a3eeef5276
2022 04b74937ef0f1770
2023 bf47d087b8b87f03
2024 80e34410a0c52326
2025 c1770746ef29d0a8
2026 76a1792db361c9e7
2027 8ad9c0c1a4e202af
2028 62427ee11fda72eb
2029 1be8b31729e4e0a4
2030 0130289e188ac31a
2031 e68c600cc68bc14d
2032 e701c196e4675950
2033 22b00b81af2bdea8
2034 a05e0a7e784cc7a3
2035 42752177247c470e
2036 189ecc51743d03a9
2037 ff1121d6410e6248
2038 335267559ea638d3
2039 8ea16c40d9107578
2040 19f2dbb0a94fc3c1
2041 178e0529b5212791
2042 5b6bfbd19a14c85b
2043 a39fb50c0a93d354
2044 002aadd5a9f144c5
2045 67ddf557d6ed5e09
2046 4e5145ff0b736ac7
2047 2ee6a7a69e7e5f53
2048 027fc5e9904926b4
2049 c3fb4219921a9be7
2050 c3f8842d3e472158
2051 abca006d88c2401d
2052 8003d03297833bca
2053 51bfedab4cb92f6d
2054 ba22f50fe0c52cfd
2055 765a979d56f89bc5
2056 40dba45040d9f24e
2057 68d0557f49a2a7c0
2058 efe0d9ad3b1479f7
2059 a9e91f7a59b7a393
2060 125d4135894e8cb6
2061 a3f6dfc9e0d914e1
2062 848b55bd8a1a4546
2063 73b4f2bf776b32ac
2064 c61736cb720e10c7
2065 b1aba45c42446344
2066 06057aa449682da7
2067 51c2d96d4d8b90ff
2068 212a75ff9e8ab89d
2069 afddc4ef97944388
2070 a22f8c834374f623
2071 b0b51ef96ebd9c94
2072 8c39638d890664b0
2073 e93b6cf6e8d3a91a
2074 e96f8437ad336c5a
2075 15e4bf88ed5f564e
2076 033d97e8214168cc
2077 d4fd0ba0eca11179
2078 806d3aa51dffbd06
2079 5af112f97589b733
2080 a9dcb5ad4432bfb1
2081 14d42e2b630b05a4
2082 c13c68deceb423c3
2083 a27e2e7c6ca5b8b5
2084 6ead7683708ad173
2085 3aa5986741474b49
2086 c2135fb7ae1d9222
2087 942527790c94d1a6
2088 03bd267ac04330e0
2089 042ac52a9de33743
2090 3d01bbbb2e009e5b
2091 1dcf09c6393c6baf
2092 0c89a385e3c404d8
2093 747c212fd2ec7051
2094 e3df27c075d75dad
2095 2210ae753c94fb27
2096 feccf9e6985822ad
2097 d74b014caf93db97
2098 da06a758be82dd4f
2099 3714a748e371144f
2100 c7a7394696668eca
2101 5b0a63491e3efd48
2102 11b6c462002d6703
2103 6ddfe1fe78739438
2104 0dfbd2b4bf425b1a
2105 35969fa28fb862af
2106 7229baf9ec9e754f
2107 6b183f5f58f50312
2108 816ec0d855693f5c
2109 0f39fb16b9276321
2110 f1ec4dfb8d07dadb
2111 7a319a1118bac007
2112 61ea9b9bafc59c1b
2113 1a58dac8e7a4fdc6
2114 5c7e6aa7cceccd0b
2115 31ba3378e7df0b6e
2116 a016fe28c68064b4
2117 d060eb7ae9440181
2118 683a7fb6867d8006
2119 7a08e1d52b94060f
2120 57bcdee9a076011e
2121 8776c321c7e19ac9
2122 3c8769f5cdfb5490
2123 60e9a7b24771ec89
2124 393de231b8311e03
2125 eed223339294bcae
2126 67c889837e6cda81
2127 16df1ba119b58343
2128 1c56016997bd2809
2129 fc97d7fbeebf653a
2130 62f67f4a2821b52d
2131 af27563c4b499f39
2132 7d3048dec1d5c8db
2133 6024436858bd98a5
2134 03c002a77fa1544d
2135 31a73e7a2e59c784
2136 8e8ef854dd1c6143
2137 2354906e709fc1d4
2138 9c392edfe776c519
2139 b270589dc1a2f3b7
2140 6f12cc67a063c9b6
2141 5e4a6ea017e0e5c7
2142 a6386dcf1f2681b4
2143 6143e6a949f88053
2144 0498ca01f7bbf348
2145 9b08f26c8efb4815
2146 a8142312efd8106b
2147 a64e9913f5eaab78
2148 b976e39d6f0fbeab
2149 4e9cb2ff57ac5d67
2150 bd5dce36b7ffbafa
2151 50cb4cf96d0340cc
2152 422f7074564ebe2b
2153 9ebe52ec05e81f00
2154 3f78d214d607196d
2155 cf6c420edd22e8c9
2156 d652d1eb8b851b06
2157 7ae69e07a5f96e60
2158 877321f0bf9f7538
2159 5b880ce3db2c6608
2160 fcfa6f69ee817ba5
2161 39fe6729b64b56b8
2162 c88b7933387a697f
2163 0c89bd3e6289b3f5
2164 c5e174df1e2443d5
2165 efdaa61b3ffb7035
2166 9301d4514dabbaa4
2167 8dc453db8de2c5b9
2168 c9826e472afc701e
2169 2283883ea2f759c7
2170 994f926d864e33d1
2171 3597100287f223fe
2172 2d8b48266f84b8eb
2173 1dfb397e3c531085
2174 e82bd9a9c3fc0b20
2175 7cbed13780342ca3
2176 2f146ca8a3ec1e08
2177 4363e4473efafb5c
2178 4b4d4d7fab3538c3
2179 c157f526f0d0a154
2180 fc7f5490c83a6c8c
2181 c52a9ef838cf2b2c
2182 55ecd0ca7087a679
2183 999b65295b794c44
2184 840a03e5095e17f9
2185 774980aed229c63f
2186 4de1a3c36b63cd6d
2187 609eabff831c7297
2188 d884a037ad165280
2189 0e6bc978efd913ee
2190 48c2735b7e2ee809
2191 ad8c66c077c083d5
2192 464bc66cdeed3941
2193 783363befb9eb4a1
2194 60a239634d06bd57
2195 1f1532a61443cb0b
2196 40006dabbf20f7ad
2197 78feec9ad9c8de14
2198 6f2694cea57abd61
2199 8860a65aad826eb5
2200 ff2b0c895a89db05
2201 a8838d6a46d70c97
2202 383a1a09dd64a726
2203 01d4896af9768a92
2204 8945f9e1074bb224
2205 c09b056a6e76f514
2206 127835a109f20ee2
2207 3826aa3532d9faeb
2208 04cc13fd1b327676
2209 a433361d44ad21a0
2210 6bd8073d0eae058d
2211 000adc2fe989fe13
2212 2e01508445a358f5
2213 fcc7d1151ec63094
2214 f22bf71e1985ae31
2215 4c245141908533a6
2216 af0a677e9891fc62
2217 8732b9a2241fbc04
2218 71b2395841668e2c
2219 5ebc4dcdf4df6811
2220 bc09a8941e332ed4
2221 f4419d07d59683e6
2222 7b42e88c5eb5e6ef
2223 2ee4e3edd00b5b5e
2224 4a2e1621777d0c02
2225 33da99a0ab8328be
2226 aa55a0df3d334311
2227 388a0d7d2c10b3d5
2228 070da2f92eca5a18
2229 7bcc6d882d43caa3
2230 0bc3daa4d60f588e
2231 bfa020c989210d18
2232 ba4a1d1699b36596
2233 bb8cf2400e044ee7
2234 3dc9ead2e38d25b4
2235 54e8f4385285930d
2236 f25270a393ed0dee
2237 a8c6860ebb96e205
2238 fd50e02a70477857
2239 be97f73c6cc50ebf
2240 a8be5d48cc4645fd
2241 5230fba8cd36a806
2242 dc65af959ac2ab58
2243 f440e97034f8738e
2244 96b7c0965db77b36
2245 b92231bbb6027e27
2246 80987793d02f6b13
2247 24288b530fb0f5ec
2248 24dc9beba036d4f6
2249 8eb0b7b7ccccb888
2250 df7ae186750399bf
2251 2809f83edd560094
2252 18479bc887525ae0
2253 64de09e00ef5007d
2254 95e9548d12cf203f
2255 ef44390aa4bd9f72
2256 261ff4d9f366ab21
2257 0aa6442ba7269f1b
2258 ee0da02946790feb
2259 f93e52509d23404d
2260 ec1d810e64eb40da
2261 7299fc15ea718f76
2262 6ce053b07308da1f
2263 2670ab3560c5ac1c
2264 0354194e41624a32
2265 0fba09396eb1a9ed
2266 eda92accd3453bb0
2267 ed18edacc1ba970e
2268 c84c3674176d0809
2269 0e49c48d2d8a7102
2270 2fd518bb393b0c6a
2271 eaba9a829b0c174b
2272 95e67ec8b6bb33dd
2273 249c2bd8f8b15fc9
2274 2b143272d1e457ef
2275 f1d7814ce2fd6ee2
2276 94babc7f45653a52
2277 7da34d0653eab009
2278 686e4dd8b452664c
2279 d044238fe4264724
2280 f33d7e598bbaec87
2281 387f8ed553d30c8f
2282 883ed68bf5f799d2
2283 2043a061376c3358
2284 a1a2978a79c0a4e9
2285 895c2eb949084a4b
2286 42aeb68781116046
2287 d4758744f1998402
2288 41f6fe6329a6d437
2289 431e7718897c4426
2290 9da085bc0088356f
2291 2bee04e7df4edf82
2292 8ff8fbc8b7abf13f
2293 f67dff36da7c6779
2294 785fdf8433618a09
2295 bd5f049714b473e9
2296 50c40da05640d880
2297 0065e95a4871fcb5
2298 0ba2e0688522d2f9
2299 995fc0251a1fc7bf
2300 e77258946e7a9ccd
2301 e9e59a6eef58c3af
2302 f6569a1f9ed8b0e6
2303 7192754998d9c831
2304 d16acad3730eb070
2305 09051c6928558df7
2306 7237ef66cf7f933d
2307 e4de8037884641ff
2308 f265c76592511824
2309 606ce3a2074f5048
2310 8c6d7105503bb6c0
2311 1124684b7cb5fe37
2312 1d44cba1207547b8
2313 84a7e41423d547a9
2314 bf00b4e947986580
2315 553935472b3cbb5e
2316 eb518a1c0e877d1e
2317 a2800e2932f7c2ad
2318 26cecc2e12952661
2319 7517477bca7c455f
2320 4565ef9c1ffd486d
2321 2cd4a9d10a755686
2322 1ebbce2723bd9350
2323 8d64be8ff0a6789d
2324 ab0314550967d446
2325 f70c420b367b3d1e
2326 e1c426a3dccc64a3
2327 9d44c6e9e1cf99db
2328 1f1afe9ce728b5b1
2329 6d81103b9e702f8f
2330 2da7bd9f0c04badb
2331 fd00314771927144
2332 b4e6f13a29a11e04
2333 d2b25f2fde9665c1
2334 b573e462fdaa35c8
2335 f1df942fe9348953
2336 ec0fb6c41d15c4a5
2337 58e72697e9f65cc5
2338 94ca4aa0b6f86fd7
2339 e11389a0717b65d6
2340 4bd5baaa45d809dd
2341 374ede4dbbba7b11
2342 d1c30e46b8f68b17
2343 c9ff94b4eb9cad0f
2344 f9942f16f194a519
2345 70cb8b5e41c3c5d1
2346 4891ae41c5d038f7
2347 85afb1030250919e
2348 057148dc222cc92e
2349 a40dfe731fa04908
2350 d582b57e9ddd226c
2351 4423547b69b5a623
2352 2c2d19bbc8fd60b4
2353 24cd18cca009ae2b
2354 4f78189572e98d23
2355 f3a269afea82b169
2356 ba3e22ec3fc5172d
2357 c17342f64a1eb4d6
2358 ab883ae508de4fef
2359 ef90a0022051bf73
2360 c5916b6ea69ce883
2361 14f25565bad56e3b
2362 39041558f9135b6a
2363 c086709580691d90
2364 0166f7101aa08bdb
2365 b13ec42091e14d9f
2366 cbb4aa3533e1c44d
2367 917509da0354f279
2368 624967b98f0cb7fb
2369 f7fdf5bc2bbb043f
2370 aaabda84b8645700
2371 342fffef15935b76
2372 11b287cd350b3f10
2373 7b59435851180d7e
2374 f7e93b2aaa952d2a
2375 e7a3133c7203c14c
2376 901a4254159d7830
2377 a13651edb5b760bc
2378 51b47215c362c127
2379 ad37983d79ffeda1
2380 d71c19f8d31934f3
2381 2743c6f7cc310915
2382 dfbdebf7ac04cd20
2383 2758962bed89fb50
2384 0c51a7b3b157c688
2385 db36b0b59563f3a7
2386 e3c33777d3dd4f9e
2387 2fa3bc3babdc76ff
2388 7fdeeecde05318ad
2389 c54de0c1e0d46e78
2390 02f99092d4a89d10
2391 e61d64fa91022639
2392 590728b21bd40e82
2393 4bffa3bbb798819a
2394 9ff769b4250162c7
2395 4e02d5729854595b
2396 93650507fc4ec670
2397 2e43213ae85a0439
2398 20d585fec85b86cd
2399 c33ea341d81f645e
2400 f3fed24587a26ea4
2401 a44513a90ef23843
2402 c03b26651159f023
2403 ac1f4883aeb6f78e
2404 c7d31fabe2883949
2405 3905a3cf62a403c0
2406 46305bc52812d04a
2407 3e7953d52e254365
2408 af869eb0806445bd
2409 d62c2167d5b5b85e
2410 245d1f627fe9bee6
2411 66d664fe6a52de68
2412 b72538f7d1800e9e
2413 dcdc0c93bb2fea17
2414 ec6f13f067219cf9
2415 472a6bf0bb1f3586
2416 f20261c21e6fdf38
2417 0b6751090c5dccda
2418 f3d2d9b66729b212
2419 e42376d4048580b8
2420 24071ae8060490cc
2421 1ace0ba3691b4c70
2422 f0574d15ab58acb1
2423 400ed157ed1acfe4
2424 fd1fdb63edb76afb
2425 54e69b3864a5d984
2426 ac5fc3d8f942ee7e
2427 259befbcc2c9b0ef
2428 f4821e4979807012
2429 a7cc4f4b6d7c71e3
2430 3b38fe73d45aa24b
2431 7f64f6668fd04233
2432 d148c607d5f28a2d
2433 e1dcafeaca9d9866
2434 fc79abcd2b3f556f
2435 c3df85e040330765
2436 4c27603def14fba7
2437 0c1cdfd026bf9a39
2438 93b5bae2a48cc77d
2439 78f31348f272e0ca
2440 e85c92a30982d813
2441 666e95a82737d85b
2442 c3c70deadef6c81b
2443 4d5c9557c2166933
2444 c10fdad2fabc8c19
2445 b0bed79a3e7cdf65
2446 629ef68ea0d7fe4b
2447 326f87448d8a9443
2448 3ef436d580df1ee5
2449 c91cfba4a24e122c
2450 e5b24a1b8be9e5ec
2451 08aeb2e02fa6e6d2
2452 960100f96977d58a
2453 02aeb901d5fee1a1
2454 9d537777b973c083
2455 cf17faf644a78b3c
2456 af9bba8492f776fc
2457 e848895e78eaedef
2458 56629d18eb1297ae
2459 2b591416dc390c97
2460 04f8f3d801a5d2c2
2461 81c92f0decbac8d4
2462 28e49d5dd4438711
2463 69d20578ed72fc6b
2464 9dc47fc555995e93
2465 c66b084df64e4968
2466 91123702ff217548
2467 e1a208adcc15439a
2468 dff4424d1621fc0a
2469 fccd90e6c1ad2b45
2470 befa88e03007a1a0
2471 734fbfa510a048db
2472 156ef15644bdc2ca
2473 67ac6af8857a55ff
2474 88eed7183c72446e
2475 eb6db705c3f3af72
2476 95268c179cd6a626
2477 8296b1826abb71f0
2478 60565bf729549fb3
2479 a0511203fa966b2a
2480 18e3e6a0d3dab966
2481 349777fe05edfc20
2482 cb11022f6b797fb2
2483 9f41201e215b3a6c
2484 72c9a9d422dfc162
2485 d102b232519e71ae
2486 81e395aca3a75201
2487 f2046bf2e6b1e34f
2488 3ff6eb3874037e99
2489 795cf9f98497ef13
2490 404deb98b66be824
2491 e65e5a92d4015d70
2492 0629ff55c6aa3855
2493 b25fb4df56f2fac6
2494 ca9ef6c075f627e9
2495 9252fd1728d3dfc2
2496 dc7c3f7509ac5dd3
2497 e3542900c8711e2d
2498 7717a4ef4145c1d8
2499 35636694fba47038
2500 56fa95b820aca4f2
2501 a17b3f8e917025b0
2502 8bc9067727e0410e
2503 7e607730d5510739
2504 dd2cb2a419e34c1e
2505 a075ce79c06e3b8c
2506 69f92ca30cf465e4
2507 304e8fd5178da391
2508 cc852f86588b2a9c
2509 0f23f527b553de06
2510 97d7e6134528973d
2511 89c96659c9e6a556
2512 4a7923cbb325ad12
2513 57cf27f4000292d0
2514 e17cac1da3dcdc08
2515 805e33fc0f474666
2516 d9f83977611436f6
2517 9f31a61fda29e3d7
2518 c889925dbb78b7ef
2519 0fc8a8e792f3cc32
2520 d50c83f538ce9110
2521 0a7cb5a8c9322c21
2522 72da116184bffea5
2523 fc6b02a65e62b6f5
2524 776df65a7424fcd4
2525 6486126726165ad8
2526 90df8d008e0ba7fe
2527 df553e226d5687a9
2528 96faf56db3dc81a9
2529 84c34a1594e7f9c1
2530 bc6917e822560761
2531 bd8d634917bee350
2532 07d039cea7da0d34
2533 a981c47e7ce59b75
2534 e655c460cc7d9f45
2535 32a20851b176e33c
2536 f2eb61fb3e607dcc
2537 ee031cdcf6b193d3
2538 fcf1b60b9dac2c3d
2539 8f6e57319358cd5b
2540 a9ec10a6c80fd824
2541 a0393570301d3cab
2542 35dfe6617817f8ec
2543 4505dbf9a9e6f849
2544 d96b5a686202205a
2545 2fab6d41e6891c31
2546 5c6ab30b467508b8
2547 8985ac6483bb04c6
2548 793b4f2a93624b38
2549 ab62fa78c231e8f3
2550 dc11779058bcb9e2
2551 9a4765f24cad0ec7
2552 81c886a10ae62db5
2553 7e62bc2e3c401971
2554 2057663fc0010dc3
2555 9b8985460fa73c1b
2556 a958bd9e5763bb4f
2557 fc75c02cd974aa09
2558 27e01831b64e31cb
2559 92a6baa7ea6faff3
2560 e6b027efac18ab48
2561 65ce8147f16693bb
2562 23fbec37e449ea14
2563 e14949dbbf559bd1
2564 e9e4c7f9a907b91e
2565 c0625802960021c6
2566 4b80eb94448dfb76
2567 ecb9cba0038346a0
2568 0e9ddf6139dd6177
2569 352eb72d28c6a7df
2570 8dea73866ceb2486
2571 743025b81e90ea17
2572 a987212a2136515c
2573 63a3a095e714586c
2574 49f80d7710a7f098
2575 9f099d7c70cde288
2576 78be5eec74dbf56a
2577 bce07dc7bd496a97
2578 1b76566b92ff1049
2579 da83438d2d971836
2580 1190cf06668c4627
2581 6320a4a089d9af6f
2582 09197bf2477a923d
2583 355dbb74b050198a
2584 b4c109dc8177b895
2585 80d783f52a8b6351
2586 35284247f065f3dd
2587 870793e4c0366222
2588 df33ee16573e6d13
2589 2530ca4e3e194967
2590 fe146ebbb5894c89
2591 1193f5cfbc7fc7e0
2592 8e009c67079b11f5
2593 9d7fddc051eadd4f
2594 71db7830bf514a1a
2595 2d2be47911dc888c
2596 6f0ce4eb170b0926
2597 7650cafb79ceeb89
2598 110f48a490ece8e4
2599 5550c75b74b5d62c
2600 b13b58fb3e4efeac
2601 fa67567f29f0b532
2602 7e7c3afff69ec0fb
2603 0151e73cfeb71742
2604 0c9189ded0be6582
2605 b901dcc57e5e5610
2606 50be50584567ceb0
2607 3b18d37125da9834
2608 49f9519f7c2a2a3a
2609 f51e3ed3f6890009
2610 fe37dad6f4ef9d9e
2611 516892f64174afcb
2612 21c200211a877b6e
2613 81d38c891f400e52
2614 69076ea4a417e37c
2615 b0c83271a3910406
2616 e7eb293c52330b12
2617 5df037c8f17163fb
2618 2020a140e26b9633
2619 c78e3e45316c621c
2620 21c2d624ebcfb5b9
2621 76df419f89bb2e44
2622 1cc1a1099c6ae333
2623 5c40978418b02d4e
2624 7bebaca768115b4d
2625 27954847db597f09
2626 ef190ab087df830a
2627 d7f14ab1346f618a
2628 5aceeb2a501c7bb2
2629 6ed9392ab9774749
2630 19056941fe837104
2631 7580f54b7c67b925
2632 9dc0905815cf51ab
2633 66bdaac222e7f27e
2634 136aedaa163618ad
2635 4d09e376108483d2
2636 dc3f473dd067f2b4
2637 532ef17e22d25f7f
2638 86ca6a6dd565439a
2639 c294d8b5f41d7a14
2640 3a3edfaebb484a51
2641 45f83bdf178618fb
2642 48b80518155c815f
2643 9882a91d50804575
2644 0d708517fb11ee34
2645 3886bad450933e35
2646 013958159e8708c5
2647 2de261523590421f
2648 ecab470c7aa61b89
2649 7579720de1abf32b
2650 eec28dc67bfda812
2651 fc0a826b50e184a3
2652 5de8a088240e9d6c
2653 c9fb3879f80ad34c
2654 02ae3c4f8e1e8083
2655 7f6f0f133cbc0f81
2656 4c7407f6d1b52ffe
2657 4f09da8646ce4710
2658 2857e7287b9ea018
2659 bbdf2fb33c018f9c
2660 7f9721b3a9542238
2661 ca9196e596ddce80
2662 a66a103de4237152
2663 1f5e82f30b680907
2664 aefa6978a90ae0c1
2665 c6aab1c8d81eef5f
2666 d7b833e733d20e2a
2667 164a43e74e51d7a5
2668 e0939fdc4772749b
2669 46f6d60dff9f2ae6
2670 0337c20b3d2a988f
2671 bf2c22c3ac640b0e
2672 7c4e8ce5534f8fb3
2673 1a98c195ff78689e
2674 e0e991e87a897932
2675 d4dc3e6f9ac42978
2676 0a7d9b9aa7c1b073
2677 c3c9a989a713ae7e
2678 d5d990f5550580ec
2679 b953f5bd971cc90d
2680 8750b68e7b8b97f6
2681 abcd3b4699ddc7ac
2682 4a502d1310cc092b
2683 dfc69c84a5a43ed8
2684 11bf1c8d985e245a
2685 d4643f392a9f0a44
2686 bc6718c37aa7c0a2
2687 d0a92c65a17375f2
2688 5da17e21aecc287e
2689 7d43677973672649
2690 de0d51d5b4d75e10
2691 abdc31357d3b2db9
2692 34a8555fd985dc3e
2693 e0b92d5f6460543c
2694 3e9c230c1fd9339d
2695 e952e4a01b8844e0
2696 ab7ef74f6e246e16
2697 d94f9113e191d0de
2698 b118e787e7329961
2699 e1e66c47b0e478c6
2700 95361687e92b6a6b
2701 83e10ea50679b7cc
2702 8c92b5d7fc7660ea
2703 c745f0c212f53f9b
2704 28342311f05319c1
2705 191f3231e0d2a840
2706 25b4d86245cf6637
2707 0ab28f1a61af4dbf
2708 560b9370dd3f075b
2709 46779615b0f55bac
2710 f36444d8bead9b02
2711 77d147946f9a17e2
2712 07f726a70985f591
2713 5800387e156a0e0f
2714 d9dc84ee72ece003
2715 4febf172eedeba60
2716 947eb79b9b0d812b
2717 2c7aa93389a463f6
2718 93e0dee848fb9f1e
2719 c1ed9d5f6181fdc4
2720 ac3a740d4a526390
2721 c530d6d47bc25f29
2722 df5829208f91e23d
2723 646a983e2966bfef
2724 e9822cf403a89577
2725 2ef4743b8e40c5cd
2726 99d24ce5481f6374
2727 069eccf1ba381c6b
2728 d4ae626ec8aada21
2729 48ebac31df50d441
2730 67167f0c711b4934
2731 0f728e6fb08caec7
2732 eba73bc104093d0b
2733 e72eafc11a656575
2734 83eb5bc2ddc56089
2735 c6f56493900fe8e1
2736 84865e376ffac937
2737 0efb8eac3acc29b7
2738 e71674e947b85fa1
2739 ea8fed47f6d72e98
2740 0803ab9bd26a014f
2741 fbf40c6425c9c6f5
2742 d495c6496442d2a4
2743 ec30f3572bb709ba
2744 2c2e69d214c0ec80
2745 7d846758013eeb89
2746 703bf4385d850947
2747 e87b16d0621f667d
2748 cc8f2b7da48ccf54
2749 9a6b2e18516395c8
2750 1830e1e4bb976f7f
2751 597f474eb55d00ae
2752 3dfe906fa4f0414e
2753 276004ddcd5aaa2f
2754 a69a3715d2eb8f24
2755 7c3e249247236d5d
2756 d280a15da71c77be
2757 cbce27a5edc3c254
2758 7ee7efa0f51373a0
2759 aaae09106d8cdd21
2760 baf4c112c1e6ab58
2761 dd3f1f5fb199434c
2762 e366062cf38008cc
2763 d0564f15d5421909
2764 f82fb9d067d88c34
2765 14fffbc3e0478691
2766 2b17531de2557ae4
2767 7cbd87f592f4a989
2768 408ef83ffffd9526
2769 8da483cee581edc0
2770 3cccf5904aa567de
2771 1bc1ee637f7614e9
2772 c8e159d41a76d08b
2773 c038413b089c0e44
2774 6bfc78c1ca03212a
2775 474269c24daaeaaa
2776 17134628336b1536
2777 bdd63280ede2beda
2778 ebfaab225a4f6f71
2779 7365bb9353d6018f
2780 eb1cc98eb702452b
2781 e17ddda920be0880
2782 6bc8c5d53e09bdb9
2783 f09d8f149e0d21a6
2784 b55f7e3104796ed8
2785 6160dcd80c257eb9
2786 e8bac57b7e45c3de
2787 4be62ab062d5d7b7
2788 62401b71cbc66f66
2789 edefd6a0e83fe8d6
2790 55f1489f82e566e6
2791 e5c9ad9c921e7620
2792 88b1837feb9caf31
2793 7054d78675cbe2eb
2794 7d4cb3e2a97b2858
2795 cf22885b348e3cc3
2796 0bee17868388ce3c
2797 19a1631af9f35d10
2798 7c816f03f175b466
2799 b2bce7fc348be534
2800 45a9ac255a8a155d
2801 08feeaf8513488a2
2802 bcd3efa0c1dfa17c
2803 41773b289763e189
2804 28f54f8b3fd73c21
2805 03d5a6153fb46f38
2806 eb6b418b965cad9c
2807 07ad6b4fa377cadb
2808 eb839f3cc2e91241
2809 7811f3df4f7cc5a9
2810 54cc00213e71c82d
2811 57dfe77f5b5d20cb
2812 4cec9a944d15a125
2813 8df6adda08e9a669
2814 7b056f3cbcfd4ce8
2815 61f59c3a7eaef40a
2816 9872400ad9a5a927
2817 1634ee8d15212913
2818 ffb5010cc8b53a47
2819 150386f59e64e396
2820 c8e32d0b84f8dd3a
2821 e4946f8fe2ac9f20
2822 1a287c5b856261e0
2823 12437a6604f93a5a
2824 17adff9d15196136
2825 36be3f84345f5674
2826 9b89586d97b960d3
2827 371c937de33c3597
2828 38273eb56db99df9
2829 f93e5d719ddae362
2830 678b61998830b8dd
2831 ff692b36078d47df
2832 9dfd989309c28be4
2833 5cbfa94746ea6d37
2834 190b2bf63555b6c8
2835 41281d8edc7fbd9c
2836 2f836b66f45a8952
2837 d6867acb70fa817a
2838 836dab75cc8c3191
2839 5a5f03ae3ddc3ece
2840 8c0ceee209b169c2
2841 15a8c8e14386360e
2842 eb577b3e42288009
2843 82c86ae26b679440
2844 0a67900f7db5217e
2845 fa56a5b1408628c4
2846 b6ae1a253aa53b70
2847 8f3894b1ed2209b0
2848 c8ab64469e0371ba
2849 35fbc8f0437585eb
2850 6f4f60e79c1d20a6
2851 e3a564b326fb2d27
2852 560b9f23cd75b8c5
2853 842cd2705e506566
2854 97d16d92b355cafe
2855 ba8ae8a270918e08
2856 d808d14dc1149d37
2857 6d8fa994dc811091
2858 004a87f11a634ddd
2859 e3e765bbf9f59671
2860 a19460b2bd79a80e
2861 a8fb5e0f7b40dda6
2862 dc8a17494e2ada18
2863 fcb853afbabd6645
2864 67ed5602eacc1356
2865 d9c2643585936631
2866 c27b741452ea2126
2867 08b7923580a484dc
2868 b955ff5efa34d2a3
2869 4ec5a35608709847
2870 a0150a3545af7257
2871 7804bfccf75ebd64
2872 a9035f77777a07f1
2873 5035688530b5d9dd
2874 81ead809d50ca353
2875 2fa95e983730cbd3
2876 297af64b1d5cddd2
2877 dd3961a091f5a3e1
2878 3a446a30f59ae34d
2879 a5bb34fcd3d92d88
2880 73acd5411be955b9
2881 d8a0cbebc90060ee
2882 3cf189dff5dd7ed3
2883 e38f81328318bf82
2884 3bfe45f2e08bb996
2885 80a7bafc97f78321
2886 1fe21d14311cccf4
2887 5974121a42aebd69
2888 78f1fdbff2d0211e
2889 52ff6c20cd9ee79b
2890 7058a7205564746f
2891 e075444fd07fd1bc
2892 3d497d0934022442
2893 ad91d3f46eb2e6be
2894 8063855f80c7463d
2895 d2f6f54d268439d8
2896 f62d4342ba2e75f8
2897 3136d9447685fb53
2898 b3f992665c67adc4
2899 ca353fae2c3d54e8
2900 ab24e1ef8e49c1d4
2901 0edf30e8f98d844d
2902 4c7bac236651ed28
2903 e2a10802b42b51d9
2904 01734a5ec4da1901
2905 094f66dc84095f45
2906 cd3758daa18dd378
2907 b35dcb613766fd12
2908 5f4c5fb59aa505f7
2909 4b01c672489ccc5a
2910 c3934c7bf50849b6
2911 4419b17cc24d346c
2912 17f5f1578e0f862a
2913 714f79fa49d12473
2914 a2b69bdb37fd5839
2915 b22aece49fbf40d6
2916 c044c81478b9133a
2917 6ce8e61106ea491e
2918 d57d775663b6467a
2919 dbeb43e79f1ab260
2920 ec78d188edbd0500
2921 5ddf17354acdb7d8
2922 393274cf158a016d
2923 054bf1ec4b369b61
2924 0486fecbd819a1fb
2925 1b8ad5f6556905cb
2926 50db467367eff1c8
2927 af78759a1281484f
2928 14cab3d1099b44d4
2929 334ab0d1b6d34a9d
2930 8bc4f00cd347ee9e
2931 404b3fa90b82413c
2932 9e1218d867f66d87
2933 71dcbc8b3bc8de07
2934 fd6f29e70b664bcb
2935 fe3b70965529d5cf
2936 03c064bdaa69a8da
2937 eb53d45cd1c19883
2938 5490699eb01f4606
2939 a7542fe7d95c61b5
2940 68741f5666c1d440
2941 1d1804ba27215750
2942 96cd6398b25c5669
2943 e1a0766668e4d0c0
2944 d80978895c8d7e75
2945 1de3e98bd5974374
2946 e6987bd8d29cd8e7
2947 3d8a93b340efbf1d
2948 2c2cc5731da4b2b2
2949 7c94de55137df353
2950 7ccd05dedae2b52f
2951 3864bd5202fda53e
2952 407cf69afb200411
2953 4a46480ceedc8300
2954 ef56ddd1f13c0a45
2955 e303e58abefd4eab
2956 5a13348dd9248ae9
2957 4344aceaefc2652a
2958 825c93086da49599
2959 eb9e2e6c25ceaf27
2960 f54738b6b3d3cf7d
2961 5371073d8cc46ced
2962 15963943e9ed6f30
2963 01759928e78583f2
2964 45b2d7859431f3cc
2965 c12de1c165ee2085
2966 4e8d0e6afac98bec
2967 9aa72cea860fb250
2968 7a22570f9b0f8750
2969 ab9af594a3cbfb96
2970 b15f4883d1fbc5e9
2971 bb5f2ae4130e42e9
2972 59af34c9ae1bd2bc
2973 a411cb7dabf7f607
2974 f1a3c28c9829494c
2975 5d1e30807f6e2efb
2976 37887e4450df2c66
2977 595c19ec9b1f6349
2978 4ccd816387282d2d
2979 739384755cd59a95
2980 6d8ad0a36685916e
2981 f88affccab15ac65
2982 22bd55541b245bbd
2983 1ffe012e46e6014d
2984 a5e9212a30cc6076
2985 30466d881eca42ee
2986 f552f31b8dcd3a43
2987 b92188238906a607
2988 a2eee2e5e6a1406f
2989 d05708140a3f7165
2990 48d81e51d9c8b08e
2991 38c931d8af321070
2992 34425ece9a063d4f
2993 4133d235e0eae54a
2994 e14c5f59d86735ff
2995 b4f753dc79ca851e
2996 aa0355e7c1972509
2997 8964dadf19be97b3
2998 7a9b331d4e2dd9a3
2999 771a6979818d57c8
3000 c46a5f974d724206
3001 adbccd1f4b93efbc
3002 1d0f635405230fe0
3003 6f34739905aa0907
3004 d936bf30936c7c30
3005 e84316f99fb7fd50
3006 d6be29e88779a92d
3007 755573f98d733f5a
3008 5af55a560bcb6673
3009 5fa17827e5597a33
3010 8d12da27dbf4309f
3011 a8cb8317a31d54f5
3012 098994ebedc8f93f
3013 df7f2d9c50195655
3014 d6fc22d643b39b40
3015 59cbc181d93f71ed
3016 ca33b76f2d9b1d52
3017 12f14cf9c0e4a8ab
3018 1a4aa66fc50eaf56
3019 6ed997001a692831
3020 c1a08fb45460c422
3021 711fba84e3a5e9f2
3022 d8d181c353717736
3023 d03ae4d1cc096986
3024 42043c9d9509fe6c
3025 42114b0afb0d04ab
3026 e1d721493eb6466c
3027 13f4f5cf2f9276f5
3028 afe64c4b396c2335
3029 3d4bfbfff9898e1c
3030 37a6e14d37844416
3031 9d686d71edccf387
3032 0d0bf4fac854409d
3033 8d1944065c5d34b1
3034 f42ddc8d617d0142
3035 60f9be908479cc1d
3036 cb94636acb873e4d
3037 cd0332aa224eff49
3038 9a7247b1e1afae33
3039 b205d9a5307f8f40
3040 64c67b37d3ea0442
3041 dfe9efebade606a8
3042 ae5d0c740139cc01
3043 0d4ae60a045b4f0a
3044 13039343237c8cf0
3045 82929896615e37ed
3046 53b933da053d8f97
3047 f40168756a678ee4
3048 e2f166431509ea78
3049 330f66039dbf62d4
3050 76d06773c831f2cf
3051 a0d74e51b490b25b
3052 d6a59fec2da0fb25
3053 484effc68e26390d
3054 3cad75f99b16a204
3055 ad5bc18ba9f92cd0
3056 9d61c4a00f9e8706
3057 6f5546270a63e2c9
3058 27ceecd69b23a4b4
3059 00aee48540e05baf
3060 9c248c74bc1d301b
3061 3fe4b575dbf5739b
3062 6cb94d84aa54eeb8
3063 0affbf46f1f43014
3064 85a2bf420f509c95
3065 e4366e17260dc5c8
3066 a7e0dc3dcf94948a
3067 e19746495910eb6b
3068 1c0cce2ea04692a6
3069 e60074ad87c52ba3
3070 e72b7ff6e35d9073
3071 8c15dd2098a538b4
3072 1eb696fe7bfac513
3073 2564efa382e744c6
3074 d9dd5d87c6e6ac1b
3075 54f6580f83b6102f
3076 7a55a367497b20be
3077 304a8e7fbccf03d5
3078 59c36e61b1c1b30c
3079 3855709a5ddb4a91
3080 1eba7e6d0a8c1a14
3081 902ee25d76c1c1f4
3082 e11c71b00d84cefb
3083 59de5e0867014e90
3084 f297158e2a5b3c18
3085 c27c61144d0f561d
3086 27c341b6b6e8d4b0
3087 b839d99a48af098c
3088 100bbdf8a2dc3ab7
3089 e337738124f82956
3090 c13fc5e1ded3a38b
3091 5f5ebf52c8e56393
3092 b301cbb6a3b7b7ee
3093 e95702a9b86bf361
3094 7eee0edeca4623c4
3095 8c3519167efde41d
3096 378402685a607c2a
3097 96b4dcf4737b8e37
3098 41be62cc1fec3e18
3099 e5c5eb79763c68b7
3100 153e3c8cb35e2968
3101 061d216975b24ef6
3102 0e970dc442ae1ec9
3103 04b49bfc8dba9f9c
3104 57e0cc94244409be
3105 ef87f7624758c34e
3106 24643225b2faf5ce
3107 cb073169153414f6
3108 66a0e398fec5ee61
3109 b2a32fd5ab1dd8f3
3110 b6730dad83141915
3111 331df0b3b0574304
3112 73a0fff89c38dfe0
3113 88e6e12d99fa047a
3114 0bf39d12961ec8f8
3115 194b33de38ebe90d
3116 54cc20938b79852c
3117 d31eaae85f844213
3118 96324c5ed83d6ce6
3119 d5c42a075ce3b161
3120 3af944ae0e294979
3121 413cbbd88b995971
3122 1556920cd681d118
3123 2da581cd83d8866f
3124 b22cc762ab6d7a25
3125 a4db7dd9e448ae10
3126 3d3b6289ee145278
3127 3937358e2be6396d
3128 c8939066346bcfb0
3129 382e679953adef8b
3130 550da9ead57c9a48
3131 ef1fd26a6bda0ebe
3132 ae560d77c6b88708
3133 6ba25deb57c6d868
3134 a8d51675b6199838
3135 a74a56f430274a55
3136 57f85037a1a9de73
3137 367b9603a8ee5c62
3138 f7e044b4f3454d5f
3139 deb92771d11fd234
3140 2b7164adc5f1dd54
3141 adb8039f7fa5ceb2
3142 0e7ffc69487efe61
3143 59e4397d3b975e78
3144 355bbfcbe3f3d6fe
3145 2bc49c35f39c6e96
3146 212ddce696cbfbd2
3147 d88fd0d409bf1b23
3148 5e5b3a731f53124d
3149 ef45a8deab92fc34
3150 74a761176c0cfcfe
3151 9dd0a78222e35d8e
3152 7fb3025f2d108d23
3153 a0017a7e9b9da13d
3154 21be21f077669cf2
3155 65d97d6a06deedea
3156 f115955e3200dd60
3157 726f48fa51f140cf
3158 1c178542b054b868
3159 54f314df2b6fc25d
3160 d5cb2bded4749c56
3161 cd3c2285e27e7e74
3162 a1e41500f20cfa07
3163 ac97900eb00308d5
3164 b10690c1f78b962b
3165 e361fbccc0f0ed48
3166 67efb600b965b604
3167 8d7610aeb3befa43
3168 6d522d31f68bfd4f
3169 52de71314c4d8ba8
3170 b6707906a0382733
3171 fd931e177404adbf
3172 f4fcd12f30ccc5cc
3173 d28c1f7ca30d5192
3174 30b74c68e0469d61
3175 f71198234dbecc03
3176 a03583362d374ca6
3177 fb110653175c2f2d
3178 ce7f09a13225b68e
3179 59031eff47e2fb8e
3180 b2c395a9cab7a8bd
3181 01f9cbd2b2ced9e0
3182 75916c78f8359183
3183 21ca89b570f6c2f2
3184 b00046f05386b416
3185 20373a1d89c12121
3186 f6adc63731c0b874
3187 da5286aae1204529
3188 974cef0c9176478c
3189 cfd57bdfaa443642
3190 b78663f1257a3cac
3191 41859d60c57cc974
3192 0474e813cfc530b1
3193 2d3e0fcc4aedc73d
3194 ab88d561b63f7c7d
3195 401dcfc21a0f1e91
3196 ac91bbd253dfe61b
3197 9d0ba2548a78ae41
3198 17b86668a486162e
3199 f97c73174ca2af6b
3200 5b4701672a936e1b
3201 52370aa92e0b57cb
3202 51b30935bc689b2c
3203 b0339e0d31434fda
3204 2b65c69516cf37ec
3205 ce7072ff1f49ad80
3206 56e0cfe3b9495f54
3207 504f09704a1bd775
3208 68b6980aa2b9402c
3209 db192471c924f2f9
3210 a562205e82f5aa6c
3211 22d098bf8d86c040
3212 531c7e3d47060409
3213 c486082c54689adf
3214 66f77163a55e7f4c
3215 f7f8245c0aa0c3d6
3216 7f1071f52b30cdb4
3217 addf5aa4166352e0
3218 b5ae6bc9b1b4c3ce
3219 39a02e769231cd6b
3220 fccd8a71aa5db416
3221 5abb9a15f964f9ca
3222 287326ac57e418d2
3223 7939c525f1215934
3224 d2a85dd9a991cd9c
3225 c1a50bab153ced35
3226 81630b68e281cd6f
3227 c0982e9218b4211b
3228 aea3c265272bf45a
3229 6a49081340b3d178
3230 33fda57180af7471
3231 ced88d025679993e
3232 bc4dd9ad581f8adf
3233 6702cda94fb95069
3234 0df11b1bd0818056
3235 1e5e3dad2bcc30f3
3236 ff2c5b715bd5127e
3237 42be56959d07fea1
3238 40597984bfec88fe
3239 44795824e4882c15
3240 4f981e23c54a4df8
3241 f4e7933a43301b02
3242 04ce76db536c6485
3243 62e5d4a1121d541e
3244 b7d6b0153107cf50
3245 8fb00983c197cce2
3246 146d3a84e632993e
3247 dab4a4701532d9d4
3248 022eb0863ddb57ea
3249 eb406a82779b16da
3250 e534754d200148b0
3251 63e3c8f7ce4b1cc8
3252 8d1e2f537bd4be58
3253 d85aabbcd27cdec1
3254 8ee0c0b218fb7c7f
3255 5b4c0afe109203e8
3256 2bcc796d63a878b3
3257 e14f43264d4f0d99
3258 eb26d9e4dd6654d7
3259 7857da78916e9f96
3260 4e45bd19a2863a3d
3261 af4786189ed7245a
3262 a3157108f6b86b6f
3263 6f4411b9bc729f16
3264 e46bb68e44ca8f01
3265 a9471a5cd0092a83
3266 b8e419d391308386
3267 132c6efdaee24c2b
3268 7eab87a7245ad93a
3269 370626a5dcf00397
3270 64cf4c78a7df81bf
3271 d020f2e81bb7e1e0
3272 9f7c359932193458
3273 578a6ec244821c4c
3274 d8210b54e4f27cbf
3275 7c48d24068ee1b09
3276 6cd4698704c3e421
3277 42bb8a9f191f91c9
3278 b5b083f307003d27
3279 a7161a3729420eae
3280 75117b3e50926dbf
3281 bd30eb1971d7c88a
3282 d31038034dd6e55a
3283 548c2f84cb3fd01d
3284 a396f124e8f4157a
3285 ea3b7f7178c656d0
3286 b50bfc07ff7e18c0
3287 060e100860b20cee
3288 f17a00130e7ce434
3289 1832bcfae8b12f41
3290 83c0a134c5fa4c0a
3291 bb0d7e85a3baa335
3292 ab62cdc31970e8cc
3293 43125ea6765b81c8
3294 35dab22df1115a86
3295 307551fd1fcd140f
3296 dbf5345e10e752ea
3297 28523b7c6a62e149
3298 fe776ac1e1b1cdbf
3299 ea3886f9b17ead2d
3300 10e7082442db8b4f
3301 196d7b682d788dab
3302 beec56008f6b465a
3303 43ffbaaed8074a2d
3304 f4f54f7f4cf90bb2
3305 d6d65f87246605f8
3306 9bffe6f0f84fc312
3307 996cee64e70d7640
3308 95788e6b6065a97a
3309 19722ac5f52d58ae
3310 272bd157a6f54da0
3311 6d992b54411d9380
3312 96eb2a0dee11c187
3313 b90f640817b0a297
3314 81522f869e6d4c3b
3315 beda0594b5465a6d
3316 83652de3d113988f
3317 0ed8001e96a38e72
3318 ee6784765fdbfbdc
3319 42e750eb1da0a2dd
3320 7e67f0057ed19a36
3321 a97edf1456744601
3322 04f7ef95e8566833
3323 a15937c17cfe468c
3324 08b686cd0a4f4436
3325 99ed8d80eff3750e
3326 744756d6f7d23c77
3327 866af163b38c018e
3328 39b1b025a132ea4e
3329 35676f034d875104
3330 51baeb55e4d1efd6
3331 ad5c3af5bef13e23
3332 21de3cf322b5e066
3333 7799d9293cab0c4b
3334 b9fe25f0c8b34174
3335 e8f8a89a37de18ad
3336 5f08eee2b85e5a84
3337 8afbe186696d463e
3338 039976fe9d52e3a8
3339 9da715bcc390a6c9
3340 34a74b1e92428047
3341 b10316f2daeae66d
3342 90e2dbac4d315518
3343 b1f66bb4aa5324da
3344 7a9eda7c4e51f8c9
3345 a64e55e172f4bf1a
3346 399ea97129d91db2
3347 d686e2f660c664a9
3348 09da41697c7fc947
3349 8109ca636966e66c
3350 aca50ad391c1fce7
3351 4911359a3cc961fe
3352 6ff20107cb58cf33
3353 9c92b4d72bf20921
3354 cd64cf7fe97e30ab
3355 c9c6b6af5f2e7c56
3356 2da61b57d06cb630
3357 1ee91e3dafc65a53
3358 b453d68454b60d24
3359 af4866d89dda0088
3360 34c15c8b5307e827
3361 b7536b66f4bacd47
3362 6021e9c223915a1a
3363 d9e8c4af6a3fa6d5
3364 d65da6adc19673d2
3365 1ffcd45319fe8ee0
3366 a16a7a6fc8fa2f1c
3367 b6f99d2b5576d89a
3368 b0e4d11026448643
3369 9978cf978885e8f1
3370 ec66d70728441cdb
3371 c6b07ddf09f9df70
3372 000c59e3f883923d
3373 c086e033a4e64372
3374 56d1b3c686bef248
3375 ad95ee09c5442be4
3376 7198024af2f4e149
3377 302eed312c8a6662
3378 4692492dea6daf1b
3379 516d8692a801d942
3380 6d27a33f2ce92029
3381 e7c6c155e342baad
3382 744e32939ed53e9f
3383 2d8e6cd2a2fa2e07
3384 0cc832a02acb50ea
3385 1fdde83466aad719
3386 ce2e7c9daa224cf3
3387 7f309d83e43337c1
3388 645b90c2085da5be
3389 9e8a485f6baba883
3390 654fa168cc261b89
3391 b07630fc624da866
3392 811353c953936c12
3393 e93f804044e75bae
3394 097ae09bb9baf9be
3395 9e62229b61f67251
3396 07b1ed2c8f2c72cf
3397 ee23a7c16fcf59f5
3398 888eed3bc6ca3d7c
3399 771182f0d6acf17b
3400 efcc33959fa89363
3401 1e127127022a2ab0
3402 0add5bf92b0f46b5
3403 2cc251d80b1f56d5
3404 1106802c2513cd15
3405 4a94e7ee43087a3f
3406 6a9f8ba914f7dceb
3407 0031e516adad4eeb
3408 4bfc0a4d353f36b1
3409 6b22472a31af05ef
3410 2ae526ce26ebc3cd
3411 012e728603e4ba7a
3412 6e646d2d8ace84de
3413 e812378903d130b7
3414 31be01d9258fbb32
3415 bc2db6f0f8343de0
3416 f3f3eb87e080e703
3417 84421c9c20d36ee7
3418 837a09eadcf0cdcd
3419 b7ddebcc37b25934
3420 b410fb8ea792c185
3421 9822275894383681
3422 10392d9fb80bb6a0
3423 993bae6c0108fe06
3424 313041a356aec831
3425 23065543a756d29b
3426 dc3adb2412e5b55f
3427 d8bc907d15a1248c
3428 df307dc20186179a
3429 1c276bddac1c04d1
3430 03e1af9d71cfaf2f
3431 f181bd7480d75186
3432 4f087da052999c61
3433 841f463d937ce64a
3434 bff2406c4bb79075
3435 94aadbd38c4f6fc7
3436 6fc0c7d9daf1ac84
3437 80848b4bcdfac6f6
3438 46dfda1bea71ed55
3439 2e6bd458ef28a72b
3440 e7847ebee365d96d
3441 71a28228af0c81be
3442 d8a091d9d2137f31
3443 b46a5e8e2c823819
3444 e6fd8627b7835869
3445 585a15aaebd66b21
3446 36247468745e14a2
3447 969fda960df0787b
3448 6c0ad9432aa45c0a
3449 e46a10fb98584b6e
3450 6398dc14ab144dce
3451 13ac3c0688320471
3452 4d38808c9b295d4b
3453 b6eaf3dd05fd3e7f
3454 83c6e5d767b771c8
3455 98f4ed8de2eddae3
3456 df79203a3f1cde4e
3457 0a7389c2b409b90e
3458 9c3b756042fe0b33
3459 eb03283d2345f8eb
3460 3fd976513da0432e
3461 d31955803462904e
3462 d3cbd29fcc2ccb06
3463 d1be8944d43d0657
3464 2fe2f92c5b5079e7
3465 dfc9ad9405fd2cf8
3466 08b5999e21240cb6
3467 3054dabf11ba446a
3468 8d8e443215116491
3469 6e3af7f88851652c
3470 7fbd0bd743191b8c
3471 79cd1ac5f198ee1e
3472 75734eb3a430ef53
3473 1b081850c606334c
3474 2fc5b172e717409a
3475 e8c11894e7f94bcc
3476 be57197a716a40fe
3477 76898baeac624e1d
3478 bde55a888a713883
3479 64c831ef3902d28a
3480 732e76223575d4c2
3481 051298012f7ad34f
3482 a1354d8030a15b49
3483 b99ae3b09b1b0626
3484 34f83a3d197066f4
3485 a795e12c0a3ae340
3486 8252fdf3b1ca64a6
3487 b1d0936209eaf7b5
3488 12563667778cb895
3489 6c056799ac55d4d2
3490 e0a7468175ca82b9
3491 7423239ccc7134c1
3492 c7f2d5c08f093a5b
3493 62de677124c40216
3494 625236cef4cead0b
3495 0768f34ab2888601
3496 5ae0fe491bc5e3d7
3497 b84922e96182d189
3498 29dbfc989c60a0d4
3499 6733a2658e664738
3500 f2abcb1d499b82ba
3501 41fbcb3ca7d33653
3502 1fde897dd2a91d63
3503 3ca6ceb4552cebe9
3504 456df8e533e27883
3505 f641115f956fe248
3506 68d1fe544ec80ce1
3507 7d72018a1db78b8b
3508 bbd9d2e9633fc22e
3509 d3cb9dd48ba3ccdf
3510 56ebd823c8d158e5
3511 d62c4a205ad35840
3512 11efb0f2cc1f1ab6
3513 2d6589b93627665c
3514 0d153b8b3dc263dc
3515 2fa58c8301788030
3516 1fe90f472158efb0
3517 a7122d2b1e9bb422
3518 65fb5d16164907c0
3519 fc37f474a54ea6fb
3520 2b58756dcf99c975
END 3520
