1 b9d103fd6854a325
2 b9d103fd6854a325
3 b9d103fd6854a325
4 b9d103fd6854a325
5 b9d103fd6854a325
6 b9d103fd6854a325
7 b9d103fd6854a325
8 b9d103fd6854a325
9 b9d103fd6854a325
10 b9d103fd6854a325
11 b9d103fd6854a325
12 b9d103fd6854a325
13 a23408d287fe4c32
14 b9d103fd6854a325
15 b9d103fd6854a325
16 532e03fd6854a325
17 b9d103fd6854a325
18 206bf4cc87271b98
19 b9d103fd6854a325
20 b9d103fd6854a325
21 b9d103fd6854a325
22 b9d103fd6854a325
23 b9d103fd6854a325
24 b9d103fd6854a325
25 b9d103fd6854a325
26 b9d103fd6854a325
27 b9d103fd6854a325
28 b9d103fd6854a325
29 b9d103fd6854a325
30 b9d103fd6854a325
31 b9d103fd6854a325
32 b9d103fd6854a325
33 b9d103fd6854a325
34 b9d103fd6854a325
35 b9d103fd6854a325
36 b9d103fd6854a325
37 b9d103fd6854a325
38 b9d103fd6854a325
39 b9d103fd6854a325
40 b9d103fd6854a325
41 b9d103fd6854a325
42 b9d103fd6854a325
43 b9d103fd6854a325
44 b9d103fd6854a325
45 b9d103fd6854a325
46 b9d103fd6854a325
47 b9d103fd6854a325
48 b9d103fd6854a325
49 b9d103fd6854a325
50 b9d103fd6854a325
51 b9d103fd6854a325
52 b9d103fd6854a325
53 b9d103fd6854a325
54 b9d103fd6854a325
55 b9d103fd6854a325
56 b9d103fd6854a325
57 b9d103fd6854a325
58 b9d103fd6854a325
59 b9d103fd6854a325
60 b9d103fd6854a325
61 b9d103fd6854a325
62 b9d103fd6854a325
63 b9d103fd6854a325
64 b9d103fd6854a325
65 b9d103fd6854a325
66 b9d103fd6854a325
67 b9d103fd6854a325
68 b9d103fd6854a325
69 b9d103fd6854a325
70 b9d103fd6854a325
71 b9d103fd6854a325
72 b9d103fd6854a325
73 b9d103fd6854a325
74 638981f5a8e59349
75 086042b8387bac83
76 7a3a349315f8b09d
77 e21a3cd5bf96b178
78 6822c24cb996b178
79 467065255b96b178
80 4cf857f40796b178
81 241a3cd5bf96b178
82 6822c24cb996b178
83 4cf857f40796b178
84 4cf857f40796b178
85 6822c24cb996b178
86 b7e532a45f96b178
87 4cf857f40796b178
88 4cf857f40796b178
89 6822c24cb996b178
90 467065255b96b178
91 4cf857f40796b178
92 42dec6bc948e0bfb
93 2b7f22143fc7a486
94 099d1a0c2df318e0
95 662fadba3450ff1b
96 8d5d54b7c738e75b
97 d89d4aa64041166d
98 58a1f32ddddf3572
99 87809ff686ce4c3c
100 59aef05e3f685a95
101 9404e866f4732edc
102 dcc0c0f6ccf6efc3
103 0495a29f4543ba0a
104 f52a0f92464f6691
105 63946be77c434588
106 e44839b8a02ae00f
107 a518e72c8f1e2256
108 e2fae533bfdd853d
109 b8848a2c5e604b84
110 f31a87635b3e880b
111 3541056fdcf49b52
112 ac2698998df24d39
113 df836db0d4fa07d0
114 fb3688dd00bb04b7
115 dac950b77102cafe
116 79509318d1280785
117 3ef8f027b7ca1ecc
118 60d8ec0adf62b2b3
119 60735b33bb9344fa
120 2c1c81e7cf311a81
121 214f03164e1c3278
122 9a4bfd2114fc6eff
123 06e6cf05894d6e46
124 e94873c32ca1042d
125 07a55767cde1da74
126 3b3fb29286d8923b
127 06db8f383f0b5882
128 a9328eab1dd91e69
129 95bee39a459f6e00
130 d2f292b5db14dbe7
131 c56777d934a5702e
132 d7d8be652ea7d3b5
133 f39805f0ab9699fc
134 643f25d9a67881e3
135 23d1bdf1de282d2a
136 6011f944e81043b1
137 017a48b1d60ad7a8
138 0cd40e7d6f29332f
139 a58f9ea01b166d76
140 2dfc8e341c23a35d
141 6d165207731dbea4
142 084251c0b69d852b
143 1bb13b274beae772
144 6ccb5faf390efc59
145 11f86b0fc2aa80f0
146 970477b5773876d7
147 42062218b612781e
148 cd3a7ea3e688eca5
149 9f0ccd58d56e28ec
150 665a2591df6e5bd3
151 f459ce71b6fd401a
152 2d1de722c9c4d2a1
153 84fc23da7069f798
154 6b545f1ba1596c1f
155 e892d4aa8d4afa66
156 56812b2b3342114d
157 1b52509758d09194
158 79adeb7e6ddcd05b
159 6be6066eb3211da2
160 d9f4510452f9f989
161 887ebef01d8a7620
162 0e0bcf3f4246ef07
163 c45f061140724f4e
164 181b20c13f4665d5
165 64813b3c2ebeb31c
166 85accbb239fe2903
167 d27f1c0e431abf4a
168 d0c9c8940dfa9cd1
169 96251a57fd59cec8
170 12b15bc893b5e54f
171 b2fa2472a9aba696
172 b2f1520a6d27ee7d
173 67cc6759216742c4
174 aa085f5b14e3704b
175 c4fe8f2cccc5e492
176 367cd73d5e376879
177 9b2a5c9f69344610
178 77408e091f3e01f7
179 37c509649db9443e
180 f9ee2ddb6ff691c5
181 33675fad5a89260c
182 9a6258f3096a97f3
183 2a8b69644adf0f3a
184 e0737b80c81a5dc1
185 648a57ce2c5769b8
186 1b70b63815a7153f
187 2408fd38c4ac6986
188 81869e1ebecf296d
189 4f6db557eb048eb4
190 d111f47eb8b11b7b
191 5d2d955dad05afc2
192 f90c4d2ccfdd50a9
193 b0f3ed3d7b341d40
194 702bfdd2abf7c727
195 1a1d7aeb516bce6e
196 eaf5e30a66831cf5
197 74912847bbf5c33c
198 7a8f530b73dc0623
199 fdf43fa554227a6a
200 8b57c191ab42d6f1
201 d1bf38fa7866c1e8
202 5a1d34e13645306f
203 968dbf7db49358b6
204 db1dadbcd4c1359d
205 fef918ad50c0a9e4
206 2e9270add554a86b
207 ccd66c918b8e3db2
208 73faa3df39016599
209 60a826a2a630d830
210 24c7be835603c717
211 4d90d5a0923b8f5e
212 5db711b22134fde5
213 b2ccbc13b3fd032c
214 926959211d7b7913
215 ea9279dac58e5b5a
216 67222a69ac69dce1
217 acd739b701a5a2d8
218 9b47c2e96dba315f
219 875468cfd17d52a6
220 c4cf01e7bf2c0e8d
221 a8004e43b28d8ad4
222 bf29ee16f849749b
223 d41742c775bfe8e2
224 534f94305601dec9
225 57e7cc6f25738460
226 35a04ac5cb93d247
227 033ac0751ede988e
228 3643fb4e5a57f415
229 f2f4d7744e0c0e5c
230 e31c25d293054643
231 c65769bbe0883f8a
232 cd956a0182cdb411
233 3e914abbb8119a08
234 08b501ba5b03298f
235 68b7ae3a77180fd6
236 282560a8aff1c7bd
237 d94373e22051a704
238 d00222afceb91b8b
239 3594ebc50125c9d2
240 14f9cd533025beb9
241 2c2e58c59b5f4350
242 2287df2086165937
243 effca735eb0de87e
244 5679d48628a6ff05
245 fda2d80ae5e6494c
246 c25a67366ec77233
247 74eea4761494587a
248 e8afd61ab0299501
249 8a8d202af8af67f8
250 576023c75adc2e7f
251 8e8243ab80d5bec6
252 cd4fafbef982a5ad
253 b144bd2629c46bf4
254 61137cc632f8e6bb
255 ceab4bd2d9e5e202
256 a8e2fb1f2453abe9
257 ecdc0450be8bac80
258 c0d2918812412567
259 8e24488aef374fae
260 4dcba5900e176635
261 77277ca95229157c
262 0358c40f783eed63
263 65f68c03b8eed1aa
264 be5421eb26196131
265 74a6be48a72be528
266 533593f4aa38a7af
267 bd84c6282f3066f6
268 13d9b7c9c2c450dd
269 c695bcc636083924
270 8521f5644f9ce0ab
271 bc95cd3ffe48a6f2
272 4756463c43e638d9
273 6b9d121cf9c65c70
274 c569f3ccb87ef857
275 7cb89ec210b9689e
276 5580a8c5a8f8d425
277 419fc5903d5c0e6c
278 78c27bcd20462146
279 beffbf5a1cf226b4
280 12e2e4cdde915b96
281 891d43ded984b12a
282 008425faabebcd5d
283 7dd04be9ef0b57a4
284 b26181d91be6bd2f
285 55a5f7dfbe172476
286 e8f91eabb4247979
287 0a6778a6acfed010
288 ef0fd8d82c6ffa4b
289 1ac81991657eaa92
290 5569e3cbab073bc5
291 9b9b888a85ace50c
292 0a5fb98776ba87f7
293 4111cceb67b90e3e
294 78d2d76a566c34c1
295 8f44400f37570eb8
296 6e507d69017461f3
297 9efda1aa6417d93a
298 885b3ff6e0bbe26d
299 16f08ef9ea46a8b4
300 1af16c91ea200f2f
301 aeee1e5fbb0aaa97
302 4e8ece9a1f577e68
303 3b6e890139818971
304 142cf6b29017d7ea
305 8e205af439ea08a3
306 a35bc75190d079d4
307 d6f330e11f9f8e18
308 a1439b3f6c74f9a8
309 59698c2a43d2c6b1
310 1f0bd1b1d62e1bc0
311 b556c7ce9a5d3b29
312 ec719a79a0f57c42
313 34c30a7cd67d6ffb
314 660da00b6caab0bc
315 a30f34d4692a9475
316 7132026c0b638cee
317 f76b08373ec0fba7
318 36c91d0d8cad9738
319 b3140f5800470741
320 2880aa7a3f50ffba
321 2e5a2958792e9073
322 4d02647e725af034
323 342a16e6beb5f7ed
324 113b56bc0b627906
325 65da2865162625bf
326 53bce32e6235ad90
327 29ebb798bb4c8ef9
328 1c69783e004eb812
329 bd7bdf20f04da0cb
330 2a3dce834734988c
331 46797075a8610445
332 b26ad6729bcee4be
333 dd2188c998dd7177
334 6675d7bb06362348
335 10bf798a3df67151
336 72f43ce0053bddca
337 a6b2ed5cac32aa83
338 1185dcd10ea71244
339 c718dbbcd4d77dfd
340 f1f9aeb4761f3b16
341 03702fc8361103cf
342 f992823dbf071ea0
343 e55ab0bf93b0a209
344 7d1e473eee34a822
345 ec25932cc6ea42db
346 71608e759d250b9c
347 842935f4d48a7755
348 52074f35cc0eb8ce
349 d1cc24138fde4f87
350 b75b55aee5880b98
351 dd0bacafb0de6ba1
352 febe12ea4698f01a
353 eedbaacc8d9064d3
354 7cd805beb5cab394
355 50d75cbe1e15054d
356 d13fcc6a09fb7e66
357 509db5509d46111f
358 8b2841f1e25bb2f0
359 d2567271a34e3059
360 4c5d9bcf0cf91b72
361 6f6681c58abbbe2b
362 d7ca12755dc9a5ec
363 87663cace53f1ea5
364 9b50a08d22f68c1e
365 d24933bc557baad7
366 765c90ce8e1e3ba8
367 5c94cfbd7d6bb5b1
368 65caee1b177f912a
369 74d30520625ad5e3
370 550cac267ac6d2a4
371 a23c0fa36987945d
372 5d6317d2472f9f76
373 5797be9ae4bab72f
374 ef74ec899214d200
375 ed74d935494cbf69
376 494594408fb21582
377 117f7f95ff01863b
378 deac7f499dfacbfc
379 0d22181b8b0f37b5
380 908b52e7dcd5f42e
381 89d4cfa8d1be0de7
382 16d482d9eab55f78
383 3a96fe5d66500e81
384 4f633073f0ba05fa
385 f8c424512c172fb3
386 231b89f7b83dee74
387 51394ad5e626762d
388 a15edf934cb4d246
389 15b655ec5516d2ff
390 0edc03d89b6634d0
391 4623bdf35c995e39
392 70f1bdf4e285ff52
393 ecb9937fc518050b
394 7ec5dc945f9052cc
395 e40c00cd612f6b85
396 9e59539e6512acfe
397 37ee26c9e2bd18b7
398 b3f67fb5b4df8988
399 65c3bf285480e391
400 ad8f462b20b4770a
401 7577ae798a4203c3
402 580d73ed81787d84
403 febd8abfb259993d
404 67f9b7a5cd498656
405 d9b112855842120f
406 299ae467eb1c7fe0
407 c3a45d763af6d049
408 0a4ca0076b153e62
409 1bd20c1f54dc981b
410 cbaa6f6d4deb72dc
411 edbb2a9064ceac95
412 caa0609d73b5660e
413 ab9d69243a91bac7
414 088c7d087c5cd4d8
415 21eee9eabac7f0e1
416 4eea799f781c6f5a
417 0839450b0454eb13
418 2431579afc230ed4
419 0983ad79d555ef8d
420 e3fae42ae574f7a6
421 50b366c39d02b55f
422 f62addf8e2551c30
423 343f5b368dbb8799
424 927e3cb06e4ba1b2
425 278ba1c130f2dc6b
426 f0b12d5c6ef6e42c
427 b61a1f7c0e66a1e5
428 0198d4beb395805e
429 96315a360ebe0c17
430 b71a14c2514f45e8
431 b6be0306602e3af1
432 c3a43337ef2a9c6a
433 fd87bbfb515e1a23
434 97dff489e7b14ee4
435 b95ea7c14a8dba9d
436 c1b792e72ee1bcb6
437 c2d1626e0364216f
438 ec60e68fca534f40
439 6aa338783407d4a9
440 6be9450d740bc3c2
441 047242993146fd7b
442 793faf4da7cf673c
443 3ecb34dc6073a1f5
444 ce4307cedb53536e
445 c806b6c4906b2b27
446 316a796d02d69db8
447 69b0b3776f138fc1
448 2650cf685cd7233a
449 2bc7b1f3e511fbf3
450 4851b59b052357b4
451 6a4bce98db8a5d6d
452 0662697fc8bd9e86
453 71454a9672222a3f
454 73cd541918f5aa10
455 370ac46809c09c79
456 bf5b3798c98b5692
457 a32f98a67f65844b
458 9562f343fcff1f0c
459 56c1d444fd8556c5
460 34980492dcbafb8b
461 537937d23bac16db
462 4340bd61139135f3
463 2561dfd44f092030
464 1a0d216226213ad1
465 7bd13d581a1cf8e8
466 ea5dbad20838b168
467 3dc8c93f95874b4f
468 8a98d80df62fc961
469 48e449c805e16988
470 c197ead1e0ef14e1
471 c3688c5f3f302233
472 773562173b740f4f
473 59e2d5e995496a0f
474 cf246be62de7a674
475 1c5de8c31939e65e
476 31f666c707d08aaf
477 39ca6fc0bc512bd4
478 84829b42fe9d2186
479 2bdbe51a109063c2
480 8d86441b1ade8c99
481 0822bd6392930aa3
482 226ffd4cf95aa496
483 2f6ad40f0ab0d3fb
484 9aad15cd7affe55a
485 f9a50420a49a401b
486 82f18a3613e3da4e
487 b4b11c46b55bf2a3
488 b2ba9e3f14a2b9d2
489 678fa6956bb19e23
490 7a8f72d71242a08e
491 76c377ce1d9fb04b
492 3713a70bb088afea
493 f6e635baa79a00eb
494 227f44504fb4f95e
495 6718d23fc127ca63
496 2798cd904d1431b2
497 7f5a8d1a25e7dd00
498 4517ff873f7b89da
499 20b214e5faf96534
500 d8e66afe2951069c
501 087a30c01bb2f93e
502 fd613e8c2eb90dfc
503 55bdacc4369a6504
504 e1581f67a340e746
505 58b7e2d63a68a284
506 7c1be771f69639d4
507 4808e8ecf2d78016
508 f4ebe22c866b3814
509 e78e2a75279dee3f
510 a0c9df095a06a388
511 717741bb26170ee8
512 1456cc88940fe871
513 4e9370af8f793568
514 6a04cb3064479b75
515 7f85e8bb4edd8c40
516 2d10e87ba0539dc9
517 d1521dc3ff358850
518 9c59ca955cfe3ac5
519 0b999a8ff1101888
520 09955796f2a843f1
521 be249f50bac99668
522 012f1f3f662d37b5
523 1efe64c8702a3470
524 03966dfff49d3a99
525 2906253042e99680
526 e10fc72e8e9cbb25
527 87a772ff73718ac8
528 1fb23928c9d18431
529 267d0559fcd5ff08
530 a8e710cbefca95f5
531 34d8fe9a3b51ac80
532 1848483fbcc62f09
533 d1af448cbf1e9c03
534 fc401f158d54029b
535 e59419c7723a60d4
536 09ff2f71736ee0bc
537 d4b221aa57bda4be
538 d530842c4126143c
539 f9cf8d7e12ebd1e4
540 44472299fdca5286
541 2f77a35bf1933554
542 ee2fa93748e0c8e4
543 76a0f883f6394736
544 31f53d49473d54b4
545 7da1a778610f46cf
546 6b3ea1d0b09fb0d8
547 c747db3878ecd688
548 1f29d2265034a5e1
549 4a9ef6bf78b3fc98
550 7a5dd7a6b6743665
551 3738c8b9dc2cc670
552 9cc6a551126a78c9
553 8b571eb41f3d5630
554 350d4cc90f345b65
555 fdb0ba88fc50b148
556 aec924712185d221
557 9d5fb5900e72f7d8
558 591e8b82ecad83c5
559 5e15b3df341f5e40
560 c23c38cd793a0899
561 7d999016605d8fc0
562 44a618d3918307c5
563 af4d84e3ad4b5e08
564 29377db1ccad0ae1
565 bdb9a5f3e8dbcfb8
566 d895d8e9a84f9565
567 8d543107deb5bdf0
568 f82167e5d81276a9
569 3c7d3b91af7bdb53
570 24259d18db342dab
571 c51323fc29bf9174
572 7a7b8d7bca55ce1c
573 a23946091320164e
574 75e6ad8415ef320c
575 bc20740aecb64254
576 8ada5fbbf3392c66
577 d4558315808798a4
578 3261dc497e4bd3b4
579 f7718434f99a1f26
580 9c1126c3291d70c4
581 4ee7194bdae35d2f
582 37b79e8992cc33f8
583 11e79a883627fbd8
584 e12e889560be8f01
585 400658f5a49a97d8
586 00bbda3ac696dfc5
587 cfc891d79b232db0
588 9e89cc5e404f3959
589 5dc16372e8e9d5c0
590 71b28fdf84f72655
591 fabbdf7e00d12858
592 fa1c5e52bc60f001
593 3d3701c18a2aa678
594 9f99398f2ae7faa5
595 36b37da2f398e040
596 5a0b6d40c5b58409
597 b0a12ea10dd7fd30
598 5eaaf3e303597295
599 6939fc6bd9d5d698
600 d72010a600fac4e1
601 ce0de885b93ff518
602 d9bd643f9128ce65
603 d4b49de95dbd9110
604 4766526382ba8d79
605 908930ac4680c1d3
606 f43609c2f2c3e9db
607 3958a805ccc05494
608 0d6cc0e52e89939c
609 2344130f5a193e07
610 ba9fe64e93989f28
611 c6e3d4a97309fc5a
612 81b8a0b42819d9b1
613 1a04ff6f286e9579
614 18ce31857725eeb7
615 73c6d41d7da1ef9e
616 e346c9d2d505664c
617 e4db19c1f3f7c8f6
618 d2ddf8875c166744
619 f34c1926dd6b5f7c
620 1ff6b7c6a4941d96
621 43285b57b04529b0
622 e9de33ffc8a5ede7
623 dc86270f1a583e5c
624 45bf06a85b1244cb
625 1eac253c938207e8
626 9b1121be5b2d676f
627 49cea3747789088c
628 11d109f7ce0b7ffb
629 986ce050bddaf2c0
630 3417a9f533dfa817
631 f8bf538f937ee50c
632 36fa1bf5d283d00b
633 f108826115b588f8
634 e00c81c335a014cf
635 c586469f6065327c
636 cc390a659e09f75b
637 9573c7e5e07928c0
638 a7b374b22e75fb67
639 3b41a97bcf1848bc
640 69c039d5fbd8e1eb
641 5951f58da3e1132b
642 3a82dcd023a7592d
643 d3f2c33a68812eec
644 ecbc3200fa9ca382
645 44cfc3b40e5a1a56
646 b3c0684048aa4ff6
647 31f9a9abfed32288
648 769fd50125d8c470
649 f6192bb4ac1cf020
650 e4118e304fc57b2a
651 1f7b790dd012b672
652 1c95aaf13fbfdd16
653 c4fd7f60dfba0027
654 020db4f7115e6892
655 7bdfc73b67e61ad4
656 1e5ad5dd076190f3
657 a8610d6a7d8f09a0
658 5ca68f48777270ff
659 a6e1d155fcbca0b4
660 e5ffdde38194e533
661 6c256096045ac558
662 c1b9f969c20011b7
663 0d994570bd113d34
664 5393ce1a32847fe3
665 28a4b2f7275c8280
666 eae464b2368d44df
667 fb0677d9daf77154
668 8d8f53e89e821803
669 d918fa06372cf6a8
670 21388286d5536747
671 4815eaadef8da9b4
672 ed09072c819f6413
673 7f9689b676c1e340
674 9e6b89e33f65f13f
675 a381417939200194
676 fd909aa532467e53
677 918e636fe656b1eb
678 02edc1dfb58bfdd5
679 198c9252d7a43134
680 3657418c3a184e8a
681 5efc4388a1b29306
682 ad536a22ac52fafe
683 9e65199835d99780
684 44619e6d48b7a308
685 3a40e968809d04c0
686 9842bbfb43cbd8c2
687 f5abdddb03367cda
688 2d1a8c70569cd12e
689 6a61707da4e8dc57
690 eea749b9f3538baa
691 e4646224c7532dbc
692 bca49b059b3bc54b
693 851da1f7a87cb4f0
694 4f7bdacd12d6b0a7
695 da9299a293256bcc
696 5ab9ae5620fccd0b
697 ca66206052498bf8
698 d2259c58b181863f
699 96d2c5da33a7b08c
700 5ed01ed73b3f48eb
701 9b22bb1b2058beb0
702 c7355886ca2cfbd7
703 1156d3f0bced047c
704 aa251cbc2d06d96b
705 48937c3cc1e27788
706 593bf0caf66d249f
707 21be959562fdf01c
708 820dd8039347076b
709 5f87f2ebbbb3abd0
710 a1939eb46717cf67
711 a3fd91ddc72abc4c
712 c0ad9cf356438b2b
713 1219a279f6c5c65b
714 7998d14d2c60615d
715 a38a1428d73a02ac
716 4c75f725a09d6432
717 f586ca1431199d26
718 209e5038c5094296
719 264f101184824ff8
720 0f2a336dfa3e80d0
721 165c71295b867210
722 b0195f6460fb7f9a
723 80b4dc7db50c56b2
724 16be20c7f8d9e966
725 f06b6896aa384e37
726 ebff90fb4629a312
727 a470c654e218bdc4
728 61d422817451c773
729 5d35b909e10a95b0
730 aa8e8c86e4033f2f
731 e01d2ee59a4c04f4
732 4808927e4e965c03
733 0d5344ea6a5c9fc8
734 4ba3c32ecd6d5277
735 4dece9cd239a6a64
736 090ae57de96c5503
737 843823118ad503d0
738 0431665d5b51c04f
739 a68561e8420287d4
740 e3d26cb09b5db293
741 275244c103597078
742 c2342345bd780f87
743 ca9c5068e0991184
744 96cffc8fdbd64613
745 b2b1cb27e594fbf0
746 24f001bcef45580f
747 0cb384c3962c2954
748 a5a151a4f66b36ba
749 a4caab58fa7790c2
750 81d525f91a93b5c2
751 4957e9389faeaf66
752 1a1247824ff0629e
753 cc682d7ec5537c1b
754 b4012970753b193d
755 75d9975e495bce81
756 41e1af6c02d1818d
757 cd5fafeb7d251f7e
758 499134fbed44cdfe
759 ddbe3a7203611768
760 ad43b45d88b1690d
761 4f73f00ae4746171
762 cf976cf7ece4e80d
763 33e948be6db67de1
764 5681322f517d4310
765 3f392d9cc1b12775
766 927192e3de518ec0
767 e5f3ea375315ed49
768 b31d82f8aac42210
769 22f12ee6555ec8c5
770 e94f64c9c39db1d0
771 f4a99649bfee0241
772 68f7c1bbfb420de0
773 1b04015dc3b486d5
774 5bd4e88768d6c9d0
775 62346b99fb5de6b9
776 46c724e203180ee0
777 7ce0d52a4720afe5
778 ea4cacd860d28fa0
779 c09ecf55112babc1
780 e15e5dd5a6934150
781 cd109ad268854a55
782 271f191b0cb381a0
783 5bcf76ce0d41a449
784 22aa9efe0da91a50
785 94d8356d70525bee
786 54b798f552ce14aa
787 94c909db2fd66c81
788 742b70793bf61ec1
789 23e427805039a33b
790 91f8b6bfde8aac59
791 14f89b3bb884081d
792 58632c8c2cd2929b
793 2e649fe2836a34dd
794 5aff0876312bf95d
795 61a49d760c0750c7
796 7a325d7a9c56b665
797 199c95d47a59e10a
798 62ccb5ff56c2b17d
799 2eb6c8da0854fb41
800 17c7b235533e5cec
801 22c033be7579496a
802 81011b3fbd4f3aa3
803 9d8e52c791e98279
804 6d400996883021a2
805 37c62a5627f2b954
806 f74297bca99d31fe
807 c0f10b98ed40414c
808 457093f3efae977a
809 cc60541fd0f91d54
810 8e0028ed437b69fe
811 c1898fc2a78e77fc
812 d9ff40df062d6632
813 812b41395b6e8c14
814 01775770f5b27b3e
815 65c9284d8a6c4b47
816 cb3be3c21c0296e2
817 723cdfbcf4ee9ecc
818 ad0d4ca427967072
819 b01d6a3ba064b155
820 edd30c3ba5655282
821 5b6e472538ee0edd
822 92c19492b572bc72
823 a4eee1e98332faa4
824 4aaf67d59670b387
825 285d3f571b8cc4c4
826 b0b19182eecf0c43
827 4eaef65feca2fe1c
828 262165eb1704de42
829 67f8468d25acf2db
830 822c064c826c2ef6
831 8eac03f2fa8592df
832 d90248583a29ff7b
833 57f9f2b4a743a9ba
834 116a4cd171c4e805
835 121065bbcbc1976c
836 fadfb1b974ad91cf
837 3acd9718f78da7ee
838 66ee4e0694b7fcd9
839 54d45b09c12849d0
840 a8c9067d54c1ebf3
841 80f563b2851e3b92
842 e58399b5a52b3e7d
843 0f57bd35ec9bc54d
844 cadbdcc0cea8c3c7
845 c3486851bf9e4d26
846 b7058663a668d9d1
847 5e67567f046a97c8
848 82fbc39ae9e4a38b
849 90d275d81949ad8a
850 338739989658c015
851 36f9ab53045d987c
852 b4ec06f57e40099f
853 55f276da08f2c77e
854 4ee488ea75b1a973
855 be31ecdbe99c13d1
856 24746bb7ebf1ff43
857 5db150687bf4b922
858 8de89e0a12da2b29
859 08e8a6da242f0712
860 3e4fa1b30c321977
861 4a00fdc38762bf50
862 b645758d4938cc47
863 f1669a771a39ed80
864 b23ee03f68b9d7e3
865 1e3ce13f4106529c
866 b935cab2ad71e4f0
867 422826b21d263f18
868 b1dc346d22af2dc6
869 8157685b9346ae5a
870 eba46a06801b320f
871 abb14a504ad00a3c
872 1f905ee29e9e7f80
873 329f2dd1f4a2789b
874 0405aec1f807c5c8
875 0c2df3ad73fb322e
876 a6f0d27c9fa49d27
877 434621f5e5492910
878 122a989402ac4931
879 db4ffab399f0f3be
880 b6cdac810db3de89
881 2c5bb94cec8d7db1
882 18c8808c2de1b06d
883 e1611c0199430ce5
884 eddac164db900b4e
885 d0646522ed09942f
886 4493a6709d07e2b0
887 332068a0b0e50c39
888 d29536c0012ceaf2
889 bf44eb42bd26e9ba
890 0e7bddf9633e3f12
891 73af54cd67cb5368
892 108548fc7555050d
893 6e7da5479bd1b7cd
894 d51cfb179aa7916e
895 359a55c474cb880d
896 ff56fe1ddfe684bd
897 49bf15ecefd6e74f
898 d1c2edd187a0ed29
899 62fa5d23f9ba092b
900 f7ce504c5d703653
901 c809502ff6205577
902 5b9def0fee888024
903 bbdb92133a72d293
904 1c3f93b6a9c8d57b
905 df78b47afae3124b
906 49a4c33b58748bb9
907 0c76b19d08f44fbf
908 6876c3d199f3640e
909 5d505595a2ff7556
910 df753fa58a5d1e6f
911 1a1b806c35609670
912 3ba5a7517d4fd25f
913 5d816da6d1a6b856
914 6d7bf7afc5026c6e
915 e5550ca27c0cc825
916 9d32e9759c2e82e2
917 b05e992fcc279df8
918 e5c15a555c486159
919 013e30fe1c0b3324
920 3dc13b5e242357d4
921 0cd7996f238e8981
922 58dcba7820a23a0c
923 3ef9623fa188ae4c
924 842f7e29060c2a89
925 385ce3038ac19d1d
926 ec156bb757e40cd2
927 528cd6d8cd6ea5a0
928 26ea92af67963a7f
929 4a96ee24d205dd86
930 476143ff98d0b4af
931 9f0a1b320c1d8c6d
932 bebdb33f3c349110
933 3be81d81ed345bc5
934 4e46cd74d3c51295
935 5b34620302e891dc
936 680c28f1be7773e4
937 0d22e07bea86b450
938 8c498000339bb074
939 93eef2db91c2574f
940 a68339d4c911bba8
941 6ea01200dc09f3d5
942 c58f1f8f516348f5
943 eaac15e2b97a790b
944 a56ae613e8641bd9
945 f65692da89af1a1e
946 6f9f321bbcf16019
947 05ac62351b7ecf58
948 f9b72984b009549d
949 aaa8de1604b90748
950 f9c421e116b4a9c5
951 d2af3c30fe00d3ed
952 2a6ded454d00b598
953 307d369f09f958f7
954 0db48ad5eae72ba9
955 6927fe3b9944423e
956 87eed9294dd7987c
957 56508b507e158bda
958 c922a81859207f61
959 f3f323fa7e2bc80e
960 d1b5d0603b77bb7e
961 a5a2761d3d030243
962 2f9376e49009976f
963 aceb4346a3c0c37a
964 bdec7fcc1c39fe43
965 d143f31d212a242b
966 a7bcc4995833cc87
967 dc8d09b5842fce4c
968 63ff5a39a70b4fb2
969 1da7a5f7d7b157ba
970 45472a20b162ab5b
971 567a0ecff2545325
972 d71842cf246283b7
973 e76b8151d69fe458
974 3019091eecc00d2c
975 a7c6b1324f5b0eec
976 6406cc06e95aa501
977 6cf915a8494f16b1
978 e1a217f38d4a8414
979 47dfa6b2715b9649
980 14f2e28637200bf9
981 6bac5cfff146544b
982 197d0960d7a55c15
983 51e6214484324887
984 e412c8e5ac87f510
985 579b6ca0180b293b
986 fdb6a7aaa66b5270
987 98a406460df1ac27
988 8656d2efee0b5ddf
989 218adf4e529abd9f
990 da15aca6f1410f14
991 bb09a59557fc566c
992 6b4c888d5e0c0f40
993 04a552ab806cf688
994 46c931e1f3ff2d1c
995 a1322f05e7290c08
996 0efd6fcd48a2afcb
997 90b752923a0843c4
998 04e7d4f29cd3d51a
999 0ffd90afc18e0e99
1000 f130f072c41c32a2
1001 a38fab5f84065bff
1002 f383a530831ca69a
1003 520884180e05c52f
1004 648e9d872214191f
1005 ccd03a270cc1c9da
1006 ed65c411565ac71f
1007 17720400b1eff34f
1008 1185094223b8ac7a
1009 1b9324983dd921b1
1010 0511051dc252c438
1011 f682642a853d2905
1012 d5155aaaea1eba14
1013 0c80cfd5cd4f26d4
1014 77d150a8f09fb2b5
1015 ffbb18daffe9e5e6
1016 454544419402f636
1017 318e07e73904edfb
1018 23320e41fb337f9e
1019 3558178f5ee7f0ee
1020 f5f4c3f82141cb93
1021 621d92f719dc9410
1022 7d8e22ce1d2718ec
1023 7b20b6525e46e381
1024 b713e300aa799300
1025 117581ff60fa2720
1026 3aad6a7c13fd5a04
1027 d082b49835b31301
1028 9cc3a629b37b551a
1029 7cdb482fed30efb7
1030 49d44b5eeacd349a
1031 3ac62d8164bb6bba
1032 dabbda68748d2487
1033 c91f65b087ce882f
1034 53349310c4d364a0
1035 87260bff68135ab0
1036 1b4cf38e07af09bc
1037 e218fbf2b9f8927c
1038 71b31fc42230ad20
1039 817197b592f37d75
1040 5800211f42ae0c54
1041 82683d8606f46681
1042 8eb7c48708c7b9e9
1043 657811ab2eb138d5
1044 127d99889fba7695
1045 8d5ea02ef6aa1b80
1046 53dd175c749bbb3c
1047 4b7f020e7e5b8989
1048 901c4c8baa480715
1049 8a9f97932c0defb2
1050 bf1d9e161d90635d
1051 42eff5d58ca29f15
1052 a917988aaba88359
1053 ca305a12a59523ee
1054 ea72ae44779c6a9c
1055 d49279d0813dcfac
1056 3cb75947d532de3d
1057 2d7a67b6d92c339a
1058 32dc62b3efa1a5a0
1059 4e7ed3e12be7ae65
1060 72da41c9399497e9
1061 67bb247b2191aefe
1062 30d6508dbb9bfaf9
1063 94a6769e234259e4
1064 57f77b4bbd72229b
1065 ac4f349b63e100c0
1066 986aec6c5e7b8081
1067 9b2a977233ace7f1
1068 ca836f1ee5fa70c8
1069 5bf222ea9e6871fd
1070 9b677783d63eec51
1071 5e57d429a8be96d6
1072 2a01909e59a2e144
1073 6dcf2e620872aa04
1074 29a0387b8523a2c9
1075 30ae4eb23f31ff88
1076 8a972d34f58fdd97
1077 918434594554934c
1078 4cde2a483ebfbae5
1079 ac41bb3804c5c835
1080 4aaf0462b15b33c2
1081 64cec903adf33943
1082 5ff368b36d705f65
1083 3bf44262dabdce37
1084 de7b2431c62c80cf
1085 c41327ea2da4882f
1086 5732851633e142b5
1087 dbd667864b1ecb9e
1088 4b5857a0cd2689ee
1089 b5e75fa0acb732cf
1090 dabcbbb2fecaf154
1091 4f40b6e70d0e0187
1092 0cbbd884aaacd766
1093 f38b32459c65d117
1094 26f35f662509b869
1095 d908932070f62cf9
1096 e644b2082e1e3488
1097 086b5b44e6b03ba8
1098 cb59bb5ab9dad6a1
1099 fe7cd3801b31a4e1
1100 2749e0027447eef3
1101 653ae72af5056a30
1102 05dfa42da9049d33
1103 764bead85f98ec31
1104 4f32daa064fd9a03
1105 2e5b8f2fbbff4d0e
1106 44ce366e2b6ff18a
1107 dc658cbff534cccb
1108 75714c5f526ee03a
1109 6fc7b482aedfd4cb
1110 c3b819d4165670b6
1111 967ae2a4f86b08eb
1112 9bc341d9c8f18db9
1113 6af11953e72458f6
1114 14b6827391ce1aa0
1115 a4ee758290d2d5f0
1116 370012191e346913
1117 5e2ea06223e04c3c
1118 26a4dae8791c842d
1119 3b278a2258f2a311
1120 b802cdb8e1f1e38f
1121 e73aa325f0cebd71
1122 c47516ce47fd66ca
1123 932263891fe6f455
1124 fe699e24d04daeaa
1125 c4ab009e648b792a
1126 a27a842ea2c04656
1127 293f235e597b8a0a
1128 f73a455f4dfc6fda
1129 498ac48d5ea763eb
1130 db3af99821e03031
1131 bb13689d9b678ad2
1132 16f4b47afcb04f3d
1133 4b73582e8e7bde8f
1134 5a4a5bef71af4791
1135 b55deb89b839b28c
1136 ec60e15bad929360
1137 f96ff9a34ee3725f
1138 549661e623499264
1139 8fc582fbd600a459
1140 2b54030fa6da1eeb
1141 adac98194dfeee5a
1142 78d26e1ef0751b84
1143 291adeeecf19b589
1144 ae6d3b1fca31f2ea
1145 4dbbf97b0c962eab
1146 af8bd3ee7f622f93
1147 e08685383829e13e
1148 69def70c439d598e
1149 ab0e943374f27dce
1150 74b388c626f77f20
1151 a081c852aa201be3
1152 595b1215ee81af6c
1153 64f1504520049e13
1154 1090acbea98070d8
1155 a21800f1a35dc34b
1156 df5234cb8bcae674
1157 bb034fd7410f6329
1158 1f53fb2e448f0784
1159 03b818f2073069f4
1160 f4b33d6e927a05d6
1161 049a41cf7eb49f12
1162 9077555ed932f6ee
1163 f5595596d2e9e7a7
1164 712e6e5e9d1bfb15
1165 9ffb93582151d70e
1166 eaaa9e4a026aea8d
1167 534c8636fe9a8a02
1168 109e9ed51c942f6b
1169 cabd9f245d75c733
1170 712932a02dfa9345
1171 9854a513eb5bf41a
1172 d3dd8dc0fa7613d5
1173 934a09bd90cbdc8b
1174 4dfe041269dd61f9
1175 da4d8bfff01f5824
1176 ad344ac72a30ef55
1177 43311ce03f03f0f8
1178 c8befe4e2809b4dc
1179 a0cc7eda81ea796c
1180 d0268068b15790c3
1181 1515c8b8b76427ed
1182 bf73a01dbd788b2e
1183 daeb0f4bb8310001
1184 97994c34c62780fe
1185 b70eec3c55c59453
1186 114bf29e2719c146
1187 57ba0da70fe032b6
1188 ce730e07897773eb
1189 aecda2bfbffc335b
1190 f40ddf5213393068
1191 7ed9e23eb6b37f02
1192 6678933cf63a38e5
1193 9c490c390a9c44b7
1194 3019dd9f8f211c4c
1195 a376769bc4e61bad
1196 47a0ef44de257971
1197 a9a84f40f68ce1c0
1198 497ec996e8741eac
1199 44d69c37dfd5ce80
1200 2bb7d1dc675927f2
1201 4695b5f4d03fbec1
1202 5f379a2700f6e9c7
1203 df5bfc20323b8f08
1204 92f609d815a9cc3a
1205 5c89716f5e707d96
1206 0d5a55bb4bf55cf7
1207 a675c53dbb8f8b76
1208 8434865e184ee145
1209 ac9197a56082e717
1210 0c648548ee939c01
1211 e0b07078c646704f
1212 0c03df4a4d231940
1213 f5e7db8143fadddf
1214 1dcfe04a9c23775c
1215 ccca1cfb58f0ce11
1216 266f1ddbf80da070
1217 753872057329d090
1218 d5bdb467f056a619
1219 561cdffb64c619a9
1220 fa49b608a6c05697
1221 16b361c3b24e0b45
1222 c9d796be72c2de67
1223 5e2cbaeed353ce06
1224 314282a3eca83596
1225 308569086a469bb6
1226 6a3b6e1d62bc4e42
1227 8e9fbc199ba99c23
1228 ddaa8ad6869c8012
1229 9c3b54b6c2ec27b3
1230 6374affc316af321
1231 14a0d6c43aded4f3
1232 c466e5105ebe8541
1233 749811aa51f56eee
1234 43157fbf87e7be28
1235 71dfa8e9a7912658
1236 7b74556c60e2868b
1237 bb0ddbaa1d346244
1238 0c957f0f7657a485
1239 0e23e2fae627628f
1240 ed01cc7beeea3226
1241 40b7f190736d4d23
1242 37335d4bdfc4a0c5
1243 0bb240d9c0e6bffc
1244 97e2c55834daf76a
1245 b92c3b3240f24012
1246 4737e9347a89e696
1247 32cfbb2a434c739d
1248 0063b3c0853e4b4d
1249 817b8f4327e6c42a
1250 e2d40b412e438125
1251 4a04ea6943ca4a8b
1252 6d60100ae398cbc8
1253 b543588ea9cfaf1a
1254 c8445adb4b601f48
1255 4bc608657b4f44d9
1256 f6f1f80bed6ee468
1257 52845f65876cac97
1258 628cedb223c7c7ac
1259 6517c13ae9334a41
1260 41b2b4a6c54f639e
1261 6a50cf417c080c7d
1262 54b4a7c02903a093
1263 02255a1ec4f3f26e
1264 d90298e5e8e6e88e
1265 8ed37f25edc3d323
1266 66504a1feefccdea
1267 52b95a7eef8d93ab
1268 122553550644ae96
1269 c1ad2b39335fb72f
1270 ae604520a40cef1a
1271 a413d7187097f79b
1272 d254f2614e36ca26
1273 38a0aa6db643aac4
1274 20a00ca2834af39f
1275 08dd75c19ecb9ffe
1276 b33576baac4589b3
1277 bbaebe906658be73
1278 7e252017c082834e
1279 07a48ecb89b8fd7d
1280 b753d2d47ca42e9e
1281 661186015310d5aa
1282 1f264d883399be36
1283 fbf1b509b835c27f
1284 f7a78206c92a5b7d
1285 68cde4ee0948bd8a
1286 a132c61a5c93fb0a
1287 b9ea97db5052dd57
1288 8b02404c84319eba
1289 7adf94bb5b73e567
1290 f86be8216757b791
1291 61a04e0836d21732
1292 842bb546fa212c10
1293 b5d52f496e306c6f
1294 d4dc47e963579c0a
1295 033da0bb864086f6
1296 3aad0a90541df18a
1297 c5d1e77776c718bd
1298 2a9bdde65a3d17b9
1299 96f0dfc24343d8fe
1300 48ab271dccedfbc8
1301 f0374427f8f78ce6
1302 c248ff338e929fcb
1303 9957c04547458884
1304 3cd50a08698c1acb
1305 8eb6c80ce584c1ca
1306 a1c2af2217e87673
1307 8635d65bfc29c21e
1308 9809eb47bd71c411
1309 7898ac8fa60ffc03
1310 ea69e1544be846e9
1311 9d5b4f3c948065ac
1312 e6d546cec4610646
1313 4af0bda3cdc0d742
1314 d79d6c99d782ad33
1315 131ac680042fc7f9
1316 ae025d46d3ec146e
1317 ea6c73192e0c5efe
1318 b938dd5d1cdae199
1319 e5d303093efa3bff
1320 302e59c23597df9c
1321 89885fe2e7a8ef93
1322 45b51a8b15674eb5
1323 d7f1ca10450cc187
1324 393b0c3fe84f2b5f
1325 b2ecbd48a7b292ff
1326 8567b3b7ef870fa8
1327 9f971625572d9b73
1328 27c8eaf77bcb6df8
1329 adca14b27e0588d8
1330 26135645c0dc8c44
1331 041e4bb06f509e7a
1332 91256723dfeda689
1333 8bdacdbe8ac9d4a8
1334 457d0b1cc628d7d9
1335 502ff2b7415e7327
1336 ee68bc4b9955fcb8
1337 58515c91493f5e58
1338 7624eeae8390fb63
1339 0010ac5d7184e111
1340 eca088669ffb9e23
1341 7e9f66c6b0b53b01
1342 104f181db9d2e363
1343 4122c92eceffd961
1344 6368e00c0383ac73
1345 63244570b8986e71
1346 2522a2b036fd46e9
1347 d7187dcfad4cf396
1348 3007f686099d9e4a
1349 f8953c2c2ebace3b
1350 85d22d3275ec7246
1351 77ebefd591e4251b
1352 d6140c4e0420bfa9
1353 7bfb94901034ce26
1354 a9af4b0863269250
1355 2df27f97abf0eca0
1356 16f3e663c467c6c3
1357 2500b955c41682ec
1358 701249d78f1e9bdd
1359 a2d40253b9b416a1
1360 7b7fe98a7649ac10
1361 8f4235e74a25d3ee
1362 176d707d28e15127
1363 0f56e9e7566e9d19
1364 b1e196e69be8451a
1365 73b2a6d26fdbfbda
1366 50d9b6647622b2e6
1367 e9e0f8cd2784be56
1368 ca0308e23dc8318a
1369 270e5cca7af284fe
1370 87d2bf577c502638
1371 f8000303a7ed9f96
1372 47b1a950a16c8bb1
1373 23ad39aa98a252bf
1374 2faaab683336dbbc
1375 6fc0456ffb13d0fc
1376 b64cbdfea174ddd0
1377 1dc0d6cd5e8ac0cf
1378 26d4325979917a54
1379 6caf215b9282c409
1380 d098b415b6b7c51b
1381 c4f123e7d1ed328a
1382 412d45e2c9e36174
1383 4c9427a54750b839
1384 33f46955012206ba
1385 7c824c0665b40d16
1386 454a1b45f9e81743
1387 87f4faa86baa582e
1388 7d5342bbe9823c7e
1389 66cd73e96afc30fe
1390 a5932eaf9740ec90
1391 c535286e2a855c6e
1392 d378a430be2c617d
1393 bc6e865a0ad6574e
1394 37193059a1b79695
1395 c00b344769b2f2b4
1396 e01bbef67990f579
1397 ef817362716b40d9
1398 23b64ee35c096394
1399 94b811644a551393
1400 af653bedd6f1b52d
1401 d7742853e912d2bf
1402 466b65d6ad55bb3f
1403 80b076a5e1a189c2
1404 cd727beac1ef2bdb
1405 21049991a51f194c
1406 a544935a93d6006f
1407 52a5eb2dab2668e1
1408 44bed9d8567a0492
1409 a5bf0a8ab3753f8d
1410 7f509ac943d403e7
1411 7fc2b9554c1c261a
1412 afbe3a452b9efaac
1413 e7901f8c24bee5d5
1414 65a4460440370680
1415 589e142633198f36
1416 b89fdc439a2b0150
1417 caf8ffe16bb35e79
1418 376dd262b54be72f
1419 92fb2ba6fd374112
1420 07cc2b5a3e44962b
1421 6fa186159db2a278
1422 ac448cacbfe57464
1423 779a816137c94f51
1424 b34ea91c648bf227
1425 ad000f9e7f6f3554
1426 c98d0ba98372cdf0
1427 7f5cdec3f315d92a
1428 96dd0ac4678368c3
1429 996fa7856f0134a5
1430 0e610d8fdce698dc
1431 930848caedf94cd4
1432 69c0f80782f40c00
1433 835e870d11eb13ec
1434 9bd654da08633b16
1435 6b8db0d336e05201
1436 084f4c79ec073567
1437 47c9fb19472cfad1
1438 f68412a7ffd87a93
1439 369b6864ea033ddc
1440 1af29dcb855ef0fb
1441 16e69a2947124cc4
1442 96d8717df18b179a
1443 a76decc13ace3189
1444 6d260f4ac8473776
1445 dc95b0813f786ba0
1446 086a4b708c66d8c7
1447 d193486bcf471020
1448 7c29c473e8a3cbe9
1449 91aabea08350bce8
1450 8cab850a897aa0d9
1451 c64c00910d0e7473
1452 5c1310dd11f644ad
1453 5d57fd37d12873d1
1454 fde0a390ee5898af
1455 d56b0948b8830b71
1456 370f3a3d0b55a11b
1457 36ec7c36bd6cfee6
1458 e3fae9c5cd32c137
1459 97cfb9c8f777f24a
1460 aa04c73705047966
1461 0871860cbb87b685
1462 9f53071630074cf0
1463 11666523b17abbf4
1464 62734e1a88bf9660
1465 9d30c3bb9230c189
1466 fb79f3d67632baff
1467 a35604c1be461520
1468 e2b9e68049c6d11b
1469 250a7e4963807ead
1470 b321656454a41d1e
1471 1f056a0a12e5c321
1472 e35969c727403e58
1473 9c1ac63b1f72a136
1474 fd87c2673031e2a7
1475 2400219fcc02fad5
1476 e6f23f8723118c6c
1477 ff311c52590ae015
1478 e208a90d2ff8749b
1479 497de96fa348c876
1480 41c67c42f649056f
1481 5b82ef2b9df37f25
1482 a90dea4073cc77ef
1483 a84ea8a74f74e714
1484 2e79693cb8441d87
1485 972c95ddd1270a3d
1486 6f17421e27b7359f
1487 ffdc93a0b873304d
1488 d495c9b81f6030e2
1489 98e3b4dac2d10394
1490 b5d7f479f080252a
1491 81cf69807f167fd9
1492 255188ac0916b08f
1493 512a737bb56af874
1494 3493e2e904fb9bcd
1495 d2e7f41716f54e55
1496 e96a32e802704043
1497 79dca7dfd9d53155
1498 e19ab9e351311d03
1499 8e034d8993b0e691
1500 2eb96f3475b8c4f7
1501 8caf33256986f091
1502 3d2b02f5d43c828a
1503 33c9369f68abc028
1504 f80a2b36c1ac0b51
1505 e952ab718d35172d
1506 fd1be90b0b382b87
1507 ccda7e5639d809c9
1508 7e02daaf56280abf
1509 529affb96d9cd7e0
1510 7b41940a1548a307
1511 8c559059cb13f3d6
1512 23f0440250c6950f
1513 5c78b0d3225cff9c
1514 3fe0174234236bb2
1515 f84666f1dd82ea81
1516 7a076e7254983f6e
1517 c1239790a99700d8
1518 c2012a40d2d70d7f
1519 9d62cc1143781bac
1520 515fee936cfe7302
1521 3cbc86374cc98774
1522 637754f6fc5d1ef7
1523 bc98a3e2507a1325
1524 01b7b1fdb067caa6
1525 d00e8fb89626ffc5
1526 f70c094f8c258f2b
1527 141f6c13e15d57b4
1528 71c182dcae67609f
1529 fa4ec278990e678c
1530 a24d44cb24f82563
1531 c9d6df0240bac7b1
1532 e3d63e3033c0b678
1533 e526ca8d693319f1
1534 26d0cc01b855bc5e
1535 4175979f1c00a061
1536 fb6811014a440398
1537 06cb344c86d64f31
1538 f2309707106cf267
1539 d867c1bc727369f9
1540 e302468bec81c373
1541 ec2e1da6b4056340
1542 e28b7c491670db42
1543 0c43f50d99e7d985
1544 4caa41332eecb8f3
1545 a200d44e70e7a3e5
1546 1de8676041fb15d3
1547 4dc2beb5625aef70
1548 bbacc0d153c7d847
1549 6f5ff3ca50dc5cbc
1550 2f2a2d9b17970b4f
1551 f2a9513a212c308d
1552 f71ae8d7dbe611a6
1553 bd2a5d3f9c092f9f
1554 803b458635e0e34b
1555 d78da67b8c2f09aa
1556 910dcda67cc6b886
1557 cc0fc898f7235199
1558 6f89b6a454e031cf
1559 3e0a253454149ffc
1560 8bcbc5e9646506cb
1561 49cdc0573684dff1
1562 39ec1660afb163c7
1563 17242864a993dba8
1564 e1a2b62973c566a3
1565 17fcaf0d2c9c74b5
1566 0e6692b5c56183eb
1567 f4927a65bc3208d9
1568 20376bf496b5186f
1569 7065e45a741cb315
1570 99351c44a5212a12
1571 8a1b2b9dbf47a740
1572 d2eabaaa61ca59e7
1573 be4571ab60e43818
1574 b3b0e53fd851419e
1575 456fca0e528f35cd
1576 591d12edcdba32f2
1577 393ec47df1975666
1578 08901d7c6610ab17
1579 9cf1e27cfbe277d9
1580 974cfc85033114b3
1581 6a5b30ded874e365
1582 fa9ec764e21e95a7
1583 11f4e377532d46e9
1584 452339796d6921bf
1585 fd68c806ebad9875
1586 36c17aeed2642abe
1587 f44eebdc9099f62c
1588 b2828c31df8779af
1589 01741b00a424c2f9
1590 c6e1a5960a34eceb
1591 d50969016aa9d745
1592 b94a076b4ff4691e
1593 bc81b6f8d327bd98
1594 f199a994a8ac5285
1595 48e8cf9bac16f8f1
1596 a055a9ca44d58f9b
1597 a95bba8f2358168c
1598 ca5d20d5fd1919ea
1599 026003dace33e488
1600 18b82bb92b1a98ab
1601 557c3f016f05f293
1602 15e66df6f963669e
1603 2dcc5c28833da3bb
1604 259cc59d44f3c9f5
1605 645c2f6e3e3474d4
1606 43f3b44fbd246d3e
1607 d862a3acb4d935ab
1608 9699681faf4cfa09
1609 530a607b67f74b88
1610 81b13bc785a32416
1611 5c647465e54bb313
1612 4a334f1d2c19589a
1613 dc67329f43e7870c
1614 bc51fa88db8e208f
1615 c1c96b00c5c48318
1616 5b330d43080c8f96
1617 275eaf68eb733f2d
1618 7dd362309566c7a1
1619 db04c8d49d90b54b
1620 5e90dbc723c8dcf2
1621 198b3f164ecdef64
1622 52398ff69b50eb4d
1623 3587b0a2618ab960
1624 abc8096550a8a239
1625 cf0d158ca8e4adc5
1626 2455afe17821a283
1627 c01ef5839956a380
1628 e81ccfad106e897e
1629 d7dc3ac532e37811
1630 d6dd78dc1d2f63d3
1631 c31521f57ef8c59c
1632 dcb25ade6b7d853b
1633 00b5de1d301f086a
1634 608c701d261735da
1635 4691276d76248349
1636 1567a6ce8c4f3a36
1637 900dcf6c866b3560
1638 e45f06ffdb068287
1639 4286798fdf1987e0
1640 35968a3d418211d3
1641 c5baa5ef7fdabfa8
1642 45e1e1b33b821995
1643 4feb72a069b9b691
1644 5da74fb3703dce6d
1645 70e552c15e24aae1
1646 1a4d811992178084
1647 7bee3fcd56cd8031
1648 988f1121ed1113a8
1649 33b9fa94e863fe1a
1650 a5d028b4b7701a90
1651 ff6ca2bc68d55b69
1652 3ab03566a1a1eb9c
1653 3ceb7e04870bea45
1654 ed53191a556d843c
1655 bd4fa454db46e2a6
1656 b4fda9a40ac9751f
1657 060319c5f9e7d049
1658 f60e4644afb2d53f
1659 fa151f8ca70e4fe0
1660 940910898e2433db
1661 1e9b37c7ab0beb6d
1662 5b5d600be51e81de
1663 7e446182e8d15fe1
1664 062eaf2b6d3b8c18
1665 0546bdac0db7bb8d
1666 bc16b10a908950e7
1667 f8643984c8bbcb15
1668 d015d3eb78402b6f
1669 16fd2c6578aa45d5
1670 a2440c9970058ddb
1671 e63eba3f95bd4ca5
1672 8354529dc37be12f
1673 ea59eb575dd40465
1674 4560656dc9365a2f
1675 c7631ded9b8c7921
1676 19883838ae95fcc7
1677 e9e8abdac9485478
1678 7590c636804f31ba
1679 cdfdba5f0e08dd0d
1680 7464d77c68a18627
1681 4d4def71c59cca54
1682 04d79f462069666a
1683 732015444c256199
1684 57a5c40f1cd220cf
1685 23ee2d1048eeacb4
1686 a28b4e605d22390d
1687 11e98a8180435195
1688 4889eabea8add003
1689 b5a6e877165d5f17
1690 983db7ff1c890e73
1691 1f6771287a981a01
1692 46614b62e55afa37
1693 6e743fbe34615fd1
1694 8fc40b4a3cfb6287
1695 76f35ae4fabc4759
1696 a2db69a043f5b253
1697 91f3e1c1d9219895
1698 ee9a7ee47ce27eff
1699 9ba3ee48aa1aef31
1700 b87e7de8815174db
1701 11be963119585874
1702 f06f4a047aeefb29
1703 9ce340c137772df7
1704 c8a19c251153f3e7
1705 bec6594bff41eb7a
1706 1fd98bcfe50af957
1707 c38cca7ee6f4e7d3
1708 ed2656f7d1760e59
1709 188a00abbca1a009
1710 1d3ea73a620421c7
1711 e6c9c4d4e3f06746
1712 48a1fb7ac9030405
1713 4d253ea04b794dcd
1714 c64660a794c558c6
1715 9cf711843b491af7
1716 5c1330f776197e9b
1717 38e992d843966978
1718 61d0e554189c7973
1719 37fc20d1e44931dc
1720 68b2eb51edee0fdb
1721 4b86fe34d29f69f6
1722 baa9abf6d30405dd
1723 e31af2e33d036908
1724 d4487c4ca0da935b
1725 618551548cb5d3ce
1726 1723a4fee4e8a36b
1727 3671f2899d11e73c
1728 686cb6105d271f26
1729 19f8b0a2bb494966
1730 7c9ff66e93ecdec8
1731 08faeb8fb4bfb569
1732 8ed538c25408d725
1733 311f9457864243c1
1734 96054db9f83c43ca
1735 7ee48a3b81135b9b
1736 d90dea7139313c7d
1737 33cc3b78e194e346
1738 07f1989909b6c605
1739 ce10e7705cd9d0b1
1740 ebb14832f560c8c5
1741 9a5ba0413decd481
1742 5b26f31cd23f4672
1743 b8eda5a31fd57a15
1744 c531dd0a0785c1cc
1745 2b4f9ab8c5e62f53
1746 2870b203ee8d98e7
1747 294cf3bfc22cb112
1748 9ad615dc94719a31
1749 6b0e4dd91bec8a3a
1750 bd6dde0405a2fbd7
1751 43cf2da9db464d1d
1752 d7c16419b23477be
1753 ad330de74da224cc
1754 647f71d3e8eb58df
1755 87c0f17df64530ae
1756 2350ee9d1e97d938
1757 8e542ff401192833
1758 dcb2946b5a63a58a
1759 3e55970ead214785
1760 74e3214ac40ff968
1761 173a2205c3e9f4cf
1762 4571b3d21cea4366
1763 b07b8ab45152b359
1764 f0c4fba124fb22c2
1765 1f142f11d9ce3675
1766 a75327472c7709e1
1767 53ee71fa561ddb3e
1768 59945b8cbb5ef9ff
1769 0311312c71ebc365
1770 4adc1c99fe7fd680
1771 4d678e1dbcd0b59a
1772 633d8ac8fc022e81
1773 4384417aa2fd7cd8
1774 8180519d6af6aabb
1775 72b64e5c58c0da9a
1776 ad2a8d82239daad4
1777 a1695f8f7d4a428c
1778 23fab3c5da5a5e36
1779 037d5457126b6d3a
1780 3b414acf5adcdeec
1781 9114bc32366a0451
1782 2d72d4c5c155eb79
1783 a5258defc8709b7f
1784 4acca831ffbaff07
1785 873c3922d0ad3991
1786 600f15a3bbb8f79c
1787 53937df74b3010a0
1788 e7cf0ddee1a34082
1789 316b627eb754d7c2
1790 2ab7258c1b312a1c
1791 42506a782f77818f
1792 72a26bbcc21aa2fe
1793 74c8802532c9e054
1794 e8cc2992fdffe8ec
1795 eb3af61556469bed
1796 dc8b8ddb3188f78b
1797 645ac87b81363eeb
1798 4bf9dc513e657541
1799 bf84aa1666b5c64e
1800 771265d6fb597cb0
1801 f78a4ce9e3bd2e57
1802 b134cc56393a3184
1803 50cc721a78a47481
1804 895c536cc043c5ea
1805 a3993d1cb34e6e3f
1806 a6d906d983823b19
1807 410330e437840476
1808 8e051e87f991e637
1809 2444df2a83208a4d
1810 7d27de10aaf56298
1811 5e09dc72d9e08862
1812 3c14a11a674b14a9
1813 aaf30114738e1dc0
1814 0ae29a14f98916a3
1815 9d13042be4314762
1816 4161b5077d58439c
1817 2d505ceda69c3fec
1818 52d15717b90ebcf7
1819 9cd6c046d0a24a40
1820 49464b2311273195
1821 aa41c6924342dcbb
1822 20ca868c0a5f9d38
1823 f17696497902c77d
1824 54ab05b60a895f3e
1825 39f875e1d3f62ee1
1826 968e0395058c686d
1827 3e4efe41fd8af8ba
1828 2f5dd53faa7aebab
1829 22c6051572f7a9aa
1830 b6ce7fce0782aa57
1831 12f7117eb6b1fa1d
1832 616ad52460b4707e
1833 9f63c1ca1b6479a7
1834 4b05cfea824cc4ec
1835 8c708cf1f1194565
1836 89bd912bc11bc9a0
1837 4b45db82c70de1d8
1838 a0a1c78817c76399
1839 18954a91d078a54e
1840 ddf4bebcf4f6eaeb
1841 a21fa7314703f5f6
1842 e02343a00da22d86
1843 9127a79e7055b30b
1844 ccf1dfd09851a650
1845 efb097e55a31622d
1846 dada625d240ad943
1847 2bf0fa2ef75de2e4
1848 bba2d26eac9384e7
1849 add92f3bb5efe945
1850 7572413eafa515b9
1851 5b65aa4d8938671a
1852 f8bce8a1e828b201
1853 3d400519a4a44e79
1854 09680015d05fdf62
1855 eb97ec0bccb9d333
1856 7f79c6caebc3a335
1857 f31cfbed7e211247
1858 c01e3208a75af796
1859 7df985bfd435fa61
1860 8730ab45a9e182ec
1861 b1e4fb3b7dff25e2
1862 ee62313b60bed259
1863 143af7a53762fbdc
1864 246a4bc0fa12b9a7
1865 8f9f16f76198d960
1866 b23a2fdb00b6d487
1867 77bfd21a2f83475b
1868 d9cb766f717a2489
1869 6e32b9e1a30bb771
1870 e27525b09100a6d7
1871 0d6c41e8797570de
1872 e555be7b567bf9d6
1873 df2ab510068be2ad
1874 bd246a942651fb26
1875 6327132f241d6f15
1876 c79d5b23778586fb
1877 4ddaad6b00c347d8
1878 17c454840eb0c049
1879 f714499249576396
1880 32d317830fcad2fb
1881 a7bdac64d2d9eefd
1882 8cee4239e09fc036
1883 b88c96d1402a34c3
1884 ff959b95f81be738
1885 2da3472ce7193f67
1886 2eb1643147b552c3
1887 878cca65a0c0ca6f
1888 4e3070bff7a420e5
1889 147d1679d479a47d
1890 316a729130bbfd1b
1891 fd94ab306478d872
1892 dca88352b1f8d5f9
1893 cb7b1b90cd491acb
1894 0cf96e28246e8a60
1895 dccc1b56daad0412
1896 bd067aad93b3b32f
1897 58a1dcadddca0ba4
1898 7aed8d729bbbc4a5
1899 0a54d72eb89edbd2
1900 2dfb0bdbc8b1ace5
1901 722c6280ed3aeee1
1902 8e2bf315efd5915a
1903 f420c9bfd4374c6d
1904 a9b9a4f314f9f6ee
1905 138e2f7a38289a2a
1906 513dc6e643e7bb24
1907 b4a499d54b254b03
1908 7f1fb79c772662aa
1909 f43e1ed8e4752999
1910 498872192b8d2824
1911 7a77eee4ea4d2506
1912 a7d7281f1d7a7be4
1913 571be9c9854f2df5
1914 d878d7d39127088e
1915 96df4c4015b80b8d
1916 801678964ad09e83
1917 74fb3f35493c33c0
1918 10e9ca90ea564c21
1919 a4c481b18414f9dc
1920 339c7dbce1d634b9
1921 7f60702ad511c02f
1922 c62f6bc177a0a3bc
1923 116b1e65420c8c79
1924 73e30201e1516122
1925 97425b1bc683cdd7
1926 486e43401c313101
1927 35ab178f48b37d5e
1928 4e42537736e3211f
1929 9dc23cb7c355002e
1930 9b46436000e79168
1931 ec41f0c39c6e5393
1932 c244923eea17419a
1933 b87ea7fa3f5e8cd3
1934 5eecf6cd79281eb0
1935 bc706756e38757db
1936 ce19726cd9a19197
1937 7cc11c2445b7096e
1938 a76e6b86afe0a7e7
1939 d833beacea3be7da
1940 0c936c000b2b1584
1941 880b4a3d47b59a79
1942 3eb4f6c9c06fb6e2
1943 abe4c1eae3aa09a7
1944 ece3684a2b92f61c
1945 69e8f1d8d2e4548a
1946 0f46b6cd8b50bcf4
1947 8772a34f13aa8b23
1948 1a379e120cbfb17a
1949 52c93bfb07d80999
1950 6049fe362d8e8884
1951 8a19149faaf85cf6
1952 14970811edd5f935
1953 6376faaa4115dfa4
1954 d89c7301deab5c36
1955 baecef5f8b47d667
1956 552c620e67fdc729
1957 864e945de05d4918
1958 e49177927c25aa83
1959 4078820531dbaccc
1960 903ba69af4ac9849
1961 cd8fcecd0d3c127e
1962 727e1171dbd1d8e5
1963 2b1637e1cd3b31d0
1964 5c4df54ae5f8d303
1965 9eb99dded3eaed16
1966 9fe9502065480148
1967 dea4f2a77d69df67
1968 bdc329f7f7ac61de
1969 f8900c3583a54e8e
1970 3cbe6b91f1ec72c0
1971 592e9dbb756f4931
1972 c46e5896188cde11
1973 62410a4eea4007ab
1974 b97d3697f02769bb
1975 27ea97cdcd427f51
1976 9aaeb0e379916f34
1977 5029abacf635385c
1978 e55f1534405e0e56
1979 aae5b22fa574c0aa
1980 9be63af9fac5a36c
1981 0e5945599d0539a1
1982 9e3cbf62f767f9e9
1983 52dc54e4c5bc0ea5
1984 1830c7c92862b41c
1985 9b225eeb16918ec1
1986 6af4bbb5bd2ca7df
1987 3055e0b8ed8ace50
1988 df7b59c1f18f9b61
1989 3fe55f6abbd74d4a
1990 5c05da7386b9bab4
1991 73272200b137c055
1992 dc0385722c8c8d95
1993 b8a0bd340626334d
1994 f483510778c9bd66
1995 afdef97efb74fd97
1996 97aed8ccec652e19
1997 9a3a3e3bf4524a42
1998 2464ec28465d3543
1999 c638501a0c5a84ac
2000 8889fdc2b9895b49
2001 fe32ef04f2e0f78e
2002 a8767409e2020795
2003 b1564b01b6b1a9a0
2004 10134bff6a99d4f3
2005 480205577f1f6686
2006 bfe12fdbe3664fd8
2007 d13b567831601ea7
2008 d2ef2cf5bc8ee90e
2009 866ead0c4efd9754
2010 f8f2e98346031b69
2011 a1af60eef60d35c3
2012 7be934e544838450
2013 ce8f48d4d98ff629
2014 4aece31a0e4a4732
2015 c41994f996679e03
2016 f4aac8e420d92b45
2017 d076a6bf67a553b3
2018 4650a888166bf88f
2019 6cc2a256be88a9f8
2020 b64151f1babb3e0d
2021 a3cd7a63a1e0bd19
2022 9e330f1ae4e78fd2
2023 64b8446f48938d37
2024 7f95b827f3c1cfac
2025 8b9c9dcbc6461aba
2026 f1c9457e437cce6f
2027 fb8a3af0e3ccace0
2028 974f3fbfe1c7eb1b
2029 d3bfb2096e0e7152
2030 c466e6e3d3076e4c
2031 49cbacf53b00818d
2032 1ca5c10fc541f59d
2033 ef85634a92b9794f
2034 d4b386f580d61b24
2035 dcb85d2b8226cb75
2036 2a0d982ccd8fc65b
2037 ea5f633864e4fb5b
2038 a389e2600ce128b1
2039 2ebf24bbb00328be
2040 7dad513a993637c0
2041 53f403552a2a64e7
2042 1657dba18a3fe054
2043 a3fe1db65d19cb11
2044 6679b0f7f85da4ba
2045 defa88a115cc6d8e
2046 e6243a4b718ffa10
2047 f6a6a2ab2774cbcf
2048 e0531b459b2fd266
2049 14b5eb264699e20c
2050 1b423496dfa6ca61
2051 a4947d0d5a63133b
2052 5bcbb714c6cba108
2053 e2d42a789deee081
2054 2ce2415b625da68a
2055 7745161fa9d2055b
2056 ec50eeb4761358bd
2057 2cfbdee4f12d99dc
2058 dbc6ee8181933dc5
2059 75698c7f29942e29
2060 e7a65ef9567d1b37
2061 716181ed2048d6ba
2062 95f271d7c7b11cba
2063 62b33040c5a641bf
2064 bc309807635e678c
2065 36fd633ae5aa1e8a
2066 5d601f626327c50f
2067 7ef2b83934d499f8
2068 9805a424787cc871
2069 fc3dae72f7529c7a
2070 3a0bb44f67be533f
2071 25bb9a9b6aa7fdc5
2072 536ba9307581237e
2073 b8bbd838f0ce35c7
2074 62aea02caa51e7f4
2075 c111ffe5dc9491ad
2076 e5bde240b0e484a3
2077 f3fbe2bd6fe5ee58
2078 c52969e1b509f279
2079 13a439e4547be6a6
2080 3ab9276c564c7128
2081 65d9d8ada479518d
2082 6567c23b92916226
2083 1e3efca47888c533
2084 ca9883937eaee1d0
2085 117e2001826f0496
2086 0112753bbbffdbc3
2087 e8af8f67033534dc
2088 32b2efdf6cbfe24d
2089 a0060fb5f70c09ce
2090 9dbd6c1b894f5783
2091 77b4da145be1d30e
2092 bbef113aea2d09b2
2093 859cf9643813db99
2094 5a8635ffe014b602
2095 fa024b667b4934d3
2096 948c0c0e491a91d5
2097 012f7faadcaf7086
2098 8aa7d7c475a2dd76
2099 928b15209fe70e01
2100 240689cc0a7b76ac
2101 1ee7a3745cff1be2
2102 de20a048d3f45039
2103 bba19395b895b53c
2104 0c001730083756c7
2105 bd977fae85bc7beb
2106 6d9709d4e8240ad7
2107 1bed8be55d5cf060
2108 f99131186d4b61b9
2109 337b2bd072e61f48
2110 efd7cd9ec6fb6671
2111 2278ca93644855de
2112 d8979fa5939ec3bd
2113 542a5476eedc67e4
2114 2a0b744ad4faeef7
2115 9810625eaa5a2a66
2116 7bfeee12fe187fb0
2117 b8b1b6017d78df09
2118 da523347f381ec22
2119 943f2e00cd0a3aed
2120 d23c2abe482caa40
2121 ab03181f1505bb5c
2122 6a4445a5e5ef58ee
2123 28bbf672b3dc7ffb
2124 8bbc3fcd7a38c438
2125 e4a7f66b7ef03fcd
2126 ae61f29657f8a86b
2127 bcc6801bc5f8a3be
2128 51274ee84fd63895
2129 f18ee708146aa8c4
2130 9bd09e585276564b
2131 d49e7636ee9b481a
2132 681b513b85762b12
2133 4a0b1addc33592cb
2134 133bd2c030ca9698
2135 bc102883d28cd931
2136 89d9094c73cca62f
2137 72d936bf03b2cbf7
2138 b44452cd175ccc36
2139 c9ba39c52c02c351
2140 022e65889f58998c
2141 9aa702507fb86022
2142 c95443697acbd389
2143 b60a637673f9116c
2144 0e9f5396ef45ad77
2145 0ec0f007ef8b7ee3
2146 5f7560a3ae324e95
2147 811db0cc5fd8e6d8
2148 1f4428aef92314d3
2149 90c6cdc3141016f0
2150 6dc480aefc63fbe5
2151 e4b4719bfae512f7
2152 a17194bd1a5baba6
2153 2e69f882899fc194
2154 22f32d596f29aea7
2155 90f65b3f9da90c16
2156 b55d71a9390aa460
2157 a1ff761df346dd5b
2158 841316874bd91fe2
2159 568f97e7c1724f9d
2160 000c48a2b98703e0
2161 d37990d32eaccd4d
2162 95cd80b2b199ce5d
2163 3d72b7d62e5fd1f3
2164 58f1ae89161b239b
2165 a045d5e3cd7f1f75
2166 b71b4a7c95555850
2167 9845ce005cf7663c
2168 a7ba39aa77f48806
2169 d367bda05709b3a6
2170 899a759d5cf7d1a8
2171 a3fd468e2cfd3bd9
2172 508b9cc1f4804329
2173 3d4df86119344073
2174 826a3b181d5f7573
2175 da38b759d2a8b8d9
2176 319d656bad65179f
2177 26e194a6b174c19f
2178 141e53cbdb4985d5
2179 453bac5ebaf09f22
2180 455a1d90ececfc64
2181 7080c8b12452baf9
2182 fd4a7e0034ae5001
2183 383874115ea19117
2184 0ef5cd61a2f33a8c
2185 61ccac11d163fd5b
2186 e77c92381ab932bc
2187 1fd0b473cb90016b
2188 ecadaa9f43d9b7a2
2189 55c63ea75f9f41c1
2190 21fb778d137180dc
2191 74270eda0fa1e64e
2192 1d51f0c50480d7ad
2193 03b1baf95bd5d3b5
2194 071fa3dca6f9d9ce
2195 f10979c5de54407f
2196 2e482a2287ac75e1
2197 db945946fa363aaa
2198 6fb99ddc2374e78b
2199 3d236db0d7aa6d34
2200 67fbf4b39c606571
2201 23d7d1e627ff9a86
2202 90b4dd6c685d4a2d
2203 1417136ad0cd5fd8
2204 e9a7edb865f611eb
2205 bc1e7a71789c18de
2206 fcf0eaf17ccaca00
2207 8eecbba726592835
2208 deba190de95d4fd6
2209 67d7e55a6d7997cd
2210 b7eb8e369cffc378
2211 12ea29e4ee1a58c2
2212 4a7d1541510af343
2213 7b9bca1467455123
2214 0f62ca20138b0bc2
2215 70bfffd317f6fd93
2216 03fc81fb9da46375
2217 8503ce4ef739c045
2218 0e083963098c6265
2219 bec813b013a3a012
2220 51e52166969fb0cf
2221 d0a4a2663fabe189
2222 2c83031c066afd9a
2223 c406f74096266717
2224 be5153f0aad8a1f4
2225 ed19abe2d4b52c09
2226 9e691f18363687b7
2227 57c46e5cdc68dc98
2228 f27946eda27fe299
2229 38d0dbf0f8d1a89a
2230 430dcfa2aaaa15df
2231 9f05d29208ee4546
2232 338aa8325a3193a6
2233 e1db633229ff741d
2234 913fca82075c8c96
2235 8a585f4fc553ab47
2236 e5ba408e430ead89
2237 48eae3d13c69b0d3
2238 631132b17ba3d32a
2239 c32c57e4a908b765
2240 c305dfa466e3f488
2241 bb06f5c4f1458eef
2242 27ad123f7e4b30fc
2243 9a4b238a0fbc6939
2244 38a84fee5e2d9162
2245 f563bbdee0463017
2246 b85c9cc0d27738c1
2247 acc28cc6c279719e
2248 e5b752b9048b76df
2249 6ea22402b7ecfc26
2250 3af5aba838fb43a3
2251 0486ff2a29933f3a
2252 63074f80a8350392
2253 717f386560cc3473
2254 9c1a1d1a7e0d2518
2255 90f45e058e6ffc3a
2256 76edfdbe2c3038d7
2257 575604fdc25dc707
2258 4de4894c3769062d
2259 4e7dc11ec3b6c49a
2260 81600b193bec8365
2261 166ae76716979bb1
2262 038cfb43e2034ada
2263 5afeda715e1ef29f
2264 e22de409b9d0874c
2265 219a5a0c8b069a0b
2266 a155306e6efe95f7
2267 a8a4d362f298ee00
2268 361e156f58978a99
2269 163ad6074e6181e2
2270 4f054153b04d224f
2271 5f5a6ee3266dcedd
2272 f47b91b07078c6cd
2273 d89aa5553860ffe7
2274 7a2e5b4a1626d914
2275 4ff60431321cd44d
2276 dd527e593c944ef3
2277 45d2e4a98f1aa50b
2278 b7655ca635bb7221
2279 116bdbdfa1bc69fd
2280 3b2ed52224a4e0c3
2281 6a556b738f309d37
2282 70253591b56c6e1e
2283 9e9985c9ac997821
2284 8f488045b62e5a8a
2285 734111ad6127828d
2286 e37a5eaa0ed6a079
2287 e2336f370fd7e457
2288 a7b3505a46039597
2289 37a29cfe5eceb46d
2290 6739b6b45d321d38
2291 ce2f301a34742882
2292 52f45fa08744d689
2293 026413ff2b487ea0
2294 788fef6d7e2d88c3
2295 9e679b48d77e6302
2296 9b4f7bf2c30be2bc
2297 1cc5083ac14fead6
2298 465a1a4ca4a2168f
2299 4067a79403769a98
2300 09499d08958fb54d
2301 7b777715e21a5718
2302 4864914f38825db4
2303 8c522209fde92334
2304 aeb32ccf6820ad1f
2305 c3a3b6081eab28ea
2306 50b56d6d9881c844
2307 04d482d618c1af43
2308 d79ccbab5970a84a
2309 c6616f2d030473d9
2310 d8bbb3415eb3de04
2311 933f0df141be29e6
2312 358b140fbbcf8e25
2313 ed21fdbc3a4caa97
2314 43a927784f07179c
2315 21450aaf2846e5ea
2316 c1f0c316f22be490
2317 fab12c70666c2990
2318 b35ad5f581bbc6b1
2319 60ec121e354117de
2320 983f7e085051e6f0
2321 800275e6a1620186
2322 08774f063c8ae7ce
2323 999d93830444af83
2324 5b3508faa31a7c17
2325 faf6203b9aa6077d
2326 f720803fba674c53
2327 e44718188febb98c
2328 38fcf7a72c4a4616
2329 ee1320a834910535
2330 f244de4922e9cc70
2331 088993ab6d9bd00a
2332 bcb27ec4ef49ef71
2333 7ec50316b14fdc08
2334 b4b8967c45b44c4b
2335 d282258090cf6d6a
2336 b33c2218568c70a4
2337 2ea513422c33ce04
2338 f2b5356c76ff1bcf
2339 9d50006f85c9b1b8
2340 b7af898c4926424d
2341 c5ca6911015c2b29
2342 c0668bd92a6a6d62
2343 545a1484d2adeb85
2344 413eb7317a236a86
2345 d575260ee7fea002
2346 7efe736a0430c34c
2347 5b4563adee1879fb
2348 cf108a3f50358572
2349 873170bff75d5691
2350 04a1772114cdda0c
2351 0c6a5a6128a2987e
2352 03734e2170b257dd
2353 0d0e0a316eaa2c8f
2354 e866eb50b8522d37
2355 ceae0082a45cfab5
2356 7187445aa75b7ef0
2357 80dedbbc84a6e9f8
2358 7fea9f8d03ed5902
2359 0ab93cdda751fffe
2360 c36b341a64f99d73
2361 2453d05def742aed
2362 1fc8a70bf0df5187
2363 e70cb775ac54c9f7
2364 8e87408e1a8e524e
2365 f3959284f7328da8
2366 5400ad7b8b483323
2367 18d449edec4d5f3c
2368 1e433772c2c0e4ca
2369 26d55ee63494fa4c
2370 4cb24bb53f821f4a
2371 33a00f4d2d84e768
2372 f4febc4afb6f4cb8
2373 5a2cec641dd7ce7e
2374 63bebe95e88f5121
2375 95bbf161f9977ce2
2376 eb71498b43006234
2377 fd6b018202369a99
2378 9739c1e9f55b6385
2379 35eda4e1aa51ec26
2380 6dacd53321f9b6d4
2381 e015903d470f3028
2382 49c7d673d017524e
2383 b628d814556f89b4
2384 58508448d2fc0a07
2385 0e016efdf36b5ffd
2386 c496e821711ac042
2387 04af75ae857b7050
2388 c589ad3eda36c908
2389 4d27f8e051eca95a
2390 cd49950a614e3abc
2391 702146c41e89fcd6
2392 c43b82e9e0eb8f9d
2393 8117ca444392859b
2394 cc8051ed71e80ae0
2395 47d4ce106b202837
2396 344d383f815d8f59
2397 6777ed7d1ff6003d
2398 b7be1931bdbce2c3
2399 7c4bda6d17ce16c9
2400 831c0517a9f4b657
2401 f38c5c9dc809d75d
2402 3bb0c1e75f9c870a
2403 3712fbb1e6b292bd
2404 2dc3a34eff750afb
2405 bdb617a5a5a45c93
2406 ff8e1528a8b2f6cb
2407 66f96871242f7421
2408 8697d51f92c7eb97
2409 1b948ee6a80c4a9c
2410 e4d3edf976bd0686
2411 5328903e7e61650c
2412 0bb51260d8359b5f
2413 4454a56f9ae73a71
2414 46590c00cbcd62eb
2415 563a21333618cfb2
2416 a3b08b699fc2873e
2417 9437b07df2e8bdcb
2418 9e2f4fbbf3976ae5
2419 4e08faac6584e586
2420 f31e07f20bb55f5c
2421 13bcb4939c042fbe
2422 48bb56be59021a4d
2423 66334fa28fcae010
2424 448a95179cdd83c7
2425 2241eac29bca6c06
2426 0965334b7f3838d2
2427 2b9cb68301abbdf2
2428 4099c7074b1309a7
2429 cfb67459ffb4b450
2430 64de6e95ebcd3932
2431 bdefc71357583cb9
2432 745388f692c18ec7
2433 a7be6054f7073c4b
2434 1c3e91e224e66bf8
2435 70a129d13d1cfcbc
2436 fb178813ec1d9814
2437 266d521d27d219ea
2438 ab20301bb0a224c6
2439 ba87896bda0a0c68
2440 f4df5a42fbc9fdc4
2441 f13baad8d6bb6179
2442 b94f504eea823c1a
2443 530fae2d96aed2af
2444 5ae6c4edea671831
2445 6cd83efe8b6b27c2
2446 1b8b33c10ea1f878
2447 aa0fa2c1e73063fe
2448 e05d0c63d2294de4
2449 a96fc339f08eba76
2450 7da51371d6cc3bff
2451 b9d9a99446caf7e1
2452 152072694afef733
2453 1bc8c7a58077e40a
2454 30ba19618ab4fe9b
2455 3994f83637be0556
2456 22d569cc86c6f59c
2457 93df14024174c19e
2458 44f782fd28a6a9f7
2459 2a29e7383fb8600a
2460 8d4b6871e0e18e68
2461 86c85a39e7ca5e92
2462 b56083d731d2ba48
2463 19b2e70f1723d7ce
2464 06df7261755824b4
2465 243cf760de9d5506
2466 cbf5465bb50aaa69
2467 a8bbbc086425978f
2468 60f1d8a50739606d
2469 48ae202152b2a42f
2470 04698b1a67409c65
2471 74a25b025454202b
2472 d1bcf7467e82da25
2473 9e56a2f07471b772
2474 6a5a70de5e3d54e2
2475 6b42522724bbbb76
2476 eb70428caee70149
2477 bc9c14ef288714f7
2478 d35e4a1085b770db
2479 1138dad5d9901bc1
2480 488427305d887b10
2481 ae028924c8dd708a
2482 053059ed7b5accc9
2483 d367f30e55f4b0cf
2484 baa25e446cafc74d
2485 569eef2765ea17b9
2486 126d8f6e990304d7
2487 35e3b3377a7a1319
2488 292fd0193d26b947
2489 7a1c69e073ebdffa
2490 178e6dedeef32675
2491 8e736e02383232c7
2492 c7acc2a720d9ef5e
2493 c66c01cf85682db3
2494 ed42d29ea240e11a
2495 4ecee094684ec11e
2496 2a81510cae5ca3e0
2497 738244569a7efd61
2498 285c218740378838
2499 20630bc1deac77f2
2500 d682b4c704a9269b
2501 bc3740884604e9ac
2502 c813113d12491971
2503 30f9d3350d8a5ae6
2504 f2d1d5a31bf47457
2505 73967388d60ba6c2
2506 a49d65da3efa6b6b
2507 dc367968bcc810e6
2508 109444b4c0a6d607
2509 17cde907eeb42f5e
2510 8e13e3a4af8e5887
2511 55513aa997e0a450
2512 a49056f18174030d
2513 f6b35c5cdf65e262
2514 7dfb35a37c4744a6
2515 e9a8f66514ef573f
2516 0a59da3d1e773b56
2517 f1e81c1185459859
2518 9aafbe8fd273ec74
2519 2399fa4b7cc767eb
2520 1d4911b8bf9a278a
2521 11b0ae48aebcd14f
2522 07a1e7b715c6a60e
2523 fa9830949cd07be3
2524 0ee24202482808ea
2525 01dbc355f0e1a279
2526 e7841fc42d3143cc
2527 345fda2be43a1ea3
2528 c10e03ddfb5841f2
2529 354a120acf4bf26a
2530 fcc2c8cefc6e315b
2531 1e976ea8f27606d6
2532 42cd1d3c143250ff
2533 90caf1a1f920f4be
2534 cf57773baedac297
2535 c14592c598361a00
2536 ba7c853d20e94555
2537 159c57f95a2e8eaf
2538 9a9834cabf9de0ce
2539 0cfe748822238a86
2540 7bbec794f81121df
2541 9dc507eecfe99c21
2542 76b699696b4bd99a
2543 d5f69a6486ccd6db
2544 601f55b00ee233fa
2545 c590902e8e94363e
2546 ea98e996ce0844e8
2547 09ba2f1aba96b02e
2548 edae411b5de3ec47
2549 f0f4f9f440b796b6
2550 1fbe66bffbf76317
2551 1a65575e5bcb3e3d
2552 409e9ba3a05fe455
2553 ddf6d0d2d5c18983
2554 72cf872cc1f532f0
2555 1a3d3c594cc9921a
2556 9a8148a1dfba3ddb
2557 0c74f15723f826f6
2558 c21ffbb48fd4998e
2559 46958c4b56e9ea0f
2560 4945524edf654922
2561 71e0f8640948e325
2562 b78ba2feb0eb483d
2563 27f11a296c7afbdd
2564 5ecad48e1005befc
2565 1d40b74d6da736a9
2566 cc37ef2cbc0330e8
2567 674858678c47e516
2568 23af8ab0267b7997
2569 3a38ec6f7a72b051
2570 4632591aae3ad467
2571 498ab49a043562c2
2572 75066c051d572de3
2573 e61503f39422d7e7
2574 cb17fe1362830191
2575 c78e3c33c203fe65
2576 092ff40f3e42e7fc
2577 42b78ad33860c749
2578 d92d2ae854e0152d
2579 a416d178ca967d9b
2580 46ee1973bf3f0822
2581 13eea75d83511119
2582 535194b338c3a134
2583 535113420e26c82b
2584 59d008be058b2e4a
2585 ebe82ab823e3de8f
2586 549ab4ac1840464e
2587 df7b1e1c4b0afc23
2588 59e877849db3d0aa
2589 a636abc9f5c17633
2590 e1aa7499b6b8a15a
2591 238498612738ea2d
2592 482d0af4548d1a20
2593 28af8d7c2ed0dfaa
2594 c7d54eabebc20c1b
2595 5e4d699525939392
2596 68e5aff878d10f3b
2597 a5dbd264838571e3
2598 4b5d9fea8e772301
2599 7b4cfbe06cb0237a
2600 83e6a7e898e6322b
2601 ae28427ad893ee93
2602 30461a0648255938
2603 aae6189a9ff42f11
2604 1c6d08fd374e0f7c
2605 9d96b72311b33774
2606 34f9c63f1637abbd
2607 f98bed72563dd480
2608 98136cec1e8c28e4
2609 3141399323819962
2610 9ecfc8bab6982cfd
2611 32709f2140cdedb1
2612 164182ab005e9f3b
2613 fa465e9d5cd18499
2614 042d10f39ab9e086
2615 bdbf74e58790fd71
2616 ba0d5ed5cef66b94
2617 deed903aa44f096f
2618 867a5b1582c4d907
2619 b41e6ed2188fec51
2620 ef09bdacf08fce06
2621 962d2a220e7f6853
2622 e84c86a2598d0acd
2623 73613142beb78538
2624 8aed56b624504492
2625 0182e4e09910a2a2
2626 b99c5eb6236dc79d
2627 90f657ca37dec40c
2628 5ed8f990c2632aad
2629 3b1e4e03e8caf203
2630 4955f6dfc2bd3c81
2631 c45b98f4b38e275c
2632 bdaf1e3d75057d3d
2633 8d713b83e092555a
2634 8fed9951a6a032f3
2635 1b86650e16aae7a6
2636 84a816f546631c6f
2637 0d74dc3a3ec7c242
2638 ea7c3648b6829007
2639 50d6969b1d8bb95f
2640 14b251915557158a
2641 5e2881b0b87f2715
2642 796d1385ca8267cd
2643 0a6e492f4fee71e5
2644 e5340aeed2190807
2645 60ed31bc285cfa46
2646 1058e976aa3c9af9
2647 25924e460a89c117
2648 d6edd624a613cc44
2649 0d7450b0d65b7f89
2650 ff7c3051e2b5d989
2651 8bd1b84c09dec02b
2652 9d37b314586d8ec8
2653 d7bb496da302472f
2654 72ba4b1c024e6992
2655 966b9fd6af4db0d2
2656 d53c3e11d70b4d41
2657 f6798a7a1474eb0c
2658 9b1ec7e2ae054e62
2659 0b70a2dfa7e5ba16
2660 1581d2b1813cdbcb
2661 86dc08fc05ed36d1
2662 4f35a35ac1643b91
2663 93ee27a9f5f4c62c
2664 84aa0b96dacd2450
2665 63545a4a83f3f162
2666 1c657e0a8a1dd43d
2667 62505babfd7fd007
2668 a4f58077477b6a43
2669 09d7af1804281786
2670 96c46d40fb06051e
2671 eabdb7b25679ce34
2672 715fa545c9e8cb8f
2673 1c64bc013307ec62
2674 098630ede5a55755
2675 097987db65645928
2676 3f35545e37707164
2677 86398780854228ce
2678 f3d2dd5889b4e161
2679 78997c5d3f9e9543
2680 cbda0ac6b90ec487
2681 6267d5b768224352
2682 3b49e2f4e38e8bc2
2683 3fa6dee1dddcb910
2684 93a4e0bbfcc98ab3
2685 1b03b86b138c9ce9
2686 05abd195e971a2b9
2687 43124b3e2ef104e4
2688 7062b609346b8a56
2689 78341d68a0e72e1b
2690 3dd12136c5ec267c
2691 98fac89a20193660
2692 001e8c49bbba9f89
2693 9e4f34a7abe6d066
2694 c19a4fde9cff7103
2695 178ea550b09e3a24
2696 7064686969325d0f
2697 1567fbae30ca7608
2698 5e8e7d83050bd1f5
2699 3a3c7896aae70bc2
2700 73861f211ae3a03b
2701 fe0e0ed438c9c264
2702 a085c32c6967d811
2703 38700d8a39582f65
2704 bc83ca240d31a3d7
2705 07bf5f627091cc6b
2706 73523fe4f0679bfd
2707 059a5f27467a2d1a
2708 04ddb16bdf769ea3
2709 f9e21775f6b8d92c
2710 db7a82a257fae7d9
2711 65972827e8ef4f4d
2712 8b4e2b52e84a6e1f
2713 da2d20a9b2bd3338
2714 cbea7515eb43fae5
2715 912d650a2cdc96b2
2716 a427129defbdca8b
2717 28051a4205581814
2718 0a7578a6b35755c1
2719 c94b210147ad0a84
2720 9206992fccb6549f
2721 e479b89735e5b392
2722 9471c09ce547b105
2723 66c2986aa313eb38
2724 dbec267287544a94
2725 ea5d42ee7aef39de
2726 513e115697bd75d1
2727 5ac5771c355e1673
2728 2d99f86b67c1e9d7
2729 bdcfcb13172e82a2
2730 5a6bf6a7fcae75f2
2731 9aa12242f5807b60
2732 8ff29aa4dfb66503
2733 e056e50bec1797f9
2734 c24f477a5d74e9e9
2735 39bcba96d0015ff4
2736 903aab3c08e1be87
2737 9795b3307164938a
2738 ec86e242cc5dd495
2739 5bd0ec9c4ca3f9ff
2740 a0177987e7d0ae7b
2741 8de2d3cd0b6c930e
2742 8f2e46dc8180aa26
2743 9f29e34a37ae2b5c
2744 87edbfbea4637d47
2745 5e4c4128b07a8145
2746 3153475ed528d78d
2747 e6ce404ce00e0450
2748 260761c2c1ec02ec
2749 9ae52e3bd8b08a36
2750 78aa5ee04b0ca779
2751 f3d50bd438cfbca4
2752 2c7480d254859c3f
2753 1149b0dd3926523a
2754 ac1308a3f092b03c
2755 85fbfdd00b60c318
2756 6421a812cd548474
2757 aee25223b2616bb1
2758 eb2897e5feffb38c
2759 a348a007e3ec1654
2760 ee565a6aaa1c0cd2
2761 0b75dbcade25aa75
2762 bf33ca30fad48fc0
2763 31d2ef6f71149ae7
2764 ff07fb16b6cba2d6
2765 70a15353f42c4919
2766 3495339a08594c04
2767 68290125d9843acc
2768 13394a2cae16374a
2769 83a8336fb1b7bd1d
2770 c1848d8a5f517e98
2771 1c96f5921f72285f
2772 94fad66e3077850e
2773 9a3e3fc2d76f21db
2774 cfdbe98db92d4ee9
2775 08f2c8c8f7b8ac31
2776 e834ad810328d240
2777 54c5108f5a0d4337
2778 ecef09cd30a1efe2
2779 4bee225014cc25bd
2780 d1f260857e446f0c
2781 340ff72157d36423
2782 c7e54fbfdc5acaf1
2783 9738f34a66fd7f44
2784 a118ed8a8ff0f45f
2785 8787fd17861aef4d
2786 15796561be7e3045
2787 bc1984bf8efeb678
2788 1ebbcfd813685c54
2789 7ee3bf164183fbf6
2790 382f157e6f725d11
2791 bff1b34494aa75d5
2792 05b15f979d54dd7e
2793 66e3c2e1a470abeb
2794 478317ccbe33c5c4
2795 57a42e94fd1333b9
2796 01b57c72cba9c44a
2797 05ebdfefcff5519f
2798 335d092a98e92b80
2799 1a11400f3c943e0d
2800 546666ed1a142235
2801 9f321b34578de848
2802 8c10e354f40c304f
2803 c3497c22fc8d5daa
2804 115e340250c83de9
2805 44f38f5a5351282d
2806 536f6442ffe7f9dd
2807 c904d0396df13a77
2808 ff0eeb79e0cd551d
2809 be02fe3c218248d3
2810 bc1a412c78d9e189
2811 cbcbcead0270b835
2812 c7fec5f85bae11a8
2813 b067f5fc1aae6434
2814 5d6e345bf65e4299
2815 8b0864609130db69
2816 45363650f0c2ec4d
2817 959f618792b048d6
2818 86a0b1a813871bec
2819 b64353be926d8e04
2820 7624dead672f469a
2821 3b441657eb92dac2
2822 23f3ea28e42fe75a
2823 53f9a4aa722dd7df
2824 081c23884a684666
2825 64efc79ffb5c70cc
2826 d225257e92c99f29
2827 eca6d9b9cbad6ae8
2828 c56e92922a8ce030
2829 144e7934b05ea255
2830 9ac605c0ed9aa39c
2831 c6c430c9070ea3b0
2832 608e1d30adf847eb
2833 f4c71da8bb297417
2834 4a261b63eadc6c47
2835 d4cefb9f0568529a
2836 2552e45010fdbfa9
2837 9fb151c20c3ba334
2838 53acea390350431d
2839 e6370e6aa1ab0434
2840 8c0e1280c065dd2e
2841 92834e5d240319b3
2842 4be1ee71c8e65c80
2843 bd7f6dbc33416cba
2844 6387a44a6c3dd05b
2845 7aa1614a1d3948e0
2846 a527b6d2c466330c
2847 58a80e1b5e3d0925
2848 78c42df63efe0c96
2849 5404948537f98abc
2850 7d6828ff0c64c308
2851 ac84ec557ce77bc1
2852 1817e0a635c424af
2853 872e1b9112b38678
2854 e6fb42ad93a6c457
2855 e4967e42fd39b057
2856 2265e8188ae15590
2857 f125ec3fd03c38bf
2858 0c16a9eade0c8fee
2859 f06eea912363b52f
2860 df22bbc8dd4a10d0
2861 de1d81d74fe5f0bc
2862 2302d23c2663e603
2863 6ce089537309349c
2864 bd450ec3eea9cf3a
2865 6f1614a38a62ee94
2866 269c54f5901acf43
2867 924598906df78a9b
2868 ba7746387ead9ddc
2869 0e21b0ac6216daeb
2870 83af2c350016e5f3
2871 6f9729272c237d8e
2872 d5c44f44c8680c97
2873 1f63a185ab20f108
2874 e07059dc914e7433
2875 08e7df093eb5fcee
2876 80c3c046fa43c555
2877 406618aa8de548f4
2878 129f05f01d5123ec
2879 3bdf509eba801a41
2880 0e619f09c95c9b7a
2881 52353b7b796312be
2882 d3e231854f00180d
2883 d95c83f11537e8e0
2884 c5c7083bd4165def
2885 7a188286a31b0b05
2886 da7b9aaca088a9ed
CRASH 2886 vec4 PC 4abf00 SP 00ff7ff0 ADDR -
REGS D0=00000000 D1=ffffb800 D2=00000050 D3=00000000 D4=0000ffff D5=0000ffff D6=0000ffff D7=000002f2 A0=004abf10 A1=ffff8800 A2=0070815c A3=0018c204 A4=ffff8800 A5=00ff8000 A6=00ffba00
STACK 00ff7ff0 0009004a
STACK 00ff7ffc 000011c2
STACK 00ff8000 00020000
STACK 00ff8004 00040000
STACK 00ff8008 00040000
STACK 00ff800c 00040000
STACK 00ff8024 000001c0
STACK 00ff8028 000001c0
STACK 00ff8030 000f2d0e
STACK 00ff8034 003f7080
STACK 00ff80bc 00000100
STACK 00ff80dc 00000202
END-CRASH 2886
