1 b9d103fd6854a325
2 b9d103fd6854a325
3 b9d103fd6854a325
4 b9d103fd6854a325
5 b9d103fd6854a325
6 b9d103fd6854a325
7 b9d103fd6854a325
8 b9d103fd6854a325
9 b9d103fd6854a325
10 b9d103fd6854a325
11 b9d103fd6854a325
12 b9d103fd6854a325
13 a23408d287fe4c32
14 b9d103fd6854a325
15 b9d103fd6854a325
16 532e03fd6854a325
17 b9d103fd6854a325
18 206bf4cc87271b98
19 b9d103fd6854a325
20 b9d103fd6854a325
21 b9d103fd6854a325
22 b9d103fd6854a325
23 b9d103fd6854a325
24 b9d103fd6854a325
25 b9d103fd6854a325
26 b9d103fd6854a325
27 b9d103fd6854a325
28 b9d103fd6854a325
29 b9d103fd6854a325
30 b9d103fd6854a325
31 b9d103fd6854a325
32 b9d103fd6854a325
33 b9d103fd6854a325
34 b9d103fd6854a325
35 b9d103fd6854a325
36 b9d103fd6854a325
37 b9d103fd6854a325
38 b9d103fd6854a325
39 b9d103fd6854a325
40 b9d103fd6854a325
41 b9d103fd6854a325
42 b9d103fd6854a325
43 b9d103fd6854a325
44 b9d103fd6854a325
45 b9d103fd6854a325
46 b9d103fd6854a325
47 b9d103fd6854a325
48 b9d103fd6854a325
49 b9d103fd6854a325
50 b9d103fd6854a325
51 b9d103fd6854a325
52 b9d103fd6854a325
53 b9d103fd6854a325
54 b9d103fd6854a325
55 b9d103fd6854a325
56 b9d103fd6854a325
57 b9d103fd6854a325
58 b9d103fd6854a325
59 b9d103fd6854a325
60 b9d103fd6854a325
61 b9d103fd6854a325
62 b9d103fd6854a325
63 b9d103fd6854a325
64 b9d103fd6854a325
65 b9d103fd6854a325
66 b9d103fd6854a325
67 b9d103fd6854a325
68 b9d103fd6854a325
69 b9d103fd6854a325
70 b9d103fd6854a325
71 b9d103fd6854a325
72 b9d103fd6854a325
73 b9d103fd6854a325
74 638981f5a8e59349
75 086042b8387bac83
76 7a3a349315f8b09d
77 e21a3cd5bf96b178
78 6822c24cb996b178
79 467065255b96b178
80 4cf857f40796b178
81 241a3cd5bf96b178
82 6822c24cb996b178
83 4cf857f40796b178
84 4cf857f40796b178
85 6822c24cb996b178
86 b7e532a45f96b178
87 4cf857f40796b178
88 4cf857f40796b178
89 6822c24cb996b178
90 467065255b96b178
91 4cf857f40796b178
92 42dec6bc948e0bfb
93 2b7f22143fc7a486
94 099d1a0c2df318e0
95 662fadba3450ff1b
96 8d5d54b7c738e75b
97 d89d4aa64041166d
98 58a1f32ddddf3572
99 87809ff686ce4c3c
100 59aef05e3f685a95
101 9404e866f4732edc
102 dcc0c0f6ccf6efc3
103 0495a29f4543ba0a
104 f52a0f92464f6691
105 63946be77c434588
106 e44839b8a02ae00f
107 a518e72c8f1e2256
108 e2fae533bfdd853d
109 b8848a2c5e604b84
110 f31a87635b3e880b
111 3541056fdcf49b52
112 ac2698998df24d39
113 df836db0d4fa07d0
114 fb3688dd00bb04b7
115 dac950b77102cafe
116 79509318d1280785
117 3ef8f027b7ca1ecc
118 60d8ec0adf62b2b3
119 60735b33bb9344fa
120 2c1c81e7cf311a81
121 214f03164e1c3278
122 9a4bfd2114fc6eff
123 06e6cf05894d6e46
124 e94873c32ca1042d
125 07a55767cde1da74
126 3b3fb29286d8923b
127 06db8f383f0b5882
128 a9328eab1dd91e69
129 95bee39a459f6e00
130 d2f292b5db14dbe7
131 c56777d934a5702e
132 d7d8be652ea7d3b5
133 f39805f0ab9699fc
134 643f25d9a67881e3
135 23d1bdf1de282d2a
136 6011f944e81043b1
137 017a48b1d60ad7a8
138 0cd40e7d6f29332f
139 a58f9ea01b166d76
140 2dfc8e341c23a35d
141 6d165207731dbea4
142 084251c0b69d852b
143 1bb13b274beae772
144 6ccb5faf390efc59
145 11f86b0fc2aa80f0
146 970477b5773876d7
147 42062218b612781e
148 cd3a7ea3e688eca5
149 9f0ccd58d56e28ec
150 665a2591df6e5bd3
151 f459ce71b6fd401a
152 2d1de722c9c4d2a1
153 84fc23da7069f798
154 6b545f1ba1596c1f
155 e892d4aa8d4afa66
156 56812b2b3342114d
157 1b52509758d09194
158 79adeb7e6ddcd05b
159 6be6066eb3211da2
160 d9f4510452f9f989
161 887ebef01d8a7620
162 0e0bcf3f4246ef07
163 c45f061140724f4e
164 181b20c13f4665d5
165 64813b3c2ebeb31c
166 85accbb239fe2903
167 d27f1c0e431abf4a
168 d0c9c8940dfa9cd1
169 96251a57fd59cec8
170 12b15bc893b5e54f
171 b2fa2472a9aba696
172 b2f1520a6d27ee7d
173 67cc6759216742c4
174 aa085f5b14e3704b
175 c4fe8f2cccc5e492
176 367cd73d5e376879
177 9b2a5c9f69344610
178 77408e091f3e01f7
179 37c509649db9443e
180 f9ee2ddb6ff691c5
181 33675fad5a89260c
182 9a6258f3096a97f3
183 2a8b69644adf0f3a
184 e0737b80c81a5dc1
185 648a57ce2c5769b8
186 1b70b63815a7153f
187 2408fd38c4ac6986
188 81869e1ebecf296d
189 4f6db557eb048eb4
190 d111f47eb8b11b7b
191 5d2d955dad05afc2
192 f90c4d2ccfdd50a9
193 b0f3ed3d7b341d40
194 702bfdd2abf7c727
195 1a1d7aeb516bce6e
196 eaf5e30a66831cf5
197 74912847bbf5c33c
198 7a8f530b73dc0623
199 fdf43fa554227a6a
200 8b57c191ab42d6f1
201 d1bf38fa7866c1e8
202 5a1d34e13645306f
203 968dbf7db49358b6
204 db1dadbcd4c1359d
205 fef918ad50c0a9e4
206 2e9270add554a86b
207 ccd66c918b8e3db2
208 73faa3df39016599
209 60a826a2a630d830
210 24c7be835603c717
211 4d90d5a0923b8f5e
212 5db711b22134fde5
213 b2ccbc13b3fd032c
214 926959211d7b7913
215 ea9279dac58e5b5a
216 67222a69ac69dce1
217 acd739b701a5a2d8
218 9b47c2e96dba315f
219 875468cfd17d52a6
220 c4cf01e7bf2c0e8d
221 a8004e43b28d8ad4
222 bf29ee16f849749b
223 d41742c775bfe8e2
224 534f94305601dec9
225 57e7cc6f25738460
226 35a04ac5cb93d247
227 033ac0751ede988e
228 3643fb4e5a57f415
229 f2f4d7744e0c0e5c
230 e31c25d293054643
231 c65769bbe0883f8a
232 cd956a0182cdb411
233 3e914abbb8119a08
234 08b501ba5b03298f
235 68b7ae3a77180fd6
236 282560a8aff1c7bd
237 d94373e22051a704
238 d00222afceb91b8b
239 3594ebc50125c9d2
240 14f9cd533025beb9
241 2c2e58c59b5f4350
242 2287df2086165937
243 effca735eb0de87e
244 5679d48628a6ff05
245 fda2d80ae5e6494c
246 c25a67366ec77233
247 74eea4761494587a
248 e8afd61ab0299501
249 8a8d202af8af67f8
250 576023c75adc2e7f
251 8e8243ab80d5bec6
252 cd4fafbef982a5ad
253 b144bd2629c46bf4
254 61137cc632f8e6bb
255 ceab4bd2d9e5e202
256 a8e2fb1f2453abe9
257 ecdc0450be8bac80
258 c0d2918812412567
259 8e24488aef374fae
260 4dcba5900e176635
261 77277ca95229157c
262 0358c40f783eed63
263 65f68c03b8eed1aa
264 be5421eb26196131
265 74a6be48a72be528
266 533593f4aa38a7af
267 bd84c6282f3066f6
268 13d9b7c9c2c450dd
269 c695bcc636083924
270 8521f5644f9ce0ab
271 bc95cd3ffe48a6f2
272 4756463c43e638d9
273 6b9d121cf9c65c70
274 c569f3ccb87ef857
275 7cb89ec210b9689e
276 5580a8c5a8f8d425
277 419fc5903d5c0e6c
278 78c27bcd20462146
279 beffbf5a1cf226b4
280 12e2e4cdde915b96
281 891d43ded984b12a
282 008425faabebcd5d
283 7dd04be9ef0b57a4
284 b26181d91be6bd2f
285 55a5f7dfbe172476
286 e8f91eabb4247979
287 0a6778a6acfed010
288 ef0fd8d82c6ffa4b
289 1ac81991657eaa92
290 5569e3cbab073bc5
291 9b9b888a85ace50c
292 0a5fb98776ba87f7
293 4111cceb67b90e3e
294 78d2d76a566c34c1
295 8f44400f37570eb8
296 6e507d69017461f3
297 9efda1aa6417d93a
298 885b3ff6e0bbe26d
299 16f08ef9ea46a8b4
300 1af16c91ea200f2f
301 aeee1e5fbb0aaa97
302 4e8ece9a1f577e68
303 3b6e890139818971
304 142cf6b29017d7ea
305 8e205af439ea08a3
306 a35bc75190d079d4
307 d6f330e11f9f8e18
308 a1439b3f6c74f9a8
309 59698c2a43d2c6b1
310 1f0bd1b1d62e1bc0
311 b556c7ce9a5d3b29
312 ec719a79a0f57c42
313 34c30a7cd67d6ffb
314 660da00b6caab0bc
315 a30f34d4692a9475
316 7132026c0b638cee
317 f76b08373ec0fba7
318 36c91d0d8cad9738
319 b3140f5800470741
320 2880aa7a3f50ffba
321 2e5a2958792e9073
322 4d02647e725af034
323 342a16e6beb5f7ed
324 113b56bc0b627906
325 65da2865162625bf
326 53bce32e6235ad90
327 29ebb798bb4c8ef9
328 1c69783e004eb812
329 bd7bdf20f04da0cb
330 2a3dce834734988c
331 46797075a8610445
332 b26ad6729bcee4be
333 dd2188c998dd7177
334 6675d7bb06362348
335 10bf798a3df67151
336 72f43ce0053bddca
337 a6b2ed5cac32aa83
338 1185dcd10ea71244
339 c718dbbcd4d77dfd
340 f1f9aeb4761f3b16
341 03702fc8361103cf
342 f992823dbf071ea0
343 e55ab0bf93b0a209
344 7d1e473eee34a822
345 ec25932cc6ea42db
346 71608e759d250b9c
347 842935f4d48a7755
348 52074f35cc0eb8ce
349 d1cc24138fde4f87
350 b75b55aee5880b98
351 dd0bacafb0de6ba1
352 febe12ea4698f01a
353 eedbaacc8d9064d3
354 7cd805beb5cab394
355 50d75cbe1e15054d
356 d13fcc6a09fb7e66
357 509db5509d46111f
358 8b2841f1e25bb2f0
359 d2567271a34e3059
360 4c5d9bcf0cf91b72
361 6f6681c58abbbe2b
362 d7ca12755dc9a5ec
363 87663cace53f1ea5
364 9b50a08d22f68c1e
365 d24933bc557baad7
366 765c90ce8e1e3ba8
367 5c94cfbd7d6bb5b1
368 65caee1b177f912a
369 74d30520625ad5e3
370 550cac267ac6d2a4
371 a23c0fa36987945d
372 5d6317d2472f9f76
373 5797be9ae4bab72f
374 ef74ec899214d200
375 ed74d935494cbf69
376 494594408fb21582
377 117f7f95ff01863b
378 deac7f499dfacbfc
379 0d22181b8b0f37b5
380 908b52e7dcd5f42e
381 89d4cfa8d1be0de7
382 16d482d9eab55f78
383 3a96fe5d66500e81
384 4f633073f0ba05fa
385 f8c424512c172fb3
386 231b89f7b83dee74
387 51394ad5e626762d
388 a15edf934cb4d246
389 15b655ec5516d2ff
390 0edc03d89b6634d0
391 4623bdf35c995e39
392 70f1bdf4e285ff52
393 ecb9937fc518050b
394 7ec5dc945f9052cc
395 e40c00cd612f6b85
396 9e59539e6512acfe
397 37ee26c9e2bd18b7
398 b3f67fb5b4df8988
399 65c3bf285480e391
400 ad8f462b20b4770a
401 7577ae798a4203c3
402 580d73ed81787d84
403 febd8abfb259993d
404 67f9b7a5cd498656
405 d9b112855842120f
406 299ae467eb1c7fe0
407 c3a45d763af6d049
408 0a4ca0076b153e62
409 1bd20c1f54dc981b
410 cbaa6f6d4deb72dc
411 edbb2a9064ceac95
412 caa0609d73b5660e
413 ab9d69243a91bac7
414 088c7d087c5cd4d8
415 21eee9eabac7f0e1
416 4eea799f781c6f5a
417 0839450b0454eb13
418 2431579afc230ed4
419 0983ad79d555ef8d
420 c1a42206dd374546
421 a6f7ea37ed81d648
422 7094df56b2398b87
423 42c128eab3ecd4ce
424 751663e9ced9ae55
425 4e9efa11d22bf79c
426 db64bfa7f1aa643b
427 d04577bc71640c00
428 82c150686d6ed970
429 4f9e485049ab69d9
430 b1ebb192e89f1ae8
431 9318bd9f679116f1
432 796b2422e984406a
433 f780fe01218df723
434 e8a06f158c0e5ae4
435 7529c5a21196559d
436 7e0910fb062838b6
437 5067b9b27409266f
438 89449fb625901240
439 84eb2e078c4790a9
440 f7b1f998b929efc2
441 df45ed7aca95a17b
442 f6089927dfb5283c
443 33007c942a1dcdf5
444 fe3d7c4305d3ee6e
445 39b5ec974bb8a727
446 de3f2c0b189c0eb8
447 1a5c5eb1cfd26ac1
448 2c7a2a788a7c2f3a
449 03cec127e2c1d7f3
450 553d90424101fbb4
451 3839844ede0ce26d
452 5d1bbb757ffe9a86
453 c9a804d7d61c353f
454 f0dd6c35e21f0610
455 019e895cf1397979
456 b2975f8797728592
457 19f89c1b2e8a904b
458 b8d38dc56e251b0c
459 b6821984ea9efac5
460 7d0f12d41359768b
461 4aa41723134f21db
462 00322e02340033f3
463 5c3adb9d34b82330
464 2d816062c2fa9eb9
465 8b1be46226533d28
466 351befaa3323a880
467 6d2644bb62340e57
468 f1c4e8a66c57c2a9
469 7e471213b8d8c0d0
470 0762df19bceeae59
471 eb988384c2951d5b
472 51c278ea9d6ae177
473 9867fb6981bd5d17
474 b747b5733651060c
475 4696ae58572d6c26
476 3ea1dbfcb4d468d7
477 a932d90fdd4071fc
478 b19a23cbf861ec3e
479 10ca3d02a080a6aa
480 c6fc3d61233280d1
481 e77d269113101c9b
482 058bfae8b286a88d
483 9d3573238da58fd3
484 68089e0ab6079ac2
485 0eb55173494fb8f3
486 9629deb274f61f46
487 b63d1f4aa537ba9b
488 af061ef0f5c4125a
489 59a925c6ec554b3b
490 0ac9c14fbe22ca76
491 9b7063036389b9c3
492 1608cedbdaf80fb2
493 639e649b874d1563
494 7c46c413c0014856
495 e4f841ec09c6eedb
496 221ac6ea277579fa
497 4c3d5dad0ec2b9b8
498 725f0b336c055ed2
499 3566b4ca18a3137c
500 db1bd0b10f871834
501 1c29ad16cff80ef6
502 9cddb6f308659494
503 f893cccaad77198c
504 5cae4cbd192d0b0e
505 25ce0607d927609c
506 0b1a91ad2756c7fc
507 8a1e31e47bd69bfe
508 c56c301a24a6bb2c
509 2e48537a5051a887
510 4f6a33b7fb84c060
511 2434afdd06b32d60
512 454abf4c699b0759
513 8787f0b1e24bc1e0
514 ab42235c0f12b80d
515 9c3eb5d98d18f538
516 45910e976d155cb1
517 25bf87e093c72c08
518 94ba5f0c0e8f0bad
519 769d0ffab9b7d340
520 99d604cd80f31719
521 99be5a657edc2c60
522 f62f9c5801d01a2d
523 a343e40c13f18108
524 60484eec8f19df21
525 471780f4ffee47d8
526 961f5d479b8c3d4d
527 b3ea5ed92931f740
528 44ff4375e3212fd9
529 82f5f7c92fee9040
530 3e0eb04a61c5e6ed
531 c95958c30b2808d8
532 ec8422c0e90f9a11
533 16eb6236e3a617bb
534 a4c6ee56193a5f43
535 84c00c461931d70c
536 a892f89d07c433a4
537 76e2566251397126
538 e295f433fc327fe4
539 21373a310a23e8dc
540 4a4f1c6b2116d33e
541 428aca063ecc869c
542 365ae0888d1d339c
543 f0cef78f3a13386e
544 3666b05a1132213c
545 77cb605d01f90827
546 171ff57550ff1240
547 922b8255ea0b73d0
548 ace9c4388dbd8939
549 4101d5b8ef02b460
550 632c579010fdf82d
551 81a8e2f5b19616b8
552 44d1e287d6ff5de1
553 52961760846bdef8
554 466fda678a01fa1d
555 eedee117eb7f95b0
556 2d240531e447ef59
557 3d1719d36abdec80
558 9dd8449221ae8a0d
559 bff9a87f03540b28
560 93c8be422f8c05d1
561 98d0b535de6127a8
562 f0edae7c7ceaa3bd
563 c66b66af0196d770
564 bcc257ceffc11999
565 2185b24f8fcef720
566 7a48ff3503d438ed
567 daab5afbffaf8e38
568 c9cbfa4af38aa9c1
569 dcc5238aac04c27b
570 8d78cc6e1a22e3e3
571 cf2930f1f79017fc
572 5663bea3ba564b34
573 6ac776d1f2ed8226
574 9ea1bf2e0b3e2184
575 f916b55a6e3fcc3c
576 fb4c270c66141aae
577 282e41570a1e84bc
578 da1469462cb7d95c
579 8a7d724e092ee20e
580 ee1de2700896db9c
581 e64505c4e5be8bb7
582 c96521b68f932df0
583 87e14301cdd86730
584 cdc8d781a2b63409
585 b57889e92b97c370
586 f4a7b06b0307ab3d
587 3aafc1d8fd734a88
588 c6fea18a6244caa1
589 f97156d43a2d2058
590 7c73d5e295cd215d
591 d75c077aa8729930
592 9c1b149e1acd45c9
593 1106129fabf86210
594 f19388d949841a1d
595 30bdbec0e3567298
596 7b66bc255760f391
597 d42499605a2b37c8
598 86ea40b424ba33dd
599 1a94ec4c568e2a70
600 7e63babcfe099be9
601 561c26f0bd2acf70
602 8121f964d3363cbd
603 5c4a0123595d16c8
604 da845efb71ba1be1
605 516c1c181c76f0eb
606 1ec15476c27211c3
607 2984d2e3fe004f8c
608 cd808604c45acd04
609 e8ddab368b270daf
610 24452f89fe9b7690
611 f8f3b64e4eda1362
612 69617b86c19ec889
613 f1bad74cafe5af71
614 dd7ef2ad890663df
615 b50a65362c2fefd6
616 32cbd1d1ff3e64a4
617 70de2f4b386ed524
618 842a851b99016bfc
619 710dcb00186328f4
620 bb07d3dafa409dfe
621 2e646b941d8264e2
622 b88a7e5d4f52722f
623 f69e9339d1697144
624 01b1e9a1e7b0b4c3
625 7f2ca462a7b56c30
626 f6af416ca24630b7
627 93baa42fef3a7b24
628 404dfff5e77c7483
629 8c95874e1fbea308
630 2e39db319eaed37f
631 6272e28f232558d4
632 9ca9019f7d0ac5c3
633 a7089e90ce03bda0
634 cd5991d19ff70037
635 4176ca836c4d5074
636 d5edbd6385d5cbc3
637 8c48f569ddbc3108
638 563448a38bcb1b2f
639 cfafb08ccf05ff84
640 1bd594da967ac763
641 75e6dfe47c368233
642 2262e169b80a5195
643 089db1401dcd9dc4
644 71dd2781fda05baa
645 62ca2b8b087c802e
646 78ac1f6c7eb493ee
647 262032381f3b4d30
648 47f3fa47f4d02a58
649 edf143147edeff58
650 ae80077ea421d0a2
651 ecd026db1904e98a
652 95ffff1311d2719e
653 c8696c7afa16f7cf
654 70793a4f0dc846ca
655 8b4b57977cb0d72c
656 d1c0c869a862189b
657 26276163b1361698
658 21cfab1eaecd4e47
659 1810bdc04bcc229c
660 f95d87036196bdeb
661 bdc1bc833066fc10
662 1707c56eb5069c5f
663 447a8023ad64256c
664 992708f926a5fcab
665 a0904c1e26cd6618
666 8ec567cd529f71c7
667 f1d61d129d20fbfc
668 4c1df47de973f25b
669 254ed9343eb13080
670 1fd3f4220a088acf
671 5b3a86dc4aa311ac
672 ea77b7179e3cba3b
673 a7bfb36bb901e618
674 f8d6e6cc29770727
675 ed422d573eb3bafc
676 fb55b135814361ab
677 edd7b133f3b6ce83
678 dbff43480165977d
679 151ebbb72d7125ec
680 c6681e2792d7a172
681 bc10b37bafcaabee
682 195747cac62394d6
683 1b6f4addfb4541a8
684 846975812a9fd350
685 7d0966f9b26b63a8
686 89ae2bcae89e9e9a
687 2c51b8fa5004be32
688 779af18c2dbdfb76
689 58a13e280ecdb94f
690 705e6e8f9688c0e2
691 0fa2307d6964e3b4
692 05fb7ab51dcbd2d3
693 9baaf0de479bd598
694 e5c269affdd53bef
695 47453cfc82b7f4d4
696 545682e0e25ba0c3
697 01c1007741929de0
698 84ecd80879fbaee7
699 975eb7f9c03ae6e4
700 f4eb920caca89793
701 fa7299693ffeee18
702 a34c790f5997667f
703 0adc421a7a4d0e44
704 2b900b53798fc7a3
705 e464c44e064877f0
706 9db09315b79e6b47
707 22f82e9bbde57e94
708 aec1dbd6cc0ea9d3
709 aaae3a6069440b78
710 afe1e32156ff972f
711 55604382ea729db4
712 0d2d781af68383e3
713 caa33ceb2b45ef43
714 a18b38d291d4eaa5
715 a0942b9b334f98c4
716 e83da587bb8540fa
717 000ecb021ee3fcde
718 84c795da3a6fdb8e
719 a67ee8ae0f043060
720 2d8cadf47d00a0b8
721 165ad54658262108
722 1c9e695a1e25e892
723 8e2cea1a6bda3bca
724 57aeddce6817ee6e
725 db99a4431cca677f
726 b26b491c3867d88a
727 774036af5be17a3c
728 d95018732a923e5b
729 c2b35d99fb328348
730 87132b8f91ca8d97
731 8365e177d62799dc
732 c35d326f92f8a21b
733 a880b938709cfe60
734 baeb2d00338aa8df
735 f48f82cc1d33ca1c
736 ef07798f402949cb
737 9f061fe1b1a57b28
738 ca236e88d2295277
739 5967ff6bdbe2c43c
740 5a83fa1c8556e7eb
741 8f5821f1463ded30
742 d92955438047bd0f
743 7d7f39e236ae609c
744 5101e491c63198fb
745 c36f7ec711d19ce8
746 b13be3226796c617
747 20dd284a264686bc
748 440072153b1c4312
749 1cb15f1b524e635a
750 f17283307cbab59a
751 c10e262a46c8925e
752 b6621c56b083a636
753 8bdd215acabc6103
754 f9107f933cb65f85
755 98244e3385651bb9
756 a4a719c2822409b5
757 0a53f39cb469e346
758 638f95b065f5d976
759 902857d3c7f6b410
760 f0a8097544411c05
761 092af8c39fbc5c39
762 35b5d20acfd56335
763 d68f9d4c168a7449
764 7adf46c63bb93e08
765 be72e2ef5957415d
766 71f6fbf4637eef28
767 dcebad40db4d4111
768 398dfec733d12e38
769 dc0ef9256a5c9e9d
770 1c4df4332332d1e8
771 256cc7a0d168fca9
772 b20031ec53f4c898
773 af07e49fe03db23d
774 0b01c3ed96033c18
775 73e69183a7a988e1
776 fc28abb9dd615668
777 a2a003b99ca2e75d
778 b8e6a0030e44d918
779 52229488ee9a8d29
780 803bb8fe063646a8
781 8d6a22650f04f1bd
782 bef95006b381b408
783 7ec4b12fda97ecb1
784 0b5b63a01c1bf7f8
785 39e138db4c520c06
786 db71ce5b44ad8da2
787 49121151365a55a9
788 29b3fe8bfba2b139
789 220c3e1894277cb3
790 9bf09e860fa48c11
791 fbbfa9fc6e49f3e5
792 c9d73d0566125bb3
793 c09decc25a3261c5
794 efaa09123c99d805
795 a2ecf0fce524fe4f
796 76d7bf280e20f75d
797 beeee2fcaf992a12
798 51cfbf7d9b60fd55
799 717ac501e2f68af9
800 f4b1ee1c9022a9e4
801 5772922f6bedebf2
802 a1180bc261f9dbab
803 761bc733d2a12351
804 051f1ed87aa1dc9a
805 c8ca4e0c2d036a2c
806 98966807d1e5b796
807 18783a60f76f8324
808 a4ee94ac87179be2
809 0f5507f953e780fc
810 d1b04053cc4d52e6
811 3d5f24a0ad9088d4
812 a2d6475c4e35130a
813 d9a34dc70e7ebb4c
814 a1713e49d3387856
815 c86646413516d7af
816 3a2d9db826a0138a
817 e57fc4b079ce1884
818 50ac63ee120eb19a
819 f6ac3bfbc704cc49
820 189caf504578a77b
821 4e14311fc2cd23b1
822 480db3367ceeaefd
823 cc5f07819cd12777
824 b233fe2ffd0e75e6
825 08bcd239513f09d3
826 e6940907ca181163
827 c2fb269b5bd887f7
828 04038023f3f7918c
829 cabce01b133cc71d
830 97bc459876e3304d
831 b43b9a2d86e099d0
832 e8585e4c253d5ee6
833 23afc9c6e1b3ef4d
834 a4710559a634b962
835 0a936561a00af183
836 207b1b263284f320
837 709fcd438f68fee9
838 6fc61161ef135dbe
839 685758c2ee0471df
840 8667d13815ed47bc
841 4f471afd24f79755
842 f50e591477de94ca
843 a9dd1f02a382accb
844 d5e581ab959e6608
845 89db17b331204d11
846 26b2ba378444fe66
847 69f9b3c832c0fe07
848 f087fac6e7b2aae4
849 f58ae24b498606bd
850 867c390e861e30d2
851 28336d2554f3a533
852 8da5033c6077cc10
853 53dfd7dc48997219
854 d82fc47c40c6f23c
855 72273db8a3d3490f
856 e0ea24c1cd5ace3e
857 28f88f97185b7b45
858 443a28eb6c1d693b
859 cb264512e89ccc39
860 0fbb8a05b5970e33
861 fc12e7a8b07da8d3
862 e3d4e8d753d6dd42
863 6061168c362ea55d
864 8bab51d9be205e00
865 ac91b5100bd6e3df
866 b4bf32982fe78ee3
867 38845e6614fd97bb
868 ff22b1a56fec37dd
869 7b1c3e66d809dd81
870 2c8c20ff489d9924
871 97d1a8f1a0f7f9fd
872 e650a033f7ac1ea6
873 8345edb82ad04db5
874 37757196936bae19
875 923ef4c62e45a4eb
876 bd6644b766981368
877 59be20688b395732
878 04abe2133c63eac6
879 311736ea1239e501
880 3ee7e74819692c7a
881 6daea9e4d7b15f3b
882 bfc91e28bdd6f81b
883 7b61c95f52fe39d3
884 cd910df4c46386b0
885 c6e134e307886739
886 7c3e87f5769f7f4e
887 417f96aa1df48f2f
888 a11760bb20823c4c
889 df63be04e8abed74
890 52b699802406012d
891 86573b776c430153
892 a2525bc546066e8e
893 7451170940896a2e
894 78cb700e44fcb31b
895 09b2975c9adb7b8e
896 111034136225bdde
897 e8700bb04f8d0e64
898 6b7211dcc3fbcdf2
899 a661237ff6fc4590
900 166a114a71ab528f
901 35c127a95b4cbb2c
902 570bfd19543e6db2
903 2443717257414e2d
904 5802566695e7f9fd
905 97d892efb1d68ddd
906 9560dd7c97b9da94
907 cbeffc1bb76494b9
908 f97bd8f077f5c345
909 be913b6d75a99708
910 b29923c33e52ebe9
911 a86cbf40697fb436
912 d3a308f3db08eb94
913 bf1840375350e243
914 81f1b440463c1355
915 78ba6a01e421b54e
916 8e11c45a8f1cbb39
917 b4dcfd9ffaddd35b
918 09b149c502c574ef
919 e427a4279eae452f
920 21d0391a9b643f9f
921 08d1e9827d5f8072
922 de75f96038997d3a
923 0e5ea5f50d237a01
924 132449990f854cea
925 e76619d3091eda48
926 d8b6c8bf036ef705
927 f314b1ef49a20fa9
928 ebd16f9e3f5decbb
929 72cd411f709b849a
930 b4a6938f5c5b47e3
931 a1e5a282e4a40f4c
932 84f468d81beb1ed1
933 63dab9a6d9a8067b
934 d6d05304ec650a48
935 8e109e51428dba89
936 f5b5515904cb0ca4
937 fb3b2352d4b017d5
938 525d20598a074d10
939 61e8e4cca408245b
940 1a5ffaf363264266
941 6d9b74f0362f3685
942 4a12064d48c95b4d
943 8ba9cef6462c19db
944 3f38f22f6c02f84d
945 c97389dbf2160ae4
946 d110924915822da1
947 da401e9b7067fb15
948 d00bc59efddf0f1c
949 83e81e9abb7c0bd4
950 5d4a447d650b82c2
951 1ee08361c83fcb91
952 fd6d5916b8e26ad9
953 956178a7a63cf5a6
954 0ae28c723b0bb161
955 fccf6e1f2c3c750b
956 053226c8970e9bdf
957 794c59e7a7fc1f82
958 4ecf473eca990554
959 4654219f419c0cd0
960 62deb4bfe3b9d06e
961 0f31e3d3f60bad5e
962 e74c9d7335244f63
963 bd8d7248a45329e8
964 2ac98186f2a422a4
965 de756d0dd2e9eae5
966 e8c460c46add5f65
967 7edbbe80f19fa51f
968 cb8846548ba6c448
969 3d6e4492b448a871
970 7faaea02902d3efe
971 59203858f5a3e4ed
972 8712d466b450b397
973 2cfd6b332cf276ad
974 9ba28bdfe3a35956
975 4ae166628866c53a
976 9965cb1b5996113e
977 7ebb82be87cee662
978 1f49984ae935258b
979 d39a819ec453ec01
980 62181dbb1a7de8dd
981 c2af51d67b3226bd
982 595fbf303d32f81d
983 cc24fc214837e3b6
984 38748986cbc0c6dd
985 cd6367e3632e089b
986 fc82c6b1456a98ab
987 ea68ad1ba035c6d2
988 6213f3664a22e62b
989 92792b29c172e1fe
990 cbf5917d41790fea
991 d758ccd1a414c3f2
992 58979d23cdcd57e0
993 eb61b6bb85823773
994 2be291373eeb1ff7
995 82539fc34f0a8637
996 31a480de95bd5974
997 af17912b958e46b1
998 4d61fb3494085ad1
999 f9c8a930c54285a3
1000 5390beec703c9763
1001 47ff26c0c8119cc1
1002 540735a30d2d332b
1003 4a914651830781c3
1004 d80399d7a1b69383
1005 0d00498f269f0b08
1006 578e33c3066bbfce
1007 0363cf294c9b25ac
1008 d3c61d914b427df5
1009 9e096dd751952650
1010 6301001179078d0e
1011 7c69092c0e9a2157
1012 04e0c0539d19bd0b
1013 5800ce03b9907877
1014 d170ed9120a99e88
1015 94e61b36c55085c4
1016 a2abd7e95e296c2d
1017 49f3800e3989f6ce
1018 d4992250506705cc
1019 b7cceffd8da75056
1020 1ab19e1a3e826d13
1021 1b6e6a05247c85cd
1022 091fcfa4b479b741
1023 edf880f3b57201c9
1024 e91f2fd8be4d299a
1025 38dca732d716ac44
1026 ac42d24aeb9ce30b
1027 b85b04ba7f52cc95
1028 9333265368b256a9
1029 3280b179d43b59a0
1030 56384f011edecd35
1031 cad0004c2349e371
1032 b8fec62ab3123158
1033 072d47e28b17a4e8
1034 35a5fed12be3f4c6
1035 0fb4e1bfd0308b85
1036 d6470168e6cfef2d
1037 a733ea4e917f12ca
1038 d75c1fce7429ee95
1039 8cf58a1b720acdff
1040 94e46525ad468c7b
1041 143a1ccb93344746
1042 c9e04655c9d471cd
1043 258b357d850d085c
1044 e93b598c8a6dcc54
1045 fdb022f2d2d1d17f
1046 f28c4ee83d911042
1047 67b7e9943a2c7614
1048 da376c550ae5ae0d
1049 2320ec95aad19c94
1050 0a8c3d1ff9e52764
1051 26b143119863efd1
1052 52961df56d2358b5
1053 7f943f06bf0bdc64
1054 dd04f7559e0e8892
1055 84ac82643fbcec51
1056 41147a96d8ed8deb
1057 a99afc0933e90291
1058 1849a65fa9c4894a
1059 163e0645c538aad6
1060 9db9892db1c65e12
1061 9ab1ef847c2bf33e
1062 1b421d08c97854bf
1063 ad2bc955f975b115
1064 ef73f69e669091c9
1065 89581efa79a907f1
1066 0e6b1db15b8144b9
1067 a63ce089c023e812
1068 8cf06bebdf4d2579
1069 b7d0e7598ad411bf
1070 e75f94f1f3995007
1071 aa96af50274842ee
1072 26c3b40cf28c621f
1073 70ff0b44a3f3a6fa
1074 7e84924bf4bc9376
1075 894847e85a933dce
1076 2ffd1cb926f1ef7c
1077 83763fcde1ead9bf
1078 d49a8362826c1733
1079 afec54f376e227db
1080 12f081c562814e68
1081 5522f6bf47181d3d
1082 21a66d04182b6855
1083 3e39330f8ea2a147
1084 ee77baa9dd827fd7
1085 d804038e912bbb95
1086 9f88979a8b55460f
1087 48f6745f4dff6687
1088 7903ebd9f1fc3037
1089 d330becb8ed716dc
1090 d34aaa1f616fe762
1091 db5a8fefbd984260
1092 f28518249f3a8409
1093 86f3b4ab5317a454
1094 79575bac727a8c62
1095 32d532527b77622b
1096 5197856b008edc67
1097 e03cec86576840fb
1098 7fae3ade8b65d44c
1099 1e7ff36c1c6551e0
1100 1d372e93f2276413
1101 9e41e66eacf11186
1102 d6ade3000d3f37db
1103 c883820534067fb4
1104 c02a0a8164712c81
1105 4d94e5d24bf899f2
1106 44bb19c529a62811
1107 63d1f431514d3d70
1108 e82ba46f4530b5f3
1109 772f6b00230d56b7
1110 5785eb5b1832ee9e
1111 2e126f1238f0b306
1112 7b7b16c5d653cd88
1113 4cbfa9f213e94148
1114 861360fe580b78da
1115 e2bf1e1fa448accd
1116 94def786a0342e6d
1117 465c0edc981b9c0a
1118 5264d2668ebbed8b
1119 4cfeddb2b4f07ee8
1120 e7f881150683e61f
1121 4f2488428b6a0f6f
1122 6e735961d7d69258
1123 b88ba16104735046
1124 69974cf588a1217e
1125 d7b216c40bb9acc9
1126 f87d8e7524c14a39
1127 181c83a69f527f84
1128 dddd9b581708d136
1129 b0c09ef42fcfe38f
1130 bb6717dbcf6789c0
1131 84a0e1f88314977f
1132 6b955ba92a8aa66d
1133 f55e02cdff7d7661
1134 4908ababe93a907d
1135 3fba1029ee3623da
1136 57ad5008253074dc
1137 f46a66c2891ef0c7
1138 ab6dfd1b66aad937
1139 fa37d9d6292bbb91
1140 d3130c64c52bdc50
1141 85b4ace0efb9beb1
1142 8574a8793710e1d5
1143 337e198844312700
1144 91edf1570243cf24
1145 4ed5a8ea47d5fa56
1146 32ec1d1ed90210af
1147 ae2f5e7297d1f7c9
1148 84bd112d6cb8999e
1149 1e478c6902cc9811
1150 b54d369903c9daa5
1151 b6308e918e47d6d9
1152 c6d60f35a83991c4
1153 c28fb887a3a22244
1154 5801008ae553bc1e
1155 7dbf81bdf4d0c11f
1156 b55256e83fe17649
1157 fdc72693650a91a0
1158 9f000e57453cd993
1159 506a42e1cd2bc0cc
1160 02240a16e09fd582
1161 622e2c12dc1e62c3
1162 9806a0a5e25c8a2f
1163 c67536b534b53ffa
1164 935cbc2ebfc22f9c
1165 4e852f3fb09a1a28
1166 01136b22157c7f74
1167 3fda58063cc45a53
1168 013b7d93be23ea87
1169 34c1cf8d1c2720d7
1170 19a64f71f5d266cc
1171 508ea2c5f78e3db0
1172 f6eea38e2fe3e45a
1173 bbabff60197c20a3
1174 86375e6991eb8d8f
1175 2649f5b4fe62fad7
1176 38b768abd7900954
1177 bba2c6dbb9d867d3
1178 1557054b4f68d01d
1179 632954d06a115c34
1180 c8d219ce762233b0
1181 d107eb496a147cfe
1182 4065a93726f89961
1183 c9b11f2175c842fa
1184 a31560c497d717f4
1185 4a8d887cbd55731d
1186 1a5f4910636ba9cf
1187 ec7e908ac0b7ae8d
1188 f7e299d377839aaa
1189 af7cb91f541df98e
1190 33828d6ba63f7420
1191 8f05ef6432e76dd2
1192 d15e6345e7b36db6
1193 24d480aa71461d9e
1194 85618ed91dfbdffc
1195 2615b97657e62f59
1196 64516b597fdf3ad1
1197 7e1227cd5dfd5162
1198 1fff1af5b05f7e63
1199 14a7f692888bf3e1
1200 d827ae78cf370fb7
1201 b894285637a203ef
1202 28e390806cb9fd81
1203 fdf978b8914c39a8
1204 652f929b3bfadef2
1205 b13e4b5bb38826b6
1206 db20c6b3b301b7dd
1207 8dc2db65dc5fc4b1
1208 6fc2a0703d5fb5d3
1209 2b518743509c5fdb
1210 25f6871845906444
1211 80c0daa88eec31a4
1212 592466b7a6ead6eb
1213 eda4645af4d08ca7
1214 d102992de8a0fedc
1215 f4a5adea9c147de5
1216 9ee1828e9aeaf045
1217 cbab83a705f18c9d
1218 8cf4cf2c1f796e3a
1219 258401d599324170
1220 3e8a2d991f9df555
1221 7a0f6f4655a6d596
1222 5d0ae228fe70a2b3
1223 4febde664d3aa75f
1224 47537a89aab311dd
1225 4764ceb1f9391b89
1226 bef7db2927bb7b6d
1227 e1685e588a2dcd74
1228 49d2da843d38bd08
1229 af60ae354fdf0178
1230 e113c9cda1e5d714
1231 55783238402d6225
1232 f74a27dba72f4f7a
1233 e27d21b429071110
1234 ca3193fa5e37dbe5
1235 662745aa8f5e922d
1236 6bc6f8b261115981
1237 a5f542ea8a798d46
1238 a209f1bc25c3172a
1239 ee4e4ce1148af7fc
1240 10306e116481ac7e
1241 7a0208e3eef1643c
1242 c3517b5f39cef716
1243 cc56b2f58fda2b2f
1244 d7cdd8097784f494
1245 ff1f7be6c1290df5
1246 c4e96ef4a069febf
1247 aabb5091d33d583e
1248 9bcf64a23c33f802
1249 27c87a661459eca4
1250 78d5e165252f4065
1251 6a642140bb709d6a
1252 e180e322a11a37f3
1253 93eca39a4e73624e
1254 6f150789becaf1d2
1255 b02e16d4a8d9d698
1256 d80cd1736e123db0
1257 4146ac0dffb2db59
1258 77c3671406686de8
1259 931878d60e0c2839
1260 7d2f3b84b41559a0
1261 24e2b162a2f3692f
1262 72fc9a5aee26268b
1263 63c8ff9700745127
1264 dd3505b705a059a4
1265 b901137252a342b8
1266 df95b7308dae7ee2
1267 f6c1a04f67eea963
1268 d443a26f8e86f3b0
1269 1b1d5016b47bdc49
1270 45dfa484d8dec3f3
1271 14711a1c3137c081
1272 254182690697ed76
1273 c10f566043e676b2
1274 59302649a9818d64
1275 e2b4cc74145ddfae
1276 b584189aa4e1e5ca
1277 bb84a5fd611e5c6b
1278 97174e3466487776
1279 d598c28361079c67
1280 9e59d340e12e0d54
1281 39eb6b5d806767f7
1282 e5d485145f240b2e
1283 a193015d5e71fac9
1284 f63167d3ae832184
1285 cf2648f16efaadf2
1286 433a9b2cde9eacca
1287 c2c91d8917580ad3
1288 9bf3d5fd0f5b4628
1289 74dc497ef12f2d1c
1290 5409871b41b5c8c4
1291 7a96615061433e42
1292 957db46df50ac147
1293 9541c648ffe9a545
1294 af04972011109952
1295 6c627dfe08e42428
1296 cc5236df7d0ca537
1297 bc22dfe3ce11f0fb
1298 ae27f07fcb7286f5
1299 8c49876f76e73d91
1300 80912558fd322995
1301 7ebfebfb73886978
1302 add29ee0ac864987
1303 193ba1b126f7bafe
1304 1bc2842186a5d751
1305 a134604416d967e9
1306 8ca0969e2d05207b
1307 1e967419cbe844a5
1308 12cae36ca0a56747
1309 9405542d2316c69c
1310 7bc5d795fbcae45f
1311 59f664b5cdc7ff92
1312 bd2432355a3bc134
1313 3ef7f3f5258bcc5e
1314 7670bdf0f7866a03
1315 88a6f9acbb014925
1316 e5f47e2cf09afaab
1317 b6a53a2d04cd5c65
1318 d91bf0db303a2c9a
1319 e0d9b592e8b01ca1
1320 4326a4a22696e154
1321 ddb823a63a77be0b
1322 e00c748333634c82
1323 519890f55d31c0bf
1324 82126d2a89c92d80
1325 65478cd58a053d05
1326 7e8615142599a3a5
1327 5c533d50c2379246
1328 e21944f6fe281072
1329 52e1d7cf01e96579
1330 93b4435e02c5621d
1331 2bab529c8ed2f7a7
1332 858b12785f3d0d17
1333 28a6327b1fee3deb
1334 143f42208bf61d84
1335 5667fa94287dac0a
1336 eab3eef4443a392f
1337 1740d78326a60bd8
1338 c4d7d7f697487a3a
1339 6f8af7b2831ef5ec
1340 49ec4a6a611a576b
1341 8828ea1ca166450d
1342 7d5c8298735f70d6
1343 9e0a2b47906cd297
1344 4fa2a3c9effe8b33
1345 8c97481a8ca3ac37
1346 b708d702777a051d
1347 35a897d0ed0f4dea
1348 033a07fc38890250
1349 49ce5a4c9d34b8ba
1350 ce95e7f1fe28c54e
1351 5f48090001cf10b5
1352 f014288fd01edd08
1353 73005a5b4ffaa4c7
1354 f22dc5927729a772
1355 53d4faec043e72d7
1356 0c366632f7f431b5
1357 848486bc1dcc5af9
1358 95d185228f061d97
1359 2efe588a35278da2
1360 dbbbe206baea0666
1361 90eef6dda37d61b4
1362 5cb5e4effbaae0a1
1363 fd08807cdd551651
1364 833770269cedd708
1365 1951003853f7edc3
1366 4214fdac03e85c5d
1367 c86fdafe5bd31225
1368 b4626c6c1f76e836
1369 a2d42c32b9cc8bc7
1370 d949abfca13dbab0
1371 09578a51f47759a7
1372 17eaadacfbe04ef4
1373 5d03c7ae9dc2f122
1374 10edbc6a89924a4b
1375 84a425db13d95ce4
1376 9c681a1b7367d2cd
1377 28c880ab8aa0bc6c
1378 dab7eb28071b1b95
1379 0bb143440ad64606
1380 f1716106ebf002cc
1381 e534db07584f2c02
1382 5dcd6c997247a6dc
1383 9d246c6c8e38106a
1384 043d08ce7bb8e6be
1385 bf45018353ede623
1386 75e2b7c93ebb6ee8
1387 6816780b9cb2776a
1388 3c1de2d224b38758
1389 d2c5447f9de9c6ff
1390 3f530b3ee6ea025f
1391 f0772bd2316e18c1
1392 880b3761ca57013c
1393 050ffd5af9324ec8
1394 1df5937bb1bd68c1
1395 d259f19f1cf9f819
1396 f60d285e125bac64
1397 440fb2ab789c9dcd
1398 feeccc7f91ffbd88
1399 4fae20d4784851a1
1400 45476892dab35bb6
1401 f37adf9d5f98c740
1402 0a6a95bc8d35244b
1403 99c499a554ba0de0
1404 86ec4fae635ebb9d
1405 8a92fcd03d59fb82
1406 d58113cc106574e6
1407 1bc22f8e9c7a3cfc
1408 36c6f0b58892116f
1409 59f513c0b78c6a98
1410 76d71ea08df0727c
1411 bc242298a879d6d7
1412 bb8f05dc7a445a31
1413 e47cfa8da2d1147e
1414 30d2c6acb0abcb83
1415 3683fd01a6a46c50
1416 f2a65decda1d7d75
1417 aa0c41777d156af6
1418 2abe4a682fa481f1
1419 30e87cc4266dd234
1420 de7b346f43d68a87
1421 f35b151ae422f4d8
1422 cdf90179e725a201
1423 a5ee0413860b74ee
1424 8c717ab979f22769
1425 5d0be0f2e65b2470
1426 ec14ad2988c7dc74
1427 53775412227e7512
1428 1e75240c5736f4f2
1429 bc0ed5dc788935a9
1430 6a2d9d0f0226fabe
1431 14387dd81bd835d9
1432 07e936af1ff9dbf4
1433 4f5f719dd7f35665
1434 d2f7bf7a3109426e
1435 897e6728d6ca863b
1436 1b7f02d887d7f93e
1437 5c2e1be6a9689334
1438 b7b956be6551b3b5
1439 26779be7e20c4e8c
1440 b2124f78de271afd
1441 5fa62a0b82498b60
1442 d7b44908b6c53d56
1443 f3e7ff380e6d3595
1444 4b6d12c0bfb85334
1445 97e5b4a663d85ebf
1446 19e5e01715fafde6
1447 7c6597771cdc1c6d
1448 e3d81dace900d995
1449 f40c2c6d4b5d1053
1450 7c0c8cc1690a8c32
1451 5baf7bcf19251cfd
1452 1e9a36d104abb760
1453 62c066e9d9777197
1454 0591d62a445808dc
1455 7b00042e6765f815
1456 256d0f0cf020b534
1457 d50c960ae3bd877b
1458 e5dc7602dcabafae
1459 8aead4b3bc12b125
1460 20fdb3b3ac0bf056
1461 831e1229a7c57f83
1462 0aaee9acf26894d8
1463 7b3e60aa4e591c8b
1464 ceba94ec2fcc08b4
1465 aa2edb0bc25f42c3
1466 8ab97aca8ab46938
1467 b2f84cc5652dd507
1468 1f4d3156cc3f05ba
1469 05a55996ab770575
1470 659ce835cc813ca8
1471 8d3d0133c43405a3
1472 49fd5776b774f214
1473 41adaea2eef9af53
1474 5a87cddf1ff8dd41
1475 0479605517c380b2
1476 421342eda4f5527f
1477 f4e8c1c920ba0d64
1478 67007c4e7651fa03
1479 dd73d86811def256
1480 ea5c4a65e602a5f1
1481 e45ae908560ca469
1482 218e9fe7580a0702
1483 0666a3a2a55c163e
1484 1a5e637b210479f9
1485 187e4c3c38acaf85
1486 d9cedcd8eb72d09f
1487 f8cce532df7b26e0
1488 c24b3dc75541c959
1489 16b23ee0b0ebd125
1490 1ac47627e222ecb5
1491 ff3e1ae76bef7291
1492 4556717baba5ebd7
1493 440bec710799b2bd
1494 7e3205be002c8c4c
1495 8012ee6ee40fc79b
1496 15d30dc93babf9d4
1497 9077d4cd40064d73
1498 f9cb89656b4f894d
1499 28ba7bdef7dd9d1b
1500 dc20e11279897340
1501 ecabc78f94cf06c8
1502 6932136572c13f97
1503 35250fca74bca800
1504 1532be55078c7631
1505 212bbcbaabd8a5a2
1506 6e530ba8cf354d8b
1507 cff562c31f648360
1508 45dcf13ed12a62fb
1509 3a5ee26fef9d2bf7
1510 839fde28c7ce8046
1511 5631b1b03ed5b752
1512 cbb64969f3bbb504
1513 64342e4ab0a0447b
1514 7ce11870e3cba4d8
1515 303ba6b0c3b37dbc
1516 b3678bafd1a46b25
1517 3fb198408b341fea
1518 1f7865553f145ad7
1519 ee673b7083e3131d
1520 8783bee64d5c95ff
1521 2e602fff14ae253d
1522 10cb39f94e939d74
1523 78fd30c2124ca85f
1524 b88724a317973b3e
1525 cc5534bf15afac7f
1526 e32b0ec9cc1ad073
1527 adb17cff9f123fd9
1528 1a6fcd8d5bac7137
1529 6865a28cf61c22af
1530 d664d40fa53effe1
1531 94e4bcb9ffcb4883
1532 ffd588c4952ce3e3
1533 e98acb6efcd64a54
1534 30088020c7972cb2
1535 268c6388657a0b46
1536 543153b87369889f
1537 04fa638538395c2a
1538 82ee51a1d9f3f16a
1539 f3a019f10d37a950
1540 1dcf52c33ea0ae99
1541 c1a51861a7befdf6
1542 86148f290f6d4b2b
1543 5c1b1e69e40ba41a
1544 475627cb018ac085
1545 a66eb4fd2d715d4a
1546 479aa9628b7f3beb
1547 55ae29661d846af2
1548 03dc87df85c52329
1549 8a760886235abcb4
1550 35a62c7cbc5e9ff3
1551 d5f62b073902abfe
1552 7558bb913f3d7543
1553 aa0069f4f115dd78
1554 d7755d02eb0baabd
1555 956a0d029fb6fa5f
1556 4971e9a2fb9a4488
1557 db66df864699f4d1
1558 822351193ad54e2f
1559 4fb1b7864f731778
1560 8a596d783ea8a02d
1561 7cfe08bf96d53b78
1562 154311d0e8040e86
1563 6aa7d7a21773fd88
1564 03b016d899ea2a55
1565 c476bbbb98f86ebe
1566 26d7a961d6091643
1567 1c5f9f5ed9567aee
1568 6143546a2da8b0fc
1569 52da746192418377
1570 20afd77244b9ea02
1571 53bd72d3f37cf78d
1572 ab7d430ede872e84
1573 c31b175588a4317d
1574 ad515e5b4ff7958f
1575 6ba1cbacbc3ba038
1576 9303a714e6d1030d
1577 a4a90692d6fc5c8a
1578 ce595dcf3be9ebbb
1579 7ffe7b16c9d38e4e
1580 7e4fbe010cbc5dde
1581 b764d6ea61afbb40
1582 1b0d36a894ec5976
1583 20eabec98d7ef99a
1584 d2eb33d66e8c232c
1585 7bda9580940dcf0a
1586 9586ae530dc2ef37
1587 41cc0a528df6572a
1588 0287c5162413db13
1589 722626e117d0ca34
1590 ea373e1dbb425118
1591 bca11a6d5e0f2d4d
1592 63cf951d53498dca
1593 594a818bb973bb58
1594 dbc224361dae58a4
1595 45fd62c8953c641c
1596 2f9241b39f3893a3
1597 3d98564418cd9f47
1598 6e5782da34929b98
1599 ae0e8e4a783a3d3a
1600 7e06cbed800cbbda
1601 01758f8ad3467d94
1602 97f66e04c1edfb89
1603 dcbd6701b23f1ca0
1604 518589f8f2581676
1605 34a83867ace1d319
1606 bbb944216fe1cab8
1607 ce52ea30931482e7
1608 e6632ab3ee3fcd8a
1609 e87e82be6c71f54f
1610 9a8f9150b07c914b
1611 c553dd81816e32b3
1612 356cae0d67e0ae76
1613 26b3b03ec0a1d7d5
1614 5f60cf4ab6157c28
1615 c64d72a3c22f28ee
1616 644c218e2cd34d1f
1617 bff76e46b4cb7a8b
1618 8ca80de61afafcce
1619 72a418b24181f521
1620 cab6f32eb969c49c
1621 1934aa465682d889
1622 67fe9011cb906632
1623 50963e104ee2fb62
1624 f0373af78b199faf
1625 611ba948c45b69ec
1626 8e7d39c0ded96041
1627 3885ed48ca0383cb
1628 53b20fc92ce7b20c
1629 94402ef4351f0234
1630 2de76696ec71e0c8
1631 02ba01c5a202125f
1632 db8a1f4e2d784357
1633 410b80277838360f
1634 8cc6b761a7dc46a4
1635 10d74238cad4063a
1636 0cd5438d6dab0e60
1637 0bb7a90a14db1493
1638 5d88252ef726af22
1639 e41afc9555c29183
1640 157ae549e319689b
1641 c5f457313714ceb0
1642 1e6c1a003fc972b1
1643 3f3c5fda9a4f3172
1644 5c21fb1bfce9c703
1645 e73ea0cf4b7b6e99
1646 2446b6717eca1082
1647 de12a6180695e911
1648 ba0a10e742842e80
1649 ee6df42322edac87
1650 07aa32ab2456a726
1651 979213298b8f1ffb
1652 9947292dcbaddc13
1653 f40117b412129ff9
1654 036dcaeb758b90e5
1655 e8ddb6846c9c7768
1656 f50eb021f333f489
1657 2a23a418411aeb2a
1658 f96b16c29e9854be
1659 d16fcefcf0892306
1660 0be46cf2e1a689ce
1661 95d81932769debf1
1662 027a29df2767f755
1663 8a6fd3715d13f113
1664 f19f84ceac5b3483
1665 2f46503c48fb31d1
1666 db412f3ea2f329d8
1667 d166954066ce6d82
1668 7f616638ade72d9f
1669 5f73f610170f518a
1670 73528d4b79bbac03
1671 95aceaaf8d642890
1672 c8bed7ce617af535
1673 2228916ff66e70ce
1674 e9d0b4806c51b663
1675 6de1a1109a5b9339
1676 c90d3fd35ecd489a
1677 0406a33eee928f69
1678 8f9a34259bf7229c
1679 c64bf048216c21bb
1680 7db4fd8b17bfdc66
1681 2542c4ef0db9eb04
1682 c4821d9f643e0a61
1683 d9bb645b82bd1710
1684 cae52488079656dd
1685 d667367e05706f66
1686 668326804cc4644b
1687 7284c003af711456
1688 009549c80d54a298
1689 880016db5473fcc1
1690 11ee7c0ec4fb9d2e
1691 a30eecdc8144f55b
1692 5676d40dc14711ea
1693 3c9314e05eb88d5e
1694 7682bb8feeaedd8a
1695 ad5df1dcdfaedc32
1696 bb864188410d4dc8
1697 cd5a4e77ac78e618
1698 84f54c9397603616
1699 4a7330da5ffe507a
1700 bb3ce26b77f5e4e6
1701 0d517d92aaf3955f
1702 be5329267ac1ba0b
1703 64db95fc0771334f
1704 1c62d418272a43b6
1705 5bc434f650905341
1706 d056635b9b300241
1707 eb9b6dfe3a336042
1708 94748bba2e3d3506
1709 8f609b03fd510f77
1710 c8f3a2ab7d8fa626
1711 a96544599a4918c5
1712 b6aacd8814e7570e
1713 c2a5c4e3ad0769d1
1714 d081d8ccdff37d64
1715 3da84fb4387a4079
1716 377b99613c3319a9
1717 a2601e6c3a81eeaa
1718 34f892486b7b8de9
1719 36ef48e5929f1552
1720 92d1a2adaef0dfb7
1721 fe0fea8a0405173e
1722 ceadbb32357ae46d
1723 a8f53fd87897497b
1724 d8865f2aac50377f
1725 c063661afa952e40
1726 d4588669484a6f2e
1727 cc6fdbd44d941cc2
1728 065d7b44a4843a57
1729 8b4a83b21e0e71ac
1730 16cd3553e412686c
1731 e4ff422f2eb8b295
1732 837689c67f94cb3c
1733 dc662f4aac149291
1734 72d14068a16f6796
1735 f696dded1ab7fb33
1736 2016b76efe003a42
1737 4803064f83f9dab3
1738 f7f18e2109bf0f29
1739 c17befe72a10fb58
1740 ad0f7c1f2a388cbf
1741 588a19c8b54d2a1d
1742 93a0ac24fad416ab
1743 4cd56bca937cda24
1744 91a320f3d2985fed
1745 44bf7e7ef4c3bb47
1746 204a85e3e19b82d2
1747 83a45de8e31b2609
1748 ebbcf84b52eba63a
1749 deba5736ed31c1b3
1750 6fe757f00ddb3ce2
1751 e8353e487d2b8b33
1752 b60d8e11dd6f2d8b
1753 075f198dbab746b5
1754 dc27cc1c929be4cd
1755 6716e5064900649a
1756 0ad8ce5fc9f3668d
1757 b4454122f94da10c
1758 f1c67f685bb90595
1759 5befd8f88b55810e
1760 f64e4f8b67a68c99
1761 f91b454bbd900d1c
1762 80dceee8c2c57221
1763 de22a999b3cf2b4d
1764 b69e0236493a6fe3
1765 10795c12b55c1d2b
1766 e1a00ba03d15820b
1767 76fca69260b4d708
1768 4d40b8e962c4e1c3
1769 496db6f1a213fdea
1770 6355b7f942e1d5ca
1771 0999f88c62730c79
1772 110053bcd545194b
1773 3787f876f12961da
1774 cc035c36ea285cff
1775 762664e67306f2f1
1776 9ab7b663c610d2f3
1777 4e51d8a205ac0d18
1778 276eb6d933ed10eb
1779 686f375930ab5d52
1780 93a8c93f4a49164e
1781 bd23b2ff58b9256a
1782 5cb673b071dfc259
1783 2901fad39312dbce
1784 8d8729e876a5f34e
1785 53929fbd147f329a
1786 9c5fc4f24572a38f
1787 bfe2b53e502d87f5
1788 89c01f67785f177a
1789 dfd183c3b91bfc11
1790 16b349e05132f3f2
1791 977440b7bffba2d9
1792 a71a4893c5bf9630
1793 39a0e7352ec65d5a
1794 91af04380db2978c
1795 5df6a27a1273405e
1796 6e6a3fb8d23c5b25
1797 41cf19859953c90e
1798 580c3aaa8ccc805f
1799 ab0b42d28e692cf6
1800 674c847cdae5dadb
1801 dc614b0bbaa1aa5e
1802 0823bc97fc1bfc14
1803 76c37590bf145510
1804 b111bd5b917417c0
1805 d5f49fe6b3473f85
1806 64c5d74086966d98
1807 7bee8dfac2a91f4b
1808 c87b98c6624fbda4
1809 74433de4b7fd26bf
1810 e4d0b5f43dfec95d
1811 73e71a45b863005f
1812 563a2d8fb474cf16
1813 244010e96ed4154b
1814 619132d38d91389e
1815 d91f034bf45b5493
1816 9d86668a519dbda2
1817 7fc5d865aafbc9e1
1818 dd01e4525b06d928
1819 6cc6a83d7f098a5b
1820 785312da80ca9ca4
1821 0090f0f434eb2b57
1822 f8bdb1d8aec7e0ba
1823 c6d17c5af7782120
1824 60b712082fe9413f
1825 ecb761fa70f875a0
1826 5e7066adb1224b47
1827 8f630e651de5ae0a
1828 44d290e30e42fcfe
1829 8615a83b2e248fcf
1830 b8c7a039851d16e7
1831 addce1945c7c72c4
1832 28f579ace1362f7f
1833 6c359503d7bf80b8
1834 d5dc5d905193654d
1835 4bc485883b5ddb90
1836 164a1c438c4ea7b7
1837 3ece99514753ee04
1838 0dfc580f5191c1af
1839 18ee0ee3954687dc
1840 6a8641d8936305ee
1841 d7e0c0b2cf2111f0
1842 d2eab9b812fda115
1843 2d5ad65647ba85bc
1844 08c65f84900307c7
1845 c7ac922c449e5bae
1846 131035aa329162bb
1847 e4ce299926e5acea
1848 b318349ebd76117f
1849 ec3c1e1c9d6699b9
1850 129783d1b46b542f
1851 3dcc1de28a294e14
1852 6a05d53555ad83d2
1853 14b742abd8e6c3a0
1854 6638a7869bef2bf3
1855 e2ceea3fa6f54884
1856 4228e4c192791117
1857 d4c028cef72018e2
1858 4c15e09d4cad9b45
1859 96ee81ea3a748824
1860 39f614704ab52ab0
1861 30db6434ff19cfab
1862 84f39bf7b6c4ee15
1863 b325313d4a65386a
1864 515401df9d9f194b
1865 bfb2e2e6df6f373d
1866 84ba6f9fef59632f
1867 f63344a232d8be64
1868 1d239f5a253a6cfa
1869 704dd9bcf92ea60b
1870 7340cd5bbf6ef589
1871 c78ee511a721b063
1872 9e02fb7d2689f1e8
1873 a0e541dc34dfe908
1874 366e2b0caf2652f3
1875 e40c60b02164b941
1876 482e5922e614e210
1877 8a0340524a3a5aff
1878 13fb363676e0e1da
1879 e03decccf95e2611
1880 84813aa196c9e6ea
1881 9bdef49f4708731f
1882 ca63b7d41996abf2
1883 b73e714e887d82d9
1884 cee92535fe7379ec
1885 83dbd12fd61c0c3b
1886 30ce56b356f77398
1887 326f762ae09b93b5
1888 425403705a4e0608
1889 950e07645315bc8f
1890 c5d11ec060cb60ca
1891 06492e2ae8330c59
1892 c1276c21d0570bd6
1893 87c6a496c561d3bf
1894 afcb8702e58d1a8b
1895 2afdba4681cc14f1
1896 5e42a7270324160c
1897 67d1f2a5b7ac481e
1898 0c4efbc5a6787ac7
1899 a3b8751d96be94dc
1900 2795b4b9c0d8b154
1901 ca0582674ae13bf3
1902 d0a152db2678504f
1903 c7af0271d97e19f8
1904 312a8bfe5d167837
1905 eefcbe5c5565ba01
1906 048e19df4bef8a14
1907 005b741e344b305b
1908 14a0f425f0b4d392
1909 4005e6054de32949
1910 f1e2843140917bde
1911 c1ca22255e34f9ff
1912 01ec4932e75faa37
1913 699803d79ab7e414
1914 a668a56f8f675a35
1915 baa117061ef4919a
1916 850f4b8bc2a5447d
1917 208a208ecc11245b
1918 e756b2b4797ff0db
1919 8c4ea0d64ef44a9c
1920 f85e78cd6e46810d
1921 e7ac9a10ec5d0826
1922 b97305d2b6d2554d
1923 71611b4880d8d5aa
1924 8e6a41dc904d9a3b
1925 62ab3f945b570288
1926 a01c2db90284ed21
1927 4d0298b3666d96e4
1928 aa4fbb3db87c76e1
1929 a59d5901fd00ce64
1930 34fc92c80c91ac36
1931 3e5db5c6612948b9
1932 df9613bcf0cf5f59
1933 fe94b5f16afcd3be
1934 0d6b9baa69b073b0
1935 a4fcdcefa42359a2
1936 a025097c343ee995
1937 856c078f7847267a
1938 509884d412a06740
1939 8caa079dcdf2f7a4
1940 ec0037e574073b5f
1941 54aa6a57f9f85fb2
1942 7dbda418a5559889
1943 5c47a27426fb5dba
1944 716a35399fcaebcf
1945 2cf3b8b126ac07e0
1946 cdcf2f0788615b9b
1947 2cc3985dfa3ec467
1948 52ccf4853ebddffd
1949 933be9ffc747e452
1950 46bfbb603ccf2707
1951 03a9538d42a345d4
1952 7b3ca8cb75ef8d9c
1953 1d01c153e42bf11f
1954 6ce72163bfbdd18e
1955 fd698f7812feb6e5
1956 9e0967ad5adb6938
1957 c17e908e22d1a40b
1958 745db803e71f78ec
1959 85090e54cf90de9e
1960 0703b5808728050d
1961 369f55b8c235748a
1962 366777ce5fa16094
1963 eac7f7e7031c9feb
1964 df3329aa317114c9
1965 c4edea1304820e43
1966 90d49daa4a1c4f61
1967 f7851fbd46b1d92b
1968 a74f91ad3d741a1d
1969 82c219d6c52493c3
1970 ceee0aaee2ed3d83
1971 75f7cad8c3cc8439
1972 20139abce0fd7723
1973 ab89ea5d52cfb04a
1974 cf35570e43e8fac2
1975 6fddbba8535cec1a
1976 20434b3efd5ba2dc
1977 2d217f62e77bad78
1978 5b2371926355c976
1979 c26ba9367a1ab64c
1980 473ce56a970b058e
1981 df1207bc6024a91d
1982 8836c0dad3b8300b
1983 7622176eaef526b5
1984 aeefa0d8c39846ed
1985 3ec61d2756d2aca1
1986 af383562a361d97c
1987 36fa77f6a2eb90ba
1988 6b52772d200d77f2
1989 83168c58df7603dc
1990 2957d28b41f6d346
1991 8411308f87c86092
1992 337b28a9b87591d5
1993 c4e24d86afba30aa
1994 e73be48696c4d687
1995 6ece858a2c2b294e
1996 0dbff2f36494eb1a
1997 34b592ffbb481ca1
1998 38363efe97cca0eb
1999 1bcd2d06619cad6d
2000 540db091054eb779
2001 0823f9ce2f74c449
2002 f8a9cd28160493c4
2003 59cb15802a5bd7c7
2004 808769786dd0b0eb
2005 99a01bfe363b8763
2006 23673dedd4f688db
2007 0d6b036b33cb4adf
2008 39a3148ff54df2bc
2009 5d29e154b6124587
2010 801921141d703d56
2011 5e8e17f3974eb3fd
2012 02782d353586b4b7
2013 865c1d83c92f3c31
2014 ba8ed11f094b31c4
2015 2d18a60dfc5ec378
2016 35498ea9e7375b88
2017 6ccafe53713ea24f
2018 42d59f206e530302
2019 6377324fb82efa55
2020 88dac5826556a820
2021 e5fa9b1c517b62ca
2022 bc7a9f796ed33404
2023 063bfa0443578d1b
2024 99f8d0030cccccf8
2025 89c4dcdcea401154
2026 cf46e9f1029b11cc
2027 d1a88a982cd5d32b
2028 880bcfde615584de
2029 76807a428a4ba8d5
2030 1222b74be04d343e
2031 11e73f4d8486b2db
2032 1d2d501f19369188
2033 d97ce271863d214b
2034 6dc59c6bc376441f
2035 65a69b38a8f3f421
2036 494358ea377d1ff6
2037 47228840b62152bf
2038 5ec8cffb8b7f403a
2039 06fb02ee92cdeb6e
2040 3376cb471e2aef99
2041 6994cc810438a990
2042 3bb360237fa266a6
2043 d07d8c37095accbf
2044 8a9c1dd2f9c7e94a
2045 b3fc8c098ebfdd68
2046 c3cf85a28911c378
2047 f9a271256346c302
2048 1a205877b7698541
2049 1ce9d4b13d3e024d
2050 15cb13704bb247ea
2051 c60101ddbd9cea91
2052 ea25a61cdeef87b4
2053 a97e1a645f7f66a3
2054 4984aa70daa7ec94
2055 2d949494802a5f1a
2056 c244ad467186c8a2
2057 be870b2ff64a16f3
2058 1233d8c9cc70eaf3
2059 3a0cd7a31902c25b
2060 faef1789056ffd19
2061 7f9baad5ad6e322c
2062 d77a92dcda7edd68
2063 a2e5ec049b5b1233
2064 433d5be422b91274
2065 edce52805ce11fb9
2066 a8fe330859002f22
2067 80875fb57bf1bc3c
2068 249d44535fb6f791
2069 251d5c49dd55d18e
2070 a99e701913815f61
2071 4d64315161e42d8b
2072 efbe09443b12062a
2073 3b5a439239fbda52
2074 0f343e14be89c4a8
2075 2d9b68cf90bb30a8
2076 803c474b2411c630
2077 80989af83cfffa62
2078 97e7edac76412516
2079 5956c2bf6347d72d
2080 07fe6522a52669e3
2081 786d99e6361ae719
2082 ab61f58599889d9f
2083 beb5ae6feae13181
2084 88fe008a60935bce
2085 0c0730e770858e3a
2086 91d96842775da4aa
2087 1277f0d1caad3a7b
2088 0c1e2d688690c233
2089 eea9427b761da2df
2090 cb01533312313e2f
2091 f23f2443c1f5b8a9
2092 6519f6c0e74665f7
2093 3e2437a653ac966d
2094 64420d45d42fc290
2095 8490529055f0a300
2096 2a1de66dc8cdaecd
2097 0bc9d067aa27ddbf
2098 1acc9592acb817f6
2099 f1f4662a4e5dc0e3
2100 30ac1f5ddf1c7710
2101 25cc3d3a17fa2cc7
2102 f49b7d422f3c9168
2103 ac29226dcdc6dd98
2104 62097ad337b48c56
2105 ceef361f3d2bea3a
2106 7c6f021597411e34
2107 a76dca055aad3c16
2108 8af0d12a1e18c1d8
2109 2e3b04cec8686b6a
2110 b334647c06370abe
2111 f82781448d28b68a
2112 cda03c5519868e1d
2113 5f7848128c290792
2114 fb8cea4b7d4db8d3
2115 add270429c860cd3
2116 37708a95124311f2
2117 8eb52778e7fc9de6
2118 0b91f2d74472e187
2119 66ca3de55cff6cb6
2120 fd7b818145918fa7
2121 a492a1673a3a679e
2122 45b39d6e5bdb40f3
2123 d72d98f031c1614b
2124 7a80f2ae29b5aede
2125 be05cb4a1cdaf590
2126 26d2216dbcaf02eb
2127 80fbb9546db198ff
2128 80b876762bcfb322
2129 d80cc48b2e1cb814
2130 7ad5f049bb2ba41b
2131 0b56dfca88445d26
2132 ce267a358d93853d
2133 3d8a2edbeb87cec0
2134 43395285191bb737
2135 96b571dec20eca12
2136 761a1a531a3f61f9
2137 d35415cd64c08e6c
2138 2b580a7987cefd13
2139 aa33ba36f6041a7e
2140 e7c962d7eba7bb7d
2141 79bac677be86ae60
2142 6d15e6384ec6c7bc
2143 3f92e8fbaacf13e2
2144 d65d33d0c83e6caa
2145 a837bb447e412544
2146 f2a618343aed5e9b
2147 c5eaf84d62fad8f6
2148 9e109032e8cdc28e
2149 dd6d7d217f501218
2150 e7f4aa3d487b000f
2151 65b7182a9043653a
2152 37a6856230e72389
2153 92553e2e1e63d7e7
2154 5c75b7270b0058c3
2155 0bc40df34187dbce
2156 f28c8382d67248ed
2157 4abc63413b1fe1f0
2158 2842a9def7e4ea37
2159 5a0d45ca01249812
2160 7dc337e2723e6191
2161 cee76b66264f357f
2162 0b6edd65950f18cb
2163 7acaf5062e84af06
2164 85de572e04b53b95
2165 d926173962097da8
2166 1dd0c405eeaec9e4
2167 4eb00244538791ea
2168 2cf901712458c779
2169 1e15574d760d008c
2170 a23f41cc41106ff3
2171 ad9aeae42f5cb915
2172 d52e000fff6089dd
2173 e630f0bd185f2f00
2174 57e7edc7728ba4a7
2175 d245e94657b09182
2176 412742f72cf509ca
2177 a9ae3aa186a9b1e4
2178 b8a057cafe5f997b
2179 c589709e74934d96
2180 710244643b0602c5
2181 25aa973c99e98f63
2182 9dfac7f1145d766f
2183 09577f410cd89f5a
2184 5c3a2ce4799d4d69
2185 ce2816d641db71bc
2186 182a4b1593c31f58
2187 56584400e9999e6e
2188 7a5c624e7e9bb5cd
2189 002b6b3e8b340890
2190 3bd8768f7efc1197
2191 3f0a95a340f1f459
2192 8774f76c08bd6471
2193 e22a43eb20580254
2194 14206dbadf4eb0ab
2195 e4ca8c504486bd26
2196 8d022df76d7c7575
2197 695563803b26d148
2198 b4c01ffc11e5501f
2199 cefbfd7460a223d1
2200 d5a6b38a992b02d9
2201 49db8551af4d32ac
2202 483d85e5ef9c51d3
2203 71d803698d77d83e
2204 d61eac29553984b6
2205 09f694b12ff52aa0
2206 f532d2b1fa10b087
2207 4e3a84b694f5a2a2
2208 4899904ab8a89361
2209 0a5fea533c32692f
2210 2b2092d35eb1f35b
2211 f93e178433aa9c36
2212 a47413bcc1c43c25
2213 c7dd6db25c301e58
2214 23b31a710670d2d4
2215 1621b8fc3d43fafa
2216 e376c17188d55d49
2217 c9f5c03df9f2b25c
2218 6f5d1cfd41961883
2219 9d954d60573202c5
2220 d528fce7400f06ad
2221 a5644e90ca06d130
2222 0f5301d70a5e99f7
2223 192d076b4595fd52
2224 ff072e0bed04f83a
2225 597b3932c4aef874
2226 fedc433f3a188a8b
2227 e7e1356b565f3246
2228 67da161540f8e455
2229 ede42e0c888db3e8
2230 1332932dbdc34fff
2231 7ecb58dd5bc3fdaa
2232 1a25172b020f3092
2233 cc0d9f6a228ac6cc
2234 da587bd39a4334b3
2235 c32fb355cc567ade
2236 7d33bfcf7a48829d
2237 2a805d9e54a582ab
2238 68f307736f05b667
2239 ed63b2332e949842
2240 975e8649396d6141
2241 54964727f6f0d5a4
2242 abe156c8530f79a0
2243 310c85f5566e82d6
2244 9a4f819a18c77e85
2245 1ad9fafbffbd5df8
2246 17bc34831cb7502f
2247 7f3fd516c5e9dac1
2248 cef602b7c0d3fd29
2249 b37fa86c35ba727c
2250 3b79704046824ae3
2251 3b73f033a997752e
2252 63c607d0821208a6
2253 ba4f276e88f261d0
2254 a9f52d3265ccd857
2255 96b0b1c66ab43172
2256 73bce75099ca1331
2257 c703492119cade5f
2258 b97be9742e8e046b
2259 2d88a946628ad466
2260 3b4ebc7745abfc35
2261 c6aba34ef38a8c88
2262 36e390a46227f5df
2263 10060f09c1d482ca
2264 8a0d13690135c799
2265 5da64840285c7397
2266 df03ec894103bfe8
2267 183a92a4e3946bf5
2268 bbc858c69816a68f
2269 64dea2aaaae59d82
2270 680d938c9942f93d
2271 f3f9c7860f2b2c98
2272 78f66d668bad80f3
2273 fd1e31099048e0cd
2274 cda1057dea99927a
2275 fb0bdb52ad19a777
2276 8d3f0afbc6990bcc
2277 807f5bc4a868963a
2278 c03f80564bc35c8d
2279 26f5c0814e737eb8
2280 b49a59d84330a7a3
2281 b1627e9f413033a6
2282 628b06725ad83218
2283 40886349e413647e
2284 461e5fb91d236578
2285 3982c3f57956626c
2286 b295e31c03c91b48
2287 2ffedb0d2f240d98
2288 922a9ca9eb54d9ae
2289 7214c0cdf8b20eba
2290 5585f7110d383029
2291 ab830dc1a23a845a
2292 2d4721d916cbdea9
2293 a3aa258a01c0e486
2294 bb6f7b97edae2524
2295 6ab8433e336577ef
2296 659e00190019a914
2297 a8b74e29373acf35
2298 0e455912ad0b107b
2299 1f253c07f3bd64f4
2300 39b4f614ba183f93
2301 617150196ba0b975
2302 144321efeb99e916
2303 c1cb8c093757ae87
2304 3ba94fb48ef85aa5
2305 2b83e19bf8fba97f
2306 1495220972aa62bd
2307 228dae7ca2a2440b
2308 196c8806a536856d
2309 22e945766c340d1d
2310 b8f0d6dc0e65d42f
2311 5e561d327e03a5b1
2312 5c26b28e1c1dd7ee
2313 7faf28db45d9d0c5
2314 1c38af10e03b07d9
2315 96b0b0d3d2244d60
2316 baa5beed7ded428d
2317 9fcb1be228371202
2318 a0c2709561bb4a6c
2319 0f484e87daa36b11
2320 f57b526b6bf69ca8
2321 c5edf01d5294aa6e
2322 6d9b202ab2eb8fcf
2323 62bbd78345acfcf4
2324 7b8b432d04d15aae
2325 8a61ad7c0a9f237f
2326 1ad2c26bbcddbeac
2327 4c4420d0a297c815
2328 d82830b5a203a5a2
2329 6f4b616b158064e3
2330 c275b3ef3552c47f
2331 beb749e5ec60313e
2332 4bc9f6e0441d9391
2333 994f2d0eb88a9491
2334 6c4c5f0f55c5ed14
2335 53f299e08725f04d
2336 709ebe68b2ee81dc
2337 020a26db313e5769
2338 f7e4fa0e3164d9eb
2339 6699957299d2bc5a
2340 229e7f96e3aa4713
2341 d8785b42c0448143
2342 59a2252de790e5cb
2343 a48cb92baab5e932
2344 7fbd789af61e82a4
2345 a475a64f546235c5
2346 c9cdbb8a3970bc30
2347 b76d7e0c6eab1e9f
2348 4d783b7b9d85276d
2349 7341ac10847591a6
2350 0b3c9f373335bdd4
2351 5874452171e67b81
2352 a7866d6dd48f625e
2353 842d98410a6cc083
2354 d7f7725fc6f397cc
2355 23a9e6fe8df269d6
2356 d417588267085f9d
2357 fce9b98d424e5d2c
2358 e2f6eba286c632cb
2359 742c5279ac40dcca
2360 bb415133511286ee
2361 d40f6ffed61768bb
2362 cba0ac8d0cf3d46a
2363 e164b2092bff2ab7
2364 2a3f2ca25fe9c355
2365 a8c52e2f9cc05c55
2366 5cec80854514e8f1
2367 297ddbebf50a9215
2368 d7df39d63c17e6cc
2369 8d9c21c4415e30c7
2370 012f6771e65b7a35
2371 4b3c33fe98f418c1
2372 63fbfa80d47289b4
2373 da9c8796d11afc04
2374 33edd063be7eaac1
2375 3007445882b6ed98
2376 1b65e71d081f9961
2377 8255447c9b3ec539
2378 2e886973f3e70643
2379 108b0038ef206657
2380 e46dcdcc4b0adad8
2381 60380876a0bd32ae
2382 1012a5645649c19e
2383 82b368180053659c
2384 c84b3ee67050735f
2385 f8b10716214a35d6
2386 182285516ad3e218
2387 e741423ab458e997
2388 9d7d158d98b1f32d
2389 b3ed24c4efffb83b
2390 f72269b1bf0ba9e5
2391 d12ce8f08b28c1c1
2392 c95f99ca1c4b0c71
2393 65d133254d17a9f0
2394 6fdf46e25f92ff68
2395 236e3a1257f1d8cc
2396 047c365446137949
2397 9c39032598015e0c
2398 cefd5caa66f78f68
2399 95484a7d1b32412f
2400 26be8706659473b0
2401 fe8fa117fd7a3ed9
2402 5a3db4d1eeed614d
2403 6d183fefcdb0b0d0
2404 10190949f3d5d3bb
2405 fb13df295ded1440
2406 e93086267c5583b4
2407 2749aa93df723174
2408 674d2876a1d0cffd
2409 6eb2e375b63633a2
2410 f739950ebc68fd0e
2411 f802d73ba20b3a43
2412 e86cc8b316e67fb9
2413 fef0224ac395e2d8
2414 8ab4f0e5848da6e1
2415 43b29c7cef20f3b8
2416 289f677b510e5903
2417 a86c0d8870097025
2418 b4157f4ed756dc1c
2419 4dc52a15311ed7bc
2420 f94bc1d5217f3411
2421 b22d763ddb4a3ccb
2422 3d89cd0c1dd6534c
2423 397bf5df8e580e6f
2424 2fbaaaeae61b4a44
2425 76aa008e25a707bf
2426 09cf0ee102e05bf9
2427 8d1edfacbbb73c60
2428 34d80a16a8572d3d
2429 8c27a838dc820a80
2430 e77bb6da9ca68838
2431 ba2e9f9e58476f96
2432 87bb5ec60325f611
2433 ecf0ca66578a76c9
2434 1709c7d8858fc316
2435 3c20e1aeebd52429
2436 2cab518431f07cce
2437 1eede09682b288cd
2438 2ca0f201e3d7c7e1
2439 71035f2ac89eab37
2440 0c975c0002fbb3db
2441 e30c126229524a79
2442 a7d3384350607eff
2443 12415c3ba9fa1241
2444 3ad67c786d2dd0eb
2445 a6ea8fa96df676fe
2446 a2dd4ba4815ac82d
2447 8406e9bb77835f22
2448 135b299d7811127a
2449 9fb3dc79c8e4349c
2450 73083beec026e4ee
2451 15cc90dac5e536e2
2452 b420663e26931d00
2453 4baf4cc46ef932e8
2454 86a70db5cea2b381
2455 73009972ad073a83
2456 88b4a78c263ad354
2457 92dedf6a34fa72d3
2458 13edd284dd8eed2f
2459 4911d7fc8f11196b
2460 1a419190084b6bca
2461 26309736cf3e7314
2462 f6e3a041622202d4
2463 3d4fb7d7ad8a86ca
2464 5819c1599c4a8274
2465 fd8accae76e1048e
2466 d28e7e7348711de6
2467 d5e237652da8628f
2468 059291f86d092828
2469 4c5a7c2dc2ad3d31
2470 8104da20939a8b64
2471 b60e450d174b2d55
2472 6b38082b75c0bd6c
2473 43c25514d8d0d9a0
2474 756ced3ef00ab95f
2475 ff2ae545438bc15e
2476 bb42f0ae52cbe299
2477 dba5e4f72e51f6aa
2478 920181c13cd4e07d
2479 92f2e9c6b13e43c1
2480 1b9e5f3821054127
2481 90895ac94b49910e
2482 41d3689c676af00a
2483 8bba162a051e1697
2484 cd34d89543c6bc18
2485 9e12e717bfa9d0b4
2486 51a06343a5a0cb88
2487 5750ab33d0d8bf13
2488 4021b2d3ee6474ca
2489 f08819043b670d0e
2490 f0166704e53a0fc7
2491 8a2128fb5a100128
2492 bb21c31a45768805
2493 901270032949cb78
2494 c68a5a60457fb152
2495 8e93ae059b4265cb
2496 6f8e861b846e521d
2497 fba069049d8c42c0
2498 a6f4800e5f5633e2
2499 ca6869121bb92f0f
2500 7fe4db2f11cc1af9
2501 e1f16b3273768260
2502 1f1f4a286f1cdc9a
2503 3cb3d844eeab072e
2504 e87af725fbb8f0bc
2505 4d3d7077eb551e7e
2506 9799e2b524d21aad
2507 16dd72735ccdbbcd
2508 eb144ed8b7b35761
2509 4e9bf54f5e4ae2b3
2510 9230631e4aebdb02
2511 fb1d5e33fb0ee61e
2512 08770bcd73e739c1
2513 0fa263b877f13460
2514 407987b24edf5e6d
2515 bd7207ff52682b56
2516 ac0ed6fcb2aa85a1
2517 3a5ac7046fe0ee94
2518 879bfd227cc048a4
2519 8ed89ce65b405c44
2520 5a4496bcc4a4a46f
2521 01008e63ab1ec44c
2522 8005fb16d5f66492
2523 226b46902e04f1cc
2524 84abae0621b75ea4
2525 564bc79531e3611e
2526 9e6f6cc48232f345
2527 671c165278417c88
2528 1f1c7c54558b18ed
2529 bafa421e2e579acb
2530 345dda28acaa118b
2531 afd34a90775c0813
2532 00a3636020ab6055
2533 ebca7153ec9a6bd4
2534 65ad45c1afda543d
2535 1dbca612b6f5d39b
2536 c6e588364ba77fdb
2537 9d2313c7af99db25
2538 43df5cce9d927e92
2539 f6b3a197a4425464
2540 27e3ffcbb34b5a17
2541 eaff87f9714ea994
2542 683e8c9753e58dbd
2543 57adf2372884a923
2544 3ada5603cee16150
2545 21115846bcbc00cb
2546 8bce41b0d8c473bb
2547 225dc8ae8150d21a
2548 c1927f4db92aa1ca
2549 d02ca26a886fb81f
2550 fd447ad6238fd9ec
2551 98933b8db7217734
2552 8f1fb8843a83c0d9
2553 e451ee32eb66b0b9
2554 2180fd28dd53c852
2555 11db915e1452c1bc
2556 cf4119b275bc2cad
2557 221f438197dc9731
2558 83f743189033c234
2559 40fb33d51623fdb5
2560 8a63d56b40d8f2c1
2561 f2719be168f6080d
2562 f4b272f45129c977
2563 53d1d446a80e904a
2564 b107e914f800ef04
2565 6b63fc9f7d6f492c
2566 91674be93ca27f3d
2567 7a9ee2292ff9043d
2568 64fb40bfac23788d
2569 21693b1f53d6f478
2570 2ec1a625b8372a7a
2571 408e5f8c39d74541
2572 047c1bbc4d01da6c
2573 99e96656247d63f0
2574 7ad72c70d849e408
2575 d628537bbed53728
2576 eadeae5e740a25e1
2577 a7f22e4f311fb532
2578 9bc713232c1d4ba5
2579 356272588a07fbc1
2580 e3f0b6cc9fc31921
2581 f33d17abe1a79b60
2582 0414bfe78f82fe12
2583 7512437159c5c9d8
2584 ae5a3cf95dc61f2d
2585 3da1e31de2eaec80
2586 09e5f354e584b1ff
2587 70f9536175d47d1e
2588 9e0cf6f844a19d58
2589 875c603cdb965475
2590 d7c0b2d81000147d
2591 e03930021a2155cb
2592 c21413805c9044bd
2593 7a3e69cd3b7cd393
2594 eb4dffa875426af6
2595 f2c83348b42f2bc4
2596 1a8f1528282ace7c
2597 6327ea1ad8982ec8
2598 413aa9440ee5a99e
2599 b74c92f3a97edc0b
2600 362bb26f1b4c08f9
2601 6c4ffe2ec64beed9
2602 dff1bc173a7989e9
2603 d3f99dea7a42c40a
2604 ae217c894b35b0a7
2605 be41d54c89465e38
2606 5c928cee7e146b2d
2607 1207ce87633e9ded
2608 6e2657322d07792b
2609 a1ee5ec6d86d8a63
2610 ad90ef00e0437be6
2611 a25d81f3c7fdd2b0
2612 7d295b5ba31260cb
2613 593b8a7a350f6ac7
2614 d0c7e512e252638b
2615 5210969ebee7c09f
2616 289bf6fd93f4ef29
2617 d9cd0f4d7277bf13
2618 df50880b04532a6c
2619 d351a56b77982ae2
2620 0592e70635282a64
2621 0b429645a6aefaed
2622 3fd2a8f3f612e083
2623 2705f0faaebf38a4
2624 9c93812f0c4bc42e
2625 a916fa9b6137c819
2626 a732bdca0ad6d18c
2627 4341a9554a191601
2628 74304ba2fdf51433
2629 bd7f03474bcee996
2630 21c43799bf4ba0d6
2631 bf8f09494023a1e5
2632 984127b23f740f49
2633 2e8ba4199f866bd7
2634 6a0ae9c8c4c77278
2635 91dc2a4d5c48ed9d
2636 d38f1b3be4219a8f
2637 7bab1127d3248133
2638 358a93ef9ece8cb3
2639 27bb008500430d28
2640 fa57e8606491606f
2641 4141a28ed2ec8e8c
2642 d2ba32ce6fcbea51
2643 6ef3034a556406c4
2644 cf87ea784bc6c2b5
2645 d5b1b5ac8a3b7224
2646 8ae24a64321723b6
2647 67e8ff6d7c72da16
2648 cbf4ded2b043321a
2649 f4aab80c72770ef8
2650 6f93e7f345877d4e
2651 d31959af5405419b
2652 9165338cacb8abd1
2653 3e34de047982e3b7
2654 5213a7c7604063f9
2655 e05f23ff12943ca3
2656 3d4e0d09607ed33b
2657 334ed2bf074c01f5
2658 359f0aeb4f6fc3fd
2659 c81f97c3607fbd0a
2660 78baece19559a4ab
2661 2adec2646dc02939
2662 d60ead2c0235f7a2
2663 aa3ca1da4d15d493
2664 cf089457724e47cd
2665 a163403411d3ceec
2666 6180b8478edf5f03
2667 5a7b51c84f9f70c0
2668 e633aa6f18666190
2669 62dc71d96e75599a
2670 1b7a818e9d15d44e
2671 4cbd3b2492da16c9
2672 7ff5fd3ec7ffe6d8
2673 ade65f790831381a
2674 5c84019f301a68ff
2675 c6a619b490cac151
2676 7236db0c4cd8d4bc
2677 b42a2e582303fded
2678 5007d28eaf190257
2679 9d4ccd125cff23e5
2680 eeea47e6232c772f
2681 aa9bdc70e9afe0b7
2682 cafc6667c84348f3
2683 524746622595db2b
2684 496f3566365781f3
2685 c00155548d614588
2686 af5bcd15819593ba
2687 9e6f057ff5d40ddc
2688 6993160bd19640ae
2689 746619fc8b71c609
2690 fe3337630a5d5724
2691 bfae1bbe2bc01f10
2692 9f54ac20a6505c0a
2693 fbc268bc98a4dcf3
2694 b9438c1434c545df
2695 24594b6730585716
2696 80013f9bc4ec2fd8
2697 42e4689b4abbe6f2
2698 ab3574f156c93915
2699 d79bd010cb91f675
2700 892bf2adc0bf57b3
2701 1623ac0cd6a426f5
2702 f29262aba13974c0
2703 2682a94c6efdf93d
2704 c78014173439efbe
2705 bdf0dd0ba6cd0eff
2706 46daba3047826721
2707 1175fc7860ba3263
2708 52164b474184cb25
2709 f868c6b4e9d71740
2710 b707c5f39dcfa55a
2711 163c52bc32a6ac47
2712 c218f2bbc4389959
2713 c1cc1fbd6b91949c
2714 f903e5a7cdc1e777
2715 3f2d0a024b4eca93
2716 6e491f9b3c50353b
2717 859965dcd29affa1
2718 c65cd6b90f9a35cd
2719 baf35619eb231225
2720 b499dbe7c4d186e3
2721 63e47a97fa221a19
2722 ae9b4fcf8081497d
2723 0a0d1cec1414d808
2724 a589f3614606a540
2725 af483a94ea707d53
2726 bb1eae8d40423103
2727 de65005a80fc98c5
2728 52aee5a63f11257d
2729 e69ff8954faa9cdd
2730 4411e2cc286cf3c0
2731 94491bccb3e33669
2732 2157096c2aee0093
2733 92356b719401fee4
2734 8362146256ea9920
2735 3a3bee68a42dd576
2736 b8c012b40c72cbcf
2737 7ab013ebd791e44b
2738 19d4ca957b7acd5f
2739 5d46c7ac4cf71b70
2740 900cbd23654e6b13
2741 73597edbb83a2f25
2742 dbd8636444fdc7c3
2743 7f05e6fd1ab65767
2744 cd4bb7743e974eac
2745 1f6bbb31e9dd5256
2746 66a742dfe597b9e1
2747 c044e313d10c440a
2748 c4cc8ca387c0de7e
2749 e53fea65be46fa62
2750 c0e1b0a868b745f3
2751 d60a4379e761bbfd
2752 c2c1bb9d741d66ee
2753 ef7aaeaf598c28af
2754 13ce1d186d7f45e5
2755 00358370ae416b86
2756 7ca19a2cfa493478
2757 dc8eec676f344a9c
2758 6a36914f0b7c3700
2759 49c6e614a34009b0
2760 ccdc938d3d5abc41
2761 a8c7efcc429e6a98
2762 46afe9f093661816
2763 c04eaee2b6e330a7
2764 c33ff8436a00b74e
2765 a010f75a3c564be2
2766 370d4814e49ffa43
2767 b7c635abb7966522
2768 aea23550564b04ac
2769 5594017f13591b3b
2770 4ee587230bf31024
2771 d8597d53f4c3bfe1
2772 5cf1b1c47b8a4848
2773 e35089a0196cbe51
2774 e1a1e019a97f1152
2775 1bd21fcaefd6aea4
2776 a0dd971a34d42d8d
2777 3d31df94ddda3458
2778 ea5aa586aa8a3227
2779 3def14bc7fb09aa5
2780 00687ae2d57c3ef0
2781 381372ee4d0e9a3e
2782 4b501b081f65a808
2783 d502d13cfc83a562
2784 6031a24744df5c92
2785 ce2e77dc22cde6f3
2786 fa84794c0309e6fa
2787 ae9a402c4c1e015b
2788 85fd4eace2a053a9
2789 d97114d487bc7fef
2790 4b65ce549100055e
2791 267ad49fbdb41391
2792 ef843deb59f32169
2793 a2fd384c5cf74871
2794 da07dfa431aed32c
2795 8b5d022d323b78ee
2796 341654842e567679
2797 5e19d4d89f39e9dd
2798 d18dd8e7a52ace45
2799 4a173b0e54cb6cdd
2800 72f0cd3bf815734f
2801 db2c96b96d0c041e
2802 7291684c07252495
2803 97d9e75c1931cf2c
2804 e7f3b8e28d6f34e2
2805 dbaef09760ff092d
2806 7e00d6961c9c2afb
2807 681dd6fdfdefb384
2808 1c47a38f61fa2f67
2809 02fb7736fd41429e
2810 b4e6e68b8ae88c79
2811 7e0829c3fbe4426e
2812 7fa3a4ec5edd82d0
2813 8bb7cac88542bd33
2814 022178033cb21668
2815 d0b43f9a04060411
2816 fbc0a9f11a32fdac
2817 a2146137e8d73594
2818 a93d53b081c81b58
2819 4f6b878bffd1695f
2820 6d04052950c11b3d
2821 bab0335e155e09c9
2822 88af97c24850e7cf
2823 01c911f0b51abac6
2824 604a97ca875a36f2
2825 f2c0e0196d0e4749
2826 d317c0bd423dac42
2827 3fbfe0bda9367c61
2828 4c2ca0453a462491
2829 798b7588664be0d7
2830 80218d8b48fba4ac
2831 411792c24f90b418
2832 76d34440208eded0
2833 9d679a59003db6e6
2834 c09766d6f3512bbc
2835 842613ef40500710
2836 24228f4c66a2af6a
2837 ca7df908e1fe0b86
2838 bbce15e2dd38d58a
2839 4bd70289632c233c
2840 6f9b2e72412b68e6
2841 934d2064aa0ddce4
2842 1845458fef325d8e
2843 8cb94d88ffd097d5
2844 a12532efc48459c1
2845 2862c88d15470a3f
2846 23e73425ce6b6885
2847 d8093f0ba9574b81
2848 b628a609cf46bde3
2849 58e82405e254516c
2850 c9513fb00a2a8d6a
2851 1544a671e953e346
2852 4c8e4f84c149e8c9
2853 877ba7711ec72b10
2854 b92df41ce97f5fe2
2855 1f6b1f7d92cc6706
2856 ff2b035f8a10db53
2857 503cfaa179bd28a0
2858 62552ad4176ea6eb
2859 d3f515bbdfd8dcfd
2860 b44140bf475f4944
2861 061cbab9b28540bc
2862 181f2adc4681f196
2863 3fb0c20c8d73aef0
2864 b3d6968ba90f7197
2865 70cfc60ea403240f
2866 16b7045ccee11177
2867 f347a1b76357b5bc
2868 7b3d6d4e184ba1c8
2869 59a2a2dbc3f1f9a3
2870 64173dd5c5ecb7eb
2871 a96ce89358c12d42
2872 169aeea14500b46b
2873 f8151921cdf11797
2874 00b1f8b0dfadddeb
2875 e60b889bb89f2378
2876 9bb8db66f5edacae
2877 e3ee6f27d51e0132
2878 17a6ed82f30cf29c
2879 8926a1bb7d926a66
2880 edd9bbff2a2438ea
2881 16b77c4fc079d87a
2882 e925fe1b2b1b1e53
2883 129774be00925151
2884 8a9501442c99b475
2885 2435103f8011c027
2886 dcd86447170a4f14
2887 577ad69f457c7d76
2888 a43461395377a9e9
2889 16b35f1b2e062bc2
2890 e516fdea8ce4c2a2
2891 d9aa630ff1f456a9
2892 f9d81face3910db6
2893 ce3be13904ddc34a
2894 680e016e777ae003
2895 d894092e296dfc13
2896 7d1efe0452d60624
2897 1c7c44a1d6f21da1
2898 e6f39e0ec8efbbe9
2899 66b59469898fd6a0
2900 933a345c9d6d8969
2901 e92d583d340ea1e6
2902 324ff38a77429adb
2903 3e01a886ad3bb3f3
2904 eb8ad23fda58ee33
2905 c05518d2787fd866
2906 24c0bca1e99b217b
2907 83ac163b73689fdd
2908 bbd33e7453cb4914
2909 ae83c1b470bacc1b
2910 d82cdbacde258515
2911 4fe90a18be9a699e
2912 5a948d73eb91455a
2913 f1f538a9ec3e5cb5
2914 f54ed6320cc233e9
2915 cf52a4e1a0ff4974
2916 9d2940c7ea137069
2917 1d4034b1a838d6ce
2918 5c5818d1b3741a17
2919 58e486eac3f57b1c
2920 fc918111f0da7d78
2921 569dbefce9cd77a6
2922 8efea95941848bd0
2923 fc4765ca2da2a011
2924 3a2d46e2254223df
2925 a865af936f6ae4d5
2926 d53a2251886e696f
2927 412b23367a695221
2928 b208c77fdcabb7b2
2929 e209adb961af2c03
2930 a48721cf096056fb
2931 c00bd8945f9b60ed
2932 b192ca5fb706f5f1
2933 ed35f7b9ec49030c
2934 f92e5d63ee2d2da4
2935 d7cc586ed902c1cc
2936 f1ef292fdc3dd237
2937 e5fdeae2adb3bd1c
2938 f4d076d8bc4a651a
2939 7280bd9cb96892f9
2940 142f635ead11ace7
2941 2e739f820cde9817
2942 2c91e62fa9aeefc9
2943 633869b586e57de8
2944 b53e03df027b8837
2945 fe84b304088b07dd
2946 a2c0411cc3329625
2947 926a50f1ba96bb71
2948 15defda3e90a4c6f
2949 0fb77a8bb25f7f8f
2950 120780b2382722eb
2951 c9c0338c148deb23
2952 76fd3845582f36e3
2953 3fe4f4d8a3baf9ca
2954 55e1479c27e6a54e
2955 48241665e835677d
2956 790d4c00c3f5315c
2957 d49bee290156a2e1
2958 0cf393261c842722
2959 5d47a8436394e9c7
2960 ce45961039296330
2961 c30e53c4177b6517
2962 9caf286e76f9ea46
2963 7a8a344d8c83620d
2964 daec27a2a0b8adda
2965 84340d085178b73f
2966 f0a6108bb2893857
2967 bd92c745184296c8
2968 f06d9ba6e1084c0b
2969 a216728accb04281
2970 61828b5fb23c5c40
2971 750a1c9da96a8abf
2972 8f1f758de73ed540
2973 e3c0d268756180ee
2974 5e44d7b760aa4846
2975 6a8576226e963174
2976 448ef6f306654290
2977 59912952b58852d4
2978 f97639a8f239c9c2
2979 118e6e20edb914ea
2980 ce1e1e0d69fe7ef0
2981 9b18ffb59d8183b5
2982 eefc8172d9dbea8c
2983 1abe10cf024f1e2c
2984 ae66b44e98091c42
2985 f1054fbbef0694e4
2986 211be8dd46219e61
2987 a6b87d1a92a791ed
2988 02b6e42d3196a288
2989 e9ed17c3abdf5208
2990 27a5e121f84ece68
2991 6cd86a2cdbf775be
2992 1fc6df2aee4b35f6
2993 0b851fbaa5dc73f8
2994 959b6b017c011a3a
2995 297bbac2f6dc85e2
2996 521ee60e8c77aa3d
2997 1a9117ea3bfaac4a
2998 a4d91aa6ad4fb288
2999 d2cf57d27bf8c2b1
3000 e15b3e5aa8cd0ee8
3001 9d6bd214ed0966d4
3002 c6df3055aa2585ad
3003 25f0658dda95ff61
3004 ec0f601f42b20054
3005 6428be738d7786a1
3006 4aae2aabfdb297c3
3007 3cb291f0c9a9f573
3008 562e7d05231c31d5
3009 b9971b78ad72cd1f
3010 e1234478310da04e
3011 2fed77258a3af8db
3012 c04e08ae685b69bb
3013 46a42c5ac6e184e1
3014 6821c9153179d7c0
3015 7d837aeebcb6ed7b
3016 10f447aa8212ff9f
3017 993f5ea1d1e4a0f0
3018 a2f2c4967a851804
3019 8deb18c1aeac543a
3020 0a936f3522cf1cf1
3021 09936017d86ee0dc
3022 51c4a516608c82ff
3023 b090c6d58d510ab0
3024 401fa4831c9cd983
3025 1705ba9c03f28a43
3026 18a253592781a1ee
3027 e31dc6e80cfaa874
3028 555fb8c933ceab5a
3029 ef017c45ded35b2d
3030 9912635513a33d52
3031 919d5d4912d0fb7e
3032 67d11f0276187866
3033 2fbc1ea7f593eb23
3034 f8b8a88feb669f30
3035 8bbd8556bda26859
3036 6765f2864938e939
3037 13c560fc9206ab1e
3038 be0bd9c11d28e79b
3039 4c0c44f7d401395d
3040 7318389e4d398735
3041 4d8829afb3bd1f2b
3042 79b1188ee536d251
3043 19486e19b2a9fc9e
3044 b80974730cd3ec24
3045 f83ec8ae43965919
3046 50d38cb031f6faad
3047 29001b70196f8d4f
3048 05d880ad1b077b19
3049 4b345b1cf84ebf7f
3050 4d759b91493c8123
3051 584a697a08e2477f
3052 eb520988f44633ca
3053 c499bb47a169fe32
3054 414c7e03db570858
3055 7d0ae4038d2693c7
3056 014fb03b17655026
3057 dc02949e971dc2fc
3058 9988f7981e45a835
3059 5f3a1ad3a0f9aa14
3060 a429202b9230bf3c
3061 571ca98834d5fdf5
3062 c90fa8f54b003b18
3063 41280c0ef9397c30
3064 2726e8264cec1f1e
3065 cb2b32c3cf47d6b6
3066 53083f6bae032361
3067 e94d2b91697c4f52
3068 b21d315fdd26c01a
3069 55be70ba3f999a18
3070 6ea54d95878530c3
3071 8a571a0011c79311
3072 54f8e000217e4398
3073 1860f19b63437360
3074 bcf8125b6dad8e39
3075 dcf4bcb55dbd5823
3076 7ed52f1fd0b5feb8
3077 f5d4a56913c8db07
3078 0bc1bb99b273752e
3079 c671d4a46ad18690
3080 905b08a6c7c983fe
3081 d5755c6b5d09c2b7
3082 713e2d8f6b1e8926
3083 07ab9f819c6d333a
3084 eeedb8a80c794587
3085 e8955ca7caa1d079
3086 791317f7cccfc5bd
3087 2186b49da3f47626
3088 475a622e476980eb
3089 d6fadfecc85562ff
3090 3f4e4a328e4155e6
3091 ab79f08f35933b51
3092 4d31d887db10eb5c
3093 459d7b4d66004ee5
3094 c57b183e81c6462c
3095 30203405bff897f9
3096 5da5fc8321ed9c2e
3097 f2b4682467eb1615
3098 d1e12b1bb8a31de8
3099 bea970a1bb103094
3100 0f6f52e140e1d8c2
3101 834d293b45961d11
3102 70594d2387da1f12
3103 4282a96db2fac3a1
3104 710a9a6fa36a1f81
3105 5a5a52eefbc26284
3106 65efef98ea4d401a
3107 0516f68eabb845f5
3108 d4eec53231646721
3109 b65011b01b79737b
3110 b23240fed9d9c10f
3111 aa34d133e7906ec9
3112 8fdb433509ba0b50
3113 f4970db3095a5a25
3114 487162cdaea45d3d
3115 7142eb87f100f74f
3116 1c95ae3d490822ad
3117 eec486c95e7ac734
3118 74254cbe2172f133
3119 423c8320d1fc3c49
3120 077bf15fb2b3fdfa
3121 d03b125fe7b89ed8
3122 73a2121ca754bda9
3123 840a2735c33116cd
3124 bf9b3badf171ea61
3125 07b8884dc7889f45
3126 fce9c46012703d07
3127 e3dc458fd41da74e
3128 2cfad6c5ac02ee12
3129 922c1b56b056e98c
3130 c44af0566b5f94f8
3131 9e23da57ed88aea0
3132 9e2ce55ef5922842
3133 65910fc84f0eac20
3134 251e63c58952e506
3135 7f5a5001d506a176
3136 d0b2a526ca958189
3137 3dee45b6e471af94
3138 049c5ce412704be3
3139 7001cb1b38349ae3
3140 49cff2c726a7a5f6
3141 d63aff223d559ab2
3142 11046fc1a6dc7300
3143 6545869f4c1b979f
3144 596e0b656550b4fa
3145 68fdf323a6dffde9
3146 8866546dbb547dbb
3147 0719f03dde873279
3148 6d4512cbe18f5426
3149 977fcc40ad58e450
3150 5071149a31df364d
3151 6c9fbc55bdd91646
3152 3d5f1b9b845cd57d
3153 6840537b15ba8c1c
3154 6c6344c5e24fd9d1
3155 7080bb91d0d5f187
3156 339e24bec516d5d5
3157 21ab20cea89270d0
3158 24f9450408762487
3159 fef081e96842d720
3160 850803e6cccc8bc1
3161 82c97e5ced6f30d8
3162 2be7b777ae095411
3163 d6466c1c912b9470
3164 8172f842fd7c93e1
3165 7644369cc6d66fb1
3166 dcf05bb68253edae
3167 d95d7df7af7d0cf2
3168 f61d9c249b8dc82c
3169 33c8631cda8ef88f
3170 160a7bf910413f0f
3171 69bb4f87e6b806c2
3172 3d1561447597fc44
3173 199d564b26cd7085
3174 83bf5463728bb2eb
3175 e23a1bdaf01a8916
3176 2e083dafe5841b54
3177 cf91cbdfa05bc856
3178 cbdafd7e21109488
3179 67f4ea8f49f870cd
3180 5cfa7ee6d9bcaee3
3181 a76682d6990b5018
3182 30388e0f72156a05
3183 18f23c292d1a0915
3184 0801f5e2cf6faaa5
3185 577c68f85ea4b2cf
3186 99edebe6bb1d7d8b
3187 f98ece716533dde2
3188 a0482022909a4247
3189 bdd81fb183cc77e4
3190 7e7f36c4806388f3
3191 b6e5a78d555a1b83
3192 5e60d7600e4f7112
3193 5dc657683823f940
3194 fb58246bffc07540
3195 35b0039bfe757d5a
3196 8e4ca35a4561dd3e
3197 be612ec5a1700441
3198 0eaf4623175fcbd0
3199 8aec2463d3365380
3200 f50abf3095bc73e4
3201 fc99af59223c3dd4
3202 71c42fb3c751d985
3203 b4242af7672f0c9d
3204 686cc302e2e55261
3205 98cbdc0feba8370d
3206 a5d23a79f8596cf0
3207 0d305cbc78a61b5b
3208 c3d246bfa227ee86
3209 04313d3640838da0
3210 95010a455775dcbc
3211 2b8bc160ae204ea6
3212 a32cc3c8a8fb83c6
3213 3d6fe6506aa678ef
3214 058b4fada193571a
3215 6f9745f7ad61bab0
3216 a304163c009e6226
3217 57d28b7a5ba0b77a
3218 6fc975037e263261
3219 afcb630465015304
3220 22fc1f8b52b7040c
3221 c38fb2e9f6b0a57c
3222 ec0f6c0ce3707de8
3223 143a38d83cce7046
3224 e0d02f91ec388abf
3225 9eb708196176c205
3226 b5165d329e2c8683
3227 ca9444acff8757d1
3228 9643f9a802fa324b
3229 bce66237d64505b5
3230 594e48983a2af094
3231 a8e6a3ab13ca8348
3232 c5355976e4546893
3233 0d9b6def646205a0
3234 cd74aedcd654d86e
3235 abc99af1c640ce79
3236 15869c8b0226874f
3237 6e0ea1955ae60b85
3238 25bf5ca9bd224495
3239 a634bfe33d47b2aa
3240 e6d15149b8fef9a8
3241 6456af5060d2aab7
3242 a5b02fd980d96cad
3243 adf7af0ccc32c462
3244 9f0cd4b7efdd348f
3245 87324877180d1c4d
3246 d3e596159df5f4db
3247 7344d1af326f3879
3248 ead9cbab9ead4f71
3249 4f06869d46f6f5d3
3250 6bf36d6263773734
3251 471ccf652fb2dcb2
3252 90a45873a2a039ae
3253 9e55f139eb915b35
3254 6462ef8d8e3e9269
3255 12fe2ce44b99f6eb
3256 98b3fae1f244d27d
3257 d5e42b607e279d89
3258 a8b724618b148797
3259 50d24577a59687af
3260 acc3d1c90cbd68ea
3261 06e1873e3bd132cc
3262 ce7c33ca53f1a2e7
3263 61750f0dd0c52520
3264 a765e3208ef9a612
3265 dbc811975ebb4ccb
3266 ae5195aa5caa1b5d
3267 661df28d2afd5d2f
3268 c445075584f5f360
3269 3769886e78f3b6db
3270 6796c50098816841
3271 ecdaa0789c56c368
3272 e9ae0545090a38e8
3273 892a7c4ef779f0b0
3274 50d2827a92faf162
3275 eec5200258a3dc67
3276 6971a1a7dd0ad769
3277 5184d8abf7764d68
3278 dec1c68fe8385d5f
3279 e2b920a097c9a023
3280 1393c5c2ab3e7238
3281 53350bbfc7ec7b5b
3282 9bb793d45f3f0b08
3283 718c33f43827f2d1
3284 0634b60258887aad
3285 a6242c0d98f58f33
3286 097570fbf197df5a
3287 7be15067d4b54a1f
3288 e56ee3db6b9eed8c
3289 fcae496f76b49014
3290 f901b52f4463d941
3291 d1648f188643541b
3292 3e30559d0524c879
3293 fe36e307722e750c
3294 c17d6053390dcb7f
3295 dd175bbf018149ea
3296 539f3bed70580ef5
3297 b4fd0963be2ea479
3298 6702c6803fdb79a2
3299 f153dd80278d4e1d
3300 09b421eee36f2fb4
3301 ffb55acd631ed473
3302 1e48d94f159a87a6
3303 070d2d70c648ce81
3304 f9e563a510c325a4
3305 ea9488280780a8c4
3306 fb7e64a68836c047
3307 c81162010139f03c
3308 981c9f8ed05e5c8f
3309 19cdf082b2e2568f
3310 4fa5b2f135015158
3311 8191cf80a7459b2d
3312 73a9f0d440f2e3ad
3313 596f94e612a86070
3314 bfae5e11b36dc881
3315 c42392068e78efe9
3316 dc0eda5913b3fe1a
3317 05a4d56a7f94e94f
3318 2b3801d6233fb186
3319 9c434eb89f93ba2e
3320 7a4bdce56afea568
3321 68e197bf1e7b5891
3322 919c3651e56595af
3323 770ee612f7c40325
3324 710a1bcecca71b18
3325 5f7ffefe55f17067
3326 41d9a09160a251b4
3327 dd2a62c1e8ec24cc
3328 4e37db8f9d70c299
3329 1c57effe0c329364
3330 792e9a7b5dc0a6e4
3331 007531cbb33f103c
3332 4a11951c7e05379c
3333 3faf2143aac5492a
3334 fa6fa7f9f193c63f
3335 2553ef46a6530314
3336 03a0eef19c9b3a74
3337 7d05f068583808f3
3338 77319eceda8ec9f0
3339 afcbe89268f060a9
3340 b2e5b058852c86ab
3341 4f43dcf263691977
3342 6558aae00d1a4932
3343 ab91d920d68477fb
3344 e1d762cb6d524637
3345 ab6702a210f7459e
3346 51f78e9c084a8606
3347 6d4aa79e43e3abce
3348 22b169184c5c3339
3349 c692ff211d940d25
3350 9d74a4ff556c1793
3351 06ecfbbd60a50b90
3352 83be572025612457
3353 34ba5ae61f6ccea3
3354 5b4cf79de2a61bf9
3355 0a009834ecf86225
3356 b71e5ad66911cdf8
3357 34b5208e495a88db
3358 418ece12679f0251
3359 4b840d4ba7319936
3360 5700d6bd4b58a104
3361 72956581e92d5ef8
3362 da3de9ddffc22364
3363 d78f1fe912eeb9e7
3364 fcc6d1d294a830ae
3365 3811fa23a2c1b66b
3366 8a2f49b7675cb98f
3367 6d8fd1e2069472ed
3368 1104c5c76e5097e2
3369 4d21f909beb215f0
3370 5be97c0cf340389f
3371 32af315f235c1cd8
3372 f33d1435c4a0872c
3373 389633575fb5f96c
3374 31bc7f4160910181
3375 057fbd8dca02d6de
3376 8930e5434b5e0111
3377 609e669b10a29daf
3378 2e3ee4f4f8c57032
3379 c18cbfc4960a1ea1
3380 e13accbb6eff250d
3381 7772cc0b4d3f33fc
3382 c1e744e5b8b617bd
3383 2c8beab22e55cbf5
3384 64200ef397310bca
3385 12555bebd336e9c7
3386 8b80d090086e4235
3387 bfcbdb931a8e0bd4
3388 d6f03270c9354508
3389 1ae4de18054fcbdc
3390 d158662b3bc98dca
3391 9f803362fb79d68e
3392 e7fe86d07b2c2aa9
3393 9d8e11491ccd07e7
3394 41325e1ce586b399
3395 11aa4291908c7316
3396 88095ab71c10f8d0
3397 43b2288e0ed40344
3398 8321513aab4fe9d6
3399 a3218db0ea481512
3400 149efb1c68f10286
3401 0aa8b9f63eaa9522
3402 41bc0f4b434a93f5
3403 e90c2955f9d86dd4
3404 a6f51fa9b1d306e7
3405 25156fbf3f2763f6
3406 3f7189997cc052a7
3407 d4e0909be2d7018f
3408 fdd4c85bc5cd7662
3409 5d1692373f54b81a
3410 bd604a8841abc53b
3411 08e788bc40c0eed7
3412 850d19e43813d96e
3413 62d2270e3cb3d261
3414 3fa9dcb452846efa
3415 f24fa642750e990d
3416 7e5e515fbd401b3c
3417 b074dc3d71a09fd0
3418 d39c8bd7fe7db45f
3419 a8626d183ae817b3
3420 7269b3417021ef89
3421 15f40c444d5b9e4c
3422 026ccc2eb2c33aa0
3423 4aa40520adc596f7
3424 7c5b417e3f0fb267
3425 bd0decac767fc5f4
3426 92376ab2111cd99d
3427 11156370c8f24ba9
3428 7748c00684536355
3429 0ca35794633c4754
3430 eaa0eab99b4cea17
3431 28e01afdba644014
3432 7d9ebcdbd182ab30
3433 a0d7b7d4853f511a
3434 d7ce7b4df4ed534f
3435 8aa5912c147be7e3
3436 5cf6e69f62da9310
3437 d7e085e1acf97157
3438 3b1cf4da6d79a12c
3439 62d12474c5d091ec
3440 fffc1d89f4d5219a
3441 57d59521ee85d031
3442 773e3f65f294b13b
3443 f74e11cbd7a8730d
3444 ba0dee7f6304fd67
3445 070c931f1e2e0c77
3446 c85e3ae48137a7da
3447 779b7a1df66684ff
3448 c08d60ced3f23d2c
3449 6f44d355e514fd6e
3450 74db76aeb1ed7eaa
3451 d7eded13fa5ca30d
3452 9eab8f791163234a
3453 0dee879d1eb7c463
3454 3c5affc490c64e01
3455 c77818a807c2e3c3
3456 625dd6e5992fb140
3457 c9780b9abc0ecafb
3458 6d71db7a0022a863
3459 661070272d9dee37
3460 4c65c08bfbd7445a
3461 3d1b53ff36f11b35
3462 2c93e8b60d29e908
3463 fca2f1e63660df2d
3464 d2180767c2f1539c
3465 132aac7c664ae5e8
3466 20681b74e93b7559
3467 6587c8ac8c37779a
3468 7e6353322ec348c2
3469 8dcd217a5d754b11
3470 60afd6aab55c2215
3471 e002fe3af8a44b08
3472 3ace22eb5f56cb92
3473 836ae5ab3c74c217
3474 8f8b1bd77ebba513
3475 88b19a2f78b8e6bf
3476 95d08b9ecf63aa30
3477 b71568a75cee5554
3478 a468278f62888804
3479 d68847fde3c92d87
3480 3646ad42c933d9a1
3481 441d253cc40672c5
3482 186c36e8925f6078
3483 17d2de0eddf5caee
3484 336d04e109978626
3485 772bb78bac7b09f2
3486 26ee441985fc0ad6
3487 94df967b09dccb0c
3488 7623cfb09acade20
3489 55a78c26748b8104
3490 3dad2d2266dc904f
3491 b1141ec09f13a3df
3492 744f7cdf53ab8963
3493 166daed79444b03e
3494 ef13b84050dbf9d8
3495 793f29031bc0dcaa
3496 82b6a174b49df073
3497 6177b75fcb993a44
3498 6187f03b482f66a1
3499 233eb617484e5f6a
3500 97c32159daaa05d2
3501 648e0e8877cdef2b
3502 ce7cdabdbd009c40
3503 73147fcccc76ad86
3504 2f0aedf62567f91b
3505 0a1774cf1ff9fabc
3506 98941e321e4cd24d
3507 e212693eb514bcb5
3508 c537f56002be2f2f
3509 1a58a3b924813ce8
3510 2619c780bf1644ef
3511 95603eca2f323288
3512 03710def4081e93e
3513 e5872ffc665e8248
3514 61e6402843bafa05
3515 2c1b7bac9b4bd2ed
3516 8f345c21eb881abf
3517 6285919333c8d8a2
3518 4dbe0c3682458685
3519 7810a20495b26ecd
3520 016567fbb3c18b16
3521 37df93788bdf5103
3522 a86df8d9dc400508
3523 ebff8e36c8afd876
3524 99d0d751e3b640fb
3525 3940cf5e982f2e7b
3526 4870d8c7403116aa
3527 e9f23ea944b06967
3528 40e46329ac6b4846
3529 0308cbc03fff1ba7
3530 703f707f95aab174
3531 f5b5e869aee337fe
3532 211db973b994c6b0
3533 fb4b35f78fc4a4f8
3534 0a1212a654297250
3535 9f7fca78ee878528
3536 8deccee4a426bd29
3537 74e9edd63cff5e0b
3538 6a855d373ff17f7e
3539 274b9714c8e074fc
3540 d710e7be7587bb79
3541 2cb61fda7e611052
3542 0690823d41419fe3
3543 bb77cfbb258bba03
3544 bdbd7c66e33faed2
3545 8493bc4e5b6ee8c1
3546 29b510719a3f3409
3547 85c55f8162b2de76
3548 0873df72956e11c9
3549 871f4c5f1407056e
3550 b4bb5dfc19b3f490
3551 0eb0544ce81755c8
3552 97cbebd1ce8543c0
3553 c195567502b66589
3554 7740ecb02e921950
3555 38feaabd290e21c6
3556 6deb9831d07a6af5
3557 c344175d4127e085
3558 ee91696c579f006c
3559 30f725c7800b7450
3560 a692fde9a17aa031
3561 8c352851e3c6594c
3562 5b21ad1f60142536
3563 8c01774b49795c0e
3564 255d59845004bb69
3565 f0e2f54bd330e30b
3566 493c9e658b58883a
3567 35a4f5da0f7e5ae9
3568 7aedf7c25037edac
3569 d78238a72d590b17
3570 0012f8d696a3f029
3571 302cc1fa1dfdc603
3572 a69ab988886958c6
3573 e88b28ed424e969d
3574 df01469ff5e86ad9
3575 181522fa8e325f18
3576 9aaed0c0898d5ae4
3577 3398f53704845dd7
3578 d5b323db17acf97d
3579 67550834a0bc6a7f
3580 b73adbd56daa5ef0
3581 2c0ef9009872ba9f
3582 1c9adf7e2f2ccb7a
3583 fdb2723ac9405c3b
3584 172b0aeb7d10a8e6
3585 28aa2d1f0e0fcbc9
3586 1f97e06c7d560b57
3587 bca630fb513c4ef7
3588 810f9c7960193e72
3589 e068050beac88c10
3590 36156ec7785cc063
3591 a118b9bcd2d82440
3592 f8a9bb84fe113ede
3593 64b099d34b7158ab
3594 dd9726a5d88d7921
3595 59facf9f4f1453d9
3596 2febd1b039bd1d02
3597 0ea1812739c69f8e
3598 833c54f92b5d6489
3599 287488a883090a05
3600 37bf9575f06ae358
3601 f55da08149a951fd
3602 875db5b52d9e971b
3603 b4c17a6be2736304
3604 ded353b9bbc662f1
3605 f8f18c9dcef75ec4
3606 76f0a6931f9b63e0
3607 8667ca8996998931
3608 ec116640118f7a9f
3609 4554e5fc296bb7aa
3610 c3411150d388eeec
3611 ebe2e87b5194d7f6
3612 aa961ca822e158e1
3613 b406ef91fffcfa6f
3614 4ba99da9016d8658
3615 d3fce29d0718775c
3616 f6ae56968e30d7e6
3617 49602c344b157684
3618 3051b00203c96301
3619 5f9ba51c2cdb4d31
3620 1e56c8170e2c25e8
3621 b5cb8798ea409a3e
3622 5231f91da61e4954
3623 56e2bdd5942cdf91
3624 8b419ea4721b1957
3625 8eb878da496c1e93
3626 cd3a88982db3b898
3627 60f4ec9e5d57a499
3628 79c2b989a3524e64
3629 dfaa635c7cb00c60
3630 7d1d4bbac93a4ea8
3631 f805da7c09deb339
3632 3b44dfff78b8f7b6
3633 c97e83a734599ef5
3634 4573ca28d050d66e
3635 3512a0902786de7a
3636 14467ebb1d1b4344
3637 f71b57c6a8f782d2
3638 668f880506533516
3639 0712593d8b796c77
3640 d2dbb0df2bd97d77
3641 4671ccd92867dc92
3642 742dba9935903d66
3643 511fc34dc800b13e
3644 9142fbbcd76eaff1
3645 9eb1f3b7cec7cdbe
3646 bd4fa7c4410a8d17
3647 8bb62d689532963d
3648 9df7d7928f0d26f9
3649 8e5e82cedee4662c
3650 1fab9c05f666d107
3651 114811ab23844142
3652 b5894bacf7dbbfd4
3653 8ec29323aea00527
3654 14d8e9af7292b01f
3655 3c9016f59e33e595
3656 d0241b61c3353275
3657 cac4d2674869a4d8
3658 d8d3d403fa36b682
3659 873f5b3ce807e2c8
3660 a21be4c6d96812b3
3661 e7cb359d44dcf0ce
3662 aa012963c4f47f98
3663 31c8d950e8545802
3664 60db00dfef6ba13c
3665 54102f4c8dd16506
3666 6d941840ff8d32fd
3667 07de537fac1f526b
3668 2390da6320074582
3669 a599ad589b3294e5
3670 efe7d4ee5c30704c
3671 2ce9070f8a5b0bf2
3672 259c81938e38bd65
3673 0d407fa39cf10f30
3674 dc30606313c60e0f
3675 16e29997594de0d7
3676 ea738aa6d8d422ad
3677 32e21cf321774475
3678 8cf9e9374ae429a8
3679 dfd61223356c8c6b
3680 9b245336cca65baf
3681 8547e1adcde36bba
3682 82300b819afb36c1
3683 c8d67d84c77cfa7c
3684 3bca1066ad87b41d
3685 bf25aa59e68e81c6
3686 934b7ef26e18d85c
3687 e9de3f410a3194f2
3688 8c33ae39fac4d4ea
3689 6b8440c27ab88f59
3690 c0d8403bc993676a
3691 7748bd0e5053703a
3692 f998668b90ae466d
3693 5676054607724928
3694 fed3a305e50f21ea
3695 78266d13fd389c46
3696 89af4266d5f01273
3697 7db413e69d7f278f
3698 03b14dcbbeed63de
3699 2de6b3e3c26a05c3
3700 ab3097c1116cbd38
3701 578c6f287df8e24f
3702 b0cc35b7a034f550
3703 589408105045d08e
3704 e2fb861d952cf1bb
3705 e0a2a86314fb0de3
3706 ceca7c3c97a73525
3707 b4c0d45c450d1a1c
3708 cf465f6032a84a3c
3709 121ca06dce635076
3710 3feff629424c5133
3711 b9b2b64dcebbfbcb
3712 84232336534fb8a5
3713 963f911fd0563010
3714 ecd269bad77d33d7
3715 d8c7a00cd3176acb
3716 6f197520510cf336
3717 7fd9dc586ad8ba26
3718 1f6e05e7c4bc864d
3719 6190cef2e1baee31
3720 426a04a88649835e
3721 ffe3414802d76780
3722 c542c79c6c1f2f60
3723 43fd6f262923f5dd
3724 2d70741d71197cd9
3725 c6d3ddd615b35779
3726 1f1538e5542d292e
3727 2ad867c6a7fb80ef
3728 ba2662934454cc4f
3729 7fff1d0190e2118c
3730 f5dfaacb65efdcff
3731 2c720b4f8aeddedc
3732 e12cc2c3bd98e29b
3733 74ab42739b7cb8c8
3734 ed610821ef0bfaf8
3735 6f8c2055b0c34d9a
3736 b683f5676b928df0
3737 0fe4e22823a46735
3738 aaa50ad6b7e565e5
3739 3e0a0e856a62b19c
3740 24098e4ea8d1d572
3741 d1ba0f8d555f0605
3742 dbe8c093ed8cee3c
3743 59a811028f33ab09
3744 850a0af94197207f
3745 2a6b59fa6c7c58cd
3746 962795151288c324
3747 88ccb4eab5286f7a
3748 f1ab46ce5a0d2414
3749 325dcee08fe240f0
3750 e8610fb4cea37341
3751 606fd80c5ac1166c
3752 e647fd9c334eacf6
3753 725695bfc992d0be
3754 eba4c667c9da79e3
3755 7fdda2bbfda87040
3756 9039e07e3785bf14
3757 a3220bf65c62537c
3758 a12104525a27c487
3759 bdca17859bb31b9c
3760 ca59199dc8ce2bc4
3761 182b7196be1d1e45
3762 8419fa17e9b96109
3763 b0c3586063ae534c
3764 a0ba38906d6b074f
3765 a774f0540f071b08
3766 6b452cf3b88cbbe7
3767 d1714edd3c34afd5
3768 944e134bd84419dc
3769 4a2050f672e6a068
3770 88cc4eaa362e52d9
3771 21b106e68636005c
3772 01cce12bd3a61b8b
3773 63cbe0102594d1d6
3774 37ef026e35437a5c
3775 e3c98db38638ea08
3776 4f8175529957daa7
3777 5ac849f9550831ce
3778 287ad9ffaffc1b61
3779 48e8f0362ed41590
3780 d41588ffbdd510ad
3781 7b4d8a4ae8bfe253
3782 631a032af40b32c7
3783 673aa1aa59172005
3784 86721869744baab9
3785 1a9c0d689040e016
3786 66441ff66bebc872
3787 f99551093e9f9c99
3788 3dce059016574875
3789 7329e5f0f6e4dacf
3790 2e2302014ad6b961
3791 7497e2106eaaa61d
3792 d32b102c49b4415c
3793 e750b53fbe847752
3794 5b039b6c0a8ce768
3795 ffff587150f2e423
3796 d2fc8cbdcc64d72f
3797 c9567ff0b8d91119
3798 122208bd86d03bec
3799 9ac31999e037e7cb
3800 6eb039b409fadbc3
3801 3fb7eb6645076cd1
3802 64d94104390338f0
3803 40d2657568a2517e
3804 63548a6e9a38b7b7
3805 32c5b14c49a8bd83
3806 156bb62b21557c39
3807 8c95cdd52a6d2896
3808 807e80e25700e874
3809 5985c88b2226426c
3810 260869646c6407f2
3811 577c0caaa7acd234
3812 74f0777d66fc56ce
3813 69a95a63927e2a2e
3814 7bc7e066cd30f235
3815 c82c478103acbc5d
3816 204fa3392e968dd5
3817 916f267884540475
3818 fadd56b0ff61541d
3819 555d1329b6a6bde1
3820 9f2e9c60bb485929
3821 afe27754a5a81f09
3822 9b8d010b5504bfbb
3823 16ddcafc2747f8c4
3824 b6c04d2bde79d493
3825 4e823a8da400a4ce
3826 1bd5b6b3d59cec6c
3827 548c5589023fe9c1
3828 613d95a379945454
3829 cd3220b5c4ad005b
3830 9089a476953db673
3831 8894d3ff02935495
3832 2ffb98e633d61294
3833 a2f8c20586c34660
3834 4e8263c8e1adcb50
3835 8ccb3a920cee9f80
3836 d3660d2dff44ca40
3837 73763a60cb1c00df
3838 fb49fcfe50ce6018
3839 0b905bd59830c410
3840 14ff5bcade050176
3841 cba9ad8a657bdc36
3842 57542295c015b330
3843 e2b6da3c7085d371
3844 6c19855831caea84
3845 6ffb45c8af9ff4cc
3846 c9f71f6881a6b8fe
3847 721de7899a1a6dd4
3848 a86a607418147774
3849 e29e4d76aec28b04
3850 e7c5afab859456b7
3851 eb1d25a9442f15e9
3852 f0bf50bcd4b6b659
3853 36b6cc4609588757
3854 cf1c9cc30d186890
3855 05e3ab991eff02e2
3856 f3fd95e49ea77e72
3857 b834ca99ff5e3108
3858 8ec7aa5017e1b422
3859 050f3657b9001c70
3860 5373710d876445fc
3861 8a195d27e5f86833
3862 131911010f3029d9
3863 4a029cbd45bafe63
3864 b33ed0a132e821ea
3865 8a0215ebadbe7b6c
3866 adca8967b50a2750
3867 cea932b55188ba5a
3868 ec5c1a054e18cbd4
3869 c2514978586a4527
3870 6a4087a6713fdb18
3871 4c3d8fcd2d617d88
3872 fee66e06e691b357
3873 dc501ca6f39e7705
3874 2e3a22c0e5bbbf7e
3875 51b605517f7c343c
3876 e84b0ff504a55814
3877 a8dafd2ffa0066a6
3878 9a60b986e382ac34
3879 40644d479357ff71
3880 19c97d964f5ccfe1
3881 d27cfe1b1eb7a79b
3882 86713b3c8d5feb10
3883 5b75a69f6f560eee
3884 ad2e24d575cba1ef
3885 cf953e83e6a0c9b8
3886 55d681008e539146
3887 014f39f1f2e12d3e
3888 a8d42697ab2a0453
3889 f5ec90ccc9ff4d29
3890 33dec6728c69b0fb
3891 275a5476836f6119
3892 1e165b9e389b29bf
3893 50f79bf3cf3bf14b
3894 06079392780ec6b4
3895 b042d84cc8308a13
3896 1be54122771b95ac
3897 3f49e09134adcaf1
3898 baaac78313cbe3df
3899 a78893906c3180eb
3900 1ef4d04a50ddbf18
3901 8d59c744420b4630
3902 ad8118202166df01
3903 9798fa412acd75f5
3904 615a5ce92ba57a9f
3905 88412d25984d8379
3906 3d0e085ce033aff5
3907 ff27eb01e5e634aa
3908 75f2c8a8519bf8ad
3909 3756f1d14f1fda42
3910 9dc7f1f3a60db9af
3911 0b6cdbdb176e6adb
3912 42d6e490e776b204
3913 a5dc2d545137afaf
3914 b41cb000fa4110a6
3915 02630f519671f886
3916 78c84482e0255500
3917 835b7557d7d01c95
3918 68a4757ab6e35f75
3919 d85c876a2c329ab0
3920 bdf8692405f4bb25
3921 47db2e6af1ba20cb
3922 9df18a01fc35494f
3923 89a7496a4bea3091
3924 dd595d4626080d45
3925 2320c4e8adc679f0
3926 01d29a328341370d
3927 90887cc7676278a3
3928 7fcd34342051597b
3929 3ed78ea41daea1f9
3930 487c33ee7e6349ec
3931 88c56fd15e0e086a
3932 27bfa0d8f945237d
3933 5cdd28b772643e49
3934 baaa32ba37dc1e2c
3935 a01bb2a6470100c7
3936 e91b27b53dcebb4d
3937 8feb226092314284
3938 9564927f531d9b24
3939 43d40a0a39dcb052
3940 e24840d41cff40f9
3941 99ca4bc5ec57da01
3942 c9fc6c8f7cc1d163
3943 83df4aa9f8770c12
3944 a2419519f917afd3
3945 eb1e61282cbe41fe
3946 270f00fe9098eefa
3947 58132131f0640051
3948 abc234cb086be575
3949 6f5eefd5bfb3ea21
3950 5e2e280b8f92ad94
3951 0b8851d6921aa49c
3952 9d57de26073e00a7
3953 948dc84a876e72bd
3954 ca0a129a9252496d
3955 3c1dd46a9b4383d4
3956 c598371ae5a79cd0
3957 1248aea1fd211280
3958 5fe2b3b3e8f6430a
3959 190e2c19bb7979a8
3960 e0f1ced9ef999a93
3961 f5c6ce6bc395dbc5
3962 ffcd9e6420078086
3963 3eb3488a9ae10f60
3964 8a5691db7c8f19a8
3965 1c2558bc0910164d
3966 400859917f6525aa
3967 c4200e020c556900
3968 5bf3c1c8176aacd9
3969 ceb1c90ede0bdf1b
3970 2dbfaccc0d5d386d
3971 f7d101365486f02e
3972 d1f8d0f48ec9654f
3973 f368a7b271593582
3974 98a99b1e952df5f9
3975 763b07b647f5e0f0
3976 c05dc712a6a7b671
3977 81af37e37ddb0e34
3978 a5c59e5e11cb6516
3979 08ead9a8f1c1ae56
3980 3db9f524797b64f7
3981 e9492c6fae9db61d
3982 48f9da2adbad71f6
3983 05897af4a1dc5e20
3984 7eae9f4637c09573
3985 d3d37cddc9217a96
3986 45911216560ac4e5
3987 04e6efcf89057dbe
3988 bf7fca222559447b
3989 dc8d8c6c23d62c94
3990 bae7127015331c8f
3991 c32aef6ab9a747d7
3992 b06f990d36fcd593
3993 f54902f7a362c5f6
3994 caedc06135033131
3995 14b0af16a54a318a
3996 75506f46fccb8508
3997 9c804f97ee5967c4
3998 93c45545a43e1dca
3999 0cac3564b73e807f
4000 aaf3fe226a2e77bb
4001 b2c32abbe5a3b76b
4002 36769b31b33f3821
4003 18c1df8ae8dced1d
4004 a3684baf2f44ced1
4005 14fd7f0ebd096ce8
4006 9c3b804b4e74adbd
4007 1e365c9a8adb3989
4008 23b8f86b8f6b286e
4009 9af95f2557a3e665
4010 a5b8fec00736e0ee
4011 e3f6e7c475bad9ad
4012 43f1f5ed374a6f7f
4013 0812d3e835b6b99b
4014 19f87b915776b9f3
4015 e011a3a729ee8b53
4016 003392473abbc2ac
4017 29fdace7e28eff84
4018 3c4004900d34f096
4019 6c93e85bfdaf5fb6
4020 912d17f337c52da7
4021 1ce3f1ce5cbe4058
4022 ef091446fd1e9e82
4023 11cbcfa0260e037e
4024 609f956ca33ef6a2
4025 03d1fd29c6d46d56
4026 fef0d894c6d911af
4027 b5a070792a63dbcf
4028 44d5a31489f58346
4029 7a627aec97d6d4b3
4030 d880958a41c4b78a
4031 eaef254ea8e3cc26
4032 6bfb4b426fab9abc
4033 a2a557c7a46cbdfb
4034 3a608ed3de8305c6
4035 9982c482f111306a
4036 c3979c15f6278236
4037 e8b48b70a14ea39d
4038 472f6de6e25172ed
4039 552445ab9c2a58ff
4040 cfcf570aff43978f
4041 ff3901afd4b6e0b3
4042 1d1a582419ac669f
4043 888f78646a47a4e9
4044 4957f03b2dc05caf
4045 3b6bd034e6125743
4046 514a64c4bf8aaa73
4047 72c979ce21a7a858
4048 910d15b3b8f011f2
4049 1d4f7975e00f42e3
4050 582d2b112a2acc11
4051 ec679e331e70fa1b
4052 f5c3ac2a219691ce
4053 c833bfb5f03ae0b8
4054 90fc756a0647afa4
4055 e9a25d74cf9c435c
4056 486b532d732efe84
4057 20ab015f60757368
4058 1e9466e681340d31
4059 dc6a5c8064cc24c1
4060 88bb5cb772860a9f
4061 d08c42d4af111710
4062 fb925646a2571fc3
4063 d5470f7c0d639583
4064 d454521730bcd052
4065 a95c70009f2ce8bd
4066 db760736ec1058c7
4067 6845e009860e3b42
4068 bec30b8edfea272b
4069 03ef662b4b8ebdf9
4070 23e9471076098c7f
4071 87fa05bdab5282e2
4072 cbae71d8acd05853
4073 c1ea20ef1e0d39af
4074 8593fcee92cedd4c
4075 d9b1b855a468dcd4
4076 61f606662a13c94e
4077 07b81f854178bb9a
4078 ee6c7816a48d86dd
4079 a956bd6e7fdc29fd
4080 edd4b068d9952625
4081 fb99535c8e0090e4
4082 6e9bc5026d791260
4083 367db1b9a2b291a1
4084 860540f5bcd1915e
4085 7cb0374b3b5c11d0
4086 834889ba57c98908
4087 69d9262ce231fdde
4088 338a11bb7a5a3676
4089 2705c4b05c7a3c0c
4090 7c5a08ed7521101d
4091 0d0361b4d38a2d71
4092 31f0c214f19ca02c
4093 a2dbd0d7e5d961c7
4094 713de3f87b09801d
4095 14ee458a73d8ea81
4096 a4591f8cf8a10454
4097 cec74fbebf50fc10
4098 669781d7146a0877
4099 548400af6938df1d
4100 e341da1501832dae
4101 60175e6d68a1b77c
4102 b546fd9b27927be3
4103 7ddb0d32455f9b71
4104 ad6f8c90d48c57e2
4105 40ac9ffdd80d2d09
4106 fb71915af3d3d26a
4107 3e995eafcf5963cf
4108 899e6412795fba48
4109 cf6254b1a6f526ec
4110 a108305f62dcf3a1
4111 d1f337ff57aa481c
4112 cc015d7c449ebd28
4113 a1f63501c84c3ba7
4114 bbc81d9282870d6c
4115 78fa2049acebc091
4116 0f79e6dc1071ad41
4117 8dc5258f4115b882
4118 80f7a7292ef002d7
4119 aa4d3ba2a3056086
4120 09f0ab80c7e40db2
4121 8bd2c0573f0c04be
4122 8d7ff254dff031be
4123 427ffd6dd39d0502
4124 2de2be1661e4865e
4125 b564168a19de8210
4126 2c51d547cc3c0e80
4127 5378e2b91ebfa3fc
4128 ef70f6a51a002a58
4129 d92b1dd497494141
4130 6a92dc04520d64a1
4131 f856401ece3c6746
4132 b9bb29691431884d
4133 3d9055944583ee31
4134 e39e4607be798a36
4135 9cdf8858fee8de12
4136 c4dee5f3d4ffbac3
4137 95492ac3e0300b6a
4138 992db7214ee10988
4139 38b2b1521f9badc7
4140 4481b886090655fb
4141 79728b03d9a73b2b
4142 21612f5fa9480492
4143 3b3002a90dc57232
4144 698ebf148c7aee1e
4145 73317dd1e38c8739
4146 87423cc43ed972d6
4147 aa615198d3fb9dfc
4148 c8cf931e0bd66462
4149 8f80ba7b7948df90
4150 a9b7d8ae90b09830
4151 c23ad811b802fab5
4152 61e4272b9fbd7213
4153 bd78b7ecb98cf5b3
4154 ca4a39d30a9c6e50
4155 987b49a0cddb6312
4156 425e0e88a5ea4b50
4157 79d4e1375326c045
4158 274bfef410454718
4159 63a6a5b3641ab085
4160 b4754da83f8bc021
4161 cad98c8952e357b8
4162 fb0501f6670635ef
4163 7634cbf3f8067cf6
4164 860af0dbd8993280
4165 0314e94d15b22edc
4166 4781fc266cedf5d1
4167 0b401a7f845e9487
4168 5c7a6780f1b14079
4169 eb41037e007f9391
4170 2dddd9bb38564c38
4171 2b7b0136ca308709
4172 dd9a8e0a872e9850
4173 6c29fdebd87d4a47
4174 65fd7ab35c372c53
4175 3bd08c4fc3f1c058
4176 2a4ece16c490d180
4177 78884b2f0b3ea606
4178 dae1bcefde46400f
4179 16c6d6583a74dc37
4180 c08ccc5b53fff66c
4181 ccda969e7ecc79cf
4182 423d92cb373fe622
4183 b78e870ffbd09c7d
4184 2671eefe6b82d7c4
4185 e7ff85ff8cc501d3
4186 6b23653236cfe09d
4187 163138864df27d1b
4188 be21c883d70a6369
4189 712eb34cf5830f21
4190 ba91d1305d585ac1
4191 e74ebdec32616768
4192 8c8e3a50f148c6e7
4193 e2dcfd22f43a9021
4194 28a6dff1618e8f1e
4195 f307413c61b2499f
4196 a4e0efc5e85372da
4197 a2e69df1a7365d17
4198 3bcf9bb3e6d2a624
4199 00da24ceff905eb6
4200 7323e0176818750b
4201 b59e1ed7ad61e4ac
4202 00bab205a887e7cb
4203 14a03b5ee28b0e31
4204 425ec7bab933ba67
4205 27aef2bc89cd01ff
4206 69e331b5befc8914
4207 254d87e985035f35
4208 80d46b51e2f15d99
4209 1b3b2f885b70fcb8
4210 9231cbb2dd51574c
4211 b7802dbcfabc0a48
4212 250584a439694a94
4213 72452e1b509fee6f
4214 412f968c15b088d1
4215 ea1355bd3fc5c595
4216 2bafcaef705023c8
4217 99b5f77c4382f497
4218 626e4bb1a43190fa
4219 cc187c79c1b17d48
4220 3e5799c8bd1f2e52
4221 0958a956c12fefef
4222 4b83df5ffe7fb13a
4223 b552ddf862e9db69
4224 bf4f22fe407c27dc
4225 17e77ae5c7ee5ea4
4226 733c13f55abe6368
4227 f146af6d4f0acda0
4228 8e5c85f6f3f0d0ad
4229 62bffb0fbd1d4b18
4230 41b1e8441dbc355a
4231 4a32b99952f4f54d
4232 5c192db8b6f5e7a2
4233 460199e4511f5e46
4234 cec43fbdbef0961d
4235 2117c970ede1f457
4236 234c06a42af5e24c
4237 b0ea9f6a2b352b2b
4238 2d0f3f35ed1154d1
4239 e0c12667bce057a0
4240 8aba99edb920d7e8
4241 f565d71b08e84a26
4242 b71f5871dd11eb60
4243 079e13c9fbcea031
4244 e45b9e0e96bf921f
4245 39e601eb71ac4d71
4246 ea12b7764a8d1cdc
4247 d0f067a5b4ced216
4248 2e0a7f29f0c6cf6d
4249 a612b345c422641f
4250 90f33630eb4bb089
4251 8ee6b43de173b39b
4252 abc86c7cd4f6237b
4253 116c8cc7a1f4cfb1
4254 d47644e52db93cd8
4255 80caa323e04b21dd
4256 601723e4fcd5074d
4257 f03a1701049b9a2a
4258 5c3ef88bca1a1b4a
4259 03e1a8c9335af930
4260 5dfb39eb7c016405
4261 5ad3aa8e56bf30ec
4262 59659e9c329046c2
4263 445931f3d330a5b2
4264 d58d4bf0ad2d5673
4265 ba2c3a4b36630e8e
4266 5ed4c9261a6f8c54
4267 befb77384e112bd0
4268 f35eb413e9ebc7cb
4269 45376dc66f19976a
4270 1f4dabb9d4b940e2
4271 32afa2a7bf51ca1a
4272 6a543e77c55b5ac8
4273 7ef742ef398341f7
4274 96ab1c5bbe9446eb
4275 46fd6e9c834f3d8f
4276 01a7eb2623c791c7
4277 43cb2d9b3ad18f50
4278 3972e6a503d84967
4279 dda5e62706f2d78e
4280 a07dc37fab58a743
4281 171e543fb93bbcb9
4282 5f417c2d524c7c2b
4283 a0eccd9c7fb86cd3
4284 4042aaaba8559b90
4285 59f02e3545a4fd2a
4286 0b391d9ebaf25636
4287 340ae1c69bc0e994
4288 0b1c2b6edfddac4d
4289 415e55adf30972b7
4290 8c8784dc3f7f85be
4291 e91d8956b05eb985
4292 22b4085abb2e656e
4293 6519d9d79560494b
4294 b03d2b29136ebe19
4295 9db629049e618a4d
4296 efe59b0a52d6ca77
4297 8b9cb6d49f5c3826
4298 761afc29fed81b1b
4299 9bda64826333c02e
4300 d35f95c781c424e8
4301 c62d92a930b14a67
4302 211360acc821eaca
4303 28bcd836c5c3770f
4304 68f8eb39b30511a9
4305 5d86e12c447ca7c1
4306 5a0b379873222891
4307 15955e8642683a11
4308 276d4776557371b6
4309 144bccf980a4d3cb
4310 9ec890300783bd11
4311 4bc8c08dfacddd89
4312 709799167c9c3de4
4313 1e02707f03411636
4314 561c9d88385ae150
4315 8a3cbd6037b39787
4316 502db5978eb30f10
4317 20cee3296701ca3b
4318 2581602720973710
4319 81cd631163764876
4320 2a68cbb625dc1af7
4321 a87c4e7527f03dfb
4322 4bd4b845b2382964
4323 c8f22b0f91d8afa9
4324 91fa295034f979b1
4325 167d203446e7fc0d
4326 c98347f2c9c7e304
4327 c8576b3b7188f7cc
4328 c901226c7915f91e
4329 85afaa243266dd98
4330 9e8fc023c04f1b13
4331 b5e2460c349ad9ce
4332 754c6c530645ceb3
4333 489c4c45b0159d13
4334 3ebd838b556b8df3
4335 9ee6b280a9ec17fb
4336 1f445147ad5431bc
4337 b858a73a741a2e6c
4338 0a26e5c66834ffab
4339 cca2e720932e247b
4340 47c7cf1f3bc2b38d
4341 4ba4eda1615f2cc3
4342 a965e5092a0cb7a5
4343 9e17f1a70f5ea929
4344 309c713be2ec1b33
4345 f55c56b81543c0a1
4346 b8e04a219ee4e75c
4347 de08d25bbe9d6151
4348 6256562efeae9926
4349 bea8e37916d2f86e
4350 96e2e6e61dd90a3d
4351 7cfe2a2feac710fa
4352 0b2557c72f182db5
4353 fbfd48259f72d7f6
4354 4dfa4410eec0c361
4355 d91bd1971dc7d3cb
4356 8989562d81671c0e
4357 0648ef28c307f67c
4358 330bf303ea95a1d0
4359 517856cfe64efb56
4360 10c78e18726c360f
4361 60b899f8123d9e6b
4362 49ce4f125b9bcbb0
4363 81367509d4abf658
4364 c85533de1fc09e64
4365 7023422f2ac4978e
4366 9df41f7eae404fc3
4367 72210a735d9582d4
4368 9586142292342c84
4369 dc79c6419c8e8428
4370 1715f4b43796149f
4371 edc821a3b93b7fdf
4372 691345e87be3ad7b
4373 b2d027540006e33e
4374 da61c4024c5a5824
4375 f338a29007598b63
4376 0cb0523a96032576
4377 3a5e38cbc7fb973d
4378 6063f68f6e70fce8
4379 a33174216fc76024
4380 abb19cc2924460ec
4381 8974a1941058dd02
4382 a0327a62b96d84b5
4383 6dc9b5adbdfb38cd
4384 73901bb83ba3a967
4385 461ae09aceae6fb7
4386 63633dbd3fc20760
4387 043af8b5fe0936db
4388 6f9c662fa4c5347b
4389 f62d6b29ec2658ea
4390 160957274c497f7d
4391 83e10b97cc586aa2
4392 c1025bdd79ef28d9
4393 f67abcb324ae68a8
4394 0a509bd27f5f8d11
4395 535c9c5507e8e3df
4396 321282602afedf19
4397 8739e0eabaf45da9
4398 afd2cbd205987f38
4399 38a18be62db61d19
4400 503ca77198f4743f
4401 8e01778678960df8
4402 413adb9496dd8a53
4403 3cefbff2c8e6a31b
4404 c3019559c5faf074
4405 03a95f113030b767
4406 c2474fe1b11a361f
4407 daa76778936258e2
4408 8149e6742d9e20db
4409 79306e173bab4cc5
4410 fbf38b57440b9fd1
4411 8a874d8fd6bc090b
4412 99adb3fdca02ba49
4413 420a909f82595803
4414 30b046aa1abb3298
4415 53540e0ccf8f48b5
4416 54e8fb5f65b63a1b
4417 90ae23a504ba06c6
4418 d8ed0efab39e9d56
4419 3e323d7880710856
4420 3a7d28eef0731f69
END 4420
