1 b9d103fd6854a325
2 b9d103fd6854a325
3 b9d103fd6854a325
4 b9d103fd6854a325
5 b9d103fd6854a325
6 b9d103fd6854a325
7 b9d103fd6854a325
8 b9d103fd6854a325
9 b9d103fd6854a325
10 b9d103fd6854a325
11 b9d103fd6854a325
12 b9d103fd6854a325
13 a23408d287fe4c32
14 b9d103fd6854a325
15 b9d103fd6854a325
16 532e03fd6854a325
17 b9d103fd6854a325
18 206bf4cc87271b98
19 b9d103fd6854a325
20 b9d103fd6854a325
21 b9d103fd6854a325
22 b9d103fd6854a325
23 b9d103fd6854a325
24 b9d103fd6854a325
25 b9d103fd6854a325
26 b9d103fd6854a325
27 b9d103fd6854a325
28 b9d103fd6854a325
29 b9d103fd6854a325
30 b9d103fd6854a325
31 b9d103fd6854a325
32 b9d103fd6854a325
33 b9d103fd6854a325
34 b9d103fd6854a325
35 b9d103fd6854a325
36 b9d103fd6854a325
37 b9d103fd6854a325
38 b9d103fd6854a325
39 b9d103fd6854a325
40 b9d103fd6854a325
41 b9d103fd6854a325
42 b9d103fd6854a325
43 b9d103fd6854a325
44 b9d103fd6854a325
45 b9d103fd6854a325
46 b9d103fd6854a325
47 b9d103fd6854a325
48 b9d103fd6854a325
49 b9d103fd6854a325
50 b9d103fd6854a325
51 b9d103fd6854a325
52 b9d103fd6854a325
53 b9d103fd6854a325
54 b9d103fd6854a325
55 b9d103fd6854a325
56 b9d103fd6854a325
57 b9d103fd6854a325
58 b9d103fd6854a325
59 b9d103fd6854a325
60 b9d103fd6854a325
61 b9d103fd6854a325
62 b9d103fd6854a325
63 b9d103fd6854a325
64 b9d103fd6854a325
65 b9d103fd6854a325
66 b9d103fd6854a325
67 b9d103fd6854a325
68 b9d103fd6854a325
69 b9d103fd6854a325
70 b9d103fd6854a325
71 b9d103fd6854a325
72 b9d103fd6854a325
73 b9d103fd6854a325
74 638981f5a8e59349
75 086042b8387bac83
76 7a3a349315f8b09d
77 e21a3cd5bf96b178
78 6822c24cb996b178
79 467065255b96b178
80 4cf857f40796b178
81 241a3cd5bf96b178
82 6822c24cb996b178
83 4cf857f40796b178
84 4cf857f40796b178
85 6822c24cb996b178
86 b7e532a45f96b178
87 4cf857f40796b178
88 4cf857f40796b178
89 6822c24cb996b178
90 467065255b96b178
91 4cf857f40796b178
92 42dec6bc948e0bfb
93 2b7f22143fc7a486
94 099d1a0c2df318e0
95 662fadba3450ff1b
96 8d5d54b7c738e75b
97 d89d4aa64041166d
98 58a1f32ddddf3572
99 87809ff686ce4c3c
100 59aef05e3f685a95
101 9404e866f4732edc
102 dcc0c0f6ccf6efc3
103 0495a29f4543ba0a
104 f52a0f92464f6691
105 63946be77c434588
106 e44839b8a02ae00f
107 a518e72c8f1e2256
108 e2fae533bfdd853d
109 b8848a2c5e604b84
110 f31a87635b3e880b
111 3541056fdcf49b52
112 ac2698998df24d39
113 df836db0d4fa07d0
114 fb3688dd00bb04b7
115 dac950b77102cafe
116 79509318d1280785
117 3ef8f027b7ca1ecc
118 60d8ec0adf62b2b3
119 60735b33bb9344fa
120 2c1c81e7cf311a81
121 214f03164e1c3278
122 9a4bfd2114fc6eff
123 06e6cf05894d6e46
124 e94873c32ca1042d
125 07a55767cde1da74
126 3b3fb29286d8923b
127 06db8f383f0b5882
128 a9328eab1dd91e69
129 95bee39a459f6e00
130 d2f292b5db14dbe7
131 c56777d934a5702e
132 d7d8be652ea7d3b5
133 f39805f0ab9699fc
134 643f25d9a67881e3
135 23d1bdf1de282d2a
136 6011f944e81043b1
137 017a48b1d60ad7a8
138 0cd40e7d6f29332f
139 a58f9ea01b166d76
140 2dfc8e341c23a35d
141 6d165207731dbea4
142 084251c0b69d852b
143 1bb13b274beae772
144 6ccb5faf390efc59
145 11f86b0fc2aa80f0
146 970477b5773876d7
147 42062218b612781e
148 cd3a7ea3e688eca5
149 9f0ccd58d56e28ec
150 665a2591df6e5bd3
151 f459ce71b6fd401a
152 2d1de722c9c4d2a1
153 84fc23da7069f798
154 6b545f1ba1596c1f
155 e892d4aa8d4afa66
156 56812b2b3342114d
157 1b52509758d09194
158 79adeb7e6ddcd05b
159 6be6066eb3211da2
160 d9f4510452f9f989
161 887ebef01d8a7620
162 0e0bcf3f4246ef07
163 c45f061140724f4e
164 181b20c13f4665d5
165 64813b3c2ebeb31c
166 85accbb239fe2903
167 d27f1c0e431abf4a
168 d0c9c8940dfa9cd1
169 96251a57fd59cec8
170 12b15bc893b5e54f
171 b2fa2472a9aba696
172 b2f1520a6d27ee7d
173 67cc6759216742c4
174 aa085f5b14e3704b
175 c4fe8f2cccc5e492
176 367cd73d5e376879
177 9b2a5c9f69344610
178 77408e091f3e01f7
179 37c509649db9443e
180 f9ee2ddb6ff691c5
181 33675fad5a89260c
182 9a6258f3096a97f3
183 2a8b69644adf0f3a
184 e0737b80c81a5dc1
185 648a57ce2c5769b8
186 1b70b63815a7153f
187 2408fd38c4ac6986
188 81869e1ebecf296d
189 4f6db557eb048eb4
190 d111f47eb8b11b7b
191 5d2d955dad05afc2
192 f90c4d2ccfdd50a9
193 b0f3ed3d7b341d40
194 702bfdd2abf7c727
195 1a1d7aeb516bce6e
196 eaf5e30a66831cf5
197 74912847bbf5c33c
198 7a8f530b73dc0623
199 fdf43fa554227a6a
200 8b57c191ab42d6f1
201 d1bf38fa7866c1e8
202 5a1d34e13645306f
203 968dbf7db49358b6
204 db1dadbcd4c1359d
205 fef918ad50c0a9e4
206 2e9270add554a86b
207 ccd66c918b8e3db2
208 73faa3df39016599
209 60a826a2a630d830
210 24c7be835603c717
211 4d90d5a0923b8f5e
212 5db711b22134fde5
213 b2ccbc13b3fd032c
214 926959211d7b7913
215 ea9279dac58e5b5a
216 67222a69ac69dce1
217 acd739b701a5a2d8
218 9b47c2e96dba315f
219 875468cfd17d52a6
220 c4cf01e7bf2c0e8d
221 a8004e43b28d8ad4
222 bf29ee16f849749b
223 d41742c775bfe8e2
224 534f94305601dec9
225 57e7cc6f25738460
226 35a04ac5cb93d247
227 033ac0751ede988e
228 3643fb4e5a57f415
229 f2f4d7744e0c0e5c
230 e31c25d293054643
231 c65769bbe0883f8a
232 cd956a0182cdb411
233 3e914abbb8119a08
234 08b501ba5b03298f
235 68b7ae3a77180fd6
236 282560a8aff1c7bd
237 d94373e22051a704
238 d00222afceb91b8b
239 3594ebc50125c9d2
240 14f9cd533025beb9
241 2c2e58c59b5f4350
242 2287df2086165937
243 effca735eb0de87e
244 5679d48628a6ff05
245 fda2d80ae5e6494c
246 c25a67366ec77233
247 74eea4761494587a
248 e8afd61ab0299501
249 8a8d202af8af67f8
250 576023c75adc2e7f
251 8e8243ab80d5bec6
252 cd4fafbef982a5ad
253 b144bd2629c46bf4
254 61137cc632f8e6bb
255 ceab4bd2d9e5e202
256 a8e2fb1f2453abe9
257 ecdc0450be8bac80
258 c0d2918812412567
259 8e24488aef374fae
260 4dcba5900e176635
261 77277ca95229157c
262 0358c40f783eed63
263 65f68c03b8eed1aa
264 be5421eb26196131
265 74a6be48a72be528
266 533593f4aa38a7af
267 bd84c6282f3066f6
268 13d9b7c9c2c450dd
269 c695bcc636083924
270 8521f5644f9ce0ab
271 bc95cd3ffe48a6f2
272 4756463c43e638d9
273 6b9d121cf9c65c70
274 c569f3ccb87ef857
275 7cb89ec210b9689e
276 5580a8c5a8f8d425
277 419fc5903d5c0e6c
278 78c27bcd20462146
279 beffbf5a1cf226b4
280 12e2e4cdde915b96
281 891d43ded984b12a
282 008425faabebcd5d
283 7dd04be9ef0b57a4
284 b26181d91be6bd2f
285 55a5f7dfbe172476
286 e8f91eabb4247979
287 0a6778a6acfed010
288 ef0fd8d82c6ffa4b
289 1ac81991657eaa92
290 5569e3cbab073bc5
291 9b9b888a85ace50c
292 0a5fb98776ba87f7
293 4111cceb67b90e3e
294 78d2d76a566c34c1
295 8f44400f37570eb8
296 6e507d69017461f3
297 9efda1aa6417d93a
298 885b3ff6e0bbe26d
299 16f08ef9ea46a8b4
300 1af16c91ea200f2f
301 aeee1e5fbb0aaa97
302 4e8ece9a1f577e68
303 3b6e890139818971
304 142cf6b29017d7ea
305 8e205af439ea08a3
306 a35bc75190d079d4
307 d6f330e11f9f8e18
308 a1439b3f6c74f9a8
309 59698c2a43d2c6b1
310 1f0bd1b1d62e1bc0
311 b556c7ce9a5d3b29
312 ec719a79a0f57c42
313 34c30a7cd67d6ffb
314 660da00b6caab0bc
315 a30f34d4692a9475
316 7132026c0b638cee
317 f76b08373ec0fba7
318 36c91d0d8cad9738
319 b3140f5800470741
320 2880aa7a3f50ffba
321 2e5a2958792e9073
322 4d02647e725af034
323 342a16e6beb5f7ed
324 113b56bc0b627906
325 65da2865162625bf
326 53bce32e6235ad90
327 29ebb798bb4c8ef9
328 1c69783e004eb812
329 bd7bdf20f04da0cb
330 2a3dce834734988c
331 46797075a8610445
332 b26ad6729bcee4be
333 dd2188c998dd7177
334 6675d7bb06362348
335 10bf798a3df67151
336 72f43ce0053bddca
337 a6b2ed5cac32aa83
338 1185dcd10ea71244
339 c718dbbcd4d77dfd
340 f1f9aeb4761f3b16
341 03702fc8361103cf
342 f992823dbf071ea0
343 e55ab0bf93b0a209
344 7d1e473eee34a822
345 ec25932cc6ea42db
346 71608e759d250b9c
347 842935f4d48a7755
348 52074f35cc0eb8ce
349 d1cc24138fde4f87
350 b75b55aee5880b98
351 dd0bacafb0de6ba1
352 febe12ea4698f01a
353 eedbaacc8d9064d3
354 7cd805beb5cab394
355 50d75cbe1e15054d
356 d13fcc6a09fb7e66
357 509db5509d46111f
358 8b2841f1e25bb2f0
359 d2567271a34e3059
360 4c5d9bcf0cf91b72
361 6f6681c58abbbe2b
362 d7ca12755dc9a5ec
363 87663cace53f1ea5
364 9b50a08d22f68c1e
365 d24933bc557baad7
366 765c90ce8e1e3ba8
367 5c94cfbd7d6bb5b1
368 65caee1b177f912a
369 74d30520625ad5e3
370 550cac267ac6d2a4
371 a23c0fa36987945d
372 5d6317d2472f9f76
373 5797be9ae4bab72f
374 ef74ec899214d200
375 ed74d935494cbf69
376 494594408fb21582
377 117f7f95ff01863b
378 deac7f499dfacbfc
379 0d22181b8b0f37b5
380 908b52e7dcd5f42e
381 89d4cfa8d1be0de7
382 16d482d9eab55f78
383 3a96fe5d66500e81
384 4f633073f0ba05fa
385 f8c424512c172fb3
386 231b89f7b83dee74
387 51394ad5e626762d
388 a15edf934cb4d246
389 15b655ec5516d2ff
390 0edc03d89b6634d0
391 4623bdf35c995e39
392 70f1bdf4e285ff52
393 ecb9937fc518050b
394 7ec5dc945f9052cc
395 e40c00cd612f6b85
396 9e59539e6512acfe
397 37ee26c9e2bd18b7
398 b3f67fb5b4df8988
399 65c3bf285480e391
400 ad8f462b20b4770a
401 7577ae798a4203c3
402 580d73ed81787d84
403 febd8abfb259993d
404 67f9b7a5cd498656
405 d9b112855842120f
406 299ae467eb1c7fe0
407 c3a45d763af6d049
408 0a4ca0076b153e62
409 1bd20c1f54dc981b
410 cbaa6f6d4deb72dc
411 edbb2a9064ceac95
412 caa0609d73b5660e
413 ab9d69243a91bac7
414 088c7d087c5cd4d8
415 21eee9eabac7f0e1
416 4eea799f781c6f5a
417 0839450b0454eb13
418 2431579afc230ed4
419 0983ad79d555ef8d
420 c1a42206dd374546
421 a6f7ea37ed81d648
422 7094df56b2398b87
423 42c128eab3ecd4ce
424 751663e9ced9ae55
425 4e9efa11d22bf79c
426 db64bfa7f1aa643b
427 d04577bc71640c00
428 82c150686d6ed970
429 4f9e485049ab69d9
430 b1ebb192e89f1ae8
431 9318bd9f679116f1
432 796b2422e984406a
433 f780fe01218df723
434 e8a06f158c0e5ae4
435 7529c5a21196559d
436 7e0910fb062838b6
437 5067b9b27409266f
438 89449fb625901240
439 84eb2e078c4790a9
440 f7b1f998b929efc2
441 df45ed7aca95a17b
442 f6089927dfb5283c
443 33007c942a1dcdf5
444 fe3d7c4305d3ee6e
445 39b5ec974bb8a727
446 de3f2c0b189c0eb8
447 1a5c5eb1cfd26ac1
448 2c7a2a788a7c2f3a
449 03cec127e2c1d7f3
450 553d90424101fbb4
451 3839844ede0ce26d
452 5d1bbb757ffe9a86
453 c9a804d7d61c353f
454 f0dd6c35e21f0610
455 019e895cf1397979
456 b2975f8797728592
457 19f89c1b2e8a904b
458 b8d38dc56e251b0c
459 b6821984ea9efac5
460 7d0f12d41359768b
461 4aa41723134f21db
462 00322e02340033f3
463 5c3adb9d34b82330
464 2d816062c2fa9eb9
465 8b1be46226533d28
466 351befaa3323a880
467 6d2644bb62340e57
468 f1c4e8a66c57c2a9
469 7e471213b8d8c0d0
470 0762df19bceeae59
471 eb988384c2951d5b
472 51c278ea9d6ae177
473 9867fb6981bd5d17
474 b747b5733651060c
475 4696ae58572d6c26
476 3ea1dbfcb4d468d7
477 a932d90fdd4071fc
478 b19a23cbf861ec3e
479 10ca3d02a080a6aa
480 c6fc3d61233280d1
481 e77d269113101c9b
482 058bfae8b286a88d
483 9d3573238da58fd3
484 68089e0ab6079ac2
485 0eb55173494fb8f3
486 9629deb274f61f46
487 b63d1f4aa537ba9b
488 af061ef0f5c4125a
489 59a925c6ec554b3b
490 0ac9c14fbe22ca76
491 9b7063036389b9c3
492 1608cedbdaf80fb2
493 639e649b874d1563
494 7c46c413c0014856
495 e4f841ec09c6eedb
496 221ac6ea277579fa
497 4c3d5dad0ec2b9b8
498 725f0b336c055ed2
499 3566b4ca18a3137c
500 db1bd0b10f871834
501 1c29ad16cff80ef6
502 9cddb6f308659494
503 f893cccaad77198c
504 5cae4cbd192d0b0e
505 25ce0607d927609c
506 0b1a91ad2756c7fc
507 8a1e31e47bd69bfe
508 c56c301a24a6bb2c
509 2e48537a5051a887
510 4f6a33b7fb84c060
511 2434afdd06b32d60
512 454abf4c699b0759
513 8787f0b1e24bc1e0
514 ab42235c0f12b80d
515 9c3eb5d98d18f538
516 45910e976d155cb1
517 25bf87e093c72c08
518 94ba5f0c0e8f0bad
519 769d0ffab9b7d340
520 99d604cd80f31719
521 99be5a657edc2c60
522 f62f9c5801d01a2d
523 a343e40c13f18108
524 60484eec8f19df21
525 471780f4ffee47d8
526 961f5d479b8c3d4d
527 b3ea5ed92931f740
528 44ff4375e3212fd9
529 82f5f7c92fee9040
530 3e0eb04a61c5e6ed
531 c95958c30b2808d8
532 ec8422c0e90f9a11
533 16eb6236e3a617bb
534 a4c6ee56193a5f43
535 84c00c461931d70c
536 a892f89d07c433a4
537 76e2566251397126
538 e295f433fc327fe4
539 21373a310a23e8dc
540 4a4f1c6b2116d33e
541 428aca063ecc869c
542 365ae0888d1d339c
543 f0cef78f3a13386e
544 3666b05a1132213c
545 77cb605d01f90827
546 171ff57550ff1240
547 922b8255ea0b73d0
548 ace9c4388dbd8939
549 4101d5b8ef02b460
550 632c579010fdf82d
551 81a8e2f5b19616b8
552 44d1e287d6ff5de1
553 52961760846bdef8
554 466fda678a01fa1d
555 eedee117eb7f95b0
556 2d240531e447ef59
557 3d1719d36abdec80
558 9dd8449221ae8a0d
559 bff9a87f03540b28
560 93c8be422f8c05d1
561 98d0b535de6127a8
562 f0edae7c7ceaa3bd
563 c66b66af0196d770
564 bcc257ceffc11999
565 2185b24f8fcef720
566 7a48ff3503d438ed
567 daab5afbffaf8e38
568 c9cbfa4af38aa9c1
569 dcc5238aac04c27b
570 8d78cc6e1a22e3e3
571 cf2930f1f79017fc
572 5663bea3ba564b34
573 6ac776d1f2ed8226
574 9ea1bf2e0b3e2184
575 f916b55a6e3fcc3c
576 fb4c270c66141aae
577 282e41570a1e84bc
578 da1469462cb7d95c
579 8a7d724e092ee20e
580 ee1de2700896db9c
581 e64505c4e5be8bb7
582 c96521b68f932df0
583 87e14301cdd86730
584 cdc8d781a2b63409
585 b57889e92b97c370
586 f4a7b06b0307ab3d
587 3aafc1d8fd734a88
588 c6fea18a6244caa1
589 f97156d43a2d2058
590 7c73d5e295cd215d
591 d75c077aa8729930
592 9c1b149e1acd45c9
593 1106129fabf86210
594 f19388d949841a1d
595 30bdbec0e3567298
596 7b66bc255760f391
597 d42499605a2b37c8
598 86ea40b424ba33dd
599 1a94ec4c568e2a70
600 7e63babcfe099be9
601 561c26f0bd2acf70
602 8121f964d3363cbd
603 5c4a0123595d16c8
604 da845efb71ba1be1
605 516c1c181c76f0eb
606 1ec15476c27211c3
607 2984d2e3fe004f8c
608 cd808604c45acd04
609 e8ddab368b270daf
610 24452f89fe9b7690
611 f8f3b64e4eda1362
612 69617b86c19ec889
613 f1bad74cafe5af71
614 dd7ef2ad890663df
615 b50a65362c2fefd6
616 32cbd1d1ff3e64a4
617 70de2f4b386ed524
618 842a851b99016bfc
619 710dcb00186328f4
620 bb07d3dafa409dfe
621 2e646b941d8264e2
622 b88a7e5d4f52722f
623 f69e9339d1697144
624 01b1e9a1e7b0b4c3
625 7f2ca462a7b56c30
626 f6af416ca24630b7
627 93baa42fef3a7b24
628 404dfff5e77c7483
629 8c95874e1fbea308
630 2e39db319eaed37f
631 6272e28f232558d4
632 9ca9019f7d0ac5c3
633 a7089e90ce03bda0
634 cd5991d19ff70037
635 4176ca836c4d5074
636 d5edbd6385d5cbc3
637 8c48f569ddbc3108
638 563448a38bcb1b2f
639 cfafb08ccf05ff84
640 1bd594da967ac763
641 75e6dfe47c368233
642 2262e169b80a5195
643 089db1401dcd9dc4
644 71dd2781fda05baa
645 62ca2b8b087c802e
646 78ac1f6c7eb493ee
647 262032381f3b4d30
648 47f3fa47f4d02a58
649 edf143147edeff58
650 ae80077ea421d0a2
651 ecd026db1904e98a
652 95ffff1311d2719e
653 c8696c7afa16f7cf
654 70793a4f0dc846ca
655 8b4b57977cb0d72c
656 d1c0c869a862189b
657 26276163b1361698
658 21cfab1eaecd4e47
659 1810bdc04bcc229c
660 f95d87036196bdeb
661 bdc1bc833066fc10
662 1707c56eb5069c5f
663 447a8023ad64256c
664 992708f926a5fcab
665 a0904c1e26cd6618
666 8ec567cd529f71c7
667 f1d61d129d20fbfc
668 4c1df47de973f25b
669 254ed9343eb13080
670 1fd3f4220a088acf
671 5b3a86dc4aa311ac
672 ea77b7179e3cba3b
673 a7bfb36bb901e618
674 f8d6e6cc29770727
675 ed422d573eb3bafc
676 fb55b135814361ab
677 edd7b133f3b6ce83
678 dbff43480165977d
679 151ebbb72d7125ec
680 c6681e2792d7a172
681 bc10b37bafcaabee
682 195747cac62394d6
683 1b6f4addfb4541a8
684 846975812a9fd350
685 7d0966f9b26b63a8
686 89ae2bcae89e9e9a
687 2c51b8fa5004be32
688 779af18c2dbdfb76
689 58a13e280ecdb94f
690 705e6e8f9688c0e2
691 0fa2307d6964e3b4
692 05fb7ab51dcbd2d3
693 9baaf0de479bd598
694 e5c269affdd53bef
695 47453cfc82b7f4d4
696 545682e0e25ba0c3
697 01c1007741929de0
698 84ecd80879fbaee7
699 975eb7f9c03ae6e4
700 f4eb920caca89793
701 fa7299693ffeee18
702 a34c790f5997667f
703 0adc421a7a4d0e44
704 2b900b53798fc7a3
705 e464c44e064877f0
706 9db09315b79e6b47
707 22f82e9bbde57e94
708 aec1dbd6cc0ea9d3
709 aaae3a6069440b78
710 afe1e32156ff972f
711 55604382ea729db4
712 0d2d781af68383e3
713 caa33ceb2b45ef43
714 a18b38d291d4eaa5
715 a0942b9b334f98c4
716 e83da587bb8540fa
717 000ecb021ee3fcde
718 84c795da3a6fdb8e
719 a67ee8ae0f043060
720 2d8cadf47d00a0b8
721 165ad54658262108
722 1c9e695a1e25e892
723 8e2cea1a6bda3bca
724 57aeddce6817ee6e
725 db99a4431cca677f
726 b26b491c3867d88a
727 774036af5be17a3c
728 d95018732a923e5b
729 c2b35d99fb328348
730 87132b8f91ca8d97
731 8365e177d62799dc
732 c35d326f92f8a21b
733 a880b938709cfe60
734 baeb2d00338aa8df
735 f48f82cc1d33ca1c
736 ef07798f402949cb
737 9f061fe1b1a57b28
738 ca236e88d2295277
739 5967ff6bdbe2c43c
740 5a83fa1c8556e7eb
741 8f5821f1463ded30
742 d92955438047bd0f
743 7d7f39e236ae609c
744 5101e491c63198fb
745 c36f7ec711d19ce8
746 b13be3226796c617
747 20dd284a264686bc
748 440072153b1c4312
749 1cb15f1b524e635a
750 f17283307cbab59a
751 c10e262a46c8925e
752 b6621c56b083a636
753 8bdd215acabc6103
754 f9107f933cb65f85
755 98244e3385651bb9
756 a4a719c2822409b5
757 0a53f39cb469e346
758 638f95b065f5d976
759 902857d3c7f6b410
760 f0a8097544411c05
761 092af8c39fbc5c39
762 35b5d20acfd56335
763 d68f9d4c168a7449
764 7adf46c63bb93e08
765 be72e2ef5957415d
766 71f6fbf4637eef28
767 dcebad40db4d4111
768 398dfec733d12e38
769 dc0ef9256a5c9e9d
770 1c4df4332332d1e8
771 256cc7a0d168fca9
772 b20031ec53f4c898
773 af07e49fe03db23d
774 0b01c3ed96033c18
775 73e69183a7a988e1
776 fc28abb9dd615668
777 a2a003b99ca2e75d
778 b8e6a0030e44d918
779 52229488ee9a8d29
780 803bb8fe063646a8
781 8d6a22650f04f1bd
782 bef95006b381b408
783 7ec4b12fda97ecb1
784 0b5b63a01c1bf7f8
785 39e138db4c520c06
786 db71ce5b44ad8da2
787 49121151365a55a9
788 29b3fe8bfba2b139
789 220c3e1894277cb3
790 9bf09e860fa48c11
791 fbbfa9fc6e49f3e5
792 c9d73d0566125bb3
793 c09decc25a3261c5
794 efaa09123c99d805
795 a2ecf0fce524fe4f
796 76d7bf280e20f75d
797 beeee2fcaf992a12
798 51cfbf7d9b60fd55
799 717ac501e2f68af9
800 f4b1ee1c9022a9e4
801 5772922f6bedebf2
802 a1180bc261f9dbab
803 761bc733d2a12351
804 051f1ed87aa1dc9a
805 c8ca4e0c2d036a2c
806 98966807d1e5b796
807 18783a60f76f8324
808 a4ee94ac87179be2
809 0f5507f953e780fc
810 d1b04053cc4d52e6
811 3d5f24a0ad9088d4
812 a2d6475c4e35130a
813 d9a34dc70e7ebb4c
814 a1713e49d3387856
815 c86646413516d7af
816 3a2d9db826a0138a
817 e57fc4b079ce1884
818 50ac63ee120eb19a
819 f6ac3bfbc704cc49
820 189caf504578a77b
821 4e14311fc2cd23b1
822 480db3367ceeaefd
823 cc5f07819cd12777
824 b233fe2ffd0e75e6
825 08bcd239513f09d3
826 e6940907ca181163
827 c2fb269b5bd887f7
828 04038023f3f7918c
829 cabce01b133cc71d
830 97bc459876e3304d
831 b43b9a2d86e099d0
832 e8585e4c253d5ee6
833 23afc9c6e1b3ef4d
834 a4710559a634b962
835 0a936561a00af183
836 207b1b263284f320
837 709fcd438f68fee9
838 6fc61161ef135dbe
839 685758c2ee0471df
840 8667d13815ed47bc
841 4f471afd24f79755
842 f50e591477de94ca
843 a9dd1f02a382accb
844 d5e581ab959e6608
845 89db17b331204d11
846 26b2ba378444fe66
847 69f9b3c832c0fe07
848 f087fac6e7b2aae4
849 f58ae24b498606bd
850 867c390e861e30d2
851 28336d2554f3a533
852 8da5033c6077cc10
853 53dfd7dc48997219
854 d82fc47c40c6f23c
855 72273db8a3d3490f
856 e0ea24c1cd5ace3e
857 28f88f97185b7b45
858 443a28eb6c1d693b
859 cb264512e89ccc39
860 0fbb8a05b5970e33
861 fc12e7a8b07da8d3
862 e3d4e8d753d6dd42
863 6061168c362ea55d
864 8bab51d9be205e00
865 ac91b5100bd6e3df
866 b4bf32982fe78ee3
867 38845e6614fd97bb
868 ff22b1a56fec37dd
869 7b1c3e66d809dd81
870 2c8c20ff489d9924
871 97d1a8f1a0f7f9fd
872 e650a033f7ac1ea6
873 8345edb82ad04db5
874 37757196936bae19
875 923ef4c62e45a4eb
876 bd6644b766981368
877 59be20688b395732
878 04abe2133c63eac6
879 311736ea1239e501
880 3ee7e74819692c7a
881 6daea9e4d7b15f3b
882 bfc91e28bdd6f81b
883 7b61c95f52fe39d3
884 cd910df4c46386b0
885 c6e134e307886739
886 7c3e87f5769f7f4e
887 417f96aa1df48f2f
888 a11760bb20823c4c
889 df63be04e8abed74
890 52b699802406012d
891 86573b776c430153
892 a2525bc546066e8e
893 7451170940896a2e
894 78cb700e44fcb31b
895 09b2975c9adb7b8e
896 111034136225bdde
897 e8700bb04f8d0e64
898 6b7211dcc3fbcdf2
899 a661237ff6fc4590
900 166a114a71ab528f
901 35c127a95b4cbb2c
902 570bfd19543e6db2
903 2443717257414e2d
904 5802566695e7f9fd
905 97d892efb1d68ddd
906 9560dd7c97b9da94
907 cbeffc1bb76494b9
908 f97bd8f077f5c345
909 be913b6d75a99708
910 b29923c33e52ebe9
911 a86cbf40697fb436
912 d3a308f3db08eb94
913 bf1840375350e243
914 81f1b440463c1355
915 78ba6a01e421b54e
916 8e11c45a8f1cbb39
917 b4dcfd9ffaddd35b
918 09b149c502c574ef
919 e427a4279eae452f
920 21d0391a9b643f9f
921 08d1e9827d5f8072
922 de75f96038997d3a
923 0e5ea5f50d237a01
924 132449990f854cea
925 e76619d3091eda48
926 d8b6c8bf036ef705
927 f314b1ef49a20fa9
928 ebd16f9e3f5decbb
929 72cd411f709b849a
930 b4a6938f5c5b47e3
931 a1e5a282e4a40f4c
932 84f468d81beb1ed1
933 63dab9a6d9a8067b
934 d6d05304ec650a48
935 8e109e51428dba89
936 f5b5515904cb0ca4
937 fb3b2352d4b017d5
938 525d20598a074d10
939 61e8e4cca408245b
940 1a5ffaf363264266
941 6d9b74f0362f3685
942 4a12064d48c95b4d
943 8ba9cef6462c19db
944 3f38f22f6c02f84d
945 c97389dbf2160ae4
946 d110924915822da1
947 da401e9b7067fb15
948 d00bc59efddf0f1c
949 83e81e9abb7c0bd4
950 5d4a447d650b82c2
951 1ee08361c83fcb91
952 fd6d5916b8e26ad9
953 956178a7a63cf5a6
954 0ae28c723b0bb161
955 fccf6e1f2c3c750b
956 053226c8970e9bdf
957 794c59e7a7fc1f82
958 4ecf473eca990554
959 4654219f419c0cd0
960 62deb4bfe3b9d06e
961 0f31e3d3f60bad5e
962 e74c9d7335244f63
963 bd8d7248a45329e8
964 2ac98186f2a422a4
965 de756d0dd2e9eae5
966 e8c460c46add5f65
967 7edbbe80f19fa51f
968 cb8846548ba6c448
969 3d6e4492b448a871
970 7faaea02902d3efe
971 59203858f5a3e4ed
972 8712d466b450b397
973 2cfd6b332cf276ad
974 9ba28bdfe3a35956
975 4ae166628866c53a
976 9965cb1b5996113e
977 7ebb82be87cee662
978 1f49984ae935258b
979 d39a819ec453ec01
980 62181dbb1a7de8dd
981 c2af51d67b3226bd
982 595fbf303d32f81d
983 cc24fc214837e3b6
984 38748986cbc0c6dd
985 cd6367e3632e089b
986 fc82c6b1456a98ab
987 ea68ad1ba035c6d2
988 6213f3664a22e62b
989 92792b29c172e1fe
990 cbf5917d41790fea
991 d758ccd1a414c3f2
992 58979d23cdcd57e0
993 eb61b6bb85823773
994 2be291373eeb1ff7
995 82539fc34f0a8637
996 31a480de95bd5974
997 af17912b958e46b1
998 4d61fb3494085ad1
999 f9c8a930c54285a3
1000 5390beec703c9763
1001 47ff26c0c8119cc1
1002 540735a30d2d332b
1003 4a914651830781c3
1004 d80399d7a1b69383
1005 0d00498f269f0b08
1006 578e33c3066bbfce
1007 0363cf294c9b25ac
1008 d3c61d914b427df5
1009 9e096dd751952650
1010 6301001179078d0e
1011 7c69092c0e9a2157
1012 04e0c0539d19bd0b
1013 5800ce03b9907877
1014 d170ed9120a99e88
1015 94e61b36c55085c4
1016 a2abd7e95e296c2d
1017 49f3800e3989f6ce
1018 d4992250506705cc
1019 b7cceffd8da75056
1020 1ab19e1a3e826d13
1021 1b6e6a05247c85cd
1022 091fcfa4b479b741
1023 edf880f3b57201c9
1024 e91f2fd8be4d299a
1025 38dca732d716ac44
1026 ac42d24aeb9ce30b
1027 b85b04ba7f52cc95
1028 9333265368b256a9
1029 3280b179d43b59a0
1030 56384f011edecd35
1031 cad0004c2349e371
1032 b8fec62ab3123158
1033 072d47e28b17a4e8
1034 35a5fed12be3f4c6
1035 0fb4e1bfd0308b85
1036 d6470168e6cfef2d
1037 a733ea4e917f12ca
1038 d75c1fce7429ee95
1039 8cf58a1b720acdff
1040 94e46525ad468c7b
1041 143a1ccb93344746
1042 c9e04655c9d471cd
1043 258b357d850d085c
1044 e93b598c8a6dcc54
1045 fdb022f2d2d1d17f
1046 f28c4ee83d911042
1047 67b7e9943a2c7614
1048 da376c550ae5ae0d
1049 2320ec95aad19c94
1050 0a8c3d1ff9e52764
1051 26b143119863efd1
1052 52961df56d2358b5
1053 7f943f06bf0bdc64
1054 dd04f7559e0e8892
1055 84ac82643fbcec51
1056 41147a96d8ed8deb
1057 a99afc0933e90291
1058 1849a65fa9c4894a
1059 163e0645c538aad6
1060 9db9892db1c65e12
1061 9ab1ef847c2bf33e
1062 1b421d08c97854bf
1063 ad2bc955f975b115
1064 ef73f69e669091c9
1065 89581efa79a907f1
1066 0e6b1db15b8144b9
1067 a63ce089c023e812
1068 8cf06bebdf4d2579
1069 b7d0e7598ad411bf
1070 e75f94f1f3995007
1071 aa96af50274842ee
1072 26c3b40cf28c621f
1073 70ff0b44a3f3a6fa
1074 7e84924bf4bc9376
1075 894847e85a933dce
1076 2ffd1cb926f1ef7c
1077 83763fcde1ead9bf
1078 d49a8362826c1733
1079 afec54f376e227db
1080 12f081c562814e68
1081 5522f6bf47181d3d
1082 21a66d04182b6855
1083 3e39330f8ea2a147
1084 ee77baa9dd827fd7
1085 d804038e912bbb95
1086 9f88979a8b55460f
1087 48f6745f4dff6687
1088 7903ebd9f1fc3037
1089 d330becb8ed716dc
1090 d34aaa1f616fe762
1091 db5a8fefbd984260
1092 f28518249f3a8409
1093 86f3b4ab5317a454
1094 79575bac727a8c62
1095 32d532527b77622b
1096 5197856b008edc67
1097 e03cec86576840fb
1098 7fae3ade8b65d44c
1099 1e7ff36c1c6551e0
1100 1d372e93f2276413
1101 9e41e66eacf11186
1102 d6ade3000d3f37db
1103 c883820534067fb4
1104 c02a0a8164712c81
1105 4d94e5d24bf899f2
1106 44bb19c529a62811
1107 63d1f431514d3d70
1108 e82ba46f4530b5f3
1109 772f6b00230d56b7
1110 5785eb5b1832ee9e
1111 2e126f1238f0b306
1112 7b7b16c5d653cd88
1113 4cbfa9f213e94148
1114 861360fe580b78da
1115 e2bf1e1fa448accd
1116 94def786a0342e6d
1117 465c0edc981b9c0a
1118 5264d2668ebbed8b
1119 4cfeddb2b4f07ee8
1120 e7f881150683e61f
1121 4f2488428b6a0f6f
1122 6e735961d7d69258
1123 b88ba16104735046
1124 69974cf588a1217e
1125 d7b216c40bb9acc9
1126 f87d8e7524c14a39
1127 181c83a69f527f84
1128 dddd9b581708d136
1129 b0c09ef42fcfe38f
1130 bb6717dbcf6789c0
1131 84a0e1f88314977f
1132 6b955ba92a8aa66d
1133 f55e02cdff7d7661
1134 4908ababe93a907d
1135 3fba1029ee3623da
1136 57ad5008253074dc
1137 f46a66c2891ef0c7
1138 ab6dfd1b66aad937
1139 fa37d9d6292bbb91
1140 d3130c64c52bdc50
1141 85b4ace0efb9beb1
1142 8574a8793710e1d5
1143 337e198844312700
1144 91edf1570243cf24
1145 4ed5a8ea47d5fa56
1146 32ec1d1ed90210af
1147 ae2f5e7297d1f7c9
1148 84bd112d6cb8999e
1149 1e478c6902cc9811
1150 b54d369903c9daa5
1151 b6308e918e47d6d9
1152 c6d60f35a83991c4
1153 c28fb887a3a22244
1154 5801008ae553bc1e
1155 7dbf81bdf4d0c11f
1156 b55256e83fe17649
1157 fdc72693650a91a0
1158 9f000e57453cd993
1159 506a42e1cd2bc0cc
1160 02240a16e09fd582
1161 622e2c12dc1e62c3
1162 9806a0a5e25c8a2f
1163 c67536b534b53ffa
1164 935cbc2ebfc22f9c
1165 4e852f3fb09a1a28
1166 01136b22157c7f74
1167 3fda58063cc45a53
1168 013b7d93be23ea87
1169 34c1cf8d1c2720d7
1170 19a64f71f5d266cc
1171 508ea2c5f78e3db0
1172 f6eea38e2fe3e45a
1173 bbabff60197c20a3
1174 86375e6991eb8d8f
1175 2649f5b4fe62fad7
1176 38b768abd7900954
1177 bba2c6dbb9d867d3
1178 1557054b4f68d01d
1179 632954d06a115c34
1180 c8d219ce762233b0
1181 d107eb496a147cfe
1182 4065a93726f89961
1183 c9b11f2175c842fa
1184 a31560c497d717f4
1185 4a8d887cbd55731d
1186 1a5f4910636ba9cf
1187 ec7e908ac0b7ae8d
1188 f7e299d377839aaa
1189 af7cb91f541df98e
1190 33828d6ba63f7420
1191 8f05ef6432e76dd2
1192 d15e6345e7b36db6
1193 24d480aa71461d9e
1194 85618ed91dfbdffc
1195 2615b97657e62f59
1196 64516b597fdf3ad1
1197 7e1227cd5dfd5162
1198 1fff1af5b05f7e63
1199 14a7f692888bf3e1
1200 d827ae78cf370fb7
1201 b894285637a203ef
1202 28e390806cb9fd81
1203 fdf978b8914c39a8
1204 652f929b3bfadef2
1205 b13e4b5bb38826b6
1206 db20c6b3b301b7dd
1207 8dc2db65dc5fc4b1
1208 6fc2a0703d5fb5d3
1209 2b518743509c5fdb
1210 25f6871845906444
1211 80c0daa88eec31a4
1212 592466b7a6ead6eb
1213 eda4645af4d08ca7
1214 d102992de8a0fedc
1215 f4a5adea9c147de5
1216 9ee1828e9aeaf045
1217 cbab83a705f18c9d
1218 8cf4cf2c1f796e3a
1219 258401d599324170
1220 3e8a2d991f9df555
1221 7a0f6f4655a6d596
1222 5d0ae228fe70a2b3
1223 4febde664d3aa75f
1224 47537a89aab311dd
1225 4764ceb1f9391b89
1226 bef7db2927bb7b6d
1227 e1685e588a2dcd74
1228 49d2da843d38bd08
1229 af60ae354fdf0178
1230 e113c9cda1e5d714
1231 55783238402d6225
1232 f74a27dba72f4f7a
1233 e27d21b429071110
1234 ca3193fa5e37dbe5
1235 662745aa8f5e922d
1236 6bc6f8b261115981
1237 a5f542ea8a798d46
1238 a209f1bc25c3172a
1239 ee4e4ce1148af7fc
1240 10306e116481ac7e
1241 7a0208e3eef1643c
1242 c3517b5f39cef716
1243 cc56b2f58fda2b2f
1244 d7cdd8097784f494
1245 ff1f7be6c1290df5
1246 c4e96ef4a069febf
1247 aabb5091d33d583e
1248 9bcf64a23c33f802
1249 27c87a661459eca4
1250 78d5e165252f4065
1251 6a642140bb709d6a
1252 e180e322a11a37f3
1253 93eca39a4e73624e
1254 6f150789becaf1d2
1255 b02e16d4a8d9d698
1256 d80cd1736e123db0
1257 4146ac0dffb2db59
1258 77c3671406686de8
1259 931878d60e0c2839
1260 7d2f3b84b41559a0
1261 24e2b162a2f3692f
1262 72fc9a5aee26268b
1263 63c8ff9700745127
1264 dd3505b705a059a4
1265 b901137252a342b8
1266 df95b7308dae7ee2
1267 f6c1a04f67eea963
1268 d443a26f8e86f3b0
1269 1b1d5016b47bdc49
1270 45dfa484d8dec3f3
1271 14711a1c3137c081
1272 254182690697ed76
1273 c10f566043e676b2
1274 59302649a9818d64
1275 e2b4cc74145ddfae
1276 b584189aa4e1e5ca
1277 bb84a5fd611e5c6b
1278 97174e3466487776
1279 d598c28361079c67
1280 9e59d340e12e0d54
1281 39eb6b5d806767f7
1282 e5d485145f240b2e
1283 a193015d5e71fac9
1284 f63167d3ae832184
1285 cf2648f16efaadf2
1286 433a9b2cde9eacca
1287 c2c91d8917580ad3
1288 9bf3d5fd0f5b4628
1289 74dc497ef12f2d1c
1290 5409871b41b5c8c4
1291 7a96615061433e42
1292 957db46df50ac147
1293 9541c648ffe9a545
1294 af04972011109952
1295 6c627dfe08e42428
1296 cc5236df7d0ca537
1297 bc22dfe3ce11f0fb
1298 ae27f07fcb7286f5
1299 8c49876f76e73d91
1300 80912558fd322995
1301 7ebfebfb73886978
1302 add29ee0ac864987
1303 193ba1b126f7bafe
1304 1bc2842186a5d751
1305 a134604416d967e9
1306 8ca0969e2d05207b
1307 1e967419cbe844a5
1308 12cae36ca0a56747
1309 9405542d2316c69c
1310 7bc5d795fbcae45f
1311 59f664b5cdc7ff92
1312 bd2432355a3bc134
1313 3ef7f3f5258bcc5e
1314 7670bdf0f7866a03
1315 88a6f9acbb014925
1316 e5f47e2cf09afaab
1317 b6a53a2d04cd5c65
1318 d91bf0db303a2c9a
1319 e0d9b592e8b01ca1
1320 4326a4a22696e154
1321 ddb823a63a77be0b
1322 e00c748333634c82
1323 519890f55d31c0bf
1324 82126d2a89c92d80
1325 65478cd58a053d05
1326 7e8615142599a3a5
1327 5c533d50c2379246
1328 e21944f6fe281072
1329 52e1d7cf01e96579
1330 93b4435e02c5621d
1331 2bab529c8ed2f7a7
1332 858b12785f3d0d17
1333 28a6327b1fee3deb
1334 143f42208bf61d84
1335 5667fa94287dac0a
1336 eab3eef4443a392f
1337 1740d78326a60bd8
1338 c4d7d7f697487a3a
1339 6f8af7b2831ef5ec
1340 49ec4a6a611a576b
1341 8828ea1ca166450d
1342 7d5c8298735f70d6
1343 9e0a2b47906cd297
1344 4fa2a3c9effe8b33
1345 8c97481a8ca3ac37
1346 b708d702777a051d
1347 35a897d0ed0f4dea
1348 033a07fc38890250
1349 49ce5a4c9d34b8ba
1350 ce95e7f1fe28c54e
1351 5f48090001cf10b5
1352 f014288fd01edd08
1353 73005a5b4ffaa4c7
1354 f22dc5927729a772
1355 53d4faec043e72d7
1356 0c366632f7f431b5
1357 848486bc1dcc5af9
1358 95d185228f061d97
1359 2efe588a35278da2
1360 dbbbe206baea0666
1361 90eef6dda37d61b4
1362 5cb5e4effbaae0a1
1363 fd08807cdd551651
1364 833770269cedd708
1365 1951003853f7edc3
1366 4214fdac03e85c5d
1367 c86fdafe5bd31225
1368 b4626c6c1f76e836
1369 a2d42c32b9cc8bc7
1370 d949abfca13dbab0
1371 09578a51f47759a7
1372 17eaadacfbe04ef4
1373 5d03c7ae9dc2f122
1374 10edbc6a89924a4b
1375 84a425db13d95ce4
1376 9c681a1b7367d2cd
1377 28c880ab8aa0bc6c
1378 dab7eb28071b1b95
1379 0bb143440ad64606
1380 f1716106ebf002cc
1381 e534db07584f2c02
1382 5dcd6c997247a6dc
1383 9d246c6c8e38106a
1384 043d08ce7bb8e6be
1385 bf45018353ede623
1386 75e2b7c93ebb6ee8
1387 6816780b9cb2776a
1388 3c1de2d224b38758
1389 d2c5447f9de9c6ff
1390 3f530b3ee6ea025f
1391 f0772bd2316e18c1
1392 880b3761ca57013c
1393 050ffd5af9324ec8
1394 1df5937bb1bd68c1
1395 d259f19f1cf9f819
1396 f60d285e125bac64
1397 440fb2ab789c9dcd
1398 feeccc7f91ffbd88
1399 4fae20d4784851a1
1400 45476892dab35bb6
1401 5c67df9d5f98c740
1402 c5fd95bc8d35244b
1403 b8eb99a554ba0de0
1404 490d4fae635ebb9d
1405 e909fcd03d59fb82
1406 529813cc106574e6
1407 692f2f8e9c7a3cfc
1408 b983f0b58892116f
1409 211e13c0b78c6a98
1410 53ba1ea08df0727c
1411 69992298a879d6d7
1412 955605dc7a445a31
1413 9db3fa8da2d1147e
1414 261dc6acb0abcb83
1415 e348fd01a6a46c50
1416 a5775decda1d7d75
1417 d23541777d156af6
1418 718f4a682fa481f1
1419 98037cc4266dd234
1420 0744346f43d68a87
1421 2d14151ae422f4d8
1422 f9ca0179e725a201
1423 b25d0413860b74ee
1424 35627ab979f22769
1425 452ce0f2e65b2470
1426 6a51ad2988c7dc74
1427 3f945412227e7512
1428 e488240c5736f4f2
1429 a8b3d5dc788935a9
1430 f0689d0f0226fabe
1431 89217dd81bd835d9
1432 67d636af1ff9dbf4
1433 8e8c719dd7f35665
1434 6076bf7a3109426e
1435 a00b6728d6ca863b
1436 b3ba02d887d7f93e
1437 acfd1be6a9689334
1438 25ba56be6551b3b5
1439 98449be7e20c4e8c
1440 95a94f78de271afd
1441 cbb32a0b82498b60
1442 78c74908b6c53d56
1443 651cff380e6d3595
1444 b8ae12c0bfb85334
1445 b90cb4a663d85ebf
1446 c65ee01715fafde6
1447 b9f297771cdc1c6d
1448 c11f1dace900d995
1449 c8a52c6d4b5d1053
1450 efa58cc1690a8c32
1451 8c387bcf19251cfd
1452 48db36d104abb760
1453 768f66e9d9777197
1454 0f4dd62a445808dc
1455 07ec042e6765f815
1456 37090f0cf020b534
1457 2868960ae3bd877b
1458 86987602dcabafae
1459 8c0ed4b3bc12b125
1460 19b8b3b3ac0bf056
1461 12ff1229a7c57f83
1462 74cbe9acf26894d8
1463 129760aa4e591c8b
1464 0d1d94ec2fcc08b4
1465 73bddb0bc25f42c3
1466 b3187aca8ab46938
1467 7f214cc5652dd507
1468 2c443156cc3f05ba
1469 61445996ab770575
1470 372be835cc813ca8
1471 ce8c0133c43405a3
1472 1e7e5776b774f214
1473 591eaea2eef9af53
1474 7e36cddf1ff8dd41
1475 0af6605517c380b2
1476 7ace42eda4f5527f
1477 d10dc1c920ba0d64
1478 bc6b7c4e7651fa03
1479 45e6d86811def256
1480 842b4a65e602a5f1
1481 a8cbe908560ca469
1482 79e99fe7580a0702
1483 4b95a3a2a55c163e
1484 d055637b210479f9
1485 0e474c3c38acaf85
1486 df0fdcd8eb72d09f
1487 3a69e532df7b26e0
1488 4d6e3dc75541c959
1489 4e5f3ee0b0ebd125
1490 0fe57627e222ecb5
1491 1d4b1ae76bef7291
1492 09b3717baba5ebd7
1493 7d62ec710799b2bd
1494 d67105be002c8c4c
1495 6d7fee6ee40fc79b
1496 06660dc93babf9d4
1497 b914d4cd40064d73
1498 474089656b4f894d
1499 c2997bdef7dd9d1b
1500 5907e11279897340
1501 635cc78f94cf06c8
1502 2ac9136572c13f97
1503 82420fca74bca800
1504 e2a1be55078c7631
1505 7292bcbaabd8a5a2
1506 78180ba8cf354d8b
1507 3a1662c31f648360
1508 e181f13ed12a62fb
1509 ec6de26fef9d2bf7
1510 d848de28c7ce8046
1511 d38eb1b03ed5b752
1512 85154969f3bbb504
1513 66132e4ab0a0447b
1514 454d1870e3cba4d8
1515 85cfa6b0c3b37dbc
1516 1c7b8bafd1a46b25
1517 fcad98408b341fea
1518 243465553f145ad7
1519 7ab33b7083e3131d
1520 c337bee64d5c95ff
1521 61242fff14ae253d
1522 f9b739f94e939d74
1523 bbe130c2124ca85f
1524 7ce324a317973b3e
1525 7d9134bf15afac7f
1526 199e0ec9cc1ad073
1527 fec47cff9f123fd9
1528 0942cd8d5bac7137
1529 ded8a28cf61c22af
1530 ee9dd40fa53effe1
1531 8a2fbcb9ffcb4883
1532 e06a88c4952ce3e3
1533 c0cfcb6efcd64a54
1534 248d8020c7972cb2
1535 17336388657a0b46
1536 d21a53b87369889f
1537 9bad638538395c2a
1538 444d51a1d9f3f16a
1539 823719f10d37a950
1540 3c2a52c33ea0ae99
1541 97581861a7befdf6
1542 1a2f8f290f6d4b2b
1543 369e1e69e40ba41a
1544 838d27cb018ac085
1545 38efb4fd2d715d4a
1546 34a1a9628b7f3beb
1547 dfc329661d846af2
1548 84db87df85c52329
1549 09110886235abcb4
1550 d5632c7cbc5e9ff3
1551 39cf2b073902abfe
1552 bef3bb913f3d7543
1553 268f69f4f115dd78
1554 d54a5d02eb0baabd
1555 565b0d029fb6fa5f
1556 2340e9a2fb9a4488
1557 f02ddf864699f4d1
1558 9de851193ad54e2f
1559 62fab7864f731778
1560 88926d783ea8a02d
1561 282d08bf96d53b78
1562 a90a11d0e8040e86
1563 a092d7a21773fd88
1564 113316d899ea2a55
1565 434bbbbb98f86ebe
1566 a4d4a961d6091643
1567 289c9f5ed9567aee
1568 d636546a2da8b0fc
1569 05cb746192418377
1570 cdf6d77244b9ea02
1571 eeba72d3f37cf78d
1572 ee5e430ede872e84
1573 c546175588a4317d
1574 13845e5b4ff7958f
1575 1338cbacbc3ba038
1576 22f8a714e6d1030d
1577 c9c60692d6fc5c8a
1578 891e5dcf3be9ebbb
1579 42df7b16c9d38e4e
1580 e3bcbe010cbc5dde
1581 73bfd6ea61afbb40
1582 89ea36a894ec5976
1583 fc05bec98d7ef99a
1584 95ee33d66e8c232c
1585 0ae99580940dcf0a
1586 1bb5ae530dc2ef37
1587 1bf30a528df6572a
1588 d7bcc5162413db13
1589 2e6326e117d0ca34
1590 d9de3e1dbb425118
1591 31d61a6d5e0f2d4d
1592 cfc2951d53498dca
1593 3d01818bb973bb58
1594 379d24361dae58a4
1595 d4aa62c8953c641c
1596 524141b39f3893a3
1597 58b7564418cd9f47
1598 bb1b82da34929b98
1599 32b28e4a783a3d3a
1600 190acbed800cbbda
1601 5b098f8ad3467d94
1602 0b826e04c1edfb89
1603 1fc96701b23f1ca0
1604 f35689f8f2581676
1605 334f3867ace1d319
1606 aae444216fe1cab8
1607 c613ea30931482e7
1608 a5662ab3ee3fcd8a
1609 6a2982be6c71f54f
1610 ef189150b07c914b
1611 42bcdd81816e32b3
1612 20a3ae0d67e0ae76
1613 1d0cb03ec0a1d7d5
1614 df9fcf4ab6157c28
1615 0cbc72a3c22f28ee
1616 ea7b218e2cd34d1f
1617 a0786e46b4cb7a8b
1618 715f0de61afafcce
1619 f90b18b24181f521
1620 390df32eb969c49c
1621 769faa465682d889
1622 0bd99011cb906632
1623 0e893e104ee2fb62
1624 72963af78b199faf
1625 259ca948c45b69ec
1626 94fc39c0ded96041
1627 3d2aed48ca0383cb
1628 17790fc92ce7b20c
1629 997b2ef4351f0234
1630 55486696ec71e0c8
1631 b2a701c5a202125f
1632 65351f4e2d784357
1633 7d9280277838360f
1634 2805b761a7dc46a4
1635 d19a4238cad4063a
1636 0690438d6dab0e60
1637 23e2a90a14db1493
1638 598b252ef726af22
1639 1629fc9555c29183
1640 7f4be549e319689b
1641 a31557313714ceb0
1642 7bb11a003fc972b1
1643 8f355fda9a4f3172
1644 1862fb1bfce9c703
1645 3fe7a0cf4b7b6e99
1646 a9b9b6717eca1082
1647 edc7a6180695e911
1648 677d10e742842e80
1649 bc86f42322edac87
1650 290532ab2456a726
1651 418513298b8f1ffb
1652 d37c292dcbaddc13
1653 c2c817b412129ff9
1654 2bc0caeb758b90e5
1655 c382b6846c9c7768
1656 333bb021f333f489
1657 6d52a418411aeb2a
1658 023716c29e9854be
1659 305bcefcf0892306
1660 25586cf2e1a689ce
1661 7a7c1932769debf1
1662 167e29df2767f755
1663 2c1bd3715d13f113
1664 d5eb84ceac5b3483
1665 5af2503c48fb31d1
1666 95e52f3ea2f329d8
1667 04b2954066ce6d82
1668 20dd6638ade72d9f
1669 33dff610170f518a
1670 e73f8d4b79bbac03
1671 7be9eaaf8d642890
1672 0559d7ce617af535
1673 0ef3916ff66e70ce
1674 67edb4806c51b663
1675 21f4a1109a5b9339
1676 66883fd35ecd489a
1677 c0f9a33eee928f69
1678 f1eb34259bf7229c
1679 4706f048216c21bb
1680 a61ffd8b17bfdc66
1681 bac1c4ef0db9eb04
1682 9e751d9f643e0a61
1683 52ca645b82bd1710
1684 9b442488079656dd
1685 5558367e05706f66
1686 74f026804cc4644b
1687 c1e7c003af711456
1688 25be49c80d54a298
1689 e5e516db5473fcc1
1690 33c17c0ec4fb9d2e
1691 f9b5ecdc8144f55b
1692 70abd40dc14711ea
1693 21c414e05eb88d5e
1694 3b81bb8feeaedd8a
1695 6cd0f1dcdfaedc32
1696 43d34188410d4dc8
1697 023f4e77ac78e618
1698 b3684c9397603616
1699 e40e30da5ffe507a
1700 8b3be26b77f5e4e6
1701 c1f67d92aaf3955f
1702 522829267ac1ba0b
1703 795c95fc0771334f
1704 5aafd418272a43b6
1705 c0e334f650905341
1706 a48b635b9b300241
1707 7c4c6dfe3a336042
1708 1bf38bba2e3d3506
1709 7f319b03fd510f77
1710 dbe6a2ab7d8fa626
1711 968044599a4918c5
1712 2129cd8814e7570e
1713 0b84c4e3ad0769d1
1714 59c4d8ccdff37d64
1715 66e14fb4387a4079
1716 c5cc99613c3319a9
1717 91fd1e6c3a81eeaa
1718 54cf92486b7b8de9
1719 7d8c48e5929f1552
1720 1562a2adaef0dfb7
1721 a310ea8a0405173e
1722 9a08bb32357ae46d
1723 5e023fd87897497b
1724 abf55f2aac50377f
1725 0f80661afa952e40
1726 56598669484a6f2e
1727 432edbd44d941cc2
1728 c27c7b44a4843a57
1729 a02783b21e0e71ac
1730 be1a3553e412686c
1731 ea50422f2eb8b295
1732 965d89c67f94cb3c
1733 e7152f4aac149291
1734 35d44068a16f6796
1735 bb8fdded1ab7fb33
1736 34cdb76efe003a42
1737 825c064f83f9dab3
1738 f4b68e2109bf0f29
1739 c6d8efe72a10fb58
1740 4fbe7c1f2a388cbf
1741 5a8b19c8b54d2a1d
1742 49c4ac24fad416ab
1743 24896bca937cda24
1744 b4e720f3d2985fed
1745 1bf37e7ef4c3bb47
1746 ca4e85e3e19b82d2
1747 19e85de8e31b2609
1748 7ae9f84b52eba63a
1749 ea075736ed31c1b3
1750 af9657f00ddb3ce2
1751 2a843e487d2b8b33
1752 b3388e11dd6f2d8b
1753 c1a0198dbab746b5
1754 7870cc1c929be4cd
1755 3cc1e5064900649a
1756 ac31ce5fc9f3668d
1757 d18a4122f94da10c
1758 1e577f685bb90595
1759 cb8cd8f88b55810e
1760 14b74f8b67a68c99
1761 b5b4454bbd900d1c
1762 2569eee8c2c57221
1763 3941a999b3cf2b4d
1764 25a10236493a6fe3
1765 76cc5c12b55c1d2b
1766 fc1b0ba03d15820b
1767 8257a69260b4d708
1768 beddb8e962c4e1c3
1769 4194b6f1a213fdea
1770 3a30b7f942e1d5ca
1771 c61ef88c62730c79
1772 446753bcd545194b
1773 9d5ef876f12961da
1774 30685c36ea285cff
1775 cd5d64e67306f2f1
1776 9db0b663c610d2f3
1777 fae4d8a205ac0d18
1778 2f1bb6d933ed10eb
1779 b364375930ab5d52
1780 122fc93f4a49164e
1781 ef2eb2ff58b9256a
1782 d6f173b071dfc259
1783 0bcafad39312dbce
1784 f91029e876a5f34e
1785 9d199fbd147f329a
1786 f9f4c4f24572a38f
1787 de97b53e502d87f5
1788 46dd1f67785f177a
1789 25ba83c3b91bfc11
1790 2c8c49e05132f3f2
1791 234d40b7bffba2d9
1792 c6f74893c5bf9630
1793 3c51e7352ec65d5a
1794 3ed604380db2978c
1795 b65da27a1273405e
1796 fe213fb8d23c5b25
1797 c76819859953c90e
1798 48c53aaa8ccc805f
1799 53f242d28e692cf6
1800 061d847cdae5dadb
1801 03c24b0bbaa1aa5e
1802 cc3fbc97fc1bfc14
1803 9f1f7590bf145510
1804 95f5bd5b917417c0
1805 3d789fe6b3473f85
1806 aaf9d74086966d98
1807 6f428dfac2a91f4b
1808 ac3798c6624fbda4
1809 989f3de4b7fd26bf
1810 d0a4b5f43dfec95d
1811 8f031a45b863005f
1812 a2c62d8fb474cf16
1813 856410e96ed4154b
1814 5b5632d38d91389e
1815 20d6034bf45b5493
1816 5d29668a519dbda2
1817 7cc0d865aafbc9e1
1818 05e6e4525b06d928
1819 0e45a83d7f098a5b
1820 68a412da80ca9ca4
1821 f909f0f434eb2b57
1822 275eb1d8aec7e0ba
1823 a78a7c5af7782120
1824 920e12082fe9413f
1825 45d261fa70f875a0
1826 464d66adb1224b47
1827 512a0e651de5ae0a
1828 886990e30e42fcfe
1829 b0e4a83b2e248fcf
1830 4f0ea039851d16e7
1831 4cede1945c7c72c4
1832 536879ace1362f7f
1833 fa029503d7bf80b8
1834 722f5d905193654d
1835 d45f85883b5ddb90
1836 208d1c438c4ea7b7
1837 7a3399514753ee04
1838 b887580f5191c1af
1839 f1af0ee3954687dc
1840 e11941d8936305ee
1841 abcbc0b2cf2111f0
1842 c7c7b9b812fda115
1843 547bd65647ba85bc
1844 b48d5f84900307c7
1845 f22f922c449e5bae
1846 4e8d35aa329162bb
1847 2893299926e5acea
1848 f5c5349ebd76117f
1849 576b1e1c9d6699b9
1850 ae6e83d1b46b542f
1851 bf691de28a294e14
1852 8968d53555ad83d2
1853 5ba042abd8e6c3a0
1854 0b3da7869bef2bf3
1855 c839ea3fa6f54884
1856 fc8fe4c192791117
1857 22bb28cef72018e2
1858 c030e09d4cad9b45
1859 95db81ea3a748824
1860 c2c314704ab52ab0
1861 5f9e6434ff19cfab
1862 137a9bf7b6c4ee15
1863 0968313d4a65386a
1864 eed501df9d9f194b
1865 5c65e2e6df6f373d
1866 a0196f9fef59632f
1867 dc6c44a232d8be64
1868 b0aa9f5a253a6cfa
1869 113ad9bcf92ea60b
1870 55f9cd5bbf6ef589
1871 4ac3e511a721b063
1872 bc7ffb7d2689f1e8
1873 316241dc34dfe908
1874 3a252b0caf2652f3
1875 e4f960b02164b941
1876 1ed35922e614e210
1877 2f7c40524a3a5aff
1878 a59e363676e0e1da
1879 193eecccf95e2611
1880 8b043aa196c9e6ea
1881 c145f49f4708731f
1882 993ab7d41996abf2
1883 78d9714e887d82d9
1884 bcb02535fe7379ec
1885 683ed12fd61c0c3b
1886 fd1a56b356f77398
1887 e2bb762ae09b93b5
1888 f3d803705a4e0608
1889 388a07645315bc8f
1890 040d1ec060cb60ca
1891 8fd52e2ae8330c59
1892 1f4e6c21d0570bd6
1893 c2bfa496c561d3bf
1894 bf848702e58d1a8b
1895 4bdeba4681cc14f1
1896 9e25a7270324160c
1897 f77af2a5b7ac481e
1898 ac5bfbc5a6787ac7
1899 798f751d96be94dc
1900 9cacb4b9c0d8b154
1901 1c6282674ae13bf3
1902 1c6e52db2678504f
1903 a0580271d97e19f8
1904 edff8bfe5d167837
1905 ec93be5c5565ba01
1906 c9b919df4bef8a14
1907 8a7a741e344b305b
1908 bfc1f425f0b4d392
1909 1f90e6054de32949
1910 028b843140917bde
1911 3f4f22255e34f9ff
1912 6ad14932e75faa37
1913 80f903d79ab7e414
1914 e70fa56f8f675a35
1915 ec7a17061ef4919a
1916 c2324b8bc2a5447d
1917 fddd208ecc11245b
1918 9421b2b4797ff0db
1919 d2e3a0d64ef44a9c
1920 1aaf78cd6e46810d
1921 176f9a10ec5d0826
1922 319405d2b6d2554d
1923 f8e01b4880d8d5aa
1924 d87b41dc904d9a3b
1925 047a3f945b570288
1926 5f5f2db90284ed21
1927 c43b98b3666d96e4
1928 372ebb3db87c76e1
1929 c1a05901fd00ce64
1930 bdf192c80c91ac36
1931 6264b5c6612948b9
1932 18b913bcf0cf5f59
1933 8a57b5f16afcd3be
1934 02c29baa69b073b0
1935 41cfdcefa42359a2
1936 51c2097c343ee995
1937 7c5d078f7847267a
1938 288b84d412a06740
1939 eabf079dcdf2f7a4
1940 624337e574073b5f
1941 51056a57f9f85fb2
1942 d224a418a5559889
1943 ea48a27426fb5dba
1944 ab9935399fcaebcf
1945 2200b8b126ac07e0
1946 2f9b2f0788615b9b
1947 ae5f985dfa3ec467
1948 82c8f4853ebddffd
1949 661fe9ffc747e452
1950 223bbb603ccf2707
1951 bca5538d42a345d4
1952 7c48a8cb75ef8d9c
1953 6e35c153e42bf11f
1954 b6db2163bfbdd18e
1955 45ed8f7812feb6e5
1956 666567ad5adb6938
1957 f6fa908e22d1a40b
1958 06dab803e71f78ec
1959 34920e54cf90de9e
1960 4f18b5808728050d
1961 f3e455b8c235748a
1962 98c277ce5fa16094
1963 7d52f7e7031c9feb
1964 749429aa317114c9
1965 ec96ea1304820e43
1966 81099daa4a1c4f61
1967 56a41fbd46b1d92b
1968 23b091ad3d741a1d
1969 cd1b19d6c52493c3
1970 5c750aaee2ed3d83
1971 084acad8c3cc8439
1972 3f349abce0fd7723
1973 740cea5d52cfb04a
1974 6140570e43e8fac2
1975 3072bba8535cec1a
1976 f7c04b3efd5ba2dc
1977 1be67f62e77bad78
1978 a10271926355c976
1979 fc0ea9367a1ab64c
1980 5535e56a970b058e
1981 321f07bc6024a91d
1982 9349c0dad3b8300b
1983 5b91176eaef526b5
1984 8042a0d8c39846ed
1985 cde51d2756d2aca1
1986 bb953562a361d97c
1987 5d7d77f6a2eb90ba
1988 effd772d200d77f2
1989 ad1f8c58df7603dc
1990 ff54d28b41f6d346
1991 0e3e308f87c86092
1992 ba0628a9b87591d5
1993 3f4f4d86afba30aa
1994 7058e48696c4d687
1995 9ba5858a2c2b294e
1996 1beef2f36494eb1a
1997 859e92ffbb481ca1
1998 166d3efe97cca0eb
1999 616e2d06619cad6d
2000 b040b091054eb779
2001 1c72f9ce2f74c449
2002 116ccd28160493c4
2003 7f4c15802a5bd7c7
2004 507869786dd0b0eb
2005 982b1bfe363b8763
2006 2aca3dedd4f688db
2007 c720036b33cb4adf
2008 59be148ff54df2bc
2009 4b66e154b6124587
2010 9a4e21141d703d56
2011 c20117f3974eb3fd
2012 80012d353586b4b7
2013 0d391d83c92f3c31
2014 30b3d11f094b31c4
2015 4503a60dfc5ec378
2016 fb5e8ea9e7375b88
2017 db45fe53713ea24f
2018 c43c9f206e530302
2019 4382324fb82efa55
2020 ea7fc5826556a820
2021 baab9b1c517b62ca
2022 97cf9f796ed33404
2023 bb0afa0443578d1b
2024 d70bd0030cccccf8
2025 5e75dcdcea401154
2026 1353e9f1029b11cc
2027 bd9d8a982cd5d32b
2028 e5c8cfde615584de
2029 8ead7a428a4ba8d5
2030 5696b74be04d343e
2031 cb5b3f4d8486b2db
2032 69b9501f19369188
2033 b960e271863d214b
2034 45699c6bc376441f
2035 3f629b38a8f3f421
2036 990858ea377d1ff6
2037 26218840b62152bf
2038 77cbcffb8b7f403a
2039 87e602ee92cdeb6e
2040 14cfcb471e2aef99
2041 1317cc810438a990
2042 2a8460237fa266a6
2043 f3168c37095accbf
2044 fbd51dd2f9c7e94a
2045 304d8c098ebfdd68
2046 102a85a28911c378
2047 77e971256346c302
2048 3f1f5877b7698541
2049 bfa2d4b13d3e024d
2050 3f6e13704bb247ea
2051 f5b001ddbd9cea91
2052 06dca61cdeef87b4
2053 397d1a645f7f66a3
2054 7e8faa70daa7ec94
2055 06e19494802a5f1a
2056 02b1ad467186c8a2
2057 3a8c0b2ff64a16f3
2058 2020d8c9cc70eaf3
2059 ca9fd7a31902c25b
2060 672c1789056ffd19
2061 b81caad5ad6e322c
2062 daa392dcda7edd68
2063 3616ec049b5b1233
2064 f6805be422b91274
2065 fa9f52805ce11fb9
2066 b717330859002f22
2067 e5b85fb57bf1bc3c
2068 daf244535fb6f791
2069 93265c49dd55d18e
2070 2915701913815f61
2071 4e69315161e42d8b
2072 632d09443b12062a
2073 a327439239fbda52
2074 cd773e14be89c4a8
2075 691068cf90bb30a8
2076 cb79474b2411c630
2077 ed019af83cfffa62
2078 bfeaedac76412516
2079 a1f9c2bf6347d72d
2080 76736522a52669e3
2081 f93a99e6361ae719
2082 cc80f58599889d9f
2083 2d8cae6feae13181
2084 30ad008a60935bce
2085 8fdc30e770858e3a
2086 e1b06842775da4aa
2087 c3e6f0d1caad3a7b
2088 f2912d688690c233
2089 d86e427b761da2df
2090 d096533312313e2f
2091 f23f2443c1f5b8a9
2092 6519f6c0e74665f7
2093 3e2437a653ac966d
2094 64420d45d42fc290
2095 8490529055f0a300
2096 2a1de66dc8cdaecd
2097 0bc9d067aa27ddbf
2098 1acc9592acb817f6
2099 f1f4662a4e5dc0e3
2100 30ac1f5ddf1c7710
2101 25cc3d3a17fa2cc7
2102 f49b7d422f3c9168
2103 ac29226dcdc6dd98
2104 62097ad337b48c56
2105 ceef361f3d2bea3a
2106 7c6f021597411e34
2107 a76dca055aad3c16
2108 8af0d12a1e18c1d8
2109 2e3b04cec8686b6a
2110 b334647c06370abe
2111 f82781448d28b68a
2112 cda03c5519868e1d
2113 5f7848128c290792
2114 fb8cea4b7d4db8d3
2115 add270429c860cd3
2116 37708a95124311f2
2117 8eb52778e7fc9de6
2118 0b91f2d74472e187
2119 66ca3de55cff6cb6
2120 fd7b818145918fa7
2121 a492a1673a3a679e
2122 45b39d6e5bdb40f3
2123 d72d98f031c1614b
2124 7a80f2ae29b5aede
2125 be05cb4a1cdaf590
2126 26d2216dbcaf02eb
2127 80fbb9546db198ff
2128 80b876762bcfb322
2129 d80cc48b2e1cb814
2130 7ad5f049bb2ba41b
2131 0b56dfca88445d26
2132 ce267a358d93853d
2133 3d8a2edbeb87cec0
2134 43395285191bb737
2135 96b571dec20eca12
2136 761a1a531a3f61f9
2137 d35415cd64c08e6c
2138 2b580a7987cefd13
2139 aa33ba36f6041a7e
2140 e7c962d7eba7bb7d
2141 79bac677be86ae60
2142 6d15e6384ec6c7bc
2143 3f92e8fbaacf13e2
2144 d65d33d0c83e6caa
2145 a837bb447e412544
2146 f2a618343aed5e9b
2147 c5eaf84d62fad8f6
2148 9e109032e8cdc28e
2149 dd6d7d217f501218
2150 e7f4aa3d487b000f
2151 65b7182a9043653a
2152 37a6856230e72389
2153 92553e2e1e63d7e7
2154 5c75b7270b0058c3
2155 0bc40df34187dbce
2156 f28c8382d67248ed
2157 4abc63413b1fe1f0
2158 2842a9def7e4ea37
2159 5a0d45ca01249812
2160 7dc337e2723e6191
2161 cee76b66264f357f
2162 0b6edd65950f18cb
2163 7acaf5062e84af06
2164 85de572e04b53b95
2165 d926173962097da8
2166 1dd0c405eeaec9e4
2167 4eb00244538791ea
2168 2cf901712458c779
2169 1e15574d760d008c
2170 a23f41cc41106ff3
2171 ad9aeae42f5cb915
2172 d52e000fff6089dd
2173 e630f0bd185f2f00
2174 57e7edc7728ba4a7
2175 d245e94657b09182
2176 412742f72cf509ca
2177 a9ae3aa186a9b1e4
2178 b8a057cafe5f997b
2179 c589709e74934d96
2180 710244643b0602c5
2181 25aa973c99e98f63
2182 9dfac7f1145d766f
2183 09577f410cd89f5a
2184 5c3a2ce4799d4d69
2185 ce2816d641db71bc
2186 182a4b1593c31f58
2187 56584400e9999e6e
2188 7a5c624e7e9bb5cd
2189 002b6b3e8b340890
2190 3bd8768f7efc1197
2191 3f0a95a340f1f459
2192 8774f76c08bd6471
2193 e22a43eb20580254
2194 14206dbadf4eb0ab
2195 e4ca8c504486bd26
2196 8d022df76d7c7575
2197 695563803b26d148
2198 b4c01ffc11e5501f
2199 cefbfd7460a223d1
2200 d5a6b38a992b02d9
2201 49db8551af4d32ac
2202 483d85e5ef9c51d3
2203 71d803698d77d83e
2204 d61eac29553984b6
2205 09f694b12ff52aa0
2206 f532d2b1fa10b087
2207 4e3a84b694f5a2a2
2208 4899904ab8a89361
2209 0a5fea533c32692f
2210 2b2092d35eb1f35b
2211 f93e178433aa9c36
2212 a47413bcc1c43c25
2213 c7dd6db25c301e58
2214 23b31a710670d2d4
2215 1621b8fc3d43fafa
2216 e376c17188d55d49
2217 c9f5c03df9f2b25c
2218 6f5d1cfd41961883
2219 9d954d60573202c5
2220 d528fce7400f06ad
2221 a5644e90ca06d130
2222 0f5301d70a5e99f7
2223 192d076b4595fd52
2224 ff072e0bed04f83a
2225 597b3932c4aef874
2226 fedc433f3a188a8b
2227 e7e1356b565f3246
2228 67da161540f8e455
2229 ede42e0c888db3e8
2230 1332932dbdc34fff
2231 7ecb58dd5bc3fdaa
2232 1a25172b020f3092
2233 cc0d9f6a228ac6cc
2234 da587bd39a4334b3
2235 c32fb355cc567ade
2236 7d33bfcf7a48829d
2237 2a805d9e54a582ab
2238 68f307736f05b667
2239 ed63b2332e949842
2240 975e8649396d6141
2241 54964727f6f0d5a4
2242 abe156c8530f79a0
2243 310c85f5566e82d6
2244 9a4f819a18c77e85
2245 1ad9fafbffbd5df8
2246 17bc34831cb7502f
2247 7f3fd516c5e9dac1
2248 cef602b7c0d3fd29
2249 b37fa86c35ba727c
2250 3b79704046824ae3
2251 3b73f033a997752e
2252 63c607d0821208a6
2253 ba4f276e88f261d0
2254 a9f52d3265ccd857
2255 96b0b1c66ab43172
2256 73bce75099ca1331
2257 c703492119cade5f
2258 b97be9742e8e046b
2259 2d88a946628ad466
2260 3b4ebc7745abfc35
2261 c6aba34ef38a8c88
2262 36e390a46227f5df
2263 10060f09c1d482ca
2264 8a0d13690135c799
2265 5da64840285c7397
2266 df03ec894103bfe8
2267 183a92a4e3946bf5
2268 bbc858c69816a68f
2269 64dea2aaaae59d82
2270 680d938c9942f93d
2271 f3f9c7860f2b2c98
2272 78f66d668bad80f3
2273 fd1e31099048e0cd
2274 cda1057dea99927a
2275 fb0bdb52ad19a777
2276 8d3f0afbc6990bcc
2277 807f5bc4a868963a
2278 c03f80564bc35c8d
2279 26f5c0814e737eb8
2280 b49a59d84330a7a3
2281 b1627e9f413033a6
2282 628b06725ad83218
2283 40886349e413647e
2284 461e5fb91d236578
2285 3982c3f57956626c
2286 b295e31c03c91b48
2287 2ffedb0d2f240d98
2288 922a9ca9eb54d9ae
2289 7214c0cdf8b20eba
2290 5585f7110d383029
2291 ab830dc1a23a845a
2292 2d4721d916cbdea9
2293 a3aa258a01c0e486
2294 bb6f7b97edae2524
2295 6ab8433e336577ef
2296 659e00190019a914
2297 a8b74e29373acf35
2298 0e455912ad0b107b
2299 1f253c07f3bd64f4
2300 39b4f614ba183f93
2301 617150196ba0b975
2302 144321efeb99e916
2303 c1cb8c093757ae87
2304 3ba94fb48ef85aa5
2305 2b83e19bf8fba97f
2306 1495220972aa62bd
2307 228dae7ca2a2440b
2308 196c8806a536856d
2309 22e945766c340d1d
2310 b8f0d6dc0e65d42f
2311 5e561d327e03a5b1
2312 5c26b28e1c1dd7ee
2313 7faf28db45d9d0c5
2314 1c38af10e03b07d9
2315 96b0b0d3d2244d60
2316 baa5beed7ded428d
2317 9fcb1be228371202
2318 a0c2709561bb4a6c
2319 0f484e87daa36b11
2320 f57b526b6bf69ca8
2321 c5edf01d5294aa6e
2322 6d9b202ab2eb8fcf
2323 62bbd78345acfcf4
2324 7b8b432d04d15aae
2325 8a61ad7c0a9f237f
2326 1ad2c26bbcddbeac
2327 4c4420d0a297c815
2328 d82830b5a203a5a2
2329 6f4b616b158064e3
2330 c275b3ef3552c47f
2331 beb749e5ec60313e
2332 4bc9f6e0441d9391
2333 994f2d0eb88a9491
2334 6c4c5f0f55c5ed14
2335 53f299e08725f04d
2336 709ebe68b2ee81dc
2337 020a26db313e5769
2338 f7e4fa0e3164d9eb
2339 6699957299d2bc5a
2340 229e7f96e3aa4713
2341 d8785b42c0448143
2342 59a2252de790e5cb
2343 a48cb92baab5e932
2344 7fbd789af61e82a4
2345 a475a64f546235c5
2346 c9cdbb8a3970bc30
2347 b76d7e0c6eab1e9f
2348 4d783b7b9d85276d
2349 7341ac10847591a6
2350 0b3c9f373335bdd4
2351 5874452171e67b81
2352 a7866d6dd48f625e
2353 842d98410a6cc083
2354 d7f7725fc6f397cc
2355 23a9e6fe8df269d6
2356 d417588267085f9d
2357 fce9b98d424e5d2c
2358 e2f6eba286c632cb
2359 742c5279ac40dcca
2360 bb415133511286ee
2361 d40f6ffed61768bb
2362 cba0ac8d0cf3d46a
2363 ca6da5b5df0a2ab7
2364 f2c455759793c355
2365 8f93d83ef8085c55
2366 eb527560f9c2e8f1
2367 f3b1a8878ce49215
2368 7e9d31634633e6cc
2369 7ab2f3aeb2f230c7
2370 91128a12c9e17a35
2371 4c14494a473a18c1
2372 e439205a8d2689b4
2373 bd6d19871756fc04
2374 a34176af3aa8aac1
2375 3d7ad4f16028ed98
2376 2002e4c523139961
2377 379d760572f4c539
2378 7fbeff82b5090643
2379 a4e266a41f6a6657
2380 e4d7896ddc44dad8
2381 63434b8107c332ae
2382 9fe2468fc71fc19e
2383 40662effc165659c
2384 e424a4b02634735f
2385 7bda08b4c3b435d6
2386 f4101655f20fe218
2387 639e448dcee8e997
2388 f2022bfc2381f32d
2389 04244fa0b711b83b
2390 df51bca0d4d3a9e5
2391 e3763c6904cac1c1
2392 515e0be80ef10c71
2393 fb2e52280c37a9f0
2394 a96232ced326ff68
2395 0800b01b3569d8cc
2396 5d4d9c00d20f7949
2397 82640f218f3f5e0c
2398 661d33fc6c8d8f68
2399 648cd799f612412f
2400 3b123d860e5a73b0
2401 e0f515fb89283ed9
2402 6a905b9b0113614d
2403 db1ebb4f5a60b0d0
2404 661a196709c1d3bb
2405 f98984ece6951440
2406 36acfce5bd5583b4
2407 c6f9607458c83174
2408 2cf95d0e6b44cffd
2409 c9aa40b77a0033a2
2410 e2a7181e1a78fd0e
2411 1aca111cab0f3a43
2412 307e0f23693a7fb9
2413 e142998493dde2d8
2414 9b9d37d19d05a6e1
2415 0fe860ba9f50f3b8
2416 44e99e11302a5903
2417 17e350bf04cd7025
2418 95b92471a772dc1c
2419 8fd8ce603536d7bc
2420 8a6235ce1ab33411
2421 02382d8546a03ccb
2422 de01ca343e10534c
2423 02b11fa05b160e6f
2424 280774080af14a44
2425 6f8f12645d8507bf
2426 46b5f51ccfcc5bf9
2427 54668f01d8373c60
2428 2eb313d95d492d3d
2429 6617edb427680a80
2430 550adf94eb2a8838
2431 5aa6a405d8176f96
2432 df27f5a70685f611
2433 44c4151b06c076c9
2434 14d004f95d71c316
2435 69c8b4dbe9292429
2436 fd4bdd493ee27cce
2437 291d3104b13a88cd
2438 8cecf03e4671c7e1
2439 cb00afb6f7beab37
2440 c2274d887417b3db
2441 4b8e0ca069a24a79
2442 cb1abc463c207eff
2443 fafff431c89c1241
2444 0ac264477033d0eb
2445 47bbbbb49e2076fe
2446 3548bf4be56ac82d
2447 b28ab3781efb5f22
2448 c1816d94826b127a
2449 19e59f1ea984349c
2450 d677ccf709e8e4ee
2451 f9945ae3d4eb36e2
2452 52fba97540b71d00
2453 48b826f97f1732e8
2454 146dc16889feb381
2455 5ed14eac175f3a83
2456 6a37d468ee54d354
2457 b8c9396c200072d3
2458 66d575542faced2f
2459 af1b000d8381196b
2460 e792e9758eb16bca
2461 4ab172ad5e367314
2462 264d186ba9e802d4
2463 298033eed7ea86ca
2464 9bddee64f3da8274
2465 246018b11139048e
2466 83ee95a2b6d91de6
2467 118c8f964970628f
2468 702aadfd2fe12828
2469 7b1f9ab7badb3d31
2470 415e350aef0c8b64
2471 3e0ecda3b35f2d55
2472 c04b7d8cbcecbd6c
2473 dbe46a2622d6d9a0
2474 6c28468d8928b95f
2475 567060bab43bc15e
2476 24af248c757be299
2477 f1ab74e2da2ff6aa
2478 a2252e64a93ae07d
2479 a584902e0e0243c1
2480 f097ccfc7be14127
2481 d3f7b9cb01ad910e
2482 12651d0c737af00a
2483 56f26da9a6da1697
2484 ae376acd11b2bc18
2485 afe351849229d0b4
2486 b4890d24ee58cb88
2487 a62460629c96bf13
2488 45027037163074ca
2489 8bedb767036b0d0e
2490 349deea403b60fc7
2491 c883215695640128
2492 942203dc4ef28805
2493 19653e4ace25cb78
2494 3ce4803fdca7b152
2495 9b5979b910c865cb
2496 f5027b4f11dc521d
2497 7b7825f53a7c42c0
2498 fbd997e3b81e33e2
2499 bfb1d545aa4d2f0f
2500 9e5cdd10039a1af9
2501 3d58b1a978e88260
2502 832fc74dee04dc9a
2503 5cd9d3a8055b072e
2504 23e43bd08b0ef0bc
2505 6862876fdf651e7e
2506 1f5f519e7e4c1aad
2507 e140f66b970fbbcd
2508 2fbc1da361bf5761
2509 0c80811e5e9ee2b3
2510 affccdd7dfdddb02
2511 02825f8aca3de61e
2512 26272da80ca839c1
2513 4cd3b82106d03460
2514 76bdf8fb71ec5e6d
2515 e4f9303276172b56
2516 cfbfe974118985a1
2517 c7da909f6ab7ee94
2518 9fbcabeea06948a4
2519 0032c886fc595c44
2520 794113e7d52fa46f
2521 61829a2ef3c5c44c
2522 f01ab522c8696492
2523 1561961eef95f1cc
2524 f343e1d62aa65ea4
2525 f2b3792f98c2611e
2526 927ae3c5bbd7f345
2527 854888da2a387c88
2528 13234044178418ed
2529 f22cb1e8301e9acb
2530 494e2614ef79118b
2531 170cdaf789d90813
2532 29ea786a16a86055
2533 2330779590936bd4
2534 9d36c477604d543d
2535 8348aaf07c10d39b
2536 802cfca00ada7fdb
2537 e0e2cc1b46d6db25
2538 900f743a9e557e92
2539 7b32e77dad315464
2540 91165488ac245a17
2541 b135e2e4ae9fa994
2542 029d76f618248dbd
2543 397ffbaeaf61a923
2544 6e6ea566a3dc6150
2545 47cdda3327d500cb
2546 3ac20518b3cf73bb
2547 a91dc1ae5de7d21a
2548 4cb7437adb25a1ca
2549 85b4dd93a9b8b81f
2550 370e10b22ffcd9ec
2551 430cba26f7a07734
2552 3b0befd93962c0d9
2553 d3041601a017b0b9
2554 71758948ab8ac852
2555 632b4a368c4fc1bc
2556 3458ff19f81f2cad
2557 6a3dd9bcfa6d9731
2558 e828df151714c234
2559 725f8dcb1fa4fdb5
2560 f3ec6f4f42fff2c1
2561 5c9fe3b13e75080d
2562 093669b4bee2c977
2563 f86f80be86cb904a
2564 b86d3671c021ef04
2565 174394ea4a82492c
2566 95daf9ec889b7f3d
2567 25dd9ef75ef8043d
2568 1820fe7f5964788d
2569 0f14b15fc42df478
2570 f243710101d02a7a
2571 ced272516c2e4541
2572 5149cc67eba0da6c
2573 efe65909248063f0
2574 02f60c85626ce408
2575 8a98cd0127ac3728
2576 247a867823f725e1
2577 7b4d62b54fb8b532
2578 159dde9c41984ba5
2579 72792e074b8afbc1
2580 a8670dd6adc21921
2581 dfaacbeb62c29b60
2582 aa150efda91dfe12
2583 5601a8897faec9d8
2584 c1f714eda0fb1f2d
2585 143493ecd0e3ec80
2586 bcce87ccf051b1ff
2587 c6db23df17c77d1e
2588 7175092fc2669d58
2589 05c78245847b5475
2590 44df88049c49147d
2591 389ccacb640e55cb
2592 b729521ad69944bd
2593 ff0d27097f21d393
2594 d7f2ea74fdef6af6
2595 d37a0fe9c0642bc4
2596 13f550005ab1ce7c
2597 7db7d0ee44cb2ec8
2598 32f57281811ea99e
2599 de8a8ce46089dc0b
2600 f3d57b53633b08f9
2601 e48500703788eed9
2602 6bc15ffe934a89e9
2603 b04feb624aa9c40a
2604 894c584e37b4b0a7
2605 1d59f973e4535e38
2606 5e845e6c03d56b2d
2607 77461f086b719ded
2608 f2fc31c8ef72792b
2609 182528ac6ffc8a63
2610 6f38083b3b5c7be6
2611 74cffddd16acd2b0
2612 5514929176f960cb
2613 96e6b086a0846ac7
2614 9ba590fa36c5638b
2615 e371a772dc94c09f
2616 fd8ca5b0142bef29
2617 2ff87b891d96bf13
2618 bdce658558ea2a6c
2619 ca32e6310ad52ae2
2620 36c723aac4df2a64
2621 122b31caf445faed
2622 5b692e464df9e083
2623 bdd94d8815a038a4
2624 e315b67b199ec42e
2625 65e205061970c819
2626 bd31ff59b6fbd18c
2627 d55fccc303361601
2628 f42b6c218dd41433
2629 36bed60d7b55e996
2630 db16fda2eaaea0d6
2631 82d8d05c056aa1e5
2632 8f9abf5f9f690f49
2633 a92d0f4673276bd7
2634 b1387dce47e27278
2635 cad7e38c2929ed9d
2636 6d145048afd69a8f
2637 7e193ca751678133
2638 725f6dd0eecb8cb3
2639 1701a55f96000d28
2640 eb2b35c54358606f
2641 a1659dc14eab8e8c
2642 fd5f6a11a24cea51
2643 dfc0401027fb06c4
2644 114d47f92035c2b5
2645 7877ca629e707224
2646 bcb43c4d03c023b6
2647 47c7ff9628e9da16
2648 784f9aa4330a321a
2649 eb777e1aece00ef8
2650 582da303358c7d4e
2651 47cb6ed28a48419b
2652 dd050f86c001abd1
2653 ba982ac6b949e3b7
2654 7a87ac50763163f9
2655 8915a3ce4d333ca3
2656 9b5038095133d33b
2657 eac3604c1e2301f5
2658 d0016eaf920ac3fd
2659 f091a90a187abd0a
2660 39df53119a26a4ab
2661 1320e54cadf32939
2662 b6e914c39052f7a2
2663 b72023d88e98d493
2664 655c7574440347cd
2665 4698018f0cf8ceec
2666 2d61fdf65a7c5f03
2667 49c60de25ef470c0
2668 cd39412580bd6190
2669 8e5257b8f1cc599a
2670 80b686f01808d44e
2671 fd0da2c5827916c9
2672 1c2fc498a4cee6d8
2673 496eb1fb242a381a
2674 44be362bcfe968ff
2675 2e84bb38b4cdc151
2676 50b0d52af645d4bc
2677 232fabddba0afded
2678 31a23effed140257
2679 d25368304fd023e5
2680 364abb0222c1772f
2681 79cd6e792c6ae0b7
2682 1e99b6ed72a048f3
2683 1f0b7243c702db2b
2684 1e46c6ce21c481f3
2685 5306f9ae7a1e4588
2686 76d8ec27d39093ba
2687 810f55c419f70ddc
2688 f16f047ba77f40ae
2689 e0b288888ba6c609
2690 ee93e1b5930c5724
2691 65c7bfce39cb1f10
2692 5ec7948b55855c0a
2693 afc6885abfdddcf3
2694 af45cbe7b20845df
2695 3bfcc2157b995716
2696 6eead82406952fd8
2697 b58f5c7b8176e6f2
2698 753c7a477b283915
2699 e47a9da090bcf675
2700 3e1dc54000ec57b3
2701 3dfbc72492fb26f5
2702 d361fbd9b6d674c0
2703 b1ccd174b4f8f93d
2704 36efba17f77cefbe
2705 dcf725333be00eff
2706 49a4af6074196721
2707 fcebc66611d33263
2708 0404df62be1dcb25
2709 6a2a7a25522c1740
2710 5e966808f80ca55a
2711 2cc6b9236683ac47
2712 7a3f8d4d5cbd9959
2713 f023350f4124949c
2714 faa706b1e886e777
2715 84b3f60ff2c7ca93
2716 996d05558345353b
2717 bd69c0ebb121ffa1
2718 5323472e47ad35cd
2719 f453e2e64d6a1225
2720 4a108797f5b886e3
2721 626d5fa90ef11a19
2722 d4c4f6ad90e2497d
2723 ba6e94530c39d808
2724 c6e22e8f899ba540
2725 8c2ea93101597d53
2726 fad51cb9c3af3103
2727 017181b923d998c5
2728 8e2500c419a8257d
2729 2cf4147fd24f9cdd
2730 198ba22443abf3c0
2731 c8a2b5019b183669
2732 d5ba848b76b30093
2733 7de01cd5659cfee4
2734 2aca88ff2ceb9920
2735 86a63f1d4ec2d576
2736 2262de1fbe97cbcf
2737 e87438c550f4e44b
2738 7d11530be6a3cd5f
2739 a18d661ea8b21b70
2740 050e8cf92add6b13
2741 c8f096de3ac52f25
2742 f9d03526adccc7c3
2743 b93558c8138f5767
2744 ca9035e9f7584eac
2745 f62a8e142d345256
2746 7716c689c9f0b9e1
2747 7ee82696c561440a
2748 a94f774238b3de7e
2749 4ba61505df19fa62
2750 9ecd80a7fc8a45f3
2751 87bea6ffff7cbbfd
2752 e54949d4546c66ee
2753 8ea361572d4128af
2754 31e7c37a901e45e5
2755 04f9a3a8387e6b86
2756 ad47e0e8cb4a3478
2757 7dd153d177374a9c
2758 67556bcc10793700
2759 f7b56bb0a7eb09b0
2760 8414f9c0f7abbc41
2761 9be850f35ca36a98
2762 9e36afac370f1816
2763 951d26aa187030a7
2764 8ec7d9fb1db9b74e
2765 210c365a42154be2
2766 73225fb10058fa43
2767 f7eaff1bdd116522
2768 e372732d136204ac
2769 6c7146b7bd8a1b3b
2770 6f52a46275b21024
2771 5462476be444bfe1
2772 bfa36bfe8c5b4848
2773 a8804fd29d0bbe51
2774 e227c9caf8921152
2775 7971a1456167aea4
2776 b46e106de3cb2d8d
2777 737af4c240993458
2778 f8f4c21517fb3227
2779 0160c03170f99aa5
2780 44e511483ccd3ef0
2781 f8c8c4dca9ed9a3e
2782 88f028f6db14a808
2783 cc4b70ccd20ea562
2784 cdf73c09d80c5c92
2785 b8366f3fcb0ce6f3
2786 21b456628d24e6fa
2787 79eb62d5d73b015b
2788 dce993b46d6b53a9
2789 ef13e995bfb97fef
2790 bca814a1a7d7055e
2791 220b769b4f391391
2792 c4de94b87cba2169
2793 ce9c947bf98a4871
2794 fd32de6b2cddd32c
2795 ca2ed7ebb0f678ee
2796 6eaa8f36fbb57679
2797 fa02adb849e6e9dd
2798 e0f6517ee539ce45
2799 7258474f5cb66cdd
2800 1416822ea424734f
2801 1dc11a148777041e
2802 a9331cc162fe2495
2803 5ef80c167776cf2c
2804 62dc6c29217234e2
2805 741a6f8f734a092d
2806 e82727c85e1d2afb
2807 678bc1eda634b384
2808 5ec0ecfa71bf2f67
2809 85bc77ad07da429e
2810 1366447e85118c79
2811 0d6495615b41426e
2812 d21a791154d282d0
2813 f674049bf7a9bd33
2814 d5ffda35f6991668
2815 2edd45bc324b0411
2816 ff690384f245fdac
2817 924dfbfb380c3594
2818 7e5dab46a9691b58
2819 17546781d376695f
2820 7bf9119b5eee1b3d
2821 70bf90e3a6eb09c9
2822 e6ff05f09f89e7cf
2823 74101969c6bfbac6
2824 7a6ab13ba48f36f2
2825 756b254f88eb4749
2826 16c60bac1576ac42
2827 c5da80ef8f837c61
2828 c09e1f9ff5ab2491
2829 b08f7efa201ae0d7
2830 d61de94bf3c2a4ac
2831 c94c2f34a327b418
2832 11415eb5eb69ded0
2833 2d13660fe3b2b6e6
2834 f40b7ca66b242bbc
2835 87c7eaa4d6230710
2836 933e89c29ab9af6a
2837 a193233af8170b86
2838 4f40c9e93873d58a
2839 7b152a1bba3d233c
2840 b20e84a52c0e68e6
2841 c62e827a6910dce4
2842 6a8ee3a436c55d8e
2843 69055798a22d97d5
2844 30f689f1e98559c1
2845 f71acf8339a60a3f
2846 57ff3e8a7e566885
2847 56dc98e595584b81
2848 2dc7e45e3b53bde3
2849 0ad06290bfd9516c
2850 5313951fa7338d6a
2851 52bfe7a75b42e346
2852 aa7255843d18e8c9
2853 18b69fc140382b10
2854 b95f481b0ef45fe2
2855 91dbdd9d9aab6706
2856 cb78c62f5641db53
2857 85cd0208090028a0
2858 71480d866cd3a6eb
2859 9a6dd84f6f85dcfd
2860 5d168810d84e4944
2861 653c78aef10840bc
2862 7a662d16b14ef196
2863 7b954195af38aef0
2864 563f607aabf87197
2865 1e4b728e9d54240f
2866 fe26de1213341177
2867 6df657badbbab5bc
2868 7cd904df9320a1c8
2869 95d1b1486a24f9a3
2870 9d92fbc0ae23b7eb
2871 fbfa2af198262d42
2872 6f8265c49a39b46b
2873 0b71be1af1161797
2874 3cbdba47acbeddeb
2875 a12d510ea6d42378
2876 378e8d148db0acae
2877 0280270964450132
2878 e0c44c7b7d3df29c
2879 28b563c18a376a66
2880 fed578c6295f38ea
2881 57c7b9dd9d72d87a
2882 7723da3c25141e53
2883 c0a9c06f35615151
2884 db45a243345cb475
2885 9092e926c80ac027
2886 89dcc1f8d4a14f14
2887 0d7ff4116c217d76
2888 5bd6dd74f250a9e9
2889 8d59d81251472bc2
2890 dd60b4d045afc2a2
2891 e09eb4d8610756a9
2892 0dbe457077440db6
2893 bea6f6f641a6c34a
2894 48205aede583e003
2895 dc15021df09efc13
2896 999915f380650624
2897 7f3e5fbb22a51da1
2898 8cc139750166bbe9
2899 ab38e76532b4d6a0
2900 1cb440aaace88969
2901 4d4f6d21a30fa1e6
2902 e9fd1fc1dc0f9adb
2903 4eaef5cbae30b3f3
2904 f8fc05e7ef63ee33
2905 049738e0dc6ed866
2906 944177f982de217b
2907 fbf9e1196a199fdd
2908 eb71281129d84914
2909 f85d1b920349cc1b
2910 f0adef07d84c8515
2911 43aa8fbe2fef699e
2912 384ebe6d6602455a
2913 d88f9aa438215cb5
2914 0b268bcea4f933e9
2915 64702e7f56f44974
2916 cbec775314c87069
2917 cad69ae19a7bd6ce
2918 42e449a9f6891a17
2919 a178341ca0287b1c
2920 6b6ea649b05b7d78
2921 adee3020895477a6
2922 953b486dde138bd0
2923 d0a223db991ba011
2924 45929fd3301523df
2925 c3f5156336f9e4d5
2926 9b6929986593696f
2927 8cdcb08a1dd45221
2928 0afe833384f0b7b2
2929 8fe5844ceeea2c03
2930 ee9f600db1f556fb
2931 b7ce666a2cc060ed
2932 7e87546d7597f5f1
2933 7ce5b1c4f530030c
2934 b2e5f2a0b8a82da4
2935 32a80e6c08b7c1cc
2936 68deb27a6d38d237
2937 3752db774864bd1c
2938 e171c9591565651a
2939 82ed34520eb192f9
2940 7a3db0491d28ace7
2941 b8b9a886927f9817
2942 b812e7e4311befc9
2943 6ddaff8df6487de8
2944 0c3a0d3a56fc8837
2945 6e15458de4d007dd
2946 5ad390c01dfd9625
2947 89e51504f94fbb71
2948 1a6a5add3e294c6f
2949 e31776a7d7487f8f
2950 9515c55ebb7422eb
2951 4660977491a8eb23
2952 11098db81c3236e3
2953 6e0a8959bf19f9ca
2954 47ce8cdddcf7a54e
2955 1c2fa4cbf736677d
2956 9557bb64c00e315c
2957 7f864563a1f5a2e1
2958 ef77f4dcc0592722
2959 b442b64950bbe9c7
2960 647129079f4a6330
2961 977e5b73f5f46517
2962 18e06f37fdaaea46
2963 0db44859706c620d
2964 9deafdc9733fadda
2965 5a655c5f8783b73f
2966 2922dd6d16ea3857
2967 7e9ed06ff05f96c8
2968 296f19f4a03b4c0b
2969 df2ed03bcc2d4281
2970 2bf92cf8318f5c40
2971 b432627a29ab8abf
2972 1d8b26b259d1d540
2973 9bf5786e52ae80ee
2974 7fb9b13f2f8f4846
2975 9461f832f7ad3174
2976 1514264dced24290
2977 7cfcd5449a3f52d4
2978 b69ffc087fb8c9c2
2979 429f7741d3b814ea
2980 8eeba2bf981d7ef0
2981 e9e6b26165de83b5
2982 f915423a1cb0ea8c
2983 729e62d292741e2c
2984 b2b097e6e6301c42
2985 f3a6e853d88594e4
2986 956bfcff12569e61
2987 3f095c4bda6e91ed
2988 f8813c2751a5a288
2989 9e1b38daa25e5208
2990 c34944dd716bce68
2991 eba7e185684475be
2992 5ede7ad9679e35f6
2993 52a3612784a373f8
2994 4b06f3981cca1a3a
2995 412ee5afbe1985e2
2996 a4e03bd205e4aa3d
2997 dd8b5a808173ac4a
2998 12bf29a30264b288
2999 e82a3b248fcfc2b1
3000 7d12ad30c6600ee8
3001 faf3216e347866d4
3002 6a427a4e489c85ad
3003 4f3091f0f3eeff61
3004 d448a91f3c730054
3005 50b1e900215286a1
3006 ba69c4fcd29d97c3
3007 adf730a4264cf573
3008 caa8d5ee00bb31d5
3009 50b804ac77abcd1f
3010 6ca20c06b4b2a04e
3011 fb69302833d3f8db
3012 15a0685d366269bb
3013 307bd0bc897e84e1
3014 63682271546ed7c0
3015 9190fce5b51bed7b
3016 b06c153d2bbdff9f
3017 ae9b6d6400aba0f0
3018 a7ee98818dfe1804
3019 8c30af5e7261543a
3020 680bff4cdf761cf1
3021 53f09fb4b6f1e0dc
3022 d2652dd31b9b82ff
3023 ec5c67c520f40ab0
3024 17a421ca7337d983
3025 3dbb5b8373478a43
3026 55583d4e22b0a1ee
3027 777d228da5c5a874
3028 cf1d244909c7ab5a
3029 8b4b8d276f045b2d
3030 73577f1497123d52
3031 28e317f3dd91fb7e
3032 9cc6a21a229b7866
3033 93ee15fd8ddceb23
3034 f1f46419befd9f30
3035 715fd6b472736859
3036 aa2563a2e31be939
3037 6e4bbd1425d1ab1e
3038 2a1f2bb16981e79b
3039 32873902869e395d
3040 43166823d5408735
3041 993a63eee4ee1f2b
3042 8ba3272d6ebfd251
3043 fd389665a896fc9e
3044 3247eac650d6ec24
3045 188ff9684ec15919
3046 e59fb75cc73ffaad
3047 5f303b32f9848d4f
3048 658c4d91922a7b19
3049 6a4e012d7eedbf7f
3050 08bc80ec024d8123
3051 7ac76360c5a5477f
3052 f40e582aa59b33ca
3053 e5b55f2accdafe32
3054 0d7fb2736c040858
3055 78630955bda193c7
3056 0077d0a204065026
3057 8b4fa856ce08c2fc
3058 3ccefd1ccf64a835
3059 9fd71382e74caa14
3060 9d876914ea47bf3c
3061 ba8b09dd30a4fdf5
3062 4c63bcc7269b3b18
3063 d74f4b826baa7c30
3064 f2318bceb5e11f1e
3065 30b3a2e16c4ed6b6
3066 97e741ee409c2361
3067 72df4ae5a81d4f52
3068 c584392d4b1fc01a
3069 cbbd6cc603f89a18
3070 d6cb8927fba630c3
3071 e7d3351c2db29311
3072 14108bee56ed4398
3073 6a90c373aec07360
3074 8a5624fd8a0e8e39
3075 d5597439cffc5823
3076 7d818e0b726efeb8
3077 7bc993125909db07
3078 27aa56a659d0752e
3079 12e2ac16385c8690
3080 cd678ec242a483fe
3081 eb0df6f06052c2b7
3082 f02bab18b06b8926
3083 65e7a6318896333a
3084 7a1e3c18de764587
3085 9c528d09ca98d079
3086 506667919ea4c5bd
3087 f40e85be91717626
3088 bcaeb32b0d4a80eb
3089 e4f71f0fd16e62ff
3090 a2b77e23f91855e6
3091 1a21ebe711463b51
3092 3ebae238e857eb5c
3093 56594f5a64c34ee5
3094 ce36e64c69c7462c
3095 74330404997197f9
3096 d4c4997f6d029c2e
3097 54876486b34e1615
3098 baa7ed7e91141de8
3099 2f83c0775b153094
3100 a2f73e659722d8c2
3101 8797ad6062651d11
3102 a2d3a0ad83471f12
3103 1b192135df0dc3a1
3104 1bca302209991f81
3105 d5fd8b3e3c3b6284
3106 1734b8c2c482401a
3107 fcbf36b7a27145f5
3108 4e8f7b08bda36721
3109 5cf609b17988737b
3110 946e6b9368bac10f
3111 3689b8085d776ec9
3112 91a449463d090b50
3113 bad437505a775a25
3114 da7c373463cb5d3d
3115 de6c07453d1bf74f
3116 bed96193dae722ad
3117 16fe5c6b8869c734
3118 57ad1298e291f133
3119 46e7fe8f45453c49
3120 897df4fe03f6fdfa
3121 7037aab798dd9ed8
3122 efd7c3db324fbda9
3123 f474536f07dc16cd
3124 c107915fe22cea61
3125 203c8b6686299f45
3126 6dde3cbcdbd53d07
3127 cf453f89101ea74e
3128 d9695dbe4dffee12
3129 1810bb6ce36de98c
3130 5a59b548d36494f8
3131 da1b3f393401aea0
3132 648be7e5f8472842
3133 bf78ac8f7a13ac20
3134 474868e32b8be506
3135 01466183f965a176
3136 52a12b71793c8189
3137 392bf5b07216af94
3138 b498fcf909874be3
3139 fd32b0e8f94d9ae3
3140 9e533d8a9f7ca5f6
3141 d82c9af09fda9ab2
3142 15eb33abdd9b7300
3143 c6f0ce666876979f
3144 8e446ca41a7fb4fa
3145 7c900a408bfafde9
3146 af818e2e0e1d7dbb
3147 246df2e9e2c23279
3148 c9fe147d9af65426
3149 b17fc85dc10be450
3150 04ab5369ec2e364d
3151 2fd56d0622081646
3152 f71bb897d52fd57d
3153 595cbea700cd8c1c
3154 d096f0cf708cd9d1
3155 886f3f44d166f187
3156 f4448bf66b82d5d5
3157 dffcc79a0e0070d0
3158 59849dcf3f702487
3159 3a3ae5d9d75ed720
3160 c9eced288e0c8bc1
3161 509ecc666f9f30d8
3162 b281edda9b715411
3163 a552a555ed7b9470
3164 b0d91f5576b493e1
3165 8e5bdc47b1b86fb1
3166 e66fa95457ddedae
3167 fd75a80faaf30cf2
3168 d3a59b5bee87c82c
3169 96cb76223fd4f88f
3170 f94994382d6f3f0f
3171 3c324932ee4806c2
3172 24ed9612a07bfc44
3173 36cf78a421697085
3174 6d644113944fb2eb
3175 ad6c466824528916
3176 d1ba82e9ca4c1b54
3177 b711bac26f9fc856
3178 c64057f00e1e9488
3179 477ccfd3a5082368
PROBE 3179 D0=00000000 D1=0000000c A0=00ff2ffa A6=00ff8800 RET 00ff02dc
3180 51d6c39b6d6070cd
3181 1ad993369b68aee3
3182 2d85c9914aa15018
3183 0c3e645caaaf6a05
3184 66dd37372b840915
3185 1eda99acf6d5aaa5
3186 e0194612bfd8b2cf
3187 d7dca25684e77d8b
3188 93ae6a43727ddde2
3189 00aa51d9b7f44247
3190 92ec702f3b0a77e4
3191 4f6d7769cd3588f3
3192 dd6cad021fea1b83
3193 eac666f2e1c77112
3194 0c0397887f21f940
3195 cd1f526169047540
3196 fc37e8eea3fd7d5a
3197 bb56bc2cddf3dd3e
3198 d4abdf78ef400441
3199 4ce6855eb9f1cbd0
3200 96bcca80720a5380
3201 6fbf9fb360e473e4
3202 395477e03fd03dd4
3203 d49d05bdc22dd985
3204 56ae64d7b9590c9d
3205 bd29e86f466f5261
3206 d9d2965d2c36370d
3207 fc054f7ad7376cf0
3208 abd8410d0eda1b5b
3209 92bf213ddfa9ee86
3210 2772e29d830f8da0
3211 e6101a15f6f3dcbc
3212 f048d85b38b64ea6
3213 822f89f83f1d83c6
3214 d64af05487e878ef
3215 dbd932e11f05571a
3216 151da6c81373bab0
3217 1c3636919a4c6226
3218 0789facdb390b77a
3219 e3674c1669e63261
3220 300de5b4ecf95304
3221 cce4468f33f3040c
3222 d9eda4a663e7a57c
3223 74ad892eda477de8
3224 58ee228c704f7046
3225 dd3c9bf46b6f8abf
3226 0fb96492977fc205
3227 2abbf59a09a98683
3228 1d10f5de494057d1
3229 d06da661004f324b
3230 bb9a0f257b0805b5
3231 888da2155925f094
3232 387c12d2970b8348
3233 73e21ad85f536893
3234 3caadee98c1905a0
3235 eb71f181f8a5d86e
3236 d3cfd356bf1dce79
3237 7fefef9b6ac7874f
3238 d87c0dc5521d0b85
3239 21bce74b00d14495
3240 78a3aaf6b4d8b2aa
3241 19e64e111fc9f9a8
3242 11df03c1ae99aab7
3243 c55ca05aa1e86cad
3244 76ba62f809e1c462
3245 d7b9436cb410348f
3246 22c7f93b67fa1c4d
3247 42103843cbbcf4db
3248 5a1dcb4ea76a3879
3249 43a11dd0b5a24f71
3250 63c55412f0bdf5d3
3251 20b86b85069c3734
3252 2b0a0b643897dcb2
3253 0839c615fce739ae
3254 4205ce272dd65b35
3255 345b1911081f9269
3256 08aee7009ebaf6eb
3257 8fef9149ea29d27d
3258 88cd3e2f50a09d89
3259 282e40acf2fd8797
3260 eebb1d99378b87af
3261 8b9ca20da4ec68ea
3262 195190c4c26432cc
3263 c3994582ecf6a2e7
3264 7f7f910ce2c42520
3265 169daa49f8caa612
3266 d184b2dbbaf44ccb
3267 4eb77cad24511b5d
3268 d1b63c93d8205d2f
3269 e58cee02e720f360
3270 0a4a93fb74c4b6db
3271 63a59f618b206841
3272 e30147c5b0f1c368
3273 dd3c0a0eefa338e8
3274 238c6e15ab5ef0b0
3275 79c28f3ff64bf162
3276 40f13168f2eedc67
3277 8465c8f1d223d769
3278 a3db1fa9d90d4d68
3279 0eb110dbb5115d5f
3280 7e14555435a8a023
3281 2b0eb3ab16f77238
3282 13c04658793d7b5b
3283 3af3d9748f1c0b08
3284 43c7ec40578ef2d1
3285 ff8aa30d9b657aad
3286 63ec597dc1588f33
3287 060f29458bcedf5a
3288 f90a4b93ed404a1f
3289 2c8fc04ca7b5ed8c
3290 b825c0fafb259014
3291 7b74222dd126d941
3292 aa1bc2923112541b
3293 b63e21401e8dc879
3294 b4a283da545f750c
3295 2f043a0dbc48cb7f
3296 f091185b2f7e49ea
3297 88c22c2e071b0ef5
3298 9903d7754db7a479
3299 d5102fbf97be79a2
3300 8e7feb64d01c4e1d
3301 7369c0d96f2a2fb4
3302 18080d7a4cf3d473
3303 0fe8adaea2d587a6
3304 3a8eab134903ce81
3305 81299335dffe25a4
3306 c64dd4e57817a8c4
3307 fec1918602efc047
3308 cfa04c737c7af03c
3309 7774154fef415c8f
3310 472ce1cf59a5568f
3311 7e889dc3f0fc5158
3312 1404ee6831189b2d
3313 a0d5ce371f69e3ad
3314 57879fa449e36070
3315 05d51d9b660cc881
3316 3ee98f32155fefe9
3317 7e02154f7ee0fe1a
3318 5d862de97279e94f
3319 d910edd0aa14b186
3320 bc561057b374ba2e
3321 1dd9f05498f3a568
3322 8b1ab3fc73f45891
3323 ee7cee1e032e95af
3324 7876204efe690325
3325 40983239f54a1b18
3326 5de209608b3a7067
3327 d6962940aa3b51b4
3328 f4c0e9ec68f124cc
3329 fc815f9fdc71c299
3330 30730b2b399f9364
3331 88abd5c44655a6e4
3332 1af64b4e0f88103c
3333 654ccf97a5b6379c
3334 e76d258e2a0a492a
3335 eea1071479d4c63f
3336 b2bae64c250a0314
3337 97c7247b66a03a74
3338 e1cb49f7e94308f3
3339 4a09240e141bc9f0
3340 a900b6786c5160a9
3341 321df8859e9586ab
3342 01829d4194561977
3343 014d30c277434932
3344 9dc1d5d403f177fb
3345 199d76372b254637
3346 ea9c7bb2aa20459e
3347 3e7b33c2fe1f8606
3348 8d5b83761626abce
3349 9a58fb59a6193339
3350 b0f20a5fa5030d25
3351 5aab594059e51793
3352 75f5d1948a9e0b90
3353 f353c561ddb02457
3354 38d57820a4d5cea3
3355 96f2928c8b5b1bf9
3356 08ee28f1a8716225
3357 7f5a1254c8c8cdf8
3358 7ae898d4109388db
3359 541af384cc1e0251
3360 b7c414e870769936
3361 21eec267ee9ba104
3362 d33d5f7b3de05ef8
3363 397bb452423f2364
3364 7ee809ebfaebb9e7
3365 b45d31d9a39530ae
3366 d90de0c8c040b66b
3367 c06d6635110fb98f
3368 f73df4e8f61f72ed
3369 050dc213d96797e2
3370 1674900a713715f0
3371 29423e4c222b389f
3372 539ae6693d1d1cd8
3373 1e74deb31d63872c
3374 897b876794f6f96c
3375 9f2aa4a750f60181
3376 7eee89a5395fd6de
3377 9db315aaf6810111
3378 080df6342a339daf
3379 b394d61497507032
3380 ed60b0ebe1471ea1
3381 df955a90ad8a250d
3382 c79d9556400233fc
3383 b398a813f16117bd
3384 04b7eff454dacbf5
3385 70213bc111200bca
3386 b62a1477d9c5e9c7
3387 364f9d2991394235
3388 aa956b9406090bd4
3389 98222929df3c4508
3390 c55f9aeadb02cbdc
3391 ac446977e5268dca
3392 43b98b8b0f5ed68e
3393 e974fbc4938d2aa9
3394 146a77d8563607e7
3395 5240738f8e81b399
3396 c9ae319397817316
3397 e2f11e99bfa9f8d0
3398 8b1fe43e1bdd0344
3399 a8de5f2a4736e9d6
3400 f583a23af2bd1512
3401 f1ccc8773dd20286
3402 63fb48b0167d9522
3403 79f1c018d90d93f5
3404 433ad82345b76dd4
3405 c52fbe6b384806e7
3406 8b558462b7fc63f6
3407 04985bd1e6c152a7
3408 94c0d36146dc018f
3409 3f8be7956e667662
3410 b7a427e5f69db81a
3411 327eaa54a36ec53b
3412 c52c10746e1feed7
3413 b5a944bb36a0d96e
3414 266339985deed261
3415 344adde5bf716efa
3416 b67324a1494d990d
3417 8072a082040d1b3c
3418 63d7c98c5f939fd0
3419 4d12d5ee6b70b45f
3420 5bfebe16a1ab17b3
3421 9dda6b59b6ccef89
3422 62ad54843a349e4c
3423 671dd0d238663aa0
3424 ce73fb37a91296f7
3425 acc95e8d2f32b267
3426 c115a7544e46c5f4
3427 be6d6a13515dd99d
3428 ec434072214d4ba9
3429 65b456fbeaa86355
3430 c91f3e759ded4754
3431 e0f5ed2480d3ea17
3432 d9bc6e41cd634014
3433 24b80d3a8badab30
3434 b6e19bd02d12511a
3435 31de3e479b60534f
3436 53d49be60d1ae7e3
3437 092088c020219310
3438 e36254fd95fe7157
3439 ec580dd0ab06a12c
3440 d811708148d991ec
3441 4cdf002e64da219a
3442 d92fdfc9d9e4d031
3443 45694b002ad1b13b
3444 8be04d1d4963730d
3445 650353a5e421fd67
3446 4a07c8759cd70c77
3447 5fdec5ba0adaa7da
3448 787b5232ed6384ff
3449 068449fcef873d2c
3450 065e21e678abf4c8
3451 21df5e6bb9de327f
3452 c38ac472af31adf6
3453 f5a1c8cdc44c1193
3454 17a0b6fc233777fd
3455 4d36bbdd44a4c4ff
3456 d49c5a1e7232bff6
3457 e812d33420bce6aa
3458 b855e627de65147c
3459 1cfdf88842103e6c
3460 3e64a8eee12f98c2
3461 eac1ff34a4055edb
3462 5376073947528dda
3463 e0901f4c385f6bc0
3464 8a6b832d3e391c55
3465 cb15c33822121c09
3466 fed8b21e5a568bf4
3467 acfdc0e4613c7e54
3468 c61ac93ccaae8083
3469 14b17c9d7e96621c
3470 a9db0fce2d505a8a
3471 79830aca6d4e4e9b
3472 84e22286470fcf3c
3473 9d202495193e0e49
3474 f2b9501ce0a9070d
3475 dc5278eb0501fe4e
3476 3b4386252f7cf5a1
3477 1be6283790457f2b
3478 fc2e8ab43b923a3b
3479 8fc3c574c3fb127b
3480 5f3d89cd236c4f87
3481 4ed7307b2adafd00
PROBE 3481 D0=00000000 D1=0000000c A0=00ff2ffa A6=00ff8800 RET 00ff02dc
3482 e551bfc38725d817
3483 27b5f0872ab173f7
3484 a4f6d9995501efcf
3485 4eba03560b33a07a
3486 2ad34c61453789bf
3487 ab2f29b0d1864d80
3488 44abd673b2a953e3
3489 d8eacaa90aee2b06
3490 ca9105c0dbabe559
3491 7c20c711130bee4e
3492 62c520084719b477
3493 e07bb31c39897d59
3494 0b06015dc049a4d7
3495 e1eadc1aceb16fb8
3496 19070e14c1e57a07
3497 1272818130110b5b
3498 7532c0ea45e859aa
3499 d8fa80cf2906734d
3500 3e8651365f1ffc6c
3501 347ce1510bc4b77e
3502 70ca3fd3baaa3e1c
3503 fc85694fa6083184
3504 58b5e5a5827fea5d
3505 b8f26980cc1e79c0
3506 5cc4ea37eeb76fb9
3507 4f1e604e9bb8a54c
3508 3f9739d48c25d151
3509 e1691397af03488f
3510 eddca62e34f32ff8
3511 821536cb550a6d6b
3512 5388a4bb8c368c20
3513 8f383cb3a1204772
3514 260f25895913d0d2
3515 0f8775e2f8b6f7dc
3516 9dc20120a86d4bbb
3517 105a8896379935d0
3518 a2b06dd402119028
3519 94023296cf1bafdd
3520 2d1d38c364b20795
3521 5c2e6ec4717113fb
3522 a90cdfc401769f73
3523 4e69c081d89a1808
3524 b41cdc0805b4caa5
3525 4493c9f67e3a9932
3526 7b87b56600db4c16
3527 6f64ae9b21d9d4d3
3528 3ab301333d67d0bc
3529 a46932b9d30783a4
3530 d29b57662a3c6849
3531 f94fdfaeeefb511a
3532 bf294bd0878f25a8
3533 820d1decd72dff4b
3534 a168c1acb7bae9d6
3535 1916c7e128863fd9
3536 9d76ab82c32bc0d6
3537 dbb2ecd4a0439d98
3538 96b8a0b8837efed9
3539 0ae339a083cfc0c2
3540 5c89685fe02bc7d5
3541 8fbd25c6ca47f7f4
3542 4fb9732821e33bb4
3543 0d2b9640f967abac
3544 8aa34192257ba478
3545 a207452c47c1c1fe
3546 ff69bcb5552be903
3547 5cded77ea7dc4bea
3548 e4489f492e2e12f7
3549 693581f525486074
3550 c7c82e09b8564b48
3551 e45839b6e3b95f3c
3552 c2efa9ca33278c6b
3553 a75a84d74882074e
3554 712612c6655a75d3
3555 a4642c7ab06d4be4
3556 fef6349b047d9822
3557 6667943d7817f494
3558 31b11fdb4e0f8b9b
3559 4d1c19a015841c2e
3560 0f43cf666d69f7e5
3561 a08cb9eb9b2dd083
3562 88fb95a887f8b807
3563 d6eaa1c6b0c81691
3564 d3fc66c56aea56df
3565 f2da7fc50e6f7e4c
3566 bebf179d485a157e
3567 ecb7a559a1c326c8
3568 78c45c756c033070
3569 f3fcfeb7eac83357
3570 4bbca5beb2411b69
3571 569f527232787675
3572 3312b5a37ea90642
3573 c0e2ff6762259d59
3574 9eb0015ca92071c9
3575 015e279b91413dfd
3576 8987914d11a974ba
3577 4e4f0ec5c7be1d87
3578 3f6f5529e26174ba
3579 e46867c9e61f4020
3580 49a7fe3ac37a766b
3581 64bd7d6deae95f83
3582 f14af50dea765f6a
3583 f0f45e8d0c05e7bb
3584 d0f8cf0666ae251c
3585 dcbbcb6775dc4211
3586 4012883d40062299
3587 3da7731b2eae8133
3588 405df1a4902d5175
3589 2ea3f1304950c6ac
3590 13cc272846347485
3591 65afc26414fbf8af
3592 196f3419bbeba4cc
3593 2e63b3fabd655e7f
3594 02303af5cdcd65dc
3595 a58a960836da624b
3596 880c4f12468b62c4
3597 a331878952545eed
3598 a41917e048ceb02b
3599 e855842426449a7c
3600 3a91e00635ad4a99
3601 588e3a6634cdd042
3602 c7d6d76880004c6d
3603 550b357704d187c5
3604 d9d8cc65aa9cde10
3605 93fffde84ca1710e
3606 41b3070ad9cd9521
3607 6fe11dfd5b11b79c
3608 0cedba1c2c3089d9
3609 617a4a440922dd0a
3610 d7e3a462c8bf81ef
3611 9e281f4d8d98b2de
3612 aa74e0e6cd998f02
3613 170fc90ff78ec6f3
3614 60dd232ff5dd3571
3615 bce79f9ac72ee401
3616 adf081074b96e1ac
3617 1d462119b72f11e6
3618 5e529c5b1c8f974e
3619 b0bab0b869fc408e
3620 1048c07b02e4cb7f
3621 407e9df55c911e2b
3622 7f1148307900ebd0
3623 7c2dbdc6c8b28d65
3624 1e1be01f59478e2e
3625 10afc4b1b85bf694
3626 ef4e76fcb53d3bc5
3627 2ff3dffa8701e9a0
3628 7484cf0dceb8cb87
3629 a91848941d88fd7a
3630 8724b8fdaff26fcc
3631 35b4325ffa685665
3632 a8e06588826f6e5f
3633 728d1175070aed37
3634 2685334742628120
3635 3db36ae23e05aa44
3636 cc8abb3d66c6033f
3637 fcdc07d8f61bd804
3638 896b251739d3b89b
3639 ef88c196dabbda25
3640 2de1019ff52f2011
3641 b200121172eda7c5
3642 2f36faa248b3ce6e
3643 a6b0c1c7d8540e87
3644 0df2050c0ae7a796
3645 173d1a03a8872e9c
3646 2ccd3b4444892a7c
3647 e83002ebeb9b511e
3648 59974caaf80f3cfa
3649 4b8ed4770edebf18
3650 56dfe7f98cfe0b34
3651 6eb21b44c30ffe5a
3652 b3a59bdf7a7a87fa
3653 167de8735f7c6a1c
3654 b1d5bc9ac3b05af8
3655 6218d38d2861d096
3656 250b58536d872197
3657 d219abfb2a78a0d5
3658 38655b8547f9e584
3659 d7da8404e38454a2
3660 eb1b3689846228cd
3661 0edcbbe4a5fbb2a0
3662 5711ed49eb9e5255
3663 6a50bc9b1771ad71
3664 4369540e9a306d6d
3665 43e0cdf8e3c1ca66
3666 b6ea388355176ac0
3667 2bf8964517e83e8d
3668 0d0f0cd5d665a220
3669 98820b648ed80023
3670 52dbd56f3ecc5487
3671 bc38ef25df46d101
3672 f3d9f370d1e7d1af
3673 18210c14cfe31b47
3674 a21cd009212409bc
3675 d8604efa4bca11d0
3676 48504c53432fa2b5
3677 1a333b46ba641b34
3678 c4316c6389930058
3679 af382f68c3cbd4db
3680 fb56085bf06727d8
3681 4ed2f3c995a5c9f7
3682 43753c760b68ff66
3683 5e5b96516ec116e4
3684 597953a6d85dde62
3685 f680bc5d233b1cf2
3686 581fe2b1f3ea0cd3
3687 4b1b5a06f3f66c48
3688 fcdfc5d0a78dc2f5
3689 563c9674281801f9
3690 70139fc0fa26f2e4
3691 bde20bf9f1d4412f
3692 37e2463a9290d7d1
3693 c00aea3c44a96d0b
3694 300ccaf7a8d66b1a
3695 172f6cb5da49f1af
3696 b0c4fb547754e269
3697 4db6e06751f32055
3698 088e0f37d9d83052
3699 755b0285aafa3b82
3700 f808cdcd673851ca
3701 083f93195a7b88e7
3702 e074c2eeafcc25ce
3703 a8b068dc4f805352
3704 d0b64fde7487817a
3705 71f82b41bc40c194
3706 141418306e4219f1
3707 a7da33f76c3cf6dd
3708 89c1007443ff9985
3709 e30c36358413e0f7
3710 faab67cc19924315
3711 e1fa5ec60a909fa7
3712 56188233fcee7c67
3713 4894c7281dd2ed2d
3714 b507e81fbc3aec40
3715 9c80c4f3b2eb9a14
3716 d526870bc0fd7613
3717 b59d61fe86e337a8
3718 e60a87647c142d0d
3719 23e11294be1e3f0a
3720 7829c732a9051516
3721 c7e6303bfc2b2df4
3722 3ee91570cbc4c0e7
3723 b895a21bbb4d8b17
3724 d39dddbf10f125f8
3725 d84754c2da3559bd
3726 795ab97aa194a541
3727 091e7e6b0251a0bf
3728 45f905e52a1dba77
3729 76685c3c4d9e9552
3730 a3fac0e01c2517bb
3731 968078fdfaf3125e
3732 965b1c4af26ad958
3733 1595b868ec41ed75
3734 5324d8fd49ab6ad2
3735 35f72bfa20d413c8
3736 819db50c41efff15
3737 5f24f691f591af2a
3738 f8ae00cd629653f5
3739 4f0bf555ed456900
3740 8ec86e8e7d000661
3741 fb811e7fa39622a5
3742 7fa770458a4753d0
3743 05df5d0bd026a740
3744 797cdeb2efd7f435
3745 4c7603b724ef0c63
3746 34f61f86cad887cb
3747 2cf2f5ad32c0da73
3748 3499bb2b789ebc91
3749 8023a43a66b77a9a
3750 0ce4935836847dfa
3751 5986d2bfc2a7a4a4
3752 4ebaa26bc8ba1b02
3753 146d829fb3960e21
3754 f79366a3ff2c1a99
3755 ba55e45081c66691
3756 4f9bd68b730828e3
3757 f22960a5d44cc728
3758 26d1e29508e3195a
3759 fc61fa760431cc92
3760 104402ad3aa4651d
3761 a6cba32af472aed5
3762 35c598306d04884c
3763 184edd55b6ff18a6
3764 de3aff2dc5289cf6
3765 955dd93beb730318
3766 201bba029ce022a4
3767 f660bb82537b6db3
3768 ab2e4f258c4bea9a
3769 975891f9ba2c39f0
3770 8d9fb141afbbdd67
3771 c8ccd5f7c0c55f09
3772 2dac0b8a875dd116
3773 40c29402277903ec
3774 04e9a3b0c20179cd
3775 c2eadd726f8ea4e6
3776 311573f11fd625e2
3777 0f3a3e157c7ba49d
3778 d4edcf7c9fd7abb2
3779 fececc42c8e12643
3780 467792175a2c2b0d
3781 e38bf9946b847b41
3782 ddaee948645d8f0e
3783 08cbf065f5fbda26
PROBE 3783 D0=00000000 D1=0000000c A0=00ff2ffa A6=00ff8800 RET 00ff02dc
3784 9e175e50bdc4c875
3785 edc026425ff0fdd8
3786 411330af3370d960
3787 13d704e8f1dd1c82
3788 4f58efb3f044b87e
3789 e15fdfdff855c0f5
3790 d75ba49920e04225
3791 2ec9f32ff2945bd9
3792 43f1b4986483ae58
3793 c508613a523702d5
3794 f39d4424a678e734
3795 103d0afd6a8c51fa
3796 c83243d9f52aaf1e
3797 c92cf59dc6b96b9e
3798 a882cdf8cb3f35cc
3799 a6edb33f39e661dc
3800 7d9f178992fb889c
3801 6616563cf3ac58aa
3802 07c16b58e1dee941
3803 b6cec1a40a787178
3804 bbe68d9c3859765f
3805 efbcc4f19080b7d2
3806 4d7ef88b6cadd4bb
3807 a9d13bc6d6787a18
3808 f0917a907c299b69
3809 db0f4325027a4ba5
3810 7b2cbfec09ee83cc
3811 4e732c984a28c5e1
3812 0db2ef35027c118d
3813 8dc9956bdc0ad561
3814 bfd89adb2f7784d6
3815 da56495b2865944c
3816 2647298ed4f03351
3817 4d373bf4147b48e6
3818 33a446b9946e4767
3819 83234a01fae7d63a
3820 8840207cfac78d93
3821 63d14120b9592f2b
3822 991cf78910a9876e
3823 6a99f3a94971c544
3824 e023534fc4347b09
3825 dd2195c050415f96
3826 152436addf4cc294
3827 3b05294aa17b90e1
3828 72817361990643b9
3829 8ee5c3af034fa819
3830 4e1f5fdb93b2f233
3831 2936b16625e98ca6
3832 3c49b4ee757f91f8
3833 87e4a0142a862b6f
3834 284cd922af03fcfe
3835 8e509b21deb5a54f
3836 ca2f92b59e9b8ea1
3837 900312befc9e0fc0
3838 271667d7fe219e21
3839 5e6a70ff52c2518a
3840 f162ff3efcfaaca2
3841 2bf7844daff7d3be
3842 a626403228a6f742
3843 8a601a593f1d9320
3844 a5633a07493a7417
3845 d2d823ecad5d5498
3846 40e01d5d2f4cb9a9
3847 465c1600921d7a1a
3848 53839d5829fef5b4
3849 afee5dbebdf25b84
3850 629bb4156d61b8ad
3851 0ecb5212ef3ba9b5
3852 628d1aaeb6e7978e
3853 9f16cfcb3a210fc7
3854 c74682dc9a905949
3855 ddbcf859a5a7424c
3856 09cb0ec58f9368be
3857 0cbf0c1c8db23587
3858 49d60a14eb17b16b
3859 884061a08b3696d2
3860 8eada37fc60f40c5
3861 637ec037a3584388
3862 d8057a32f92f094c
3863 3b0a68f87b9c6c52
3864 1566e70ed0d2d36b
3865 9ef2f17a67bef918
3866 24effda473380ab5
3867 4ebfe8c3fcfcdd42
3868 b2115892b2c7d3de
3869 470e7a71fe491695
3870 b26bec98948e1174
3871 3c677a391658a0d2
3872 96255b30fbf265ee
3873 2eb64e8535feeafa
3874 851e63c6c6237abf
3875 69e2a217b6fbca4e
3876 87b685132923a1e7
3877 8d592e21c96ff4f1
3878 d559d987a5dc3e25
3879 2a37f788cd5bab08
3880 4c3f60065ad02be9
3881 5b40fb6aa2e0c33c
3882 aa8f54eb5bafe093
3883 78f588fe20f6b52a
3884 64ed8a8394967ca9
3885 3b3fc4fb104892bd
3886 dbbc43987b3aebc4
3887 2eb0027c1e987c9b
3888 0bcd4f7fcfa9532a
3889 27b0046000edda04
3890 d55b9c6da626eea1
3891 9e12ba0393435325
3892 a407368c471a6a03
3893 538b35d041d76666
3894 0662732281efa6ee
3895 db74da6bda8f0826
3896 3d045324e0a8ba89
3897 50fc1af3dcf9b6e1
3898 5bfb43dac95ad980
3899 b31fbe0b516b9b4e
3900 bf796fe3583bc61a
3901 812ed8657b213316
3902 10b20278f8550d4c
3903 1922126ad672504b
3904 ecaf5aa28957119d
3905 da9263ca87aea4ad
3906 51702cf43f88d3cd
3907 5747418f095cb8a7
3908 138a364e5dda2812
3909 751a513d46e7b217
3910 a0954321e9911d15
3911 e6ce368afc952ddf
3912 942b12705620c313
3913 b676ef52a83c4bda
3914 215fe01bbddd748f
3915 0840665925d7da1c
3916 334878f6f105d99a
3917 5bcc82ace5c769fa
3918 d4ce841116184904
3919 de9391294fc809de
3920 b6e0134941425ea7
3921 907170f3b262f938
3922 71be5af6c02693a5
3923 71c49b0da1fd421b
3924 04828730206674f6
3925 dc95d2efaf95009b
3926 3faa6937d7c6c192
3927 f35d8cae8d41054f
3928 eb58b34e606b1133
3929 140fa07483ec95bb
3930 207afa85207c5cb3
3931 136c1ff44e2aa41f
3932 fd0f4dec805e7bf6
3933 471efaf65bb95a6c
3934 589c32f57a2ae913
3935 20879ea7fe4b2140
3936 ed84bb72e14af4f5
3937 d234de9e76ed31f5
3938 5c0812cd732a3d81
3939 b5891874b7221084
3940 f4a468016c13f29d
3941 921b6ee511163207
3942 6734804d7ee8d019
3943 b024dc77d83aa2ea
3944 7512b4aa91e77f8a
3945 5474c1adaa2326f1
3946 d2414e34cfa852f9
3947 a216f4268578fb3a
3948 d36b2373e912f978
3949 4827bc558f6e4123
3950 3a110cdac1343755
3951 d07b09473ad302ac
3952 727f7bdb80266f01
3953 714c00f2b52abb02
3954 945895699cb64ec4
3955 87b2695aead02521
3956 766bcdcc907f64f2
3957 daa6daa59b8e7acc
3958 41ce899d9958cc42
3959 39f51add53ff6875
3960 ca3756d9265341dc
3961 4d625bcc66bb030e
3962 6d28f1c808cad21c
3963 72254603c3c4f372
3964 cdcdee8e9982d236
3965 061c9980a4383983
3966 60688a036ea4cbe1
3967 7520f038c184bf1f
3968 3b6e7a386d3ae1bf
3969 5d944ed51d63bbbd
3970 66676ccbdc3bf97c
3971 7b349c58b3d71092
3972 3726b7b86a0bcc8b
3973 ad2ed520b7b680eb
3974 c02e3629c6f35210
3975 2a6c2051f7c887d4
3976 0739acaf88c7a47c
3977 9a3183f5f1262476
3978 4544572c2b67b73f
3979 20950fc93124a659
3980 386d2838d2e9fadc
3981 cb364ed27d99b4e3
3982 2d61480af0f7d81c
3983 6878f5ccb580806a
3984 171d2bd10560e6fc
3985 45c2e6bb943d5a7f
3986 847a940e758921ca
3987 768ae4318b976d2a
3988 5b5954e7e61a55f6
3989 e8a06372fe14cb0e
3990 daf97a91041186bd
3991 7b290930eb2fdfe9
3992 eeea75deaf3ef4af
3993 409fd4a96ce4ec4c
3994 575a4b59632abc40
3995 4a28bbbf63afa4c9
3996 933488cf3a6636ff
3997 ef200b4d10fdee41
3998 59e6c8a98bc592c4
3999 8365b17ac621ecc9
4000 150b79b10755cafe
4001 5c74a74861ab35eb
4002 5cd5b1877554331e
4003 ac355db0927bf8b8
4004 9c66bb404dce4bfd
4005 76dca409436adfd8
4006 86810865d48793ca
4007 a573bdd1e8aae569
4008 e28026460b28f486
4009 e537eb6a98f4c17a
4010 be1f3eb08efe96bb
4011 d45c527ec4778c23
4012 b532eb05d0b8bd14
4013 726310ccb555675e
4014 c830f18d06a1ece4
4015 b016c8c7aa5efbd8
4016 6834dded00e56e39
4017 5bd0561c9a4fdb05
4018 5c97d262ddf207d6
4019 bdd025af1d407c9e
4020 7ab8cc46a0b94568
4021 d8bef5fd690f263f
4022 d702319f130af332
4023 5305aaacc0bf5880
4024 4a0ca9c25b1c6a92
4025 e74668627c991102
4026 158183d93aceca35
4027 211f9cd7bdf00478
4028 6799a2a13bb30873
4029 f03285a5bdbac370
4030 4ce2bac2d40582da
4031 c8610c88a51a7ef0
4032 fb9dfcfe309fcceb
4033 09fdbbd4ac27b2c8
4034 ee90be43e3fb0dd6
4035 3381418a7aa1eaf3
4036 b679b040c37e88aa
4037 a45895dd717bee17
4038 687abe82d1d87768
4039 306c4437e8403c76
4040 febc64148c09270c
4041 049a3f753399c56a
4042 01c82ae09750f417
4043 e77d3cac5b2fd822
4044 a28f91b6d9924a47
4045 9fb0c57cc443a09b
4046 78a84669aed5df60
4047 ca780b64f43ae3b5
4048 4b9f97c9dbc0d1d1
4049 c573b578ae94f59f
4050 8db649f366818b16
4051 597c502c716ab479
4052 49c043f3874fdd82
4053 c443ab2246e335ca
4054 40c0fe6ca60cec62
4055 403a65bf51b6b25d
4056 ca6d2bd05b158292
4057 c35c41e9cf669479
4058 bbd255875657a1d4
4059 a0ca12c6891c0cff
4060 d081878a4ddec727
4061 b28ddc93e64cd194
4062 163f8d3b983e6e39
4063 e30f68422b28e059
4064 7ae99c79e7e373f9
4065 36ad4ac292221e8c
4066 15466480c7174b23
4067 702af6f3d257b0ea
4068 a2a6112e39844d2b
4069 09f25f12b405b30c
4070 d11941fda2bd8d96
4071 1880c1cf161f08b4
4072 0ffca58c5fedb974
4073 f28932b4511ad276
4074 3f3640568323ec15
4075 3b6da976f04205ef
4076 26e898ffb80e07cf
4077 8863b54c53ca8a3a
4078 ae59c2ff9c6cd9aa
4079 068028e331960f96
4080 d7ce796980b0d457
4081 c16fd30559e5b29e
4082 f6bc540a6762908c
4083 5f36dbd469f9349a
4084 c2e8dadde3a93865
4085 1b2cfb6e14c19dd0
4086 78b8615d90f02613
4087 f6db609dfa0e14f1
4088 1508c226fb7e4bd3
4089 d8deae70cf343685
4090 616fd7b2d42db40b
4091 5b82be5da16510af
4092 ffcf1a6502730276
4093 3fd4cb0035f43097
4094 6293ec331b1e0109
4095 2467e284be19988c
4096 470ddf6ff6f5d078
4097 99127ea2d125d086
4098 9c08b4b9502893f7
4099 b7e8e5a744423143
4100 087310ac8aea152f
4101 9b3c209984900727
4102 78955f3fb1fc45fd
4103 30dbcb1da6790ef6
4104 726c660c45ea83c7
4105 cdc817b96127b9b7
4106 872ff73a88d53253
4107 f22f62e089611921
4108 51e3064b6227df10
4109 2ea567d607c7fe2a
4110 f9844837fe7e1a65
4111 f7f7447722b16d41
4112 8a17091d76d6771b
4113 071e1011eea578a6
4114 7e2d444d7f135fc3
4115 518ebf301aa0c728
4116 5afb37da051933b5
4117 215bbead62e36833
4118 6efc7c6fe4d02b77
4119 097270a6d6cb32dd
4120 0f58795f4cfa368f
4121 805df1312a962783
4122 6bfb97819d63ff2d
4123 239c718d091012a9
4124 5e0914c9ef1178fe
4125 7b8a6e8f301db450
4126 fe0f972896eac3a9
4127 f9bebadaa1a1050f
4128 db4ae8238486578a
4129 b8a117aa07ce1dfb
4130 5a2ffa52f868ead1
4131 3d179c357b395e24
4132 2f85c1529caf5d54
4133 846f4d7793956abb
4134 20db23caff434687
4135 91b7371fc185be6a
4136 c8dc182fa567d5da
4137 a84af03d3e3bc4ef
4138 c0431960d0098f62
4139 4223f8bb57b21c2c
4140 abf0d920032584f3
4141 5a716182e94a4bcb
4142 44d7e76a800b5382
4143 e94eb4abbfa65e53
4144 e3e76c392b47ffd0
4145 b42208a5ccf39e01
4146 ef7390a7ad53213a
4147 f6b25c8547ddea9a
4148 ee05ca5e8761b085
4149 ad8dabdd33e7146d
4150 bb554906f55f5447
4151 d9c358e713244bcb
4152 edec12b1da5b885d
4153 b7720aba0e86bb78
4154 8dd05f0fd08ad933
4155 0c1d7d65fc7f2635
4156 44e785fc53fe3ae9
4157 eaa517b7d14611c4
4158 704ae614492869de
4159 193e71520e845d0b
4160 a9136db16cc366ef
4161 0d95ae49791af1f4
4162 542bc438c0975888
4163 b2820a6c0311c409
4164 ef810f4227421333
4165 41f1cc4d3216c306
4166 619aa3e3caf6e6c9
4167 2a70192a70abe051
4168 44e0b359545c4f7b
4169 4d67cff493965413
4170 d33f55a6f53c3a9d
4171 7a998e0cf4dd5318
4172 d518ae6c37bd9aff
4173 a9ba772011a773c8
4174 9687d8c01462fc61
4175 86cf7b8562311c00
4176 b5ceb1e8873d2a4a
4177 46611a1b9f3711da
4178 99596a8a72abd40b
4179 872bc822d119eef6
4180 4d3501ddf795b96d
4181 bfec55593689833e
4182 dcf26b454e206e2f
4183 b574d629ec6e595f
4184 b48aad7eaa5f33a6
4185 06676ff6dedacfdb
4186 2f15a013f480cde2
4187 3a2331b15d5edfbf
4188 94945352af440a96
4189 ab68b6db76328209
4190 4e1a3b6db9da8b80
4191 99f279d9b42d3ab2
4192 3a6c9b393005b76e
4193 444ea246f9b40a0c
4194 b4f20a2be549814e
4195 e1897cc598081420
4196 a00435dddecf141a
4197 19815578b045d3ce
4198 df837be8c1e2a443
4199 2b816ec5a053db6d
4200 cfc41cee0fef7e04
4201 6c169daa9dee2eed
4202 7a711a28e63f5af6
4203 d1573f32200c89b6
4204 06023f47134ca09b
4205 f880d5fa1188775b
4206 e5c5e00f271b34cd
4207 26b161a17eb1c288
4208 ac3e008f6a0d9d27
4209 c8bf45edaf59a3f3
4210 26f07118396b5bc2
4211 81892c31bab1b6af
4212 0e78f42e58851953
4213 fca5547063d17ff9
4214 acbed97488f1869a
4215 3b8d9ec1d27ae239
4216 87ad552d528f03f8
4217 710bed906e3f88ec
4218 6de3d0f6205d4e61
4219 24f4c2cefdd977f6
4220 6aa3e6c959c2c88b
4221 b18cf26ea0173d57
4222 e4e0cba598ba3e02
4223 42c4207ab68d6c40
4224 829a8383ed7d9ee0
4225 4059e0f59d0cee8a
4226 7c925c3ecd650ac8
4227 30319a824eeed9f6
4228 b1f9f909fd2d0a90
4229 267e9d5bf2fd33ec
4230 a1ca7cbfec0f77a9
4231 a86c6e2153801d2e
4232 8f00f26dba60a375
4233 8f3bccca2a8b150e
4234 7dbf7996ca24219f
4235 647267f1f14b809b
4236 1626c226bcd653d5
4237 7137d01f78abd550
4238 aa1d7dacdf60be42
4239 0c5908b6134321d5
4240 59536e4785a72d1a
4241 a12bfc65f0ed2370
4242 2bc53b4035946e10
4243 c0bee061f5f920b0
4244 d2a989645f895b11
4245 fcfd0f2c62bec51e
4246 83268fcb9ba1d457
4247 a5907737fbe1adb0
4248 eb91aafc78be0926
4249 8be29f7ac8deabfa
4250 fb885ff7f18e54ac
4251 70fd17f3c27d846e
4252 e80941d5f967788e
4253 5e6e100a1873cd3a
4254 e05cc925a47254ef
4255 f6f2fe7ebc04866c
4256 d2986cb81509d544
4257 b87ef660a8f556bc
4258 50e2938f8faab1f7
4259 cfb123d54170ca56
4260 71f51e989d07946f
4261 9cf272724be10e6b
4262 9f5fc0f58097bc90
4263 6357dc6b794ad734
4264 b4804757575a1860
4265 1311a922b48b0b1f
4266 756eee51f08f7c8c
4267 7757a6100dced1c1
4268 f156d7c6c557a926
4269 381763692b69e115
4270 46beafb6683f5110
4271 8b3db4e51ce930fc
4272 daf601986f5988a6
4273 b61c444d879baf97
4274 3d1a589b93807f3f
4275 b4db34c24ddc5121
4276 fd9ef4a65b9e7e5c
4277 bf0014b1e04d3c69
4278 cd6572a41c852c81
4279 a273811128928ed5
4280 08ccdad1a14b20f7
4281 ccd9250d3aea2cd7
4282 2103d8315d5f11d9
4283 b82c56902731b03c
4284 4d7bd30d47305bba
4285 b735d23d4bb3cd09
4286 03f656ac64270a64
4287 c86871f8e8cf94c8
4288 6c491753c68bda73
4289 ee5ca86a6076f6d0
4290 0dab61ddec968a00
4291 948756de2370af02
4292 6de069f0dd0ce3b0
4293 3e056e86991ae56d
4294 37539eca92cc4755
4295 665b38acc1016cb9
4296 78a351414a9e6ac7
4297 5788c4c4940979a7
4298 bfb76575ff416dad
4299 922bb6ee153602b7
4300 599eeb2fbe436823
4301 43a2f17b1c6add76
4302 be7b005873019950
4303 63afd8308c34fcb1
4304 c2212f97b43ae332
4305 181f4298c4647d74
4306 8399948a52b87b5a
4307 00b546e03797d080
4308 534034a88487773f
4309 99157820c0265bba
4310 a54bdee95481b1c9
4311 67d98c2511176332
4312 92a3ec5a422fb5b9
4313 4b4329e76a292620
4314 532aa19e487c6e09
4315 5df0637f402e1e41
4316 a9e976c17e80ab25
4317 22de0724516266d3
4318 2fe2b865e01d29fe
4319 3a7f63b526e14728
4320 7b574460a3f11f77
4321 5441d0d467798fdb
4322 26c76d0378c32a9e
4323 c87839e62bad25c3
4324 43e4e4db348b2521
4325 84eff38e91a938af
4326 568441fdb35bdab3
4327 c2ec2f37a341f7cf
4328 cf745480dad251f8
4329 f7a4423dcb8414a4
4330 c5fc2ea1f5788587
4331 f9676a198643edb3
4332 405031215cdb53e2
4333 70ac574bddc46f8d
4334 ae5ca12022c06cee
4335 996982a4bc52e4d2
4336 5e99490b5fb2dcea
4337 be4ac7cbe2617bc5
4338 29c2fb851f8e5d67
4339 4eaeed65f11e8618
4340 7ef174312107dffa
4341 e1f2b4f9a41cab74
4342 b962fa89dccdf208
4343 45e8e7fcb6ecc9cf
4344 5a4612d6ab898657
4345 e2c8cc0ed5a28e12
4346 8c87ab7a0d62019b
4347 9fa1bc7cfd012f01
4348 0b10922e817cd65a
4349 302cd556366adf1e
4350 d270b7b84b28f5b4
4351 b2fce1be5cdba7f4
4352 119aa9087be04df9
4353 31a7fe8bf493900e
4354 3960952a52cbd07e
4355 2a671f9fbb68e4b8
4356 c8ca1efc54258ea3
4357 28d266847749b9ce
4358 447e5304990624fc
4359 e717791afab253b3
4360 84a7122455e57fee
4361 ec52d50adcd6dbb5
4362 593f15e459b47d62
4363 cee0021ed941ce93
4364 01fa4a4a5eb1ae61
4365 af5813ceb1bdf205
4366 97049544b5bae8c6
4367 62da3511666353d3
4368 531358927f41804c
4369 d51bafbe3d190482
4370 c6cb4fc01fa478ee
4371 507cc5efb46a8191
4372 a42bd28039c0c6f4
4373 74a3c2dae627e248
4374 e3ac44bf62a8e804
4375 835c1e90663ab5e2
4376 2cd5bd7098a4b01b
4377 eda46e50ae76bebb
4378 bc05b9c33d83517d
4379 16b456f21836d0b6
4380 08fa3f0732989e87
4381 3243c6351cc85fbd
4382 e1b6c29d69e5caa1
4383 3b572fd575b19680
4384 015a5b6283341437
4385 f068e0ec2dbd183b
4386 6bcfff138ce3170f
4387 82e9180dcebab151
4388 912575c7cdf2b9e4
4389 1f890e0bd6c24242
4390 c33b45503b06678a
4391 e0c79a132d083312
4392 e61fe1fa42382028
4393 78b25308d40d1cb4
4394 159b73db07d537ed
4395 643d1a5f9c1cf352
4396 0aae669ccf688bac
4397 4aa7593c981172ba
4398 04aa673682314a8f
4399 d96b669a6b4ba74d
4400 1aa45476865d5e0e
4401 fbeedbc979806ec0
4402 93981a1a4dd62996
4403 419c8d55f0ae42ed
4404 354dc7752be923d2
4405 4493d3c43ab252e9
4406 7335701d1337f7fe
4407 917182534b206cf0
4408 90d5e1af7cda0243
4409 3b72fa2398df0166
4410 c9bfd7b161045064
4411 f7d3f1fb5e3eb864
4412 64c68e5d8ababd67
4413 210aaf860820241e
4414 6cd561f171a2bde0
4415 190624f4d2c78891
4416 ca3f0e6a80dc091a
4417 fdd46ed61597c639
4418 2a9241a2254fbc81
4419 7d0fa96bf3b790ff
4420 6a77936078eb5542
END 4420
