ALIVE 600 match=00040000 p1=00 p2=00
ALIVE 1200 match=00040000 p1=00 p2=00
ALIVE 1800 match=00040000 p1=00 p2=00
ALIVE 2400 match=00040000 p1=00 p2=00
ALIVE 3000 match=00040000 p1=00 p2=00
ALIVE 3600 match=00040000 p1=00 p2=00
ALIVE 4200 match=00040000 p1=00 p2=00
ALIVE 4800 match=00040000 p1=00 p2=00
CRASH 4806 vec11 PC 422bac SP 00ff7ff0 ADDR - HANDLER 000144
REGS D0=0000000e D1=00006a00 D2=003fa701 D3=000003ff D4=00e00100 D5=00000000 D6=0000ffff D7=0000022c A0=0010036a A1=003f0f14 A2=007084fc A3=ffff8400 A4=ffff8400 A5=00ff8000 A6=00ff8800
STACK 00ff7ffc 000011c2
STACK 00ff8000 00020000
STACK 00ff8004 00040000
STACK 00ff8008 00040000
STACK 00ff800c 00060000
STACK 00ff8024 00000100
STACK 00ff8028 00000116
STACK 00ff8030 000f2d0e
STACK 00ff8034 003f7080
STACK 00ff803c 00400010
STACK 00ff8058 00020002
STACK 00ff80bc 00000100
STACK 00ff80dc 00000202
W 4688 PC 02b934 ff8a10 00000010 mask 0000ffff
W 4688 PC 02b934 ff8a12 00000050 mask 0000ffff
W 4708 PC 02b934 ff8a10 00000010 mask 0000ffff
W 4708 PC 02b934 ff8a12 00000052 mask 0000ffff
W 4712 PC 02b934 ff8a10 00000010 mask 0000ffff
W 4712 PC 02b934 ff8a12 00000056 mask 0000ffff
W 4720 PC 02b934 ff8a10 00000010 mask 0000ffff
W 4720 PC 02b934 ff8a12 0000005c mask 0000ffff
W 4736 PC 02cd8e ff8a18 00000010 mask 0000ffff
W 4736 PC 02cd8e ff8a1a 00000b7c mask 0000ffff
W 4736 PC 02b934 ff8a18 00000010 mask 0000ffff
W 4736 PC 02b934 ff8a1a 00000b9c mask 0000ffff
W 4743 PC 02b934 ff8a18 00000010 mask 0000ffff
W 4743 PC 02b934 ff8a1a 00000ba0 mask 0000ffff
W 4775 PC 02b934 ff8a10 00000010 mask 0000ffff
W 4775 PC 02b934 ff8a12 0000005e mask 0000ffff
W 4782 PC 02ccd8 ff8a10 00000010 mask 0000ffff
W 4782 PC 02ccd8 ff8a12 00000036 mask 0000ffff
W 4782 PC 02cd32 ff8a14 00000010 mask 0000ffff
W 4782 PC 02cd32 ff8a16 000002fe mask 0000ffff
W 4782 PC 02b934 ff8a14 00000010 mask 0000ffff
W 4782 PC 02b934 ff8a16 00000300 mask 0000ffff
W 4789 PC 02b934 ff8a14 00000010 mask 0000ffff
W 4789 PC 02b934 ff8a16 0000031a mask 0000ffff
W 4795 PC 02b934 ff8a14 00000010 mask 0000ffff
W 4795 PC 02b934 ff8a16 0000033e mask 0000ffff
W 4803 PC 02b934 ff8a14 00000010 mask 0000ffff
W 4803 PC 02b934 ff8a16 0000035c mask 0000ffff
W 4806 PC 02b934 ff8a14 00000010 mask 0000ffff
W 4806 PC 02b934 ff8a16 0000036a mask 0000ffff
DUMP 4806 crash_4806_ff0000.bin
CRASH 4809 vec2 PC c00000 SP 00000000 ADDR f2052ce8 HANDLER 000d34
REGS D0=00000000 D1=00000001 D2=00090000 D3=00000000 D4=00760001 D5=00760001 D6=00760001 D7=0000ffff A0=00ff0000 A1=00fffffe A2=00000f68 A3=00ff0000 A4=000009f4 A5=00000a20 A6=00000a3a
STACK 0000001c 00000108
STACK 00000020 00000116
STACK 00000024 00000124
STACK 00000028 00000132
STACK 0000002c 00000140
STACK 00000060 0000014e
STACK 00000064 0000014e
STACK 00000068 0000122c
STACK 0000006c 0000014e
STACK 00000070 00001248
STACK 00000074 0000014e
STACK 00000078 0000125c
STACK 0000007c 0000014e
STACK 00000080 000013ac
STACK 00000084 000013cc
STACK 00000088 000013f0
W 4688 PC 02b934 ff8a10 00000010 mask 0000ffff
W 4688 PC 02b934 ff8a12 00000050 mask 0000ffff
W 4708 PC 02b934 ff8a10 00000010 mask 0000ffff
W 4708 PC 02b934 ff8a12 00000052 mask 0000ffff
W 4712 PC 02b934 ff8a10 00000010 mask 0000ffff
W 4712 PC 02b934 ff8a12 00000056 mask 0000ffff
W 4720 PC 02b934 ff8a10 00000010 mask 0000ffff
W 4720 PC 02b934 ff8a12 0000005c mask 0000ffff
W 4736 PC 02cd8e ff8a18 00000010 mask 0000ffff
W 4736 PC 02cd8e ff8a1a 00000b7c mask 0000ffff
W 4736 PC 02b934 ff8a18 00000010 mask 0000ffff
W 4736 PC 02b934 ff8a1a 00000b9c mask 0000ffff
W 4743 PC 02b934 ff8a18 00000010 mask 0000ffff
W 4743 PC 02b934 ff8a1a 00000ba0 mask 0000ffff
W 4775 PC 02b934 ff8a10 00000010 mask 0000ffff
W 4775 PC 02b934 ff8a12 0000005e mask 0000ffff
W 4782 PC 02ccd8 ff8a10 00000010 mask 0000ffff
W 4782 PC 02ccd8 ff8a12 00000036 mask 0000ffff
W 4782 PC 02cd32 ff8a14 00000010 mask 0000ffff
W 4782 PC 02cd32 ff8a16 000002fe mask 0000ffff
W 4782 PC 02b934 ff8a14 00000010 mask 0000ffff
W 4782 PC 02b934 ff8a16 00000300 mask 0000ffff
W 4789 PC 02b934 ff8a14 00000010 mask 0000ffff
W 4789 PC 02b934 ff8a16 0000031a mask 0000ffff
W 4795 PC 02b934 ff8a14 00000010 mask 0000ffff
W 4795 PC 02b934 ff8a16 0000033e mask 0000ffff
W 4803 PC 02b934 ff8a14 00000010 mask 0000ffff
W 4803 PC 02b934 ff8a16 0000035c mask 0000ffff
W 4806 PC 02b934 ff8a14 00000010 mask 0000ffff
W 4806 PC 02b934 ff8a16 0000036a mask 0000ffff
DUMP 4809 crash_4809_ff0000.bin
CRASH 4809 vec11 PC 052ce8 SP 00000000 ADDR - HANDLER 000d3a
REGS D0=00000000 D1=00000001 D2=00090000 D3=00000000 D4=00760001 D5=00760001 D6=00760001 D7=0000ffff A0=00ff0000 A1=00fffffe A2=00000f68 A3=00ff0000 A4=000009f4 A5=00000a20 A6=00000a3a
STACK 0000001c 00000108
STACK 00000020 00000116
STACK 00000024 00000124
STACK 00000028 00000132
STACK 0000002c 00000140
STACK 00000060 0000014e
STACK 00000064 0000014e
STACK 00000068 0000122c
STACK 0000006c 0000014e
STACK 00000070 00001248
STACK 00000074 0000014e
STACK 00000078 0000125c
STACK 0000007c 0000014e
STACK 00000080 000013ac
STACK 00000084 000013cc
STACK 00000088 000013f0
W 4688 PC 02b934 ff8a10 00000010 mask 0000ffff
W 4688 PC 02b934 ff8a12 00000050 mask 0000ffff
W 4708 PC 02b934 ff8a10 00000010 mask 0000ffff
W 4708 PC 02b934 ff8a12 00000052 mask 0000ffff
W 4712 PC 02b934 ff8a10 00000010 mask 0000ffff
W 4712 PC 02b934 ff8a12 00000056 mask 0000ffff
W 4720 PC 02b934 ff8a10 00000010 mask 0000ffff
W 4720 PC 02b934 ff8a12 0000005c mask 0000ffff
W 4736 PC 02cd8e ff8a18 00000010 mask 0000ffff
W 4736 PC 02cd8e ff8a1a 00000b7c mask 0000ffff
W 4736 PC 02b934 ff8a18 00000010 mask 0000ffff
W 4736 PC 02b934 ff8a1a 00000b9c mask 0000ffff
W 4743 PC 02b934 ff8a18 00000010 mask 0000ffff
W 4743 PC 02b934 ff8a1a 00000ba0 mask 0000ffff
W 4775 PC 02b934 ff8a10 00000010 mask 0000ffff
W 4775 PC 02b934 ff8a12 0000005e mask 0000ffff
W 4782 PC 02ccd8 ff8a10 00000010 mask 0000ffff
W 4782 PC 02ccd8 ff8a12 00000036 mask 0000ffff
W 4782 PC 02cd32 ff8a14 00000010 mask 0000ffff
W 4782 PC 02cd32 ff8a16 000002fe mask 0000ffff
W 4782 PC 02b934 ff8a14 00000010 mask 0000ffff
W 4782 PC 02b934 ff8a16 00000300 mask 0000ffff
W 4789 PC 02b934 ff8a14 00000010 mask 0000ffff
W 4789 PC 02b934 ff8a16 0000031a mask 0000ffff
W 4795 PC 02b934 ff8a14 00000010 mask 0000ffff
W 4795 PC 02b934 ff8a16 0000033e mask 0000ffff
W 4803 PC 02b934 ff8a14 00000010 mask 0000ffff
W 4803 PC 02b934 ff8a16 0000035c mask 0000ffff
W 4806 PC 02b934 ff8a14 00000010 mask 0000ffff
W 4806 PC 02b934 ff8a16 0000036a mask 0000ffff
DUMP 4809 crash_4809_ff0000.bin
END 4811 crashes=3 filtered_writes=5
