1 b9d103fd6854a325
2 b9d103fd6854a325
3 b9d103fd6854a325
4 b9d103fd6854a325
5 b9d103fd6854a325
6 b9d103fd6854a325
7 b9d103fd6854a325
8 b9d103fd6854a325
9 b9d103fd6854a325
10 b9d103fd6854a325
11 b9d103fd6854a325
12 b9d103fd6854a325
13 a23408d287fe4c32
14 b9d103fd6854a325
15 b9d103fd6854a325
16 532e03fd6854a325
17 b9d103fd6854a325
18 206bf4cc87271b98
19 b9d103fd6854a325
20 b9d103fd6854a325
21 b9d103fd6854a325
22 b9d103fd6854a325
23 b9d103fd6854a325
24 b9d103fd6854a325
25 b9d103fd6854a325
26 b9d103fd6854a325
27 b9d103fd6854a325
28 b9d103fd6854a325
29 b9d103fd6854a325
30 b9d103fd6854a325
31 b9d103fd6854a325
32 b9d103fd6854a325
33 b9d103fd6854a325
34 b9d103fd6854a325
35 b9d103fd6854a325
36 b9d103fd6854a325
37 b9d103fd6854a325
38 b9d103fd6854a325
39 b9d103fd6854a325
40 b9d103fd6854a325
41 b9d103fd6854a325
42 b9d103fd6854a325
43 b9d103fd6854a325
44 b9d103fd6854a325
45 b9d103fd6854a325
46 b9d103fd6854a325
47 b9d103fd6854a325
48 b9d103fd6854a325
49 b9d103fd6854a325
50 b9d103fd6854a325
51 b9d103fd6854a325
52 b9d103fd6854a325
53 b9d103fd6854a325
54 b9d103fd6854a325
55 b9d103fd6854a325
56 b9d103fd6854a325
57 b9d103fd6854a325
58 b9d103fd6854a325
59 b9d103fd6854a325
60 b9d103fd6854a325
61 b9d103fd6854a325
62 b9d103fd6854a325
63 b9d103fd6854a325
64 b9d103fd6854a325
65 b9d103fd6854a325
66 b9d103fd6854a325
67 b9d103fd6854a325
68 b9d103fd6854a325
69 b9d103fd6854a325
70 b9d103fd6854a325
71 b9d103fd6854a325
72 b9d103fd6854a325
73 b9d103fd6854a325
74 12492d72f25d9349
75 7ae3909600f3ac83
76 ea654c5975f0b09d
77 53f7faa40e1d9940
78 beb4f46fb01d9940
79 7c15e8cd7a1d9940
80 53f7faa40e1d9940
81 7ebb4311961d9940
82 beb4f46fb01d9940
83 53f7faa40e1d9940
84 53f7faa40e1d9940
85 beb4f46fb01d9940
86 3aa2a85e761d9940
87 53f7faa40e1d9940
88 53f7faa40e1d9940
89 beb4f46fb01d9940
90 7c15e8cd7a1d9940
91 53f7faa40e1d9940
92 cc17bc8385628003
93 134410349f25189f
94 4bf05fe1d8669370
95 e30b5cdc109f8f98
96 d794e94403d48dae
97 f8893af5b1ee68b8
98 6715da566c136703
99 bdddc3bc704abb56
100 cac8d5a7639085bc
101 dc4a5fdd2189e675
102 07a15598ad2352ea
103 d67fb61c49c1dea3
104 2c6d7e9344406468
105 7a81f43f54eeec71
106 a6081aae5d7db536
107 88fff425e58417ef
108 19fff030fb15f864
109 cae5d50d7d8b5e1d
110 364358103f40b832
111 f0cfefba14a30deb
112 3bc0a973e64e46b0
113 b614c5f2c9890919
114 8fa5f9f803592bde
115 9489bac029d7c597
116 f94c55259d9e3bac
117 0b04c94d0ecd8d65
118 5bdba50638f681da
119 9af89d4e9540ea93
120 953b806112f92d58
121 a7d268316c233f61
122 967e907be9279f26
123 58844f282a25e2df
124 0703ad407f4cd354
125 af1dd48c403c1e0d
126 93766f0bacf08322
127 1030ed8f4de6e4db
128 47f58bd17f5fa0a0
129 a575a1a2c4626009
130 70a925cb57355ace
131 72a37bb6379ad187
132 1cf924e84bbd029c
133 7cb3d4e49e301455
134 05a5172b309b7fca
135 8287cad0b4170583
136 93393185b7375c48
137 62626a118aa3a351
138 7786da4ea5226a16
139 d0e5f8c80f7aa5cf
140 057c071e00d99344
141 c2080fa96d5518fd
142 d3a2b17571a45a12
143 3cc7083a2efc22cb
144 59c7d7745cf6bb90
145 20d3b0e6b23ee0f9
146 e4703aad098086be
147 37dc28d0e0fb9877
148 7d087606e6a6898c
149 45d4c501b9a51645
150 cd6571ce36587aba
151 56b828d05dbf3273
152 8646b4aeaa2e6838
153 32f8e70c0af8e241
154 7fdc5a3a39261b06
155 b2ea95e36070c7bf
156 28dbf02a5c83ae34
157 e505725b456099ed
158 b2aae9d9bb727802
159 e318d5b2c97761bb
160 9ce4004d23ec6280
161 04b54bd33a8e7ee9
162 511f68a53a067fae
163 d7d85c6f57c9bb67
164 facb33e848948b7c
165 cc2596272b22c935
166 b1674569e0d4a7aa
167 f15dea0f3300a063
168 5943ede3e027d528
169 64ce5aedf6d36731
170 120503b9e56b1cf6
171 0a5de6a7fce51aaf
172 8c97818e60312f24
173 b4663f48321953dd
174 db8ac8997657d6f2
175 9a72baaca66d96ab
176 44e3b52ad0571270
177 4352e48593059bd9
178 cb48408f6edbae9e
179 56c1d633c6dec757
180 52dca5801bb83e6c
181 0a3fd08abeb5fa25
182 91f8981ae066159a
183 6d4ce7120118ed53
184 7e6339e33688b018
185 cef200d534e2f721
186 aba94e33c4628fe6
187 fa74971cafcc8f9f
188 f96a5571b9355b14
189 6da8e020a2966ccd
190 4444ed3de7030be2
191 f79b6ea39e70ea9b
192 e64f8f3f4475bf60
193 0e9842227b77b4c9
194 b5613c90ae2d4e8e
195 26e6f659cf620247
196 a30c58577fbee15c
197 c2275c3232166a15
198 ab142e492103828a
199 31e7d70e885f1c43
200 e86d0ff11194c008
201 c853f457ea08e411
202 b7ae9bc4986236d6
203 38ce347d97f5ff8f
204 0aaa190d11610204
205 eef9c9043048edbd
206 f41f391c038e5fd2
207 44c2b7ec35734b8b
208 1f9936903a37b650
209 6822f15f562474b9
210 f3d5aeb783c6577e
211 b6182317f6630f37
212 e7e3336f6e55df4c
213 826fbfb7b98cef05
214 ac9fd28c60f1037a
215 2ea4c78e2de72833
216 f35be144122a6af8
217 8f7e411a05dd6b01
218 29104f1f54de74c6
219 bf999f68e82e1e7f
220 d604451199a682f4
221 96c113337e7f7bad
222 8931a24180d112c2
223 a5128115e088ce7b
224 c792c30ba002d840
225 e5317e4b40d96fa9
226 397547f4376e846e
227 681685069522ad27
228 dee91b1857c9923c
229 7c2e0ff8275463f5
230 0f587ee33c0fdd6a
231 7418d80401124123
232 467f97e3a7d897e8
233 b666a9cde32f6cf1
234 5b36961e0c0093b6
235 f819e0c9a8a9e36f
236 4c320c24ed21d0e4
237 167623cead3ec89d
238 81f337a0aedd63b2
239 2cf87dc444203e6b
240 a7c6ad4bdd761730
241 2c4cec376a7cf099
242 05d12030cee7425e
243 8728e8062408ca17
244 1737c825d062b92c
245 80e86f83000ad3e5
246 b8b17931dadcd65a
247 981a662836d07013
248 64becb50d57351d8
249 e345e3edf5141fe1
250 ceb27784348638a6
251 64ca7d1d03d3575f
252 e022ce95cd883dd4
253 afcb0c720cbd918d
254 8c981eb99b9fb3a2
255 36d0eaeeed169f5b
256 4f603023b8be4c20
257 511f39e1a6b9fc89
258 61ec474b89c03f4e
259 800cd9dd76a7a507
260 c8b714668106491c
261 76cbddcf995ba0d5
262 42ce8d80a5c5054a
263 7234f30b4b0c5003
264 3c7a33232e1dbec8
265 665ff2d32352a2d1
266 46502e4ac083ac96
267 0845eee34b72084f
268 dbf3719d638518c4
269 7887f1589e12817d
270 16eab53bff801492
271 282d8b8434a7264b
272 cfbc63772fb2dc10
273 1127cdc66b16c379
274 6b9dc892046f1a3e
275 5b1057a55de324f7
276 5a8e3d85e1d1160c
277 9bddc4f506c9b7c5
278 d61cd02b5bfbd14a
279 c1e5dc8446922138
280 24e9bbdbd82563b2
281 8b6c7ac8a9e50f6b
282 84bc0cf538115a51
283 ae46d19f21fa2448
284 7672f620e538f483
285 a89d258b93c682ca
286 7dce7c52d1cba225
287 f5adbb1bbf50396c
288 90bed405a9d23a57
289 5bc41413cf30369e
290 62526e52b8dc96d9
291 bce10d3321e03d70
292 4fa3dd56c02a3eab
293 0dc1e52a327fb9f2
294 d793d0c0a9ec4ecd
295 4fc2b49e462ae314
296 3d33edc8dde0379f
297 ff21ca03a9e271e6
298 6c3c2eab4cb9bf21
299 be7777a078c35818
300 6f351146af33e383
301 03683a55406f538b
302 87977f234b790a04
303 29f0befe062e4ebd
304 57e34a1afea367d6
305 77231213a452b08f
306 589ab0802f0b98b8
307 154105a984113c3c
308 e38e2e53bd85e654
309 382eb2da0a64510d
310 1d7cf029fba3b22c
311 0802ed1cab6319e5
312 bdcbec698bfae35e
313 73041be417737e17
314 de019facc820b430
315 a41fd9eb4071e699
316 afa93c324e4c59b2
317 a6f9735e15c47f6b
318 5575a306689eeec4
319 3a131744974d777d
320 23d4847aafd58296
321 530ff8c15c72bc4f
322 f939fc080af722c8
323 d3b0979a867b98d1
324 4868e2816f58db4a
325 7d6a869b87a14603
326 7c25bee2f3d1161c
327 21129f79f5fa41d5
328 223ceb8b3b80a84e
329 a5c345fd8426cb07
330 89b0e7d24d89ed20
331 7ebdeb0b694c1289
332 c010c707ca28a9a2
333 17732473809eec5b
334 fa118c29fb6789b4
335 5dcf0a24c52ad56d
336 b4e576d5b2fd3686
337 60794a70e004813f
338 74721e2bbe62ecb8
339 da490a7c1d2bb6c1
340 ef50f1ccc3f99b3a
341 b6dc4c70f43b93f3
342 d31aef8b251fb70c
343 dd90d5b2130ec8c5
344 01a2c8f1c8bb603e
345 69df24ac8736faf7
346 10a03e5e33820210
347 d09b81b214590779
348 fe1d1c902b8a6192
349 3b51452e620c1c4b
350 fe22c8c762710524
351 f120d31ec410d0dd
352 5628ec3a8a0d73f6
353 7d9180e11f397eaf
354 0800fbab671f3928
355 a9967c31bd393d31
356 f6a78ee519379daa
357 bb10ad77b4a80663
358 57955b781090e87c
359 61b3b9ec80ed1235
360 df8ee7ec0d1bd0ae
361 282bc185cde2e167
362 4f1cfb9a06d3ff80
363 9510f59793e6ffe9
364 987700e7b8686e02
365 75ca6b81e54be2bb
366 969c9667a4d45114
367 d21e5e3d9c3db0cd
368 ed2c15349d17f8e6
369 ff63f37f61ff459f
370 c55d43b515008618
371 821f6bba68f9c421
372 a395ced1125de69a
373 533221c4601faa53
374 382a251bbe82a76c
375 72927c99e7e19b25
376 feee83b7797f849e
377 4a0305849f762d57
378 5f229de904d8bf70
379 231997011fda54d9
380 6bbfd37f88e677f2
381 671929423c2d1bab
382 81dd554c715a5304
383 91b4a809b81e03bd
384 9db7ef3a60afd3d6
385 3ecf141e9341458f
386 b42acf687bcbb608
387 4c25111025685811
388 f44a01211bd0cb8a
389 f4a99347bcaf3243
390 ccfa537d5e89425c
391 f7c078fd58676015
392 784e2290907c448e
393 4daa08721c7c4647
394 a3be31c27f2d6060
395 d9886a2c744bcac9
396 6ea348657c956ce2
397 ca174c17f989309b
398 79376fce5cfd78f4
399 b9634ade662ed8ad
400 bc1ae5d419c0bac6
401 43d69ae8ef9dbf7f
402 cd4bf82066b71ef8
403 089bc1f8ea209101
404 da354868d7c3f97a
405 302b8cd5a25e5933
406 3a17f24f3048d54c
407 f0b0a25b0bef7805
408 8e57c6603d23bb7e
409 0323326b0406e537
410 1d9c70d11870ac50
411 2c0142c1ea7f65b9
412 c2abf245890da5d2
413 907fb062a3f0948b
414 e6df34998fc43c64
415 f3011e404f98541d
416 477bbdb1c1b21b36
417 7ed5f4f8aaffbcef
418 1e650515c50b5a68
419 b8a421e955b87571
420 32c91371a053b48a
421 7a65b669c9fcda1c
422 9e604c6992a92103
423 1edbf4c75307264a
424 a80e5a9dd4bce7d1
425 a32d7f9504c0c6c8
426 04db4830512b31af
427 4be1ba0ee49b8454
428 77b8ca72315b033c
429 c8e4dfbab6a0cdf5
430 d845b3a651d41254
431 4efca823584a320d
432 167affb0afe5ca26
433 ef9e7fceb99d40df
434 395d3042063f2858
435 ac6889d865eb3361
436 7bc935b234b3b5da
437 ab0bd519cafb3993
438 4ada4895b32b4fac
439 16ada8c3ccb61c65
440 e505e604ec7682de
441 6b3330d9951d3897
442 4252b37fdf9935b0
443 35e43e7f4f07ad19
444 3860fd0611467c32
445 1512c48bc8e928eb
446 6ec46c571d9c2e44
447 128355f8de6ee3fd
448 e59b9124bf37f116
449 d0788b51327749cf
450 72a8181e67c3ef48
451 f87416aac0143651
452 92b71fb6d8ae93ca
453 19de691bbcc36083
454 e4e38f8d2cdd919c
455 9361990d6bc64355
456 3d173fbc4c98fece
457 8d0f698c7189b587
458 519e9ae95d8bd4a0
459 559f43833bcd7e09
460 42014fbcd348bf76
461 d790e74e3f71ec2b
462 7ea2b7c1df291f23
463 fe19291b795f817b
464 d79c127c8adb3705
465 db3105f23611f2f1
466 856bfd092a89c574
467 b7ca8d961b289031
468 6eea616d7bd59fd6
469 b810bb3506764f33
470 679aeb172c9922fb
471 dcaef907a4a5fbeb
472 2e5a5c8997ff048c
473 599f5c0854ccf1d6
474 8f0a340068602c0b
475 22a3b4a8816160df
476 51da08a6155971cd
477 c2e6ba76a578ab0a
478 7b75d2476f7a46cd
479 1a87752730b10657
480 3cf2b007ff11ce43
481 070adbb2b849f1aa
482 03d5c334ed272812
483 4f004fb3f999f499
484 1e1a11d5c31519f9
485 0e3960b93af29848
486 bbb7eec9e414ad26
487 bffaec8e27b616e8
488 4736e3619a50ce4d
489 16a06101df891b35
490 904650a956e8c790
491 6c9695a8e0258c99
492 07e584e8cd87c993
493 a9d54e23519de190
494 a0478f5f87bb27bd
495 f542faacbee64258
496 6fee30dce4ec351f
497 2b936235632f55a3
498 3d886ab15681a222
499 daba287b7d7ed5dd
500 5d344a72bfb5b9b4
501 2d30d36481912666
502 8d21a3b8b9fbda19
503 d3b9bc8652df73fc
504 237119b5afc756c2
505 663cddcf583c0f49
506 31cc85dd4c1fabef
507 e139779456a49cc6
508 12888b4471bdf43d
509 d5086628ab717653
510 6f0ab7b376198a02
511 5989ad800a31632a
512 884ce4b49677e96a
513 3fa1ba9988856ee9
514 82eb341fcd405bfc
515 584131673f774df8
516 40dd310d9559abef
517 7d9c9aee84792103
518 6c7ed8c8649ff6b8
519 8ad176651a0d9ac6
520 cd9830d48798e342
521 b6725ca0b5e9e5aa
522 ede7ce5d30cacf85
523 9f78ae335300dc1e
524 5808b03fea86f2b4
525 bfa0232c3f69435b
526 4fad5f982d692f50
527 76d0ca4a52ab8dd9
528 8dbb4a82c1ea76a7
529 d3402679e92cddae
530 e8672bf55eb5adff
531 36c2e6120fe49271
532 f0615c0b7ccfb428
533 b815e1e8db547857
534 1d3aac7e50a71eae
535 68b954628e625551
536 110b79372e745038
537 9af9ecce7f1037a7
538 f129f4c97021faec
539 094f61c3a3693c60
540 1f28ff6181736af7
541 82023ba39256fd05
542 739c94b85fbbc614
543 6fe9901248342497
544 980d46910400b035
545 d8bc0d3146b03cd7
546 bd892a7d2fe0af32
547 f2ff380fdfa96d12
548 0a3d71e4a2352ebe
549 eebfc91e84b3297d
550 662fb208ea821fb4
551 d4547ee4000d38f4
552 cd631b3b1bba3e47
553 88462ef73f2f9067
554 9cf1fabe26d4948f
555 0bae630bcccdcba9
556 3d740756798d4b91
557 8a4c126cc7ec382c
558 118605dda44df137
559 f5519002305f4de6
560 235e3978f273f126
561 fe874cf1107ac354
562 dc565fe1036907a4
563 36d7d60325f2a2d0
564 68e7e7a82e022107
565 3fd7b6dd8c2525b9
566 1a045d5f75a1c616
567 381c38964dfefd71
568 92e73cdf0dfce794
569 4994c9421997a903
570 3944e64ef5e0817b
571 f432f2cde65c459d
572 9f8b57f107eca6ab
573 de7d431fccdab1fb
574 9f8d30a85a32e02d
575 dc3a2e9ba3bfc494
576 8263a20516fd4243
577 b514b70d58499d91
578 c513c8a30390c72e
579 a40d8df90b676fcd
580 c2b809a38a9b1de3
581 d89c20c24cbd9770
582 bdd4b78a244932ae
583 420d16ad20cd473d
584 48ac89072a24e726
585 a59d71f675ba95d4
586 aaa4e153c36c2da8
587 e67f2643fbb2d39c
588 83e242fcd4add1e5
589 bd3a5a61a40cdd50
590 8b5ca9ae8383262d
591 9d9f09616ddfee1d
592 78ed29a1429150f4
593 23c87b2fb84afcff
594 062606eef8605d43
595 39d961d2a37b671d
596 b891b4017fcb960d
597 f6fee00b2ac53e38
598 6120d95e8b52621c
599 60bfc38cadc8c8fa
600 abba23611d833209
601 831993cd898f829c
602 a578653418fa75b0
603 85fde4b4f2ea7c3b
604 3c9dd4f774b9bee1
605 2a5ddfc559aa45e8
606 770eb5c4bba007ec
607 46c18504e35c689b
608 d300874e59b9a528
609 e1afe31c1f6ce236
610 de621043c89b1d6b
611 367371004a0d96f1
612 cec13b598af898c3
613 92ce94b3a730bc85
614 cf5d20ca720db7a2
615 3572ff0d2957cec0
616 6832531e0cc10add
617 0b9f2044f97e909d
618 fad61ef50084037d
619 98435ebf04a8d535
620 b92d73816962f4cb
621 5ff988e94f29672b
622 c8c946d23ebe8ae5
623 766849143b97e8c2
624 1347f17bce7499a6
625 39889038affd8fd0
626 1e3e1e17261622d6
627 be83b2d0c160657a
628 e6c040f41bc2c5ed
629 ded6b555c966307b
630 2ce644b1e6a4c729
631 20058b7d734735e0
632 b45dd513fae6e682
633 95dae7e870d0fc16
634 78f3c27808919215
635 fa0ecc1bd2c19f36
636 51a1d79c31e5a2de
637 0517693767a0e118
638 dc86527a6509fe96
639 235e2fa68524c5fa
640 6a6287402a0a11e5
641 d5f8a171021f19f8
642 0413cb4854114ea6
643 842121ec643a7029
644 e0e860c243baaf4d
645 dbf49fa1bc23448c
646 085dd47cadb00610
647 7cd76b311a8a4cf3
648 4fce52ac41dfcacf
649 2d441ece1dc305b2
650 62981a78da6db1a6
651 3759cc560de8699b
652 06e617b2d4e2d280
653 ede824ac2fd80980
654 926b339e2b8b8a32
655 457d2a0df511e6ca
656 6761332a31937e01
657 8cb7377bd118152b
658 50cadaf58cdc56c5
659 00d99d7cf1be8e3f
660 5ada0569eb15cf5a
661 0c540ad230629f1b
662 2e751f42aac86bf9
663 1bcb1466ae1bf222
664 1b7c8792194e1b18
665 26b9c74fbb32d69a
666 bdfbb75e6e85b866
667 5e27497f9148fa0d
668 49f9756ca3607113
669 eca88d130a349ae6
670 d9e751c19eaa84a5
671 16977a51bbc445b0
672 b11bc490fbde8197
673 7c1d88b4ffef6225
674 1841dc0b449a3577
675 b7a9fd26a5836827
676 54d26f2878a1d4d5
677 15b5ddc1ffe289eb
678 1944bc99705d6232
679 2474ec6a4ba2ffcd
680 b2b519effed03b45
681 fba083cbd5226be6
682 b94cb6a865487310
683 9edbfde9968c3ced
684 67f902f18747552d
685 59edd2d275863202
686 18a6c55abbfabd99
687 5dbf0a5183e41abb
688 1a1a62828d891332
689 b53af8489a8666a2
690 49a7e386c4b02307
691 8bc273140b352c84
692 534281fe80098167
693 32d4f9f5c666bf83
694 1a927927af01a819
695 4552d962d9aa0652
696 8c44e37dd33b9156
697 fabe655fc5721f70
698 216c75937b31d232
699 f68b91436497d4ea
700 732073c0b9dc984d
701 c497d3ac265720bb
702 9bfdffffc10926aa
703 f901130c0321cc98
704 856ef90d8ed7feba
705 73d84b34880f6ac2
706 2f8dee0716894178
707 92284a8cc2138893
708 82377fd9765c5d21
709 c75cea61196a9f21
710 d3b63f2e12d3fad3
711 c75b9022ae7bf7e1
712 4b2bb4e2a2522d75
713 c342becc97a8ce58
714 0d608b43d6cc7ec3
715 325f4d89b29cf7de
716 3c8458fa852987f8
717 9a22722776b7a928
718 5551ae01c8799509
719 7e86681a2ecb6777
720 0a441510359951ce
721 b0eeeff30499a06a
722 b41db4121e316e98
723 8b5e80228a1216f0
724 bd0cdc5a81e43685
725 aba5e0de1015a318
726 1258e9b65f8fb80f
727 4f1ad64f48898aa1
728 3948bde19e682c3c
729 e5d664d416388e4e
730 5abe30d625999589
731 2cf0071854223a6b
732 7af3bb3e7d20cf6a
733 b2f4e57e1342631d
734 623e3c523d2c745c
735 b7e50be10d671d6a
736 c8717925d53e8769
737 36679c753a38483f
738 90c6e0c0ef354f92
739 966af733a0ce81b9
740 9c241136162caf80
741 68eead3a0bca9e5b
742 6280423e1a3e6391
743 ec980d0509947451
744 cbb6268dd5000154
745 707e6fdfeba54f6d
746 d1d8e45042f5ca51
747 f87d204797ee7293
748 f2f09d3de557a018
749 42091970ff661e12
750 e30aeec0aeb7a9e0
751 419617d7c7a540be
752 1d6995fdbe05ed82
753 4089abfa3e34c654
754 5cc813fa17798d3e
755 fb547740c6d92c0b
756 b8d72dd4188c8348
757 7862c501de55e2d5
758 d8c0b53cc44e3906
759 7d0a5c37b43363e5
760 3d0970e0888367c6
761 cb03fcbf85b8b341
762 2d043178ab6c0eb5
763 5185f5fa62e4aaf6
764 3b971eac75f7cd26
765 9a3d3130037c00ad
766 6641bc9f4e007268
767 e01e5f5eacd5557c
768 bfe8ecd2e870fcea
769 6a0d85b630d088a9
770 73c220d1db9f370b
771 f183acbd879069c9
772 e1816899d56519b3
773 2b27a2e719a2853f
774 be7e614ba8740598
775 1ac61203cc1cf5d4
776 74ce6459ac925e08
777 8c52f18c1e77c750
778 39fded080d4ae64a
779 996d920cde3b035a
780 46c9df094e77c000
781 5dba1da50be3fb61
782 5155990df9c5d2e8
783 10912c287c76eda4
784 11007bbe35420cfe
785 08feefa728c04818
786 a252f4c32a0e4c68
787 8e775a45f3f6e5bb
788 18275f9f7819a3c6
789 c6c894fc9d0d7ef9
790 6976bc0a66f7b37b
791 7a46c425447ecf32
792 9147a4f9d55dc309
793 f87b7d21dc9a141b
794 f20d9a0016cf207a
795 c6bac65717963935
796 e0fc9819875ef75b
797 9f36bbfee8095205
798 667e2760786344ec
799 07961fee9805fa5d
800 7d6ea4913f910cc3
801 24fe343825f58a8c
802 0690257b0532b914
803 7f3a28d77e429309
804 c6616b39d19e3677
805 c6d7e9e4623ee10f
806 cc39fc3920aa3fd3
807 7a03fc7c46fd01ef
808 6ba2c0573246f5b5
809 e8738f368141f895
810 a7746f1e9118ef9b
811 f911d5d6fa32304a
812 995e8fafa067ca1b
813 36f5a372c85bb935
814 862c0cfd1f91b8c1
815 ccfc61cc5fdd125e
816 87467779901d4c09
817 ef46d70730488c62
818 1a73c7e48e89c99d
819 c9f3673a5bf77f7b
820 84d428db3f76a3d9
821 646c4aeb3a0e38ba
822 83390ae1cadac2b1
823 559cdee4a576e442
824 ec2847be64ce37e5
825 234c8e7f839bd1c4
826 8b085b4cd2962347
827 9ed5177546c9a12d
828 5ad1a49656e4f67f
829 9ff6b05426b3c6e2
830 6157cfc9fead4f6b
831 edf6be9bea73bb5f
832 07e4e727b7846854
833 3cfc420db1b9603f
834 7c7cce4f960e8af8
835 3d1bd37da756f47d
836 f075dcab22f43b46
837 311ee12fcba92863
838 0f17ada489fb3b4c
839 05c37f42e09bfb21
840 d9567bc54515fcca
841 70efb6fe4e68dfc7
842 6f61a6309e795320
843 397b5941a8e9f325
844 8583ecd41d3727ae
845 b7ecbee7abb679ab
846 09d0b73cad877294
847 fbe99ba67d609189
848 24aa4a210a8c2592
849 dbc2a4c1c287df6f
850 8f6fe129e0228728
851 0f81b7e83181c72d
852 790ee16315ef7d76
853 ff5d2007c9a1df93
854 8877fb7f8e9ec18a
855 ab7fd0e86b1117bf
856 e61e8eaff9ca18d2
857 168fd3cf7f53acaf
858 449c5fe7e2514223
859 c611ef508aa30b85
860 eeaac17f86149d0c
861 daf64c108a4f07e1
862 bb6c2b7e41ffc814
863 360d2e4d0b77534f
864 acefaf2eabec4d20
865 c84a5a3aa4af7418
866 0fd94c08dfd4b513
867 459b2aa655ea471b
868 7d0bf2cba5b3d50f
869 ec1772d27f6e3c3b
870 8b1ca63c39fcd0f5
871 48cff36dd5bcbaa9
872 259ee3b84ef1343b
873 2877221982a67d0f
874 5f906b861a83ae17
875 d889dec3e0a42cfb
876 32aad01a4ac9e2ca
877 d9fa719a5c5130c7
878 5012e62026caf5b0
879 a47279afcc15799f
880 e596c7fe755c4676
881 a750d143f75d52b9
882 0ea91385f533ed85
883 0bd6990c9ee4a08d
884 33867f3ec522cbd6
885 d62d5de5a2145ef3
886 439ac6fd182c2e9c
887 e01f4bcfc960daf1
888 39c4b3a095123c9a
889 4c77c35cef54a6dd
890 03ceee9d4c0cdf92
891 e9f419788fb0ccae
892 1c00204efd8d5506
893 adf92ebd9ebef4e6
894 9206f4793768a722
895 c7f28cd1a05cbff6
896 5a6f403c93ec3206
897 00dd244b8180699a
898 8c03907ef190ad62
899 783c165585cbcde4
900 c2ce804f429d3eaa
901 e25a48bd9a513dfd
902 6c166cec6db2c802
903 8c664fed5aa20f7c
904 c6a4dc03d01612d5
905 d88b7ea7f4964c54
906 81e943b142addf11
907 90fcd1a78c3fdf1c
908 c22cf16c401d2415
909 956e4c7dc56c023d
910 99d55bdb4de00a1c
911 a9c4cfedac8db5a6
912 ae32ab25062dc998
913 7ea9fc3281824a87
914 0f57ae1476cc774d
915 7d384321ca88a34e
916 f0fb3825c18a3341
917 006e2b1d85e4724f
918 6a268db81691efac
919 cb773fe915257dbb
920 ae078512ee9500c5
921 6c68527956e70c8b
922 1c78698efce11863
923 364d394ed580c65d
924 7324581db4e1c283
925 7d9d1100f5b70641
926 48bfc5997ebe31eb
927 13b609731d82f7cf
928 c8df274800a23c70
929 abc4b33444801041
930 f72aa182cafd67de
931 e12994f5e5ca9df5
932 0f2c06b274c20937
933 60599b0fa8052066
934 39df1f51fb9e4a15
935 9c2892d5178ca2f6
936 09d6fe8cceef1a7b
937 a073a85a4a72ab26
938 72aa34ec4dd15916
939 edc76d9b6c0d0730
940 eee3f81222fa9f7a
941 490dcc769ad05d7f
942 1ca61d1045f3bbe6
943 0c916cbcdc8012c1
944 b38494c50842032b
945 d7e37a9b46e72a0e
946 55fb5f1137e5e33b
947 13abe87c94175b56
948 db1e622ca1b72eae
949 e608e65d4beee1fa
950 ac99b013a6d34e44
951 d51d8f724e02c3df
952 ed5b88adab5a114b
953 162362f4df06f4bd
954 ea7a6e06e5300277
955 de7a0108923516fd
956 871f1d6f86a772e0
957 dbfd5fc73d6692cc
958 ce8c1a74e4ac964f
959 7c98891ecf318f96
960 c262a673d1f448e0
961 e59f835103fb8f34
962 1571a682150e4384
963 7bd7a9cb566afb3f
964 5928aa074c70b425
965 eb53ba7a42902617
966 106785b435daef0e
967 8757b02d0188d262
968 740eb5a1d76ad9ce
969 f160620310ce7d3b
970 671ae4a740975134
971 33082fb26fd719b9
972 5896db369f10ce18
973 4966cacd0dc537ec
974 4a3b9e91603067bd
975 f4487168ff30da8c
976 57ff6e93c823acbc
977 acd7e08988a6b61b
978 c9b19d6b8773e9f4
979 3a0f3105a7ca1dee
980 3109edfd6614f675
981 e9bb3d62ec68c0bc
982 8a3bd0c2a2650908
983 ed57114047313c30
984 c2ded0541b24dbd3
985 b1775f7fd4f11ae5
986 93d9b8997602a41c
987 bebb272ca4d055a4
988 6e980e3ac975ec45
989 34c2c8eee590887b
990 d89df9052f357eb0
991 21c86c36b7f44422
992 eb1f386c0962e12e
993 0602b6d58bfa022d
994 b709741f0ef4ad6b
995 1fb2e0a4074d6efe
996 33a4c8a4edebbf38
997 39cdfd3cf8d3694d
998 18ea5dabe58522a9
999 4ea620a31c9e24d7
1000 3764ed5516ab30b9
1001 79f91aced63b1f7b
1002 43b992d9484033af
1003 87b20905bb625c80
1004 0cd0af50c3687fb8
1005 1b92b9f8cd44d373
1006 cdf26cf2da4efdf1
1007 200e3620727a07ff
1008 f7ca67af4145bfda
1009 f53fdd4cb318ea7b
1010 9afdf7befd82b9a9
1011 7e3b9b12108a98e4
1012 1a282cec3f6532a0
1013 f1172ab26d130c66
1014 b58c9bd9cc810e03
1015 847f17e71031e33f
1016 5ab59451984f7cda
1017 09dda95b9ee68946
1018 8693c52db79d7d3b
1019 0ae4820b18457a70
1020 df2cf3ef09a73579
1021 e742b0d3ce742d93
1022 1d7978c5e23d3ddf
1023 d021c5ef6453305f
1024 c7b8903fe2095aab
1025 409590ec95e94c33
1026 18a5172cf660df69
1027 6a6f81542e90bb6b
1028 a444575da273a34f
1029 73ca2155a44e9a12
1030 87c589398e81a963
1031 82298d040f651f6f
1032 0b88152ad45d99e2
1033 d629dca8ea494826
1034 85acf1160a964ef8
1035 9e2ffee425ce9a53
1036 2bbe28e0f013c5a7
1037 8186fa976749e2a1
1038 78b8705e002a118b
1039 420a15cd0571c729
1040 57a35aa023086c2c
1041 2db2679477e84600
1042 a21172402335067b
1043 7ee88ae397544d3a
1044 995fa65748a17c66
1045 f4f7c813e3750b3d
1046 038cd7435f7134a5
1047 c84883e3ee03cf5e
1048 a76c72718f33f714
1049 b11abfa464733bae
1050 87126422597ee367
1051 798e213999f52d83
1052 107dded39805092b
1053 595d90d414754746
1054 94ef70692df35618
1055 f462d78355e51382
1056 d4b1cda55c8c78b4
1057 bf28fb5fa88d6080
1058 c54339c70e9a12b9
1059 8082a8f46a9ae4f0
1060 f5b47af34a0bcaa0
1061 b2838245aee088c7
1062 fd670d2934d82b08
1063 734b4f2a6315d7ea
1064 52d21992b40501b6
1065 93af1c7b4b9de3ef
1066 c7211af53d9d9224
1067 3387111bd55a8ffc
1068 a8805dbca8e0e02f
1069 88feee3cc2734bf1
1070 1cf741e2ffdfd5a8
1071 d1f8b59e63b829e0
1072 10b335644afc8d21
1073 a61a48e06f55d28a
1074 371fe9c9db8cbaf5
1075 908fde5f4b6d9267
1076 a5fd5a7ca1bb17f3
1077 b116762e76228ef0
1078 fb4448696d0e92de
1079 0b68e9dbbbec6263
1080 27347735e9e71355
1081 6955921fc3b80bbc
1082 c5c285e0748fd9bc
1083 fc7d3fbdc77df9ba
1084 8b848ca0c73b590b
1085 3b48bb6a7f13a12e
1086 96163772d1497562
1087 aa2ed8f0fdf18c7d
1088 e35e2269a3b7459d
1089 aa2b3917ea23b1b6
1090 3bea73c1df84795c
1091 d6f06baa1a408b12
1092 ee57b51abcf84fff
1093 60815ac09de30066
1094 b9e48b0e6696fef4
1095 87a65ce349b12c11
1096 3889c79ce4386095
1097 15e1edf2b9174b2a
1098 9183ed934a7f44e4
1099 8f812b12ca3064ba
1100 6e2ac4c60f9b74bd
1101 f2b2558f88279238
1102 2ad5013a16419f21
1103 a2b9742722c83d2e
1104 0bc538f7d4268d27
1105 81f66882068b489f
1106 b2edb4e46b5e509c
1107 7ce5e6cca3938ba3
1108 1de6d5ba4389eb8e
1109 32b20c30e66c43b6
1110 fbb649517ab959eb
1111 502d69272cbfb0a4
1112 1ccba87fce9dcd41
1113 23fbd6b33b982b41
1114 9f233f6b22eb2aeb
1115 2d0ed9e2d4272bb8
1116 8f4233e9ec13fcfb
1117 001fa28a8cb3b2b7
1118 6c124276de36ba41
1119 d41cd0ebd706f63a
1120 dc0e2b5acff7b0dd
1121 533eb298da6435c3
1122 079bcd2d06d80c4a
1123 d9670219a357ac00
1124 ba4d192fab84dd20
1125 6bf2f8b9745a94ff
1126 9a99e5ab0d434257
1127 e048c30c9f5752ce
1128 d1e78f58d372971f
1129 8b5b1db1116d2add
1130 6a4f352f216bc8e4
1131 83d782f10da14e22
1132 a00e2d3d79a6490b
1133 15dba715e4192949
1134 f65d852daeba45b3
1135 efb612d401ebb639
1136 1fd5f054b83d018e
1137 7ae557f715f961c8
1138 9f3398d5efba8d95
1139 27c77b4b6b547f12
1140 36bf77e90120fc17
1141 bf100fb48b60d24f
1142 568dfe15f2044f17
1143 f881c9aa28264cad
1144 8fc969960b532906
1145 70e6d5ee30b49700
1146 0531cc6839431e35
1147 ad81300030db6577
1148 e9b8b892921ee938
1149 3ef1ff0e8ce33c86
1150 9578889ac3616361
1151 5336cb544f9d6455
1152 8b9566890bb7727c
1153 ea18098d6d43c0c2
1154 a547e438a4ff8093
1155 68c99d112ab79eb3
1156 0a7951334f42bd6a
1157 27d7c1fba7916060
1158 56d07e82bf4333d9
1159 962beb3e247432ff
1160 9cc5c67d1bfe3385
1161 71671f11f84f1b1b
1162 da0dad31255bfcc3
1163 8f835595bf24c5df
1164 58dc076a8fe9da88
1165 7b13ddb2eb2f48e2
1166 bf4a93989d853c1e
1167 df77639a83fe2241
1168 1c83b15921ad1975
1169 f4bd6dc726b3435d
1170 5425f0249af95ecf
1171 884ef2d22e08735a
1172 4ce8aa9109cf1504
1173 bc1abff398d05f39
1174 8f0ac188e9ad1583
1175 ab196588cc3d685d
1176 2d56d0f13141d7b6
1177 4b19c18118a12131
1178 a55896d20ec11b8d
1179 c84815f852940c2e
1180 0af32093edd486b2
1181 15526b1da9352e7e
1182 234c85c666fe88b7
1183 c824a36cebef2f15
1184 9871f704c3489a97
1185 76c55c1da30ec751
1186 99dc432a7cd5eb76
1187 eb57978f9ee24d49
1188 452748ce1ac9a1fe
1189 eda75c76a6d4bb43
1190 f3202206fb0a4d78
1191 17a308353adef487
1192 ddb16d75370dc9a8
1193 a5a2d790aefcce88
1194 dc8892e8d758d639
1195 009b1fa47b8c9d7f
1196 35f4d807247b72cf
1197 0947c408662c3ccc
1198 c6c4db09b8e73daf
1199 081f49bfdf83f252
1200 0d0f63cb3c4fde7d
1201 ea183c72a5ef3ec0
1202 c43e104ae97131a2
1203 7c3af69b9a8f60cf
1204 71da12c66b1aef01
1205 b7efd6041a5431e0
1206 0cf477ecab5df124
1207 b562898eb2dbd9c2
1208 6f51b81b839579f0
1209 b9c9ac52e73c4ba4
1210 547e0dbcbb1afd88
1211 b550316e95cd80d2
1212 9612128d2ceb41b1
1213 827ded89cfc576bd
1214 efcd526f834cd776
1215 0d6824263f9ba6c3
1216 56140a0d384f9284
1217 f9c873cfd32d7ebb
1218 0b552480ce0c8574
1219 368fbbad06676753
1220 226ca7f29502ad29
1221 28158e7a3b590952
1222 cbd60634bb97ddc0
1223 f73d82ea61ba5666
1224 21bf4eb215ffe723
1225 e8bdf1fc75df9c7f
1226 d1d0be9c076f387f
1227 3134850883f62b21
1228 6c5c368dda5c51eb
1229 d7347414c62210bb
1230 93924952ffa40d9e
1231 1b55e824bf6fe223
1232 c291d1b9f4adaf35
1233 be18ec12265b855a
1234 8bae420ad42d04ab
1235 2ae6f63bd8fadf6b
1236 047fe573f90de47f
1237 7c7863cf7e7a8e7f
1238 cc96d5610e3391fd
1239 8ca40ddc5d9ddbde
1240 a25592bbe22381ff
1241 36053546ace949d3
1242 d059e3dbc6c48e12
1243 4f94a3d265b7e442
1244 172605f6edf28dcf
1245 3b0bb26ee93589d9
1246 2d46d889212cd883
1247 cefff798bebf8784
1248 f977d127d9a4779c
1249 f312450776938c91
1250 9a837dca5c66234b
1251 19b524360f7d95fc
1252 c32acfa2f826381e
1253 4f79793c7cabffd8
1254 48f42d7291fba229
1255 c2fe47f66262479f
1256 ae19940fc60d1247
1257 223bf7e36cb194ba
1258 c4b6c86ab63605e7
1259 19a34cc5250b4607
1260 f21be713c415ac72
1261 690fd26173b01fa4
1262 af2a2654bdc986a9
1263 b068b5c7264b953a
1264 053618e45f204b6f
1265 9f14a75b3916f0aa
1266 647cd3d4775751a4
1267 5e2c7dfeb4a134a1
1268 2fcfa309d94651d3
1269 98b18fbefd2e2bcd
1270 0d00c3ce024bfe35
1271 bc8135bfd3afed92
1272 667923a2d2e7675a
1273 542f5c4751cedf11
1274 e99eb6c346c5e46c
1275 472e987e0801649b
1276 6b5fc7ce406bda44
1277 fe48985651668a6d
1278 724ae5e57b4ee09f
1279 132f026179e3c775
1280 19cf244a46c3d907
1281 75fb95cd3d1777b1
1282 412ff18a83af652f
1283 f73675765e2abbaa
1284 05e822d60aa20d03
1285 770f07bcd9c9c574
1286 9a37917adfea8115
1287 d7603e7193a490f3
1288 b0ae9939b0052dc5
1289 6fefacb63517e3fa
1290 e24282f66b8ad8ce
1291 91222b73dbe06d44
1292 f38e082d6e95e2dc
1293 5ae962b7bbe10c13
1294 72acd2afcc13ed73
1295 861310dd6ef8eec3
1296 016f20b3150ce383
1297 6b9d5c6d11a5b13e
1298 11b401b63e523f5a
1299 f15c357cb5690e27
1300 1f7198a7b468cde0
1301 8d12d1065fbad9ae
1302 7a89d1c76690adfd
1303 ad290189a3da2780
1304 cccca362c000039f
1305 5aed24d52c7b46d9
1306 3c320c2864338a39
1307 c8b03694ad64d12e
1308 c76444fb44b809cf
1309 11b0c2a2003816fa
1310 c69bfaa88653aae5
1311 e632c3f99da4e1e4
1312 9be0392f851d4da6
1313 e5f5dca9394e1e8c
1314 dc243e20dd5050c1
1315 135ce3fa43eaa113
1316 3e277b4ac7b6b181
1317 d1d2be2ddf02b5f3
1318 f9a8c5d4785c064c
1319 ee9a5eed55f892f7
1320 40d889c05aaf1f22
1321 d7cf18ff87818385
1322 3e47943be20eaf98
1323 d82a0fcf895a8ac1
1324 dcd485052dcfc9be
1325 da9c3bb1a6d00d27
1326 5d11c51d326d0c6f
1327 86419f710970ad18
1328 cd34efcc9c8d149c
1329 5609dca1d2ca676b
1330 4d64c8a1afcf11d7
1331 ccf975c745a90b60
1332 d09c3214e08ac6b7
1333 77f367c5e4da78b3
1334 a2a077ff9f2b848f
1335 657c0cc01d702dc5
1336 a0c2cb500d7fb734
1337 0288c49e43121c56
1338 c29e3dbf78841fb7
1339 e9c7e3559e24981f
1340 95deec8e6c00ad80
1341 813b6d61ca1960ce
1342 a09d22b5e0b4fffb
1343 9f05d9411684784d
1344 e0e27832daecf0bc
1345 6599d0559b80ff3e
1346 a8e34af01bfb2773
1347 3de22ceecc0c5cd4
1348 ca50a9a4efc4835e
1349 b09314a142e137e7
1350 215c2b166cccd0bf
1351 873cc2b04cdc02e9
1352 60a631615abc01c9
1353 ef2248a9f55a567e
1354 28ad92a3463c94d7
1355 cab2f8e89f179b35
1356 999c2a1d32f138f1
1357 a335020061f288b9
1358 6ec09ce1f45f04fb
1359 e73c848ff6370178
1360 79258ea7a7a35508
1361 d5e418e2ab59deb5
1362 bff5db505128416a
1363 8747fd00bd58f68e
1364 120867c1c4b6553b
1365 edb5d3af0eaa9fc8
1366 fe77416d7193d783
1367 d6363a68cd1ac2ea
1368 d0281d08fbd2eb24
1369 212f4e1bb760509d
1370 d6da5b9350fdf102
1371 0ecfbb7b1132e151
1372 86046b9d119726df
1373 57c082845e542b2c
1374 8df7b39aeb771891
1375 f07713ed925a2542
1376 14f1f7330b37e4fb
1377 1203e61e045f4030
1378 51c68dd15b4390a5
1379 6dbd48cd6a058a72
1380 f4892b5cd8978e2c
1381 f76b01b51fdd4dea
1382 b896bbcbc21da20e
1383 8a64d674cb90a59d
1384 6e1543fd12b2b2c1
1385 a2bc24601f59b361
1386 7d7f9f298d66abae
1387 114818ae0e971127
1388 11eaf27c420f1cf0
1389 a882ab6e086b9615
1390 863d906a8baa6ee4
1391 dda7cad48f56eb83
1392 2be3e5fe06462307
1393 1db6b1aa9e579261
1394 92d9963028aa19cb
1395 201d6b86ff7e3b7e
1396 1ea88a6679d5e677
1397 648c14c2f8fa7fc1
1398 58094766956f852b
1399 288e8756ab8ec483
1400 65b025b20486cdcd
1401 7f0d99f9b507d942
1402 963bb8de1b1e12ec
1403 d77e7bb0b908363b
1404 17cfbc65fb55dab2
1405 5d029f0f0a24bbd1
1406 d8604a522590968e
1407 5c469c6f61fb97e2
1408 e32500e5b5a95300
1409 870f394acff5c513
1410 30cb9481e97ba6d4
1411 79dc7e1c3444da69
1412 16d5dbf4c9fe7130
1413 1c91dbf7b9ebbd9d
1414 e1887eb5186a1564
1415 f28667ac3f2f451b
1416 4367057eadbb869e
1417 276573394e144e09
1418 958e9ad890b4e066
1419 111570bf7b4014df
1420 57378aa586568ec0
1421 f74de97b8d419c09
1422 ca6567cad432ccbc
1423 4029557a2cae18f1
1424 6efab9afda7caaf8
1425 108e25c0b724b065
1426 bdc34e61c6b3e776
1427 f5a67f83c32f21a5
1428 3dee5f7078c093f0
1429 201b648157ac7e06
1430 223abdb433baac26
1431 5c2d237c83d43104
1432 1cf89ce3349c16bb
1433 968b269484cf2071
1434 0cfe3e1d91789afc
1435 45991f78ec237867
1436 a2e288a7143bc5bc
1437 875334a04e79e588
1438 fffb1c9349a0c7b0
1439 ba2ef50f75133903
1440 666896192fe66d46
1441 99ff1e16248e9555
1442 63604d208f3610de
1443 7f209383fb4e92ae
1444 cae84af57793de43
1445 d2e5e1165d6e64f4
1446 22851c4c1c7b1715
1447 fd74c557af20e222
1448 b3b217535fec3e61
1449 30d5ff4671bbf518
1450 8db907966eebfe65
1451 b9471227e6348062
1452 d11f7dcebddec076
1453 8d75d2e3f1cdc040
1454 f51a108129ef8af3
1455 cca47fb05e763374
1456 c2e15cc09c41b1e1
1457 00aad340d583dba2
1458 4e2937d2a8c617bb
1459 aa18104165b1b1fc
1460 0e73fbbc67c2647f
1461 175698063cb177ab
1462 c6736944fbac6e68
1463 0d0dcc21d1f1a3cf
1464 cac174a3be0f115e
1465 1908cff2e75066fa
1466 29cd176d98e59d52
1467 b4c997cc0f909dfe
1468 7cc9e2e06d3ad47c
1469 f668073b9941b9e1
1470 439ebf7c7efc14d6
1471 125a583ecf55c0c3
1472 941850a9d3ced324
1473 2de15b9ee2387c5c
1474 d484f82ce0776bd5
1475 710a90a8ec5c5f72
1476 5919a02e2f366db7
1477 58c0b8b3ab1d5db0
1478 4b888034f5c3270f
1479 00603534683a946b
1480 189fe1767772895f
1481 eb833b22be37f310
1482 4bdb5efc391d1ba5
1483 f06e9aed783ae1b6
1484 fca2de821a24b661
1485 42ae6f69ac9d051f
1486 08731bd1d572e711
1487 ffddc1af618defd2
1488 877706369dbb4aaa
1489 877e07a817fa7a9d
1490 c4cec8dea1e813a2
1491 69aff71c98799749
1492 fb3039c4b76d61fa
1493 3e3b976bcba7f893
1494 f17f85d90ec336ce
1495 15c4322b11886dbd
1496 1f07a0020e1a0dc0
1497 1fc2006d3c5e06f7
1498 69f2de18c18e71e9
1499 ead666388c050657
1500 d79116e578f8b617
1501 ba8d9468e0d1cfc1
1502 2384a0818cbf854f
1503 968f8e854b48189a
1504 62a31c73a6468212
1505 89b8dcb49ffc5a8d
1506 f73e20c9a56d988c
1507 3b23c2b53d3e924b
1508 fbaf36e18ee6b348
1509 e3766e817e231169
1510 38f0e3aed4e4ecb1
1511 21c31c586f8df246
1512 d24d748dac563caf
1513 d446625b771aedac
1514 ea19fac1a99eb037
1515 2cf3ebbbb11b621b
1516 17a6e911fd6d6554
1517 ab1c77e932880ad1
1518 20253e5af4e891e6
1519 d84add11dbfdf679
1520 e0250f75ea3ea904
1521 814da349f0328ab2
1522 3aab9cb79266f1e4
1523 3ae347c8e3564ea5
1524 89cb219f9b9e975d
1525 268b7bea9415ec88
1526 f1b14018f3828697
1527 7a3d01081e5ee2b0
1528 8b635ab3b66e60d0
1529 70f176c1132e7823
1530 87242f42d491ed66
1531 37671de760d5edf3
1532 16946e44279402a9
1533 566979f5c3f07427
1534 45755cd24ffa9df2
1535 b06f65491580f53d
1536 e4f2c864a794e74c
1537 adc08884367de365
1538 0e01ccd3c6016742
1539 d884e8b7dff4f3aa
1540 899f934c7502cc5e
1541 4e9d69baf58a990f
1542 1e0033d1202c37fe
1543 eea39cffc4969895
1544 33e27289f41a8774
1545 23a8863c5ceb0e0f
1546 ca9bc720eff89526
1547 7f70d923224a9195
1548 f5ad8e7e80ffa7eb
1549 10f549b8df604c9a
1550 d39cc1ffa22f2a9a
1551 5fbd7247455710a9
1552 675ab1fec33ef4e8
1553 1f8a527738acfbd7
1554 4bcaee06e0ac1e7e
1555 267b51cc132d88b3
1556 eae57111092cf0e3
1557 ec601ada56f2d0fc
1558 4453a2971fe7fd75
1559 4de41965a8108f2e
1560 e05775f708764e67
1561 3094f45eca13ded5
1562 fc6adbdafa917905
1563 dbc07c692a975cfe
1564 5c8590b6b18d26ef
1565 b552de5971a783f9
1566 c05adbc91d81fdb2
1567 fcd631867169d443
1568 7e0172c2a982cd65
1569 9e67e37d48315c9a
1570 7cffdcdc3f146933
1571 4c668b482bc2f47c
1572 25ed2713aa994eea
1573 8b5b8eb555d65dc4
1574 f67cabf005e5e144
1575 6937ae22ddc3f749
1576 0f5514d84872ced3
1577 f0e3f569d33c97f8
1578 2c91c375f992c8cc
1579 cf325469a88c20bb
1580 fa7a753773253630
1581 1bb9624443444ac3
1582 5b4603c74bb12743
1583 89c56be7642d76d9
1584 c9b69cbdd1edf82c
1585 5dc08a6c5696a1d9
1586 2ca456362dc11d18
1587 a8250bdfc4f630ec
1588 3304729b8e652574
1589 3227203a6784149f
1590 0a2e0eaa219ee202
1591 e7382b9c0d7757e7
1592 bf559789b1964a38
1593 a3cbc663f8e541d3
1594 98de1c6e968494a6
1595 94a4ec39d7a37209
1596 ce01904be74700a8
1597 0a1ea32d127007f9
1598 aeaf91e6d32c5e22
1599 f0736372e7ccba0f
1600 e308194fcb160e8b
1601 552922743510c775
1602 802808c537e412e2
1603 6e23564567847ec1
1604 620fa64b132279ee
1605 00df7bdf8f92ef5d
1606 85f8d2b5be5616b4
1607 10b5576ec74de87f
1608 f338bf0889fd1226
1609 0e809573118bc7e7
1610 1feec118b0f0d07e
1611 159743148f59f490
1612 336ea09ce6a89941
1613 8aa2033b13c0bcce
1614 adc758f29b3ef4a7
1615 c819034117ff7aba
1616 a132f6957a95d1cc
1617 1796f86f71cb60c5
1618 c1ae4c0ff5473317
1619 ce8c9c1421be05d4
1620 4b85c9f6788fc1a5
1621 78bf92f8cb122038
1622 2ebaca9d93679c28
1623 50a12fd7e4231641
1624 1669b559fb393075
1625 27f77158b9fa8212
1626 6f14d9c1bde6e22f
1627 b06cd476fb1decee
1628 645493f24fcf35d5
1629 4f1ee41f7bbad91d
1630 c7e6601d9eb0e406
1631 4f2c63488b82775b
1632 db0353559db89276
1633 c8306c6adbc7bf70
1634 200ab0b815764c1e
1635 57c3d2c4b866737e
1636 502e76a7cdc1688b
1637 fe95398c3513f3b0
1638 e7fb9c6763b0824d
1639 4fb679223051e43f
1640 0834ecf0f7ae0658
1641 4e34ea3385a4e20b
1642 15cb3eddc9d5a34e
1643 cdd8c2924513e729
1644 2039c96d995dd73c
1645 07df96bf0c86b829
1646 488475800b3a2e5b
1647 27c1f98d44806d63
1648 2a062893d9704116
1649 bd334c1857187ceb
1650 ba0ad07048d8acd0
1651 f7d67dcd505b697b
1652 93277aa6a2e0e1b4
1653 0d981269b10773af
1654 0b0b44ad3329849a
1655 623a3772698f8965
1656 8b575fbf01516d74
1657 de6c86e127da7e4d
1658 41898b13bdb295ea
1659 5ae05b1482c89153
1660 8531b0d1f6d5b286
1661 c40511f3314f41f7
1662 2ccfe9653f97afd8
1663 16886d79176a11c3
1664 239a3aef0c154569
1665 8cf94b4e8217b997
1666 1a3b997746f96e4e
1667 63037d0a517d079d
1668 c79456790885bde4
1669 6a77ed6c32c9adf5
1670 87838cd9c2d4419d
1671 58381d4f631a910f
1672 85b645339d759270
1673 070523f55188c671
1674 ecf1e64d0f2ace46
1675 454dd25949885acd
1676 f8e5d819ee8a4b7e
1677 1c8c6e9fcd162bd2
1678 b48d29e39938e5ea
1679 a9b60a99b3694401
1680 30b99b7db5ba6eb8
1681 3a4e0059c276a53d
1682 ba8ece5b4711237e
1683 aa0679e4e9938f1f
1684 18eeb3d9a4581fe8
1685 cc90d488e7679dc1
1686 eadf7b3c90ef35fa
1687 4c55313c2212823d
1688 a45aaf5c6eaf488d
1689 bbd7ae1bb4eee422
1690 1be1855295f36d96
1691 1d1cc38e93628bb9
1692 b662f8376c78cfd1
1693 789aa25c3e3c9845
1694 45989bd0074b74de
1695 b65eba1fa78636f5
1696 22e46b3e849e35c8
1697 0496096151ed62eb
1698 d2bd639f70912436
1699 8742babab99a1d71
1700 6097e2b3bdba350e
1701 1791c2446a5350e3
1702 ef874fd05c6441ba
1703 11d59af9f8655f93
1704 9fa5603dbf91bbf6
1705 7ab441b0722c5b00
1706 f61e49f84bcfde05
1707 0e7dc90514d71829
1708 cc21e9d91b1865b0
1709 84d858f43e288d55
1710 6e743a81c08429f0
1711 a3e338fcb6b3d7a9
1712 5844b522229fa3e8
1713 71d35cd50354cec3
1714 e7b9d75352715ff2
1715 f67118ea7a065f12
1716 0f1ad9dabf85817a
1717 ffe6b2a76f6094c3
1718 18a1e3668e5103fe
1719 9932ba52c749a9ff
1720 c9c6ef78ec9c9609
1721 bcc5d9fc4f11620f
1722 015004031b592316
1723 eb48bde238de5215
1724 eb2ef1a9131a03e6
1725 5fe85da6cee0329d
1726 e1158e6e010d88e8
1727 87afd2b24ccc9c3d
1728 e23e07b113786f9c
1729 c337962837ca5e2b
1730 13354ddd5db4f118
1731 654d4b62ed265256
1732 2c507d2f1efa4a93
1733 abe5ee88bdfc4459
1734 9cd9631dcc3b8d95
1735 a981debd3333c4cb
1736 552ea97153bd1e54
1737 113225224e8d70be
1738 d8c0a4296263c1c3
1739 aa220257190836e1
1740 771ae203b47d498a
1741 391dcaab4c661731
1742 0687d0a93a448c78
1743 c5dfacba25a2bdc5
1744 1478a4f5edd21bf6
1745 9ee896f1954c67e1
1746 856169cc3d736c7d
1747 52544fa09953fb10
1748 912714c615c8d7d7
1749 0cc747cbdff3c010
1750 7538a14387a6cdbd
1751 438f7da8897711dc
1752 6a96f1377d00fb4a
1753 528f74a767669039
1754 9d0a40fe7ad10296
1755 77c14ec3f9d17403
1756 c30309222f8410b2
1757 24a3b740b8c351df
1758 5d2f7eaaa23c9e4a
1759 af63df484e4f56b5
1760 6565901833f17f42
1761 e63c0b6bf8d9ff27
1762 612b27b2f71197e7
1763 737942066c6674e7
1764 74b61b87ccb281a0
1765 c7845ebe3924766e
1766 370485a028b50a6d
1767 f9066fc741c61da2
1768 9b13558fa00b50b4
1769 3a7b21f61f68ddd7
1770 151d07063e7f7744
1771 4713d83df610c1ff
1772 82e5c3a9410f00c5
1773 b2d0fb0549920d79
1774 407e91927018dee8
1775 33a776fd6dca91b1
1776 0d81d3347a887bbe
1777 baa93f4af72854a7
1778 854bbf8871a4e4e2
1779 b2585404dce6e34e
1780 17611cc8d0c02e82
1781 e8d3bfd8bc60f823
1782 e016f26adac2acda
1783 2d38a5d58f9e1fc9
1784 7d255a39de9dde6a
1785 8e4b4fc0d8855e81
1786 3cf3e2f191efaa5c
1787 3377009aa356cff1
1788 ab69d95bfb7af7bd
1789 621619fd9c1e8cea
1790 dfdbf2859f11cf41
1791 1ea7566f3aeac8ea
1792 9e20de7fd0cdd0d7
1793 60747a7ed4f15da6
1794 92be5830dc5f7a1a
1795 9533318b1eddecc1
1796 d9d4cb948612090e
1797 9d97d885ecdc6ba1
1798 d7c89fb212bc5864
1799 f55f575efaa0c4a9
1800 6203f9caf76981c8
1801 e85e80e9dbce73d3
1802 b85b4448364fd13c
1803 964b8abb9ca2fc89
1804 adddc8e7a95c753d
1805 f3ff3fb27e7d65fb
1806 51f9ad181275a5f6
1807 8e8cd726b2c899ef
1808 27fb809a1db1e916
1809 ce65fea5f74a4c6c
1810 b040c27a4d8ee7c9
1811 11d9d2d8a19afa63
1812 2a7f0020405ab033
1813 6f4efc90ad2ddc2d
1814 127a11d8beb85a5a
1815 37a7c56ee9fc0f71
1816 70a4a6a0d97051c0
1817 47638cda47300af2
1818 eeb8e851ffe15f6b
1819 2852f6e9abe916b4
1820 d727abb59f192cbb
1821 921713114bdf3910
1822 5e4a9720ca23b6fa
1823 961e7e8c72d9a1b0
1824 4f35aa3fca996cd0
1825 8099edcaf76bca73
1826 07b5e34fdd2b7488
1827 d4e2eeeaa93fa769
1828 99bae478647faf38
1829 121376430d2374bd
1830 840abd8d495ca098
1831 14eb6ae31af18b35
1832 1d061803e4af20d1
1833 93fd44fd6bc5486a
1834 52cdf65d68686b9a
1835 1125b8513e004695
1836 433ae1985b811894
1837 36bda73c0a39f06b
1838 1ea594f4eeede028
1839 593cf0e5fe6df167
1840 6f3e69cdd674abe6
1841 57ed5411c8737257
1842 c9a3fd4cef7b585e
1843 24a833e90529c7bb
1844 c7fa03482744e558
1845 61416311cd7572b8
1846 ecd16064ab627990
1847 33ed9bedb5040c85
1848 6ce1883af2feed44
1849 744148ce4f7ba773
1850 80f1d1f7584f0ce0
1851 2da448d496fd201b
1852 67e9178e4154e8a6
1853 07f5290e2eabe9bf
1854 4b0e512ffc752018
1855 0d0d48ee6f9d2f65
1856 792ab703e151b9c4
1857 fb8619a3bfa20715
1858 1538d888fad22b7e
1859 e090b173b401aaad
1860 686df09b79a271f0
1861 f5ca748327ca44b9
1862 df3d7632735a8326
1863 489a57bbbe4bd1fb
1864 7ea156942838d620
1865 63d0dcab358ae347
1866 777841dca5c1c617
1867 41b606cd5f58e158
1868 7b56f3e547b67efa
1869 7162b157eff668f8
1870 f80475af8343b2a5
1871 95d66ad91adc23d0
1872 b2e3bf0a44031c2d
1873 2345b3c9504caa0b
1874 de2f6266c9b1cddc
1875 034598b996bc90f0
1876 8126f357ab191f6b
1877 05c440fb686767fd
1878 424291df9a84b849
1879 b87dd4057bd9f02e
1880 57ed84b1be2f7525
1881 a25df4fa1795b133
1882 d84ad057c2aaf902
1883 1c340e591c8fddf7
1884 f50f736c03d2c7c6
1885 27e86325164bb2f5
1886 12d1cf6a3dac3362
1887 983504e314e307b1
1888 8a1f28ce79c8fae0
1889 54dc541036fb0388
1890 37515145f5914271
1891 e7555a8e1bf60f82
1892 a0edba37b6e1387f
1893 9e8d6fd3c54af863
1894 d64cef3f7e0064fa
1895 7524394b29f763fc
1896 0fd2c4a0955415b0
1897 9baa10bfe3374baf
1898 8f6367b5c8cdd5b0
1899 bf2188de4e2bdee2
1900 4c452d74dbd52446
1901 d2f9b1a22da96069
1902 927642301df1659c
1903 e1371ef4d02bbf4f
1904 104693298f7e3bd8
1905 dd158cc3b21d0a2d
1906 cd96814702fd2897
1907 1d50de7e8c4b5e0e
1908 08b93373cc64ddcb
1909 89e004cd8a9afd4c
1910 725293ba1af2fbeb
1911 ee04caedc55b39c0
1912 ad94847f4e731a10
1913 2223b316871fb6d7
1914 356a8c752a57dcda
1915 ec80893b19f47979
1916 2dd0202c3a6499da
1917 89e7df1304113847
1918 0bbde55cea90db1e
1919 dd0b312c2992d363
1920 280c42f7f55821d0
1921 2ee167a9c2219635
1922 8849f685694bcd3e
1923 fe83e0f8ea7a9b4e
1924 1d91a5e36b1c2566
1925 df2fa485454f7736
1926 289448ed8f1b47df
1927 fcb0bb188559e85f
1928 255294164a545f9b
1929 263f590a576dbedd
1930 aa7b152efd4e1ad0
1931 f588f0aaf93bcd27
1932 180a6edce278369e
1933 890901ae6e938d4d
1934 47099217cd176646
1935 ccd8bd3e94e025e3
1936 60ba3b681be20522
1937 a5cccee55a030dd9
1938 76a43679beb127e0
1939 ee1cda763f20fb57
1940 8ee931e4072a7f94
1941 e2469c7019d33479
1942 00a8ea3c6dbacccf
1943 c99c4df0efd32581
1944 a16af24cc67425b9
1945 35448e26b746f7a3
1946 6d353262da58219d
1947 122d75d8ace28a1e
1948 db6a78621d33fb4a
1949 8963ae0461ce3ac1
1950 25a9cb1a0df3a8c0
1951 de695c6cd73b32a3
1952 b07f8484ae719684
1953 e6e2d71203ba6709
1954 2f892317157d503f
1955 03da7cc28c551f92
1956 1e32a69912bd6657
1957 ec24a30e0756bffa
1958 b57cf6036e6e44af
1959 d0ac7d577dd41dae
1960 4813bea751e69672
1961 30cfb84dab9b333d
1962 a758457fd4abf5c7
1963 ccc8bb55edd72c39
1964 55bd970fcc095862
1965 525127b5defd8784
1966 2209062374cd13b6
1967 753ce35d9d0e6462
1968 c4088df4bd457558
1969 0ea2b6d31e28a02e
1970 2fc1644e8c442d8e
1971 4a0cf3d703e6ca02
1972 90c80acab9149b91
1973 cc6db93102003ac5
1974 88a15db752699f4c
1975 b87a48756ce4ac49
1976 bbdb01300542238a
1977 395e2e5da6e1986c
1978 2dd9c6d21d18ed4e
1979 2d8604d9ae440946
1980 6b64efde59b9fb3a
1981 5ce1504e0b18211b
1982 9016b7522910fdbb
1983 1d87020541428769
1984 2669b2490bbbd7f1
1985 ae2d3097251cac29
1986 bfff29eb298f93ac
1987 29e72a8bd3cb1592
1988 dd98f5bbbef74d11
1989 38ca24998c63872b
1990 0300c232954dc8b0
1991 bc6b5eea88974987
1992 73349bd635744b73
1993 6b685effff04dfbb
1994 3d23e9abced48d89
1995 b714e2dffe52e1a2
1996 0562390238231b38
1997 ef9fcd126272f348
1998 011218cb923b970c
1999 61594d1ff9da91db
2000 1150833ec67c456e
2001 7cfa00e318fb5f34
2002 f65bed2448ece926
2003 1ff838dcffb88702
2004 680b4d04ec96774e
2005 4279fbad5ebb0522
2006 a1312bbe638f99bd
2007 12dcd308896e7aad
2008 766e6f8976d0d572
2009 fd36101512b317f2
2010 3658e7014a1ce9cb
2011 aff8c477e7d18618
2012 a1af6e194ab33399
2013 179d17f00b7017f3
2014 7cd866e981c953cb
2015 9382bdbc53a8e8a8
2016 401ba1cba05e79d4
2017 e0f1bca2303e5b47
2018 dc88fa5d111e3613
2019 6885f2fd5a273b55
2020 22f9bd293de42a3d
2021 635780b7304e7697
2022 41d83582e91a2be7
2023 8cf5ca4972e85155
2024 68401e420cb07e20
2025 c37c1f3e30deb2c7
2026 d719f0c3389cfac7
2027 e5d0e6fff8098678
2028 0252b563214491f1
2029 8a0e1ef3135c9b4a
2030 797c6cc469e67144
2031 18d886dcfbe82e4c
2032 7a0ea7097a48b7b0
2033 1907ce423da8d049
2034 c9f0cb85184d9254
2035 9c0017cf62902fd7
2036 841fba67985a6dee
2037 c3a86efc13d65e88
2038 e49755c07a26bf23
2039 68ff42e942929659
2040 e20cec9b32e6d02f
2041 4778c1fad21a5ca5
2042 eb46b740e221a9e2
2043 6116cb4cf59509d8
2044 422980937e68c548
2045 72e1d483a9ce0aef
2046 b754db36d95313df
2047 cbd7c1c2d569ed99
2048 0a08ca6cfc083f4f
2049 aca3a57fa105d6c7
2050 7a030b45e2785369
2051 c388e5785aa23923
2052 e6d59c83453dab13
2053 349bce1b5506f837
2054 2fd3ce2954fc5356
2055 178986162fb64115
2056 67e36eb5c1f2800d
2057 baba09103a3d9d39
2058 888f5d34d5cd5898
2059 cd85c2b3ac533f61
2060 5467132c7e698786
2061 7f99026efebc0369
2062 d0ce726c5802625c
2063 83de431ec8de2afb
2064 457fd2aaab4ba4a6
2065 52077a923a0d984f
2066 f2471f24ec133d96
2067 088e959bcb52ec3a
2068 edbc15cadf8bdb7b
2069 68ddafd28067ea24
2070 30734cfe77e975a8
2071 f9b2f3d11f145e6a
2072 6b8f67a7bc3e5de7
2073 b7e4bc6a468ecb1f
2074 4f90dbbaaa083469
2075 cc995aa7cc59496e
2076 9157b8f886460cc4
2077 5dcf0b97817de6cc
2078 a65a1a33e828a5c4
2079 6a400b02062b4155
2080 d1bbeb73e78753bf
2081 d554ab1f4237e125
2082 7bb5b6b256652ae7
2083 232044bbad943c79
2084 7b6073c27917af2e
2085 055dac0ed0018ba1
2086 a0125f9942320119
2087 6a7739c0fa56dcff
2088 ed90730d65b775f4
2089 83a02f21bd7c36f8
2090 ebd9d7a2f67bd52d
2091 1b45f06240c81b92
2092 f5b0c52b11a0d4d2
2093 3a2621dddd3ea5e4
2094 8b36ca9a5d6c121c
2095 fedacd400df7169c
2096 b62b07adb692d793
2097 d7abc41462578717
2098 a1f56143c3b3f071
2099 33347ab667ac0e83
2100 ace5bf09e0abe228
2101 896c884416f6cf12
2102 d5342a83eacf7faa
2103 9075f04174321a3c
2104 be2c6d866a584d39
2105 f5bfa3c0a65c8dde
2106 358c03db16342481
2107 73a0f9ee629c1774
2108 10652fc36e2859ed
2109 fc41656b0c83f765
2110 da3e66c82a3e4d7b
2111 53d48d4c17afcd41
2112 22c2b99d8b605c49
2113 11595684c0d2f619
2114 41ca58eb3dadb771
2115 becee1e841d64216
2116 acfe9e024e4642ef
2117 fa37df9d248dc524
2118 c0173155f511c62b
2119 d4bffaeb2433141d
2120 bb2ca3bd34a35da1
2121 47f21c9e6d46a13c
2122 1e10580ffbc111f1
2123 c6fb4268423bc1bc
2124 13e893187f84830e
2125 fe4f2d219f0fac6d
2126 f3f2c1d46818090c
2127 dd13d3d2360ee875
2128 48d0f2f1b0e82fd8
2129 cd4ebdf016df175a
2130 fbdd88e7044b2abd
2131 a716be04bec41933
2132 8be6ca9fb41820f7
2133 035359089dc387d6
2134 a30232972446bac5
2135 5e7df1c6c0eaab20
2136 859c31eab9a66330
2137 b9f3410235f59094
2138 69109ab31f9528c6
2139 8fea7532f9bb24c8
2140 dc1705e826f51361
2141 b9ca3ae6d2842e07
2142 52e82be2a004978b
2143 5214c6a5831d3eed
2144 8231343da0da2e79
2145 732f5d485b4c7944
2146 a32c426c67d32d90
2147 753c679b4f56f56e
2148 8d1bb3e88ec7606e
2149 fe1db0460c580348
2150 902ab06d1daee474
2151 47dbcefe03a6f3b2
2152 ccfe281dc1bca2b2
2153 6cff3b8a07bea09c
2154 56e04669a64df5b8
2155 fe81013a15d47a96
2156 ce1cb8809abcb3d6
2157 4d64d181586ae480
2158 f0a3b20b7107df3c
2159 c04cf4d2ae139cfa
2160 d94a226244ae53ba
2161 f6a8f9ec94ebf794
2162 3951c684d9bdaec0
2163 a5349fb706fe739e
2164 fc1089dd85f5251e
2165 565b9ddaf823fa44
2166 e7304135737dccc3
2167 67e5786fc56342d5
2168 bb2c042f436a49ad
2169 5389216d5ef2de53
2170 e654e5e713b1d767
2171 0f030e87257446a9
2172 b7399abe41e29581
2173 2719ac713c2298a7
2174 312312124da06fbf
2175 0e81219eafb4d94a
2176 ef4fb5aa4c5cf44a
2177 2c253a47fbadb7e4
2178 891d0cebcfdcc570
2179 1077668e24cbac4e
2180 c8aa40198ab5aa0e
2181 ff0e007e862130e8
2182 f32f106ec1f1f294
2183 40490f5a238d9306
2184 16f718e3bc0d985d
2185 8f75413f02531443
2186 1b5e01cb5b6f7af7
2187 4b57efb3ae60b3d9
2188 2c7826b046e1e0f1
2189 89944ea041029b77
2190 a1a4f11783a37dfb
2191 0009c2b5761b6bfd
2192 67034ba1cadadfe5
2193 cb777094882614cb
2194 5918c3451eee3f9f
2195 ae39558bb0185511
2196 019a6cc9e58cf2b9
2197 9f43cb528165869f
2198 58c8093eff9c88e3
2199 4377dbc5f0d81435
2200 97c8ace16d09ca4d
2201 affcd26ad02721b3
2202 621a03763fd909c7
2203 801cb7554bfbb109
2204 905a0d8ab48514a1
2205 5d40e8484ec2b6c7
2206 946673f0cc50c01f
2207 73bf6ce9b2ec4c2a
2208 172b9086a5db136a
2209 46b86738335e4d04
2210 afd7e55ff51b17d0
2211 ced13406e45a1c2e
2212 0b13d74b25a13fae
2213 f75486683e4f3608
2214 b71ce172f8e46a34
2215 6670634dd6349466
2216 4c62ea679d0c557d
2217 fd1790b4cac76aa3
2218 86fb9bd0bfaaa0d7
2219 d6b9389dddd09039
2220 3f6c30ef7ebbd011
2221 ca80577cfacf2797
2222 4a1c407c14e9741b
2223 e753f1b08bc0859d
2224 f54f59130aa4a069
2225 50726c30a68fd954
2226 19612bd87dfc8a80
2227 fb5c8856d351665e
2228 312b5ab19860255e
2229 a01790e280e85058
2230 d6692e2609e7e284
2231 17d538d222210b82
2232 ccd6eb31a84bb802
2233 2e3a2a187d2aeff0
2234 27b4d1b5c0ac57a7
2235 82426e78b54b67e9
2236 d001d1be72da8dc1
2237 2464fd11f0cbb967
2238 6a78af14561d946b
2239 4a55eb8c64aaadcd
2240 2225be4415b25b35
2241 31e490576ac4a89b
2242 9fe616c5f39abd0f
2243 617fb5a3316486e1
2244 17e0d12f93436309
2245 f79d3d928626b08f
2246 9cdc8bd7ceebf8d3
2247 a58ab1e26af4ed85
2248 243399cfb67aa49d
2249 fbcf29585c3dc083
2250 d15d607fd86fe537
2251 893668f0f6357899
2252 972e78a9f92e9831
2253 2c344c2687a44237
2254 09844ebb66f7adbb
2255 e9fab4d1dc9aa73d
2256 d559947ed7711c49
2257 11d7cf17a11ddbf4
2258 e54c1b4196898d60
2259 622240cc8e443ebe
2260 31e2b46999b2cffe
2261 2ec366901a6644f8
2262 873b8bd4905ca7a4
2263 004f38a531f130a2
2264 e24c6631b01b23a2
2265 772df4b235c64390
2266 af9f5ff0d57b3b48
2267 3ac259b2b6c02592
2268 2c8a11f3916cabe0
2269 c9c3ad487f35f971
2270 2e0a78bfc813c6ce
2271 09f0bfe5cc66b470
2272 f2f08c103cfb5bdc
2273 8cc8f03ba00b692d
2274 61a8c8a7065d595e
2275 248b3a70e77ef063
2276 d9c613f27f508603
2277 b9922f733de96a26
2278 e176a845dd0e0ab5
2279 ee3e210f7db16694
2280 51634be88652977f
2281 e82da91349ec0b89
2282 6280fb8a50cfca70
2283 1625016c53d0e581
2284 249e6bbe4b17ab2a
2285 483972016c82e17a
2286 bdf229e9aa39c926
2287 9be50f75bac6f058
2288 2394a2a3e3687537
2289 23457b3356b60731
2290 3e84766fcc97de10
2291 07fffb8909017b59
2292 86362836ff007d1a
2293 105ae9e4de49bab9
2294 2408aeb9936e0018
2295 f897bed343c081c0
2296 3a60aafbb0e5361a
2297 ad9497282a504651
2298 473186b17e225fbf
2299 96f2882d75bedc97
2300 f4c7d5dc21f61959
2301 09eedaea58c38cd7
2302 093473752ff8c3d7
2303 e828709d3ec69e24
2304 ece848572de45a05
2305 bba51d314ba82d8c
2306 c70c4b59833a5301
2307 bfe7b373fc9891fb
2308 5544c21fa30782c2
2309 cfc992bdafd615fa
2310 a1a9e5ea2a9dd07c
2311 4a03e3e1a9f6263a
2312 6c6ab853f37e1ad1
2313 ff6f2fc64c099902
2314 0f7de82a2bae3e2c
2315 db04631939391945
2316 c2d5d22e8f2cf8c0
2317 bcb9cd851386d027
2318 e7e0a48392c3713c
2319 a9a96e069519bc06
2320 677618f5bf9a3a04
2321 a6bd14e081a5479d
2322 ee1796a4cd03a137
2323 f2cb7548c01b68d0
2324 324ef900f898b97a
2325 09b5d79ab9dc5e5c
2326 324f7e5d2e2538b0
2327 3777a030c5990471
2328 4626bc9d29deca05
2329 bfdd6e05789fc566
2330 59ad942e4b113e43
2331 6cfe05de1ada3dd1
2332 b4b6eb27143341a8
2333 daba87320ad43f51
2334 12422bec1c8f2d83
2335 02a6b8fbd1ca01ab
2336 a89b5589dea86bd4
2337 de56586972ce69c6
2338 c7eafa9c3c2eea20
2339 17b2f42bb5b84232
2340 12a9da0b84df356c
2341 48a8c201423d58a0
2342 8130a78f24accb9f
2343 67a22d82a1347129
2344 be19466e65427425
2345 ae26afc54fd82ba9
2346 cd9f73443823d953
2347 6bfba7c1eaf307ba
2348 3b28dc45fe9e133d
2349 14cac9c95343ddcd
2350 a8ecd77e64e6682c
2351 d7675a7e7e5fbf49
2352 bc605e7ab697e4fd
2353 6271038e3934b48c
2354 11c6fdd1157c0b00
2355 feae47a8645ff1a1
2356 ff38943994c32b19
2357 d9d4efb364754f4c
2358 98e6b824beaffe1c
2359 a06d54a9a5f25911
2360 21f06f5763d9e309
2361 3a40db26214dd244
2362 aa89250c39aacb0d
2363 320d01ed7dec0aa3
2364 bbcc55eb9b03ffdc
2365 071b268a4d3d15af
2366 0d121a1772f8d624
2367 a087ab08d5f7846e
2368 5b70ba16f7035ef8
2369 8f73fe459af33596
2370 b60b9b92427da134
2371 094c87e3cf836453
2372 33738f804cb04570
2373 c97950324daf7c37
2374 b72a4faa2d3b1664
2375 7216292ae41e94eb
2376 b733a78b981e341f
2377 ff08c8b2bfecde75
2378 35a055465195d022
2379 750760880cae8c0a
2380 4916717da9fda45a
2381 fc361a8c2eaa6891
2382 f4e13ea6f2ee840b
2383 c480afad988fb65c
2384 3d2f31a549287e60
2385 daf916c16f07317f
2386 8d655713d597d439
2387 2b3e66bf6c806acd
2388 5a673144949a8ebe
2389 a96b32b3097a058b
2390 d13ff7f7e1fb8894
2391 0069f32112b41201
2392 75b91439275e5e71
2393 57de1b6e3b533866
2394 4aac598b46fec3c5
2395 bff793e9fc5ecddc
2396 104269de9405f3ea
2397 fedad755c2d4e5ea
2398 f53546322cf24a23
2399 5c27fd332d6d3189
2400 3773785faaecb4f6
2401 f9578544d07e4d5c
2402 1ba7f0b7a328b300
2403 504a84034e3bf023
2404 6777466d68026137
2405 d0a6166e1e912a05
2406 2ca669f61127b899
2407 1748805dd2834830
2408 352322a392f00e51
2409 8923e5430bb3980c
2410 64b20b71a38d2b34
2411 7a3e5c8b87538186
2412 6bc9c1a6ead8ca37
2413 4334b620be535215
2414 3a2c140fb0a5c0b0
2415 18f6afcd705e0d72
2416 3885f3dd39b44eac
2417 1d18809058a42615
2418 0b75be991173fc94
2419 6bc225eb3da16bca
2420 135572b7d719f2e5
2421 2892a7221a36a689
2422 0370a801f3233150
2423 c8bab31b127482e7
2424 e0b9d9d6ca4271dc
2425 9040af152c9f2912
2426 ffd951167f20169a
2427 082dd5e2a98fd2ad
2428 159e36ccaa1400ed
2429 fa648e7c40e45801
2430 0488094ac094442b
2431 c9640cbc39f142b7
2432 04baeaca1f313258
2433 c73eaf5e29a90159
2434 07cdb552f8307556
2435 326413f86fed7c91
2436 c8ab20108c300edc
2437 aa7ec53eb6a35051
2438 4a9a1951eabf8eba
2439 1946ec1b5f61a8b5
2440 88e6aced2302bc4a
2441 b581e5844eafaded
2442 bc9e5cb8e34c9fa4
2443 88e8d113c96e53c4
2444 dd26b6e563094399
2445 91e303210fe6a57d
2446 2c125aaa6c2a22d9
2447 0226bf6bf11111ca
2448 eb9a6fc4995c6093
2449 b14f41e1b89deea6
2450 c229f24403935a90
2451 efeb0e9630515220
2452 88fc8c7768db5f65
2453 5de8a1b095e71094
2454 c1d35dcf1b23661c
2455 792dbb4a1c96c9e7
2456 d25b96f4dd10efaa
2457 43d92520fa10d5d1
2458 dc69046087e1474a
2459 fdde32e472a03a11
2460 5987ada659667d09
2461 24f54665d76cb372
2462 cf8e615bca94cea6
2463 421f9dd3b900c71a
2464 9e25e30270bb5bbb
2465 034fa667d4fb6b0f
2466 bfb017fd091444df
2467 a218f6a5178bd77c
2468 c2d51c525bbfd896
2469 0a0cc53b7d264d7b
2470 637bb2f33cd660ff
2471 ae5f2c44ed7e80c3
2472 4da58fe3735b6264
2473 e5914abfb9794bbc
2474 5c2dd7c11533b7f7
2475 874ea3c591a0e4e8
2476 c2019a53854f515e
2477 f5019f9dc547e8ee
2478 db7ace5e6b9a79ce
2479 9f8c10b7e3b470da
2480 7509f81949323670
2481 f3c68b94bd7f8941
2482 da9e5edbbe51ae41
2483 0121ad0416ada3e9
2484 d924326e24ebba84
2485 be6b895fe7198c7a
2486 537c3dd4a2eac3be
2487 5d9f7069d407ffa9
2488 5f93462becaf5992
2489 4c47e7f65f24a8fb
2490 be1992cf48676c63
2491 be923f37190d364e
2492 e5a4864804c2d8d4
2493 f22d4ce82cec9a79
2494 fcdeaa136a1db10f
2495 2dd36e517c755a5b
2496 a5748769f8679d29
2497 821b54137bf3f20e
2498 bf393d617868a848
2499 7a7ea77c443fc01e
2500 f71fd0b6d5c082c1
2501 44840e4f5affbc80
2502 294112cdd98517f8
2503 ab5d37cd0e9535a0
2504 877d14a3e857b268
2505 08aae9735021a564
2506 fb391e317b1bcbf7
2507 ce2dd91dbff2b51f
2508 f52f560d2d381f11
2509 b3693f104d0cd0fa
2510 e33aade391e60e20
2511 dad6ff5ae6858b94
2512 3d8c9f146d47af03
2513 30f66c3ee462051d
2514 342328a3e60c0cbc
2515 317fb9555a8e0a88
2516 787e03de6890cfa6
2517 db09994eac98e2b2
2518 f6c1eda821ac3a59
2519 6ccc26fec97c6f10
2520 57dd782f9ff88150
2521 860ca5d2dd95d627
2522 d4652ff22791d257
2523 4b8292eb08d6ca07
2524 1ae4f19bb0d4456f
2525 2d33dc9797dfefa8
2526 d6b2af86b97eb6b2
2527 dec3fdd78e132d11
2528 7076e6396317fef5
2529 016e6182c6ca9500
2530 bd545e9030bc33c9
2531 0651d4269371d88d
2532 320c65107b0aeb45
2533 5fe0a4c07623d2f1
2534 f6968a5f687d6131
2535 7146bc94fb61ce27
2536 7b4511cf52d00c68
2537 682ac5cdd67fc6c3
2538 0311fdfd0f35fedf
2539 d0401c015ecb01f3
2540 c5d9830c5b21dbb0
2541 76a3c83e82c27237
2542 f2181a3f14e72fcb
2543 e6fb96ec2e6bd18a
2544 6a60c9d2cf8b19e8
2545 1f6f1d0b1644cc21
2546 aaaa586308c97ee6
2547 537611dce1042440
2548 e85c857ce5ccb573
2549 dcce685b957dcdb0
2550 ce7fad6c747fe1d7
2551 4104f97ef407e914
2552 282a13b8ff7efee3
2553 4c1cdf7f808085af
2554 6e788c1cd377ccac
2555 56064e9117d858c2
2556 26cab379ec739c49
2557 fc530e49cbe92274
2558 92549b98891b1e21
2559 ba5d2caa009e2856
2560 30a1e1bc3e98efff
2561 2ff487545968e9ec
2562 b7e28b18060c715d
2563 3e4d89dd8c2d1b0e
2564 56c568ff5fc43e67
2565 d6f011f701201299
2566 5e9cce21b2d34d62
2567 45b47a6922de3ec6
2568 4858a700e79f858e
2569 a6cae67ae5b58efb
2570 7e6e38d27b572da2
2571 e0d3606c4b09c7aa
2572 b98b321fffc18547
2573 a2a7fe2c4f9f783a
2574 35ad446f66af6206
2575 1a33741a1bd908a4
2576 3ae084e61d4a6aad
2577 e9b26ce21a663f40
2578 368b5dba8b912736
2579 9e485acf9fbb5f56
2580 3f304726f89562c7
2581 b8c9085705e8f5ea
2582 983b065d11e9ae24
2583 5538bb326b748e10
2584 55a87f39e2d8d484
2585 5f6defed73618f57
2586 66510fd7c8c26cfc
2587 b889f68a64540b6f
2588 587d3c689f0d1cbd
2589 a008e96a7f0dd773
2590 4149b373a9db1d30
2591 626031fff806f6dc
2592 85d343579801df49
2593 f232dcdeb3788db9
2594 9e654b2c69832a70
2595 c0e2d13736265d00
2596 686890b38e054ac6
2597 c261c34e273f7d91
2598 ff2c8279894ecf97
2599 46e107c7fde5d4f6
2600 7ee9f28711faf82c
2601 89495d6e15d94ec5
2602 5e2475fb2023a53d
2603 1d272132761103d1
2604 3605f741ee073f06
2605 e0d23f4bf948de7b
2606 d52c8590b28ec653
2607 be0db2cf9fb55b24
2608 039e209e73e37ae4
2609 59eb855261998daa
2610 de5f026513f56965
2611 b2efd3f97705a9c6
2612 7a8872bea9fc40eb
2613 8baf62e12881f47c
2614 d9e5e7a781c2f0bd
2615 b87e8f648fc83a42
2616 4ac085779c1e5bbd
2617 75a43666497d1a0f
2618 eadbe26d33959e31
2619 915556ec07ddf77c
2620 43fb5329a7ac08c1
2621 f2326d740ede65f7
2622 38bb2682bf1c714f
2623 ee457868a3e93917
2624 ba22d7b5ec2718af
2625 a5b98a778cdb0138
2626 b36f0919cd877dbd
2627 75d38f8d9b7d66b3
2628 127d49b11a37ce7c
2629 c6252d18e900be48
2630 0ab6f4e26cf39d3d
2631 1799bf5d6f62570f
2632 bf3ba88639786609
2633 8cbd86fc63d435bb
2634 87a7ee2886d5a38c
2635 deba5b7ac6741087
2636 2bbcb3cb41f9e6d5
2637 c5799ef848a2f7c4
2638 4d33e4ac1f6b0b3a
2639 45ae32878a8c7718
2640 2a71ea4d0ae49dc6
2641 fdc9eb2f009026f1
2642 e212f2e6d42a0f99
2643 836571ac649de739
2644 430dd1d6652744d5
2645 83fc00032063140d
2646 4188a6ef7ffada31
2647 6682c31011049069
2648 3ce081b27d230d03
2649 b78a777e3f1968da
2650 66b9098960839719
2651 4167ff3e49ea0a19
2652 4480ac1909a8ee31
2653 447d59936a65949b
2654 85f7c81158090fae
2655 62284ca35a725e97
2656 9d44a6dd028617f7
2657 f2f857078effb61f
2658 4c2a4c6698985b2c
2659 4e512d9846f28447
2660 d4125b8639bfb9e9
2661 d89c2e11c4af53a6
2662 e40d7421488920c4
2663 80f5747316a923ab
2664 4e6f3d3de6b818ca
2665 e247ab859e290cbc
2666 6a4286770c595a9d
2667 93342ca50b553f16
2668 8cace3bc994b0d16
2669 8de47ae7c12f93b0
2670 97ef866e231e6350
2671 2fe90ec395966cf0
2672 17d3727dfcd5c7fb
2673 04d8d48b731fb26b
2674 b0e5bf2eef47baae
2675 3b6f214d40428049
2676 aa6bcfb4dbcf5ee1
2677 7d470675bfccb2f3
2678 93f131394fcf1acc
2679 a79a5bec50a74074
2680 8e072ee8bb79ac78
2681 1ea7c0eb0578fc91
2682 9bb6984e177b7403
2683 7382509c705ff20c
2684 874e772a55702f0d
2685 8e24d01a19a7c4f7
2686 95d38ce00da6af0d
2687 afaaf881075f6364
2688 64972b9dc79fd86e
2689 9a8c504174f18ba6
2690 71edc30a41c569a9
2691 891c8ae6f35b54a8
2692 d6333d729910b5ad
2693 6aeae70116722bab
2694 669872194d7e7912
2695 a280740ce72230fa
2696 3d01c6bab9ed35ce
2697 7599f1fed3d0861e
2698 7b083313978858b7
2699 4b15a6fd967b2b13
2700 459570d864d0a0d0
2701 e26fcb3f70a43506
2702 71e81cf26d6e5afe
2703 9cd9aeb4c694a114
2704 13ce9400a5122ba3
2705 e2ae112a7c84355e
2706 832098dfd7e74ef5
2707 7e63d9772276dcc5
2708 382f0f32b5f3f394
2709 f979ca0c745f4e40
2710 44901bc072436116
2711 6354810d6cf5ad26
2712 48e7f8cb3fcc4207
2713 5fb83f06a57d0d82
2714 f108bcd9ff734b63
2715 580be6feffce9c16
2716 94835bcf6f5d6802
2717 41a9065e5ab56789
2718 2a9bef14729e31d7
2719 42f08a8d4085d6a3
2720 f9498d883954014f
2721 e80584d7e5e23173
2722 ef1d56346c516d57
2723 17172d4874880f0f
2724 d7c175db8e0f3863
2725 0e54700015b751f3
2726 f5fa25748fd924e4
2727 60674db2a301975c
2728 7f9e45c7af54710d
2729 e073da0d08cc2e06
2730 2739806c484f1f3f
2731 4329e20d5b1f3c31
2732 a57c17401e22f521
2733 47c5e56ac13517cb
2734 11199b6a5b4c369f
2735 3076c3b41565933a
2736 3e3418103f6737bc
2737 183c9b5aeb64cc9e
2738 d57f1cfa33e85440
2739 4dfc74423582ab9e
2740 1e23316057840575
2741 adc3c1d1444fa132
2742 0e3e42f6a37d4702
2743 4368f0ed6dae9648
2744 28b685e02b86d89b
2745 62a00ac8c881096e
2746 bfd86edffa7b8a2f
2747 34e71d2c000f91b4
2748 12a521c6ecc414c0
2749 e2946fe6a872df57
2750 d9f8bb07e1784a8a
2751 741b00630b9fb22a
2752 33cb7e6016ad50ca
2753 7d995d05555edc20
2754 acc7dfa4f6c38ea7
2755 5cc755b6ef228e1f
2756 39b6985c6008b0ae
2757 540bd0e1a4eaf956
2758 0f44aa41268c5826
2759 9ba69e699394b04b
2760 6482eae70348b648
2761 53218a7b180f2455
2762 abf6c0e33bd45e02
2763 62ae63197923048e
2764 0ff38ed668a85821
2765 7f5e51df2f7ea083
2766 dbbee98d36c98ea9
2767 e66da1a223671c6b
2768 e41fc10b1c12d8c7
2769 a80295bb74c75493
2770 03b8866bcd309bcb
2771 bca435a87b638654
2772 333e57b56f2b6c41
2773 88e3bf39f6c7c474
2774 28a7b02552597891
2775 7fa04e5caab713bc
2776 552734076d1e523b
2777 7d6a1610af5323cd
2778 174a7b873dcb9583
2779 686fa6c943fc6550
2780 646308fccaf2aef2
2781 879de3952fa8aca3
2782 8408ea23a9358d1b
2783 b080d562644f715e
2784 6113c013d7c97f41
2785 a9885355185a7ab2
2786 90a65d886f2f61a0
2787 0e47d6418d08d06e
2788 2fb22905ca254bc2
2789 21c102a78eec560a
2790 6c60343ce329d622
2791 f94043d754736bcc
2792 590e3743b4bd776e
2793 24eef02652ecc244
2794 e2f1705b6243a1b4
2795 9f3fecc1c8fe6591
2796 fc8e4d902df27e9d
2797 6cdb2d8ac7b81a69
2798 ff2ae32444b39684
2799 59255f9c114b97ec
2800 70c48486023011ef
2801 8b91d5525640bffc
2802 a79c84e7210d1247
2803 846a587c1f6a8b4e
2804 3833b175a007c208
2805 c853925f677e4a05
2806 9175fc6a0be8935b
2807 e660dbc314b90a2b
2808 d52cd48cee17a8fd
2809 6e30aefe9b944db2
2810 8f16ff2f31179544
2811 7a762817ba6eddcc
2812 e994bbffff58cd1c
2813 d7b40a83601a7b9d
2814 fd96a97b1a8c688a
2815 fad1bcb900cd29ec
2816 b22c2669e8c77960
2817 b9791c97ab21ac0b
2818 33e8b2d9e23a295d
2819 1a1fa3f251b1f2a0
2820 5aa908932f9c4dee
2821 1760c0b10a51b798
2822 50f32fc3a13f80cc
2823 a17b5eaa7c5d1165
2824 29898987b3765cb6
2825 0e83d48a19c85806
2826 7aaeec7e9bb88d62
2827 c005c74b108ac65a
2828 ea27b7654592bd4a
2829 ded5f127ad3c52a8
2830 1b688ce213d1a591
2831 8f378f9834cdb7d8
2832 2f7cab91753a72e4
2833 fb93744d7308ee5d
2834 152879bc8aacd281
2835 f5a8c43d45bd8103
2836 f06486e1ff8a70c6
2837 8220df6c73a2013d
2838 0da15b42b335f5ca
2839 98438b895c04a1a6
2840 46daa7bff5efca82
2841 56a161f67c816c42
2842 1f5e6b471e542092
2843 0cf3de7403b7db90
2844 9519d168f6b99268
2845 15f1f1e4e6d55537
2846 c969091fed8951a0
2847 59c80050f0daa62a
2848 6ea625fd1be0cfba
2849 90821a486cb767e2
2850 390e8507913425e9
2851 30bc9d68d214d083
2852 bcb2ef1d509aa1bc
2853 e8bb5867817943c0
2854 b1753edc2af4caa5
2855 c8cc5a3aeac7ba7d
2856 605902bcb6580ef4
2857 5b8249949e3dce1d
2858 d89886e631da4fbe
2859 7e189eeca5c366bc
2860 ba353c42f0b5a282
2861 06b6cbbad7acbb82
2862 89925effca222f45
2863 475514b85526434b
2864 ad8d420ce432f76e
2865 70157c45f1f7b277
2866 a53fd3b3a08f5884
2867 4fb7dca5db9019c8
2868 a47c33b0c88f4102
2869 fd857361f33d4e47
2870 7f3ec2bb2f79950d
2871 b9af44992f3b3198
2872 3a8610986ae4e35b
2873 ec37fcaaa5eb3c03
2874 528774ff2f0364c5
2875 b87c20c8802fd1a8
2876 ffd48439d0a88c9c
2877 0958a6e30c9f50c5
2878 104ab35851cd400e
2879 cda095d2a4a8be6e
2880 422a11b903bfe5c1
2881 9cc1eaa7fc40cc1b
2882 124bec1c8ee5d77d
2883 7d57466489e3f48c
2884 f85f918b948729dc
2885 e70e0a365b9f10aa
2886 75d20ce66411c61c
2887 9e42fddba763dab7
2888 f3d4eceb382734b4
2889 2e98bc6d65933ac0
2890 203f71ac3ab321a4
2891 21cd9ad967d7adfd
2892 a6f337eb1bebb6b2
2893 b9e063fcf0721066
2894 a6575eaec061a2af
2895 e995d5e040924bec
2896 01450f0569878051
2897 099b9a91459562f0
2898 148163ac048f3aba
2899 70dc72880e0923c2
2900 6b313b7270568943
2901 0d50a2dd37958f52
2902 c8c74cea6fba98c8
2903 a2d6a04c35deafc9
2904 da48ce702789a987
2905 d2d323bf6873fa11
2906 04d04a3fdcf2d0e5
2907 908c1c56b60881d3
2908 3b54f7b837cbbbcd
2909 658bc9493456cc11
2910 d5cef4bdb2f9ef8f
2911 c6a1e10019bf6239
2912 64dcd6f7000b80d9
2913 be2b87f866fc2c83
2914 57335d6361066be7
2915 dd06eb13fee06687
2916 5412be5932d481a1
2917 3e8b3258e47691bf
2918 2f8b4dd980c91952
2919 c0b47055ef6f65ea
2920 f7ff4b04994dd2eb
2921 76f5c8ec494fce2e
2922 de7dabe656a2f3ab
2923 6c3d5c8815e3f9b7
2924 9fab36a7e47d85b7
2925 793a92808015a465
2926 ce8aabcad1af1ced
2927 9c458f5f0c871bd7
2928 c07cae1c49725602
2929 ef2b7dc2e59da222
2930 234cffb12196b9c1
2931 27c61dcd5dc00a98
2932 19626206e506508f
2933 fd177b5614cdfcc3
2934 50fa33a0048c2ada
2935 5ce365b6a7eb57bc
2936 8ea556a9bf6ca46a
2937 9840e12e917593bd
2938 1feb356f4b167d43
2939 463d010593ac1ee3
2940 fc4b8480fdb8c16c
2941 e471494ee27dfa53
2942 9156a923510f7446
2943 0109e8d61fb020c6
2944 1b53e7274cb87bf6
2945 478ba1d3471f65fc
2946 fefbd4a940089ed7
2947 901941ca6ec89001
2948 b13145ff24fda8b9
2949 854a48e394fda072
2950 cc0b74a90249ccaf
2951 e1e31f93315860c8
2952 a4d872816c8ed7e5
2953 9b4b8794b35f7752
2954 2ff54be3f4ce5591
2955 93af9d3890d2a5f7
2956 9e4c30f1aaa65693
2957 e75c4cb5eabff480
2958 08cb05c24d65a8fa
2959 193d6935516e67fc
2960 4f305a374ca1b35f
2961 fac5c57498ed9cea
2962 e92853ff2397146f
2963 574b74c78c08578d
2964 6200a00d48287193
2965 32399167dce96dea
2966 99ac818139865725
2967 b68281837c3f5df2
2968 b553a1974a59f982
2969 e045d3b40f43d7cb
2970 2135413661ac86d7
2971 9de95f3f2fe4009a
2972 1f3cef26d945afe4
2973 d01c76002d617287
2974 af18f1322169273a
2975 c2f66a20cca5d83b
2976 c8700238faf7400d
2977 3f838514b2203e0b
2978 a7bf779757ef12b9
2979 4b1805e9c2a4de7e
2980 41d5595d51fbde0e
2981 813a447f83be093a
2982 83b2fbb6e39a9188
2983 8d0c296510132214
2984 1af481870f93c2ca
2985 b9a5124483268329
2986 c486154ac69df315
2987 3f9bdc51a3c7c68f
2988 b52a914b565dc5b0
2989 2825f69c247c08db
2990 b5a221e55fa70b19
2991 cf36ec3dd62c363c
2992 80a7e072a2be81db
2993 86fe90146e8fb84f
2994 7d308e9baaff6369
2995 94bcef78b21e4475
2996 c114bd59463cb361
2997 02a2a902325e4578
2998 ba3f56d0880d85be
2999 0f3a089e0d28d14c
3000 54c290181b1abf4c
3001 449cafbb7b2993e5
3002 f8e2b4014765b1df
3003 3de121af71e38816
3004 cab955fb9b19e723
3005 dd4c2fbab9f7c7eb
3006 cfae390d3e086f95
3007 da7b817413476e38
3008 37d4cb4357c53369
3009 845c480cd659cf2c
3010 8ad774adba31ade3
3011 c3cb2f4e8cccbde7
3012 8e4d2c04afbff50f
3013 e970cd925f14f729
3014 ac128ad7dd0be588
3015 aa7540d4ade8116e
3016 92b77048999a37cc
3017 0ab0e7bd731693f2
3018 8497eb89fb2f2913
3019 2165c7a311a1f53c
3020 d7c1e284a01e7079
3021 e08685a8eea73e93
3022 c92db161c3faa3ef
3023 275ae0280858f023
3024 3c869b4f17baafd6
3025 d4672b5a5e52e3d3
3026 6f74a7873af292a9
3027 c5bba3daef103c07
3028 3cfe1a3254fb95d4
3029 709c9b6563e184c0
3030 7fa43769788d7d25
3031 3e1c9dd35aee6017
3032 0dfa7bbc4f2098c0
3033 6ce493b847cb6a43
3034 7122d076b7f6cd2c
3035 e597872f21f8ac6d
3036 d9e4c450e51e4b52
3037 d921979d77e94ac2
3038 3be8ea379a180b44
3039 ac5d255cd0056afd
3040 393311e412a4e1a5
3041 be913ace2d7a85fe
3042 d1d2747ca47cda14
3043 d495b8a5d742d929
3044 b9ba9e28ea92b095
3045 5a630cc05ec8595e
3046 5bd5425366f6fae5
3047 3973a4813c849609
3048 c46e12427ca1bb48
3049 9b686881e6e5d57e
3050 a3544c265a516d28
3051 0f51224287522fdf
3052 92767c6b2649b229
3053 b360ab1fe3907217
3054 38fccb9ffe407d6c
3055 da0725e548563dea
3056 201024f232db9e55
3057 b57116370d2d913b
3058 cbe27851809efe5c
3059 fe53317910f2dadf
3060 30103483a6550032
3061 8fcb31a1f31306d1
3062 c0fbb6b637d9e99d
3063 1ec4b8b96bf31fb9
3064 092f8078d844c279
3065 fbdc99163cc85539
3066 1c57b042f60cb7d6
3067 e558117568aa3449
3068 5b6ee9bf58ee4060
3069 1b4b354756db1f4b
3070 acb60d87b25cb7c3
3071 df2ce5a67a1edf65
3072 c32053e208c6f6cc
3073 efcadbcc8e523378
3074 26b53de944e537be
3075 194f2a8abe59534e
3076 2f18c1b5110cf864
3077 9f98ef2015f34ccb
3078 8cb995815ac297ec
3079 88881d04a9b1947d
3080 661634970e2bed4a
3081 c5cfafc05a6d9971
3082 17775d8cd08e8f6b
3083 04638b9c5e208097
3084 0e49fba1941b6e23
3085 4cb1f5dbbbe53b9f
3086 9b6c77dde0895c8d
3087 c3bfce1f400d606c
3088 d1a66c5b13f60aa4
3089 c833b3df94407411
3090 0a0848e9b9d560da
3091 63366ae2df3f5a4c
3092 503a6444d104ee9f
3093 ed6fc967f199cf68
3094 6839b1380a511da7
3095 fe3188068d86ab74
3096 5538d64a1e2011e8
3097 8e8745b75d647178
3098 916c1c85503a3f68
3099 a506972a515e4706
3100 223cf3e36fdacb2d
3101 b481ab436dba252e
3102 293b2f9e1e3ba0f7
3103 54ad06a9556a208d
3104 71b6b2c1d87c0695
3105 86ef6152ef871b82
3106 b364ce2739721c81
3107 a181370c752eb267
3108 ba2b6f1dc9973fcb
3109 857f051b602bed33
3110 27b7d7192b5a5dd2
3111 1e98fd802f428495
3112 ed8896f0747f406e
3113 3403153beb04dc8a
3114 5638281f72560333
3115 8c3a31b04e15bc77
3116 05920a31672d67f9
3117 ae3998d2da57ea6f
3118 e1061811a9b6d81d
3119 ec4eed8d56713df0
3120 74061d2d7dab4b23
3121 fd828afb1cafb154
3122 1ea17f47c96aa356
3123 92eedc136d63bada
3124 5df5099a47421521
3125 5afe7359f061f712
3126 117d4b63bf798292
3127 08c69105f25739a6
3128 590fcca32a3f8f86
3129 11d9409a9c2cd97f
3130 eea9f4f664258cea
3131 5ef165adf4cddc74
3132 44cfacd996c6e3bb
3133 8d5e6b3fbb4f12a3
3134 acd7ef85dc967e40
3135 4740176c982db23c
3136 14d14ab533185348
3137 3e662b258f39577a
3138 ee354747d5b6fdc4
3139 bf4cabbde2d090f3
3140 9c1024ffc2580970
3141 9db407e266c5a491
3142 0fbcba80320db4bf
3143 a6c2decb8b53f3c0
3144 a671d3c42a7a40c2
3145 c901d77e39807c4c
3146 d84943e47009b3b6
3147 7de91ed3d9ff0c7a
3148 17167bb7d89bbd7f
3149 bbb39b8707dd316d
3150 acc6a0a702d88ef4
3151 49b4250823999fa3
3152 a6e5bdcbf82ccc59
3153 891adf446786e664
3154 dcb2796884b4c082
3155 867dde00a30bfe06
3156 53d7c0c5bce444c3
3157 9bbd8b6ac7547538
3158 fde0e25e4d7af140
3159 e080787a471d1309
3160 96dc62773fbc9bb8
3161 e130ef98acb27812
3162 3680865a5800046c
3163 44e35851b7542d94
3164 f2d3e50b14c2aeea
3165 3f584dcd9533ff8d
3166 c868f619698de765
3167 3be65feae11e896e
3168 0a9d89b2fc2e9ef5
3169 fa6460c519d7601f
3170 30960516e7b71556
3171 16fff599a82b6cd2
3172 65d3a326714cbbb9
3173 6455e1f3d1855730
3174 466d84e110744bbc
3175 2fdf29fb753ed19d
3176 1c8fe8428dad3a3f
3177 319be4cdd5e50019
PROBE 3177 D0=00000000 D1=0000000c A0=00ff300c A6=00ff8800 RET 00ff02dc
3178 c815b1ac67690901
3179 03288df4b92d5a5a
3180 d2b0ddd63cadd0ab
3181 6c98a7d59ce10648
3182 91470b9fc470b9e5
3183 a92b993bfe1debad
3184 ba16761ec1a47b19
3185 bc08a09aa05566c5
3186 c13b3c758c49b649
3187 48733022589c18e0
3188 8884d80da701bddf
3189 aa2574abaa686a6d
3190 0fe6c7bbc229a3e0
3191 a7d64aa4fd9fa9cc
3192 6c13966274fdc238
3193 c0d9653c4ddd5667
3194 461dc5a20169bc2d
3195 b9a0a27da0fd7e86
3196 fd38a7c641c4bc6f
3197 650c1431015b0cbc
3198 ca4f93c9e3e4f313
3199 b460dc58f1aa35e3
3200 b64a35b534f3dcd7
3201 22354759e2d52f9e
3202 f238171ebcf12e73
3203 b1f6ac2025a654c3
3204 ede60d07e5015399
3205 46a852737d27a09c
3206 eb82ae36a6ab5841
3207 f8bb4709a8924293
3208 ad7911da4d4943a3
3209 938965a669c7dcc9
3210 56b09ca540726468
3211 5b9c16fd14a573ff
3212 1fea081fad1301ac
3213 403c35a7f4000652
3214 83b87cdd5b17bd33
3215 a89174c44dad767d
3216 420fe76975c1cbbd
3217 da6e455da9a0ec4a
3218 319377a5c829ef3e
3219 d3b15d8861d95d04
3220 ef163efc547317f1
3221 c77efdaa519c8b5e
3222 f0f791f3f43a5510
3223 2d87c27d7b6af187
3224 d53ef61b6279ef81
3225 b044b325f1bca6f7
3226 b068c3e14cf04635
3227 9b4c34bb4532da13
3228 cb5409069f91999a
3229 049a714374edd008
3230 a1b2c51276b76915
3231 4edc98b712dbdc55
3232 a8b9dffab4417c84
3233 6fa36efb9dc9d03b
3234 c78fa5118f97c683
3235 3dd4a5f715c22e76
3236 73a89ba3f79d1add
3237 c2653d2bfa282b81
3238 7d3b909f3c204465
3239 49b1ce0e03667d31
3240 a7e33a023a70a2a4
3241 f22151d780dbb4b6
3242 a0f6fd8121f18660
3243 50ae6e216468e2f3
3244 67329c7c602bc32d
3245 42f5cf65db414b6a
3246 f1219d83f4699cb4
3247 2134b687d6b03914
3248 6a9f665ab3a927d4
3249 bb99a41df0eeb67a
3250 c19262d7d6445d3d
3251 8041515e0e503ff3
3252 2488ae82450ef9a2
3253 4324c4cd6ccee655
3254 2db53f4ee44a7593
3255 9afe61d9049f2a5b
3256 fd6dbeecd48028e8
3257 d6b83b1d8d9a0ff7
3258 f4683ad6cfbf73df
3259 501c40a0484b57aa
3260 860b7159da7d0334
3261 5b693c211c87077f
3262 ad9d9f562f050d89
3263 e95f2e454581c486
3264 5ca689e8d61d0c07
3265 17186b5f54924407
3266 d386d667957e1c68
3267 af792e54284574df
3268 a1e60ab15fd413e8
3269 5b9c94806ff43773
3270 684733bc9eb67c6c
3271 50c7555b26433586
3272 c92936986ff9956d
3273 6155150d3caba78d
3274 10192b54d9bdfbfb
3275 296fa9d2e19c772e
3276 0cf3a1e9c76c8026
3277 b1d045e9f764dcd0
3278 632e6d740d1e1532
3279 cb8259fc99ceb2a9
3280 c5a10787b2c6c3fb
3281 7b5c14738642b58b
3282 fb1d5b1e0ac388ca
3283 404e3e1ca983c366
3284 32ced62ccc5759e1
3285 5925b1b78db83785
3286 57b14d79a54dbf1f
3287 17ed2fbb1f30851a
3288 0a0433876cb7b543
3289 4bb6e223d34df198
3290 ba9b850e2970f91e
3291 fe050a5f4394c1d6
3292 bc8e0fb0c94e91dc
3293 8b5bae15fb7170d4
3294 1da8e54261a05bc0
3295 6acda7edfbf2df7d
3296 4402bb0d76f341b0
3297 7ecb8f728aabdac1
3298 aefbf5ce8eb226ea
3299 8f4f26996d95c936
3300 7ca45e835be1ddc0
3301 befcbefd6022e116
3302 4561543407ea8b97
3303 9f971c1c29f20dbd
3304 df963b2a8ed1131a
3305 5c4a3c30cf5fbc89
3306 ef86bdca8dd6b327
3307 612869c4204cfe9d
3308 79a48b77177fa42d
3309 97a5260023e84bf5
3310 6b053c462ba14776
3311 0c5ca15b193c8429
3312 0701c94c5d90c0d1
3313 5fd06cf5c22a5d56
3314 1c5727ba56644a5a
3315 c3c8beab3aa6ee07
3316 7d6346d33142ae05
3317 7467e4293e88b8b1
3318 59fe1175f5202ff4
3319 57605c7bde575341
3320 855b4bb6873a3fc3
3321 ba06e234b0ae0046
3322 84cd4a2bff9405f7
3323 33e975621f692aa6
3324 d9ea2a36e9fab75b
3325 aa63c27cc586b701
3326 4eef9c3384713da2
3327 a8a2ca344a589e68
3328 4efa31bf57e2f660
3329 1db3534cd88735b0
3330 aacc75d079a67175
3331 9b6a269869254320
3332 57c9e71e699c2f11
3333 0f26c49786b98b29
3334 776fae9bc5e67d19
3335 5478335f56175b2a
3336 cdcd88081357a312
3337 64afa9838419af0a
3338 e12c56d3c3fe9de5
3339 23f2f84851e7cee5
3340 902b1c5440cc1dba
3341 6b69dc3a732e2ed4
3342 206f012d189c30f8
3343 347a799158acdb62
3344 662aa28ea0520410
3345 1eabc0163ebe1d11
3346 d92cdc99d6978dae
3347 a8ef3071768605eb
3348 180ee411c46e9930
3349 c2a482f09f639e98
3350 dd1c98cff213ec9a
3351 4aac54882f32f142
3352 fed55d8330191afa
3353 904dc8fa905cd81f
3354 41d0c1046555bab0
3355 94710ebfc17215ef
3356 0251a06f236523df
3357 31cbe65492c6f916
3358 8319bd1400924937
3359 a7c99c6ac6f85441
3360 351d5dc89d341b5f
3361 8a387635dc34dc9f
3362 cdddab19759bd587
3363 bee0aad0dc7b3a10
3364 080696319c3991b5
3365 196e0221b7aa6865
3366 656e7720a5c33832
3367 83b153ff8e9e7ea5
3368 fb9c6d2879da823a
3369 ee20172732ed62c8
3370 d8cb0abf62445dd2
3371 39a8e0be7b9fc6f6
3372 c0bd3ed1c92df6c1
3373 04f207e7172929d5
3374 a71e9e830945dbf3
3375 29650270e1596fc2
3376 bad7e05007dfcde3
3377 adc28a92ed3866a7
3378 50d1d5e22e784f12
3379 417444771d5e1b0f
3380 31436ebce5e2ef46
3381 f5ce46d0940be512
3382 21cfa248d5a4dcf8
3383 8b2d0ab3528203a3
3384 b9baab97a7478d24
3385 b0fbf8385d04cc0d
3386 7340e1216e74a81c
3387 2b0485e5d52d1cb2
3388 72f3d5cf086c7bf2
3389 48a2ba3cb375b3e4
3390 69ee734c4ef614f6
3391 e771dbf7c076bcdd
3392 f75f1c5b66482009
3393 e9e9dde7d7146f9e
3394 2a58324f90725c63
3395 0a6cb214a1cd5f35
3396 9e7ff1b444f37a80
3397 52dbe37d077003b5
3398 9761cd81d2ff5e66
3399 8f344da5018957ac
3400 6d0b4614348789cd
3401 2faa5d97e8538436
3402 092d9d636dafc6fc
3403 1159dc2c0b9249c6
3404 0ac269c88608eb63
3405 6f9609f5f631882f
3406 c9c46320b1ab860e
3407 2ddf9793651973b1
3408 fe18aa0f6b5c2e6e
3409 f27df265f5b837f9
3410 e69fdc9c6b69d783
3411 f96569713b23a97b
3412 50df45885bc33d1a
3413 b4a98812b0a9ad3f
3414 3b6362aa67d56f8e
3415 436920f3e67056d4
3416 acac40ef4e20f394
3417 f8bf8fd0317338d8
3418 31f4aca8fa90d749
3419 4f4501462883c1d1
3420 6316f05430cb9a4e
3421 bfbafc78b8051d84
3422 d868c407fe59c423
3423 fa0256ea3b6943d6
3424 0a84a196490978d2
3425 70f20e85d985dc50
3426 9e74d3fd386982de
3427 f8f8a7f428b23620
3428 bac8d3516130dd20
3429 f5c63751121f8ef9
3430 1aa47b4ebdde2f1b
3431 d9fcbb19664eaf6e
3432 b1e130ebda2383f1
3433 26b3286263feefc7
3434 42578614d6fb2092
3435 295da16c0d742b5b
3436 f3a0fe030c8f0085
3437 75b120522c5b7ff7
3438 1308b843e4af3aac
3439 f357c8833e752036
3440 d3debd562603d236
3441 c9709a1d11a125fc
3442 95ee96a3d0e1ee5e
3443 c6c1c31d516f2083
3444 a9c64442e39c5886
3445 8311974a02ab6e37
3446 10949c3dc09de6ae
3447 a48733cbeef89524
3448 ce1a1db0a3a84dbe
3449 80d95db33d009474
3450 64eacd3d5e780541
3451 fd8e25edde7f83dd
3452 5cd575db79ee526b
3453 1847dd1ad1301f77
3454 d0ceda702ee28eb0
3455 ea59442e3a5548ea
3456 89c7f1495fbaddfc
3457 7a6ba03e045820ca
3458 44f905ccae3c9a64
3459 2a5a3f2da3a746bb
3460 27e2e52ed7dc2daa
3461 af936bd691e016c2
3462 882a1c4178281038
3463 73a2fdfef869f342
3464 6ecd475356479679
3465 a23146f045887d4b
3466 c612a83dd96423fd
3467 e6dd8d0b93c996fc
3468 e7f0fc9d55bced34
3469 8c49dd63e5d78636
3470 9e0d552bf7cdead9
3471 6589e79df0534d1c
3472 4b65132e54f1c047
3473 4fae7eaafb59bdca
3474 9e0d4bec816b6636
3475 06901ca4fdf28135
3476 dcc3f8a0e72cbe27
3477 4d1f4707e68cf06a
3478 dfe8dffd9612e831
3479 4ad4a680af3db70f
PROBE 3479 D0=00000000 D1=0000000c A0=00ff300c A6=00ff8800 RET 00ff02dc
3480 8365661c191fafcd
3481 9feb080d6e670e4b
3482 290db4955d883a38
3483 164201e8e1b81006
3484 eafddb65a092a7c6
3485 efbfed8826464df0
3486 b6a3ff5a70767d7a
3487 b026b6d29ddc955a
3488 f0f3c77169a5fb08
3489 d36b07d841352649
3490 734779813ae800c9
3491 9d3786a451dbeab0
3492 7133f554377558ec
3493 0b763b4dfa03dcee
3494 484b41f1e5586483
3495 8fe796619f094cba
3496 e68de2db940c68b5
3497 580b35c8c4787b65
3498 191aa766e8fa6774
3499 49eda3e22f71db51
3500 61da5b53ecb61807
3501 f7ac26edecd2964e
3502 39f2e608d0d96711
3503 c571722535374a5b
3504 b7e529425ae960fe
3505 f38db7fe785eb713
3506 9b3b858d1ace93b8
3507 d82406f4b73be614
3508 02b61411707950b1
3509 efbfea094eeaf09f
3510 97decf0f8513ad30
3511 c7e983fedb633cae
3512 47d9aa4de30a2d33
3513 bd2f60be92ccd0e5
3514 cb1cceaade69498a
3515 e1c34c175646d769
3516 5c6fafb0640078f9
3517 7b4c6f012e8f86b0
3518 3886554b2aca29fb
3519 877f88692f166668
3520 c0b6e7a97596d2de
3521 d048c5d3da0b269c
3522 41da120c2a05e253
3523 3798b38c0c064aa2
3524 b078446ca2921b9b
3525 8c8098fcb88c1440
3526 f44a7fc451b4a0ba
3527 5db02ce0f3361269
3528 3dc0ed6be610f0f5
3529 90b3f25fec0998c0
3530 5d2c6a4c7b0044e5
3531 41c9286d923e7300
3532 f945e7c4b72ca03e
3533 857c5d786253c022
3534 b4ca9323259a434f
3535 aee989df0fba091f
3536 1a2459632246c039
3537 0385e82fed8801a2
3538 7634f45ba25456cc
3539 138fc86ecd06ac9a
3540 644e8ee5576c73ad
3541 2cb2be42b580ea8c
3542 43ff203a02350b5c
3543 ea635e673523d282
3544 79f67c566ed61703
3545 555bc8c7789eed22
3546 4bfb94ae2a76c0f5
3547 0672a44639f3bd5e
3548 d3d3b75d2c95291d
3549 891a89bf6c331ec4
3550 d70750affd1986c4
3551 5eb9f9c0fe5d70f5
3552 7d3d29ea69e27fb9
3553 37e3df08d6edc54b
3554 4391ffd27fc8472e
3555 ade247b9e14b8eaf
3556 69dfd4e9b504f3dd
3557 7fdcb38fa4c8969a
3558 33ee2f7088a8b6d4
3559 c2ae049154684302
3560 033b2a5ba86a0ad9
3561 55ef81c432f9e429
3562 96720ccf7b036329
3563 ea26363924ebea2b
3564 8cf9bdf0c9e14d8d
3565 ebdcbc5d51db46bf
3566 b482bd77a136f73b
3567 712cbeb9a40f736d
3568 35eddd76ccbd8eaa
3569 e53b02897ba0e5ae
3570 23fc2b373f432870
3571 c00ecedf80d5c5ad
3572 28a88ae9343e73dc
3573 15d48e88d9b185d3
3574 aaac1d07e7c357e9
3575 e8cecd9bac2623e4
3576 a58bfad26c38936e
3577 1d57a5f321d280bd
3578 942c2635e997796f
3579 a59a5608bba401f0
3580 a026b201cd9086bc
3581 67defd6a4b825491
3582 e992f9dc450ae825
3583 1e994b09b4857de6
3584 f1db5bb5bd4cde49
3585 62df2a5c3e4452c8
3586 293f1afd082ba885
3587 59b27fe554b58b59
3588 c7e1bd961577bd0c
3589 5bd744606ac38eb6
3590 d5f4fe484af8ab0a
3591 14d4aa3c8a219b24
3592 e5c92970f6029702
3593 fb8f4d2d22ec0ecd
3594 3824beab922e17e3
3595 28e07840c22fe979
3596 4260ae34c859c789
3597 f02d3bf5a0f8835d
3598 fab3af145b4fd880
3599 57cbbe975bea5a07
3600 776a9901d09a2e87
3601 2e159e09f465b09b
3602 b1f87c2e63fd3c84
3603 4a265ff378878ada
3604 29444d993352cbd2
3605 ce8e49405b61af32
3606 e379f70352b96deb
3607 315f43e0c31cfd33
3608 4a5ce8b9674e28e6
3609 619b7d0571937549
3610 5c56e4b51833140b
3611 7a482c73aada4f45
3612 0f2f6cf469a12a9e
3613 8d249c123599ac8c
3614 ee0405b57da9da00
3615 19b54520d7b62082
3616 f7775f1db7bc834c
3617 a5f0c8ca856f1594
3618 d1ff57621f99e818
3619 485dbf598dc5d949
3620 ffa6274aaa3440b3
3621 6ff1f01ac0e16aa0
3622 df279799d677466c
3623 26c3d0b57399d572
3624 9c7adfa4593d85e1
3625 9849db0388e46d7c
3626 e5fd186a0ca5fa21
3627 6d7380aecf790acd
3628 295b4b8014613c0d
3629 94bc53d32b71b614
3630 f07b672bfaba57c9
3631 f2199242bc8b4a9d
3632 c54f5244dd1205b8
3633 2c027ed6fa0b7e15
3634 7a5c146750840d10
3635 1e5c2b1da97efc60
3636 35f760e3b12d9435
3637 63077575ecc132d5
3638 fa8b64ada0c5e6df
3639 25cddbce24f3914b
3640 ebca92ddc7f35cbb
3641 b2cb39eefe7030eb
3642 95f84358a26649f9
3643 3f217db52c4b700a
3644 d0835f42d7235b0e
3645 3291bbb7bf5ebf93
3646 139593d9742433ed
3647 b3df395b3c56e6ba
3648 587b437f2553d3b4
3649 4235253ee6cf7f28
3650 dd5b8e192a683d68
3651 17ab06556a1175d7
3652 c98c81602ed4857b
3653 8ad60e493c4eaf15
3654 78fae85d5fa7d924
3655 57ea93dad48539c5
3656 4129f070e9153033
3657 ef22b47af852041e
3658 71883557d6596335
3659 dc65b6ebf99387a9
3660 6c952ebc4a0a7165
3661 6ebb88514844a527
3662 8a037fdf7a3b8a42
3663 35b917067a2b5bb8
3664 a75078ec4638d0bf
3665 b800fecfbf2c2fc5
3666 7397a55bf0d38450
3667 ad717e00d0dabe37
3668 68a7827b69477c41
3669 64317ed15af7b6ef
3670 c159ef485d757114
3671 c59eaa423f7a8582
3672 a594a6f276295e97
3673 c8fbe886913dd6ef
3674 2de183e34c88c61b
3675 7091c63bcffb2412
3676 a2fd0d3bcb8bf5a1
3677 58848c916ea3d068
3678 ed6fe9e1dcb6fd6f
3679 762480831efc7cae
3680 4da5906bbb9cbb3f
3681 e66c74f800e61e22
3682 0837e519ded44c5e
3683 140ae9a97a61b4ef
3684 3f3022a6d9040f87
3685 f0fe3c7aab839f96
3686 9ecbd60122b50d16
3687 b530ad3a6bfe2f62
3688 c42328cd7e5a068d
3689 ff4aa04ce0694c28
3690 8f415aa09a7bec6c
3691 4c71641cd219c549
3692 5a21781a1978884f
3693 023eb1def7196d34
3694 330a7df6c5028d11
3695 6f7c834842d6c311
3696 dcdbd860644628d3
3697 10800b76a1d77d33
3698 25ae0ec93299f1ad
3699 fec9c361ea2adb41
3700 5cf9ffcb3c9cedb6
3701 3a5b0480ea3fdf87
3702 2f9a671b319c8a22
3703 afea1336d2ad0ce4
3704 c817b43703d12697
3705 376200912ab2137f
3706 d2fe106677c66cdb
3707 0e21d2708c4a3ec7
3708 5675196f21dbce2d
3709 08677ad47346e305
3710 9ada1aeae2d143ed
3711 ca49e076de674f55
3712 a1a497d89e96879b
3713 3e057adda7883cd0
3714 26d7e1eb6ce7f306
3715 3daf7a9cf60f2756
3716 8815011358c95026
3717 18b6ee0bd76c6bd8
3718 ad2ecee741bd1e6d
3719 d304dd7e8126e523
3720 53aecd9896de06cd
3721 54347b52e9c1e055
3722 28127207bbed65f6
3723 d66ad323a14b24f8
3724 a8a60f192df6e1db
3725 000c6dfbed619195
3726 bbf6438c448c4bba
3727 aa0034561b3085e5
3728 0ce6d8270ee0b10e
3729 f5303289ce5b7d45
3730 1f26405bc0051d41
3731 27e9f9aa0885d5fc
3732 99df3514a1c79096
3733 7506911ce0154d1f
3734 0d829a39a503edcc
3735 7328ac03db750d29
3736 992ffc55ebbff5a2
3737 52301ae826c23fb6
3738 cc8d0d385236f55e
3739 ad3177ea588d0530
3740 4998587469778ce1
3741 e762ede8f263a884
3742 9766e114b8367b27
3743 471caef2ac2e93cf
3744 a2e2d26131e76fff
3745 c0214f99ab7de0f2
3746 1e98181ce443d840
3747 dcafbf16eef89958
3748 a1239a6dc3160fba
3749 23f07345d02a6fe7
3750 480a4982a14192e1
3751 6cc415d96c7b48ae
3752 b2fe03dd2dfb4605
3753 b8aa3a816b72a44e
3754 e88f65963f5a613f
3755 636c376060c2f6b6
3756 f0093534538dfa95
3757 21dcee8bcb08d378
3758 440b937c7eb76aac
3759 560f0903163f7920
3760 eb21a4a015630b22
3761 dfdfa6deb8373c5e
3762 355a771b4e996cd3
3763 d2074a1e9218a06e
3764 3215d531c70e34eb
3765 86d2c0168e49afc6
3766 186215cbcbe973ac
3767 3b02db3a82fe30b7
3768 dc956e0c0335fc83
3769 ed436d23728c32b2
3770 a311f5313c0ac2c5
3771 1ab4a8ad7fd72a94
3772 5c2129ab82ff2787
3773 2a00806b262efb2d
3774 e19c01f5a7c33eb0
3775 7f6fdceb2bfb186c
3776 d4d8d59752f5600b
3777 ba5df8846f8d1af3
3778 23a8d5777fb3173d
3779 5f017ab6b71c57bb
3780 295cfdbb3b3e4eb6
3781 20318e4e5f997f36
PROBE 3781 D0=00000000 D1=0000000c A0=00ff300c A6=00ff8800 RET 00ff02dc
3782 64b18df65dd70bb5
3783 760c59f5e8b26dde
3784 f3190b833178fc50
3785 b23ed627ddb8b2e0
3786 408d055957a00062
3787 f3765d20237d6d17
3788 6203b1b1f7c08a78
3789 fab969d65702b0d9
3790 5ddcf1fd30cb489a
3791 0306bbb3a197b0f8
3792 c985814b65becbe8
3793 e03627aef30c2a87
3794 f902b826a03789d9
3795 ae814a8f8ce3adb2
3796 d5da9e935157436d
3797 4241a2d19ed7e1ed
3798 2888f6e69b801da5
3799 f6da9d76285bf579
3800 81ff7094c32e10ac
3801 082636d3a2a16d1e
3802 0d3152eeb48f9e1a
3803 a3b14355a212735d
3804 f098a73bf2d0a8e8
3805 7bc9d9b1994389d6
3806 499c8e86a444be24
3807 bc7f7f13b9411571
3808 f2d3784644ee83ec
3809 5023d9b9abd80eb5
3810 da0505e93647d259
3811 873e6b7d116ca7e5
3812 0ee6e8fa6ef3b4b5
3813 0d98c4701a4c7529
3814 914a71d98204d9c3
3815 0a667b1ec1fc6388
3816 7630cc3879d81233
3817 fa84889043b21c40
3818 d681bdf945b795d5
3819 b8f7d359b26011fb
3820 525e0c8b1fafd666
3821 be27f634b171b708
3822 53faf8915b326646
3823 41081d1a495be6de
3824 572576847d633966
3825 74e82a7a47ec0dc1
3826 7c86f55179c41fa5
3827 d884f4a0a4e70c66
3828 395f261de29fbee1
3829 ddabd7b8efa558b6
3830 26872afcfacbcd04
3831 6ff87dce97f4afa8
3832 141fb9da30840707
3833 19841befca2106be
3834 72631c399b3df275
3835 7d17c13955ac132b
3836 7a57fc3f0f9f1097
3837 223ebc420c8eb1f1
3838 ff986aded1bc6954
3839 7c6247e6d6880e5e
3840 5b814b00280ce6ba
3841 7cf7c02ac043fc6b
3842 a8a4d5895f97caf5
3843 d135378462f9b45e
3844 e8d8e25056981905
3845 d36afa82118948d4
3846 52f5a117eea26c50
3847 aebeb7f5b65b6e62
3848 207bd5a7cb9813a9
3849 521dde7d93b71647
3850 1a45e53c5a6196a2
3851 26920952753ffdab
3852 7a5ea80206810d4e
3853 d6cdf5f4b5819385
3854 bd55683889548c31
3855 7a3c530859bba5de
3856 d0a26ebae6799044
3857 626153ac24e4c7af
3858 b14b89945bb238a5
3859 a4546f8f600d2a1a
3860 263196b9019ee8f7
3861 19564b25aa18868f
3862 367c1c46f9dd500d
3863 ac36dadb4cc499e7
3864 8f9cfc93124cdd8a
3865 7c87d42806de5b46
3866 9c8bbfc2b99c2382
3867 6cb04f5f49d20685
3868 e931502d82b51aa5
3869 d6b13a73725ef5ec
3870 6dbd6992e7e2b11d
3871 af69db575d1a90b7
3872 268d93264fb47e34
3873 ef734aea9d9434cd
3874 b407de2f718c1ffe
3875 a88d4ca991fe6c69
3876 33e65051daea7427
3877 dfe737fbf4cec9cf
3878 5079d3f247efa743
3879 bfe3dfbf2c604de1
3880 200907069a28f963
3881 f2d066509b3764b8
3882 da6bf0581d9110e0
3883 6616dfe62dcdb67c
3884 c16bbd329ed5ca8b
3885 ca940ee36afb8cb7
3886 385103e4e0f6e279
3887 1e5f847bc6e5e8e1
3888 81bb762a2c528964
3889 dbc9c473c29a54f1
3890 a363b08d875d94af
3891 e4c9c20b9f3a00ad
3892 f05d46d7703c5db1
3893 7a9e7a1c4e512bc7
3894 e052a938752f436f
3895 61edf92c2eca9385
3896 d7d4d670ee60240f
3897 09aaf98f1fdf6a71
3898 2b864f420b662730
3899 bfd60f6bf63c8f5d
3900 6a3a0f4faaaab27b
3901 99bbd1ecf60e7eec
3902 899dec46a844a283
3903 0eadff36d37f6857
3904 11ed254b0f06c2a6
3905 fc1d76ff1861cd15
3906 2d9f70792821afe0
3907 a82ce5fa937efd0f
3908 d155bf5565c989b0
3909 86580ad72fef5e77
3910 edc32c8e7221c4bc
3911 7c856a70ae9e08cf
3912 25efc268d58fb183
3913 b40ad54a5f5fe88c
3914 b84df90ca3f37dd0
3915 d993e19c6f976fb8
3916 c68e0c71f791415b
3917 f0bdd9ab3bd68ddd
3918 a1691be869a11b09
3919 c7327d2ffea747b6
3920 901ce54a5b9c7fc0
3921 56461dec1bade64d
3922 8d4745ff127f45b0
3923 08a5bd9c87d750a4
3924 7860c8626cccddde
3925 47b26748b0bf4c0d
3926 49074627740649e9
3927 88536f022e5d1310
3928 44547187c7e5c4d8
3929 179d1972948b26bf
3930 9e05a5e083a8396e
3931 3c423ef97ba9b9e4
3932 3403b4d6a9d2a4f2
3933 38747d003548eaac
3934 7652b5f8b9dc15aa
3935 7cd245b4e09fde3e
3936 3e888fcfceeac88e
3937 1fac828ba19264d6
3938 91265d213780c2c0
3939 94f8b9a14ffc84be
3940 91898b81a2bd1d6f
3941 fce88e73eaf50933
3942 fc260afd0ae15560
3943 f5588010c00c1530
3944 e00bd2c82fac5d25
3945 f6acf26a1b10cb17
3946 dc0b6cd2264e4847
3947 f53f6a13dc3351d5
3948 1efbb135e53aa464
3949 76afce24b6177bf0
3950 2ce2f4987a422d16
3951 2e6fca42c21bf89f
3952 0292288266238dbd
3953 b7a3f2e21ae80018
3954 65a2868c6b83049d
3955 ffe4bf524b8ef6ab
3956 81bc695689cb1aae
3957 e4ef4c808f51fe08
3958 26a2901966c2a993
3959 4037165b52866155
3960 79b20182f38ed739
3961 840fde3eadd87203
3962 8b7af1d68a2ac732
3963 ef2d1ddbe619f269
3964 4f73ce2d219063fe
3965 7c4a5e9f8f1865ff
3966 6822d6b2abfc8c08
3967 b40bd4e7dae4954d
3968 146eb720e8430be3
3969 1553f08e91d1b4b1
3970 a41381e75d511d77
3971 4a36ccc4ae159ba4
3972 adb52d53857199d0
3973 d3012c143a48ad6e
3974 cd6d2ab9d25111af
3975 2bf6351e7e74c07b
3976 47ad2eaa0a2cafae
3977 ebd968e2e529c04a
3978 82e31f0dbe383247
3979 aa6ef731919bcc05
3980 88a8e6957af8f9b2
3981 a012f2b45e378356
3982 ee54e4ff24340cfd
3983 1290c86f8c58ea32
3984 be3038afa0a91dfc
3985 04c09c0c26c0014b
3986 ffd4d6bfffb5d0f3
3987 aafbb4cca74def6d
3988 dd1f45aaa5402426
3989 6b859946e7385ed7
3990 c7d385242fd294cf
3991 3ba2a86cc57d6291
3992 a5c67b9e513657fe
3993 b2604f02d710da66
3994 05f54c1f16f9969a
3995 0a4d789af1d42675
3996 270d82af384609ac
3997 0bc4cb27e4814c7b
3998 039a73272b1d454f
3999 8266c8dde24aa585
4000 ba1535cc01d10f2f
4001 9e2c4573b096e579
4002 155ce08dc5d26c0a
4003 b63cb37cf84e1571
4004 dbb3d460b851e751
4005 703b1a820d2fc79f
4006 fbee4d4a7b70672c
4007 9d7a0ad5984ed666
4008 ddd2e70cf540ff6f
4009 afeb0ef9aae55e28
4010 f214a1110b5aa40d
4011 44c3cf239234575a
4012 ac023bd44626e433
4013 07c0ba1cc84d893e
4014 05faf48ed0139e3e
4015 5eea096bbeaaea8a
4016 c2260296ccd78ea4
4017 7ed0d4937c12b98b
4018 9714829d10aa4125
4019 a5aa126660c31e21
4020 9070109ec24fad9b
4021 d59382e4bfbd3725
4022 85cca76d390f79ed
4023 7a5e554355227cf4
4024 656e7c3c2394b2bc
4025 e227790fa01665ec
4026 9e3af4f9221553ea
4027 52cb78a5aa9e264b
4028 e66db369b94e653c
4029 97c8e72e9f6250ed
4030 77777d532ee93ddc
4031 e908a9da9d6eccb7
4032 8ceb4bfbc7a038cb
4033 c6a82fb7c6787284
4034 c39c971122a59275
4035 10a3ac2f17e31ef1
4036 c3dc0d25f0b0a1dc
4037 850aa992f30bad04
4038 49800a2ec1d4157f
4039 fe33e749dab8dde9
4040 ad39cd64b5a269eb
4041 124804c862a61873
4042 12a0d6fd35ce400f
4043 514370e5cda28d44
4044 0e6cec673be6e312
4045 eec9d84f3034c703
4046 a005eebcd274f519
4047 0a823a7b2599aa7f
4048 bab92ee70f9ba08e
4049 b65e9457bf13d6d2
4050 f57e76a94b9fa60c
4051 2a96e4a74a079d80
4052 eeabb7b2243a2232
4053 bc7393655e844c4c
4054 c5e976e8b3e7633a
4055 edc65e561eb9ce02
4056 ad8b6ed913b1d2a9
4057 e2abf46d9dac2ae0
4058 d5a75034ba7ffc07
4059 4e62aa0b4a25b001
4060 abb68644666cc93f
4061 e531f225992f2b81
4062 f896c2c012d1d135
4063 7e39218a48a4fd1f
4064 1a544e5a9b3bb616
4065 8b4a7c0545425cf6
4066 850f3eb08bae9e3f
4067 f252fc7bd048b968
4068 918da9e9eba606d8
4069 fa8b99a84d09fb88
4070 0d024310e8525f50
4071 b29b7393e7367e16
4072 22aeba3d0fa3ffa6
4073 de09d33a1afb2c3d
4074 d3834b3be5862656
4075 aa94e77d548e7832
4076 c988994154131740
4077 f34af916a1230175
4078 5fd2c7fcaa1ebd91
4079 c3bd34f04a5836c5
4080 6fcc8dcffca38594
4081 cf53261bb8ac6882
4082 3d7131fcf669ddf7
4083 3057cf677dbcddd7
4084 3e20d30f52dbfdc5
4085 ec9dae434fbdcc76
4086 343ad64374445b3f
4087 2ef8b730ad57c022
4088 857fd403c6d895df
4089 e52703dc5aa80ab1
4090 d4559a405b543b87
4091 e341aa656cd65184
4092 0d558249715cefbd
4093 87e625dfb3f9352f
4094 38bb816ca1a84916
4095 5ebcda9b65f3d112
4096 fba7ee2d83e814a8
4097 08d50b5aae4f5949
4098 81bc79b699908b81
4099 d1c386c99bffdbf9
4100 72016e3e96f9aa13
4101 7f4fc2614447de2d
4102 93dd11f56e1bf3c3
4103 2e59776c6c4d267f
4104 c7c6a46e20802e25
4105 d5b352d9b42edbc1
4106 d124454fcd55d9bd
4107 9a3f3e4fcfab9152
4108 472518c68cb74446
4109 59e48c0ab214e8e3
4110 62ad8bad1235eb8d
4111 3d86b8d668cac153
4112 6fe24b2fa3b1edba
4113 2e52ea74fdfaedc0
4114 26d7e4f08a2a7606
4115 f1657c21db3a1970
4116 fe766d99921ff015
4117 31818453a06258a2
4118 3f1d6e54bec558ec
4119 36045ab9e1382f3b
4120 f9bcdca0fa5a7bd4
4121 c2c1335fe3564abd
4122 e4d9ee0816eb2e37
4123 d4d6b092a032c076
4124 d6fabbcd6394d1de
4125 c8387059390e4fc7
4126 8d2ce0dae27f4b6a
4127 f9bb74ae5b9c4365
4128 9cc61e0117f53b96
4129 d80a6267505412dc
4130 e19fe52d3879b3d8
4131 6db8b5290277cfbb
4132 36dd896c4536c6ce
4133 7165c3cde965a453
4134 2a1b98e063b938f1
4135 8a421bdb96fc84ed
4136 7d49eba67d786854
4137 c376011ac5c1bfc4
4138 f6e8fc5055e15d1b
4139 8706149e0d9e1ee7
4140 7b0f60916817e020
4141 a1f7c677049d0720
4142 01176284955ca425
4143 d1f6368f78dd3859
4144 129b88596eb10ff1
4145 d3e508abbfe84356
4146 8f4a9e8b0f81264d
4147 a47d8548f5f548b4
4148 5f73e1b9cfcd6a62
4149 a9498a50f3f5ef22
4150 8b5f89ae73dc2705
4151 5eb4ba6bed7e43fd
4152 560d74577eb6dc17
4153 dc8dbabb7bf98b3d
4154 d6056013495e39fc
4155 986bd28ea9bd04fe
4156 d69ab7b0116a090d
4157 d6e7a2f8e1c3af85
4158 a91d20684cb1a9d6
4159 73f74e51873ef323
4160 ac3e707540443114
4161 ae25d33910bed441
4162 fea58afb693e10b9
4163 8ff0b98a95bb897b
4164 6eef111d5cda2763
4165 d0ff0823ebcf4612
4166 f0957e66a32a32ea
4167 bf89707c875ee943
4168 6aa52d1a9e317d0d
4169 14718d35777773fc
4170 c7655030968b4f59
4171 2f459c06b26d758a
4172 7b344e7a88e58781
4173 3c4f76ca718dda98
4174 f5ecd3654f332808
4175 46789aa41084efda
4176 030834eef13e09b1
4177 ed919c5aa85db566
4178 29afe59746a54916
4179 cf727acbb40c59eb
4180 7fd8b7f55b68d402
4181 ae22f4e1333ab02d
4182 d60040d7c009c3ac
4183 3b8866e16b2a624f
4184 8885c191805fcb45
4185 9b24ea1aacb08ac2
4186 a18bf82cd4b7068a
4187 1fd266713afdb988
4188 6637697edf0f5e18
4189 301e75f87dc74013
4190 8d02eeea15a97829
4191 10277112ee1083fa
4192 473870e875792ea4
4193 f3296701b82e9ea5
4194 ca727b0b19658b90
4195 ee1c85dea324e031
4196 9208ea97bcbcba01
4197 f02736b4fb96b485
4198 0806d3ccb56b4691
4199 e7bead81c611574f
4200 c8b813d6af1178e1
4201 003cdee49c9b9758
4202 efeb84dc68830eba
4203 b4b8cb18604f97ab
4204 5cb21596a5b13043
4205 606bd7f3261f7fd8
4206 efc32ff47387853f
4207 87296b4d727192e5
4208 1ebe728f677e5460
4209 77114c6213ce709c
4210 f2ce61c8c8ed4b05
4211 520243656a309266
4212 5cf55d8a3c70ce02
4213 62d716f54913d233
4214 650e98a7d4a0b67f
4215 7f3a64a0f62af0a4
4216 1e6b314fadf69917
4217 838dca1345840dd1
4218 b6c03450aec7ca74
4219 bcb822546bc270bd
4220 d4eeb8f9d2157aa5
4221 a4e94a406521e10e
4222 59abf243beec7095
4223 27aacac6a064e246
4224 65f7b122c055e2a9
4225 944dd3404905df04
4226 8eb979f181e3372e
4227 40a37352f2d7552a
4228 6f1d80585ffce01f
4229 30a5ff246d05fddc
4230 69273ecf5db15177
4231 04b511d90fa432a4
4232 3ea554e8577d02ad
4233 d46b932360803d32
4234 f54dc2c31c10bc37
4235 e37eace99aff05ce
4236 8fc03ed7672693b5
4237 78fa547db0c778a4
4238 e227be6d2a792f57
4239 bbad964e2f3cdf9a
4240 60906138ea999f2c
4241 99bd95136d800d21
4242 49c43c2d9fb827f3
4243 b6066a544cd78356
4244 dc96cfcf0c70e7d8
4245 4e86f9e1b453bb46
4246 5a109c759c880355
4247 962670e1cffbada0
4248 5efdba1f7949d472
4249 86ce555530040c28
4250 60d9bd079ec1d492
4251 39222d98f131af92
4252 5456343adab9c777
4253 8e8826bd95e67c97
4254 9f5fd990cc47287a
4255 97e8321305f762fb
4256 20591cfd18413e64
4257 e0fdf4af771d54e7
4258 5c89199ece31886a
4259 3d5495cd1c88bf20
4260 4bb7147be941738e
4261 2d70f39342671e5b
4262 c1e53ecf8f9b5824
4263 3a32908ea53a6940
4264 592a78d5c53326c8
4265 3d905c0961b2f811
4266 9f46b249de871770
4267 82bc512f77303641
4268 060edc4d9acd5fe9
4269 fc74c3054174cdc0
4270 34e3c6c46d27b0a1
4271 7f8bc2d765f50444
4272 b1b0ae5d16a2893d
4273 3efb5ebf51e61c72
4274 ba012b10ad91ff0b
4275 6cc487b30247da7c
4276 bbf46dbc0c9f863e
4277 ebce51352cc75403
4278 6c11fbbdc5022465
4279 1b16e01ad4988766
4280 61dcf78105e015f6
4281 153384da4734435f
4282 ec748ea5c8135675
4283 7a5151554f50d055
4284 fc206553f6c0c766
4285 a15ed3b31d260f81
4286 93be90cf2cd65473
4287 8bd90dadf914772b
4288 b08a85c0296d4636
4289 cac9d1444d2a613e
4290 c5f1204ba76f7ed3
4291 f0668f5a93917f78
4292 ebf75fa733b0f634
4293 c5a6413eea653db5
4294 b67b91252ad81a73
4295 ae52f0510ec386a6
4296 1f0305030f2c9d88
4297 e277a73b092bb5f1
4298 5b615d258253f8c9
4299 e147447910fcbdd6
4300 6234260cf51198b2
4301 4fcce911825cb446
4302 83b0c2a9475e7b33
4303 65a97c93842b4f58
4304 b8cd6f3400b2f86f
4305 195e83c3b5545420
4306 d4ec5b036437827a
4307 dc2880fe2ad900f5
4308 7420356cd4db4e74
4309 d6a0ecdbe96fc2ed
4310 49d37f71cd595b99
4311 8e8d3dbb41500101
4312 79ccddc878af54ea
4313 0e4a3f50358a9880
4314 a86e050168a9d9e1
4315 730621365a6cc536
4316 bfd9891f3c3edbc4
4317 c92e91f4ce3c061c
4318 6701ec473c2e1fa5
4319 90e72a5faa0dd245
4320 f1f403cba6cc89b0
4321 2022fa2d295cfac6
4322 d0c8613363b16628
4323 b1b16612ae4c054d
4324 2741409b4b585c28
4325 0220b15fdc9db00a
4326 6b8e93b3e8effec8
4327 603f62ed62e6e575
4328 bd5434696fc3b6e3
4329 67733403c2a95da2
4330 fdead7fd0aa8af5f
4331 1586be073e2e771b
4332 7800b504ff453c68
4333 2c0da13da468fcfe
4334 979a1da0d5255755
4335 de517e90af7de0cb
4336 9d81ef725d29bc0d
4337 52f2a8ec513f6327
4338 a85fd24d72c62982
4339 d8332dab42d61206
4340 9ccfde5d14294e3b
4341 906226af5b997be9
4342 790fa5e475ccba97
4343 ba50d1641ef085f7
4344 5186a3ad69e51aa0
4345 5eb7e7edb1bd67fc
4346 b659dca593a7f932
4347 01b015207aeaafd4
4348 e97f347b9bc60cb2
4349 6de386acd9a33f8c
4350 d1da3e8d038c66fd
4351 52e3e548a665b03e
4352 7656044c3809d92c
4353 3b3bf14d8c2dc773
4354 8e6622dae1abe0e9
4355 23bf9c407586e5b3
4356 b81a9d064c3132c4
4357 1c72e191ef8b41ea
4358 cf017760314b56f4
4359 ce3505572727f7ca
4360 f4be463ef881ffad
4361 d4034d980db1325c
4362 a219b8bfb1eaa9aa
4363 1c9d4fd3a1850e2b
4364 2a7a7813617f9156
4365 e8faf5d8723e3b94
4366 9cc4f53b7969bd24
4367 83eb9335210b250f
4368 9027d4ce6da7686f
4369 e59113cd32fc1c86
4370 fe40288e63adc938
4371 24d01e0bb0a81948
4372 e19e3e838857d285
4373 efb47d3869d73eee
4374 0d541f7e53e915d9
4375 3c9b85632ef65659
4376 54f8cd769a29622c
4377 a883a7e0bb8fa1f8
4378 442491405646c904
4379 eae92f92b1cc8ef1
4380 dd6e54ee6ada4a61
4381 e2256c3371cec022
4382 30d4c8ead52a74ff
4383 12f90dd85d69ae74
4384 4b0a360c7dbeb032
4385 d0099d42d256d8d7
4386 3cabc03dd576c8f9
4387 5a338db8469a80ba
4388 adb30d744bbbf6ed
4389 219248d737d23ce6
4390 337c052aaa57262a
4391 f1f845711512539f
4392 e9ad8633460f6cb7
4393 c66e851fc61afb23
4394 16bbe57c4ad7a979
4395 fc889433acd3db11
4396 86a4ea23f933f1ac
4397 7c78d65d90b5f4a6
4398 21f4cc51e7e4553a
4399 61b9f85eecc045fa
4400 341d82892a34678d
4401 bd45521571fdb070
4402 b4a8247a913c1cac
4403 4899d2fd8ee542ae
4404 0db27a16f1d54c68
4405 98af3f22e1064070
4406 a19095d44b41fdb1
4407 b135f2e8496833ff
4408 2f1808c6a8f82e57
4409 1602af7da22dcc2d
4410 e1e7adb5441f5b43
4411 bb58c4af3b577d75
4412 743cfd6628a1c63d
4413 3dc084ddf32e7145
4414 40cd5b34f76c8bda
4415 b0d431ed566de663
4416 3f65460c3938060a
4417 042d54d7ecb61a01
4418 cf4146b8f7c69e94
4419 10fdd59507203483
4420 f15b6e42417a4f4a
END 4420
