build fingerprint -> expectation set 'pyron-m9'
per-set mask: 043c-043d,4182-41a2,41c2-41e2,4222-4262,7f00-8000
01_attract_long          authored .masked expectation — not self-frozen
02_demitri_vs_cpu        authored .masked expectation — not self-frozen
03_two_player_vs         authored .masked expectation — not self-frozen
04_select_fuzz           authored .masked expectation — not self-frozen
05_timeout_idle          authored .masked expectation — not self-frozen
06_test_mode             authored .masked expectation — not self-frozen
07_mash_storm            authored .masked expectation — not self-frozen
08_challenger_join       authored .masked expectation — not self-frozen
09_mirror_pick           authored .masked expectation — not self-frozen
10_midattract_start      authored .masked expectation — not self-frozen
11_pick_donovan          SKIP (picks the DONOVAN cell (id 0x13), which this Pyron-only build does not back
(it backs only Pyron at 0x11). The pick therefore lands on an unbacked cell
and the select divergence is not a clean vanilla-legacy window — the same
reason this replay is skipped on huitzil-m2, which backs only 0x10.
The tenant pick is covered by 40_pick_pyron_cell.)
12_donovan_vs_cpu        authored .masked expectation — not self-frozen
16_xemu_2p               authored .masked expectation — not self-frozen
17_don_oracle_vsav2      SKIP (targets the vsav2 romset; covered by tests/test_m2a_stage4_oracle.sh)
17_don_oracle_vsavj      authored .masked expectation — not self-frozen
18_veteran_ctl_vsav2     SKIP (targets the vsav2 romset; covered by tests/test_m2a_stage4_oracle.sh)
18_veteran_ctl_vsavj     authored .masked expectation — not self-frozen
19_don_dp_spam           authored .masked expectation — not self-frozen
20_don_round2            authored .masked expectation — not self-frozen
21_don_mash              authored .masked expectation — not self-frozen
22_don_dualmash          authored .masked expectation — not self-frozen
23_don_matchwin          authored .masked expectation — not self-frozen
24_don_winmash           authored .masked expectation — not self-frozen
25_don_darkforce         authored .masked expectation — not self-frozen
26_don_arcade_mash       authored .masked expectation — not self-frozen
27_don_throw_vsav2       SKIP (targets the vsav2 romset; throw oracle pair, see tests/replays/27_*)
27_don_throw_vsavj       SKIP (added post-freeze (session 14n throw fix); validated by the throw oracle measurement + the m2b gate line)
28_don_quotewin          authored .masked expectation — not self-frozen
29_felicia_walljump      authored .masked expectation — not self-frozen
30_demitri_throw         authored .masked expectation — not self-frozen
31_don_6hp_vsav2         SKIP (targets the vsav2 romset; native ground-truth half of an oracle pair (see the matching _vsavj replay / its gate))
31_don_6hp_vsavj         authored .masked expectation — not self-frozen
32_victor_shock_vsav2    SKIP (targets the vsav2 romset; native ground-truth half of an oracle pair (see the matching _vsavj replay / its gate))
32_victor_shock_vsavj    authored .masked expectation — not self-frozen
33_victor_6hp_vsav2      SKIP (targets the vsav2 romset; native ground-truth half of an oracle pair (see the matching _vsavj replay / its gate))
33_victor_6hp_vsavj      authored .masked expectation — not self-frozen
34_victor_5hp_vsav2      SKIP (targets the vsav2 romset; native ground-truth half of an oracle pair (see the matching _vsavj replay / its gate))
34_victor_5hp_vsavj      authored .masked expectation — not self-frozen
35_victor_kd_vsav2       SKIP (targets the vsav2 romset; native ground-truth half of an oracle pair (see the matching _vsavj replay / its gate))
35_victor_kd_vsavj       authored .masked expectation — not self-frozen
36_pick_tenant_cell      frozen e86856eceef9e22ac1dfc5c772079147081646eb
36_victor_kd2_vsav2      SKIP (targets the vsav2 romset; native ground-truth half of an oracle pair (see the matching _vsavj replay / its gate))
36_victor_kd2_vsavj      authored .masked expectation — not self-frozen
37_p2_pick_tenant        frozen 202979ece3784e76949203c8cc3aaa04ed7ee93c
37_pick_huitzil_cell     frozen a39cea3f04e1f20da1801ad751c48884a513561e
37_victor_ko_vsav2       SKIP (targets the vsav2 romset; native ground-truth half of an oracle pair (see the matching _vsavj replay / its gate))
37_victor_ko_vsavj       authored .masked expectation — not self-frozen
38_victor_p1_vsavj       authored .masked expectation — not self-frozen
39_victor_cross_vsavj    authored .masked expectation — not self-frozen
40_pick_pyron_cell       frozen e5b325a67953e4afdf33bea4fd143db9854efe95
40_victor_5hp_defaultchar_vsavj authored .masked expectation — not self-frozen
41_don_altcolor_vsav2    SKIP (targets the vsav2 romset; native ground-truth half of an oracle pair (see the matching _vsavj replay / its gate))
41_don_altcolor_vsavj    authored .masked expectation — not self-frozen
42_don_mirror_vsavj      authored .masked expectation — not self-frozen
43_don_mirror_vsav2      SKIP (targets the vsav2 romset; native ground-truth half of an oracle pair (see the matching _vsavj replay / its gate))
44_don_select_hover      frozen b3f83cca3c48233c68d6f0a527407695e73abbee
48_don_immortal_ko       authored .masked expectation — not self-frozen
50_don_column_ko         authored .masked expectation — not self-frozen
51_vs2_immortal_native   SKIP (targets the vsav2 romset; native no-mash Lightning Sword ground truth (datums frozen in the replay header + test_don_reactions))
52_vs2_immortal_mash     SKIP (targets the vsav2 romset; native mash ground truth of the 52/53 pair (test_don_reactions datums))
53_don_immortal_mash     authored .masked expectation — not self-frozen
54_don_matchend_ko       authored .masked expectation — not self-frozen
56_don_es_ls             authored .masked expectation — not self-frozen
57_vs2_plant_native      SKIP (targets the vsav2 romset; native Killshread Plant ground truth (14z-39 reference data))
58_don_select_confirm    frozen 168a37ba806103d8b8cba14c72a523d302eef3b9
59_don_blizzard_hcf      authored .masked expectation — not self-frozen
60_don_grapple_hcb       authored .masked expectation — not self-frozen
61_tenant_2pwin          frozen 3abfb29c6fb80b8ba4eff6c71666d014cf439ce2
62_tenant_2plose         frozen b7865c3322a5d0b13f270ac021abdb9842dab7bf
63_idle_select           authored .masked expectation — not self-frozen
64_select_mashright      frozen 0b5acdcb197939e3958a6d1f17be093d05160079
65_don_mirror_throw      authored .masked expectation — not self-frozen
92_p2_ring_walk          frozen 478fae44b715626bcbcd84458454ae148dbbe7d7
SUITE GREEN
