build fingerprint -> expectation set 'donovan-m7'
per-set mask: 043c-043d,4182-41a2,41c2-41e2,4222-4262,7f00-8000
01_attract_long          authored .masked expectation — not self-frozen
02_demitri_vs_cpu        authored .masked expectation — not self-frozen
03_two_player_vs         authored .masked expectation — not self-frozen
04_select_fuzz           authored .masked expectation — not self-frozen
05_timeout_idle          authored .masked expectation — not self-frozen
06_test_mode             authored .masked expectation — not self-frozen
07_mash_storm            authored .masked expectation — not self-frozen
08_challenger_join       authored .masked expectation — not self-frozen
09_mirror_pick           authored .masked expectation — not self-frozen
10_midattract_start      authored .masked expectation — not self-frozen
11_pick_donovan          authored .masked expectation — not self-frozen
12_donovan_vs_cpu        authored .masked expectation — not self-frozen
16_xemu_2p               authored .masked expectation — not self-frozen
17_don_oracle_vsav2      SKIP (targets the vsav2 romset; covered by tests/test_m2a_stage4_oracle.sh)
17_don_oracle_vsavj      authored .masked expectation — not self-frozen
18_veteran_ctl_vsav2     SKIP (targets the vsav2 romset; covered by tests/test_m2a_stage4_oracle.sh)
18_veteran_ctl_vsavj     authored .masked expectation — not self-frozen
19_don_dp_spam           authored .masked expectation — not self-frozen
20_don_round2            authored .masked expectation — not self-frozen
21_don_mash              authored .masked expectation — not self-frozen
22_don_dualmash          authored .masked expectation — not self-frozen
23_don_matchwin          authored .masked expectation — not self-frozen
24_don_winmash           authored .masked expectation — not self-frozen
25_don_darkforce         authored .masked expectation — not self-frozen
26_don_arcade_mash       authored .masked expectation — not self-frozen
27_don_throw_vsav2       SKIP (targets the vsav2 romset; throw oracle pair, see tests/replays/27_*)
27_don_throw_vsavj       SKIP (added post-freeze (session 14n throw fix); validated by the throw oracle measurement + the m2b gate line)
28_don_quotewin          authored .masked expectation — not self-frozen
29_felicia_walljump      authored .masked expectation — not self-frozen
30_demitri_throw         authored .masked expectation — not self-frozen
31_don_6hp_vsav2         SKIP (targets the vsav2 romset; native ground-truth half of an oracle pair (see the matching _vsavj replay / its gate))
31_don_6hp_vsavj         authored .masked expectation — not self-frozen
32_victor_shock_vsav2    SKIP (targets the vsav2 romset; native ground-truth half of an oracle pair (see the matching _vsavj replay / its gate))
32_victor_shock_vsavj    authored .masked expectation — not self-frozen
33_victor_6hp_vsav2      SKIP (targets the vsav2 romset; native ground-truth half of an oracle pair (see the matching _vsavj replay / its gate))
33_victor_6hp_vsavj      authored .masked expectation — not self-frozen
34_victor_5hp_vsav2      SKIP (targets the vsav2 romset; native ground-truth half of an oracle pair (see the matching _vsavj replay / its gate))
34_victor_5hp_vsavj      authored .masked expectation — not self-frozen
35_victor_kd_vsav2       SKIP (targets the vsav2 romset; native ground-truth half of an oracle pair (see the matching _vsavj replay / its gate))
35_victor_kd_vsavj       authored .masked expectation — not self-frozen
36_pick_tenant_cell      frozen 85fea6a7830ccd81a98a86b0f2e6dbb869cc9c52
36_victor_kd2_vsav2      SKIP (targets the vsav2 romset; native ground-truth half of an oracle pair (see the matching _vsavj replay / its gate))
36_victor_kd2_vsavj      authored .masked expectation — not self-frozen
37_p2_pick_tenant        frozen c2a7f47647cae6190d78957424285d290ffd1f89
37_pick_huitzil_cell     SKIP (picks the HUITZIL cell (id 0x10), which this build does not back (donovan-m3a
backs only Donovan at 0x13). The exact twin of huitzil-m2's 11_pick_donovan
skip. The tenant pick on this build is covered by 11_pick_donovan; the replay
itself is NOT dead — huitzil-m2 and pyron-m2 both carry a real .sha1 for it.

Added 14z-78 (maintainer sign-off). The replay landed in 14z-67, after this
set was frozen in 14z-64, so the set had no entry for it and the suite went
red on an unaccounted replay — with zero divergences, so never a regression.
A replay added after a freeze may invalidate that freeze; the truthful
classification here is "not applicable to this build", not a frozen checksum.)
37_victor_ko_vsav2       SKIP (targets the vsav2 romset; native ground-truth half of an oracle pair (see the matching _vsavj replay / its gate))
37_victor_ko_vsavj       authored .masked expectation — not self-frozen
38_victor_p1_vsavj       authored .masked expectation — not self-frozen
39_victor_cross_vsavj    authored .masked expectation — not self-frozen
40_pick_pyron_cell       SKIP (picks the PYRON cell (id 0x11), which this build does not back (donovan-m3a
backs only Donovan at 0x13). The exact twin of huitzil-m2's 11_pick_donovan
skip. The tenant pick on this build is covered by 11_pick_donovan; the replay
itself is NOT dead — pyron-m2 carries a real .sha1 for it, where the cell IS
backed.

Added 14z-78 (maintainer sign-off). The replay landed in 14z-75, three days
after this set was frozen in 14z-64, so the set had no entry for it and the
suite went red on an unaccounted replay — with zero divergences, so never a
regression. A replay added after a freeze may invalidate that freeze; the
truthful classification here is "not applicable to this build", not a frozen
checksum.)
40_victor_5hp_defaultchar_vsavj authored .masked expectation — not self-frozen
41_don_altcolor_vsav2    SKIP (targets the vsav2 romset; native ground-truth half of an oracle pair (see the matching _vsavj replay / its gate))
41_don_altcolor_vsavj    authored .masked expectation — not self-frozen
42_don_mirror_vsavj      authored .masked expectation — not self-frozen
43_don_mirror_vsav2      SKIP (targets the vsav2 romset; native ground-truth half of an oracle pair (see the matching _vsavj replay / its gate))
44_don_select_hover      frozen 8bff7e57de63ec487b089fd448d2898e01a4eabd
48_don_immortal_ko       authored .masked expectation — not self-frozen
50_don_column_ko         authored .masked expectation — not self-frozen
51_vs2_immortal_native   SKIP (targets the vsav2 romset; native no-mash Lightning Sword ground truth (datums frozen in the replay header + test_don_reactions))
52_vs2_immortal_mash     SKIP (targets the vsav2 romset; native mash ground truth of the 52/53 pair (test_don_reactions datums))
53_don_immortal_mash     authored .masked expectation — not self-frozen
54_don_matchend_ko       authored .masked expectation — not self-frozen
56_don_es_ls             authored .masked expectation — not self-frozen
57_vs2_plant_native      SKIP (targets the vsav2 romset; native Killshread Plant ground truth (14z-39 reference data))
58_don_select_confirm    frozen df15d90c5662503a0d838236897bbed750443ffe
59_don_blizzard_hcf      authored .masked expectation — not self-frozen
60_don_grapple_hcb       authored .masked expectation — not self-frozen
61_tenant_2pwin          frozen a26f020e0b83e1cde2bec4aa9155eaab7b8c6b60
62_tenant_2plose         frozen cf027dd5b609a76c4e6c240f6d360bfe4b95364e
63_idle_select           authored .masked expectation — not self-frozen
64_select_mashright      frozen deb6d60f1c83e0bcd6376980109bb111e2c5d23e
65_don_mirror_throw      authored .masked expectation — not self-frozen
92_p2_ring_walk          frozen ca5843ba5aa08a36edcb1fab6a6c126afba69e9f
SUITE GREEN
