== 0: verdict controls (static; the checker before any verdict) ==
  ok c1: identical legs -> LEGACY
  ok c2: a different fighter base -> TENANT
  ok c3: a two-frame load phase is tolerated -> LEGACY
  ok c4: an EMPTY leg -> DEAD, never agreement
  ok c4b: a TRUNCATED leg (no FIELDSUMMARY) -> DEAD
  ok c5: no fighter on either leg -> NO-MATCH
  ok c6: voice-class reassignment does not flip the verdict
  build/don_m7 -> tests/expected/donovan-m7
  build/hui41 -> tests/expected/huitzil-m15
  build/pyron26 -> tests/expected/pyron-m9
== 1: sweep — id trajectories, vanilla vs each build (JOBS=8) ==
== 2: classify + assert coverage ==
-- build/don_m7 -> tests/expected/donovan-m7 --
  ok liveness: 16_xemu_2p reads LEGACY with a real fighter pair
      liveness: LEGACY — same characters as vanilla: (93B6A,9769E)
  ok control: the same replay with the tenant id poked -> TENANT
  45 LEGACY / 4 TENANT / 6 NO-MATCH   -> build/legacy_pairings/pairings_donovan-m7.tsv
  no-match (hand-judged): 06_test_mode [masked]
  no-match (hand-judged): 10_midattract_start [masked]
  no-match (hand-judged): 44_don_select_hover [sha1]
  no-match (hand-judged): 58_don_select_confirm [sha1]
  no-match (hand-judged): 64_select_mashright [sha1]
  no-match (hand-judged): 92_p2_ring_walk [sha1]
-- build/hui41 -> tests/expected/huitzil-m15 --
  ok liveness: 16_xemu_2p reads LEGACY with a real fighter pair
      liveness: LEGACY — same characters as vanilla: (93B6A,9769E)
  ok control: the same replay with the tenant id poked -> TENANT
  exempt 61_tenant_2pwin (self-frozen by hand-judged reason):
        LEGACY by loaded ids, but self-frozen is correct: this rig navigates to select cell 0x13, which does not exist on vanilla's 16-cell wheel. This build does not back 0x13 either, so the cursor walk and the resulting pick differ from vanilla's by construction (the extended wheel is a deliberate roster difference) and the fighters coinciding is incidental - there is no vanilla oracle for the run. Measured 14z-89: divergence 889-9620, i.e. from the select screen to the end, never re-converging. On donovan-m5 (which DOES back 0x13) the same rig measures TENANT.
  exempt 62_tenant_2plose (self-frozen by hand-judged reason):
        LEGACY by loaded ids, but self-frozen is correct: this rig navigates to select cell 0x13, which does not exist on vanilla's 16-cell wheel. This build does not back 0x13 either, so the cursor walk and the resulting pick differ from vanilla's by construction (the extended wheel is a deliberate roster difference) and the fighters coinciding is incidental - there is no vanilla oracle for the run. Measured 14z-89: divergence 889-9620, i.e. from the select screen to the end, never re-converging. On donovan-m5 (which DOES back 0x13) the same rig measures TENANT.
  46 LEGACY / 3 TENANT / 6 NO-MATCH   -> build/legacy_pairings/pairings_huitzil-m15.tsv
  no-match (hand-judged): 06_test_mode [masked]
  no-match (hand-judged): 10_midattract_start [masked]
  no-match (hand-judged): 44_don_select_hover [sha1]
  no-match (hand-judged): 58_don_select_confirm [sha1]
  no-match (hand-judged): 64_select_mashright [sha1]
  no-match (hand-judged): 92_p2_ring_walk [sha1]
-- build/pyron26 -> tests/expected/pyron-m9 --
  ok liveness: 16_xemu_2p reads LEGACY with a real fighter pair
      liveness: LEGACY — same characters as vanilla: (93B6A,9769E)
  ok control: the same replay with the tenant id poked -> TENANT
  exempt 61_tenant_2pwin (self-frozen by hand-judged reason):
        LEGACY by loaded ids, but self-frozen is correct: this rig navigates to select cell 0x13, which does not exist on vanilla's 16-cell wheel. This build does not back 0x13 either, so the cursor walk and the resulting pick differ from vanilla's by construction (the extended wheel is a deliberate roster difference) and the fighters coinciding is incidental - there is no vanilla oracle for the run. Measured 14z-89: divergence 889-9620, i.e. from the select screen to the end, never re-converging. On donovan-m5 (which DOES back 0x13) the same rig measures TENANT.
  exempt 62_tenant_2plose (self-frozen by hand-judged reason):
        LEGACY by loaded ids, but self-frozen is correct: this rig navigates to select cell 0x13, which does not exist on vanilla's 16-cell wheel. This build does not back 0x13 either, so the cursor walk and the resulting pick differ from vanilla's by construction (the extended wheel is a deliberate roster difference) and the fighters coinciding is incidental - there is no vanilla oracle for the run. Measured 14z-89: divergence 889-9620, i.e. from the select screen to the end, never re-converging. On donovan-m5 (which DOES back 0x13) the same rig measures TENANT.
  46 LEGACY / 4 TENANT / 6 NO-MATCH   -> build/legacy_pairings/pairings_pyron-m9.tsv
  no-match (hand-judged): 06_test_mode [masked]
  no-match (hand-judged): 10_midattract_start [masked]
  no-match (hand-judged): 44_don_select_hover [sha1]
  no-match (hand-judged): 58_don_select_confirm [sha1]
  no-match (hand-judged): 64_select_mashright [sha1]
  no-match (hand-judged): 92_p2_ring_walk [sha1]
LEGACY-PAIRING COVERAGE: PASS
