build fingerprint -> expectation set 'donovan-m7'
per-set mask: 043c-043d,4182-41a2,41c2-41e2,4222-4262,7f00-8000
01_attract_long          PASS masked-exact
02_demitri_vs_cpu        PASS masked-window (divergent frames 787, runs 1, window 889..1675, 3845 identical after)
03_two_player_vs         PASS masked-composite (divergent frames 984 in 2 run(s): flicker 2093, windows 889-1871, 3227 identical after)
04_select_fuzz           PASS masked-composite (divergent frames 217 in 2 run(s): flicker 2009, windows 889-1104, 1511 identical after)
05_timeout_idle          PASS masked-window (divergent frames 787, runs 1, window 889..1675, 10445 identical after)
06_test_mode             PASS masked-exact
07_mash_storm            PASS masked-window (divergent frames 787, runs 1, window 889..1675, 2645 identical after)
08_challenger_join       PASS masked-composite (divergent frames 1592 in 3 run(s): flicker 3507, windows 889-1675;3807-4610, 2310 identical after)
09_mirror_pick           PASS masked-window (divergent frames 1063, runs 1, window 889..1951, 2769 identical after)
10_midattract_start      PASS masked-window (divergent frames 2577, runs 1, window 3189..5765, 355 identical after)
11_pick_donovan          PASS masked-window (divergent frames 1527, runs 1, window 889..2415, 1305 identical after)
12_donovan_vs_cpu        PASS masked-window (divergent frames 1527, runs 1, window 889..2415, 6905 identical after)
16_xemu_2p               PASS masked-window (divergent frames 1203, runs 1, window 889..2091, 2229 identical after)
17_don_oracle_vsav2      SKIP (targets the vsav2 romset; covered by tests/test_m2a_stage4_oracle.sh)
17_don_oracle_vsavj      PASS masked-window (divergent frames 1203, runs 1, window 889..2091, 2329 identical after)
18_veteran_ctl_vsav2     SKIP (targets the vsav2 romset; covered by tests/test_m2a_stage4_oracle.sh)
18_veteran_ctl_vsavj     PASS masked-window (divergent frames 1203, runs 1, window 889..2091, 2329 identical after)
19_don_dp_spam           PASS masked-window (divergent frames 1203, runs 1, window 889..2091, 3839 identical after)
20_don_round2            PASS masked-window (divergent frames 1203, runs 1, window 889..2091, 10029 identical after)
21_don_mash              PASS masked-composite (divergent frames 1204 in 2 run(s): flicker 11777, windows 889-2091, 2343 identical after)
22_don_dualmash          PASS masked-composite (divergent frames 1205 in 3 run(s): flicker 11862,11918, windows 889-2091, 2002 identical after)
23_don_matchwin          PASS masked-composite (divergent frames 1205 in 3 run(s): flicker 12313,12733, windows 889-2091, 5387 identical after)
24_don_winmash           PASS masked-composite (divergent frames 1205 in 3 run(s): flicker 12313,12733, windows 889-2091, 5787 identical after)
25_don_darkforce         PASS masked-window (divergent frames 1203, runs 1, window 889..2091, 7029 identical after)
26_don_arcade_mash       PASS masked-composite (divergent frames 1529 in 3 run(s): flicker 8744,36857, windows 889-2415, 3763 identical after)
27_don_throw_vsav2       SKIP (targets the vsav2 romset; throw oracle pair, see tests/replays/27_*)
27_don_throw_vsavj       SKIP (added post-freeze (session 14n throw fix); validated by the throw oracle measurement + the m2b gate line)
28_don_quotewin          PASS masked-composite (divergent frames 1205 in 3 run(s): flicker 12407,12827, windows 889-2091, 1793 identical after)
29_felicia_walljump      PASS masked-composite (divergent frames 1128 in 2 run(s): flicker 2436, windows 889-2015, 1884 identical after)
30_demitri_throw         PASS masked-window (divergent frames 1127, runs 1, window 889..2015, 2705 identical after)
31_don_6hp_vsav2         SKIP (targets the vsav2 romset; native ground-truth half of an oracle pair (see the matching _vsavj replay / its gate))
31_don_6hp_vsavj         PASS masked-window (divergent frames 1203, runs 1, window 889..2091, 2129 identical after)
32_victor_shock_vsav2    SKIP (targets the vsav2 romset; native ground-truth half of an oracle pair (see the matching _vsavj replay / its gate))
32_victor_shock_vsavj    PASS masked-window (divergent frames 1203, runs 1, window 889..2091, 1729 identical after)
33_victor_6hp_vsav2      SKIP (targets the vsav2 romset; native ground-truth half of an oracle pair (see the matching _vsavj replay / its gate))
33_victor_6hp_vsavj      PASS masked-window (divergent frames 1203, runs 1, window 889..2091, 1129 identical after)
34_victor_5hp_vsav2      SKIP (targets the vsav2 romset; native ground-truth half of an oracle pair (see the matching _vsavj replay / its gate))
34_victor_5hp_vsavj      PASS masked-window (divergent frames 1203, runs 1, window 889..2091, 1229 identical after)
35_victor_kd_vsav2       SKIP (targets the vsav2 romset; native ground-truth half of an oracle pair (see the matching _vsavj replay / its gate))
35_victor_kd_vsavj       PASS masked-window (divergent frames 1203, runs 1, window 889..2091, 1179 identical after)
36_pick_tenant_cell      FAIL expected 5da1a2b034bdbadb1ba714f171d8f7ae87e3e368 got 85fea6a7830ccd81a98a86b0f2e6dbb869cc9c52
36_victor_kd2_vsav2      SKIP (targets the vsav2 romset; native ground-truth half of an oracle pair (see the matching _vsavj replay / its gate))
36_victor_kd2_vsavj      PASS masked-window (divergent frames 1203, runs 1, window 889..2091, 1179 identical after)
37_p2_pick_tenant        FAIL expected 7ca69777aafe28a66c76c1f1582291af277cf93e got c2a7f47647cae6190d78957424285d290ffd1f89
37_pick_huitzil_cell     SKIP (picks the HUITZIL cell (id 0x10), which this build does not back (donovan-m3a
backs only Donovan at 0x13). The exact twin of huitzil-m2's 11_pick_donovan
skip. The tenant pick on this build is covered by 11_pick_donovan; the replay
itself is NOT dead — huitzil-m2 and pyron-m2 both carry a real .sha1 for it.

Added 14z-78 (maintainer sign-off). The replay landed in 14z-67, after this
set was frozen in 14z-64, so the set had no entry for it and the suite went
red on an unaccounted replay — with zero divergences, so never a regression.
A replay added after a freeze may invalidate that freeze; the truthful
classification here is "not applicable to this build", not a frozen checksum.)
37_victor_ko_vsav2       SKIP (targets the vsav2 romset; native ground-truth half of an oracle pair (see the matching _vsavj replay / its gate))
37_victor_ko_vsavj       PASS masked-composite (divergent frames 1205 in 3 run(s): flicker 6962,7168, windows 889-2091, 2512 identical after)
38_victor_p1_vsavj       PASS masked-window (divergent frames 1203, runs 1, window 889..2091, 2909 identical after)
39_victor_cross_vsavj    PASS masked-window (divergent frames 1203, runs 1, window 889..2091, 2739 identical after)
40_pick_pyron_cell       SKIP (picks the PYRON cell (id 0x11), which this build does not back (donovan-m3a
backs only Donovan at 0x13). The exact twin of huitzil-m2's 11_pick_donovan
skip. The tenant pick on this build is covered by 11_pick_donovan; the replay
itself is NOT dead — pyron-m2 carries a real .sha1 for it, where the cell IS
backed.

Added 14z-78 (maintainer sign-off). The replay landed in 14z-75, three days
after this set was frozen in 14z-64, so the set had no entry for it and the
suite went red on an unaccounted replay — with zero divergences, so never a
regression. A replay added after a freeze may invalidate that freeze; the
truthful classification here is "not applicable to this build", not a frozen
checksum.)
40_victor_5hp_defaultchar_vsavj PASS masked-window (divergent frames 1203, runs 1, window 889..2091, 1229 identical after)
41_don_altcolor_vsav2    SKIP (targets the vsav2 romset; native ground-truth half of an oracle pair (see the matching _vsavj replay / its gate))
41_don_altcolor_vsavj    PASS masked-composite (divergent frames 1204 in 2 run(s): flicker 2313, windows 889-2091, 1907 identical after)
42_don_mirror_vsavj      PASS masked-window (divergent frames 1203, runs 1, window 889..2091, 2129 identical after)
43_don_mirror_vsav2      SKIP (targets the vsav2 romset; native ground-truth half of an oracle pair (see the matching _vsavj replay / its gate))
44_don_select_hover      FAIL expected 71465d9fcf8be23bcf475e7b4675e13cbbdfea04 got 8bff7e57de63ec487b089fd448d2898e01a4eabd
48_don_immortal_ko       PASS masked-window (divergent frames 1203, runs 1, window 889..2091, 1429 identical after)
50_don_column_ko         PASS masked-window (divergent frames 1203, runs 1, window 889..2091, 1429 identical after)
51_vs2_immortal_native   SKIP (targets the vsav2 romset; native no-mash Lightning Sword ground truth (datums frozen in the replay header + test_don_reactions))
52_vs2_immortal_mash     SKIP (targets the vsav2 romset; native mash ground truth of the 52/53 pair (test_don_reactions datums))
53_don_immortal_mash     PASS masked-window (divergent frames 1203, runs 1, window 889..2091, 1429 identical after)
54_don_matchend_ko       PASS masked-window (divergent frames 1203, runs 1, window 889..2091, 1829 identical after)
56_don_es_ls             PASS masked-window (divergent frames 1203, runs 1, window 889..2091, 1429 identical after)
57_vs2_plant_native      SKIP (targets the vsav2 romset; native Killshread Plant ground truth (14z-39 reference data))
58_don_select_confirm    FAIL expected 99ec51a5c3b0145d4c5b4784b60eaa681c864f72 got df15d90c5662503a0d838236897bbed750443ffe
59_don_blizzard_hcf      PASS masked-window (divergent frames 1203, runs 1, window 889..2091, 1129 identical after)
60_don_grapple_hcb       PASS masked-window (divergent frames 1203, runs 1, window 889..2091, 1229 identical after)
61_tenant_2pwin          FAIL expected a4fcfaeb1300f41aceada7d5d563daba8edd7922 got a26f020e0b83e1cde2bec4aa9155eaab7b8c6b60
62_tenant_2plose         FAIL expected ecf920376dd70a71bfe4cbbfa9afc3b8a580708a got cf027dd5b609a76c4e6c240f6d360bfe4b95364e
63_idle_select           PASS masked-composite (divergent frames 2578 in 2 run(s): flicker 3886, windows 889-3465, 434 identical after)
64_select_mashright      FAIL expected 880848eda64d5134a20e93778322ba2f6a24349f got deb6d60f1c83e0bcd6376980109bb111e2c5d23e
65_don_mirror_throw      PASS masked-window (divergent frames 1203, runs 1, window 889..2091, 2429 identical after)
92_p2_ring_walk          FAIL expected 09e78eef64d5a40d789eccc8672b750b928bff6c got ca5843ba5aa08a36edcb1fab6a6c126afba69e9f
SUITE RED
