Attempting load of mame.ini
Parsing /Users/koneko/Library/Application Support/mame/mame.ini
Attempting load of mame.ini
Parsing /Users/koneko/Library/Application Support/mame/mame.ini
Attempting load of horizont.ini
Attempting load of raster.ini
Attempting load of source/cps2.ini
Attempting load of vsav2.ini
Driver mmancp2u (file cps2.cpp): 1 errors, 0 warnings
Errors:
   Driver is a clone of nonexistent driver megaman

Driver mmancp2ur1 (file cps2.cpp): 1 errors, 0 warnings
Errors:
   Driver is a clone of nonexistent driver megaman

Driver mmancp2ur2 (file cps2.cpp): 1 errors, 0 warnings
Errors:
   Driver is a clone of nonexistent driver megaman

Driver rmancp2j (file cps2.cpp): 1 errors, 0 warnings
Errors:
   Driver is a clone of nonexistent driver megaman

Setting SDL_VIDEO_GL_DRIVER = '/System/Library/Frameworks/OpenGL.framework/Libraries/libGL.dylib' ...
Available videodrivers: cocoa offscreen dummy 
Current Videodriver: dummy
1 displays found
	Display #0
		Desktop Mode:         1024x768-24@0
		Current Display Mode: 1024x768-24@0
		Renderdrivers:
			     metal
			    opengl
			 opengles2
			    vulkan
			       gpu
			  software
Available audio drivers: 
	coreaudio           
	disk                
	dummy               
Build version:      0.288 (unknown)
Build architecure:  
Build defines 1:    SDLMAME_UNIX=1 SDLMAME_MACOSX=1 SDLMAME_DARWIN=1 
Build defines 1:    LSB_FIRST=1 
SDL/OpenGL defines: SDL_VERSION=3004012 USE_OPENGL=1 
Compiler defines A: __GNUC__=4 __GNUC_MINOR__=2 __GNUC_PATCHLEVEL__=1 __VERSION__="Apple LLVM 21.0.0 (clang-2100.1.1.101)" 
Compiler defines B: 
Compiler defines C: _FORTIFY_SOURCE=2 
Enter init_monitors
Adding monitor screen0 (1024 x 768)
Leave init_monitors
Warning: -video none doesn't make much sense without -seconds_to_run
Enter sdlwindow_init

Hints:
	SDL_FRAMEBUFFER_ACCELERATION             (NULL)
	SDL_RENDER_DRIVER                        (NULL)
	SDL_RENDER_VSYNC                         (NULL)
	SDL_VIDEO_X11_XRANDR                     (NULL)
	SDL_VIDEO_MINIMIZE_ON_FOCUS_LOSS         (NULL)
	SDL_ORIENTATIONS                         (NULL)
	SDL_XINPUT_ENABLED                       (NULL)
	SDL_GAMECONTROLLERCONFIG                 (NULL)
	SDL_JOYSTICK_ALLOW_BACKGROUND_EVENTS     (NULL)
	SDL_WINDOW_ALLOW_TOPMOST                 (NULL)
	SDL_TIMER_RESOLUTION                     (NULL)
	SDL_RENDER_DIRECT3D_THREADSAFE           (NULL)
	SDL_VIDEO_ALLOW_SCREENSAVER              (NULL)
	SDL_MAC_CTRL_CLICK_EMULATE_RIGHT_CLICK   (NULL)
	SDL_VIDEO_WIN_D3DCOMPILER                (NULL)
	SDL_VIDEO_MAC_FULLSCREEN_SPACES          (NULL)
	SDL_RENDER_DIRECT3D11_DEBUG              (NULL)
Leave sdlwindow_init
Enter sdl_window_info::create
osd_font_osx::open: name="default"
osd_font_osx::open: matching font: ArialUnicodeMS
unzip: opened archive file /Users/koneko/Developer/Vampire_Saved/ROMS/vsav2.zip
unzip: found /Users/koneko/Developer/Vampire_Saved/ROMS/vsav2.zip ECD at 980
unzip: /Users/koneko/Developer/Vampire_Saved/ROMS/vsav2.zip has no ZIP64 ECD locator
unzip: read /Users/koneko/Developer/Vampire_Saved/ROMS/vsav2.zip central directory
unzip: closing archive file /Users/koneko/Developer/Vampire_Saved/ROMS/vsav2.zip and sending to cache
unzip: found /Users/koneko/Developer/Vampire_Saved/ROMS/vsav2.zip in cache
unzip: opened archive file /Users/koneko/Developer/Vampire_Saved/ROMS/vsav2.zip
unzip: closing archive file /Users/koneko/Developer/Vampire_Saved/ROMS/vsav2.zip and sending to cache
unzip: found /Users/koneko/Developer/Vampire_Saved/ROMS/vsav2.zip in cache
unzip: opened archive file /Users/koneko/Developer/Vampire_Saved/ROMS/vsav2.zip
unzip: closing archive file /Users/koneko/Developer/Vampire_Saved/ROMS/vsav2.zip and sending to cache
unzip: found /Users/koneko/Developer/Vampire_Saved/ROMS/vsav2.zip in cache
unzip: opened archive file /Users/koneko/Developer/Vampire_Saved/ROMS/vsav2.zip
unzip: closing archive file /Users/koneko/Developer/Vampire_Saved/ROMS/vsav2.zip and sending to cache
unzip: found /Users/koneko/Developer/Vampire_Saved/ROMS/vsav2.zip in cache
unzip: opened archive file /Users/koneko/Developer/Vampire_Saved/ROMS/vsav2.zip
unzip: closing archive file /Users/koneko/Developer/Vampire_Saved/ROMS/vsav2.zip and sending to cache
unzip: found /Users/koneko/Developer/Vampire_Saved/ROMS/vsav2.zip in cache
unzip: opened archive file /Users/koneko/Developer/Vampire_Saved/ROMS/vsav2.zip
unzip: closing archive file /Users/koneko/Developer/Vampire_Saved/ROMS/vsav2.zip and sending to cache
unzip: found /Users/koneko/Developer/Vampire_Saved/ROMS/vsav2.zip in cache
unzip: opened archive file /Users/koneko/Developer/Vampire_Saved/ROMS/vsav2.zip
unzip: closing archive file /Users/koneko/Developer/Vampire_Saved/ROMS/vsav2.zip and sending to cache
unzip: found /Users/koneko/Developer/Vampire_Saved/ROMS/vsav2.zip in cache
unzip: opened archive file /Users/koneko/Developer/Vampire_Saved/ROMS/vsav2.zip
unzip: closing archive file /Users/koneko/Developer/Vampire_Saved/ROMS/vsav2.zip and sending to cache
unzip: found /Users/koneko/Developer/Vampire_Saved/ROMS/vsav2.zip in cache
unzip: opened archive file /Users/koneko/Developer/Vampire_Saved/ROMS/vsav2.zip
unzip: closing archive file /Users/koneko/Developer/Vampire_Saved/ROMS/vsav2.zip and sending to cache
unzip: found /Users/koneko/Developer/Vampire_Saved/ROMS/vsav2.zip in cache
unzip: opened archive file /Users/koneko/Developer/Vampire_Saved/ROMS/vsav2.zip
unzip: closing archive file /Users/koneko/Developer/Vampire_Saved/ROMS/vsav2.zip and sending to cache
unzip: found /Users/koneko/Developer/Vampire_Saved/ROMS/vsav2.zip in cache
unzip: opened archive file /Users/koneko/Developer/Vampire_Saved/ROMS/vsav2.zip
unzip: closing archive file /Users/koneko/Developer/Vampire_Saved/ROMS/vsav2.zip and sending to cache
unzip: found /Users/koneko/Developer/Vampire_Saved/ROMS/vsav2.zip in cache
unzip: opened archive file /Users/koneko/Developer/Vampire_Saved/ROMS/vsav2.zip
unzip: closing archive file /Users/koneko/Developer/Vampire_Saved/ROMS/vsav2.zip and sending to cache
unzip: found /Users/koneko/Developer/Vampire_Saved/ROMS/vsav2.zip in cache
unzip: opened archive file /Users/koneko/Developer/Vampire_Saved/ROMS/vsav2.zip
unzip: closing archive file /Users/koneko/Developer/Vampire_Saved/ROMS/vsav2.zip and sending to cache
unzip: found /Users/koneko/Developer/Vampire_Saved/ROMS/vsav2.zip in cache
unzip: opened archive file /Users/koneko/Developer/Vampire_Saved/ROMS/vsav2.zip
unzip: closing archive file /Users/koneko/Developer/Vampire_Saved/ROMS/vsav2.zip and sending to cache
unzip: found /Users/koneko/Developer/Vampire_Saved/ROMS/vsav2.zip in cache
unzip: opened archive file /Users/koneko/Developer/Vampire_Saved/ROMS/vsav2.zip
unzip: closing archive file /Users/koneko/Developer/Vampire_Saved/ROMS/vsav2.zip and sending to cache
unzip: found /Users/koneko/Developer/Vampire_Saved/ROMS/vsav2.zip in cache
unzip: opened archive file /Users/koneko/Developer/Vampire_Saved/ROMS/vsav2.zip
unzip: closing archive file /Users/koneko/Developer/Vampire_Saved/ROMS/vsav2.zip and sending to cache
unzip: found /Users/koneko/Developer/Vampire_Saved/ROMS/vsav2.zip in cache
unzip: opened archive file /Users/koneko/Developer/Vampire_Saved/ROMS/vsav2.zip
unzip: closing archive file /Users/koneko/Developer/Vampire_Saved/ROMS/vsav2.zip and sending to cache
unzip: found /Users/koneko/Developer/Vampire_Saved/ROMS/vsav2.zip in cache
unzip: opened archive file /Users/koneko/Developer/Vampire_Saved/ROMS/vsav2.zip
unzip: closing archive file /Users/koneko/Developer/Vampire_Saved/ROMS/vsav2.zip and sending to cache
unzip: found /Users/koneko/Developer/Vampire_Saved/ROMS/vsav2.zip in cache
unzip: opened archive file /Users/koneko/Developer/Vampire_Saved/ROMS/vsav2.zip
unzip: closing archive file /Users/koneko/Developer/Vampire_Saved/ROMS/vsav2.zip and sending to cache
unzip: found /Users/koneko/Developer/Vampire_Saved/ROMS/vsav2.zip in cache
unzip: opened archive file /Users/koneko/Developer/Vampire_Saved/ROMS/vsav2.zip
unzip: closing archive file /Users/koneko/Developer/Vampire_Saved/ROMS/vsav2.zip and sending to cache
unzip: found /Users/koneko/Developer/Vampire_Saved/ROMS/vsav2.zip in cache
unzip: opened archive file /Users/koneko/Developer/Vampire_Saved/ROMS/vsav2.zip
unzip: closing archive file /Users/koneko/Developer/Vampire_Saved/ROMS/vsav2.zip and sending to cache
unzip: opened archive file /Users/koneko/Developer/Vampire_Saved/ROMS/qsound_hle.zip
unzip: found /Users/koneko/Developer/Vampire_Saved/ROMS/qsound_hle.zip ECD at 980
unzip: /Users/koneko/Developer/Vampire_Saved/ROMS/qsound_hle.zip has no ZIP64 ECD locator
unzip: read /Users/koneko/Developer/Vampire_Saved/ROMS/qsound_hle.zip central directory
unzip: closing archive file /Users/koneko/Developer/Vampire_Saved/ROMS/qsound_hle.zip and sending to cache
Optional I/O port ':PADDLE2' not found
Optional I/O port ':PADDLE1' not found
Optional device ':comm' not found
Optional I/O port ':DIAL1' not found
Optional I/O port ':DIAL0' not found
Optional I/O port ':IN3' not found
Optional memory region ':stars' not found
Optional device ':soundlatch2' not found
Optional device ':soundlatch1' not found
Optional device ':m48t35' not found
Optional device ':oki' not found
Optional memory region ':audiorom_raw' not found
Optional shared pointer ':mainram' not found
Optional memory region ':eeprom' not found
Optional memory region ':screen' not found
Starting Vampire Savior 2: The Lord of Vampire (Japan 970913) ':'
  (missing dependencies; rescheduling)
Starting Motorola MC68000 ':maincpu'
Starting Timer ':scantimer'
Starting Zilog Z80 ':audiocpu'
Starting Serial EEPROM 93C46 (64x16) ':eeprom'
Starting Video Screen ':screen'
  (missing dependencies; rescheduling)
Starting gfxdecode ':gfxdecode'
Starting palette ':palette'
Starting Speaker ':speaker'
Starting QSound (HLE) ':qsound'
Starting Vampire Savior 2: The Lord of Vampire (Japan 970913) ':'
  (missing dependencies; rescheduling)
Starting Video Screen ':screen'
Starting Vampire Savior 2: The Lord of Vampire (Japan 970913) ':'
Configuration file default.cfg not found
Configuration file vsav2.cfg not found
Average speed: 2307.71% (53 seconds)
Enter sdlwindow_exit
Leave sdlwindow_exit
