stage 6: 240 ops, hole_a 0x0FC020/0x100000 (free 0x3FE0), hole_b 0x3FE020/0x400000 (free 0x1FE0), wide_ext 0x410580/0x600000 (free 0x1EFA80)
GENERATION OK
  vsw.43  sha1 13a184ec9e176371808938015111f8918cb4df7d
  vsw.44  sha1 13a184ec9e176371808938015111f8918cb4df7d
5 member(s) changed
select: tenant at variant id 16 — records generated (select_port skipped; the host's select records stay vanilla)
WIDE build: packing as vsavjw (merging build/wide0/rompath/vsavjw.zip)
  read vs2.13m sha1 528ce7fc9a0451e2e2d221dbf5e4a5796584e053
  read vs2.15m sha1 e873ad3e0fc8a06a5029113faf991f5c1b765316
  read vs2.17m sha1 da94f1529da82a6bf2129f51548412e1ab2b001a
  read vs2.19m sha1 0ff528e12e255ebf699101ac71f05b1f6bef7165
select: 0 bank-1 tiles placed
  wrote vm3.13m sha1 aee4fd1761caab000153629726dfb584bb79ba0d
  wrote vm3.15m sha1 85a9b203bddc4b0831c77a2b3393e0b7b7272ac1
  wrote vm3.17m sha1 275f8edfe757bbe0eaaccdfda6623fc6f74f21ca
  wrote vm3.19m sha1 1be1fa0b2f4c6d4a8ea03d8e24a13258152489ad
wrote remap_spec.json: {'delta': 0, 'band_lo': 2806, 'band_hi': 20220, 'dst_bank_word': 4096, 'src_bank_word': 24576, 'placed': [87, 20220]}
gfx: patched vsav.zip in rompath (ROMDIR untouched)
gfx: group C members injected into vsavjw.zip (host group B pristine)
  verified: group B members pristine in the packed vsav.zip
  ok: record parity (1374 records, 14911 entries)
  ok: no tile codes on protected positions (358 protected)
  ok: all 15034 tile codes within [0x0057,0x4EFC]
  ok: placed bank table row 0x10 = 0x1000
PASS: gfx build output verification
  rompath  build/scratch/hz17/rompath
  romdir   /Users/koneko/Developer/Vampire_Saved/ROMS
  members  40 in 2 zips
  patched  8: vm3.13m, vm3.15m, vm3.17m, vm3.19m, vm3j.03d, vm3j.04d, vm3j.07b, vm3j.10b
  note: byte-identical members (harmless — shadow nothing): vsavjw.zip:vsw.21m, vsavjw.zip:vsw.22m
  note: byte-identical members (harmless — shadow nothing): vsavjw.zip:vsw.42, vsavjw.zip:vsw.43, vsavjw.zip:vsw.44
PASS: no member shadows a patched member
build fingerprint: cf519de868300126b80424ab1bba1c70157ae3e2
OK: stage 6 build at build/scratch/hz17/rompath (fingerprint above; register in tests/expected/registry.tsv at freeze time)
