stage 6: 224 ops, hole_a 0x100000/0x100000 (free 0x0), hole_b 0x3FFEF0/0x400000 (free 0x110)
GENERATION OK
  vm3j.09b  sha1 09f77f7b466c147a5d894a4ec3b40bd068dfab26
  vm3j.10b  sha1 2318096b59620951099375c73ae46be7d8a21fda  CHANGED
3 member(s) changed
  wrote vm3j.06b sha1 3a7103456ba3937f63c28dd42020cac1955b5741
  wrote vm3j.07b sha1 2823418f03d67c6a752e24d5925058fa9c6017f3
  wrote vm3j.08a sha1 551afc5d921f9ef1fe928ca83d072b6a6105ab0e
  wrote vm3j.09b sha1 e0aa680c11e94cb7501e6a821c8e1611aafb7ed8
  wrote vm3j.10b sha1 d2f32f52bc933298e88b53ef04dd3942855f88ab
  read vs2.13m sha1 528ce7fc9a0451e2e2d221dbf5e4a5796584e053
  read vs2.15m sha1 e873ad3e0fc8a06a5029113faf991f5c1b765316
  read vs2.17m sha1 da94f1529da82a6bf2129f51548412e1ab2b001a
  read vs2.19m sha1 0ff528e12e255ebf699101ac71f05b1f6bef7165
select: 268 bank-1 tiles placed
  wrote vm3.13m sha1 52dd7aedf60aba0dde5bff41ed192c0ba653da8d
  wrote vm3.15m sha1 f09160d7724140ab14c83e25a9584876f5c08b38
  wrote vm3.17m sha1 ff77743111081f9386934fd15ce058746426233c
  wrote vm3.19m sha1 d5cfc4ae37acdc422a813f971ef44325d5a78d48
wrote remap_spec.json: {'delta': 10064, 'band_lo': 34367, 'band_hi': 49903, 'dst_bank_word': 16384, 'src_bank_word': 24576, 'placed': [44431, 59967]}
gfx: patched vsav.zip in rompath (ROMDIR untouched)
  ok: record parity (1160 records, 14764 entries)
  ok: no tile codes on protected positions (358 protected)
  ok: all 15612 tile codes within [0xAD8F,0xEE73]
  ok: placed bank table row 0x0f = 0x4000
PASS: gfx build output verification
build fingerprint: ae701ffb06d0cbf3462cad1a9faa47534a3c00e4
OK: stage 6 build at build/wt/h2/rompath (fingerprint above; register in tests/expected/registry.tsv at freeze time)
