12_donovan_vs_cpu        PASS  v3 EXACT | unmasked first-div line (SKIP_RAW) | (INFO=1 for window attribution)
17_don_oracle_vsavj      PASS  v3 EXACT | unmasked first-div line (SKIP_RAW) | (INFO=1 for window attribution)
18_veteran_ctl_vsavj     PASS  v3 EXACT | unmasked first-div line (SKIP_RAW) | (INFO=1 for window attribution)
19_don_dp_spam           PASS  v3 EXACT | unmasked first-div line (SKIP_RAW) | (INFO=1 for window attribution)
20_don_round2            PASS  v3 EXACT | unmasked first-div line (SKIP_RAW) | (INFO=1 for window attribution)
21_don_mash              PASS  v3 EXACT | unmasked first-div line (SKIP_RAW) | (INFO=1 for window attribution)
22_don_dualmash          PASS  v3 isolated frame(s) 11862,11918 [f11862: 60 staging bytes in slots ['0x1a', '0x1d']; OBJ-chain return addr @0xff06de 01ac20->01ac1c f11918: 66 staging bytes in slots ['0xc', '0x1a', '0x1d'] ] | unmasked first-div line (SKIP_RAW) | (INFO=1 for window attribution)
23_don_matchwin          PASS  v3 EXACT | unmasked first-div line (SKIP_RAW) | (INFO=1 for window attribution)
24_don_winmash           PASS  v3 EXACT | unmasked first-div line (SKIP_RAW) | (INFO=1 for window attribution)
25_don_darkforce         PASS  v3 EXACT | unmasked first-div line (SKIP_RAW) | (INFO=1 for window attribution)
26_don_arcade_mash       FAIL  v3 divergence at 8800 NOT attributed: f8800: byte(s) OUTSIDE the attributed classes: ['0xff80b5']
28_don_quotewin          FAIL  v3 divergence at 12407,12827 NOT attributed: f12827: byte(s) OUTSIDE the attributed classes: ['0xff06e1']
31_don_6hp_vsavj         PASS  v3 EXACT | unmasked first-div line (SKIP_RAW) | (INFO=1 for window attribution)
32_victor_shock_vsavj    PASS  v3 EXACT | unmasked first-div line (SKIP_RAW) | (INFO=1 for window attribution)
33_victor_6hp_vsavj      PASS  v3 EXACT | unmasked first-div line (SKIP_RAW) | (INFO=1 for window attribution)
34_victor_5hp_vsavj      PASS  v3 EXACT | unmasked first-div line (SKIP_RAW) | (INFO=1 for window attribution)
35_victor_kd_vsavj       PASS  v3 EXACT | unmasked first-div line (SKIP_RAW) | (INFO=1 for window attribution)
36_pick_tenant_cell      PASS  v3 EXACT | unmasked first-div line (SKIP_RAW) | (INFO=1 for window attribution)
36_victor_kd2_vsavj      PASS  v3 EXACT | unmasked first-div line (SKIP_RAW) | (INFO=1 for window attribution)
37_p2_pick_tenant        PASS  v3 EXACT | unmasked first-div line (SKIP_RAW) | (INFO=1 for window attribution)
37_pick_huitzil_cell     FAIL  v3 divergence at 2836 NOT attributed: f2836: byte(s) OUTSIDE the attributed classes: ['0xff80b5']
37_victor_ko_vsavj       PASS  v3 isolated frame(s) 7168 [f7168: 66 staging bytes in slots ['0xa', '0x1a', '0x1d'] ] | unmasked first-div line (SKIP_RAW) | (INFO=1 for window attribution)
38_victor_p1_vsavj       FAIL  v3 divergence 'FAIL 2313,2316,2317,2318,2319,2320,2321,2322' — sustained or too many frames: outside the ratified family (do not widen; root-cause)
39_victor_cross_vsavj    PASS  v3 EXACT | unmasked first-div line (SKIP_RAW) | (INFO=1 for window attribution)
40_pick_pyron_cell       PASS  v3 EXACT | unmasked first-div line (SKIP_RAW) | (INFO=1 for window attribution)
40_victor_5hp_defaultchar_vsavj PASS  v3 EXACT | unmasked first-div line (SKIP_RAW) | (INFO=1 for window attribution)
41_don_altcolor_vsavj    PASS  v3 EXACT | unmasked first-div line (SKIP_RAW) | (INFO=1 for window attribution)
42_don_mirror_vsavj      PASS  v3 EXACT | unmasked first-div line (SKIP_RAW) | (INFO=1 for window attribution)
48_don_immortal_ko       PASS  v3 EXACT | unmasked first-div line (SKIP_RAW) | (INFO=1 for window attribution)
50_don_column_ko         PASS  v3 EXACT | unmasked first-div line (SKIP_RAW) | (INFO=1 for window attribution)
53_don_immortal_mash     PASS  v3 EXACT | unmasked first-div line (SKIP_RAW) | (INFO=1 for window attribution)
54_don_matchend_ko       PASS  v3 EXACT | unmasked first-div line (SKIP_RAW) | (INFO=1 for window attribution)
56_don_es_ls             PASS  v3 EXACT | unmasked first-div line (SKIP_RAW) | (INFO=1 for window attribution)
59_don_blizzard_hcf      PASS  v3 EXACT | unmasked first-div line (SKIP_RAW) | (INFO=1 for window attribution)
60_don_grapple_hcb       PASS  v3 EXACT | unmasked first-div line (SKIP_RAW) | (INFO=1 for window attribution)
61_tenant_2pwin          PASS  v3 isolated frame(s) 5014,5271 [f5014: 60 staging bytes in slots ['0x1a', '0x1d']; OBJ-chain return addr @0xff06de 01ac20->01ac1c f5271: 74 staging bytes in slots ['0xa', '0x1a', '0x1d'] ] | unmasked first-div line (SKIP_RAW) | (INFO=1 for window attribution)
62_tenant_2plose         PASS  v3 EXACT | unmasked first-div line (SKIP_RAW) | (INFO=1 for window attribution)
63_idle_select           PASS  v3 EXACT | unmasked first-div line (SKIP_RAW) | (INFO=1 for window attribution)
65_don_mirror_throw      PASS  v3 EXACT | unmasked first-div line (SKIP_RAW) | (INFO=1 for window attribution)
FAIL: attribution incomplete — see rows above
