instrument control: re-deriving 16_xemu_2p under the given mask...
16_xemu_2p               frozen 7b753ef099f5899dd78d162800a060d78e696660 (4321 lines)
  ok: reproduces /Users/koneko/Developer/Vampire_Saved/VampireSaved/tests/expected/vsavj/masked-v2/logs/16_xemu_2p.log bit-for-bit — the mask matches this basis
12_donovan_vs_cpu        frozen 9607791ae68d141a331b4ca175022a6c6c55c937 (9321 lines)
17_don_oracle_vsavj      frozen ca15002940519a9cc4f27863cd1c2213b3f9cdaa (4421 lines)
18_veteran_ctl_vsavj     frozen 5b1d1101853ffd12c65a9e0d5ece93bf70f0999d (4421 lines)
19_don_dp_spam           frozen d7bddb45ca9e3c82c0db9e39daafa374d5a9523c (5931 lines)
20_don_round2            frozen 0edc3cf093823f9e20414d27283e6b738bd1ecb1 (12121 lines)
21_don_mash              frozen aaa460cfe74d86abc7ca8fdb39658a907c37d96b (14121 lines)
22_don_dualmash          frozen adcab02a5ca83a0ea787d384ef46d14f44dc5849 (13921 lines)
23_don_matchwin          frozen 58ba593c0ca68b96fea19239de46522dc05a536b (18121 lines)
24_don_winmash           frozen 3173253599b9d050da10dc3c6a1823bd218da70e (18521 lines)
25_don_darkforce         frozen e91166170fa89628c23c3d3a3966087a2a5c1584 (9121 lines)
26_don_arcade_mash       frozen a7b5a2c22a7465b394495b447d2760a104e8e0df (40621 lines)
28_don_quotewin          frozen 239eed15e4afe832a9230b4289071b97449e72dd (14621 lines)
31_don_6hp_vsavj         frozen 57a621d3d734643604c49ba5a6c2d749605c5f1a (4221 lines)
32_victor_shock_vsavj    frozen 34cdb283459091df404a65bd3afd4e4d692cb9c7 (3821 lines)
33_victor_6hp_vsavj      frozen 6117c01f25579fd044d38cb19e08b69749e01e63 (3221 lines)
34_victor_5hp_vsavj      frozen 407817521e7b15c50a23c6c61da58ef0bf1eb6e7 (3321 lines)
35_victor_kd_vsavj       frozen 19bc4deb132e354799f61532087a7927c56fb068 (3271 lines)
36_victor_kd2_vsavj      frozen 3743da5d06503ca683ac88294d29d67d180dc27d (3271 lines)
37_victor_ko_vsavj       frozen fa24b7029a81360f5fd3b8b9a5605e57d3ffb7d2 (9681 lines)
38_victor_p1_vsavj       frozen 6bcfa832a1491122cda565fcd6171e00d78b3246 (5001 lines)
39_victor_cross_vsavj    frozen 6d1b0f2b58cd041fec5ac19092009c26040e0ff5 (4831 lines)
40_victor_5hp_defaultchar_vsavj frozen 040ce43f55c11fe77bdf603a615bfbac69d9358d (3321 lines)
41_don_altcolor_vsavj    frozen 9f3570f6a3bdab6c15b767cd2435a2afbfa3665e (4221 lines)
42_don_mirror_vsavj      frozen 229d7215cc976f0f467fd34a57a5c7815c58b8cd (4221 lines)
48_don_immortal_ko       frozen 142954a669f95989a73c3fa92e93ebc6b8e9aa20 (3521 lines)
50_don_column_ko         frozen 0cc314577c17705fd05ae044018debbad163cabd (3521 lines)
53_don_immortal_mash     frozen d015e3ba4305d8951af372711614cfa5e57473a5 (3521 lines)
54_don_matchend_ko       frozen fad14361ae1c6d4f83e47ca3d3ab6a11564684af (3921 lines)
56_don_es_ls             frozen a7866174f78432fdf3dd930f7c87c30dc2877330 (3521 lines)
59_don_blizzard_hcf      frozen 160f4f3b2d26b24f5cede5549df8487e90170665 (3221 lines)
60_don_grapple_hcb       frozen adbde473962d24530700e5e3cd42a3100508f031 (3321 lines)
61_tenant_2pwin          frozen faab8b170da6453e6078c0b37724d251ac8f4e28 (9621 lines)
62_tenant_2plose         frozen 8951bb5f6b076f6329530ebda96db3c1d86ecfd9 (9621 lines)
63_idle_select           frozen 4efb0778a44ecc229d86ccbd61c5e176f60ab146 (4321 lines)
65_don_mirror_throw      frozen c73d28c832199444d07acbcef8a3b02b9be6089b (4521 lines)
BASIS FROZEN: /Users/koneko/Developer/Vampire_Saved/VampireSaved/tests/expected/vsavj/masked-v2
