== corpus: 46 legacy pairings from tests/expected/pyron-m9 (JOBS=6) ==
== 0: build the current pyron vertical (pyron.toml verbatim) ==
  ok: built; body at 0xff1e0
  removed from the twin: hitclass_map_extend
  ok: no-thunk twin built (same manifest, hitclass_map_extend stripped)
  ok: A/B is non-vacuous — fix fac4a77739ff9e29e23a8deb234dc0cb2c891dd8 != twin 3a546ab8aeed2c2efb0afb501b0dfc04a13c1750
  FAIL: CONTROL DEAD — the soak did NOT crash on the no-thunk twin,
        so an END-clean run on the fix build proves nothing about
        the thunk. Section 4 diagnoses WHY with the map probe;
        do not re-point the control at a new address until it has.
END 11017
  note: the soak runs END-clean through 11,017 frames on the fix
        build — but with the control DEAD that is not evidence
        about the thunk, only that this rig does not crash.
== 1: LEGACY COST — SKIPPED (HITCLASS_TENANT_ONLY=1) ==
== 2: FIRE CENSUS — SKIPPED (HITCLASS_TENANT_ONLY=1) ==

== 3: TENANT FIRE CENSUS — does a tenant reach the extension? ==
  ok: huitzil vertical built; body at 0xfd360 (pyron's at 0xff1e0)
  corpus: 37 tenant rigs (all of tests/replays/{hui,pyron})
  ok armed[h]: 26_don_arcade_mash fires the probe 228 times
  ok armed[p]: 26_don_arcade_mash fires the probe 228 times
  ok pick[h]: every leg loaded ONE character (hb=0f7770 )
  ok pick[p]: every leg loaded ONE character (hb=0fc6ac )
  -- spawn denominator: type >= 64 into the $FF9400 pool --
tests/audit_hitclass_map_cost.sh: line 675: 27125 Segmentation fault: 11  REPLAY="$PWD/tests/replays/$rpl.rpl" TAP="ff9400,3c00" FRAMES=$(( lf + 120 )) POKES="$pk" TRACE_OUT="$WORK/sp_$tag/tap.txt" MAME_ROMPATH="$(abspath "$bd")/rompath;$ROMDIR" MAME_SANDBOX="$WORK/sp_$tag/sb" tools/run_mame.sh vsavjw -autoboot_script tests/lua/type_write_census.lua > "$WORK/sp_$tag/mame.log" 2>&1
tests/audit_hitclass_map_cost.sh: line 675: 27138 Segmentation fault: 11  REPLAY="$PWD/tests/replays/$rpl.rpl" TAP="ff9400,3c00" FRAMES=$(( lf + 120 )) POKES="$pk" TRACE_OUT="$WORK/sp_$tag/tap.txt" MAME_ROMPATH="$(abspath "$bd")/rompath;$ROMDIR" MAME_SANDBOX="$WORK/sp_$tag/sb" tools/run_mame.sh vsavjw -autoboot_script tests/lua/type_write_census.lua > "$WORK/sp_$tag/mame.log" 2>&1
tests/audit_hitclass_map_cost.sh: line 675: 27169 Segmentation fault: 11  REPLAY="$PWD/tests/replays/$rpl.rpl" TAP="ff9400,3c00" FRAMES=$(( lf + 120 )) POKES="$pk" TRACE_OUT="$WORK/sp_$tag/tap.txt" MAME_ROMPATH="$(abspath "$bd")/rompath;$ROMDIR" MAME_SANDBOX="$WORK/sp_$tag/sb" tools/run_mame.sh vsavjw -autoboot_script tests/lua/type_write_census.lua > "$WORK/sp_$tag/mame.log" 2>&1
  hui/70_hui_mash: 3 spawns of type >= 64; types: 69,72
  hui/71_hui_ex_fg: 2 spawns of type >= 64; types: 70
  hui/72_hui_ex_es: 2 spawns of type >= 64; types: 71
  hui/76_hui_hcb: 3 spawns of type >= 64; types: 68
  hui/77_hui_fg_whiff: 1 spawns of type >= 64; types: 70
  hui/78_hui_fg_chaos: 1 spawns of type >= 64; types: 70
  hui/80_hui_grab_2p: 1 spawns of type >= 64; types: 68
  hui/83_hui_fx: 1 spawns of type >= 64; types: 68
  hui/83c_hui_grenade_2p: 2 spawns of type >= 64; types: 68
  hui/83d_hui_grenade_ground: 2 spawns of type >= 64; types: 68
  hui/85_hui_df_vs2: 2 spawns of type >= 64; types: 72
  hui/87_hui_plasma_trap: 2 spawns of type >= 64; types: 69
  hui/88_hui_plasma_trap_contact: 2 spawns of type >= 64; types: 69
  hui/89_hui_ex_fg_vs2: 5 spawns of type >= 64; types: 70
  hui/90_hui_oracle: 1 spawns of type >= 64; types: 71
  hui/92_hui_trap_shock: 1 spawns of type >= 64; types: 69
  pyron/70_pyron_mash: 13 spawns of type >= 64; types: 64,67
  pyron/72_pyron_cosmo_2p: 17 spawns of type >= 64; types: 66
  pyron/75_pyron_air_sweep: 4 spawns of type >= 64; types: 65
  pyron/77_pyron_cosmo_storm: 28 spawns of type >= 64; types: 66
  pyron/80_pyron_cosmo_pairsweep: 21 spawns of type >= 64; types: 66
  pyron/82_pyron_cosmo_twice: 7 spawns of type >= 64; types: 66
  spawn total: 121 objects of type >= 64 entered the projectile
               pool over 37 legs (0 dead taps)
  tenant total: 0 map entries over 37 legs
                0 at index >=0x40 (the vs2 EXTENSION)
                0 at index >=0x50 (the planted ILLEGAL)
                37 legs produced no map entry at all, 0 dead
  => NO RIG PRODUCES A POOL-VS-POOL CONTACT — BUT THE EXPOSURE IS
     LIVE. The corpus put 121 objects of type >= 64 into the
     projectile pool and entered the map ZERO times, so the gap is
     CONTACT, not absence: the dangerous object is present and
     nothing collided with it. The sweep is pool-vs-pool (both
     loop registers stride pool slots), so a tenant projectile
     hitting a FIGHTER never transits this map.
     THIS IS NOT A LICENCE TO DROP THE THUNK. It is a missing RIG:
     tests/replays/hui/88_hui_plasma_trap_contact.rpl's header
     names what is needed — an opposing PROJECTILE to clash with
     (P2 doing a pool-object move into the mine), not a walking
     fighter.

== 4: the dead crash control, diagnosed with the probe ==
  soak rig on the FIX build: OK total=0 ext=0 trap=0 D0: -
  => THE RIG NO LONGER REACHES THE MAP AT ALL. Section 0's control
     cannot work on this replay under any build; it needs a rig that
     produces a pool-vs-pool contact (see section 3).

RESULT: read the sections TOGETHER, not separately (14z-92).
        A DIVERGES line is NOT automatically the thunk's cycle
        cost: stripping the row also moves the ALLOCATOR, so the
        twin differs by the thunk AND by the placement shift its
        absence causes. Cross-check each divergent replay against
        its census count. Measured 14z-92: 26_don_arcade_mash
        diverges WITH 228 map entries (map-transit cycles), while
        21_don_mash and 22_don_dualmash diverge with ZERO entries
        (placement shift, not the map). Only the first is a cost
        the thunk itself imposes.
EXIT=1
