stage 6: 252 ops, hole_a 0x0FCA90/0x100000 (free 0x3570), hole_b 0x3FE020/0x400000 (free 0x1FE0), wide_ext 0x410580/0x600000 (free 0x1EFA80)
GENERATION OK
  vsw.43  sha1 13a184ec9e176371808938015111f8918cb4df7d
  vsw.44  sha1 13a184ec9e176371808938015111f8918cb4df7d
5 member(s) changed
select: tenant at variant id 16 — records generated (select_port skipped; the host's select records stay vanilla)
WIDE build: packing as vsavjw (merging build/wide0/rompath/vsavjw.zip)
  extra tiles: +115 (0x0A24 0x0A27 0x0A2C 0x0A2E 0x0A2F 0x0A30 0x0A32 0x0A33 0x0A37 0x0A3F 0x0A40 0x0A41 0x0A42 0x0A43 0x0A50 0x0A6C 0x0A6E 0x0A7E 0x0A8E 0x0A90 0x0A92 0x0A98 0x0A9A 0x0A9B 0x0AAA 0x0AB0 0x0AB1 0x0AC0 0x0AC1 0x0ACA 0x0ACD 0x0ACE 0x0ACF 0x0AD0 0x0AD1 0x0AD8 0x0AD9 0x0ADD 0x0ADE 0x0AE1 0x0AE8 0x0AEC 0x0AEE 0x0AEF 0x0AF0 0x0AF7 0x0AFC 0x0B06 0x0B0C 0x0B0E 0x0B16 0x0B2B 0x0B2E 0x0B2F 0x0B30 0x0B31 0x0B32 0x0B3B 0x0B3D 0x0B40 0x0B46 0x0B48 0x0B49 0x0B4B 0x0B4C 0x0B4D 0x0B4F 0x0B56 0x0B59 0x0B5D 0x0B68 0x0B6A 0x0B70 0x0B73 0x0B75 0x0B76 0x0B78 0x0B83 0x0B84 0x0B86 0x0B89 0x0B90 0x0B91 0x0B92 0x0B94 0x0B9D 0x0B9F 0x0BA1 0x0BA3 0x0BAA 0x0BAF 0x0BB0 0x0BB2 0x0BB4 0x0BBB 0x0BBD 0x0BBE 0x0BBF 0x0BC4 0x0BC6 0x0BC8 0x0BCA 0x0BCE 0x0BD2 0x0BD4 0x0BD5 0x0BD7 0x0BD9 0x0BDA 0x0BDD 0x0BE0 0x0BE1 0x0BE2 0x0F8B 0x0F8C), inventory 15034 -> 15149
  read vs2.13m sha1 528ce7fc9a0451e2e2d221dbf5e4a5796584e053
  read vs2.15m sha1 e873ad3e0fc8a06a5029113faf991f5c1b765316
  read vs2.17m sha1 da94f1529da82a6bf2129f51548412e1ab2b001a
  read vs2.19m sha1 0ff528e12e255ebf699101ac71f05b1f6bef7165
select: 0 bank-1 tiles placed
  wrote vm3.13m sha1 aee4fd1761caab000153629726dfb584bb79ba0d
  wrote vm3.15m sha1 85a9b203bddc4b0831c77a2b3393e0b7b7272ac1
  wrote vm3.17m sha1 275f8edfe757bbe0eaaccdfda6623fc6f74f21ca
  wrote vm3.19m sha1 1be1fa0b2f4c6d4a8ea03d8e24a13258152489ad
wrote remap_spec.json: {'delta': 0, 'band_lo': 2806, 'band_hi': 20220, 'dst_bank_word': 4096, 'src_bank_word': 24576, 'placed': [87, 20220]}
gfx: patched vsav.zip in rompath (ROMDIR untouched)
gfx: group C members injected into vsavjw.zip (host group B pristine)
  verified: group B members pristine in the packed vsav.zip
  ok: record parity (1374 records, 14911 entries)
  ok: no tile codes on protected positions (358 protected)
  ok: all 15034 tile codes within [0x0057,0x4EFC]
  ok: placed bank table row 0x10 = 0x1000
PASS: gfx build output verification
  rompath  build/hui16/rompath
  romdir   /Users/koneko/Developer/Vampire_Saved/ROMS
  members  40 in 2 zips
  patched  8: vm3.13m, vm3.15m, vm3.17m, vm3.19m, vm3j.03d, vm3j.04d, vm3j.07b, vm3j.10b
  note: byte-identical members (harmless — shadow nothing): vsavjw.zip:vsw.21m, vsavjw.zip:vsw.22m
  note: byte-identical members (harmless — shadow nothing): vsavjw.zip:vsw.42, vsavjw.zip:vsw.43, vsavjw.zip:vsw.44
PASS: no member shadows a patched member
build fingerprint: 699de9b7ed40e4662f1943b7baaf606082d29dcf
OK: stage 6 build at build/hui16/rompath (fingerprint above; register in tests/expected/registry.tsv at freeze time)
