stage 6: 252 ops, hole_a 0x0FCA90/0x100000 (free 0x3570), hole_b 0x3FE020/0x400000 (free 0x1FE0), wide_ext 0x410580/0x600000 (free 0x1EFA80)
GENERATION OK
  vsw.43  sha1 13a184ec9e176371808938015111f8918cb4df7d
  vsw.44  sha1 13a184ec9e176371808938015111f8918cb4df7d
5 member(s) changed
select: tenant at variant id 16 — records generated (select_port skipped; the host's select records stay vanilla)
WIDE build: packing as vsavjw (merging build/wide0/rompath/vsavjw.zip)
  extra tiles: +569 (0x0A00 0x0A01 0x0A02 0x0A03 0x0A04 0x0A05 0x0A06 0x0A07 0x0A08 0x0A09 0x0A0A 0x0A0B 0x0A0C 0x0A0D 0x0A0E 0x0A0F 0x0A10 0x0A11 0x0A12 0x0A13 0x0A14 0x0A15 0x0A16 0x0A17 0x0A18 0x0A19 0x0A1A 0x0A1B 0x0A1C 0x0A1D 0x0A1E 0x0A1F 0x0A20 0x0A21 0x0A22 0x0A23 0x0A24 0x0A25 0x0A26 0x0A27 0x0A28 0x0A29 0x0A2A 0x0A2B 0x0A2C 0x0A2D 0x0A2E 0x0A2F 0x0A30 0x0A31 0x0A32 0x0A33 0x0A34 0x0A35 0x0A36 0x0A37 0x0A38 0x0A39 0x0A3A 0x0A3B 0x0A3C 0x0A3D 0x0A3E 0x0A3F 0x0A40 0x0A41 0x0A42 0x0A43 0x0A44 0x0A45 0x0A46 0x0A47 0x0A48 0x0A49 0x0A4A 0x0A4B 0x0A4C 0x0A4D 0x0A4E 0x0A4F 0x0A50 0x0A51 0x0A52 0x0A53 0x0A54 0x0A55 0x0A56 0x0A57 0x0A58 0x0A59 0x0A5A 0x0A5B 0x0A5C 0x0A5D 0x0A5E 0x0A5F 0x0A60 0x0A61 0x0A62 0x0A63 0x0A64 0x0A65 0x0A66 0x0A67 0x0A68 0x0A69 0x0A6A 0x0A6B 0x0A6C 0x0A6D 0x0A6E 0x0A6F 0x0A70 0x0A71 0x0A72 0x0A73 0x0A74 0x0A75 0x0A76 0x0A77 0x0A78 0x0A79 0x0A7A 0x0A7B 0x0A7C 0x0A7D 0x0A7E 0x0A7F 0x0A80 0x0A81 0x0A82 0x0A83 0x0A84 0x0A85 0x0A86 0x0A87 0x0A88 0x0A89 0x0A8A 0x0A8B 0x0A8C 0x0A8D 0x0A8E 0x0A8F 0x0A90 0x0A91 0x0A92 0x0A93 0x0A94 0x0A95 0x0A96 0x0A97 0x0A98 0x0A99 0x0A9A 0x0A9B 0x0A9C 0x0A9D 0x0A9E 0x0A9F 0x0AA0 0x0AA1 0x0AA2 0x0AA3 0x0AA4 0x0AA5 0x0AA6 0x0AA7 0x0AA8 0x0AA9 0x0AAA 0x0AAB 0x0AAC 0x0AAD 0x0AAE 0x0AAF 0x0AB0 0x0AB1 0x0AB2 0x0AB3 0x0AB4 0x0AB5 0x0AB6 0x0AB7 0x0AB8 0x0AB9 0x0ABA 0x0ABB 0x0ABC 0x0ABD 0x0ABE 0x0ABF 0x0AC0 0x0AC1 0x0AC2 0x0AC3 0x0AC4 0x0AC5 0x0AC6 0x0AC7 0x0AC8 0x0AC9 0x0ACA 0x0ACB 0x0ACC 0x0ACD 0x0ACE 0x0ACF 0x0AD0 0x0AD1 0x0AD2 0x0AD3 0x0AD4 0x0AD5 0x0AD6 0x0AD7 0x0AD8 0x0AD9 0x0ADA 0x0ADB 0x0ADC 0x0ADD 0x0ADE 0x0ADF 0x0AE0 0x0AE1 0x0AE2 0x0AE3 0x0AE4 0x0AE5 0x0AE6 0x0AE7 0x0AE8 0x0AE9 0x0AEA 0x0AEB 0x0AEC 0x0AED 0x0AEE 0x0AEF 0x0AF0 0x0AF1 0x0AF2 0x0AF3 0x0AF4 0x0AF5 0x0AF7 0x0AF8 0x0AF9 0x0AFA 0x0AFB 0x0AFC 0x0AFD 0x0AFE 0x0AFF 0x0B00 0x0B01 0x0B02 0x0B03 0x0B04 0x0B05 0x0B06 0x0B07 0x0B08 0x0B09 0x0B0A 0x0B0B 0x0B0C 0x0B0D 0x0B0E 0x0B0F 0x0B10 0x0B11 0x0B12 0x0B13 0x0B14 0x0B15 0x0B16 0x0B17 0x0B18 0x0B19 0x0B1A 0x0B1C 0x0B1D 0x0B1E 0x0B1F 0x0B20 0x0B21 0x0B22 0x0B23 0x0B24 0x0B25 0x0B26 0x0B27 0x0B28 0x0B29 0x0B2A 0x0B2B 0x0B2C 0x0B2D 0x0B2E 0x0B2F 0x0B30 0x0B31 0x0B32 0x0B33 0x0B34 0x0B35 0x0B36 0x0B37 0x0B38 0x0B39 0x0B3A 0x0B3B 0x0B3C 0x0B3D 0x0B3E 0x0B40 0x0B41 0x0B42 0x0B43 0x0B44 0x0B45 0x0B46 0x0B47 0x0B48 0x0B49 0x0B4B 0x0B4C 0x0B4D 0x0B4E 0x0B4F 0x0B50 0x0B51 0x0B52 0x0B53 0x0B54 0x0B55 0x0B56 0x0B57 0x0B58 0x0B59 0x0B5A 0x0B5B 0x0B5C 0x0B5D 0x0B5E 0x0B5F 0x0B60 0x0B61 0x0B62 0x0B63 0x0B64 0x0B65 0x0B66 0x0B67 0x0B68 0x0B69 0x0B6A 0x0B6B 0x0B6C 0x0B6D 0x0B6E 0x0B6F 0x0B70 0x0B71 0x0B72 0x0B73 0x0B74 0x0B75 0x0B76 0x0B77 0x0B78 0x0B79 0x0B7A 0x0B7B 0x0B7C 0x0B7D 0x0B7E 0x0B7F 0x0B80 0x0B81 0x0B82 0x0B83 0x0B84 0x0B85 0x0B86 0x0B87 0x0B88 0x0B89 0x0B8A 0x0B8B 0x0B8C 0x0B8D 0x0B8E 0x0B8F 0x0B90 0x0B91 0x0B92 0x0B94 0x0B95 0x0B96 0x0B97 0x0B98 0x0B99 0x0B9A 0x0B9B 0x0B9C 0x0B9D 0x0B9E 0x0B9F 0x0BA1 0x0BA3 0x0BA4 0x0BA5 0x0BA6 0x0BA7 0x0BA8 0x0BA9 0x0BAA 0x0BAB 0x0BAC 0x0BAD 0x0BAE 0x0BAF 0x0BB0 0x0BB1 0x0BB2 0x0BB3 0x0BB4 0x0BB5 0x0BB6 0x0BB7 0x0BB8 0x0BB9 0x0BBB 0x0BBC 0x0BBD 0x0BBE 0x0BBF 0x0BC0 0x0BC1 0x0BC2 0x0BC3 0x0BC4 0x0BC5 0x0BC6 0x0BC7 0x0BC8 0x0BC9 0x0BCA 0x0BCB 0x0BCC 0x0BCD 0x0BCE 0x0BCF 0x0BD0 0x0BD1 0x0BD2 0x0BD3 0x0BD4 0x0BD5 0x0BD6 0x0BD7 0x0BD8 0x0BD9 0x0BDA 0x0BDB 0x0BDC 0x0BDD 0x0BDE 0x0BDF 0x0BE0 0x0BE1 0x0BE2 0x0BE3 0x0BE4 0x0BE5 0x0BE6 0x0BE7 0x0BE8 0x0BE9 0x0BEA 0x0BEB 0x0BEC 0x0BED 0x0BEE 0x0BEF 0x0BF0 0x0BF1 0x0BF2 0x0BF3 0x0BF4 0x0BF5 0x0BF6 0x0BF7 0x0BF8 0x0BFA 0x0BFB 0x0BFC 0x0BFD 0x0BFE 0x0BFF 0x0C00 0x0C01 0x0C02 0x0C03 0x0C04 0x0C05 0x0C06 0x0C07 0x0C08 0x0C09 0x0C0A 0x0C0B 0x0C0C 0x0C0D 0x0C0E 0x0C0F 0x0C10 0x0C11 0x0C12 0x0C13 0x0C14 0x0C15 0x0C16 0x0C17 0x0C18 0x0C19 0x0C1A 0x0C1B 0x0C1C 0x0C1D 0x0C1E 0x0C1F 0x0C20 0x0C21 0x0C22 0x0C23 0x0C24 0x0C25 0x0C26 0x0C27 0x0C28 0x0C29 0x0C2A 0x0C2B 0x0C2C 0x0C2D 0x0C2E 0x0C2F 0x0C30 0x0C31 0x0C32 0x0C33 0x0C34 0x0C35 0x0C36 0x0C37 0x0C38 0x0C39 0x0C3A 0x0C3B 0x0C3C 0x0C3D 0x0C3E 0x0C3F 0x0F8B 0x0F8C), inventory 15034 -> 15603
  read vs2.13m sha1 528ce7fc9a0451e2e2d221dbf5e4a5796584e053
  read vs2.15m sha1 e873ad3e0fc8a06a5029113faf991f5c1b765316
  read vs2.17m sha1 da94f1529da82a6bf2129f51548412e1ab2b001a
  read vs2.19m sha1 0ff528e12e255ebf699101ac71f05b1f6bef7165
select: 0 bank-1 tiles placed
  wrote vm3.13m sha1 aee4fd1761caab000153629726dfb584bb79ba0d
  wrote vm3.15m sha1 85a9b203bddc4b0831c77a2b3393e0b7b7272ac1
  wrote vm3.17m sha1 275f8edfe757bbe0eaaccdfda6623fc6f74f21ca
  wrote vm3.19m sha1 1be1fa0b2f4c6d4a8ea03d8e24a13258152489ad
wrote remap_spec.json: {'delta': 0, 'band_lo': 2806, 'band_hi': 20220, 'dst_bank_word': 4096, 'src_bank_word': 24576, 'placed': [87, 20220]}
gfx: patched vsav.zip in rompath (ROMDIR untouched)
gfx: group C members injected into vsavjw.zip (host group B pristine)
  verified: group B members pristine in the packed vsav.zip
  ok: record parity (1374 records, 14911 entries)
  ok: no tile codes on protected positions (358 protected)
  ok: all 15034 tile codes within [0x0057,0x4EFC]
  ok: placed bank table row 0x10 = 0x1000
PASS: gfx build output verification
  rompath  build/hui17/rompath
  romdir   /Users/koneko/Developer/Vampire_Saved/ROMS
  members  40 in 2 zips
  patched  8: vm3.13m, vm3.15m, vm3.17m, vm3.19m, vm3j.03d, vm3j.04d, vm3j.07b, vm3j.10b
  note: byte-identical members (harmless — shadow nothing): vsavjw.zip:vsw.21m, vsavjw.zip:vsw.22m
  note: byte-identical members (harmless — shadow nothing): vsavjw.zip:vsw.42, vsavjw.zip:vsw.43, vsavjw.zip:vsw.44
PASS: no member shadows a patched member
build fingerprint: 699de9b7ed40e4662f1943b7baaf606082d29dcf
OK: stage 6 build at build/hui17/rompath (fingerprint above; register in tests/expected/registry.tsv at freeze time)
