build fingerprint -> expectation set 'huitzil-m10'
per-set mask: 043c-043d,4182-41a2,41c2-41e2,4222-4262,7f00-8000
01_attract_long          PASS masked-exact
02_demitri_vs_cpu        PASS masked-window (divergent frames 787, runs 1, window 889..1675, 3845 identical after)
03_two_player_vs         PASS masked-composite (divergent frames 985 in 3 run(s): flicker 829,2093, windows 889-1871, 3227 identical after)
04_select_fuzz           PASS masked-composite (divergent frames 219 in 4 run(s): flicker 1525,2009,2195, windows 889-1104, 1325 identical after)
05_timeout_idle          PASS masked-window (divergent frames 787, runs 1, window 889..1675, 10445 identical after)
06_test_mode             PASS (diverges from vsavj/masked-v2 at exactly 700)
07_mash_storm            PASS masked-window (divergent frames 787, runs 1, window 889..1675, 2645 identical after)
08_challenger_join       PASS masked-composite (divergent frames 1592 in 3 run(s): flicker 3507, windows 889-1675;3807-4610, 2310 identical after)
09_mirror_pick           PASS masked-composite (divergent frames 1064 in 2 run(s): flicker 829, windows 889-1951, 2769 identical after)
10_midattract_start      PASS masked-composite (divergent frames 2579 in 3 run(s): flicker 3007,3129, windows 3189-5765, 355 identical after)
11_pick_donovan          SKIP (picks the DONOVAN cell (id 0x13), which huitzil-m1 does not back (this build
backs only Huitzil at 0x10). The pick therefore lands on an unbacked cell and
the select divergence is not a clean vanilla-legacy window (measured: 2 runs,
window ends 2836, vs donovan-m3a's single window to 2415 where 0x13 IS backed).
The tenant pick is covered by 37_pick_huitzil_cell. Re-authored 14z-73.)
12_donovan_vs_cpu        PASS
16_xemu_2p               PASS masked-composite (divergent frames 1204 in 2 run(s): flicker 829, windows 889-2091, 2229 identical after)
17_don_oracle_vsav2      SKIP (targets the vsav2 romset; covered by tests/test_m2a_stage4_oracle.sh)
17_don_oracle_vsavj      PASS
18_veteran_ctl_vsav2     SKIP (targets the vsav2 romset; covered by tests/test_m2a_stage4_oracle.sh)
18_veteran_ctl_vsavj     PASS
19_don_dp_spam           PASS
20_don_round2            PASS
21_don_mash              PASS
22_don_dualmash          PASS
23_don_matchwin          PASS
24_don_winmash           PASS
25_don_darkforce         PASS
26_don_arcade_mash       PASS
27_don_throw_vsav2       SKIP (targets the vsav2 romset; throw oracle pair, see tests/replays/27_*)
27_don_throw_vsavj       SKIP (added post-freeze (session 14n throw fix); validated by the throw oracle measurement + the m2b gate line)
28_don_quotewin          PASS
29_felicia_walljump      PASS masked-composite (divergent frames 1128 in 2 run(s): flicker 2436, windows 889-2015, 1884 identical after)
30_demitri_throw         PASS masked-window (divergent frames 1127, runs 1, window 889..2015, 2705 identical after)
31_don_6hp_vsav2         SKIP (targets the vsav2 romset; native ground-truth half of an oracle pair (see the matching _vsavj replay / its gate))
31_don_6hp_vsavj         PASS
32_victor_shock_vsav2    SKIP (targets the vsav2 romset; native ground-truth half of an oracle pair (see the matching _vsavj replay / its gate))
32_victor_shock_vsavj    PASS
33_victor_6hp_vsav2      SKIP (targets the vsav2 romset; native ground-truth half of an oracle pair (see the matching _vsavj replay / its gate))
33_victor_6hp_vsavj      PASS
34_victor_5hp_vsav2      SKIP (targets the vsav2 romset; native ground-truth half of an oracle pair (see the matching _vsavj replay / its gate))
34_victor_5hp_vsavj      PASS
35_victor_kd_vsav2       SKIP (targets the vsav2 romset; native ground-truth half of an oracle pair (see the matching _vsavj replay / its gate))
35_victor_kd_vsavj       PASS
36_pick_tenant_cell      PASS
36_victor_kd2_vsav2      SKIP (targets the vsav2 romset; native ground-truth half of an oracle pair (see the matching _vsavj replay / its gate))
36_victor_kd2_vsavj      PASS
37_p2_pick_tenant        PASS
37_pick_huitzil_cell     PASS
37_victor_ko_vsav2       SKIP (targets the vsav2 romset; native ground-truth half of an oracle pair (see the matching _vsavj replay / its gate))
37_victor_ko_vsavj       PASS
38_victor_p1_vsavj       PASS
39_victor_cross_vsavj    PASS
40_pick_pyron_cell       SKIP (picks the PYRON cell (id 0x11), which this build does not back (huitzil-m2
backs only Huitzil at 0x10). The exact twin of this set's own 11_pick_donovan
skip. The tenant pick on this build is covered by 37_pick_huitzil_cell; the
replay itself is NOT dead — pyron-m2 carries a real .sha1 for it.

Added 14z-78 (maintainer sign-off). The replay landed in 14z-75, after this
set was frozen (as huitzil-m1) in 14z-73, so the set had no entry for it and
the suite went red on an unaccounted replay — zero divergences throughout.
Found by the coverage matrix built while fixing the same gap on donovan-m3a:
the defect was never Donovan-specific, it is what happens to any frozen set
when the suite grows a replay for a tenant that set does not back.

NB: keep skip-reason prose free of the literal tokens a log scan greps for
(the verdict words). The first version of these three files contained them and
made a grep over the suite log report phantom failures.)
40_victor_5hp_defaultchar_vsavj PASS
41_don_altcolor_vsav2    SKIP (targets the vsav2 romset; native ground-truth half of an oracle pair (see the matching _vsavj replay / its gate))
41_don_altcolor_vsavj    PASS
42_don_mirror_vsavj      PASS
43_don_mirror_vsav2      SKIP (targets the vsav2 romset; native ground-truth half of an oracle pair (see the matching _vsavj replay / its gate))
44_don_select_hover      PASS
48_don_immortal_ko       PASS
50_don_column_ko         PASS
51_vs2_immortal_native   SKIP (targets the vsav2 romset; native no-mash Lightning Sword ground truth (datums frozen in the replay header + test_don_reactions))
52_vs2_immortal_mash     SKIP (targets the vsav2 romset; native mash ground truth of the 52/53 pair (test_don_reactions datums))
53_don_immortal_mash     PASS
54_don_matchend_ko       PASS
56_don_es_ls             PASS
57_vs2_plant_native      SKIP (targets the vsav2 romset; native Killshread Plant ground truth (14z-39 reference data))
58_don_select_confirm    PASS
59_don_blizzard_hcf      PASS
60_don_grapple_hcb       PASS
61_tenant_2pwin          PASS
62_tenant_2plose         PASS
63_idle_select           PASS
64_select_mashright      PASS
65_don_mirror_throw      PASS
SUITE GREEN
