== 1: merged program image (3 tenants, one generator process) ==
  ok: 678 ops (the frozen test_tenant_loop fixture; 14z-85g chirp stub)
== 2: gfx chain — one link per tenant over the prior link ==
  -- link donovan
     wrote gfx_written.json (16036 group-C + 270 group-A entries)
     wrote remap_spec.json: {'delta': 10064, 'band_lo': 34367, 'band_hi': 49903, 'dst_bank_word': 4096, 'src_bank_word': 24576, 'placed': [44431, 59967]}
  extra tiles: +569, inventory 15034 -> 15603
  -- link huitzil
     wrote gfx_written.json (37877 group-C + 276 group-A entries)
     wrote remap_spec.json: {'delta': 0, 'band_lo': 2806, 'band_hi': 20220, 'dst_bank_word': 4096, 'src_bank_word': 24576, 'placed': [87, 20220]}
  -- link pyron
     wrote gfx_written.json (52347 group-C + 282 group-A entries)
     wrote remap_spec.json: {'delta': 0, 'band_lo': 20181, 'band_hi': 34375, 'dst_bank_word': 4096, 'src_bank_word': 24576, 'placed': [63, 42028]}
== 3: pack (program + LAST link's members) ==
  ok: group-A members + group-C simms from the last link (build/m3b_merged5/gfx_pyron)
read /Users/koneko/Developer/Vampire_Saved/ROMS/vsav2.zip:vs2.01+.02 sha1 a715ff504eda9f9bc4da4d603f3dc8a37b6f21c1
read /Users/koneko/Developer/Vampire_Saved/VampireSaved/build/m3b_merged5/rompath/vsavjw.zip:vsw.z01+vsw.z02 sha1 f6036f53e1826839c1304baac27f49ae23c9eb8d
  hui_trap_eject: id 0xd8 row @0x9366 -> 0x3c980 (0x33 B from vs2 0x34332)
  hui_trap_eject_alt: id 0x3d8 row @0x9f66 -> 0x3c9c0 (0x33 B from vs2 0x35acd)
diff accounted: 2 songs, 110 declared bytes, rest untouched
wrote /Users/koneko/Developer/Vampire_Saved/VampireSaved/build/m3b_merged5/rompath/vsavjw.zip: vsw.z01 sha1 0bc4c242b0a5f519e7e2e4d713928ae928906cdb, vsw.z02 sha1 67284c729dd0045b411064dc14425a98c3080451
  ok: group B pristine in the packed vsav.zip
  rompath  build/m3b_merged5/rompath
  romdir   /Users/koneko/Developer/Vampire_Saved/ROMS
  members  42 in 2 zips
  patched  8: vm3.13m, vm3.15m, vm3.17m, vm3.19m, vm3j.03d, vm3j.04d, vm3j.07b, vm3j.10b
  note: byte-identical members (harmless — shadow nothing): vsavjw.zip:vsw.21m, vsavjw.zip:vsw.22m
  note: byte-identical members (harmless — shadow nothing): vsavjw.zip:vsw.43, vsavjw.zip:vsw.44
PASS: no member shadows a patched member
== 4: per-tenant static verification ==
  -- verify_gfx_build --tenant donovan
       ok: record parity (1160 records, 14764 entries)
       ok: no tile codes on protected positions (358 protected)
       ok: all 15612 tile codes within [0xAD8F,0xEE73]
       ok: placed bank table row 0x13 = 0x1000
     PASS: gfx build output verification
  -- check_tenant_hud --tenant donovan
     TABLES aliased
     POKES 3
     ART mugshot@0xbe90 name@0xbe8c nonblank 7; host cells pristine
     OK
  -- verify_gfx_build --tenant huitzil
       ok: record parity (1374 records, 14911 entries)
       ok: no tile codes on protected positions (358 protected)
       ok: all 15034 tile codes within [0x0057,0x4EFC]
       ok: placed bank table row 0x10 = 0x1000
     PASS: gfx build output verification
  -- check_tenant_hud --tenant huitzil
     TABLES aliased
     POKES 3
     ART mugshot@0xbe9a name@0xbe92 nonblank 6; host cells pristine
     OK
  -- verify_gfx_build --tenant pyron
       ok: record parity (745 records, 14992 entries)
       ok: no tile codes on protected positions (358 protected)
       ok: all 14224 tile codes within [0x003F,0xA42C]
       ok: placed bank table row 0x11 = 0x1000
     PASS: gfx build output verification
  -- check_tenant_hud --tenant pyron
     TABLES aliased
     POKES 3
     ART mugshot@0xbe9c name@0xbe94 nonblank 6; host cells pristine
     OK
build fingerprint: 4167264fd04069d6aabb45c71d318ce54458a934
OK: merged build with gfx at build/m3b_merged5/rompath (register at S6 freeze time)
MERGED5-EXIT 0
