== don_m11 (donovan-m11):       50 replays
build /Users/koneko/Developer/Vampire_Saved/VampireSaved/build/don_m11 -> tests/expected/donovan-m11
set   vsavjw
mask  043c-043d,4182-41a2,41c2-41e2,4222-4262,7f00-8000
basis tests/expected/vsavj/masked-v2
02_demitri_vs_cpu                  
    shape: 787/5520 frames differ in 1 run(s), first at frame 889, last ends frame 1675, then 3845 identical
    runs: 889-1675
    proposed: window vsavj/masked-v2 889 1675
04_select_fuzz                     
    shape: 217/3520 frames differ in 2 run(s), first at frame 889, last ends frame 2009, then 1511 identical
    runs: 889-1104 2009-2009
    proposed: composite vsavj/masked-v2 2009 889-1104
03_two_player_vs                   
    shape: 984/5320 frames differ in 2 run(s), first at frame 889, last ends frame 2093, then 3227 identical
    runs: 889-1871 2093-2093
    proposed: composite vsavj/masked-v2 2093 889-1871
08_challenger_join                 
    shape: 1592/6920 frames differ in 3 run(s), first at frame 889, last ends frame 4610, then 2310 identical
    runs: 889-1675 3507-3507 3807-4610
    proposed: composite vsavj/masked-v2 3507 889-1675;3807-4610
05_timeout_idle                    
    shape: 787/12120 frames differ in 1 run(s), first at frame 889, last ends frame 1675, then 10445 identical
    runs: 889-1675
    proposed: window vsavj/masked-v2 889 1675
106_pyron_cosmo_clash              
    shape: 1203/6120 frames differ in 1 run(s), first at frame 889, last ends frame 2091, then 4029 identical
    runs: 889-2091
    proposed: window vsavj/masked-v2 889 2091
09_mirror_pick                     
    shape: 1063/4720 frames differ in 1 run(s), first at frame 889, last ends frame 1951, then 2769 identical
    runs: 889-1951
    proposed: window vsavj/masked-v2 889 1951
104_1p_auto_ko_win                 
    shape: 606/13620 frames differ in 1 run(s), first at frame 889, last ends frame 1494, then 12126 identical
    runs: 889-1494
    proposed: window vsavj/masked-v2 889 1494
07_mash_storm                      
    shape: 787/4320 frames differ in 1 run(s), first at frame 889, last ends frame 1675, then 2645 identical
    runs: 889-1675
    proposed: window vsavj/masked-v2 889 1675
10_midattract_start                
    shape: 2577/6120 frames differ in 1 run(s), first at frame 3189, last ends frame 5765, then 355 identical
    runs: 3189-5765
    proposed: window vsavj/masked-v2 3189 5765
16_xemu_2p                         
    shape: 1203/4320 frames differ in 1 run(s), first at frame 889, last ends frame 2091, then 2229 identical
    runs: 889-2091
    proposed: window vsavj/masked-v2 889 2091
11_pick_donovan                    
    shape: 1527/3720 frames differ in 1 run(s), first at frame 889, last ends frame 2415, then 1305 identical
    runs: 889-2415
    proposed: window vsavj/masked-v2 889 2415
105_projectile_clash_ctl           
    shape: 1203/5620 frames differ in 1 run(s), first at frame 889, last ends frame 2091, then 3529 identical
    runs: 889-2091
    proposed: window vsavj/masked-v2 889 2091
18_veteran_ctl_vsavj               
    shape: 1203/4420 frames differ in 1 run(s), first at frame 889, last ends frame 2091, then 2329 identical
    runs: 889-2091
    proposed: window vsavj/masked-v2 889 2091
20_don_round2                      
    shape: 1203/12120 frames differ in 1 run(s), first at frame 889, last ends frame 2091, then 10029 identical
    runs: 889-2091
    proposed: window vsavj/masked-v2 889 2091
12_donovan_vs_cpu                  
    shape: 1527/9320 frames differ in 1 run(s), first at frame 889, last ends frame 2415, then 6905 identical
    runs: 889-2415
    proposed: window vsavj/masked-v2 889 2415
17_don_oracle_vsavj                
    shape: 1203/4420 frames differ in 1 run(s), first at frame 889, last ends frame 2091, then 2329 identical
    runs: 889-2091
    proposed: window vsavj/masked-v2 889 2091
22_don_dualmash                    
    shape: 1205/13920 frames differ in 3 run(s), first at frame 889, last ends frame 11918, then 2002 identical
    runs: 889-2091 11862-11862 11918-11918
    proposed: composite vsavj/masked-v2 11862,11918 889-2091
19_don_dp_spam                     
    shape: 1203/5930 frames differ in 1 run(s), first at frame 889, last ends frame 2091, then 3839 identical
    runs: 889-2091
    proposed: window vsavj/masked-v2 889 2091
24_don_winmash                     
    shape: 1205/18520 frames differ in 3 run(s), first at frame 889, last ends frame 12733, then 5787 identical
    runs: 889-2091 12313-12313 12733-12733
    proposed: composite vsavj/masked-v2 12313,12733 889-2091
26_don_arcade_mash                 
    shape: 1529/40620 frames differ in 3 run(s), first at frame 889, last ends frame 36857, then 3763 identical
    runs: 889-2415 8744-8744 36857-36857
    proposed: composite vsavj/masked-v2 8744,36857 889-2415
21_don_mash                        
    shape: 1204/14120 frames differ in 2 run(s), first at frame 889, last ends frame 11777, then 2343 identical
    runs: 889-2091 11777-11777
    proposed: composite vsavj/masked-v2 11777 889-2091
23_don_matchwin                    
    shape: 1205/18120 frames differ in 3 run(s), first at frame 889, last ends frame 12733, then 5387 identical
    runs: 889-2091 12313-12313 12733-12733
    proposed: composite vsavj/masked-v2 12313,12733 889-2091
31_don_6hp_vsavj                   
    shape: 1203/4220 frames differ in 1 run(s), first at frame 889, last ends frame 2091, then 2129 identical
    runs: 889-2091
    proposed: window vsavj/masked-v2 889 2091
29_felicia_walljump                
    shape: 1128/4320 frames differ in 2 run(s), first at frame 889, last ends frame 2436, then 1884 identical
    runs: 889-2015 2436-2436
    proposed: composite vsavj/masked-v2 2436 889-2015
25_don_darkforce                   
    shape: 1203/9120 frames differ in 1 run(s), first at frame 889, last ends frame 2091, then 7029 identical
    runs: 889-2091
    proposed: window vsavj/masked-v2 889 2091
28_don_quotewin                    
    shape: 1205/14620 frames differ in 3 run(s), first at frame 889, last ends frame 12827, then 1793 identical
    runs: 889-2091 12407-12407 12827-12827
    proposed: composite vsavj/masked-v2 12407,12827 889-2091
35_victor_kd_vsavj                 
    shape: 1203/3270 frames differ in 1 run(s), first at frame 889, last ends frame 2091, then 1179 identical
    runs: 889-2091
    proposed: window vsavj/masked-v2 889 2091
30_demitri_throw                   
    shape: 1127/4720 frames differ in 1 run(s), first at frame 889, last ends frame 2015, then 2705 identical
    runs: 889-2015
    proposed: window vsavj/masked-v2 889 2015
32_victor_shock_vsavj              
    shape: 1203/3820 frames differ in 1 run(s), first at frame 889, last ends frame 2091, then 1729 identical
    runs: 889-2091
    proposed: window vsavj/masked-v2 889 2091
39_victor_cross_vsavj              
    shape: 1203/4830 frames differ in 1 run(s), first at frame 889, last ends frame 2091, then 2739 identical
    runs: 889-2091
    proposed: window vsavj/masked-v2 889 2091
33_victor_6hp_vsavj                
    shape: 1203/3220 frames differ in 1 run(s), first at frame 889, last ends frame 2091, then 1129 identical
    runs: 889-2091
    proposed: window vsavj/masked-v2 889 2091
34_victor_5hp_vsavj                
    shape: 1203/3320 frames differ in 1 run(s), first at frame 889, last ends frame 2091, then 1229 identical
    runs: 889-2091
    proposed: window vsavj/masked-v2 889 2091
36_victor_kd2_vsavj                
    shape: 1203/3270 frames differ in 1 run(s), first at frame 889, last ends frame 2091, then 1179 identical
    runs: 889-2091
    proposed: window vsavj/masked-v2 889 2091
48_don_immortal_ko                 
    shape: 1203/3520 frames differ in 1 run(s), first at frame 889, last ends frame 2091, then 1429 identical
    runs: 889-2091
    proposed: window vsavj/masked-v2 889 2091
38_victor_p1_vsavj                 
    shape: 1203/5000 frames differ in 1 run(s), first at frame 889, last ends frame 2091, then 2909 identical
    runs: 889-2091
    proposed: window vsavj/masked-v2 889 2091
37_victor_ko_vsavj                 
    shape: 1205/9680 frames differ in 3 run(s), first at frame 889, last ends frame 7168, then 2512 identical
    runs: 889-2091 6962-6962 7168-7168
    proposed: composite vsavj/masked-v2 6962,7168 889-2091
40_victor_5hp_defaultchar_vsavj    
    shape: 1203/3320 frames differ in 1 run(s), first at frame 889, last ends frame 2091, then 1229 identical
    runs: 889-2091
    proposed: window vsavj/masked-v2 889 2091
56_don_es_ls                       
    shape: 1203/3520 frames differ in 1 run(s), first at frame 889, last ends frame 2091, then 1429 identical
    runs: 889-2091
    proposed: window vsavj/masked-v2 889 2091
42_don_mirror_vsavj                
    shape: 1203/4220 frames differ in 1 run(s), first at frame 889, last ends frame 2091, then 2129 identical
    runs: 889-2091
    proposed: window vsavj/masked-v2 889 2091
41_don_altcolor_vsavj              
    shape: 1204/4220 frames differ in 2 run(s), first at frame 889, last ends frame 2313, then 1907 identical
    runs: 889-2091 2313-2313
    proposed: composite vsavj/masked-v2 2313 889-2091
50_don_column_ko                   
    shape: 1203/3520 frames differ in 1 run(s), first at frame 889, last ends frame 2091, then 1429 identical
    runs: 889-2091
    proposed: window vsavj/masked-v2 889 2091
65_don_mirror_throw                
    shape: 1203/4520 frames differ in 1 run(s), first at frame 889, last ends frame 2091, then 2429 identical
    runs: 889-2091
    proposed: window vsavj/masked-v2 889 2091
53_don_immortal_mash               
    shape: 1203/3520 frames differ in 1 run(s), first at frame 889, last ends frame 2091, then 1429 identical
    runs: 889-2091
    proposed: window vsavj/masked-v2 889 2091
54_don_matchend_ko                 
    shape: 1203/3920 frames differ in 1 run(s), first at frame 889, last ends frame 2091, then 1829 identical
    runs: 889-2091
    proposed: window vsavj/masked-v2 889 2091
63_idle_select                     
    shape: 2578/4320 frames differ in 2 run(s), first at frame 889, last ends frame 3886, then 434 identical
    runs: 889-3465 3886-3886
    proposed: composite vsavj/masked-v2 3886 889-3465
60_don_grapple_hcb                 
    shape: 1203/3320 frames differ in 1 run(s), first at frame 889, last ends frame 2091, then 1229 identical
    runs: 889-2091
    proposed: window vsavj/masked-v2 889 2091
59_don_blizzard_hcf                
    shape: 1203/3220 frames differ in 1 run(s), first at frame 889, last ends frame 2091, then 1129 identical
    runs: 889-2091
    proposed: window vsavj/masked-v2 889 2091
96_don_victor_grab                 
    shape: 983/5520 frames differ in 1 run(s), first at frame 889, last ends frame 1871, then 3649 identical
    runs: 889-1871
    proposed: window vsavj/masked-v2 889 1871
94_tenant_vs_tenant                
    shape: 1203/4520 frames differ in 1 run(s), first at frame 889, last ends frame 2091, then 2429 identical
    runs: 889-2091
    proposed: window vsavj/masked-v2 889 2091
rc=0
== hui47 (huitzil-m20):       49 replays
build /Users/koneko/Developer/Vampire_Saved/VampireSaved/build/hui47 -> tests/expected/huitzil-m20
set   vsavjw
mask  043c-043d,4182-41a2,41c2-41e2,4222-4262,7f00-8000
basis tests/expected/vsavj/masked-v2
02_demitri_vs_cpu                  
    shape: 787/5520 frames differ in 1 run(s), first at frame 889, last ends frame 1675, then 3845 identical
    runs: 889-1675
    proposed: window vsavj/masked-v2 889 1675
03_two_player_vs                   
    shape: 984/5320 frames differ in 2 run(s), first at frame 889, last ends frame 2093, then 3227 identical
    runs: 889-1871 2093-2093
    proposed: composite vsavj/masked-v2 2093 889-1871
04_select_fuzz                     
    shape: 217/3520 frames differ in 2 run(s), first at frame 889, last ends frame 2009, then 1511 identical
    runs: 889-1104 2009-2009
    proposed: composite vsavj/masked-v2 2009 889-1104
07_mash_storm                      
    shape: 787/4320 frames differ in 1 run(s), first at frame 889, last ends frame 1675, then 2645 identical
    runs: 889-1675
    proposed: window vsavj/masked-v2 889 1675
05_timeout_idle                    
    shape: 787/12120 frames differ in 1 run(s), first at frame 889, last ends frame 1675, then 10445 identical
    runs: 889-1675
    proposed: window vsavj/masked-v2 889 1675
08_challenger_join                 
    shape: 1592/6920 frames differ in 3 run(s), first at frame 889, last ends frame 4610, then 2310 identical
    runs: 889-1675 3507-3507 3807-4610
    proposed: composite vsavj/masked-v2 3507 889-1675;3807-4610
104_1p_auto_ko_win                 
    shape: 606/13620 frames differ in 1 run(s), first at frame 889, last ends frame 1494, then 12126 identical
    runs: 889-1494
    proposed: window vsavj/masked-v2 889 1494
105_projectile_clash_ctl           
    shape: 1203/5620 frames differ in 1 run(s), first at frame 889, last ends frame 2091, then 3529 identical
    runs: 889-2091
    proposed: window vsavj/masked-v2 889 2091
09_mirror_pick                     
    shape: 1063/4720 frames differ in 1 run(s), first at frame 889, last ends frame 1951, then 2769 identical
    runs: 889-1951
    proposed: window vsavj/masked-v2 889 1951
106_pyron_cosmo_clash              
    shape: 1203/6120 frames differ in 1 run(s), first at frame 889, last ends frame 2091, then 4029 identical
    runs: 889-2091
    proposed: window vsavj/masked-v2 889 2091
12_donovan_vs_cpu                  
    shape: 1527/9320 frames differ in 1 run(s), first at frame 889, last ends frame 2415, then 6905 identical
    runs: 889-2415
    proposed: window vsavj/masked-v2 889 2415
16_xemu_2p                         
    shape: 1203/4320 frames differ in 1 run(s), first at frame 889, last ends frame 2091, then 2229 identical
    runs: 889-2091
    proposed: window vsavj/masked-v2 889 2091
17_don_oracle_vsavj                
    shape: 1203/4420 frames differ in 1 run(s), first at frame 889, last ends frame 2091, then 2329 identical
    runs: 889-2091
    proposed: window vsavj/masked-v2 889 2091
10_midattract_start                
    shape: 2577/6120 frames differ in 1 run(s), first at frame 3189, last ends frame 5765, then 355 identical
    runs: 3189-5765
    proposed: window vsavj/masked-v2 3189 5765
20_don_round2                      
    shape: 1203/12120 frames differ in 1 run(s), first at frame 889, last ends frame 2091, then 10029 identical
    runs: 889-2091
    proposed: window vsavj/masked-v2 889 2091
19_don_dp_spam                     
    shape: 1203/5930 frames differ in 1 run(s), first at frame 889, last ends frame 2091, then 3839 identical
    runs: 889-2091
    proposed: window vsavj/masked-v2 889 2091
21_don_mash                        
    shape: 1205/14120 frames differ in 3 run(s), first at frame 889, last ends frame 11838, then 2282 identical
    runs: 889-2091 11777-11777 11838-11838
    proposed: composite vsavj/masked-v2 11777,11838 889-2091
24_don_winmash                     
    shape: 1205/18520 frames differ in 3 run(s), first at frame 889, last ends frame 12733, then 5787 identical
    runs: 889-2091 12313-12313 12733-12733
    proposed: composite vsavj/masked-v2 12313,12733 889-2091
18_veteran_ctl_vsavj               
    shape: 1203/4420 frames differ in 1 run(s), first at frame 889, last ends frame 2091, then 2329 identical
    runs: 889-2091
    proposed: window vsavj/masked-v2 889 2091
23_don_matchwin                    
    shape: 1205/18120 frames differ in 3 run(s), first at frame 889, last ends frame 12733, then 5387 identical
    runs: 889-2091 12313-12313 12733-12733
    proposed: composite vsavj/masked-v2 12313,12733 889-2091
25_don_darkforce                   
    shape: 1203/9120 frames differ in 1 run(s), first at frame 889, last ends frame 2091, then 7029 identical
    runs: 889-2091
    proposed: window vsavj/masked-v2 889 2091
28_don_quotewin                    
    shape: 1205/14620 frames differ in 3 run(s), first at frame 889, last ends frame 12827, then 1793 identical
    runs: 889-2091 12407-12407 12827-12827
    proposed: composite vsavj/masked-v2 12407,12827 889-2091
29_felicia_walljump                
    shape: 1128/4320 frames differ in 2 run(s), first at frame 889, last ends frame 2436, then 1884 identical
    runs: 889-2015 2436-2436
    proposed: composite vsavj/masked-v2 2436 889-2015
22_don_dualmash                    
    shape: 1204/13920 frames differ in 2 run(s), first at frame 889, last ends frame 11862, then 2058 identical
    runs: 889-2091 11862-11862
    proposed: composite vsavj/masked-v2 11862 889-2091
30_demitri_throw                   
    shape: 1127/4720 frames differ in 1 run(s), first at frame 889, last ends frame 2015, then 2705 identical
    runs: 889-2015
    proposed: window vsavj/masked-v2 889 2015
32_victor_shock_vsavj              
    shape: 1203/3820 frames differ in 1 run(s), first at frame 889, last ends frame 2091, then 1729 identical
    runs: 889-2091
    proposed: window vsavj/masked-v2 889 2091
33_victor_6hp_vsavj                
    shape: 1203/3220 frames differ in 1 run(s), first at frame 889, last ends frame 2091, then 1129 identical
    runs: 889-2091
    proposed: window vsavj/masked-v2 889 2091
26_don_arcade_mash                 
    shape: 1529/40620 frames differ in 3 run(s), first at frame 889, last ends frame 8800, then 31820 identical
    runs: 889-2415 8744-8744 8800-8800
    proposed: composite vsavj/masked-v2 8744,8800 889-2415
34_victor_5hp_vsavj                
    shape: 1203/3320 frames differ in 1 run(s), first at frame 889, last ends frame 2091, then 1229 identical
    runs: 889-2091
    proposed: window vsavj/masked-v2 889 2091
36_victor_kd2_vsavj                
    shape: 1203/3270 frames differ in 1 run(s), first at frame 889, last ends frame 2091, then 1179 identical
    runs: 889-2091
    proposed: window vsavj/masked-v2 889 2091
38_victor_p1_vsavj                 
    shape: 1203/5000 frames differ in 1 run(s), first at frame 889, last ends frame 2091, then 2909 identical
    runs: 889-2091
    proposed: window vsavj/masked-v2 889 2091
37_victor_ko_vsavj                 
    shape: 1205/9680 frames differ in 3 run(s), first at frame 889, last ends frame 7168, then 2512 identical
    runs: 889-2091 6962-6962 7168-7168
    proposed: composite vsavj/masked-v2 6962,7168 889-2091
31_don_6hp_vsavj                   
    shape: 1203/4220 frames differ in 1 run(s), first at frame 889, last ends frame 2091, then 2129 identical
    runs: 889-2091
    proposed: window vsavj/masked-v2 889 2091
40_victor_5hp_defaultchar_vsavj    
    shape: 1203/3320 frames differ in 1 run(s), first at frame 889, last ends frame 2091, then 1229 identical
    runs: 889-2091
    proposed: window vsavj/masked-v2 889 2091
42_don_mirror_vsavj                
    shape: 1203/4220 frames differ in 1 run(s), first at frame 889, last ends frame 2091, then 2129 identical
    runs: 889-2091
    proposed: window vsavj/masked-v2 889 2091
41_don_altcolor_vsavj              
    shape: 1203/4220 frames differ in 1 run(s), first at frame 889, last ends frame 2091, then 2129 identical
    runs: 889-2091
    proposed: window vsavj/masked-v2 889 2091
35_victor_kd_vsavj                 
    shape: 1203/3270 frames differ in 1 run(s), first at frame 889, last ends frame 2091, then 1179 identical
    runs: 889-2091
    proposed: window vsavj/masked-v2 889 2091
54_don_matchend_ko                 
    shape: 1203/3920 frames differ in 1 run(s), first at frame 889, last ends frame 2091, then 1829 identical
    runs: 889-2091
    proposed: window vsavj/masked-v2 889 2091
39_victor_cross_vsavj              
    shape: 1203/4830 frames differ in 1 run(s), first at frame 889, last ends frame 2091, then 2739 identical
    runs: 889-2091
    proposed: window vsavj/masked-v2 889 2091
50_don_column_ko                   
    shape: 1203/3520 frames differ in 1 run(s), first at frame 889, last ends frame 2091, then 1429 identical
    runs: 889-2091
    proposed: window vsavj/masked-v2 889 2091
53_don_immortal_mash               
    shape: 1203/3520 frames differ in 1 run(s), first at frame 889, last ends frame 2091, then 1429 identical
    runs: 889-2091
    proposed: window vsavj/masked-v2 889 2091
63_idle_select                     
    shape: 2578/4320 frames differ in 2 run(s), first at frame 889, last ends frame 3886, then 434 identical
    runs: 889-3465 3886-3886
    proposed: composite vsavj/masked-v2 3886 889-3465
48_don_immortal_ko                 
    shape: 1203/3520 frames differ in 1 run(s), first at frame 889, last ends frame 2091, then 1429 identical
    runs: 889-2091
    proposed: window vsavj/masked-v2 889 2091
60_don_grapple_hcb                 
    shape: 1203/3320 frames differ in 1 run(s), first at frame 889, last ends frame 2091, then 1229 identical
    runs: 889-2091
    proposed: window vsavj/masked-v2 889 2091
59_don_blizzard_hcf                
    shape: 1203/3220 frames differ in 1 run(s), first at frame 889, last ends frame 2091, then 1129 identical
    runs: 889-2091
    proposed: window vsavj/masked-v2 889 2091
56_don_es_ls                       
    shape: 1203/3520 frames differ in 1 run(s), first at frame 889, last ends frame 2091, then 1429 identical
    runs: 889-2091
    proposed: window vsavj/masked-v2 889 2091
65_don_mirror_throw                
    shape: 1203/4520 frames differ in 1 run(s), first at frame 889, last ends frame 2091, then 2429 identical
    runs: 889-2091
    proposed: window vsavj/masked-v2 889 2091
96_don_victor_grab                 
    shape: 983/5520 frames differ in 1 run(s), first at frame 889, last ends frame 1871, then 3649 identical
    runs: 889-1871
    proposed: window vsavj/masked-v2 889 1871
94_tenant_vs_tenant                
    shape: 1203/4520 frames differ in 1 run(s), first at frame 889, last ends frame 2091, then 2429 identical
    runs: 889-2091
    proposed: window vsavj/masked-v2 889 2091
rc=0
== pyron31 (pyron-m14):       49 replays
build /Users/koneko/Developer/Vampire_Saved/VampireSaved/build/pyron31 -> tests/expected/pyron-m14
set   vsavjw
mask  043c-043d,4182-41a2,41c2-41e2,4222-4262,7f00-8000
basis tests/expected/vsavj/masked-v2
03_two_player_vs                   
    shape: 984/5320 frames differ in 2 run(s), first at frame 889, last ends frame 2093, then 3227 identical
    runs: 889-1871 2093-2093
    proposed: composite vsavj/masked-v2 2093 889-1871
02_demitri_vs_cpu                  
    shape: 787/5520 frames differ in 1 run(s), first at frame 889, last ends frame 1675, then 3845 identical
    runs: 889-1675
    proposed: window vsavj/masked-v2 889 1675
04_select_fuzz                     
    shape: 216/3520 frames differ in 1 run(s), first at frame 889, last ends frame 1104, then 2416 identical
    runs: 889-1104
    proposed: window vsavj/masked-v2 889 1104
07_mash_storm                      
    shape: 787/4320 frames differ in 1 run(s), first at frame 889, last ends frame 1675, then 2645 identical
    runs: 889-1675
    proposed: window vsavj/masked-v2 889 1675
05_timeout_idle                    
    shape: 787/12120 frames differ in 1 run(s), first at frame 889, last ends frame 1675, then 10445 identical
    runs: 889-1675
    proposed: window vsavj/masked-v2 889 1675
08_challenger_join                 
    shape: 1591/6920 frames differ in 2 run(s), first at frame 889, last ends frame 4610, then 2310 identical
    runs: 889-1675 3807-4610
    proposed: composite vsavj/masked-v2 - 889-1675;3807-4610
104_1p_auto_ko_win                 
    shape: 606/13620 frames differ in 1 run(s), first at frame 889, last ends frame 1494, then 12126 identical
    runs: 889-1494
    proposed: window vsavj/masked-v2 889 1494
105_projectile_clash_ctl           
    shape: 1203/5620 frames differ in 1 run(s), first at frame 889, last ends frame 2091, then 3529 identical
    runs: 889-2091
    proposed: window vsavj/masked-v2 889 2091
09_mirror_pick                     
    shape: 1063/4720 frames differ in 1 run(s), first at frame 889, last ends frame 1951, then 2769 identical
    runs: 889-1951
    proposed: window vsavj/masked-v2 889 1951
12_donovan_vs_cpu                  
    shape: 1527/9320 frames differ in 1 run(s), first at frame 889, last ends frame 2415, then 6905 identical
    runs: 889-2415
    proposed: window vsavj/masked-v2 889 2415
16_xemu_2p                         
    shape: 1203/4320 frames differ in 1 run(s), first at frame 889, last ends frame 2091, then 2229 identical
    runs: 889-2091
    proposed: window vsavj/masked-v2 889 2091
106_pyron_cosmo_clash              
    shape: 1203/6120 frames differ in 1 run(s), first at frame 889, last ends frame 2091, then 4029 identical
    runs: 889-2091
    proposed: window vsavj/masked-v2 889 2091
19_don_dp_spam                     
    shape: 1203/5930 frames differ in 1 run(s), first at frame 889, last ends frame 2091, then 3839 identical
    runs: 889-2091
    proposed: window vsavj/masked-v2 889 2091
20_don_round2                      
    shape: 1203/12120 frames differ in 1 run(s), first at frame 889, last ends frame 2091, then 10029 identical
    runs: 889-2091
    proposed: window vsavj/masked-v2 889 2091
10_midattract_start                
    shape: 2577/6120 frames differ in 1 run(s), first at frame 3189, last ends frame 5765, then 355 identical
    runs: 3189-5765
    proposed: window vsavj/masked-v2 3189 5765
17_don_oracle_vsavj                
    shape: 1203/4420 frames differ in 1 run(s), first at frame 889, last ends frame 2091, then 2329 identical
    runs: 889-2091
    proposed: window vsavj/masked-v2 889 2091
23_don_matchwin                    
    shape: 1205/18120 frames differ in 3 run(s), first at frame 889, last ends frame 12733, then 5387 identical
    runs: 889-2091 12313-12313 12733-12733
    proposed: composite vsavj/masked-v2 12313,12733 889-2091
18_veteran_ctl_vsavj               
    shape: 1203/4420 frames differ in 1 run(s), first at frame 889, last ends frame 2091, then 2329 identical
    runs: 889-2091
    proposed: window vsavj/masked-v2 889 2091
24_don_winmash                     
    shape: 1205/18520 frames differ in 3 run(s), first at frame 889, last ends frame 12733, then 5787 identical
    runs: 889-2091 12313-12313 12733-12733
    proposed: composite vsavj/masked-v2 12313,12733 889-2091
21_don_mash                        
    shape: 1205/14120 frames differ in 3 run(s), first at frame 889, last ends frame 11838, then 2282 identical
    runs: 889-2091 11777-11777 11838-11838
    proposed: composite vsavj/masked-v2 11777,11838 889-2091
28_don_quotewin                    
    shape: 1205/14620 frames differ in 3 run(s), first at frame 889, last ends frame 12827, then 1793 identical
    runs: 889-2091 12407-12407 12827-12827
    proposed: composite vsavj/masked-v2 12407,12827 889-2091
29_felicia_walljump                
    shape: 1128/4320 frames differ in 2 run(s), first at frame 889, last ends frame 2436, then 1884 identical
    runs: 889-2015 2436-2436
    proposed: composite vsavj/masked-v2 2436 889-2015
22_don_dualmash                    
    shape: 1204/13920 frames differ in 2 run(s), first at frame 889, last ends frame 11862, then 2058 identical
    runs: 889-2091 11862-11862
    proposed: composite vsavj/masked-v2 11862 889-2091
25_don_darkforce                   
    shape: 1203/9120 frames differ in 1 run(s), first at frame 889, last ends frame 2091, then 7029 identical
    runs: 889-2091
    proposed: window vsavj/masked-v2 889 2091
33_victor_6hp_vsavj                
    shape: 1203/3220 frames differ in 1 run(s), first at frame 889, last ends frame 2091, then 1129 identical
    runs: 889-2091
    proposed: window vsavj/masked-v2 889 2091
26_don_arcade_mash                 
    shape: 1529/40620 frames differ in 3 run(s), first at frame 889, last ends frame 8800, then 31820 identical
    runs: 889-2415 8744-8744 8800-8800
    proposed: composite vsavj/masked-v2 8744,8800 889-2415
30_demitri_throw                   
    shape: 1127/4720 frames differ in 1 run(s), first at frame 889, last ends frame 2015, then 2705 identical
    runs: 889-2015
    proposed: window vsavj/masked-v2 889 2015
32_victor_shock_vsavj              
    shape: 1203/3820 frames differ in 1 run(s), first at frame 889, last ends frame 2091, then 1729 identical
    runs: 889-2091
    proposed: window vsavj/masked-v2 889 2091
37_victor_ko_vsavj                 
    shape: 1205/9680 frames differ in 3 run(s), first at frame 889, last ends frame 7168, then 2512 identical
    runs: 889-2091 6962-6962 7168-7168
    proposed: composite vsavj/masked-v2 6962,7168 889-2091
31_don_6hp_vsavj                   
    shape: 1203/4220 frames differ in 1 run(s), first at frame 889, last ends frame 2091, then 2129 identical
    runs: 889-2091
    proposed: window vsavj/masked-v2 889 2091
34_victor_5hp_vsavj                
    shape: 1203/3320 frames differ in 1 run(s), first at frame 889, last ends frame 2091, then 1229 identical
    runs: 889-2091
    proposed: window vsavj/masked-v2 889 2091
36_victor_kd2_vsavj                
    shape: 1203/3270 frames differ in 1 run(s), first at frame 889, last ends frame 2091, then 1179 identical
    runs: 889-2091
    proposed: window vsavj/masked-v2 889 2091
35_victor_kd_vsavj                 
    shape: 1203/3270 frames differ in 1 run(s), first at frame 889, last ends frame 2091, then 1179 identical
    runs: 889-2091
    proposed: window vsavj/masked-v2 889 2091
38_victor_p1_vsavj                 
    shape: 1203/5000 frames differ in 1 run(s), first at frame 889, last ends frame 2091, then 2909 identical
    runs: 889-2091
    proposed: window vsavj/masked-v2 889 2091
41_don_altcolor_vsavj              
    shape: 1203/4220 frames differ in 1 run(s), first at frame 889, last ends frame 2091, then 2129 identical
    runs: 889-2091
    proposed: window vsavj/masked-v2 889 2091
40_victor_5hp_defaultchar_vsavj    
    shape: 1203/3320 frames differ in 1 run(s), first at frame 889, last ends frame 2091, then 1229 identical
    runs: 889-2091
    proposed: window vsavj/masked-v2 889 2091
42_don_mirror_vsavj                
    shape: 1203/4220 frames differ in 1 run(s), first at frame 889, last ends frame 2091, then 2129 identical
    runs: 889-2091
    proposed: window vsavj/masked-v2 889 2091
39_victor_cross_vsavj              
    shape: 1203/4830 frames differ in 1 run(s), first at frame 889, last ends frame 2091, then 2739 identical
    runs: 889-2091
    proposed: window vsavj/masked-v2 889 2091
53_don_immortal_mash               
    shape: 1203/3520 frames differ in 1 run(s), first at frame 889, last ends frame 2091, then 1429 identical
    runs: 889-2091
    proposed: window vsavj/masked-v2 889 2091
50_don_column_ko                   
    shape: 1203/3520 frames differ in 1 run(s), first at frame 889, last ends frame 2091, then 1429 identical
    runs: 889-2091
    proposed: window vsavj/masked-v2 889 2091
48_don_immortal_ko                 
    shape: 1203/3520 frames differ in 1 run(s), first at frame 889, last ends frame 2091, then 1429 identical
    runs: 889-2091
    proposed: window vsavj/masked-v2 889 2091
54_don_matchend_ko                 
    shape: 1203/3920 frames differ in 1 run(s), first at frame 889, last ends frame 2091, then 1829 identical
    runs: 889-2091
    proposed: window vsavj/masked-v2 889 2091
60_don_grapple_hcb                 
    shape: 1203/3320 frames differ in 1 run(s), first at frame 889, last ends frame 2091, then 1229 identical
    runs: 889-2091
    proposed: window vsavj/masked-v2 889 2091
59_don_blizzard_hcf                
    shape: 1203/3220 frames differ in 1 run(s), first at frame 889, last ends frame 2091, then 1129 identical
    runs: 889-2091
    proposed: window vsavj/masked-v2 889 2091
63_idle_select                     
    shape: 2578/4320 frames differ in 2 run(s), first at frame 889, last ends frame 3886, then 434 identical
    runs: 889-3465 3886-3886
    proposed: composite vsavj/masked-v2 3886 889-3465
56_don_es_ls                       
    shape: 1203/3520 frames differ in 1 run(s), first at frame 889, last ends frame 2091, then 1429 identical
    runs: 889-2091
    proposed: window vsavj/masked-v2 889 2091
96_don_victor_grab                 
    shape: 983/5520 frames differ in 1 run(s), first at frame 889, last ends frame 1871, then 3649 identical
    runs: 889-1871
    proposed: window vsavj/masked-v2 889 1871
65_don_mirror_throw                
    shape: 1203/4520 frames differ in 1 run(s), first at frame 889, last ends frame 2091, then 2429 identical
    runs: 889-2091
    proposed: window vsavj/masked-v2 889 2091
94_tenant_vs_tenant                
    shape: 1203/4520 frames differ in 1 run(s), first at frame 889, last ends frame 2091, then 2429 identical
    runs: 889-2091
    proposed: window vsavj/masked-v2 889 2091
rc=0
== PROPOSE DONE
