stage 6: 203 ops, hole_a 0x0FF060/0x100000 (free 0xFA0), hole_b 0x3FABA0/0x400000 (free 0x5460), wide_ext 0x404F10/0x600000 (free 0x1FB0F0)
GENERATION OK
  vsw.43  sha1 13a184ec9e176371808938015111f8918cb4df7d
  vsw.44  sha1 13a184ec9e176371808938015111f8918cb4df7d
5 member(s) changed
select: tenant at variant id 17 — records generated (select_port skipped; the host's select records stay vanilla)
WIDE build: packing as vsavjw (merging build/wide0/rompath/vsavjw.zip)
  read vs2.13m sha1 528ce7fc9a0451e2e2d221dbf5e4a5796584e053
  read vs2.15m sha1 e873ad3e0fc8a06a5029113faf991f5c1b765316
  read vs2.17m sha1 da94f1529da82a6bf2129f51548412e1ab2b001a
  read vs2.19m sha1 0ff528e12e255ebf699101ac71f05b1f6bef7165
select: 0 bank-1 tiles placed
  wrote vm3.13m sha1 ded4ec21076be6a7ad97ba1c7ec6832d40dbcc82
  wrote vm3.15m sha1 8fa5fd7bb70446a7ac06174f662e6f52abbffeae
  wrote vm3.17m sha1 888727cc58b30fdc265d86180fac61d20b06237b
  wrote vm3.19m sha1 b5c7885b13626e4d399c804cedfb3479a27bf566
wrote remap_spec.json: {'delta': 0, 'band_lo': 20181, 'band_hi': 34375, 'dst_bank_word': 4096, 'src_bank_word': 24576, 'placed': [63, 42028]}
gfx: patched vsav.zip in rompath (ROMDIR untouched)
gfx: group C members injected into vsavjw.zip (host group B pristine)
  verified: group B members pristine in the packed vsav.zip
  ok: record parity (745 records, 14992 entries)
  ok: no tile codes on protected positions (358 protected)
  ok: all 14224 tile codes within [0x003F,0xA42C]
  ok: placed bank table row 0x11 = 0x1000
PASS: gfx build output verification
  rompath  build/pyron19/rompath
  romdir   /Users/koneko/Developer/Vampire_Saved/VampireSaved/../ROMS
  members  40 in 2 zips
  patched  8: vm3.13m, vm3.15m, vm3.17m, vm3.19m, vm3j.03d, vm3j.04d, vm3j.07b, vm3j.10b
  note: byte-identical members (harmless — shadow nothing): vsavjw.zip:vsw.21m, vsavjw.zip:vsw.22m
  note: byte-identical members (harmless — shadow nothing): vsavjw.zip:vsw.42, vsavjw.zip:vsw.43, vsavjw.zip:vsw.44
PASS: no member shadows a patched member
build fingerprint: d8b282daab75fcb3c52e75170a05a600fd0f3ad7
OK: stage 6 build at build/pyron19/rompath (fingerprint above; register in tests/expected/registry.tsv at freeze time)
