stage 6: 185 ops, hole_a 0x0FF040/0x100000 (free 0xFC0), hole_b 0x3FAB90/0x400000 (free 0x5470), wide_ext 0x400410/0x600000 (free 0x1FFBF0)
GENERATION OK
  vsw.43  sha1 13a184ec9e176371808938015111f8918cb4df7d
  vsw.44  sha1 13a184ec9e176371808938015111f8918cb4df7d
5 member(s) changed
select: tenant at variant id 17 — records generated (select_port skipped; the host's select records stay vanilla)
WIDE build: packing as vsavjw (merging build/wide0/rompath/vsavjw.zip)
  read vs2.13m sha1 528ce7fc9a0451e2e2d221dbf5e4a5796584e053
  read vs2.15m sha1 e873ad3e0fc8a06a5029113faf991f5c1b765316
  read vs2.17m sha1 da94f1529da82a6bf2129f51548412e1ab2b001a
  read vs2.19m sha1 0ff528e12e255ebf699101ac71f05b1f6bef7165
select: 0 bank-1 tiles placed
  wrote vm3.13m sha1 323f55e0828ac1ac5a7ec924f6d35dbb672875c2
  wrote vm3.15m sha1 89fec8d983cbfe4e191b705de999a8060fe3f5a9
  wrote vm3.17m sha1 1b4c5ffcb7e899e714e910f3eb9b28e2838487cc
  wrote vm3.19m sha1 6be2e9224ede5614aabdd8e853394e9c426a177c
wrote remap_spec.json: {'delta': 0, 'band_lo': 20181, 'band_hi': 34375, 'dst_bank_word': 4096, 'src_bank_word': 24576, 'placed': [63, 42028]}
gfx: patched vsav.zip in rompath (ROMDIR untouched)
gfx: group C members injected into vsavjw.zip (host group B pristine)
  verified: group B members pristine in the packed vsav.zip
  ok: record parity (745 records, 14992 entries)
  ok: no tile codes on protected positions (358 protected)
  ok: all 14224 tile codes within [0x003F,0xA42C]
  ok: placed bank table row 0x11 = 0x1000
PASS: gfx build output verification
  rompath  build/pyron11/rompath
  romdir   /Users/koneko/Developer/Vampire_Saved/ROMS
  members  40 in 2 zips
  patched  8: vm3.13m, vm3.15m, vm3.17m, vm3.19m, vm3j.03d, vm3j.04d, vm3j.07b, vm3j.10b
  note: byte-identical members (harmless — shadow nothing): vsavjw.zip:vsw.21m, vsavjw.zip:vsw.22m
  note: byte-identical members (harmless — shadow nothing): vsavjw.zip:vsw.42, vsavjw.zip:vsw.43, vsavjw.zip:vsw.44
PASS: no member shadows a patched member
build fingerprint: e51e9526489b2f1a3d9d9bbefe2311a50043b4a4
OK: stage 6 build at build/pyron11/rompath (fingerprint above; register in tests/expected/registry.tsv at freeze time)
