== audit_merged_legacy
  ok (present, untouched): build/m5_wide/extract
  ok (present, untouched): build/hui32/extract
  ok (present, untouched): build/pyron21/extract
  ok (present, untouched): /Users/koneko/Developer/Vampire_Saved/VampireSaved/build/wide0/rompath/vsavjw.zip
INPUTS OK: three extracts + the WIDE overlay
== B: build the merged image (LEGACY-ONLY INSTRUMENT — never playtest,
      never register; tenants render BLANK by design) ==
  ok: 806 ops (the frozen test_tenant_loop fixture — same merge)
  rompath  build/merged1/rompath
  romdir   /Users/koneko/Developer/Vampire_Saved/ROMS
  members  21 in 1 zips
  patched  4: vm3j.03d, vm3j.04d, vm3j.07b, vm3j.10b
  note: byte-identical members (harmless — shadow nothing): vsavjw.zip:vsw.21m, vsavjw.zip:vsw.22m, vsavjw.zip:vsw.31m, vsavjw.zip:vsw.33m, vsavjw.zip:vsw.35m, vsavjw.zip:vsw.37m
PASS: no member shadows a patched member
  ok: built and packed (806 ops); fingerprint 64426955bf7877908a1014f134040c9672bddf5a (unregistered ON PURPOSE)
  ok: F2 fixed — Huitzil's dispatch entry IS the merged shim
      (0x4d1060): pool seed + phase gate + his flavor run for him
== 0: the rig FORMS all three tenants' matches (else every verdict
      below is vacuous). Guarded runs — never checksum-compared. ==
  ok: donovan char-init entry (0x4d1060) executed 2 time(s)
  ok: huitzil char-init entry (0x4d1060) executed 2 time(s)
  ok: pyron char-init entry (0x471864) executed 2 time(s)
== 0b: run-to-run determinism on the merged image (never run before) ==
  ok: two masked runs of 03_two_player_vs bit-identical
== 1 (leg a): merged vs VANILLA on the masked-v2 basis — the superset
      question. Expectation: the merged build's OWN ratified
      classes in tests/expected/merged1 (14z-91),
leg (a) coverage: 47/47 legacy pairings evaluated, 0 NOT EVALUATED (.pending)
01_attract_long          PASS exact (bit-identical)
02_demitri_vs_cpu        PASS window (divergent frames 787, runs 1, window 889..1675, 3845 identical after)
03_two_player_vs         PASS composite (divergent frames 984 in 2 run(s): flicker 2093, windows 889-1871, 3227 identical after)
04_select_fuzz           PASS composite (divergent frames 218 in 3 run(s): flicker 1525,2009, windows 889-1104, 1511 identical after)
05_timeout_idle          PASS window (divergent frames 787, runs 1, window 889..1675, 10445 identical after)
06_test_mode             PASS exact (bit-identical)
07_mash_storm            PASS window (divergent frames 787, runs 1, window 889..1675, 2645 identical after)
08_challenger_join       PASS composite (divergent frames 1592 in 3 run(s): flicker 3507, windows 889-1675;3807-4610, 2310 identical after)
09_mirror_pick           PASS window (divergent frames 1063, runs 1, window 889..1951, 2769 identical after)
10_midattract_start      PASS window (divergent frames 2577, runs 1, window 3189..5765, 355 identical after)
11_pick_donovan          PASS window (divergent frames 1527, runs 1, window 889..2415, 1305 identical after)
12_donovan_vs_cpu        PASS window (divergent frames 1527, runs 1, window 889..2415, 6905 identical after)
16_xemu_2p               PASS window (divergent frames 1203, runs 1, window 889..2091, 2229 identical after)
17_don_oracle_vsavj      PASS window (divergent frames 1203, runs 1, window 889..2091, 2329 identical after)
18_veteran_ctl_vsavj     PASS window (divergent frames 1203, runs 1, window 889..2091, 2329 identical after)
19_don_dp_spam           PASS window (divergent frames 1203, runs 1, window 889..2091, 3839 identical after)
20_don_round2            PASS window (divergent frames 1203, runs 1, window 889..2091, 10029 identical after)
21_don_mash              PASS composite (divergent frames 1204 in 2 run(s): flicker 11777, windows 889-2091, 2343 identical after)
22_don_dualmash          PASS composite (divergent frames 1204 in 2 run(s): flicker 11862, windows 889-2091, 2058 identical after)
23_don_matchwin          PASS composite (divergent frames 1204 in 2 run(s): flicker 12313, windows 889-2091, 5807 identical after)
24_don_winmash           PASS composite (divergent frames 1204 in 2 run(s): flicker 12313, windows 889-2091, 6207 identical after)
25_don_darkforce         PASS window (divergent frames 1203, runs 1, window 889..2091, 7029 identical after)
26_don_arcade_mash       PASS composite (divergent frames 1529 in 3 run(s): flicker 8744,36857, windows 889-2415, 3763 identical after)
28_don_quotewin          PASS composite (divergent frames 1204 in 2 run(s): flicker 12407, windows 889-2091, 2213 identical after)
29_felicia_walljump      PASS composite (divergent frames 1128 in 2 run(s): flicker 2436, windows 889-2015, 1884 identical after)
30_demitri_throw         PASS window (divergent frames 1127, runs 1, window 889..2015, 2705 identical after)
31_don_6hp_vsavj         PASS window (divergent frames 1203, runs 1, window 889..2091, 2129 identical after)
32_victor_shock_vsavj    PASS window (divergent frames 1203, runs 1, window 889..2091, 1729 identical after)
33_victor_6hp_vsavj      PASS window (divergent frames 1203, runs 1, window 889..2091, 1129 identical after)
34_victor_5hp_vsavj      PASS window (divergent frames 1203, runs 1, window 889..2091, 1229 identical after)
35_victor_kd_vsavj       PASS window (divergent frames 1203, runs 1, window 889..2091, 1179 identical after)
36_victor_kd2_vsavj      PASS window (divergent frames 1203, runs 1, window 889..2091, 1179 identical after)
37_victor_ko_vsavj       PASS composite (divergent frames 1205 in 3 run(s): flicker 6962,7168, windows 889-2091, 2512 identical after)
38_victor_p1_vsavj       PASS window (divergent frames 1203, runs 1, window 889..2091, 2909 identical after)
39_victor_cross_vsavj    PASS window (divergent frames 1203, runs 1, window 889..2091, 2739 identical after)
40_victor_5hp_defaultchar_vsavj PASS window (divergent frames 1203, runs 1, window 889..2091, 1229 identical after)
41_don_altcolor_vsavj    PASS window (divergent frames 1203, runs 1, window 889..2091, 2129 identical after)
42_don_mirror_vsavj      PASS window (divergent frames 1203, runs 1, window 889..2091, 2129 identical after)
48_don_immortal_ko       PASS window (divergent frames 1203, runs 1, window 889..2091, 1429 identical after)
50_don_column_ko         PASS window (divergent frames 1203, runs 1, window 889..2091, 1429 identical after)
53_don_immortal_mash     PASS window (divergent frames 1203, runs 1, window 889..2091, 1429 identical after)
54_don_matchend_ko       PASS window (divergent frames 1203, runs 1, window 889..2091, 1829 identical after)
56_don_es_ls             PASS window (divergent frames 1203, runs 1, window 889..2091, 1429 identical after)
59_don_blizzard_hcf      PASS window (divergent frames 1203, runs 1, window 889..2091, 1129 identical after)
60_don_grapple_hcb       PASS window (divergent frames 1203, runs 1, window 889..2091, 1229 identical after)
63_idle_select           PASS composite (divergent frames 2578 in 2 run(s): flicker 3886, windows 889-3465, 434 identical after)
65_don_mirror_throw      PASS window (divergent frames 1203, runs 1, window 889..2091, 2429 identical after)
  -- leg (a) summary (replay | expected class | verdict) --
     01_attract_long          exact      PASS
     02_demitri_vs_cpu        window     PASS
     03_two_player_vs         composite  PASS
     04_select_fuzz           composite  PASS
     05_timeout_idle          window     PASS
     06_test_mode             exact      PASS
     07_mash_storm            window     PASS
     08_challenger_join       composite  PASS
     09_mirror_pick           window     PASS
     10_midattract_start      window     PASS
     11_pick_donovan          window     PASS
     12_donovan_vs_cpu        window     PASS
     16_xemu_2p               window     PASS
     17_don_oracle_vsavj      window     PASS
     18_veteran_ctl_vsavj     window     PASS
     19_don_dp_spam           window     PASS
     20_don_round2            window     PASS
     21_don_mash              composite  PASS
     22_don_dualmash          composite  PASS
     23_don_matchwin          composite  PASS
     24_don_winmash           composite  PASS
     25_don_darkforce         window     PASS
     26_don_arcade_mash       composite  PASS
     28_don_quotewin          composite  PASS
     29_felicia_walljump      composite  PASS
     30_demitri_throw         window     PASS
     31_don_6hp_vsavj         window     PASS
     32_victor_shock_vsavj    window     PASS
     33_victor_6hp_vsavj      window     PASS
     34_victor_5hp_vsavj      window     PASS
     35_victor_kd_vsavj       window     PASS
     36_victor_kd2_vsavj      window     PASS
     37_victor_ko_vsavj       composite  PASS
     38_victor_p1_vsavj       window     PASS
     39_victor_cross_vsavj    window     PASS
     40_victor_5hp_defaultchar_vsavj window     PASS
     41_don_altcolor_vsavj    window     PASS
     42_don_mirror_vsavj      window     PASS
     48_don_immortal_ko       window     PASS
     50_don_column_ko         window     PASS
     53_don_immortal_mash     window     PASS
     54_don_matchend_ko       window     PASS
     56_don_es_ls             window     PASS
     59_don_blizzard_hcf      window     PASS
     60_don_grapple_hcb       window     PASS
     63_idle_select           composite  PASS
     65_don_mirror_throw      window     PASS
== 2 (leg b): merged vs the frozen single-tenant builds on TENANT
      content — does MERGING change what each tenant's build did?
      Whole-RAM identity is NOT expected (placements differ and placed
      addresses are cached into RAM pointers; the select screens also
      legitimately differ — single-tenant builds back one medallion,
      merged backs three). Gate: a clean guarded run, a first
      divergence no earlier than frame 850 (boot/attract must be
      unperturbed), and a NON-identical pair (identical = dead rig). ==
  leg (b) references: D=build/don_m11 H=build/hui47 P=build/pyron31
donovan/12_vs_cpu            ok: guard clean; vs build/don_m11:
        A: /var/folders/m7/v33ds745313314_cz_z2jghw0000gn/T/tmp.0uOoyxy7hT/b_12_donovan_vs_cpu_ref.log  9320 frames, END 9320
        B: /var/folders/m7/v33ds745313314_cz_z2jghw0000gn/T/tmp.0uOoyxy7hT/b_12_donovan_vs_cpu_new.log  9320 frames, END 9320
          divergent frames: 6754 of 9320
          window: 891..9320 (runs to the end)
        VERDICT: PERMANENT — real state differed (not a clean phase shift).
          45 contiguous run(s): 891-897, 900-905, 907-913, 915-915, 1001-1005, 1009-1013, 1016-1017, 1019-1019, 1021-1022, 1029-1030 ...
        (classified REPORT for the maintainer, not a gate — see header)
donovan/20_round2            ok: guard clean; vs build/don_m11:
        A: /var/folders/m7/v33ds745313314_cz_z2jghw0000gn/T/tmp.0uOoyxy7hT/b_20_don_round2_ref.log  12120 frames, END 12120
        B: /var/folders/m7/v33ds745313314_cz_z2jghw0000gn/T/tmp.0uOoyxy7hT/b_20_don_round2_new.log  12120 frames, END 12120
          divergent frames: 9872 of 12120
          window: 891..11899 (re-converges, 221 clean frames after)
        VERDICT: TRANSIENT — real state differed (not a clean phase shift).
          87 contiguous run(s): 891-893, 895-897, 899-899, 901-902, 904-905, 907-908, 910-923, 927-929, 934-934, 936-942 ...
        (classified REPORT for the maintainer, not a gate — see header)
huitzil/70_mash              ok: guard clean; vs build/hui47:
        A: /var/folders/m7/v33ds745313314_cz_z2jghw0000gn/T/tmp.0uOoyxy7hT/b_70_hui_mash_ref.log  11017 frames, END 11017
        B: /var/folders/m7/v33ds745313314_cz_z2jghw0000gn/T/tmp.0uOoyxy7hT/b_70_hui_mash_new.log  11017 frames, END 11017
          divergent frames: 10058 of 11017
          window: 890..11017 (runs to the end)
        VERDICT: PERMANENT — real state differed (not a clean phase shift).
          58 contiguous run(s): 890-891, 893-895, 897-897, 899-902, 904-905, 907-915, 917-917, 919-950, 953-953, 955-961 ...
        (classified REPORT for the maintainer, not a gate — see header)
huitzil/83_fx                ok: guard clean; vs build/hui47:
        A: /var/folders/m7/v33ds745313314_cz_z2jghw0000gn/T/tmp.0uOoyxy7hT/b_83_hui_fx_ref.log  3820 frames, END 3820
        B: /var/folders/m7/v33ds745313314_cz_z2jghw0000gn/T/tmp.0uOoyxy7hT/b_83_hui_fx_new.log  3820 frames, END 3820
          divergent frames: 2881 of 3820
          window: 890..3820 (runs to the end)
        VERDICT: PERMANENT — real state differed (not a clean phase shift).
          39 contiguous run(s): 890-891, 893-895, 897-897, 899-902, 904-905, 907-915, 917-917, 919-950, 953-953, 955-961 ...
        (classified REPORT for the maintainer, not a gate — see header)
pyron/70_mash                ok: guard clean; vs build/pyron31:
        A: /var/folders/m7/v33ds745313314_cz_z2jghw0000gn/T/tmp.0uOoyxy7hT/b_70_pyron_mash_ref.log  11017 frames, END 11017
        B: /var/folders/m7/v33ds745313314_cz_z2jghw0000gn/T/tmp.0uOoyxy7hT/b_70_pyron_mash_new.log  11017 frames, END 11017
          divergent frames: 10064 of 11017
          window: 890..11017 (runs to the end)
        VERDICT: PERMANENT — real state differed (not a clean phase shift).
          57 contiguous run(s): 890-891, 893-895, 897-897, 899-902, 904-905, 907-915, 917-917, 919-950, 953-953, 955-961 ...
        (classified REPORT for the maintainer, not a gate — see header)
pyron/72_cosmo_2p            ok: guard clean; vs build/pyron31:
        A: /var/folders/m7/v33ds745313314_cz_z2jghw0000gn/T/tmp.0uOoyxy7hT/b_72_pyron_cosmo_2p_ref.log  5120 frames, END 5120
        B: /var/folders/m7/v33ds745313314_cz_z2jghw0000gn/T/tmp.0uOoyxy7hT/b_72_pyron_cosmo_2p_new.log  5120 frames, END 5120
          divergent frames: 4041 of 5120
          window: 890..5120 (runs to the end)
        VERDICT: PERMANENT — real state differed (not a clean phase shift).
          156 contiguous run(s): 890-891, 893-893, 895-897, 899-908, 910-927, 929-942, 944-945, 947-947, 949-954, 957-961 ...
        (classified REPORT for the maintainer, not a gate — see header)

PASS: the 3-tenant merged program image lands on the ratified legacy
      classes in tests/expected/merged1 — its OWN table since 14z-91 (leg a),
      and each tenant's own content forms
      matches, survives the crash guard, and leaves boot/attract
      untouched relative to its frozen single-tenant build (leg b).
      This proves LEGACY SAFETY of the merge only — tenant correctness
      waits for the gfx half (M3b Phase 3).
rc=0
== audit_guard_corpus
== guard soak: build/m3b_merged13, legs [none 10 11 13], JOBS=4 ==

   verdict map: build/guard_corpus/m3b_merged13.1787401830.tsv (316 runs, 316 clean)
PASS: 316 guarded runs, zero vectors — the whole corpus is guard-clean
      on build/m3b_merged13 under every tenant forcing. Rig-bounded, as always.
rc=0
== SOAKS DONE
