== pyron31 FREEZE (SUITE_ONLY)
build fingerprint -> expectation set 'pyron-m14'
per-set mask: 043c-043d,4182-41a2,41c2-41e2,4222-4262,7f00-8000
FILTERED RUN (SUITE_ONLY) — not a suite verdict
103_tenant_2pwin_auto    frozen b0c2ea0a7d5faa6bbd53fc70890a0c22da0b5c7b
36_pick_tenant_cell      frozen 87688a90ca0157607c1a468dc783eff846a933ef
37_p2_pick_tenant        frozen c68f2a48632a150a08a4a00a394b76fc257b9397
37_pick_huitzil_cell     frozen 7818e0422eb9d6fdd8dc5ed620f822e40b681a82
40_pick_pyron_cell       frozen b19b3e3fc266cf5f16eeddae84ca7226430791c7
44_don_select_hover      frozen 8ffaeaa2be52b62e2b942b154d16c84553a1a27b
58_don_select_confirm    frozen 4e142e57fc69b03894cdfc62ea502709ce977a89
61_tenant_2pwin          frozen fc8b90cfeafd38f84f1d33ec5c0caa250e1a6406
62_tenant_2plose         frozen 526c90d637addf1424907794794a7e0130936c87
64_select_mashright      frozen b2eedfb0157ee2c62d5626c553de2a040a433578
92_p2_ring_walk          frozen 1ba827f3f67068fbdccd72b42de626995ba36443
SUITE GREEN
rc=0
== pyron31 VERIFY (full)
build fingerprint -> expectation set 'pyron-m14'
per-set mask: 043c-043d,4182-41a2,41c2-41e2,4222-4262,7f00-8000
01_attract_long          PASS masked-exact
02_demitri_vs_cpu        PASS masked-window (divergent frames 787, runs 1, window 889..1675, 3845 identical after)
03_two_player_vs         PASS masked-composite (divergent frames 984 in 2 run(s): flicker 2093, windows 889-1871, 3227 identical after)
04_select_fuzz           PASS masked-window (divergent frames 216, runs 1, window 889..1104, 2416 identical after)
05_timeout_idle          PASS masked-window (divergent frames 787, runs 1, window 889..1675, 10445 identical after)
06_test_mode             PASS masked-exact
07_mash_storm            PASS masked-window (divergent frames 787, runs 1, window 889..1675, 2645 identical after)
08_challenger_join       PASS masked-composite (divergent frames 1591 in 2 run(s): flicker -, windows 889-1675;3807-4610, 2310 identical after)
09_mirror_pick           PASS masked-window (divergent frames 1063, runs 1, window 889..1951, 2769 identical after)
103_tenant_2pwin_auto    PASS
104_1p_auto_ko_win       PASS masked-window (divergent frames 606, runs 1, window 889..1494, 12126 identical after)
105_projectile_clash_ctl PASS masked-window (divergent frames 1203, runs 1, window 889..2091, 3529 identical after)
106_pyron_cosmo_clash    PASS masked-window (divergent frames 1203, runs 1, window 889..2091, 4029 identical after)
10_midattract_start      PASS masked-window (divergent frames 2577, runs 1, window 3189..5765, 355 identical after)
11_pick_donovan          SKIP (picks the DONOVAN cell (id 0x13), which this Pyron-only build does not back
(it backs only Pyron at 0x11). The pick therefore lands on an unbacked cell
and the select divergence is not a clean vanilla-legacy window — the same
reason this replay is skipped on huitzil-m2, which backs only 0x10.
The tenant pick is covered by 40_pick_pyron_cell.)
12_donovan_vs_cpu        PASS masked-window (divergent frames 1527, runs 1, window 889..2415, 6905 identical after)
16_xemu_2p               PASS masked-window (divergent frames 1203, runs 1, window 889..2091, 2229 identical after)
17_don_oracle_vsav2      SKIP (targets the vsav2 romset; covered by tests/test_m2a_stage4_oracle.sh)
17_don_oracle_vsavj      PASS masked-window (divergent frames 1203, runs 1, window 889..2091, 2329 identical after)
18_veteran_ctl_vsav2     SKIP (targets the vsav2 romset; covered by tests/test_m2a_stage4_oracle.sh)
18_veteran_ctl_vsavj     PASS masked-window (divergent frames 1203, runs 1, window 889..2091, 2329 identical after)
19_don_dp_spam           PASS masked-window (divergent frames 1203, runs 1, window 889..2091, 3839 identical after)
20_don_round2            PASS masked-window (divergent frames 1203, runs 1, window 889..2091, 10029 identical after)
21_don_mash              PASS masked-composite (divergent frames 1205 in 3 run(s): flicker 11777,11838, windows 889-2091, 2282 identical after)
22_don_dualmash          PASS masked-composite (divergent frames 1204 in 2 run(s): flicker 11862, windows 889-2091, 2058 identical after)
23_don_matchwin          PASS masked-composite (divergent frames 1205 in 3 run(s): flicker 12313,12733, windows 889-2091, 5387 identical after)
24_don_winmash           PASS masked-composite (divergent frames 1205 in 3 run(s): flicker 12313,12733, windows 889-2091, 5787 identical after)
25_don_darkforce         PASS masked-window (divergent frames 1203, runs 1, window 889..2091, 7029 identical after)
26_don_arcade_mash       PASS masked-composite (divergent frames 1529 in 3 run(s): flicker 8744,8800, windows 889-2415, 31820 identical after)
27_don_throw_vsav2       SKIP (targets the vsav2 romset; throw oracle pair, see tests/replays/27_*)
27_don_throw_vsavj       SKIP (added post-freeze (session 14n throw fix); validated by the throw oracle measurement + the m2b gate line)
28_don_quotewin          PASS masked-composite (divergent frames 1205 in 3 run(s): flicker 12407,12827, windows 889-2091, 1793 identical after)
29_felicia_walljump      PASS masked-composite (divergent frames 1128 in 2 run(s): flicker 2436, windows 889-2015, 1884 identical after)
30_demitri_throw         PASS masked-window (divergent frames 1127, runs 1, window 889..2015, 2705 identical after)
31_don_6hp_vsav2         SKIP (targets the vsav2 romset; native ground-truth half of an oracle pair (see the matching _vsavj replay / its gate))
31_don_6hp_vsavj         PASS masked-window (divergent frames 1203, runs 1, window 889..2091, 2129 identical after)
32_victor_shock_vsav2    SKIP (targets the vsav2 romset; native ground-truth half of an oracle pair (see the matching _vsavj replay / its gate))
32_victor_shock_vsavj    PASS masked-window (divergent frames 1203, runs 1, window 889..2091, 1729 identical after)
33_victor_6hp_vsav2      SKIP (targets the vsav2 romset; native ground-truth half of an oracle pair (see the matching _vsavj replay / its gate))
33_victor_6hp_vsavj      PASS masked-window (divergent frames 1203, runs 1, window 889..2091, 1129 identical after)
34_victor_5hp_vsav2      SKIP (targets the vsav2 romset; native ground-truth half of an oracle pair (see the matching _vsavj replay / its gate))
34_victor_5hp_vsavj      PASS masked-window (divergent frames 1203, runs 1, window 889..2091, 1229 identical after)
35_victor_kd_vsav2       SKIP (targets the vsav2 romset; native ground-truth half of an oracle pair (see the matching _vsavj replay / its gate))
35_victor_kd_vsavj       PASS masked-window (divergent frames 1203, runs 1, window 889..2091, 1179 identical after)
36_pick_tenant_cell      PASS
36_victor_kd2_vsav2      SKIP (targets the vsav2 romset; native ground-truth half of an oracle pair (see the matching _vsavj replay / its gate))
36_victor_kd2_vsavj      PASS masked-window (divergent frames 1203, runs 1, window 889..2091, 1179 identical after)
37_p2_pick_tenant        PASS
37_pick_huitzil_cell     PASS
37_victor_ko_vsav2       SKIP (targets the vsav2 romset; native ground-truth half of an oracle pair (see the matching _vsavj replay / its gate))
37_victor_ko_vsavj       PASS masked-composite (divergent frames 1205 in 3 run(s): flicker 6962,7168, windows 889-2091, 2512 identical after)
38_victor_p1_vsavj       PASS masked-window (divergent frames 1203, runs 1, window 889..2091, 2909 identical after)
39_victor_cross_vsavj    PASS masked-window (divergent frames 1203, runs 1, window 889..2091, 2739 identical after)
40_pick_pyron_cell       PASS
40_victor_5hp_defaultchar_vsavj PASS masked-window (divergent frames 1203, runs 1, window 889..2091, 1229 identical after)
41_don_altcolor_vsav2    SKIP (targets the vsav2 romset; native ground-truth half of an oracle pair (see the matching _vsavj replay / its gate))
41_don_altcolor_vsavj    PASS masked-window (divergent frames 1203, runs 1, window 889..2091, 2129 identical after)
42_don_mirror_vsavj      PASS masked-window (divergent frames 1203, runs 1, window 889..2091, 2129 identical after)
43_don_mirror_vsav2      SKIP (targets the vsav2 romset; native ground-truth half of an oracle pair (see the matching _vsavj replay / its gate))
44_don_select_hover      PASS
48_don_immortal_ko       PASS masked-window (divergent frames 1203, runs 1, window 889..2091, 1429 identical after)
50_don_column_ko         PASS masked-window (divergent frames 1203, runs 1, window 889..2091, 1429 identical after)
51_vs2_immortal_native   SKIP (targets the vsav2 romset; native no-mash Lightning Sword ground truth (datums frozen in the replay header + test_don_reactions))
52_vs2_immortal_mash     SKIP (targets the vsav2 romset; native mash ground truth of the 52/53 pair (test_don_reactions datums))
53_don_immortal_mash     PASS masked-window (divergent frames 1203, runs 1, window 889..2091, 1429 identical after)
54_don_matchend_ko       PASS masked-window (divergent frames 1203, runs 1, window 889..2091, 1829 identical after)
56_don_es_ls             PASS masked-window (divergent frames 1203, runs 1, window 889..2091, 1429 identical after)
57_vs2_plant_native      SKIP (targets the vsav2 romset; native Killshread Plant ground truth (14z-39 reference data))
58_don_select_confirm    PASS
59_don_blizzard_hcf      PASS masked-window (divergent frames 1203, runs 1, window 889..2091, 1129 identical after)
60_don_grapple_hcb       PASS masked-window (divergent frames 1203, runs 1, window 889..2091, 1229 identical after)
61_tenant_2pwin          PASS
62_tenant_2plose         PASS
63_idle_select           PASS masked-composite (divergent frames 2578 in 2 run(s): flicker 3886, windows 889-3465, 434 identical after)
64_select_mashright      PASS
65_don_mirror_throw      PASS masked-window (divergent frames 1203, runs 1, window 889..2091, 2429 identical after)
92_p2_ring_walk          PASS
94_tenant_vs_tenant      PASS masked-window (divergent frames 1203, runs 1, window 889..2091, 2429 identical after)
96_don_victor_grab       PASS masked-window (divergent frames 983, runs 1, window 889..1871, 3649 identical after)
SUITE GREEN
rc=0
== DONE
