== hui47 FREEZE (SUITE_ONLY)
build fingerprint -> expectation set 'huitzil-m20'
per-set mask: 043c-043d,4182-41a2,41c2-41e2,4222-4262,7f00-8000
FILTERED RUN (SUITE_ONLY) — not a suite verdict
103_tenant_2pwin_auto    frozen 987110c6b62432f95b00e774b64cd503faf3fc76
36_pick_tenant_cell      frozen 81c07ab299d139937ff2ee203e719961cd2d941a
37_p2_pick_tenant        frozen 36e77175bab809a53c1db9fae272690eeb3ec617
37_pick_huitzil_cell     frozen eae2f553d9fbf6287f246841890692ebb7af4fc0
44_don_select_hover      frozen 43d051c876b6533b30441f37d6bfe0e4429b6f88
58_don_select_confirm    frozen 6c151b7e9ec061e19ae14f63a73d132d6d9c6202
61_tenant_2pwin          frozen 23672eb139d57a6d7e8c642d2777a15076f33522
62_tenant_2plose         frozen c6675f4e4865a864b95b594557f27427b52cbc0e
64_select_mashright      frozen 35d45d7dc8b5097b99aeb927fdeaa8b479f94a11
92_p2_ring_walk          frozen 3d204dd271e1c5d435dcd77678982e63c6f7be7b
SUITE GREEN
rc=0
== hui47 VERIFY (full)
build fingerprint -> expectation set 'huitzil-m20'
per-set mask: 043c-043d,4182-41a2,41c2-41e2,4222-4262,7f00-8000
01_attract_long          PASS masked-exact
02_demitri_vs_cpu        PASS masked-window (divergent frames 787, runs 1, window 889..1675, 3845 identical after)
03_two_player_vs         PASS masked-composite (divergent frames 984 in 2 run(s): flicker 2093, windows 889-1871, 3227 identical after)
04_select_fuzz           PASS masked-composite (divergent frames 217 in 2 run(s): flicker 2009, windows 889-1104, 1511 identical after)
05_timeout_idle          PASS masked-window (divergent frames 787, runs 1, window 889..1675, 10445 identical after)
06_test_mode             PASS masked-exact
07_mash_storm            PASS masked-window (divergent frames 787, runs 1, window 889..1675, 2645 identical after)
08_challenger_join       PASS masked-composite (divergent frames 1592 in 3 run(s): flicker 3507, windows 889-1675;3807-4610, 2310 identical after)
09_mirror_pick           PASS masked-window (divergent frames 1063, runs 1, window 889..1951, 2769 identical after)
103_tenant_2pwin_auto    PASS
104_1p_auto_ko_win       PASS masked-window (divergent frames 606, runs 1, window 889..1494, 12126 identical after)
105_projectile_clash_ctl PASS masked-window (divergent frames 1203, runs 1, window 889..2091, 3529 identical after)
106_pyron_cosmo_clash    PASS masked-window (divergent frames 1203, runs 1, window 889..2091, 4029 identical after)
10_midattract_start      PASS masked-window (divergent frames 2577, runs 1, window 3189..5765, 355 identical after)
11_pick_donovan          SKIP (picks the DONOVAN cell (id 0x13), which huitzil-m1 does not back (this build
backs only Huitzil at 0x10). The pick therefore lands on an unbacked cell and
the select divergence is not a clean vanilla-legacy window (measured: 2 runs,
window ends 2836, vs donovan-m3a's single window to 2415 where 0x13 IS backed).
The tenant pick is covered by 37_pick_huitzil_cell. Re-authored 14z-73.)
12_donovan_vs_cpu        PASS masked-window (divergent frames 1527, runs 1, window 889..2415, 6905 identical after)
16_xemu_2p               PASS masked-window (divergent frames 1203, runs 1, window 889..2091, 2229 identical after)
17_don_oracle_vsav2      SKIP (targets the vsav2 romset; covered by tests/test_m2a_stage4_oracle.sh)
17_don_oracle_vsavj      PASS masked-window (divergent frames 1203, runs 1, window 889..2091, 2329 identical after)
18_veteran_ctl_vsav2     SKIP (targets the vsav2 romset; covered by tests/test_m2a_stage4_oracle.sh)
18_veteran_ctl_vsavj     PASS masked-window (divergent frames 1203, runs 1, window 889..2091, 2329 identical after)
19_don_dp_spam           PASS masked-window (divergent frames 1203, runs 1, window 889..2091, 3839 identical after)
20_don_round2            PASS masked-window (divergent frames 1203, runs 1, window 889..2091, 10029 identical after)
21_don_mash              PASS masked-composite (divergent frames 1205 in 3 run(s): flicker 11777,11838, windows 889-2091, 2282 identical after)
22_don_dualmash          PASS masked-composite (divergent frames 1204 in 2 run(s): flicker 11862, windows 889-2091, 2058 identical after)
23_don_matchwin          PASS masked-composite (divergent frames 1205 in 3 run(s): flicker 12313,12733, windows 889-2091, 5387 identical after)
24_don_winmash           PASS masked-composite (divergent frames 1205 in 3 run(s): flicker 12313,12733, windows 889-2091, 5787 identical after)
25_don_darkforce         PASS masked-window (divergent frames 1203, runs 1, window 889..2091, 7029 identical after)
26_don_arcade_mash       PASS masked-composite (divergent frames 1529 in 3 run(s): flicker 8744,8800, windows 889-2415, 31820 identical after)
27_don_throw_vsav2       SKIP (targets the vsav2 romset; throw oracle pair, see tests/replays/27_*)
27_don_throw_vsavj       SKIP (added post-freeze (session 14n throw fix); validated by the throw oracle measurement + the m2b gate line)
28_don_quotewin          PASS masked-composite (divergent frames 1205 in 3 run(s): flicker 12407,12827, windows 889-2091, 1793 identical after)
29_felicia_walljump      PASS masked-composite (divergent frames 1128 in 2 run(s): flicker 2436, windows 889-2015, 1884 identical after)
30_demitri_throw         PASS masked-window (divergent frames 1127, runs 1, window 889..2015, 2705 identical after)
31_don_6hp_vsav2         SKIP (targets the vsav2 romset; native ground-truth half of an oracle pair (see the matching _vsavj replay / its gate))
31_don_6hp_vsavj         PASS masked-window (divergent frames 1203, runs 1, window 889..2091, 2129 identical after)
32_victor_shock_vsav2    SKIP (targets the vsav2 romset; native ground-truth half of an oracle pair (see the matching _vsavj replay / its gate))
32_victor_shock_vsavj    PASS masked-window (divergent frames 1203, runs 1, window 889..2091, 1729 identical after)
33_victor_6hp_vsav2      SKIP (targets the vsav2 romset; native ground-truth half of an oracle pair (see the matching _vsavj replay / its gate))
33_victor_6hp_vsavj      PASS masked-window (divergent frames 1203, runs 1, window 889..2091, 1129 identical after)
34_victor_5hp_vsav2      SKIP (targets the vsav2 romset; native ground-truth half of an oracle pair (see the matching _vsavj replay / its gate))
34_victor_5hp_vsavj      PASS masked-window (divergent frames 1203, runs 1, window 889..2091, 1229 identical after)
35_victor_kd_vsav2       SKIP (targets the vsav2 romset; native ground-truth half of an oracle pair (see the matching _vsavj replay / its gate))
35_victor_kd_vsavj       PASS masked-window (divergent frames 1203, runs 1, window 889..2091, 1179 identical after)
36_pick_tenant_cell      PASS
36_victor_kd2_vsav2      SKIP (targets the vsav2 romset; native ground-truth half of an oracle pair (see the matching _vsavj replay / its gate))
36_victor_kd2_vsavj      PASS masked-window (divergent frames 1203, runs 1, window 889..2091, 1179 identical after)
37_p2_pick_tenant        PASS
37_pick_huitzil_cell     PASS
37_victor_ko_vsav2       SKIP (targets the vsav2 romset; native ground-truth half of an oracle pair (see the matching _vsavj replay / its gate))
37_victor_ko_vsavj       PASS masked-composite (divergent frames 1205 in 3 run(s): flicker 6962,7168, windows 889-2091, 2512 identical after)
38_victor_p1_vsavj       PASS masked-window (divergent frames 1203, runs 1, window 889..2091, 2909 identical after)
39_victor_cross_vsavj    PASS masked-window (divergent frames 1203, runs 1, window 889..2091, 2739 identical after)
40_pick_pyron_cell       SKIP (picks the PYRON cell (id 0x11), which this build does not back (huitzil-m2
backs only Huitzil at 0x10). The exact twin of this set's own 11_pick_donovan
skip. The tenant pick on this build is covered by 37_pick_huitzil_cell; the
replay itself is NOT dead — pyron-m2 carries a real .sha1 for it.

Added 14z-78 (maintainer sign-off). The replay landed in 14z-75, after this
set was frozen (as huitzil-m1) in 14z-73, so the set had no entry for it and
the suite went red on an unaccounted replay — zero divergences throughout.
Found by the coverage matrix built while fixing the same gap on donovan-m3a:
the defect was never Donovan-specific, it is what happens to any frozen set
when the suite grows a replay for a tenant that set does not back.

NB: keep skip-reason prose free of the literal tokens a log scan greps for
(the verdict words). The first version of these three files contained them and
made a grep over the suite log report phantom failures.)
40_victor_5hp_defaultchar_vsavj PASS masked-window (divergent frames 1203, runs 1, window 889..2091, 1229 identical after)
41_don_altcolor_vsav2    SKIP (targets the vsav2 romset; native ground-truth half of an oracle pair (see the matching _vsavj replay / its gate))
41_don_altcolor_vsavj    PASS masked-window (divergent frames 1203, runs 1, window 889..2091, 2129 identical after)
42_don_mirror_vsavj      PASS masked-window (divergent frames 1203, runs 1, window 889..2091, 2129 identical after)
43_don_mirror_vsav2      SKIP (targets the vsav2 romset; native ground-truth half of an oracle pair (see the matching _vsavj replay / its gate))
44_don_select_hover      PASS
48_don_immortal_ko       PASS masked-window (divergent frames 1203, runs 1, window 889..2091, 1429 identical after)
50_don_column_ko         PASS masked-window (divergent frames 1203, runs 1, window 889..2091, 1429 identical after)
51_vs2_immortal_native   SKIP (targets the vsav2 romset; native no-mash Lightning Sword ground truth (datums frozen in the replay header + test_don_reactions))
52_vs2_immortal_mash     SKIP (targets the vsav2 romset; native mash ground truth of the 52/53 pair (test_don_reactions datums))
53_don_immortal_mash     PASS masked-window (divergent frames 1203, runs 1, window 889..2091, 1429 identical after)
54_don_matchend_ko       PASS masked-window (divergent frames 1203, runs 1, window 889..2091, 1829 identical after)
56_don_es_ls             PASS masked-window (divergent frames 1203, runs 1, window 889..2091, 1429 identical after)
57_vs2_plant_native      SKIP (targets the vsav2 romset; native Killshread Plant ground truth (14z-39 reference data))
58_don_select_confirm    PASS
59_don_blizzard_hcf      PASS masked-window (divergent frames 1203, runs 1, window 889..2091, 1129 identical after)
60_don_grapple_hcb       PASS masked-window (divergent frames 1203, runs 1, window 889..2091, 1229 identical after)
61_tenant_2pwin          PASS
62_tenant_2plose         PASS
63_idle_select           PASS masked-composite (divergent frames 2578 in 2 run(s): flicker 3886, windows 889-3465, 434 identical after)
64_select_mashright      PASS
65_don_mirror_throw      PASS masked-window (divergent frames 1203, runs 1, window 889..2091, 2429 identical after)
92_p2_ring_walk          PASS
94_tenant_vs_tenant      PASS masked-window (divergent frames 1203, runs 1, window 889..2091, 2429 identical after)
96_don_victor_grab       PASS masked-window (divergent frames 983, runs 1, window 889..1871, 3649 identical after)
SUITE GREEN
rc=0
== DONE
