ALIVE 600 match=00040000 p1=00 p2=00
ALIVE 1200 match=00040000 p1=00 p2=00
ALIVE 1800 match=00040000 p1=00 p2=00
ALIVE 2400 match=00040000 p1=00 p2=00
ALIVE 3000 match=00040000 p1=00 p2=00
ALIVE 3600 match=00040000 p1=00 p2=00
ALIVE 4200 match=00040000 p1=00 p2=00
TRACE 4655 on -> inp_guard.trace
CRASH 4666 vec4 PC 46a870 SP 00ff7ff0 ADDR - HANDLER 0000e2
REGS D0=0007a000 D1=00000054 D2=003fa701 D3=000003ff D4=00e00100 D5=00000000 D6=00000150 D7=00000231 A0=003fb34a A1=003fa794 A2=00708464 A3=00ff8280 A4=ffff8400 A5=00ff8000 A6=00ff8800
STACK 00ff7ffc 000011c2
STACK 00ff8000 00020000
STACK 00ff8004 00040000
STACK 00ff8008 00040000
STACK 00ff800c 00060000
STACK 00ff8024 00000100
STACK 00ff8028 00000116
STACK 00ff8030 000f2d0e
STACK 00ff8034 003f7080
STACK 00ff803c 00400010
STACK 00ff8058 00020002
STACK 00ff80bc 00000100
STACK 00ff80dc 00000202
W 4619 PC 0228b0 ff8806 00000202 mask 000000ff
W 4622 PC 02bbb6 ff8806 00000000 mask 0000ffff
W 4622 PC 02b934 ff8a10 00000045 mask 0000ffff
W 4622 PC 02b934 ff8a12 0000e5aa mask 0000ffff
W 4622 PC 02261e ff8806 00000202 mask 000000ff
W 4624 PC 02b9a6 ff8806 00000000 mask 0000ffff
W 4624 PC 02b934 ff8a10 00000045 mask 0000ffff
W 4624 PC 02b934 ff8a12 0000e5ae mask 0000ffff
W 4624 PC 02261e ff8806 00000202 mask 000000ff
W 4648 PC 02b934 ff8a10 00000045 mask 0000ffff
W 4648 PC 02b934 ff8a12 0000e5b0 mask 0000ffff
W 4653 PC 02c496 ff8a10 00000045 mask 0000ffff
W 4653 PC 02c496 ff8a12 0000e5b2 mask 0000ffff
W 4653 PC 02cd32 ff8a14 00000045 mask 0000ffff
W 4653 PC 02cd32 ff8a16 0000e9be mask 0000ffff
W 4653 PC 02b934 ff8a14 00000045 mask 0000ffff
W 4653 PC 02b934 ff8a16 0000e9c0 mask 0000ffff
W 4659 PC 02b934 ff8a14 00000045 mask 0000ffff
W 4659 PC 02b934 ff8a16 0000ea1e mask 0000ffff
W 4662 PC 02be98 ff8806 00000608 mask 0000ffff
W 4662 PC 02b934 ff8a14 00000045 mask 0000ffff
W 4662 PC 02b934 ff8a16 0000ea26 mask 0000ffff
W 4662 PC 0ff74a ff8806 00000600 mask 0000ffff
W 4665 PC 0ff3de ff8806 00000202 mask 000000ff
DUMP 4666 crash_4666_ff0000.bin
TRACE 4666 off -> inp_guard.trace
END 4669 crashes=1 filtered_writes=5
