Attempting load of mame.ini
Parsing /Users/koneko/Library/Application Support/mame/mame.ini
Attempting load of mame.ini
Parsing /Users/koneko/Library/Application Support/mame/mame.ini
Attempting load of debug.ini
Attempting load of horizont.ini
Attempting load of raster.ini
Attempting load of source/cps2.ini
Attempting load of vsav.ini
Attempting load of vsavjw.ini
Driver mmancp2u (file cps2.cpp): 1 errors, 0 warnings
Errors:
   Driver is a clone of nonexistent driver megaman

Driver mmancp2ur1 (file cps2.cpp): 1 errors, 0 warnings
Errors:
   Driver is a clone of nonexistent driver megaman

Driver mmancp2ur2 (file cps2.cpp): 1 errors, 0 warnings
Errors:
   Driver is a clone of nonexistent driver megaman

Driver rmancp2j (file cps2.cpp): 1 errors, 0 warnings
Errors:
   Driver is a clone of nonexistent driver megaman

Setting SDL_VIDEO_GL_DRIVER = '/System/Library/Frameworks/OpenGL.framework/Libraries/libGL.dylib' ...
Available videodrivers: cocoa offscreen dummy 
Current Videodriver: dummy
1 displays found
	Display #0
		Desktop Mode:         1024x768-24@0
		Current Display Mode: 1024x768-24@0
		Renderdrivers:
			     metal
			    opengl
			 opengles2
			    vulkan
			       gpu
			  software
Available audio drivers: 
	coreaudio           
	disk                
	dummy               
Build version:      0.288 (unknown)
Build architecure:  
Build defines 1:    SDLMAME_UNIX=1 SDLMAME_MACOSX=1 SDLMAME_DARWIN=1 
Build defines 1:    LSB_FIRST=1 
SDL/OpenGL defines: SDL_VERSION=3004012 USE_OPENGL=1 
Compiler defines A: __GNUC__=4 __GNUC_MINOR__=2 __GNUC_PATCHLEVEL__=1 __VERSION__="Apple LLVM 21.0.0 (clang-2100.1.1.101)" 
Compiler defines B: 
Compiler defines C: _FORTIFY_SOURCE=2 
Enter init_monitors
Adding monitor screen0 (1024 x 768)
Leave init_monitors
Warning: -video none doesn't make much sense without -seconds_to_run
Enter sdlwindow_init

Hints:
	SDL_FRAMEBUFFER_ACCELERATION             (NULL)
	SDL_RENDER_DRIVER                        (NULL)
	SDL_RENDER_VSYNC                         (NULL)
	SDL_VIDEO_X11_XRANDR                     (NULL)
	SDL_VIDEO_MINIMIZE_ON_FOCUS_LOSS         (NULL)
	SDL_ORIENTATIONS                         (NULL)
	SDL_XINPUT_ENABLED                       (NULL)
	SDL_GAMECONTROLLERCONFIG                 (NULL)
	SDL_JOYSTICK_ALLOW_BACKGROUND_EVENTS     (NULL)
	SDL_WINDOW_ALLOW_TOPMOST                 (NULL)
	SDL_TIMER_RESOLUTION                     (NULL)
	SDL_RENDER_DIRECT3D_THREADSAFE           (NULL)
	SDL_VIDEO_ALLOW_SCREENSAVER              (NULL)
	SDL_MAC_CTRL_CLICK_EMULATE_RIGHT_CLICK   (NULL)
	SDL_VIDEO_WIN_D3DCOMPILER                (NULL)
	SDL_VIDEO_MAC_FULLSCREEN_SPACES          (NULL)
	SDL_RENDER_DIRECT3D11_DEBUG              (NULL)
Leave sdlwindow_init
Enter sdl_window_info::create
osd_font_osx::open: name="default"
osd_font_osx::open: matching font: ArialUnicodeMS
Input file: crash_m10.inp
INP version 3.0
Created Wed Aug 26 23:45:13 2026

Recorded using MAME 0.288 (unknown)
unzip: opened archive file /Users/koneko/Developer/Vampire_Saved/VampireSaved/build/merged_probe_ai/rompath/vsavjw.zip
unzip: found /Users/koneko/Developer/Vampire_Saved/VampireSaved/build/merged_probe_ai/rompath/vsavjw.zip ECD at 1002
unzip: /Users/koneko/Developer/Vampire_Saved/VampireSaved/build/merged_probe_ai/rompath/vsavjw.zip has no ZIP64 ECD locator
unzip: read /Users/koneko/Developer/Vampire_Saved/VampireSaved/build/merged_probe_ai/rompath/vsavjw.zip central directory
unzip: closing archive file /Users/koneko/Developer/Vampire_Saved/VampireSaved/build/merged_probe_ai/rompath/vsavjw.zip and sending to cache
unzip: found /Users/koneko/Developer/Vampire_Saved/VampireSaved/build/merged_probe_ai/rompath/vsavjw.zip in cache
unzip: opened archive file /Users/koneko/Developer/Vampire_Saved/VampireSaved/build/merged_probe_ai/rompath/vsavjw.zip
unzip: closing archive file /Users/koneko/Developer/Vampire_Saved/VampireSaved/build/merged_probe_ai/rompath/vsavjw.zip and sending to cache
unzip: found /Users/koneko/Developer/Vampire_Saved/VampireSaved/build/merged_probe_ai/rompath/vsavjw.zip in cache
unzip: opened archive file /Users/koneko/Developer/Vampire_Saved/VampireSaved/build/merged_probe_ai/rompath/vsavjw.zip
unzip: closing archive file /Users/koneko/Developer/Vampire_Saved/VampireSaved/build/merged_probe_ai/rompath/vsavjw.zip and sending to cache
unzip: found /Users/koneko/Developer/Vampire_Saved/VampireSaved/build/merged_probe_ai/rompath/vsavjw.zip in cache
unzip: opened archive file /Users/koneko/Developer/Vampire_Saved/VampireSaved/build/merged_probe_ai/rompath/vsavjw.zip
unzip: closing archive file /Users/koneko/Developer/Vampire_Saved/VampireSaved/build/merged_probe_ai/rompath/vsavjw.zip and sending to cache
unzip: found /Users/koneko/Developer/Vampire_Saved/VampireSaved/build/merged_probe_ai/rompath/vsavjw.zip in cache
unzip: opened archive file /Users/koneko/Developer/Vampire_Saved/VampireSaved/build/merged_probe_ai/rompath/vsavjw.zip
unzip: closing archive file /Users/koneko/Developer/Vampire_Saved/VampireSaved/build/merged_probe_ai/rompath/vsavjw.zip and sending to cache
unzip: found /Users/koneko/Developer/Vampire_Saved/VampireSaved/build/merged_probe_ai/rompath/vsavjw.zip in cache
unzip: opened archive file /Users/koneko/Developer/Vampire_Saved/VampireSaved/build/merged_probe_ai/rompath/vsavjw.zip
unzip: closing archive file /Users/koneko/Developer/Vampire_Saved/VampireSaved/build/merged_probe_ai/rompath/vsavjw.zip and sending to cache
unzip: found /Users/koneko/Developer/Vampire_Saved/VampireSaved/build/merged_probe_ai/rompath/vsavjw.zip in cache
unzip: opened archive file /Users/koneko/Developer/Vampire_Saved/VampireSaved/build/merged_probe_ai/rompath/vsavjw.zip
unzip: closing archive file /Users/koneko/Developer/Vampire_Saved/VampireSaved/build/merged_probe_ai/rompath/vsavjw.zip and sending to cache
unzip: found /Users/koneko/Developer/Vampire_Saved/VampireSaved/build/merged_probe_ai/rompath/vsavjw.zip in cache
unzip: opened archive file /Users/koneko/Developer/Vampire_Saved/VampireSaved/build/merged_probe_ai/rompath/vsavjw.zip
unzip: closing archive file /Users/koneko/Developer/Vampire_Saved/VampireSaved/build/merged_probe_ai/rompath/vsavjw.zip and sending to cache
unzip: found /Users/koneko/Developer/Vampire_Saved/VampireSaved/build/merged_probe_ai/rompath/vsavjw.zip in cache
unzip: opened archive file /Users/koneko/Developer/Vampire_Saved/VampireSaved/build/merged_probe_ai/rompath/vsavjw.zip
unzip: closing archive file /Users/koneko/Developer/Vampire_Saved/VampireSaved/build/merged_probe_ai/rompath/vsavjw.zip and sending to cache
unzip: found /Users/koneko/Developer/Vampire_Saved/VampireSaved/build/merged_probe_ai/rompath/vsavjw.zip in cache
unzip: opened archive file /Users/koneko/Developer/Vampire_Saved/VampireSaved/build/merged_probe_ai/rompath/vsavjw.zip
unzip: closing archive file /Users/koneko/Developer/Vampire_Saved/VampireSaved/build/merged_probe_ai/rompath/vsavjw.zip and sending to cache
unzip: found /Users/koneko/Developer/Vampire_Saved/VampireSaved/build/merged_probe_ai/rompath/vsavjw.zip in cache
unzip: opened archive file /Users/koneko/Developer/Vampire_Saved/VampireSaved/build/merged_probe_ai/rompath/vsavjw.zip
unzip: closing archive file /Users/koneko/Developer/Vampire_Saved/VampireSaved/build/merged_probe_ai/rompath/vsavjw.zip and sending to cache
unzip: found /Users/koneko/Developer/Vampire_Saved/VampireSaved/build/merged_probe_ai/rompath/vsavjw.zip in cache
unzip: opened archive file /Users/koneko/Developer/Vampire_Saved/VampireSaved/build/merged_probe_ai/rompath/vsavjw.zip
unzip: closing archive file /Users/koneko/Developer/Vampire_Saved/VampireSaved/build/merged_probe_ai/rompath/vsavjw.zip and sending to cache
unzip: found /Users/koneko/Developer/Vampire_Saved/VampireSaved/build/merged_probe_ai/rompath/vsavjw.zip in cache
unzip: closing archive file /Users/koneko/Developer/Vampire_Saved/VampireSaved/build/merged_probe_ai/rompath/vsavjw.zip and sending to cache
unzip: opened archive file /Users/koneko/Developer/Vampire_Saved/VampireSaved/build/merged_probe_ai/rompath/vsav.zip
unzip: found /Users/koneko/Developer/Vampire_Saved/VampireSaved/build/merged_probe_ai/rompath/vsav.zip ECD at 1002
unzip: /Users/koneko/Developer/Vampire_Saved/VampireSaved/build/merged_probe_ai/rompath/vsav.zip has no ZIP64 ECD locator
unzip: read /Users/koneko/Developer/Vampire_Saved/VampireSaved/build/merged_probe_ai/rompath/vsav.zip central directory
unzip: closing archive file /Users/koneko/Developer/Vampire_Saved/VampireSaved/build/merged_probe_ai/rompath/vsav.zip and sending to cache
unzip: found /Users/koneko/Developer/Vampire_Saved/VampireSaved/build/merged_probe_ai/rompath/vsavjw.zip in cache
unzip: closing archive file /Users/koneko/Developer/Vampire_Saved/VampireSaved/build/merged_probe_ai/rompath/vsavjw.zip and sending to cache
unzip: found /Users/koneko/Developer/Vampire_Saved/VampireSaved/build/merged_probe_ai/rompath/vsav.zip in cache
unzip: opened archive file /Users/koneko/Developer/Vampire_Saved/VampireSaved/build/merged_probe_ai/rompath/vsav.zip
unzip: closing archive file /Users/koneko/Developer/Vampire_Saved/VampireSaved/build/merged_probe_ai/rompath/vsav.zip and sending to cache
unzip: found /Users/koneko/Developer/Vampire_Saved/VampireSaved/build/merged_probe_ai/rompath/vsavjw.zip in cache
unzip: closing archive file /Users/koneko/Developer/Vampire_Saved/VampireSaved/build/merged_probe_ai/rompath/vsavjw.zip and sending to cache
unzip: found /Users/koneko/Developer/Vampire_Saved/VampireSaved/build/merged_probe_ai/rompath/vsav.zip in cache
unzip: opened archive file /Users/koneko/Developer/Vampire_Saved/VampireSaved/build/merged_probe_ai/rompath/vsav.zip
unzip: closing archive file /Users/koneko/Developer/Vampire_Saved/VampireSaved/build/merged_probe_ai/rompath/vsav.zip and sending to cache
unzip: found /Users/koneko/Developer/Vampire_Saved/VampireSaved/build/merged_probe_ai/rompath/vsavjw.zip in cache
unzip: closing archive file /Users/koneko/Developer/Vampire_Saved/VampireSaved/build/merged_probe_ai/rompath/vsavjw.zip and sending to cache
unzip: found /Users/koneko/Developer/Vampire_Saved/VampireSaved/build/merged_probe_ai/rompath/vsav.zip in cache
unzip: opened archive file /Users/koneko/Developer/Vampire_Saved/VampireSaved/build/merged_probe_ai/rompath/vsav.zip
unzip: closing archive file /Users/koneko/Developer/Vampire_Saved/VampireSaved/build/merged_probe_ai/rompath/vsav.zip and sending to cache
unzip: found /Users/koneko/Developer/Vampire_Saved/VampireSaved/build/merged_probe_ai/rompath/vsavjw.zip in cache
unzip: closing archive file /Users/koneko/Developer/Vampire_Saved/VampireSaved/build/merged_probe_ai/rompath/vsavjw.zip and sending to cache
unzip: found /Users/koneko/Developer/Vampire_Saved/VampireSaved/build/merged_probe_ai/rompath/vsav.zip in cache
unzip: opened archive file /Users/koneko/Developer/Vampire_Saved/VampireSaved/build/merged_probe_ai/rompath/vsav.zip
unzip: closing archive file /Users/koneko/Developer/Vampire_Saved/VampireSaved/build/merged_probe_ai/rompath/vsav.zip and sending to cache
unzip: found /Users/koneko/Developer/Vampire_Saved/VampireSaved/build/merged_probe_ai/rompath/vsavjw.zip in cache
unzip: closing archive file /Users/koneko/Developer/Vampire_Saved/VampireSaved/build/merged_probe_ai/rompath/vsavjw.zip and sending to cache
unzip: found /Users/koneko/Developer/Vampire_Saved/VampireSaved/build/merged_probe_ai/rompath/vsav.zip in cache
unzip: opened archive file /Users/koneko/Developer/Vampire_Saved/VampireSaved/build/merged_probe_ai/rompath/vsav.zip
unzip: closing archive file /Users/koneko/Developer/Vampire_Saved/VampireSaved/build/merged_probe_ai/rompath/vsav.zip and sending to cache
unzip: found /Users/koneko/Developer/Vampire_Saved/VampireSaved/build/merged_probe_ai/rompath/vsavjw.zip in cache
unzip: closing archive file /Users/koneko/Developer/Vampire_Saved/VampireSaved/build/merged_probe_ai/rompath/vsavjw.zip and sending to cache
unzip: found /Users/koneko/Developer/Vampire_Saved/VampireSaved/build/merged_probe_ai/rompath/vsav.zip in cache
unzip: opened archive file /Users/koneko/Developer/Vampire_Saved/VampireSaved/build/merged_probe_ai/rompath/vsav.zip
unzip: closing archive file /Users/koneko/Developer/Vampire_Saved/VampireSaved/build/merged_probe_ai/rompath/vsav.zip and sending to cache
unzip: found /Users/koneko/Developer/Vampire_Saved/VampireSaved/build/merged_probe_ai/rompath/vsavjw.zip in cache
unzip: closing archive file /Users/koneko/Developer/Vampire_Saved/VampireSaved/build/merged_probe_ai/rompath/vsavjw.zip and sending to cache
unzip: found /Users/koneko/Developer/Vampire_Saved/VampireSaved/build/merged_probe_ai/rompath/vsav.zip in cache
unzip: opened archive file /Users/koneko/Developer/Vampire_Saved/VampireSaved/build/merged_probe_ai/rompath/vsav.zip
unzip: closing archive file /Users/koneko/Developer/Vampire_Saved/VampireSaved/build/merged_probe_ai/rompath/vsav.zip and sending to cache
unzip: found /Users/koneko/Developer/Vampire_Saved/VampireSaved/build/merged_probe_ai/rompath/vsavjw.zip in cache
unzip: opened archive file /Users/koneko/Developer/Vampire_Saved/VampireSaved/build/merged_probe_ai/rompath/vsavjw.zip
unzip: closing archive file /Users/koneko/Developer/Vampire_Saved/VampireSaved/build/merged_probe_ai/rompath/vsavjw.zip and sending to cache
unzip: found /Users/koneko/Developer/Vampire_Saved/VampireSaved/build/merged_probe_ai/rompath/vsavjw.zip in cache
unzip: opened archive file /Users/koneko/Developer/Vampire_Saved/VampireSaved/build/merged_probe_ai/rompath/vsavjw.zip
unzip: closing archive file /Users/koneko/Developer/Vampire_Saved/VampireSaved/build/merged_probe_ai/rompath/vsavjw.zip and sending to cache
unzip: found /Users/koneko/Developer/Vampire_Saved/VampireSaved/build/merged_probe_ai/rompath/vsavjw.zip in cache
unzip: opened archive file /Users/koneko/Developer/Vampire_Saved/VampireSaved/build/merged_probe_ai/rompath/vsavjw.zip
unzip: closing archive file /Users/koneko/Developer/Vampire_Saved/VampireSaved/build/merged_probe_ai/rompath/vsavjw.zip and sending to cache
unzip: found /Users/koneko/Developer/Vampire_Saved/VampireSaved/build/merged_probe_ai/rompath/vsavjw.zip in cache
unzip: opened archive file /Users/koneko/Developer/Vampire_Saved/VampireSaved/build/merged_probe_ai/rompath/vsavjw.zip
unzip: closing archive file /Users/koneko/Developer/Vampire_Saved/VampireSaved/build/merged_probe_ai/rompath/vsavjw.zip and sending to cache
unzip: found /Users/koneko/Developer/Vampire_Saved/VampireSaved/build/merged_probe_ai/rompath/vsavjw.zip in cache
unzip: opened archive file /Users/koneko/Developer/Vampire_Saved/VampireSaved/build/merged_probe_ai/rompath/vsavjw.zip
unzip: closing archive file /Users/koneko/Developer/Vampire_Saved/VampireSaved/build/merged_probe_ai/rompath/vsavjw.zip and sending to cache
unzip: found /Users/koneko/Developer/Vampire_Saved/VampireSaved/build/merged_probe_ai/rompath/vsavjw.zip in cache
unzip: opened archive file /Users/koneko/Developer/Vampire_Saved/VampireSaved/build/merged_probe_ai/rompath/vsavjw.zip
unzip: closing archive file /Users/koneko/Developer/Vampire_Saved/VampireSaved/build/merged_probe_ai/rompath/vsavjw.zip and sending to cache
unzip: found /Users/koneko/Developer/Vampire_Saved/VampireSaved/build/merged_probe_ai/rompath/vsavjw.zip in cache
unzip: closing archive file /Users/koneko/Developer/Vampire_Saved/VampireSaved/build/merged_probe_ai/rompath/vsavjw.zip and sending to cache
unzip: found /Users/koneko/Developer/Vampire_Saved/VampireSaved/build/merged_probe_ai/rompath/vsav.zip in cache
unzip: opened archive file /Users/koneko/Developer/Vampire_Saved/VampireSaved/build/merged_probe_ai/rompath/vsav.zip
unzip: closing archive file /Users/koneko/Developer/Vampire_Saved/VampireSaved/build/merged_probe_ai/rompath/vsav.zip and sending to cache
unzip: found /Users/koneko/Developer/Vampire_Saved/VampireSaved/build/merged_probe_ai/rompath/vsavjw.zip in cache
unzip: closing archive file /Users/koneko/Developer/Vampire_Saved/VampireSaved/build/merged_probe_ai/rompath/vsavjw.zip and sending to cache
unzip: found /Users/koneko/Developer/Vampire_Saved/VampireSaved/build/merged_probe_ai/rompath/vsav.zip in cache
unzip: opened archive file /Users/koneko/Developer/Vampire_Saved/VampireSaved/build/merged_probe_ai/rompath/vsav.zip
unzip: closing archive file /Users/koneko/Developer/Vampire_Saved/VampireSaved/build/merged_probe_ai/rompath/vsav.zip and sending to cache
unzip: found /Users/koneko/Developer/Vampire_Saved/VampireSaved/build/merged_probe_ai/rompath/vsavjw.zip in cache
unzip: opened archive file /Users/koneko/Developer/Vampire_Saved/VampireSaved/build/merged_probe_ai/rompath/vsavjw.zip
unzip: closing archive file /Users/koneko/Developer/Vampire_Saved/VampireSaved/build/merged_probe_ai/rompath/vsavjw.zip and sending to cache
unzip: found /Users/koneko/Developer/Vampire_Saved/VampireSaved/build/merged_probe_ai/rompath/vsavjw.zip in cache
unzip: opened archive file /Users/koneko/Developer/Vampire_Saved/VampireSaved/build/merged_probe_ai/rompath/vsavjw.zip
unzip: closing archive file /Users/koneko/Developer/Vampire_Saved/VampireSaved/build/merged_probe_ai/rompath/vsavjw.zip and sending to cache
unzip: found /Users/koneko/Developer/Vampire_Saved/VampireSaved/build/merged_probe_ai/rompath/vsavjw.zip in cache
unzip: opened archive file /Users/koneko/Developer/Vampire_Saved/VampireSaved/build/merged_probe_ai/rompath/vsavjw.zip
unzip: closing archive file /Users/koneko/Developer/Vampire_Saved/VampireSaved/build/merged_probe_ai/rompath/vsavjw.zip and sending to cache
unzip: opened archive file /Users/koneko/Developer/Vampire_Saved/VampireSaved/../ROMS/qsound_hle.zip
unzip: found /Users/koneko/Developer/Vampire_Saved/VampireSaved/../ROMS/qsound_hle.zip ECD at 980
unzip: /Users/koneko/Developer/Vampire_Saved/VampireSaved/../ROMS/qsound_hle.zip has no ZIP64 ECD locator
unzip: read /Users/koneko/Developer/Vampire_Saved/VampireSaved/../ROMS/qsound_hle.zip central directory
unzip: closing archive file /Users/koneko/Developer/Vampire_Saved/VampireSaved/../ROMS/qsound_hle.zip and sending to cache
vm3j.03d WRONG CHECKSUMS:
    EXPECTED: CRC(2a2e74a4) SHA1(e9e7bce3c2ad0c9eebcbcd5139979d1fa19187ad)
       FOUND: CRC(868d3a1b) SHA1(6961f9c10e0d081d2f7f47e059903044d2057184)
vm3j.04d WRONG CHECKSUMS:
    EXPECTED: CRC(1c2427bc) SHA1(9047ac0ccd875d91a8ceafdf1ccf9d21c4c71644)
       FOUND: CRC(0edc6be7) SHA1(4378483cb716f0d4f8f7babe8ee59c723130bfe7)
vm3j.07b WRONG CHECKSUMS:
    EXPECTED: CRC(a38aaae7) SHA1(0a5719eb2b0bbde955f605b1057ed6a8eb54ad80)
       FOUND: CRC(1e6f361f) SHA1(4b126f882b28ae558a4902b09d46daa96218bfd8)
vm3j.10b WRONG CHECKSUMS:
    EXPECTED: CRC(434518e9) SHA1(ce1c8557a9e6c5451ab41a96f01b0cd4ba02ea3e)
       FOUND: CRC(54e830e5) SHA1(0da3133e701848bf5dc2ecdc0ccd0e5e884b09aa)
vsw.41 WRONG CHECKSUMS:
    EXPECTED: CRC(75660aac) SHA1(6a521e1d2a632c26e53b83d2cc4b0edecfc1e68c)
       FOUND: CRC(b95762ca) SHA1(97f2903d3594ba1f0ee979a975f6b30ce09fcb09)
vsw.42 WRONG CHECKSUMS:
    EXPECTED: CRC(75660aac) SHA1(6a521e1d2a632c26e53b83d2cc4b0edecfc1e68c)
       FOUND: CRC(e5a25f83) SHA1(59136802b215fd6ff4370b264b623bc56db114f3)
vsw.43 WRONG CHECKSUMS:
    EXPECTED: CRC(75660aac) SHA1(6a521e1d2a632c26e53b83d2cc4b0edecfc1e68c)
       FOUND: CRC(504bf849) SHA1(13a184ec9e176371808938015111f8918cb4df7d)
vsw.44 WRONG CHECKSUMS:
    EXPECTED: CRC(75660aac) SHA1(6a521e1d2a632c26e53b83d2cc4b0edecfc1e68c)
       FOUND: CRC(ceb1784e) SHA1(739ad1d33c279d69588cfe8e184ce49ab150684c)
vm3.13m WRONG CHECKSUMS:
    EXPECTED: CRC(fd8a11eb) SHA1(21b9773959e17976ff46b75a6a405042836b2c5f)
       FOUND: CRC(dd2551ff) SHA1(969485a0d225d15e5d04b19c9fd12e609b56f712)
vm3.15m WRONG CHECKSUMS:
    EXPECTED: CRC(dd1e7d4e) SHA1(30476e061cdebdb1838b83f4ebd5efae12b7dbfb)
       FOUND: CRC(bc1b3db8) SHA1(3b2138eaf7866ae6e14cc52b2d63a093e249143a)
vm3.17m WRONG CHECKSUMS:
    EXPECTED: CRC(6b89445e) SHA1(2abd489839d143c46e25f4fc3db476b70607dc03)
       FOUND: CRC(c9727c5c) SHA1(93171644bfa7219a8197937a54ecb1a3a8be364d)
vm3.19m WRONG CHECKSUMS:
    EXPECTED: CRC(3830fdc7) SHA1(ebd3f559c254d349e256c9feb3477f1ed7518206)
       FOUND: CRC(8bf92753) SHA1(8d4b6106831dbf3096898a302c878ba09148053c)
vsw.31m WRONG CHECKSUMS:
    EXPECTED: CRC(dec0de31) SHA1(af06d6963bec3672eb3a591eec98e3833ccb5120)
       FOUND: CRC(7ce26495) SHA1(8ca73214181d3b1c5c294fe5cdf4b6db43abc310)
vsw.33m WRONG CHECKSUMS:
    EXPECTED: CRC(dec0de33) SHA1(facbd8fa45c17680f4c76e308b4f383a2cbc3743)
       FOUND: CRC(23afefbf) SHA1(6c768bd6bfb8ae2fd0d9216fa75e5cc867d31243)
vsw.35m WRONG CHECKSUMS:
    EXPECTED: CRC(dec0de35) SHA1(f813580566e7a41bcb5df8704a3e48a623d94540)
       FOUND: CRC(5ef54185) SHA1(af04b0c7434d827ee89a1d9cd1263e660871eb41)
vsw.37m WRONG CHECKSUMS:
    EXPECTED: CRC(dec0de37) SHA1(0444481dc5526fcc96defbe153562778967b8374)
       FOUND: CRC(51e98c4c) SHA1(1f2fa03e3ced5187a686cf28365339938d59f9f2)
vsw.z01 WRONG CHECKSUMS:
    EXPECTED: CRC(dec0de38) SHA1(9d35ba74a9ec5e19325d8bb05317b9c4aaba4020)
       FOUND: CRC(153600b9) SHA1(255e3523b5fc49b63d420c04547a69784eb5171f)
vsw.z02 WRONG CHECKSUMS:
    EXPECTED: CRC(dec0de39) SHA1(d6b46b13b927ef03cc89f1b7eaa943476231ecbb)
       FOUND: CRC(26b6ecc5) SHA1(9f113542d7bc75de01d62743af489e8ccc0559d8)
vsw.21m WRONG CHECKSUMS:
    EXPECTED: CRC(dec0de3a) SHA1(aaaa5e19325d8bb05317b9c4aaba40209d35ba74)
       FOUND: CRC(f6c937e1) SHA1(6ce098a5ef0d4e03e47ed5b3422fb99f0992152d)
vsw.22m WRONG CHECKSUMS:
    EXPECTED: CRC(dec0de3b) SHA1(bbbb6b13b927ef03cc89f1b7eaa943476231ecbb)
       FOUND: CRC(1147406a) SHA1(2bccbd2f38f15c13eb7d5a89fd9d85f595e23bc3)
WARNING: the machine might not run correctly.
Optional I/O port ':PADDLE2' not found
Optional I/O port ':PADDLE1' not found
Optional device ':comm' not found
Optional I/O port ':DIAL1' not found
Optional I/O port ':DIAL0' not found
Optional I/O port ':IN3' not found
Optional memory region ':stars' not found
Optional device ':soundlatch2' not found
Optional device ':soundlatch1' not found
Optional device ':m48t35' not found
Optional device ':oki' not found
Optional memory region ':audiorom_raw' not found
Optional shared pointer ':mainram' not found
Optional memory region ':eeprom' not found
Optional memory region ':screen' not found
Starting Vampire Savior: The Lord of Vampire (Japan 970519, CPS-2 WIDE v1) ':'
  (missing dependencies; rescheduling)
Starting Motorola MC68000 ':maincpu'
Starting Timer ':scantimer'
Starting Zilog Z80 ':audiocpu'
Starting Serial EEPROM 93C46 (64x16) ':eeprom'
Starting Video Screen ':screen'
  (missing dependencies; rescheduling)
Starting gfxdecode ':gfxdecode'
Starting palette ':palette'
Starting Speaker ':speaker'
Starting QSound (HLE) ':qsound'
Starting Vampire Savior: The Lord of Vampire (Japan 970519, CPS-2 WIDE v1) ':'
  (missing dependencies; rescheduling)
Starting Video Screen ':screen'
Starting Vampire Savior: The Lord of Vampire (Japan 970519, CPS-2 WIDE v1) ':'
Configuration file default.cfg not found
Configuration file vsavjw.cfg not found
Total playback frames: 4669
Average recorded speed: 99%
Average speed: 1185.78% (77 seconds)
Enter sdlwindow_exit
Leave sdlwindow_exit
