1 b9d103fd6854a325
2 b9d103fd6854a325
3 b9d103fd6854a325
4 b9d103fd6854a325
5 b9d103fd6854a325
6 b9d103fd6854a325
7 b9d103fd6854a325
8 b9d103fd6854a325
9 b9d103fd6854a325
10 b9d103fd6854a325
11 b9d103fd6854a325
12 b9d103fd6854a325
13 a23408d287fe4c32
14 b9d103fd6854a325
15 b9d103fd6854a325
16 532e03fd6854a325
17 b9d103fd6854a325
18 206bf4cc87271b98
19 b9d103fd6854a325
20 b9d103fd6854a325
21 b9d103fd6854a325
22 b9d103fd6854a325
23 b9d103fd6854a325
24 b9d103fd6854a325
25 b9d103fd6854a325
26 b9d103fd6854a325
27 b9d103fd6854a325
28 b9d103fd6854a325
29 b9d103fd6854a325
30 b9d103fd6854a325
31 b9d103fd6854a325
32 b9d103fd6854a325
33 b9d103fd6854a325
34 b9d103fd6854a325
35 b9d103fd6854a325
36 b9d103fd6854a325
37 b9d103fd6854a325
38 b9d103fd6854a325
39 b9d103fd6854a325
40 b9d103fd6854a325
41 b9d103fd6854a325
42 b9d103fd6854a325
43 b9d103fd6854a325
44 b9d103fd6854a325
45 b9d103fd6854a325
46 b9d103fd6854a325
47 b9d103fd6854a325
48 b9d103fd6854a325
49 b9d103fd6854a325
50 b9d103fd6854a325
51 b9d103fd6854a325
52 b9d103fd6854a325
53 b9d103fd6854a325
54 b9d103fd6854a325
55 b9d103fd6854a325
56 b9d103fd6854a325
57 b9d103fd6854a325
58 b9d103fd6854a325
59 b9d103fd6854a325
60 b9d103fd6854a325
61 b9d103fd6854a325
62 b9d103fd6854a325
63 b9d103fd6854a325
64 b9d103fd6854a325
65 b9d103fd6854a325
66 b9d103fd6854a325
67 b9d103fd6854a325
68 b9d103fd6854a325
69 b9d103fd6854a325
70 b9d103fd6854a325
71 b9d103fd6854a325
72 b9d103fd6854a325
73 b9d103fd6854a325
74 638981f5a8e59349
75 086042b8387bac83
76 7a3a349315f8b09d
77 e21a3cd5bf96b178
78 6822c24cb996b178
79 467065255b96b178
80 4cf857f40796b178
81 241a3cd5bf96b178
82 6822c24cb996b178
83 4cf857f40796b178
84 4cf857f40796b178
85 6822c24cb996b178
86 b7e532a45f96b178
87 4cf857f40796b178
88 4cf857f40796b178
89 6822c24cb996b178
90 467065255b96b178
91 4cf857f40796b178
92 42dec6bc948e0bfb
93 2b7f22143fc7a486
94 099d1a0c2df318e0
95 662fadba3450ff1b
96 8d5d54b7c738e75b
97 d89d4aa64041166d
98 58a1f32ddddf3572
99 87809ff686ce4c3c
100 59aef05e3f685a95
101 9404e866f4732edc
102 dcc0c0f6ccf6efc3
103 0495a29f4543ba0a
104 f52a0f92464f6691
105 63946be77c434588
106 e44839b8a02ae00f
107 a518e72c8f1e2256
108 e2fae533bfdd853d
109 b8848a2c5e604b84
110 f31a87635b3e880b
111 3541056fdcf49b52
112 ac2698998df24d39
113 df836db0d4fa07d0
114 fb3688dd00bb04b7
115 dac950b77102cafe
116 79509318d1280785
117 3ef8f027b7ca1ecc
118 60d8ec0adf62b2b3
119 60735b33bb9344fa
120 2c1c81e7cf311a81
121 214f03164e1c3278
122 9a4bfd2114fc6eff
123 06e6cf05894d6e46
124 e94873c32ca1042d
125 07a55767cde1da74
126 3b3fb29286d8923b
127 06db8f383f0b5882
128 a9328eab1dd91e69
129 95bee39a459f6e00
130 d2f292b5db14dbe7
131 c56777d934a5702e
132 d7d8be652ea7d3b5
133 f39805f0ab9699fc
134 643f25d9a67881e3
135 23d1bdf1de282d2a
136 6011f944e81043b1
137 017a48b1d60ad7a8
138 0cd40e7d6f29332f
139 a58f9ea01b166d76
140 2dfc8e341c23a35d
141 6d165207731dbea4
142 084251c0b69d852b
143 1bb13b274beae772
144 6ccb5faf390efc59
145 11f86b0fc2aa80f0
146 970477b5773876d7
147 42062218b612781e
148 cd3a7ea3e688eca5
149 9f0ccd58d56e28ec
150 665a2591df6e5bd3
151 f459ce71b6fd401a
152 2d1de722c9c4d2a1
153 84fc23da7069f798
154 6b545f1ba1596c1f
155 e892d4aa8d4afa66
156 56812b2b3342114d
157 1b52509758d09194
158 79adeb7e6ddcd05b
159 6be6066eb3211da2
160 d9f4510452f9f989
161 887ebef01d8a7620
162 0e0bcf3f4246ef07
163 c45f061140724f4e
164 181b20c13f4665d5
165 64813b3c2ebeb31c
166 85accbb239fe2903
167 d27f1c0e431abf4a
168 d0c9c8940dfa9cd1
169 96251a57fd59cec8
170 12b15bc893b5e54f
171 b2fa2472a9aba696
172 b2f1520a6d27ee7d
173 67cc6759216742c4
174 aa085f5b14e3704b
175 c4fe8f2cccc5e492
176 367cd73d5e376879
177 9b2a5c9f69344610
178 77408e091f3e01f7
179 37c509649db9443e
180 f9ee2ddb6ff691c5
181 33675fad5a89260c
182 9a6258f3096a97f3
183 2a8b69644adf0f3a
184 e0737b80c81a5dc1
185 648a57ce2c5769b8
186 1b70b63815a7153f
187 2408fd38c4ac6986
188 81869e1ebecf296d
189 4f6db557eb048eb4
190 d111f47eb8b11b7b
191 5d2d955dad05afc2
192 f90c4d2ccfdd50a9
193 b0f3ed3d7b341d40
194 702bfdd2abf7c727
195 1a1d7aeb516bce6e
196 eaf5e30a66831cf5
197 74912847bbf5c33c
198 7a8f530b73dc0623
199 fdf43fa554227a6a
200 8b57c191ab42d6f1
201 d1bf38fa7866c1e8
202 5a1d34e13645306f
203 968dbf7db49358b6
204 db1dadbcd4c1359d
205 fef918ad50c0a9e4
206 2e9270add554a86b
207 ccd66c918b8e3db2
208 73faa3df39016599
209 60a826a2a630d830
210 24c7be835603c717
211 4d90d5a0923b8f5e
212 5db711b22134fde5
213 b2ccbc13b3fd032c
214 926959211d7b7913
215 ea9279dac58e5b5a
216 67222a69ac69dce1
217 acd739b701a5a2d8
218 9b47c2e96dba315f
219 875468cfd17d52a6
220 c4cf01e7bf2c0e8d
221 a8004e43b28d8ad4
222 bf29ee16f849749b
223 d41742c775bfe8e2
224 534f94305601dec9
225 57e7cc6f25738460
226 35a04ac5cb93d247
227 033ac0751ede988e
228 3643fb4e5a57f415
229 f2f4d7744e0c0e5c
230 e31c25d293054643
231 c65769bbe0883f8a
232 cd956a0182cdb411
233 3e914abbb8119a08
234 08b501ba5b03298f
235 68b7ae3a77180fd6
236 282560a8aff1c7bd
237 d94373e22051a704
238 d00222afceb91b8b
239 3594ebc50125c9d2
240 14f9cd533025beb9
241 2c2e58c59b5f4350
242 2287df2086165937
243 effca735eb0de87e
244 5679d48628a6ff05
245 fda2d80ae5e6494c
246 c25a67366ec77233
247 74eea4761494587a
248 e8afd61ab0299501
249 8a8d202af8af67f8
250 576023c75adc2e7f
251 8e8243ab80d5bec6
252 cd4fafbef982a5ad
253 b144bd2629c46bf4
254 61137cc632f8e6bb
255 ceab4bd2d9e5e202
256 a8e2fb1f2453abe9
257 ecdc0450be8bac80
258 c0d2918812412567
259 8e24488aef374fae
260 4dcba5900e176635
261 77277ca95229157c
262 0358c40f783eed63
263 65f68c03b8eed1aa
264 be5421eb26196131
265 74a6be48a72be528
266 533593f4aa38a7af
267 bd84c6282f3066f6
268 13d9b7c9c2c450dd
269 c695bcc636083924
270 8521f5644f9ce0ab
271 bc95cd3ffe48a6f2
272 4756463c43e638d9
273 6b9d121cf9c65c70
274 c569f3ccb87ef857
275 7cb89ec210b9689e
276 5580a8c5a8f8d425
277 419fc5903d5c0e6c
278 78c27bcd20462146
279 beffbf5a1cf226b4
280 12e2e4cdde915b96
281 891d43ded984b12a
282 008425faabebcd5d
283 7dd04be9ef0b57a4
284 b26181d91be6bd2f
285 55a5f7dfbe172476
286 e8f91eabb4247979
287 0a6778a6acfed010
288 ef0fd8d82c6ffa4b
289 1ac81991657eaa92
290 5569e3cbab073bc5
291 9b9b888a85ace50c
292 0a5fb98776ba87f7
293 4111cceb67b90e3e
294 78d2d76a566c34c1
295 8f44400f37570eb8
296 6e507d69017461f3
297 9efda1aa6417d93a
298 885b3ff6e0bbe26d
299 16f08ef9ea46a8b4
300 1af16c91ea200f2f
301 aeee1e5fbb0aaa97
302 4e8ece9a1f577e68
303 3b6e890139818971
304 142cf6b29017d7ea
305 8e205af439ea08a3
306 a35bc75190d079d4
307 d6f330e11f9f8e18
308 a1439b3f6c74f9a8
309 59698c2a43d2c6b1
310 1f0bd1b1d62e1bc0
311 b556c7ce9a5d3b29
312 ec719a79a0f57c42
313 34c30a7cd67d6ffb
314 660da00b6caab0bc
315 a30f34d4692a9475
316 7132026c0b638cee
317 f76b08373ec0fba7
318 36c91d0d8cad9738
319 b3140f5800470741
320 2880aa7a3f50ffba
321 2e5a2958792e9073
322 4d02647e725af034
323 342a16e6beb5f7ed
324 113b56bc0b627906
325 65da2865162625bf
326 53bce32e6235ad90
327 29ebb798bb4c8ef9
328 1c69783e004eb812
329 bd7bdf20f04da0cb
330 2a3dce834734988c
331 46797075a8610445
332 b26ad6729bcee4be
333 dd2188c998dd7177
334 6675d7bb06362348
335 10bf798a3df67151
336 72f43ce0053bddca
337 a6b2ed5cac32aa83
338 1185dcd10ea71244
339 c718dbbcd4d77dfd
340 f1f9aeb4761f3b16
341 03702fc8361103cf
342 f992823dbf071ea0
343 e55ab0bf93b0a209
344 7d1e473eee34a822
345 ec25932cc6ea42db
346 71608e759d250b9c
347 842935f4d48a7755
348 52074f35cc0eb8ce
349 d1cc24138fde4f87
350 b75b55aee5880b98
351 dd0bacafb0de6ba1
352 febe12ea4698f01a
353 eedbaacc8d9064d3
354 7cd805beb5cab394
355 50d75cbe1e15054d
356 d13fcc6a09fb7e66
357 509db5509d46111f
358 8b2841f1e25bb2f0
359 d2567271a34e3059
360 4c5d9bcf0cf91b72
361 6f6681c58abbbe2b
362 d7ca12755dc9a5ec
363 87663cace53f1ea5
364 9b50a08d22f68c1e
365 d24933bc557baad7
366 765c90ce8e1e3ba8
367 5c94cfbd7d6bb5b1
368 65caee1b177f912a
369 74d30520625ad5e3
370 550cac267ac6d2a4
371 a23c0fa36987945d
372 5d6317d2472f9f76
373 5797be9ae4bab72f
374 ef74ec899214d200
375 ed74d935494cbf69
376 494594408fb21582
377 117f7f95ff01863b
378 deac7f499dfacbfc
379 0d22181b8b0f37b5
380 908b52e7dcd5f42e
381 89d4cfa8d1be0de7
382 16d482d9eab55f78
383 3a96fe5d66500e81
384 4f633073f0ba05fa
385 f8c424512c172fb3
386 231b89f7b83dee74
387 51394ad5e626762d
388 a15edf934cb4d246
389 15b655ec5516d2ff
390 0edc03d89b6634d0
391 4623bdf35c995e39
392 70f1bdf4e285ff52
393 ecb9937fc518050b
394 7ec5dc945f9052cc
395 e40c00cd612f6b85
396 9e59539e6512acfe
397 37ee26c9e2bd18b7
398 b3f67fb5b4df8988
399 65c3bf285480e391
400 ad8f462b20b4770a
401 7577ae798a4203c3
402 580d73ed81787d84
403 febd8abfb259993d
404 67f9b7a5cd498656
405 d9b112855842120f
406 299ae467eb1c7fe0
407 c3a45d763af6d049
408 0a4ca0076b153e62
409 1bd20c1f54dc981b
410 cbaa6f6d4deb72dc
411 edbb2a9064ceac95
412 caa0609d73b5660e
413 ab9d69243a91bac7
414 088c7d087c5cd4d8
415 21eee9eabac7f0e1
416 4eea799f781c6f5a
417 0839450b0454eb13
418 2431579afc230ed4
419 0983ad79d555ef8d
420 c1a42206dd374546
421 a6f7ea37ed81d648
422 7094df56b2398b87
423 42c128eab3ecd4ce
424 751663e9ced9ae55
425 4e9efa11d22bf79c
426 db64bfa7f1aa643b
427 d04577bc71640c00
428 82c150686d6ed970
429 4f9e485049ab69d9
430 b1ebb192e89f1ae8
431 9318bd9f679116f1
432 796b2422e984406a
433 f780fe01218df723
434 e8a06f158c0e5ae4
435 7529c5a21196559d
436 7e0910fb062838b6
437 5067b9b27409266f
438 89449fb625901240
439 84eb2e078c4790a9
440 f7b1f998b929efc2
441 df45ed7aca95a17b
442 f6089927dfb5283c
443 33007c942a1dcdf5
444 fe3d7c4305d3ee6e
445 39b5ec974bb8a727
446 de3f2c0b189c0eb8
447 1a5c5eb1cfd26ac1
448 2c7a2a788a7c2f3a
449 03cec127e2c1d7f3
450 553d90424101fbb4
451 3839844ede0ce26d
452 5d1bbb757ffe9a86
453 c9a804d7d61c353f
454 f0dd6c35e21f0610
455 019e895cf1397979
456 b2975f8797728592
457 19f89c1b2e8a904b
458 b8d38dc56e251b0c
459 b6821984ea9efac5
460 7d0f12d41359768b
461 4aa41723134f21db
462 00322e02340033f3
463 5c3adb9d34b82330
464 2d816062c2fa9eb9
465 8b1be46226533d28
466 351befaa3323a880
467 6d2644bb62340e57
468 f1c4e8a66c57c2a9
469 7e471213b8d8c0d0
470 0762df19bceeae59
471 eb988384c2951d5b
472 51c278ea9d6ae177
473 9867fb6981bd5d17
474 b747b5733651060c
475 4696ae58572d6c26
476 3ea1dbfcb4d468d7
477 a932d90fdd4071fc
478 b19a23cbf861ec3e
479 10ca3d02a080a6aa
480 c6fc3d61233280d1
481 e77d269113101c9b
482 058bfae8b286a88d
483 9d3573238da58fd3
484 68089e0ab6079ac2
485 0eb55173494fb8f3
486 9629deb274f61f46
487 b63d1f4aa537ba9b
488 af061ef0f5c4125a
489 59a925c6ec554b3b
490 0ac9c14fbe22ca76
491 9b7063036389b9c3
492 1608cedbdaf80fb2
493 639e649b874d1563
494 7c46c413c0014856
495 e4f841ec09c6eedb
496 221ac6ea277579fa
497 4c3d5dad0ec2b9b8
498 725f0b336c055ed2
499 3566b4ca18a3137c
500 db1bd0b10f871834
501 1c29ad16cff80ef6
502 9cddb6f308659494
503 f893cccaad77198c
504 5cae4cbd192d0b0e
505 25ce0607d927609c
506 0b1a91ad2756c7fc
507 8a1e31e47bd69bfe
508 c56c301a24a6bb2c
509 2e48537a5051a887
510 4f6a33b7fb84c060
511 2434afdd06b32d60
512 454abf4c699b0759
513 8787f0b1e24bc1e0
514 ab42235c0f12b80d
515 9c3eb5d98d18f538
516 45910e976d155cb1
517 25bf87e093c72c08
518 94ba5f0c0e8f0bad
519 769d0ffab9b7d340
520 99d604cd80f31719
521 99be5a657edc2c60
522 f62f9c5801d01a2d
523 a343e40c13f18108
524 60484eec8f19df21
525 471780f4ffee47d8
526 961f5d479b8c3d4d
527 b3ea5ed92931f740
528 44ff4375e3212fd9
529 82f5f7c92fee9040
530 3e0eb04a61c5e6ed
531 c95958c30b2808d8
532 ec8422c0e90f9a11
533 16eb6236e3a617bb
534 a4c6ee56193a5f43
535 84c00c461931d70c
536 a892f89d07c433a4
537 76e2566251397126
538 e295f433fc327fe4
539 21373a310a23e8dc
540 4a4f1c6b2116d33e
541 428aca063ecc869c
542 365ae0888d1d339c
543 f0cef78f3a13386e
544 3666b05a1132213c
545 77cb605d01f90827
546 171ff57550ff1240
547 922b8255ea0b73d0
548 ace9c4388dbd8939
549 4101d5b8ef02b460
550 632c579010fdf82d
551 81a8e2f5b19616b8
552 44d1e287d6ff5de1
553 52961760846bdef8
554 466fda678a01fa1d
555 eedee117eb7f95b0
556 2d240531e447ef59
557 3d1719d36abdec80
558 9dd8449221ae8a0d
559 bff9a87f03540b28
560 93c8be422f8c05d1
561 98d0b535de6127a8
562 f0edae7c7ceaa3bd
563 c66b66af0196d770
564 bcc257ceffc11999
565 2185b24f8fcef720
566 7a48ff3503d438ed
567 daab5afbffaf8e38
568 c9cbfa4af38aa9c1
569 dcc5238aac04c27b
570 8d78cc6e1a22e3e3
571 cf2930f1f79017fc
572 5663bea3ba564b34
573 6ac776d1f2ed8226
574 9ea1bf2e0b3e2184
575 f916b55a6e3fcc3c
576 fb4c270c66141aae
577 282e41570a1e84bc
578 da1469462cb7d95c
579 8a7d724e092ee20e
580 ee1de2700896db9c
581 e64505c4e5be8bb7
582 c96521b68f932df0
583 87e14301cdd86730
584 cdc8d781a2b63409
585 b57889e92b97c370
586 f4a7b06b0307ab3d
587 3aafc1d8fd734a88
588 c6fea18a6244caa1
589 f97156d43a2d2058
590 7c73d5e295cd215d
591 d75c077aa8729930
592 9c1b149e1acd45c9
593 1106129fabf86210
594 f19388d949841a1d
595 30bdbec0e3567298
596 7b66bc255760f391
597 d42499605a2b37c8
598 86ea40b424ba33dd
599 1a94ec4c568e2a70
600 7e63babcfe099be9
601 561c26f0bd2acf70
602 8121f964d3363cbd
603 5c4a0123595d16c8
604 da845efb71ba1be1
605 516c1c181c76f0eb
606 1ec15476c27211c3
607 2984d2e3fe004f8c
608 cd808604c45acd04
609 e8ddab368b270daf
610 24452f89fe9b7690
611 f8f3b64e4eda1362
612 69617b86c19ec889
613 f1bad74cafe5af71
614 dd7ef2ad890663df
615 b50a65362c2fefd6
616 32cbd1d1ff3e64a4
617 70de2f4b386ed524
618 842a851b99016bfc
619 710dcb00186328f4
620 bb07d3dafa409dfe
621 2e646b941d8264e2
622 b88a7e5d4f52722f
623 f69e9339d1697144
624 01b1e9a1e7b0b4c3
625 7f2ca462a7b56c30
626 f6af416ca24630b7
627 93baa42fef3a7b24
628 404dfff5e77c7483
629 8c95874e1fbea308
630 2e39db319eaed37f
631 6272e28f232558d4
632 9ca9019f7d0ac5c3
633 a7089e90ce03bda0
634 cd5991d19ff70037
635 4176ca836c4d5074
636 d5edbd6385d5cbc3
637 8c48f569ddbc3108
638 563448a38bcb1b2f
639 cfafb08ccf05ff84
640 1bd594da967ac763
641 75e6dfe47c368233
642 2262e169b80a5195
643 089db1401dcd9dc4
644 71dd2781fda05baa
645 62ca2b8b087c802e
646 78ac1f6c7eb493ee
647 262032381f3b4d30
648 47f3fa47f4d02a58
649 edf143147edeff58
650 ae80077ea421d0a2
651 ecd026db1904e98a
652 95ffff1311d2719e
653 c8696c7afa16f7cf
654 70793a4f0dc846ca
655 8b4b57977cb0d72c
656 d1c0c869a862189b
657 26276163b1361698
658 21cfab1eaecd4e47
659 1810bdc04bcc229c
660 f95d87036196bdeb
661 bdc1bc833066fc10
662 1707c56eb5069c5f
663 447a8023ad64256c
664 992708f926a5fcab
665 a0904c1e26cd6618
666 8ec567cd529f71c7
667 f1d61d129d20fbfc
668 4c1df47de973f25b
669 254ed9343eb13080
670 1fd3f4220a088acf
671 5b3a86dc4aa311ac
672 ea77b7179e3cba3b
673 a7bfb36bb901e618
674 f8d6e6cc29770727
675 ed422d573eb3bafc
676 fb55b135814361ab
677 edd7b133f3b6ce83
678 dbff43480165977d
679 151ebbb72d7125ec
680 c6681e2792d7a172
681 bc10b37bafcaabee
682 195747cac62394d6
683 1b6f4addfb4541a8
684 846975812a9fd350
685 7d0966f9b26b63a8
686 89ae2bcae89e9e9a
687 2c51b8fa5004be32
688 779af18c2dbdfb76
689 58a13e280ecdb94f
690 705e6e8f9688c0e2
691 0fa2307d6964e3b4
692 05fb7ab51dcbd2d3
693 9baaf0de479bd598
694 e5c269affdd53bef
695 47453cfc82b7f4d4
696 545682e0e25ba0c3
697 01c1007741929de0
698 84ecd80879fbaee7
699 975eb7f9c03ae6e4
700 f4eb920caca89793
701 fa7299693ffeee18
702 a34c790f5997667f
703 0adc421a7a4d0e44
704 2b900b53798fc7a3
705 e464c44e064877f0
706 9db09315b79e6b47
707 22f82e9bbde57e94
708 aec1dbd6cc0ea9d3
709 aaae3a6069440b78
710 afe1e32156ff972f
711 55604382ea729db4
712 0d2d781af68383e3
713 caa33ceb2b45ef43
714 a18b38d291d4eaa5
715 a0942b9b334f98c4
716 e83da587bb8540fa
717 000ecb021ee3fcde
718 84c795da3a6fdb8e
719 a67ee8ae0f043060
720 2d8cadf47d00a0b8
721 165ad54658262108
722 1c9e695a1e25e892
723 8e2cea1a6bda3bca
724 57aeddce6817ee6e
725 db99a4431cca677f
726 b26b491c3867d88a
727 774036af5be17a3c
728 d95018732a923e5b
729 c2b35d99fb328348
730 87132b8f91ca8d97
731 8365e177d62799dc
732 c35d326f92f8a21b
733 a880b938709cfe60
734 baeb2d00338aa8df
735 f48f82cc1d33ca1c
736 ef07798f402949cb
737 9f061fe1b1a57b28
738 ca236e88d2295277
739 5967ff6bdbe2c43c
740 5a83fa1c8556e7eb
741 8f5821f1463ded30
742 d92955438047bd0f
743 7d7f39e236ae609c
744 5101e491c63198fb
745 c36f7ec711d19ce8
746 b13be3226796c617
747 20dd284a264686bc
748 440072153b1c4312
749 1cb15f1b524e635a
750 f17283307cbab59a
751 c10e262a46c8925e
752 b6621c56b083a636
753 8bdd215acabc6103
754 f9107f933cb65f85
755 98244e3385651bb9
756 a4a719c2822409b5
757 0a53f39cb469e346
758 638f95b065f5d976
759 902857d3c7f6b410
760 f0a8097544411c05
761 092af8c39fbc5c39
762 35b5d20acfd56335
763 d68f9d4c168a7449
764 7adf46c63bb93e08
765 be72e2ef5957415d
766 71f6fbf4637eef28
767 dcebad40db4d4111
768 398dfec733d12e38
769 dc0ef9256a5c9e9d
770 1c4df4332332d1e8
771 256cc7a0d168fca9
772 b20031ec53f4c898
773 af07e49fe03db23d
774 0b01c3ed96033c18
775 73e69183a7a988e1
776 fc28abb9dd615668
777 a2a003b99ca2e75d
778 b8e6a0030e44d918
779 52229488ee9a8d29
780 803bb8fe063646a8
781 8d6a22650f04f1bd
782 bef95006b381b408
783 7ec4b12fda97ecb1
784 0b5b63a01c1bf7f8
785 39e138db4c520c06
786 db71ce5b44ad8da2
787 49121151365a55a9
788 29b3fe8bfba2b139
789 220c3e1894277cb3
790 9bf09e860fa48c11
791 fbbfa9fc6e49f3e5
792 c9d73d0566125bb3
793 c09decc25a3261c5
794 efaa09123c99d805
795 a2ecf0fce524fe4f
796 76d7bf280e20f75d
797 beeee2fcaf992a12
798 51cfbf7d9b60fd55
799 717ac501e2f68af9
800 f4b1ee1c9022a9e4
801 5772922f6bedebf2
802 a1180bc261f9dbab
803 761bc733d2a12351
804 051f1ed87aa1dc9a
805 c8ca4e0c2d036a2c
806 98966807d1e5b796
807 18783a60f76f8324
808 a4ee94ac87179be2
809 0f5507f953e780fc
810 d1b04053cc4d52e6
811 3d5f24a0ad9088d4
812 a2d6475c4e35130a
813 d9a34dc70e7ebb4c
814 a1713e49d3387856
815 c86646413516d7af
816 3a2d9db826a0138a
817 e57fc4b079ce1884
818 50ac63ee120eb19a
819 f6ac3bfbc704cc49
820 189caf504578a77b
821 4e14311fc2cd23b1
822 480db3367ceeaefd
823 cc5f07819cd12777
824 b233fe2ffd0e75e6
825 08bcd239513f09d3
826 e6940907ca181163
827 c2fb269b5bd887f7
828 04038023f3f7918c
829 cabce01b133cc71d
830 97bc459876e3304d
831 b43b9a2d86e099d0
832 e8585e4c253d5ee6
833 23afc9c6e1b3ef4d
834 a4710559a634b962
835 0a936561a00af183
836 207b1b263284f320
837 709fcd438f68fee9
838 6fc61161ef135dbe
839 685758c2ee0471df
840 8667d13815ed47bc
841 4f471afd24f79755
842 f50e591477de94ca
843 a9dd1f02a382accb
844 d5e581ab959e6608
845 89db17b331204d11
846 26b2ba378444fe66
847 69f9b3c832c0fe07
848 f087fac6e7b2aae4
849 f58ae24b498606bd
850 867c390e861e30d2
851 28336d2554f3a533
852 8da5033c6077cc10
853 53dfd7dc48997219
854 d82fc47c40c6f23c
855 72273db8a3d3490f
856 e0ea24c1cd5ace3e
857 28f88f97185b7b45
858 443a28eb6c1d693b
859 cb264512e89ccc39
860 0fbb8a05b5970e33
861 fc12e7a8b07da8d3
862 e3d4e8d753d6dd42
863 6061168c362ea55d
864 8bab51d9be205e00
865 ac91b5100bd6e3df
866 b4bf32982fe78ee3
867 38845e6614fd97bb
868 ff22b1a56fec37dd
869 7b1c3e66d809dd81
870 2c8c20ff489d9924
871 97d1a8f1a0f7f9fd
872 e650a033f7ac1ea6
873 8345edb82ad04db5
874 37757196936bae19
875 923ef4c62e45a4eb
876 bd6644b766981368
877 59be20688b395732
878 04abe2133c63eac6
879 311736ea1239e501
880 3ee7e74819692c7a
881 6daea9e4d7b15f3b
882 bfc91e28bdd6f81b
883 7b61c95f52fe39d3
884 cd910df4c46386b0
885 c6e134e307886739
886 7c3e87f5769f7f4e
887 417f96aa1df48f2f
888 a11760bb20823c4c
889 df63be04e8abed74
890 52b699802406012d
891 86573b776c430153
892 a2525bc546066e8e
893 7451170940896a2e
894 78cb700e44fcb31b
895 09b2975c9adb7b8e
896 111034136225bdde
897 e8700bb04f8d0e64
898 6b7211dcc3fbcdf2
899 a661237ff6fc4590
900 166a114a71ab528f
901 35c127a95b4cbb2c
902 570bfd19543e6db2
903 2443717257414e2d
904 5802566695e7f9fd
905 97d892efb1d68ddd
906 9560dd7c97b9da94
907 cbeffc1bb76494b9
908 f97bd8f077f5c345
909 be913b6d75a99708
910 b29923c33e52ebe9
911 a86cbf40697fb436
912 d3a308f3db08eb94
913 bf1840375350e243
914 81f1b440463c1355
915 78ba6a01e421b54e
916 8e11c45a8f1cbb39
917 b4dcfd9ffaddd35b
918 09b149c502c574ef
919 e427a4279eae452f
920 21d0391a9b643f9f
921 08d1e9827d5f8072
922 de75f96038997d3a
923 0e5ea5f50d237a01
924 132449990f854cea
925 e76619d3091eda48
926 d8b6c8bf036ef705
927 f314b1ef49a20fa9
928 ebd16f9e3f5decbb
929 72cd411f709b849a
930 b4a6938f5c5b47e3
931 a1e5a282e4a40f4c
932 84f468d81beb1ed1
933 63dab9a6d9a8067b
934 d6d05304ec650a48
935 8e109e51428dba89
936 f5b5515904cb0ca4
937 fb3b2352d4b017d5
938 525d20598a074d10
939 61e8e4cca408245b
940 1a5ffaf363264266
941 6d9b74f0362f3685
942 4a12064d48c95b4d
943 8ba9cef6462c19db
944 3f38f22f6c02f84d
945 c97389dbf2160ae4
946 d110924915822da1
947 da401e9b7067fb15
948 d00bc59efddf0f1c
949 83e81e9abb7c0bd4
950 5d4a447d650b82c2
951 1ee08361c83fcb91
952 fd6d5916b8e26ad9
953 956178a7a63cf5a6
954 0ae28c723b0bb161
955 fccf6e1f2c3c750b
956 053226c8970e9bdf
957 794c59e7a7fc1f82
958 4ecf473eca990554
959 4654219f419c0cd0
960 62deb4bfe3b9d06e
961 0f31e3d3f60bad5e
962 e74c9d7335244f63
963 bd8d7248a45329e8
964 2ac98186f2a422a4
965 de756d0dd2e9eae5
966 e8c460c46add5f65
967 7edbbe80f19fa51f
968 cb8846548ba6c448
969 3d6e4492b448a871
970 7faaea02902d3efe
971 59203858f5a3e4ed
972 8712d466b450b397
973 2cfd6b332cf276ad
974 9ba28bdfe3a35956
975 4ae166628866c53a
976 9965cb1b5996113e
977 7ebb82be87cee662
978 1f49984ae935258b
979 d39a819ec453ec01
980 62181dbb1a7de8dd
981 c2af51d67b3226bd
982 595fbf303d32f81d
983 cc24fc214837e3b6
984 38748986cbc0c6dd
985 cd6367e3632e089b
986 fc82c6b1456a98ab
987 ea68ad1ba035c6d2
988 6213f3664a22e62b
989 92792b29c172e1fe
990 cbf5917d41790fea
991 d758ccd1a414c3f2
992 58979d23cdcd57e0
993 eb61b6bb85823773
994 2be291373eeb1ff7
995 82539fc34f0a8637
996 31a480de95bd5974
997 af17912b958e46b1
998 4d61fb3494085ad1
999 f9c8a930c54285a3
1000 5390beec703c9763
1001 47ff26c0c8119cc1
1002 540735a30d2d332b
1003 4a914651830781c3
1004 d80399d7a1b69383
1005 0d00498f269f0b08
1006 578e33c3066bbfce
1007 0363cf294c9b25ac
1008 d3c61d914b427df5
1009 9e096dd751952650
1010 6301001179078d0e
1011 7c69092c0e9a2157
1012 04e0c0539d19bd0b
1013 5800ce03b9907877
1014 d170ed9120a99e88
1015 94e61b36c55085c4
1016 a2abd7e95e296c2d
1017 49f3800e3989f6ce
1018 d4992250506705cc
1019 b7cceffd8da75056
1020 1ab19e1a3e826d13
1021 1b6e6a05247c85cd
1022 091fcfa4b479b741
1023 edf880f3b57201c9
1024 e91f2fd8be4d299a
1025 38dca732d716ac44
1026 ac42d24aeb9ce30b
1027 b85b04ba7f52cc95
1028 9333265368b256a9
1029 3280b179d43b59a0
1030 56384f011edecd35
1031 cad0004c2349e371
1032 b8fec62ab3123158
1033 072d47e28b17a4e8
1034 35a5fed12be3f4c6
1035 0fb4e1bfd0308b85
1036 d6470168e6cfef2d
1037 a733ea4e917f12ca
1038 d75c1fce7429ee95
1039 8cf58a1b720acdff
1040 94e46525ad468c7b
1041 143a1ccb93344746
1042 c9e04655c9d471cd
1043 258b357d850d085c
1044 e93b598c8a6dcc54
1045 fdb022f2d2d1d17f
1046 f28c4ee83d911042
1047 67b7e9943a2c7614
1048 da376c550ae5ae0d
1049 2320ec95aad19c94
1050 0a8c3d1ff9e52764
1051 26b143119863efd1
1052 52961df56d2358b5
1053 7f943f06bf0bdc64
1054 dd04f7559e0e8892
1055 84ac82643fbcec51
1056 41147a96d8ed8deb
1057 a99afc0933e90291
1058 1849a65fa9c4894a
1059 163e0645c538aad6
1060 9db9892db1c65e12
1061 9ab1ef847c2bf33e
1062 1b421d08c97854bf
1063 ad2bc955f975b115
1064 ef73f69e669091c9
1065 89581efa79a907f1
1066 0e6b1db15b8144b9
1067 a63ce089c023e812
1068 8cf06bebdf4d2579
1069 b7d0e7598ad411bf
1070 e75f94f1f3995007
1071 aa96af50274842ee
1072 26c3b40cf28c621f
1073 70ff0b44a3f3a6fa
1074 7e84924bf4bc9376
1075 894847e85a933dce
1076 2ffd1cb926f1ef7c
1077 83763fcde1ead9bf
1078 d49a8362826c1733
1079 afec54f376e227db
1080 12f081c562814e68
1081 5522f6bf47181d3d
1082 21a66d04182b6855
1083 3e39330f8ea2a147
1084 ee77baa9dd827fd7
1085 d804038e912bbb95
1086 9f88979a8b55460f
1087 48f6745f4dff6687
1088 7903ebd9f1fc3037
1089 d330becb8ed716dc
1090 d34aaa1f616fe762
1091 db5a8fefbd984260
1092 f28518249f3a8409
1093 86f3b4ab5317a454
1094 79575bac727a8c62
1095 32d532527b77622b
1096 5197856b008edc67
1097 e03cec86576840fb
1098 7fae3ade8b65d44c
1099 1e7ff36c1c6551e0
1100 1d372e93f2276413
1101 9e41e66eacf11186
1102 d6ade3000d3f37db
1103 c883820534067fb4
1104 c02a0a8164712c81
1105 4d94e5d24bf899f2
1106 44bb19c529a62811
1107 63d1f431514d3d70
1108 e82ba46f4530b5f3
1109 772f6b00230d56b7
1110 5785eb5b1832ee9e
1111 2e126f1238f0b306
1112 7b7b16c5d653cd88
1113 4cbfa9f213e94148
1114 861360fe580b78da
1115 e2bf1e1fa448accd
1116 94def786a0342e6d
1117 465c0edc981b9c0a
1118 5264d2668ebbed8b
1119 4cfeddb2b4f07ee8
1120 e7f881150683e61f
1121 4f2488428b6a0f6f
1122 6e735961d7d69258
1123 b88ba16104735046
1124 69974cf588a1217e
1125 d7b216c40bb9acc9
1126 f87d8e7524c14a39
1127 181c83a69f527f84
1128 dddd9b581708d136
1129 b0c09ef42fcfe38f
1130 bb6717dbcf6789c0
1131 84a0e1f88314977f
1132 6b955ba92a8aa66d
1133 f55e02cdff7d7661
1134 4908ababe93a907d
1135 3fba1029ee3623da
1136 57ad5008253074dc
1137 f46a66c2891ef0c7
1138 ab6dfd1b66aad937
1139 fa37d9d6292bbb91
1140 d3130c64c52bdc50
1141 85b4ace0efb9beb1
1142 8574a8793710e1d5
1143 337e198844312700
1144 91edf1570243cf24
1145 4ed5a8ea47d5fa56
1146 32ec1d1ed90210af
1147 ae2f5e7297d1f7c9
1148 84bd112d6cb8999e
1149 1e478c6902cc9811
1150 b54d369903c9daa5
1151 b6308e918e47d6d9
1152 c6d60f35a83991c4
1153 c28fb887a3a22244
1154 5801008ae553bc1e
1155 7dbf81bdf4d0c11f
1156 b55256e83fe17649
1157 fdc72693650a91a0
1158 9f000e57453cd993
1159 506a42e1cd2bc0cc
1160 02240a16e09fd582
1161 622e2c12dc1e62c3
1162 9806a0a5e25c8a2f
1163 c67536b534b53ffa
1164 935cbc2ebfc22f9c
1165 4e852f3fb09a1a28
1166 01136b22157c7f74
1167 3fda58063cc45a53
1168 013b7d93be23ea87
1169 34c1cf8d1c2720d7
1170 19a64f71f5d266cc
1171 508ea2c5f78e3db0
1172 f6eea38e2fe3e45a
1173 bbabff60197c20a3
1174 86375e6991eb8d8f
1175 2649f5b4fe62fad7
1176 38b768abd7900954
1177 bba2c6dbb9d867d3
1178 1557054b4f68d01d
1179 632954d06a115c34
1180 c8d219ce762233b0
1181 d107eb496a147cfe
1182 4065a93726f89961
1183 c9b11f2175c842fa
1184 a31560c497d717f4
1185 4a8d887cbd55731d
1186 1a5f4910636ba9cf
1187 ec7e908ac0b7ae8d
1188 f7e299d377839aaa
1189 af7cb91f541df98e
1190 33828d6ba63f7420
1191 8f05ef6432e76dd2
1192 d15e6345e7b36db6
1193 24d480aa71461d9e
1194 85618ed91dfbdffc
1195 2615b97657e62f59
1196 64516b597fdf3ad1
1197 7e1227cd5dfd5162
1198 1fff1af5b05f7e63
1199 14a7f692888bf3e1
1200 d827ae78cf370fb7
1201 b894285637a203ef
1202 28e390806cb9fd81
1203 fdf978b8914c39a8
1204 652f929b3bfadef2
1205 b13e4b5bb38826b6
1206 db20c6b3b301b7dd
1207 8dc2db65dc5fc4b1
1208 6fc2a0703d5fb5d3
1209 2b518743509c5fdb
1210 25f6871845906444
1211 80c0daa88eec31a4
1212 592466b7a6ead6eb
1213 eda4645af4d08ca7
1214 d102992de8a0fedc
1215 f4a5adea9c147de5
1216 9ee1828e9aeaf045
1217 cbab83a705f18c9d
1218 8cf4cf2c1f796e3a
1219 258401d599324170
1220 3e8a2d991f9df555
1221 7a0f6f4655a6d596
1222 5d0ae228fe70a2b3
1223 4febde664d3aa75f
1224 47537a89aab311dd
1225 4764ceb1f9391b89
1226 bef7db2927bb7b6d
1227 e1685e588a2dcd74
1228 49d2da843d38bd08
1229 af60ae354fdf0178
1230 e113c9cda1e5d714
1231 55783238402d6225
1232 f74a27dba72f4f7a
1233 e27d21b429071110
1234 ca3193fa5e37dbe5
1235 662745aa8f5e922d
1236 6bc6f8b261115981
1237 a5f542ea8a798d46
1238 a209f1bc25c3172a
1239 ee4e4ce1148af7fc
1240 10306e116481ac7e
1241 7a0208e3eef1643c
1242 c3517b5f39cef716
1243 cc56b2f58fda2b2f
1244 d7cdd8097784f494
1245 ff1f7be6c1290df5
1246 c4e96ef4a069febf
1247 aabb5091d33d583e
1248 9bcf64a23c33f802
1249 27c87a661459eca4
1250 78d5e165252f4065
1251 6a642140bb709d6a
1252 e180e322a11a37f3
1253 93eca39a4e73624e
1254 6f150789becaf1d2
1255 b02e16d4a8d9d698
1256 d80cd1736e123db0
1257 4146ac0dffb2db59
1258 77c3671406686de8
1259 931878d60e0c2839
1260 7d2f3b84b41559a0
1261 24e2b162a2f3692f
1262 72fc9a5aee26268b
1263 63c8ff9700745127
1264 dd3505b705a059a4
1265 b901137252a342b8
1266 df95b7308dae7ee2
1267 f6c1a04f67eea963
1268 d443a26f8e86f3b0
1269 1b1d5016b47bdc49
1270 45dfa484d8dec3f3
1271 14711a1c3137c081
1272 254182690697ed76
1273 c10f566043e676b2
1274 59302649a9818d64
1275 e2b4cc74145ddfae
1276 b584189aa4e1e5ca
1277 bb84a5fd611e5c6b
1278 97174e3466487776
1279 d598c28361079c67
1280 9e59d340e12e0d54
1281 39eb6b5d806767f7
1282 e5d485145f240b2e
1283 a193015d5e71fac9
1284 f63167d3ae832184
1285 cf2648f16efaadf2
1286 433a9b2cde9eacca
1287 c2c91d8917580ad3
1288 9bf3d5fd0f5b4628
1289 74dc497ef12f2d1c
1290 5409871b41b5c8c4
1291 7a96615061433e42
1292 957db46df50ac147
1293 9541c648ffe9a545
1294 af04972011109952
1295 6c627dfe08e42428
1296 cc5236df7d0ca537
1297 bc22dfe3ce11f0fb
1298 ae27f07fcb7286f5
1299 8c49876f76e73d91
1300 80912558fd322995
1301 7ebfebfb73886978
1302 add29ee0ac864987
1303 193ba1b126f7bafe
1304 1bc2842186a5d751
1305 a134604416d967e9
1306 8ca0969e2d05207b
1307 1e967419cbe844a5
1308 12cae36ca0a56747
1309 9405542d2316c69c
1310 7bc5d795fbcae45f
1311 59f664b5cdc7ff92
1312 bd2432355a3bc134
1313 3ef7f3f5258bcc5e
1314 7670bdf0f7866a03
1315 88a6f9acbb014925
1316 e5f47e2cf09afaab
1317 b6a53a2d04cd5c65
1318 d91bf0db303a2c9a
1319 e0d9b592e8b01ca1
1320 4326a4a22696e154
1321 ddb823a63a77be0b
1322 e00c748333634c82
1323 519890f55d31c0bf
1324 82126d2a89c92d80
1325 65478cd58a053d05
1326 7e8615142599a3a5
1327 5c533d50c2379246
1328 e21944f6fe281072
1329 52e1d7cf01e96579
1330 93b4435e02c5621d
1331 2bab529c8ed2f7a7
1332 858b12785f3d0d17
1333 28a6327b1fee3deb
1334 143f42208bf61d84
1335 5667fa94287dac0a
1336 eab3eef4443a392f
1337 1740d78326a60bd8
1338 c4d7d7f697487a3a
1339 6f8af7b2831ef5ec
1340 49ec4a6a611a576b
1341 8828ea1ca166450d
1342 7d5c8298735f70d6
1343 9e0a2b47906cd297
1344 4fa2a3c9effe8b33
1345 8c97481a8ca3ac37
1346 b708d702777a051d
1347 35a897d0ed0f4dea
1348 033a07fc38890250
1349 49ce5a4c9d34b8ba
1350 ce95e7f1fe28c54e
1351 5f48090001cf10b5
1352 f014288fd01edd08
1353 73005a5b4ffaa4c7
1354 f22dc5927729a772
1355 53d4faec043e72d7
1356 0c366632f7f431b5
1357 848486bc1dcc5af9
1358 95d185228f061d97
1359 2efe588a35278da2
1360 dbbbe206baea0666
1361 90eef6dda37d61b4
1362 5cb5e4effbaae0a1
1363 fd08807cdd551651
1364 833770269cedd708
1365 1951003853f7edc3
1366 4214fdac03e85c5d
1367 c86fdafe5bd31225
1368 b4626c6c1f76e836
1369 a2d42c32b9cc8bc7
1370 d949abfca13dbab0
1371 09578a51f47759a7
1372 17eaadacfbe04ef4
1373 5d03c7ae9dc2f122
1374 10edbc6a89924a4b
1375 84a425db13d95ce4
1376 9c681a1b7367d2cd
1377 28c880ab8aa0bc6c
1378 dab7eb28071b1b95
1379 0bb143440ad64606
1380 f1716106ebf002cc
1381 e534db07584f2c02
1382 5dcd6c997247a6dc
1383 9d246c6c8e38106a
1384 043d08ce7bb8e6be
1385 bf45018353ede623
1386 75e2b7c93ebb6ee8
1387 6816780b9cb2776a
1388 3c1de2d224b38758
1389 d2c5447f9de9c6ff
1390 3f530b3ee6ea025f
1391 f0772bd2316e18c1
1392 880b3761ca57013c
1393 050ffd5af9324ec8
1394 1df5937bb1bd68c1
1395 d259f19f1cf9f819
1396 f60d285e125bac64
1397 440fb2ab789c9dcd
1398 feeccc7f91ffbd88
1399 4fae20d4784851a1
1400 45476892dab35bb6
1401 ccbedf9d5f98c740
1402 3ab695bc8d35244b
1403 597099a554ba0de0
1404 9e804fae635ebb9d
1405 ff76fcd03d59fb82
1406 c74d13cc106574e6
1407 83ae2f8e9c7a3cfc
1408 3bbaf0b58892116f
1409 578113c0b78c6a98
1410 f41b1ea08df0727c
1411 8d202298a879d6d7
1412 8a0b05dc7a445a31
1413 5b40fa8da2d1147e
1414 6ae6c6acb0abcb83
1415 e6a7fd01a6a46c50
1416 7be25decda1d7d75
1417 a93841777d156af6
1418 8a424a682fa481f1
1419 af9c7cc4266dd234
1420 1197346f43d68a87
1421 601f151ae422f4d8
1422 525d0179e725a201
1423 d1520413860b74ee
1424 bc257ab979f22769
1425 bb37e0f2e65b2470
1426 7f38ad2988c7dc74
1427 e5235412227e7512
1428 2e41240c5736f4f2
1429 f952d5dc788935a9
1430 1df19d0f0226fabe
1431 ed847dd81bd835d9
1432 7ec536af1ff9dbf4
1433 54d3719dd7f35665
1434 f2cbbf7a3109426e
1435 2eba6728d6ca863b
1436 217302d887d7f93e
1437 95321be6a9689334
1438 0f2556be6551b3b5
1439 091b9be7e20c4e8c
1440 5ca64f78de271afd
1441 ede22a0b82498b60
1442 6f504908b6c53d56
1443 2e03ff380e6d3595
1444 598112c0bfb85334
1445 1161b4a663d85ebf
1446 f959e01715fafde6
1447 c77197771cdc1c6d
1448 01f41dace900d995
1449 0f202c6d4b5d1053
1450 a1f08cc1690a8c32
1451 49637bcf19251cfd
1452 e28e36d104abb760
1453 a6dc66e9d9777197
1454 d4e4d62a445808dc
1455 bb57042e6765f815
1456 fd760f0cf020b534
1457 0501960ae3bd877b
1458 57d97602dcabafae
1459 f1b7d4b3bc12b125
1460 6a29b3b3ac0bf056
1461 66b21229a7c57f83
1462 47f2e9acf26894d8
1463 ee7a60aa4e591c8b
1464 54ee94ec2fcc08b4
1465 e282db0bc25f42c3
1466 ad9d7aca8ab46938
1467 d52c4cc5652dd507
1468 47f93156cc3f05ba
1469 20895996ab770575
1470 77a8e835cc813ca8
1471 36090133c43405a3
1472 ee615776b774f214
1473 9ea9aea2eef9af53
1474 3d33cddf1ff8dd41
1475 3bed605517c380b2
1476 a7cf42eda4f5527f
1477 89ccc1c920ba0d64
1478 33247c4e7651fa03
1479 9807d86811def256
1480 6f904a65e602a5f1
1481 6b46e908560ca469
1482 5cea9fe7580a0702
1483 5762a3a2a55c163e
1484 0a22637b210479f9
1485 f0324c3c38acaf85
1486 07eadcd8eb72d09f
1487 d6b8e532df7b26e0
1488 ef6f3dc75541c959
1489 04b63ee0b0ebd125
1490 f8907627e222ecb5
1491 51321ae76bef7291
1492 dae2717baba5ebd7
1493 7e0fec710799b2bd
1494 6a6605be002c8c4c
1495 1256ee6ee40fc79b
1496 089f0dc93babf9d4
1497 b543d4cd40064d73
1498 bb8789656b4f894d
1499 6bfe7bdef7dd9d1b
1500 ef9ce11279897340
1501 e697c78f94cf06c8
1502 aa86136572c13f97
1503 a6e90fca74bca800
1504 47cebe55078c7631
1505 b1e7bcbaabd8a5a2
1506 5ec70ba8cf354d8b
1507 5fa962c31f648360
1508 0e40f13ed12a62fb
1509 9eeae26fef9d2bf7
1510 52cbde28c7ce8046
1511 8e7db1b03ed5b752
1512 485a4969f3bbb504
1513 cef82e4ab0a0447b
1514 77021870e3cba4d8
1515 596ca6b0c3b37dbc
1516 f8028bafd1a46b25
1517 3bc498408b341fea
1518 4a4f65553f145ad7
1519 99123b7083e3131d
1520 34a0bee64d5c95ff
1521 f9752fff14ae253d
1522 ac3239f94e939d74
1523 cae430c2124ca85f
1524 e15c24a317973b3e
1525 195a34bf15afac7f
1526 92f70ec9cc1ad073
1527 f63d7cff9f123fd9
1528 f1e3cd8d5bac7137
1529 bfe9a28cf61c22af
1530 6718d40fa53effe1
1531 14d8bcb9ffcb4883
1532 349188c4952ce3e3
1533 e6decb6efcd64a54
1534 4bdc8020c7972cb2
1535 eed86388657a0b46
1536 f34553b87369889f
1537 142e638538395c2a
1538 138a51a1d9f3f16a
1539 c6e419f10d37a950
1540 4c7352c33ea0ae99
1541 af011861a7befdf6
1542 1c288f290f6d4b2b
1543 4de71e69e40ba41a
1544 d00a27cb018ac085
1545 3ffab4fd2d715d4a
1546 d29ea9628b7f3beb
1547 1efa29661d846af2
1548 49b887df85c52329
1549 d1f20886235abcb4
1550 d9d22c7cbc5e9ff3
1551 951a2b073902abfe
1552 8104bb913f3d7543
1553 240469f4f115dd78
1554 daf15d02eb0baabd
1555 17560d029fb6fa5f
1556 4dcde9a2fb9a4488
1557 971adf864699f4d1
1558 39af51193ad54e2f
1559 4a95b7864f731778
1560 81dd6d783ea8a02d
1561 738208bf96d53b78
1562 3ba711d0e8040e86
1563 6c1bd7a21773fd88
1564 23f416d899ea2a55
1565 a622bbbb98f86ebe
1566 1843a961d6091643
1567 e41b9f5ed9567aee
1568 e3c7546a2da8b0fc
1569 f606746192418377
1570 c7bbd77244b9ea02
1571 79e972d3f37cf78d
1572 ab51430ede872e84
1573 da37175588a4317d
1574 96ad5e5b4ff7958f
1575 6b35cbacbc3ba038
1576 16b7a714e6d1030d
1577 d8d50692d6fc5c8a
1578 eae55dcf3be9ebbb
1579 96e27b16c9d38e4e
1580 23e3be010cbc5dde
1581 7208d6ea61afbb40
1582 60e936a894ec5976
1583 d2febec98d7ef99a
1584 8def33d66e8c232c
1585 54a69580940dcf0a
1586 bf6aae530dc2ef37
1587 07b80a528df6572a
1588 713bc5162413db13
1589 3a0226e117d0ca34
1590 25533e1dbb425118
1591 183d1a6d5e0f2d4d
1592 8b5b951d53498dca
1593 9c9e818bb973bb58
1594 a75624361dae58a4
1595 e01962c8953c641c
1596 ae9e41b39f3893a3
1597 88dc564418cd9f47
1598 0a1a82da34929b98
1599 9e178e4a783a3d3a
1600 70abcbed800cbbda
1601 292a8f8ad3467d94
1602 4ce36e04c1edfb89
1603 03c06701b23f1ca0
1604 5f1189f8f2581676
1605 f5e43867ace1d319
1606 6b9d44216fe1cab8
1607 7ad6ea30931482e7
1608 00b72ab3ee3fcd8a
1609 a11282be6c71f54f
1610 776b9150b07c914b
1611 427fdd81816e32b3
1612 f380ae0d67e0ae76
1613 9ec7b03ec0a1d7d5
1614 d13ccf4ab6157c28
1615 72c172a3c22f28ee
1616 d260218e2cd34d1f
1617 f59b6e46b4cb7a8b
1618 306c0de61afafcce
1619 075818b24181f521
1620 51d2f32eb969c49c
1621 80f0aa465682d889
1622 36ca9011cb906632
1623 60f23e104ee2fb62
1624 ae0b3af78b199faf
1625 2d47a948c45b69ec
1626 fa3139c0ded96041
1627 12d9ed48ca0383cb
1628 7b1e0fc92ce7b20c
1629 b76c2ef4351f0234
1630 01b36696ec71e0c8
1631 731e01c5a202125f
1632 e34e1f4e2d784357
1633 b93f80277838360f
1634 0122b761a7dc46a4
1635 a6eb4238cad4063a
1636 3539438d6dab0e60
1637 dbeba90a14db1493
1638 585c252ef726af22
1639 202efc9555c29183
1640 26eee549e319689b
1641 11c857313714ceb0
1642 c3581a003fc972b1
1643 03b05fda9a4f3172
1644 2515fb1bfce9c703
1645 0d32a0cf4b7b6e99
1646 0232b6717eca1082
1647 786ea6180695e911
1648 347610e742842e80
1649 c7b1f42322edac87
1650 537632ab2456a726
1651 bd7e13298b8f1ffb
1652 a08b292dcbaddc13
1653 1f4517b412129ff9
1654 c5a9caeb758b90e5
1655 ba31b6846c9c7768
1656 0a0ab021f333f489
1657 4ba7a418411aeb2a
1658 7e2a16c29e9854be
1659 d6c6cefcf0892306
1660 a3b56cf2e1a689ce
1661 e9c11932769debf1
1662 3f3129df2767f755
1663 e924d3715d13f113
1664 fd5284ceac5b3483
1665 5449503c48fb31d1
1666 f6702f3ea2f329d8
1667 89ed954066ce6d82
1668 98b26638ade72d9f
1669 9fd4f610170f518a
1670 926e8d4b79bbac03
1671 9ad8eaaf8d642890
1672 9182d7ce617af535
1673 b6e4916ff66e70ce
1674 a884b4806c51b663
1675 0a55a1109a5b9339
1676 3c813fd35ecd489a
1677 76e2a33eee928f69
1678 a2ce34259bf7229c
1679 8177f048216c21bb
1680 9e38fd8b17bfdc66
1681 89a6c4ef0db9eb04
1682 7e061d9f643e0a61
1683 0087645b82bd1710
1684 47312488079656dd
1685 88cb367e05706f66
1686 146f26804cc4644b
1687 09c8c003af711456
1688 a37949c80d54a298
1689 94f416db5473fcc1
1690 00327c0ec4fb9d2e
1691 f842ecdc8144f55b
1692 0a8ad40dc14711ea
1693 64af14e05eb88d5e
1694 9b96bb8feeaedd8a
1695 8709f1dcdfaedc32
1696 f5e24188410d4dc8
1697 54b64e77ac78e618
1698 60414c9397603616
1699 088730da5ffe507a
1700 1430e26b77f5e4e6
1701 55357d92aaf3955f
1702 0acf29267ac1ba0b
1703 36cf95fc0771334f
1704 0626d418272a43b6
1705 0c2834f650905341
1706 1bca635b9b300241
1707 59476dfe3a336042
1708 c4e08bba2e3d3506
1709 eb6c9b03fd510f77
1710 c847a2ab7d8fa626
1711 ab3144599a4918c5
1712 985ecd8814e7570e
1713 1bd1c4e3ad0769d1
1714 235dd8ccdff37d64
1715 c15c4fb4387a4079
1716 b3b799613c3319a9
1717 e4bc1e6c3a81eeaa
1718 0b4492486b7b8de9
1719 61b348e5929f1552
1720 189da2adaef0dfb7
1721 2e23ea8a0405173e
1722 2ba1bb32357ae46d
1723 60793fd87897497b
1724 e86a5f2aac50377f
1725 4b9f661afa952e40
1726 c1f48669484a6f2e
1727 b53bdbd44d941cc2
1728 bb997b44a4843a57
1729 3f1e83b21e0e71ac
1730 8fb93553e412686c
1731 5dc3422f2eb8b295
1732 3b9289c67f94cb3c
1733 ce422f4aac149291
1734 8cad4068a16f6796
1735 5212dded1ab7fb33
1736 b0bab76efe003a42
1737 3827064f83f9dab3
1738 325d8e2109bf0f29
1739 f587efe72a10fb58
1740 7b7b7c1f2a388cbf
1741 da7e19c8b54d2a1d
1742 cbd5ac24fad416ab
1743 74206bca937cda24
1744 52b820f3d2985fed
1745 06287e7ef4c3bb47
1746 75d385e3e19b82d2
1747 ea395de8e31b2609
1748 5898f84b52eba63a
1749 0e5e5736ed31c1b3
1750 0a5357f00ddb3ce2
1751 29e13e487d2b8b33
1752 47718e11dd6f2d8b
1753 7a03198dbab746b5
1754 80dbcc1c929be4cd
1755 8512e5064900649a
1756 fbb4ce5fc9f3668d
1757 4b014122f94da10c
1758 95aa7f685bb90595
1759 a083d8f88b55810e
1760 0eea4f8b67a68c99
1761 411f454bbd900d1c
1762 3180eee8c2c57221
1763 a3f6a999b3cf2b4d
1764 72ba0236493a6fe3
1765 49cd5c12b55c1d2b
1766 f50c0ba03d15820b
1767 59f0a69260b4d708
1768 4d64b8e962c4e1c3
1769 1311b6f1a213fdea
1770 f3b1b7f942e1d5ca
1771 370df88c62730c79
1772 120c53bcd545194b
1773 2a2bf876f12961da
1774 b6f75c36ea285cff
1775 09e264e67306f2f1
1776 f73bb663c610d2f3
1777 f23dd8a205ac0d18
1778 d4a2b6d933ed10eb
1779 6d8b375930ab5d52
1780 f3b4c93f4a49164e
1781 1c6fb2ff58b9256a
1782 549273b071dfc259
1783 0975fad39312dbce
1784 e19b29e876a5f34e
1785 aee69fbd147f329a
1786 af4bc4f24572a38f
1787 414eb53e502d87f5
1788 4ab41f67785f177a
1789 314583c3b91bfc11
1790 66b749e05132f3f2
1791 bf9040b7bffba2d9
1792 618e4893c5bf9630
1793 892ce7352ec65d5a
1794 6d9304380db2978c
1795 51b2a27a1273405e
1796 6f363fb8d23c5b25
1797 4dcb19859953c90e
1798 bfc83aaa8ccc805f
1799 928742d28e692cf6
1800 7620847cdae5dadb
1801 4c254b0bbaa1aa5e
1802 b592bc97fc1bfc14
1803 0f247590bf145510
1804 9d5cbd5b917417c0
1805 a2a79fe6b3473f85
1806 096cd74086966d98
1807 aa198dfac2a91f4b
1808 f7b298c6624fbda4
1809 2e003de4b7fd26bf
1810 26e5b5f43dfec95d
1811 47881a45b863005f
1812 cad72d8fb474cf16
1813 bf8710e96ed4154b
1814 da3532d38d91389e
1815 fb03034bf45b5493
1816 d5da668a519dbda2
1817 f1d1d865aafbc9e1
1818 80ede4525b06d928
1819 e26aa83d7f098a5b
1820 8eb712da80ca9ca4
1821 1b44f0f434eb2b57
1822 ecd1b1d8aec7e0ba
1823 cf457c5af7782120
1824 9cb312082fe9413f
1825 754361fa70f875a0
1826 efd466adb1224b47
1827 a7570e651de5ae0a
1828 9d6e90e30e42fcfe
1829 9a51a83b2e248fcf
1830 580ba039851d16e7
1831 1a08e1945c7c72c4
1832 ed4179ace1362f7f
1833 edd99503d7bf80b8
1834 ed985d905193654d
1835 382085883b5ddb90
1836 c4061c438c4ea7b7
1837 0b8299514753ee04
1838 7e18580f5191c1af
1839 bd120ee3954687dc
1840 696241d8936305ee
1841 9c64c0b2cf2111f0
1842 67aeb9b812fda115
1843 098ed65647ba85bc
1844 29625f84900307c7
1845 0a60922c449e5bae
1846 e88c35aa329162bb
1847 6fb2299926e5acea
1848 ad9c349ebd76117f
1849 29e81e1c9d6699b9
1850 961b83d1b46b542f
1851 d0401de28a294e14
1852 fb41d53555ad83d2
1853 0cab42abd8e6c3a0
1854 b454a7869bef2bf3
1855 234aea3fa6f54884
1856 e514e4c192791117
1857 87c428cef72018e2
1858 70a1e09d4cad9b45
1859 86f281ea3a748824
1860 42ea14704ab52ab0
1861 32576434ff19cfab
1862 c4079bf7b6c4ee15
1863 5851313d4a65386a
1864 e42001df9d9f194b
1865 5b56e2e6df6f373d
1866 9de66f9fef59632f
1867 91d744a232d8be64
1868 16179f5a253a6cfa
1869 0f69d9bcf92ea60b
1870 7a8ccd5bbf6ef589
1871 a34ae511a721b063
1872 4526fb7d2689f1e8
1873 ab4941dc34dfe908
1874 37b22b0caf2652f3
1875 b2c860b02164b941
1876 4d8a5922e614e210
1877 e27740524a3a5aff
1878 8427363676e0e1da
1879 0201ecccf95e2611
1880 772d3aa196c9e6ea
1881 946af49f4708731f
1882 736fb7d41996abf2
1883 e542714e887d82d9
1884 1d452535fe7379ec
1885 058fd12fd61c0c3b
1886 14a956b356f77398
1887 b378762ae09b93b5
1888 dafd03705a4e0608
1889 9a8f07645315bc8f
1890 2ab41ec060cb60ca
1891 c1982e2ae8330c59
1892 52336c21d0570bd6
1893 0b72a496c561d3bf
1894 336f8702e58d1a8b
1895 a1b1ba4681cc14f1
1896 23fea7270324160c
1897 64f5f2a5b7ac481e
1898 0bdafbc5a6787ac7
1899 f8b4751d96be94dc
1900 73d9b4b9c0d8b154
1901 014182674ae13bf3
1902 20ed52db2678504f
1903 3a9b0271d97e19f8
1904 a9e68bfe5d167837
1905 2518be5c5565ba01
1906 fbfa19df4bef8a14
1907 7747741e344b305b
1908 74d4f425f0b4d392
1909 2a89e6054de32949
1910 a446843140917bde
1911 c2ee22255e34f9ff
1912 46984932e75faa37
1913 8d5c03d79ab7e414
1914 b7eca56f8f675a35
1915 bd8d17061ef4919a
1916 c4e34b8bc2a5447d
1917 8f66208ecc11245b
1918 e392b2b4797ff0db
1919 22c2a0d64ef44a9c
1920 8d9a78cd6e46810d
1921 df089a10ec5d0826
1922 bc7f05d2b6d2554d
1923 6e151b4880d8d5aa
1924 149641dc904d9a3b
1925 4c7f3f945b570288
1926 e3082db90284ed21
1927 efc698b3666d96e4
1928 05cbbb3db87c76e1
1929 f1895901fd00ce64
1930 cae092c80c91ac36
1931 7319b5c6612948b9
1932 69e213bcf0cf5f59
1933 e7c8b5f16afcd3be
1934 26bf9baa69b073b0
1935 a598dcefa42359a2
1936 0bc9097c343ee995
1937 5f48078f7847267a
1938 128484d412a06740
1939 d4ee079dcdf2f7a4
1940 eff437e574073b5f
1941 ecd66a57f9f85fb2
1942 0679a418a5559889
1943 3c13a27426fb5dba
1944 6e0635399fcaebcf
1945 4787b8b126ac07e0
1946 41fa2f0788615b9b
1947 3712985dfa3ec467
1948 156bf4853ebddffd
1949 5deae9ffc747e452
1950 6c22bb603ccf2707
1951 7414538d42a345d4
1952 5a57a8cb75ef8d9c
1953 d6d0c153e42bf11f
1954 166c2163bfbdd18e
1955 86fe8f7812feb6e5
1956 758c67ad5adb6938
1957 e27b908e22d1a40b
1958 53f1b803e71f78ec
1959 373d0e54cf90de9e
1960 3fc7b5808728050d
1961 dad355b8c235748a
1962 aa3377ce5fa16094
1963 24abf7e7031c9feb
1964 34af29aa317114c9
1965 0041ea1304820e43
1966 0aa89daa4a1c4f61
1967 0d111fbd46b1d92b
1968 a59391ad3d741a1d
1969 611619d6c52493c3
1970 f6a20aaee2ed3d83
1971 7683cad8c3cc8439
1972 521f9abce0fd7723
1973 d5c5ea5d52cfb04a
1974 93a1570e43e8fac2
1975 c521bba8535cec1a
1976 a09f4b3efd5ba2dc
1977 108d7f62e77bad78
1978 dc0f71926355c976
1979 fbb7a9367a1ab64c
1980 a718e56a970b058e
1981 9b0e07bc6024a91d
1982 3172c0dad3b8300b
1983 06f6176eaef526b5
1984 625ba0d8c39846ed
1985 19021d2756d2aca1
1986 41d43562a361d97c
1987 ece677f6a2eb90ba
1988 b75e772d200d77f2
1989 ab2a8c58df7603dc
1990 059bd28b41f6d346
1991 87fd308f87c86092
1992 d45f28a9b87591d5
1993 3ece4d86afba30aa
1994 0377e48696c4d687
1995 298a858a2c2b294e
1996 2ddbf2f36494eb1a
1997 33e192ffbb481ca1
1998 04e23efe97cca0eb
1999 78f12d06619cad6d
2000 5ed1b091054eb779
2001 a04ff9ce2f74c449
2002 d275cd28160493c4
2003 697f15802a5bd7c7
2004 fc6b69786dd0b0eb
2005 79e41bfe363b8763
2006 4f4b3dedd4f688db
2007 c2df036b33cb4adf
2008 7777148ff54df2bc
2009 f56de154b6124587
2010 aa2d21141d703d56
2011 3bea17f3974eb3fd
2012 96a42d353586b4b7
2013 a0001d83c92f3c31
2014 7372d11f094b31c4
2015 acbca60dfc5ec378
2016 a40d8ea9e7375b88
2017 cc1efe53713ea24f
2018 8d799f206e530302
2019 fc23324fb82efa55
2020 f40ec5826556a820
2021 68de9b1c517b62ca
2022 c40e9f796ed33404
2023 c547fa0443578d1b
2024 82a4d0030cccccf8
2025 ec68dcdcea401154
2026 93eae9f1029b11cc
2027 68fc8a982cd5d32b
2028 c20fcfde615584de
2029 1e6c7a428a4ba8d5
2030 66b3b74be04d343e
2031 123a3f4d8486b2db
2032 591a501f19369188
2033 899de271863d214b
2034 b79e9c6bc376441f
2035 9a759b38a8f3f421
2036 012f58ea377d1ff6
2037 96968840b62152bf
2038 7b0ccffb8b7f403a
2039 fc4f02ee92cdeb6e
2040 7792cb471e2aef99
2041 a490cc810438a990
2042 79f760237fa266a6
2043 64918c37095accbf
2044 9b101dd2f9c7e94a
2045 bde88c098ebfdd68
2046 8b7b85a28911c378
2047 981e71256346c302
2048 63945877b7698541
2049 67edd4b13d3e024d
2050 b58713704bb247ea
2051 405d01ddbd9cea91
2052 cde9a61cdeef87b4
2053 ce0a1a645f7f66a3
2054 93a0aa70daa7ec94
2055 77e09494802a5f1a
2056 87c8ad467186c8a2
2057 55830b2ff64a16f3
2058 c237d8c9cc70eaf3
2059 03c0d7a31902c25b
2060 0fab1789056ffd19
2061 096faad5ad6e322c
2062 4dae92dcda7edd68
2063 2091ec049b5b1233
2064 a3995be422b91274
2065 7dc252805ce11fb9
2066 feca330859002f22
2067 8e9b5fb57bf1bc3c
2068 e5b144535fb6f791
2069 31495c49dd55d18e
2070 6bba701913815f61
2071 5c58315161e42d8b
2072 ca5209443b12062a
2073 c406439239fbda52
2074 b9783e14be89c4a8
2075 d84f68cf90bb30a8
2076 5b08474b2411c630
2077 2ba49af83cfffa62
2078 b453edac76412516
2079 4f8ac2bf6347d72d
2080 e4f26522a52669e3
2081 cc0999e6361ae719
2082 3f3df58599889d9f
2083 fad9ae6feae13181
2084 2682008a60935bce
2085 49ab30e770858e3a
2086 802d6842775da4aa
2087 0c0bf0d1caad3a7b
2088 84122d688690c233
2089 896d427b761da2df
2090 e90d533312313e2f
2091 f23f2443c1f5b8a9
2092 6519f6c0e74665f7
2093 3e2437a653ac966d
2094 64420d45d42fc290
2095 8490529055f0a300
2096 2a1de66dc8cdaecd
2097 0bc9d067aa27ddbf
2098 1acc9592acb817f6
2099 f1f4662a4e5dc0e3
2100 30ac1f5ddf1c7710
2101 25cc3d3a17fa2cc7
2102 f49b7d422f3c9168
2103 ac29226dcdc6dd98
2104 62097ad337b48c56
2105 ceef361f3d2bea3a
2106 7c6f021597411e34
2107 a76dca055aad3c16
2108 8af0d12a1e18c1d8
2109 2e3b04cec8686b6a
2110 b334647c06370abe
2111 f82781448d28b68a
2112 cda03c5519868e1d
2113 5f7848128c290792
2114 fb8cea4b7d4db8d3
2115 add270429c860cd3
2116 37708a95124311f2
2117 8eb52778e7fc9de6
2118 0b91f2d74472e187
2119 66ca3de55cff6cb6
2120 fd7b818145918fa7
2121 a492a1673a3a679e
2122 45b39d6e5bdb40f3
2123 d72d98f031c1614b
2124 7a80f2ae29b5aede
2125 be05cb4a1cdaf590
2126 26d2216dbcaf02eb
2127 80fbb9546db198ff
2128 80b876762bcfb322
2129 d80cc48b2e1cb814
2130 7ad5f049bb2ba41b
2131 0b56dfca88445d26
2132 ce267a358d93853d
2133 3d8a2edbeb87cec0
2134 43395285191bb737
2135 96b571dec20eca12
2136 761a1a531a3f61f9
2137 d35415cd64c08e6c
2138 2b580a7987cefd13
2139 aa33ba36f6041a7e
2140 e7c962d7eba7bb7d
2141 79bac677be86ae60
2142 6d15e6384ec6c7bc
2143 3f92e8fbaacf13e2
2144 d65d33d0c83e6caa
2145 a837bb447e412544
2146 f2a618343aed5e9b
2147 c5eaf84d62fad8f6
2148 9e109032e8cdc28e
2149 dd6d7d217f501218
2150 e7f4aa3d487b000f
2151 65b7182a9043653a
2152 37a6856230e72389
2153 92553e2e1e63d7e7
2154 5c75b7270b0058c3
2155 0bc40df34187dbce
2156 f28c8382d67248ed
2157 4abc63413b1fe1f0
2158 2842a9def7e4ea37
2159 5a0d45ca01249812
2160 7dc337e2723e6191
2161 cee76b66264f357f
2162 0b6edd65950f18cb
2163 7acaf5062e84af06
2164 85de572e04b53b95
2165 d926173962097da8
2166 1dd0c405eeaec9e4
2167 4eb00244538791ea
2168 2cf901712458c779
2169 1e15574d760d008c
2170 a23f41cc41106ff3
2171 ad9aeae42f5cb915
2172 d52e000fff6089dd
2173 e630f0bd185f2f00
2174 57e7edc7728ba4a7
2175 d245e94657b09182
2176 412742f72cf509ca
2177 a9ae3aa186a9b1e4
2178 b8a057cafe5f997b
2179 c589709e74934d96
2180 710244643b0602c5
2181 25aa973c99e98f63
2182 9dfac7f1145d766f
2183 09577f410cd89f5a
2184 5c3a2ce4799d4d69
2185 ce2816d641db71bc
2186 182a4b1593c31f58
2187 56584400e9999e6e
2188 7a5c624e7e9bb5cd
2189 002b6b3e8b340890
2190 3bd8768f7efc1197
2191 3f0a95a340f1f459
2192 8774f76c08bd6471
2193 e22a43eb20580254
2194 14206dbadf4eb0ab
2195 e4ca8c504486bd26
2196 8d022df76d7c7575
2197 695563803b26d148
2198 b4c01ffc11e5501f
2199 cefbfd7460a223d1
2200 d5a6b38a992b02d9
2201 49db8551af4d32ac
2202 483d85e5ef9c51d3
2203 71d803698d77d83e
2204 d61eac29553984b6
2205 09f694b12ff52aa0
2206 f532d2b1fa10b087
2207 4e3a84b694f5a2a2
2208 4899904ab8a89361
2209 0a5fea533c32692f
2210 2b2092d35eb1f35b
2211 f93e178433aa9c36
2212 a47413bcc1c43c25
2213 c7dd6db25c301e58
2214 23b31a710670d2d4
2215 1621b8fc3d43fafa
2216 e376c17188d55d49
2217 c9f5c03df9f2b25c
2218 6f5d1cfd41961883
2219 9d954d60573202c5
2220 d528fce7400f06ad
2221 a5644e90ca06d130
2222 0f5301d70a5e99f7
2223 192d076b4595fd52
2224 ff072e0bed04f83a
2225 597b3932c4aef874
2226 fedc433f3a188a8b
2227 e7e1356b565f3246
2228 67da161540f8e455
2229 ede42e0c888db3e8
2230 1332932dbdc34fff
2231 7ecb58dd5bc3fdaa
2232 1a25172b020f3092
2233 cc0d9f6a228ac6cc
2234 da587bd39a4334b3
2235 c32fb355cc567ade
2236 7d33bfcf7a48829d
2237 2a805d9e54a582ab
2238 68f307736f05b667
2239 ed63b2332e949842
2240 975e8649396d6141
2241 54964727f6f0d5a4
2242 abe156c8530f79a0
2243 310c85f5566e82d6
2244 9a4f819a18c77e85
2245 1ad9fafbffbd5df8
2246 17bc34831cb7502f
2247 7f3fd516c5e9dac1
2248 cef602b7c0d3fd29
2249 b37fa86c35ba727c
2250 3b79704046824ae3
2251 3b73f033a997752e
2252 63c607d0821208a6
2253 ba4f276e88f261d0
2254 a9f52d3265ccd857
2255 96b0b1c66ab43172
2256 73bce75099ca1331
2257 c703492119cade5f
2258 b97be9742e8e046b
2259 2d88a946628ad466
2260 3b4ebc7745abfc35
2261 c6aba34ef38a8c88
2262 36e390a46227f5df
2263 10060f09c1d482ca
2264 8a0d13690135c799
2265 5da64840285c7397
2266 df03ec894103bfe8
2267 183a92a4e3946bf5
2268 bbc858c69816a68f
2269 64dea2aaaae59d82
2270 680d938c9942f93d
2271 f3f9c7860f2b2c98
2272 78f66d668bad80f3
2273 fd1e31099048e0cd
2274 cda1057dea99927a
2275 fb0bdb52ad19a777
2276 8d3f0afbc6990bcc
2277 807f5bc4a868963a
2278 c03f80564bc35c8d
2279 26f5c0814e737eb8
2280 b49a59d84330a7a3
2281 b1627e9f413033a6
2282 628b06725ad83218
2283 40886349e413647e
2284 461e5fb91d236578
2285 3982c3f57956626c
2286 b295e31c03c91b48
2287 2ffedb0d2f240d98
2288 922a9ca9eb54d9ae
2289 7214c0cdf8b20eba
2290 5585f7110d383029
2291 ab830dc1a23a845a
2292 2d4721d916cbdea9
2293 a3aa258a01c0e486
2294 bb6f7b97edae2524
2295 6ab8433e336577ef
2296 659e00190019a914
2297 a8b74e29373acf35
2298 0e455912ad0b107b
2299 1f253c07f3bd64f4
2300 39b4f614ba183f93
2301 617150196ba0b975
2302 144321efeb99e916
2303 c1cb8c093757ae87
2304 3ba94fb48ef85aa5
2305 2b83e19bf8fba97f
2306 1495220972aa62bd
2307 228dae7ca2a2440b
2308 196c8806a536856d
2309 22e945766c340d1d
2310 b8f0d6dc0e65d42f
2311 5e561d327e03a5b1
2312 5c26b28e1c1dd7ee
2313 7faf28db45d9d0c5
2314 1c38af10e03b07d9
2315 96b0b0d3d2244d60
2316 baa5beed7ded428d
2317 9fcb1be228371202
2318 a0c2709561bb4a6c
2319 0f484e87daa36b11
2320 f57b526b6bf69ca8
2321 c5edf01d5294aa6e
2322 6d9b202ab2eb8fcf
2323 62bbd78345acfcf4
2324 7b8b432d04d15aae
2325 8a61ad7c0a9f237f
2326 1ad2c26bbcddbeac
2327 4c4420d0a297c815
2328 d82830b5a203a5a2
2329 6f4b616b158064e3
2330 c275b3ef3552c47f
2331 beb749e5ec60313e
2332 4bc9f6e0441d9391
2333 994f2d0eb88a9491
2334 6c4c5f0f55c5ed14
2335 53f299e08725f04d
2336 709ebe68b2ee81dc
2337 020a26db313e5769
2338 f7e4fa0e3164d9eb
2339 6699957299d2bc5a
2340 229e7f96e3aa4713
2341 d8785b42c0448143
2342 59a2252de790e5cb
2343 a48cb92baab5e932
2344 7fbd789af61e82a4
2345 a475a64f546235c5
2346 c9cdbb8a3970bc30
2347 b76d7e0c6eab1e9f
2348 4d783b7b9d85276d
2349 7341ac10847591a6
2350 0b3c9f373335bdd4
2351 5874452171e67b81
2352 a7866d6dd48f625e
2353 842d98410a6cc083
2354 d7f7725fc6f397cc
2355 23a9e6fe8df269d6
2356 d417588267085f9d
2357 fce9b98d424e5d2c
2358 e2f6eba286c632cb
2359 742c5279ac40dcca
2360 bb415133511286ee
2361 d40f6ffed61768bb
2362 cba0ac8d0cf3d46a
2363 13bd0444501f2ab7
2364 60004544c27dc355
2365 9b81bca1119e5c55
2366 efd1d24a1836e8f1
2367 4f4b32ebfb4c9215
2368 11903c3309f7e6cc
2369 cad5ed8448f230c7
2370 43963b65da377a35
2371 62cedcad301a18c1
2372 2c65aa5a6f2289b4
2373 f63bb7fd8530fc04
2374 d99e0bae17b2aac1
2375 294549de1848ed98
2376 dad06989d4cd9961
2377 dd7398718a54c539
2378 996d5841f20d0643
2379 c7656ab54bba6657
2380 3442afba0decdad8
2381 8b85a7ef83ef32ae
2382 650d0541fa05c19e
2383 514ceea43e17659c
2384 c300cb8fedec735f
2385 7ccbf694917235d6
2386 4b99aba1ba4be218
2387 f65de09b5028e997
2388 993eb531b30bf32d
2389 34532e8482a3b83b
2390 e1639d1b7c91a9e5
2391 c8186a9c801ac1c1
2392 48d3021d92ab0c71
2393 1e82f2fd94c5a9f0
2394 79ac028bee5eff68
2395 725df40ce5bbd8cc
2396 7c81b700ca317949
2397 c7d50e2ce0175e0c
2398 48665b6638958f68
2399 48edac3d25a8412f
2400 f1039b1bfb0473b0
2401 5279a2636b523ed9
2402 784b3bed5759614d
2403 16a4a3c11c72b0d0
2404 99d6f1360707d3bb
2405 a57b7c04e6071440
2406 b962cb021a0583b4
2407 958e5ed656863174
2408 9d84dbf979b6cffd
2409 f70856cd6b7633a2
2410 e09e5930f9ccfd0e
2411 eb3d42eb26f33a43
2412 3395e2bfa3447fb9
2413 18ffe727cff7e2d8
2414 92160f2e82c1a6e1
2415 368c69e82abaf3b8
2416 57a0f4949e9a5903
2417 84ff1d5cfeed7025
2418 cd18f5962d66dc1c
2419 6c3e652cc940d7bc
2420 ba9fdf236ffd3411
2421 716c46aebd303ccb
2422 476615179c14534c
2423 ec0a737037060e6f
2424 e902a4a0ec354a44
2425 cf9bae8870bb07bf
2426 a687b5c5d8645bf9
2427 94bd95553e753c60
2428 d1f41c552d6b2d3d
2429 6405b4f20c740a80
2430 1bc4577e33388838
2431 553f6269da556f96
2432 3ad224aa0acdf611
2433 52b6fb8e04ec76c9
2434 b73e352d4ea3c316
2435 ee1e01f1fbcd2429
2436 4446c3d7a3887cce
2437 6811a58bef5488cd
2438 9a5cb6b99a67c7e1
2439 a2486d0d0d20ab37
2440 829b9208d21bb3db
2441 daf9a48cceb24a79
2442 c6089101169c7eff
2443 a7bab7fbb48c1241
2444 163be5be09cfd0eb
2445 803f85cf6caa76fe
2446 e133da407726c82d
2447 a42112c5ae1b5f22
2448 f2aed78d5437127a
2449 4f63b9abab30349c
2450 ae823439f052e4ee
2451 a8ad465a7b1336e2
2452 845b82d03e771d00
2453 40252441691332e8
2454 985897b08672b381
2455 95a0f28918113a83
2456 d12aeca79c5cd354
2457 5c4b875517bc72d3
2458 71d87eb2b94aed2f
2459 773b6bf96453196b
2460 37842c50b7a56bca
2461 cb691d75e29e7314
2462 4fcc02a5db2802d4
2463 b4754fd1cc0486ca
2464 9fbb99c8cf888274
2465 41a02738cd2f048e
2466 96f556bf4c651de6
2467 d10fcd76df42628f
2468 bfa2b646ce4f2828
2469 5d845002f7273d31
2470 3089e88aceac8b64
2471 a1741c20490d2d55
2472 aa62515c3bf8bd6c
2473 a5baf5658a54d9a0
2474 e0b21df721f6b95f
2475 6563c377f25fc15e
2476 3c34cd07a5ffe299
2477 10d184338e37f6aa
2478 5aa36d062ecee07d
2479 1025d16626c243c1
2480 d5bf804f50334127
2481 99e5cb7a0ab9910e
2482 96668b6fd98af00a
2483 7cf3deff03381697
2484 19b491667d78bc18
2485 629e2440b255d0b4
2486 73f5d6707246cb88
2487 25de0220c746bf13
2488 c97de6213ab274ca
2489 51622f2903070d0e
2490 305de42359180fc7
2491 cf0a83f163420128
2492 1530b00b9ab28805
2493 27618f980b07cb78
2494 0c59572cee97b152
2495 65274e4797e465cb
2496 798971f44fb4521d
2497 7b09394840ae42c0
2498 2c0083ceeb4833e2
2499 73fc5ca9ae032f0f
2500 450d0798cc741af9
2501 4d4641c915ce8260
2502 773be500cc8cdc9a
2503 73f90c25391d072e
2504 6b8cfb4d958cf0bc
2505 1777e0397deb1e7e
2506 b1d7a5d4fa281aad
2507 933bb82af3f7bbcd
2508 fec21a0422a55761
2509 24cf4b1df922e2b3
2510 918f922cd337db02
2511 b1dfefb9f37ae61e
2512 be79e596f98739c1
2513 1833610ab3e53460
2514 82c3ac3f11c75e6d
2515 83dcbe1fbc622b56
2516 1bfccbc4e70685a1
2517 4a14f0d1f1e6ee94
2518 b33163f4400a48a4
2519 31535cd9584a5c44
2520 b723215b93d6a46f
2521 759ee4c4975ac44c
2522 99df6ff6b1586492
2523 4e7c7bf7f1caf1cc
2524 2a3a74f87ff75ea4
2525 701432e3abad611e
2526 878fa57103caf345
2527 8b4e157bc3f17c88
2528 8301a73d2f8b18ed
2529 f29488862c479acb
2530 484be7e6cf2a118b
2531 cc8dac98d74e0813
2532 f6de136819d56055
2533 01ceb15fc4306bd4
2534 ef6ad4e78e44543d
2535 10a5084ed68fd39b
2536 2a2010c1eeeb7fdb
2537 8755529ad101db25
2538 705aa33a89147e92
2539 e0c7f1226ee25464
2540 e509ec6ceb175a17
2541 09986d5f1ce6a994
2542 4525123e97cd8dbd
2543 41bdddc4d5d0a923
2544 5fc790ec7de36150
2545 84901ba565ca00cb
2546 f81167fbed1273bb
2547 2e679c9ca7aad21a
2548 d1c4b75b872ca1ca
2549 d4b2444ed6d5b81f
2550 53f37003013bd9ec
2551 64d4ed687a9d7734
2552 f68aee4603fdc0d9
2553 ec0a9157b92ab0b9
2554 30f9ebd4efd7c852
2555 fd4478a7b764c1bc
2556 5d1a8f244b262cad
2557 c199417801149731
2558 4ee7c1057835c234
2559 4d603b47bd6ffdb5
2560 66a1153ed02af2c1
2561 62690b8aa8bc080d
2562 a74e3f780fcdc977
2563 bea389be3dce904a
2564 5c8c2b96fd1cef04
2565 563370e0138f492c
2566 69bf9665b1cc7f3d
2567 e0863564edf5043d
2568 859f7bf80dcb788d
2569 b9b8303b0170f478
2570 9e5d1b0a96972a7a
2571 25680dbf3fbd4541
2572 96151ab40317da6c
2573 645f2135ecbf63f0
2574 1909e3760255e408
2575 4ca9264bdd3b3728
2576 7a6e7ad5d64825e1
2577 e8db4b01ed09b532
2578 b1bc1519df134ba5
2579 b70ff2cc104bfbc1
2580 b44644dfa0651921
2581 0f9364ad34939b60
2582 2e9d2bb12cd4fe12
2583 a0d6be4805d9c9d8
2584 0ac00f844ca61f2d
2585 574b952095fcec80
2586 900d5f077304b1ff
2587 00db7905c37e7d1e
2588 d0992c7710a99d58
2589 773714bf0f145475
2590 a33c3a274f50147d
2591 23c9be60614d55cb
2592 ba9b45b271b844bd
2593 6d7107700b98d393
2594 e7f89fa5567c6af6
2595 9aeaa20a3ba12bc4
2596 9fd93827c860ce7c
2597 cb875d099bb82ec8
2598 2bdc48332e9ba99e
2599 9ae390aaf5b8dc0b
2600 0d6e172c024808f9
2601 ad99e61daa89eed9
2602 83103a321d7f89e9
2603 ac67c72547f4c40a
2604 334934213527b0a7
2605 f9a60454024e5e38
2606 dda1a0fa86ee6b2d
2607 c4459ee1cf949ded
2608 36a240c4d10d792b
2609 d655b770b4838a63
2610 5514847fd90f7be6
2611 906d25bc52d9d2b0
2612 34f10891eaf860cb
2613 b9f08b2074816ac7
2614 619e9d778d9c638b
2615 c8052548d611c09f
2616 4a10694a47c6ef29
2617 55417ad109b5bf13
2618 39667cfc32452a6c
2619 b31733d2d4f42ae2
2620 60f620d4df802a64
2621 b5505cc204eafaed
2622 b79f782f6c76e083
2623 0e0aa578c26b38a4
2624 142299715ebbc42e
2625 e2f311def4c5c819
2626 6abe6f7099f8d18c
2627 1d6c3042a1491601
2628 9e765f070b711433
2629 04f43bf075c2e996
2630 f650b326d7b3a0d6
2631 2c9afdf4dbb3a1e5
2632 62403c7bf8e40f49
2633 fdb26c7a50546bd7
2634 93e4a419e3837278
2635 9443165a7b5ced9d
2636 9a1bdfd0b6ab9a8f
2637 e280ee12bd668133
2638 21ff86743cbe8cb3
2639 27485d1f4a0b0d28
2640 5625e55dfbcd606f
2641 1ddf381529248e8c
2642 a7168662db07ea51
2643 f5e582cdf20e06c4
2644 d0ff5c8b2ba8c2b5
2645 da0410a055e17224
2646 acc2ff8c297d23b6
2647 ba0d941169e8da16
2648 73cae37fb349321a
2649 cf74f780b0130ef8
2650 bcf9f00866777d4e
2651 f254bd36828f419b
2652 5e5c9ed536a6abd1
2653 5c7e0bf5bf30e3b7
2654 f0aecae637ea63f9
2655 d6b8928203ca3ca3
2656 0d4a2c1c6e1ad33b
2657 3688ec68693601f5
2658 a7278ffa460bc3fd
2659 888aef35c123bd0a
2660 c7a99dd62e3da4ab
2661 8e9058ef53a42939
2662 9212123773d7f7a2
2663 0d19e4adef8dd493
2664 256febff576647cd
2665 b0e6000ad30bceec
2666 bccdce2e48e55f03
2667 8d445d9b898b70c0
2668 0656bfc9bcbc6190
2669 f3af9622356f599a
2670 30e6fae9f365d44e
2671 6351ef9ea4ce16c9
2672 b7c5c8273817e6d8
2673 2a91e1917349381a
2674 b5f01af7813668ff
2675 d5222b9de834c151
2676 d5c3fb5858eed4bc
2677 8237f3a79e01fded
2678 65ff3004647d0257
2679 3de1b54aa22523e5
2680 5bd38fbc332c772f
2681 db341f3a6bbde0b7
2682 993042274afd48f3
2683 5d7f980bb9e1db2b
2684 3890071bc6d181f3
2685 c71f1d280a314588
2686 750accfeeae193ba
2687 6c4e4db503ee0ddc
2688 959e0a51e57440ae
2689 d55823a40a51c609
2690 19d13b55dd395724
2691 41b3dddbc5741f10
2692 401b897c37de5c0a
2693 d167eeb95276dcf3
2694 704cc54e502f45df
2695 3a455b1607ae5716
2696 de22234089102fd8
2697 d06914d736a9e6f2
2698 78d07728113d3915
2699 fd8f2028af33f675
2700 61b49a5a753f57b3
2701 8a74fd65b65026f5
2702 7d3c69e53f8974c0
2703 510e38d50b89f93d
2704 341ec0f4df3befbe
2705 ec241c948a5f0eff
2706 45a5af3d025a6721
2707 c0b2837f85183263
2708 9fdaa732ee74cb25
2709 5b231fd80ac91740
2710 d79facab0121a55a
2711 2845bad76a28ac47
2712 4edd8e7ed3389959
2713 a3e56c5474ef949c
2714 dec7dba77149e777
2715 cb505de38734ca93
2716 e4c2becf8a7e353b
2717 2e3f0ab95078ffa1
2718 1e85687a865835cd
2719 37e3547670291225
2720 db31c870526186e3
2721 9c082bf2c81a1a19
2722 505d1914bbc7497d
2723 c7d55f3f6188d808
2724 226c5a4fcaaca540
2725 f70b112c17867d53
2726 0ace8c164f603103
2727 b374e4969e8098c5
2728 dbefb47bb649257d
2729 ba1634225e049cdd
2730 8e781940b4f4f3c0
2731 7904123a57c33669
2732 fc78410f347a0093
2733 80346908db25fee4
2734 c1e7e673dc7a9920
2735 562b9cd88979d576
2736 421771034e3ecbcf
2737 3da09896717fe44b
2738 dfcd3957fc68cd5f
2739 cbc0ed85a6831b70
2740 6dded13283ea6b13
2741 0ead63e88fde2f25
2742 b88fe6b823ebc7c3
2743 1f9a5f524b765767
2744 e31a71087dd94eac
2745 2fc1285f79f15256
2746 10c063bfe997b9e1
2747 c493513957cc440a
2748 8771eccc375cde7e
2749 3b5b0654aaeefa62
2750 05b71f4f14b545f3
2751 bfb2cbcadf3fbbfd
2752 85feebaf39b966ee
2753 f9a62bcfc02a28af
2754 ab72eb911d4f45e5
2755 ded055e4a21b6b86
2756 59fb1f1edd5b3478
2757 6c984064282a4a9c
2758 36d5e028d7123700
2759 52a4c88e2d6409b0
2760 067477c54586bc41
2761 c45491f7c83a6a98
2762 9e3fc4a9fad21816
2763 6bc35ac0520530a7
2764 6805d9c52806b74e
2765 fdf6bd2113d64be2
2766 7565929d48d5fa43
2767 1bcf4c357a8e6522
2768 357c4fa56a4704ac
2769 e147a7ea7e6b1b3b
2770 a15c2d5e73bd1024
2771 56a6b5aec345bfe1
2772 4e750a80bf8c4848
2773 95d3b3512d40be51
2774 3d44900565db1152
2775 d1356d9838ecaea4
2776 0b691dc258342d8d
2777 2b0cbede8df83458
2778 536a118ea8aa3227
2779 856f83f3bdde9aa5
2780 bdcb48ed5d063ef0
2781 bed4e891ebca9a3e
2782 7937169acf6fa808
2783 16daf4510f69a562
2784 b01f01c325c15c92
2785 c2917c51a979e6f3
2786 7ebd7e2d5ecbe6fa
2787 5f06e0f74c54015b
2788 fea13d2e2fce53a9
2789 c1acf46bd8da7fef
2790 aa27d37229e4055e
2791 f402e0f3df101391
2792 b948d4e87cb12169
2793 c8756e58205d4871
2794 f11839b69fd2d32c
2795 90d7b59df96f78ee
2796 bd820155c16c7679
2797 2be1f188f635e9dd
2798 455dad8b5258ce45
2799 c51dbb0725396cdd
2800 290622c80af5734f
2801 3fb345f318fe041e
2802 6fc3f564d9a32495
2803 1a302cc8f34fcf2c
2804 dd5ac6bbc4e134e2
2805 2b33b32ff039092d
2806 e622c575a7f42afb
2807 7bfc096b9debb384
2808 7acfe20458b02f67
2809 814b3f0190fd429e
2810 197e5a1247ac8c79
2811 fb88b2f2f360426e
2812 afa88fc752e382d0
2813 1bdd9e7316c2bd33
2814 b8675fc8bf9a1668
2815 312cb3eb4bb80411
2816 4633b6113044fdac
2817 f523302864a13594
2818 05671eb0806a1b58
2819 fd6b2f3e0831695f
2820 8ce11a07fef11b3d
2821 a359c8e6226a09c9
2822 b879c3786544e7cf
2823 fa31512af13abac6
2824 48f5de2bfbf036f2
2825 383b0101c7ca4749
2826 24e14e587abfac42
2827 81d86845cec87c61
2828 f55be60a1cc22491
2829 f73ea23c39efe0d7
2830 2cd0af0d4fd7a4ac
2831 3cc4efb93f3ab418
2832 31803dc1bcbeded0
2833 e08cac2ef013b6e6
2834 830ed9e838c12bbc
2835 04ad1154d12e0710
2836 7d4fad0853c0af6a
2837 ee0f572fdfc80b86
2838 668ceb901ff2d58a
2839 412ce72f178c233c
2840 760ba2232a0768e6
2841 899b1a9b92d1dce4
2842 42577ed78db45d8e
2843 07a2bb8f6a6e97d5
2844 aa2b4959f26059c1
2845 3433c84cc5890a3f
2846 3f8a0727c4136885
2847 f7b64ffd71b94b81
2848 6dc1b07d3856bde3
2849 6f64adbecaa6516c
2850 7f2ddc26dfae8d6a
2851 92b351a28039e346
2852 81d632092f03e8c9
2853 547cd254a8432b10
2854 6b2cf40fbd295fe2
2855 0486a3d904ca6706
2856 2e85de103d74db53
2857 729a9901a0cd28a0
2858 f833e761c578a6eb
2859 57733fcedf64dcfd
2860 f75e3ee62a554944
2861 4b6e64adc96f40bc
2862 a74a49e573d1f196
2863 bee19448e6c1aef0
2864 14ea71a32c1f7197
2865 77f232fa0f61240f
2866 14246d2a5b751177
2867 26aee4ebd52fb5bc
2868 eddb470958e9a1c8
2869 cf9e426d296df9a3
2870 8c652a4e0e82b7eb
2871 711f81626f0b2d42
2872 1340b22fea66b46b
2873 b0860d3ef0c51797
2874 a18bbf8eac5dddeb
2875 1604901b7d9f2378
2876 a87c92c4525dacae
2877 48707b5e4e9a0132
2878 0a1cccc419b2f29c
2879 f252d2d6b5386a66
2880 9b2f1dd0fb7438ea
2881 7fd7df8c0aa9d87a
2882 a7f64f118f771e53
2883 37207393d03c5151
2884 34b178058bdbb475
2885 929bf671d929c027
2886 ee906f2abb904f14
2887 0d5606b4ef147d76
2888 8dc6559bf0b5a9e9
2889 9a141726f9322bc2
2890 b98c0b3069b2c2a2
2891 08433674bf3056a9
2892 b0276ed5c9eb0db6
2893 609d89c928e9c34a
2894 7130cbba8720e003
2895 4dde7f7a73b1fc13
2896 f8b842a111e80624
2897 b375eae8ce9e1da1
2898 1cf3f1947a75bbe9
2899 dbc9294cd8c9d6a0
2900 cc3a6c51076f8969
2901 5892f7db78dca1e6
2902 4281e1f32c8a9adb
2903 3c7aafb86697b3f3
2904 4b6be40b1124ee33
2905 a9edffe0dcb3d866
2906 c1bfce5d048b217b
2907 b9a9d88f44ba9fdd
2908 f38d126424214914
2909 77767fc8f29ecc1b
2910 ae95601d83878515
2911 c2846ff5284a699e
2912 8264177760db455a
2913 99e58079ef245cb5
2914 a2cfd48791fc33e9
2915 bb52f94c2d6b4974
2916 012a39ff07db7069
2917 2fd653ec3e72d6ce
2918 f7b2f22039ee1a17
2919 2f215c2b0be57b1c
2920 1cc377f579907d78
2921 3df9b421fdb577a6
2922 90af93c479968bd0
2923 da2460f6b31ca011
2924 78cae4b1043a23df
2925 bfecf56e94d6e4d5
2926 391dc5792f34696f
2927 94e8eb7e3e115221
2928 4472dc2cf391b7b2
2929 caf6fcc857af2c03
2930 639ffe66403456fb
2931 01962246ed2f60ed
2932 056041392944f5f1
2933 1e6b51d79b7b030c
2934 08c8bc1f31f52da4
2935 e8a94a8476c6c1cc
2936 592073f67711d237
2937 21208d99a359bd1c
2938 16b58effc756651a
2939 912a8c13b46892f9
2940 4fb159d3bc39ace7
2941 74bd018833a89817
2942 686f5dd80aa6efc9
2943 78260ad7940d7de8
2944 866dd6c3b4fd8837
2945 421972452aeb07dd
2946 a438724cc4d69625
2947 b7afb07a1a14bb71
2948 6c167250af8e4c6f
2949 b4e48fa70ab97f8f
2950 e4b1bd09eedb22eb
2951 219df995e909eb23
2952 5507f9d67e0736e3
2953 473d1e91da82f9ca
2954 f9b304b3cc0ea54e
2955 f2ae8fa00a5f677d
2956 90edf8ce9937315c
2957 7c166d85992ca2e1
2958 9c7c183e9d5a2722
2959 3e83925ff800e9c7
2960 6df5004b302f6330
2961 33d1479b31916517
2962 3ee1ad87a2bdea46
2963 2180c6ca5871620d
2964 6b75fbeb123eadda
2965 b743862fbf50b73f
2966 dc47a538ed633857
2967 e2d1c4936cb296c8
2968 c70e47ebb4664c0b
2969 c70a31dbd3cc4281
2970 dd594e5d0b3a5c40
2971 109667a7e7a08abf
2972 e4e9a3b5d174d540
2973 8659309bf38580ee
2974 b920555cbafa4846
2975 29d8668286c83174
2976 dba85b5153334290
2977 91113b2e76b252d4
2978 0410f8c60f7dc9c2
2979 c9d56d239acb14ea
2980 1e023a96d1c67ef0
2981 86cc05bbf9a983b5
2982 b2f1a5aa0407ea8c
2983 288112c6cf071e2c
2984 d25d53e3ff251c42
2985 1b12f06b684694e4
2986 8f79dd7880199e61
2987 8db3a2f02d2991ed
2988 8474571e3258a288
2989 7b82c3bc6e895208
2990 6541b10c9f32ce68
2991 4c963b50856d75be
2992 35ffca4e961735f6
2993 82e07aee3ad073f8
2994 6e041aec4f311a3a
2995 f0f4bfa17af885e2
2996 606904d94073aa3d
2997 64e396a1e8a4ac4a
2998 82141a5ef82db288
2999 5500986c7398c2b1
3000 d177f2edfef0d758
3001 ae6c05024e293d3f
3002 bb7fd1dfdf1d7652
3003 59793f8ec66fefc9
3004 97cafc49ee1e141b
3005 11e70edfbc57a93b
3006 2d858aaf832500cd
3007 fb4d7473342084b9
3008 706ec062b3c0f40c
3009 0e654b572b65b721
3010 2a8a73b8cf5d1b4a
3011 1d3c7a566c8c9faa
3012 77c36684b2ee8ea3
3013 88eca69fae59dd7b
3014 ee243c252066d59d
3015 0bb37a35703dee58
3016 c999eaae70f08388
3017 4aaab2b3a7a91baf
3018 142356d367f9f127
3019 91369ee7a166e839
3020 33d065c9299ca242
3021 2c0066a78f01eff8
3022 3fb495886fd68863
3023 78b65e2268c9267e
3024 0dc663892fc5722e
3025 3e83343cc4557d72
3026 97d26ef462b06016
3027 015f6563b769b1e5
3028 8b0390866a4908fc
3029 1e5424e8053b8c32
3030 984a23dd1cbabb51
3031 a60ba6e5814f3f3c
3032 44a6cdc4a48351c2
3033 c157c3cfbb5f067c
3034 53916b4d6d50da23
3035 ff9d552b769c1a23
3036 99d9cf9fd5c11311
3037 c82a8a647f43aede
3038 b7015b3ba8153b44
3039 a51679eb1f7930c2
3040 d77cfb066cbe30a8
3041 051d8c5d82105776
3042 e53fa501467a26b4
3043 8481d2a94ffd7635
3044 c71ced430d4c7385
3045 94d846c5a43dc8a1
3046 d28dc822f62114b1
3047 08c5da66b814e756
3048 c4c78a98056f6b65
3049 b9ff5806a19e09d1
3050 44ec7894ac6cdff1
3051 e11ce9e801d4510d
3052 b34d41ee797c5880
3053 25c436027b0a1e20
3054 d7a7c4e96762c7c7
3055 f9d0e7977db50f3e
3056 e07bc9b9fb19f21c
3057 3d762537e549d5f3
3058 19b39218b353469e
3059 9fd44b84661aa137
3060 d5cfc1669d9fe239
3061 d1ca974fe0d08cd6
3062 e1f435b27cb66b36
3063 35d0adf855696cd8
3064 139e588dcbc16e49
3065 d090b5ee41b3ce77
3066 15d88e986ae3cc69
3067 2a565805c809e60e
3068 4f14a5ca6b55d19c
3069 7bd19d85d963c7f4
3070 eed47b2c06e55fed
3071 b526bd05f2df5cab
3072 266c21e53fb567ba
3073 06d7a86049e93e79
3074 18b8f962b2ea48a7
3075 503f3516340b595a
3076 506ef7f724df7a97
3077 ebbc3ec511b1eef6
3078 12f97816d2824c23
3079 09584d5c061e1a00
3080 e8e3d3f4d05a180f
3081 9743f43b0ff0f12d
3082 2e1d5aaf12e14f02
3083 01c810a22dcdbd86
3084 c1ce53cbe0afa8cc
3085 4be17f2a2a8d3e11
3086 2e2336d99e00ee86
3087 8e9d2e1620037eb0
3088 d240bb7e7c94f581
3089 29803f501b8a13ce
3090 d656885875fce1fc
3091 ddc050bd6f7c577c
3092 996a016b16a2f373
3093 3ed86671a2577b6d
3094 ed99dbddff436568
3095 f12f0879341b4228
3096 97666748a938db78
3097 139cfb3399b7e159
3098 4c544f908e8ebed8
3099 b025748516dfa7fe
3100 4c5aa13a515952cb
3101 4abc985f01050194
3102 afc9ca6f6c07badc
3103 8b6c55d4da0d811b
3104 e83f5cd1e5c45fa2
3105 204d7c2f44172927
3106 281f6b875adc6cd5
3107 168b5a3b5d147a64
3108 ef8f178af6f76070
3109 6f35e4c6ddf02115
3110 04132969dcf38c72
3111 d8024a8ad6db6516
3112 dea9d398336fb4bc
3113 fa6ae971feae0804
3114 44953f4acc7ce562
3115 6cdd493f914fc8c9
3116 d462ac968b352b1e
3117 6a801fb32326de9d
3118 811adc6cb7266ac2
3119 c54413bb685469d2
3120 8c2268aaf680f27a
3121 51fc781904a87dd5
3122 03ae21419c7f613f
3123 84b2d1faa90baf7f
3124 9f41917be05d9240
3125 a166134334bcaaee
3126 11845a5145b522fe
3127 f98f77b23129f1d5
3128 e39055195c3fdbf0
3129 524fdf27c671a58c
3130 5b2db40c88687e81
3131 f645585656d0f666
3132 ed53c92ca3c1d9b4
3133 c01bdece10953564
3134 a1eb637d4ad91365
3135 d1092be9a654e1b9
3136 17841e97cc07bcda
3137 50b2e92961a3b584
3138 f87dd4f7ec11ceb0
3139 78c836360795663a
3140 acb69db759483cc3
3141 31758e1e34f12df0
3142 1c9229c4baf7a02a
3143 786eafe844cc32a8
3144 5b4cb3f12a707563
3145 3f1acddb24858824
3146 fc4e9659eae2def5
3147 b6296fdc0f8a2445
3148 946044686f09e5c6
3149 054afbc7bf3089ba
3150 4dd9ee0183dc37e2
3151 933ce226a00b8cb2
3152 5da80d6529377046
3153 38751aa94803c80f
3154 140447751a793237
3155 ddb637894b63addb
3156 2c23820ed4c83ecb
3157 cc3ada9c999139c8
3158 8d067e5e2068bc07
3159 8cedba1ad4080fc2
3160 aea58b65a70ebb09
3161 7c025b4194edb906
3162 b2a26ef5284ae856
3163 ddd4b45e8295d526
3164 63728b52b7551991
3165 21279e4dff5d09fa
3166 4242158996efdacf
3167 2237ce380243ca91
3168 9786dbfab736847e
3169 b9607eaf36b863b4
3170 19736c7067d4bbde
3171 9000a0579c39eb12
3172 5fdaea0f4c6da7f4
3173 8e31b15e2fd260c0
3174 2f8835e99b47d051
3175 1798dba365e5ff30
3176 dda7689ea9dfc152
3177 a72e10a81beb89c0
3178 a57d1c02c8b90dcc
3179 156527722be8b0eb
3180 3edf882433c58787
3181 1eb5fe39d7f10bc3
3182 e4e7b85da031aca2
3183 8d2f935493cb5a36
3184 3231114e1ecb5253
3185 353fac84e7796498
3186 0d736aba9867c3b1
3187 775a901dbece8998
3188 6097a754a350db9f
3189 be3eb9de13458d9a
3190 044fc063f0b1a64a
3191 d104559e411a80e7
3192 2dd11ed0fe9dc407
3193 0e1cf16598b8f64f
3194 2929b7370f940bb7
3195 65a1d768e3c06ee8
3196 1f4b6a1502cb3f2c
3197 bbd9b86a44d63b48
3198 0175eda4ee6c7c57
3199 549c49f53e4a091d
3200 a86766a1030969a7
3201 1f114d6a52132b08
3202 f9d22b4d926352be
3203 10730b39949ae3a5
3204 2a1a8cc4ffad6505
3205 af1d887b38ab6f4c
3206 3b9d85c2f2c0154a
3207 38c531fca6d1bf4c
3208 119578e318c05172
3209 5efa9f6ed99fc382
3210 56e5244ac174e922
3211 2196a880667c7c12
3212 1e8edcd7247b8954
3213 1b19daddb55c8733
3214 f5ac9a10311ff199
3215 d35fd49485253172
3216 7af4068cd3f6d302
3217 811ca056aeee2c33
3218 974c6285228ecf0d
3219 dbae5a63e3f01fd6
3220 487a2e476cbc9ae1
3221 dc6b2ebc1e4dd730
3222 d46c1080fe3b5195
3223 d0cd9de701c71038
3224 c7f478de4cc44466
3225 d88b549da0e22ff4
3226 88bead2a70683552
3227 5eb7125cc2c35cf5
3228 be90f5b0ceb28d57
3229 82abcf066721bdc6
3230 ee6c281324eaf1ed
3231 c0c8ac015331d685
3232 6d1db8368579ad68
3233 52ec1cb64e01a723
3234 6d3f050e9b89a9e7
3235 a6a43c5e0283483e
3236 ac3ad6af3abf94f6
3237 e70776c951e88dc3
3238 a586d1ced849e186
3239 7b7a08ba2b641b29
3240 626de0ba7f4401ba
3241 692e6d10a7e0ebda
3242 808f329f1790eec3
3243 a1a526e41b05a177
3244 949f207a95bd2c45
3245 9e54fb3d84f3f08f
3246 7bf8c85a1780c1f7
3247 c9bda3a7468b0b29
3248 187334312ff1c032
3249 442bbbd0353bcf27
3250 7749494a2e829459
3251 def47c709250ae16
3252 516eb20a2f7f9e5b
3253 46e4b96859fde190
3254 6b26d2d0b440e14b
3255 a7853b9c4c82f6f1
3256 5b230b2ff39ae1a9
3257 eb702c786274de70
3258 18bef5a1f3a17be3
3259 a34324d9ae87dfd3
3260 91e17dcf8290da2a
3261 115485ca373b162d
3262 79238d9abfa0cb90
3263 0618a6fa9b1f312a
3264 0d84787e3c7a1615
3265 4d422c1a28f17090
3266 3a0866c72b8cc168
3267 529dcf05fe7b8326
3268 21cb7b946e718d65
3269 6f8c458c33fef524
3270 5059bc664bb2cffa
3271 046cdba5cd92f8a7
3272 23a203bb22a05811
3273 7d334763f86f6b55
3274 e206399743ee7b51
3275 62ef387bc2d8f595
3276 36749110c3d22966
3277 7c8325411746044e
3278 7914882a2ad24d3b
3279 1e8a6441c0eed655
3280 8b52d9f2297f3ef7
3281 784848fe9ef8aea6
3282 029f9564a97b4c72
3283 daf89a86b50b3cc0
3284 97fb63416af00784
3285 6297692fead66648
3286 7b2d4084fd6f9b11
3287 bbb674e12ac6549d
3288 cab5d370d0993e53
3289 c5e7d23ef30ad601
3290 0676d235cf4ace12
3291 dfb790370c3ae9fe
3292 bb25ec9566b79194
3293 7f9c94080c5ef133
3294 ca6bb3afd2545ea3
3295 5abf2e300d7552f2
3296 0604cdc04e795dbd
3297 01927d920d4f997d
3298 3a39a91612099278
3299 585339d3dd3e93b3
3300 bfd645431f196b1b
3301 992ddb5a63f41e6c
3302 e623a579238a97e9
3303 aa73bc1bd1655eaa
3304 661c4585631e114e
3305 e2fc189fa423254d
3306 7390e440dc925182
3307 e47e66b7837504f7
3308 50941354b0aff91e
3309 85bf017ba1062877
3310 c9b56c9f4240ed56
3311 53d746307ccd3c51
3312 b4bbacca753d9032
3313 975e14f3f222b330
3314 c042d35bc8f48462
3315 eaf6deece294f568
3316 bbeb4c3881161081
3317 49b64e6ab4266706
3318 b15b29ec4cecbff1
3319 8ad98e96dff3cecb
3320 744802d6dfef17fe
3321 0f4b73e759b6e589
3322 a8b058298b19ad72
3323 5ffd1ac9b0f8c9bb
3324 d926a06ed3ded0fa
3325 df6240866b75cbbd
3326 3c76f605db9cdec0
3327 b6b6033a55f29ef6
3328 80a408d614ec26d5
3329 7c5ad170bcc85c6d
3330 29462a8f4045bea7
3331 19af4638734d207e
3332 0b4c6e30fc101522
3333 cc2f40b33e05be64
3334 67089e26d343eea3
3335 bc6c828d7e049287
3336 7fff3074533488b7
3337 b9e3c140ed407778
3338 977a9967a286479c
3339 ee40dc7faf4a9a5e
3340 c035119528f6f54a
3341 5fec772abcc77599
3342 e57fd113ebac8070
3343 93001589c5319dc6
3344 19ff9e637e84f7d6
3345 b83019fd271a7c03
3346 3d0fef8b1e33bba5
3347 2900d507eab479bc
3348 a753f0016206bcef
3349 d2c6b9c81c67b97e
3350 c487194186ff0d52
3351 939ca0bd65999092
3352 8fc446f8dfcec2a4
3353 3c158c24352f53de
3354 05049fa2750f24a3
3355 c9c759ebe1e00e3e
3356 6ec4f2ebec0bfe6f
3357 6cadf17d0c9003a4
3358 840dc6e6da862291
3359 7203f016ad310d84
3360 807df649c6d2d2fd
3361 b143578b183cd3bb
3362 003cc818fbd4666a
3363 60a54ef6d013599e
3364 00bb35fedd69c93d
3365 3f94d796483cda94
3366 eb3980346133475b
3367 b2f93a18a97b127d
3368 9951bb8a487d812f
3369 768d5643d30f3c27
3370 c8af2d54218e5c69
3371 2d23128b1bd5c38a
3372 7df0843ed48159b0
3373 b76d21ea1dcb8560
3374 1bc71d1fff63b327
3375 8c8a91873ff1cf0b
3376 1d1d6a3499c334e1
3377 49a0a78c314f2803
3378 5a89fa59e7b5f5f8
3379 66d5b46f3646a767
3380 58f706a640c24bde
3381 e6f59cd716b916d0
3382 52b38a7709056102
3383 5e93f35f83a01dd6
3384 f1ef41a7c8fd35d5
3385 14d569dcafd47eb8
3386 8b37592a98bb7c2f
3387 38a9f08c5fa18aa9
3388 f220074b5b9c3cf4
3389 3cc2a9ffd389447d
3390 da354d4c6e37d253
3391 760f14f8bcf2fd8b
3392 e382f987e60ec9f0
3393 c409cf82dbd874b6
3394 f13a163f912a8ec4
3395 a33e0207560543b0
3396 5d7cc9c1cca18e81
3397 b9767bba0f11279d
3398 b00d190acced466a
3399 4f190192b4bdbfe5
3400 62a9f8af65582727
3401 3ff7570b3161912e
3402 2dee1f410da2b8b0
3403 43119190960f80ff
3404 86d39e5630dd0ec1
3405 57419f0e3385822d
3406 18ad5f5d4aff3f5d
3407 b5113b9a5ce9fd43
3408 4c345869ee34e4a1
3409 19406a85a1f2fcaf
3410 34591244b69b113f
3411 2e1be208f9e99f86
3412 ad60278dd1b6fcaf
3413 14c1fcbd4d37af2e
3414 8fc7d35b48872d84
3415 16c7f6728f815e99
3416 628a8c2aec46491c
3417 d6f24a08ab7d9ac1
3418 79c6a4b77d688f8b
3419 c9b02c317809b9c3
3420 c8461ec4805beb27
3421 2903a038ff39f2f6
3422 8da87e9ed0a7fd83
3423 5d7e70afba964da3
3424 44f618b84dfc454c
3425 23ca2b1431212e20
3426 6bf001f19922f8cc
3427 2cd1764152afa0e5
3428 f7105ef3077fa73e
3429 94df95601d973c04
3430 a8ede84a1f683861
3431 95c9e5de267230e6
3432 ecbce2d5ad21fe7e
3433 dabc4ed9033ec53a
3434 bb2d669d1d0d845c
3435 b1a13dfc1d82876c
3436 e493aeed26e27c74
3437 544e449fe514e766
3438 c32c3aca19df428c
3439 d97c22c576c12eb4
3440 2f0b776e2dbc2647
3441 16c67034ac00bc42
3442 c821e18ef18d65c7
3443 8524728862b1850c
3444 c7033335a861229a
3445 3f5093663d7cdf64
3446 839711749cfb32b0
3447 2760aa172f40d0af
3448 d61bba7f30bdfc2e
3449 fc4a780cdd5f65cb
3450 f4ce9ecd8e3acf5e
3451 9545dae9692546da
3452 fb3709922b640bbb
3453 b401a8d899937be1
3454 afcbe5229a5b70a2
3455 e280f810f481c5b2
3456 e05fc959e55fdbfc
3457 3ef0d8f31f19a4cb
3458 21f16bf4b95afee9
3459 659618922c9fb20f
3460 51e9d3c2d70b16c6
3461 42f2ea9a62054f7e
3462 95c430a80a7f1b91
3463 eb356420e9bbaaa4
3464 ff72a2c14cd2274d
3465 06372dc5c4a68756
3466 a2a096c07508aa5c
3467 92af563c6df3cba7
3468 e1e1be3210b54702
3469 efae84e2b07f02b7
3470 47d8228d5af15dcb
3471 2ae7a38d93c0cd73
3472 febd379cc8958087
3473 ea18b88d2ad419c4
3474 f0af2e26d70645d7
3475 fa0af40b5818adc1
3476 e2429f40a38e367a
3477 f3a3d56e2196c332
3478 9209223d6dd02491
3479 3e1489f2a6d6922d
3480 bdfbf1f42df822d2
3481 fa519133e470cec6
3482 81c29de514790d63
3483 859eac6aedc960b5
3484 d094fd9e334299de
3485 d7dbb603e4b5adcb
3486 62241f076096b58f
3487 db99a8aca6bf5538
3488 1220eeb81a923a59
3489 5e44cbc27b64e9e2
3490 aff9895fa00bccb2
3491 c4ef3cdfd5e3d3e1
3492 b1c93164e13db89a
3493 b1570f726ba754a2
3494 4ac261d416899073
3495 efb1c571e87ecb64
3496 0575bc8d9aeba1a3
3497 f0d5e9ae6187f058
3498 570ffc20ea70091b
3499 f6a3c28f1c1d4f07
3500 0847e1bd1b359383
3501 bc654e9f530f0abc
3502 73efdce34ea05758
3503 d52caf5a6e6f7485
3504 731fba06d8f4f35e
3505 2a20748aa8eaee28
3506 70682a4dc604ac0c
3507 2160ab67ce10f3b7
3508 6a2ee4a55963dd87
3509 aaa1d77182210486
3510 8bcf36c884f90820
3511 abbbd86acc408f43
3512 758da27681626f4d
3513 e7fffcc3140de6f7
3514 811d057ea11ca00d
3515 86fd020d92f672f7
3516 2a30c46545d80e8f
3517 e3a561e3c55ce500
3518 81aac106af9e7f09
3519 113e548cd85e8f5b
3520 dd9c6286f2be3838
3521 fc84547c03aad302
3522 b680f9dc7da0d240
3523 5b1d5e9a01ead218
3524 d953773e20f87f17
3525 be657f9d46428fca
3526 307be77537961d31
3527 228a1b18d2be8da8
3528 d45996581cb0bf07
3529 136514a0a220cf0e
3530 946f4a88d8339d67
3531 02435d64960803d8
3532 e7b73fd359c213e3
3533 9a2df71461149754
3534 64920c0ce9f56e44
3535 7dd02a664a26bf0b
3536 992d112fdf28612d
3537 cba461d240d14182
3538 fea8e950f37d174f
3539 a04fdc9be2a13312
3540 9647336879cf9d48
3541 6159c34587d732eb
3542 8d27c16d8f8f124a
3543 af2fbf9d2b02c185
3544 d3c9f6c3217a7432
3545 b1fcd2fd34d65779
3546 7df7b7f7527c233a
3547 c67628f5677e443e
3548 8d744139e5d9f661
3549 48dffd66940b42dc
3550 974010b7926588c5
3551 d1d745b59dc27f3b
3552 22e660c9b57d64c6
3553 4497009400c902d1
3554 09964145c74663e1
3555 87e1a89a5ab7987c
3556 ad3c29586710032d
3557 bba6e0dae893f3e5
3558 7d85fa0b1f031be4
3559 f3d373f52bc9b923
3560 ee725df267cd87f3
3561 347724a69c01e8f7
3562 62dfe833e590d3b1
3563 abc811f4330cac0e
3564 e7073cd5595e4aca
3565 788730bdc0633245
3566 68f15e8542e76685
3567 ec42c9b8d231922a
3568 17c0dccf7cb0fae2
3569 a67daa5c803cf117
3570 3b7a7084d23c4eba
3571 d6ec5be9e661c4f2
3572 a945104fb79826da
3573 dee33e9c3e5e946c
3574 e9cc3e4217cf9379
3575 0716d490cea119eb
3576 eb4bc07c8b3322a7
3577 6a7f2d88dab8b4ff
3578 ea4c805d2ce8b1f1
3579 46dfac8aac28d286
3580 5174f1fc9734f743
3581 1aa38f07833ea53b
3582 f251102faae201a4
3583 1151a5e422823936
3584 7b092c6b2dca549b
3585 90b292b321f26fe3
3586 c19a1cab78a9ae40
3587 c2f6ca47306e6433
3588 0ac23038167d1148
3589 a30d47d4a22ffe3b
3590 9ed9f8d18ae7cbb8
3591 aa7751bde4750f0b
3592 0a1839236720f649
3593 30907864e334a2bd
3594 f7360b0069e1fc1b
3595 af212359934533d6
3596 dbd2d11fea46995b
3597 1511ad2d5f4dae50
3598 f8dc21a009843e1c
3599 079b2f6753999ddc
3600 6b31ec871a07114e
3601 3397aa0a2a3d6085
3602 d7b179dec03b2379
3603 2d9e4176ffa35916
3604 5f9cd81ce6a6dbe9
3605 83995c2b21464aeb
3606 503f6765cee377b6
3607 1452b34546a16889
3608 760db8ba606184a8
3609 f285f936a8fa32d5
3610 ff10bdce5b57e585
3611 a5121dded286d321
3612 faf8954e97199dbb
3613 2c62518319c87b49
3614 cf89c492dd97f863
3615 6e23de1354224150
3616 5eef11bc860e2867
3617 8dea358fc48e8f2e
3618 42146cbff1324135
3619 ba8eada68b65d9af
3620 fd28fc94e8365ae7
3621 c10a136aec06a76c
3622 aea1a8929e4c52f6
3623 534c1eaa09276204
3624 ce2519190941bf44
3625 150d2e5ff04ff90f
3626 fc465b9daea662ae
3627 f11621e02020c732
3628 1e1bd6869de9cef9
3629 eb5cd82b91f54432
3630 1226d308658e4c88
3631 7a0c478d9ccfe7cb
3632 af164db35c6395e1
3633 b1f7678ca0eccc6d
3634 9075ee7675641412
3635 3b37bb61ced2828d
3636 7d49f2f558f8c727
3637 d7daf0c3caf50d42
3638 cee4d35c47e941e8
3639 e8d1edae4a3a5ef6
3640 2e6c518f18ffe7be
3641 e4c82f0d95c4d050
3642 9b1e7c6faa6c03b4
3643 d0b2d656230fdf55
3644 ef30f1ab5878f322
3645 ea6716b9c1dc847f
3646 1d102f15e216e0c9
3647 87a3c77465680d61
3648 0c860957639df0a2
3649 722de27f308509e3
3650 bf2b633cca9a0fe6
3651 4a95ef0a6faa1a15
3652 d92616a2f9ebf522
3653 ab17255e7a87c9ea
3654 f582e34908d32451
3655 e3335009782362b3
3656 c151aaf159708283
3657 4dd448d4aba4b7fd
3658 e2bbdad92381421c
3659 5e2018ec8386f0ef
3660 30a799f5d199d286
3661 69caf32310f3c7e9
3662 3b4b876b4019e3ee
3663 23fc4dabbfc30491
3664 7707e429f37aad91
3665 28216e6c0be65449
3666 d8425198f5b1063e
3667 4f476fc2b5b3a844
3668 51ea0ca79cc35ffb
3669 8b30c6848c338555
3670 90d42eb7a77a4c38
3671 6e9dd6da6561c2a8
3672 28030330e89b6c73
3673 eaac4a4c72a1599f
3674 18d3d02ffcb85676
3675 e72626a68b9636ad
3676 63fbd0c5c088c48c
3677 c5972a66bee2fd76
3678 6be2dcc2a8053e62
3679 0e29deb4a452c93b
3680 01102ffe50c8f565
3681 37629a37d7ce3e98
3682 5bb6932c39bc047c
3683 d2cd0cd651eb07e4
3684 bef9f1a130cc2a84
3685 1d5f8a0b76eadcd2
3686 abe372af1f43cbf8
3687 7e48e842797fb950
3688 25ee67a719ccf8b8
3689 a52a4b30462b5ac8
3690 6003b53453c5fef9
3691 232c9600e7f0d7cc
3692 c6c0419924949c00
3693 1b2cfb12f8dd601c
3694 9901a830c63275ad
3695 105386a2e441a01b
3696 3f4dfb3c7a258c54
3697 1f6391e0d8e0f6cd
3698 2db397ff1ac0c07a
3699 743c5e36297c77f1
3700 3bcb6386845f49b1
3701 9913fea73d79e3c5
3702 b570cf98ffbfbd3b
3703 afd5591878c251a6
3704 862a0c304752a5b4
3705 d82eff7a02abbb48
3706 85f837796a2a327a
3707 cc35b81acb2b2357
3708 3b1b52155a504b68
3709 265c8bda7dc19ebc
3710 87000b26e541d51c
3711 08fa13aa77bd6271
3712 a916460726783b26
3713 e9acd4b025398cab
3714 830214596e8b3151
3715 6164fe058cab25a9
3716 9d414ab57cd13443
3717 70e5db2e2b0bbbe7
3718 f032807ca6efebd3
3719 781f857446823024
3720 03c6f2fccb634268
END 3720
