1 b9d103fd6854a325
2 b9d103fd6854a325
3 b9d103fd6854a325
4 b9d103fd6854a325
5 b9d103fd6854a325
6 b9d103fd6854a325
7 b9d103fd6854a325
8 b9d103fd6854a325
9 b9d103fd6854a325
10 b9d103fd6854a325
11 b9d103fd6854a325
12 b9d103fd6854a325
13 a23408d287fe4c32
14 b9d103fd6854a325
15 b9d103fd6854a325
16 532e03fd6854a325
17 b9d103fd6854a325
18 206bf4cc87271b98
19 b9d103fd6854a325
20 b9d103fd6854a325
21 b9d103fd6854a325
22 b9d103fd6854a325
23 b9d103fd6854a325
24 b9d103fd6854a325
25 b9d103fd6854a325
26 b9d103fd6854a325
27 b9d103fd6854a325
28 b9d103fd6854a325
29 b9d103fd6854a325
30 b9d103fd6854a325
31 b9d103fd6854a325
32 b9d103fd6854a325
33 b9d103fd6854a325
34 b9d103fd6854a325
35 b9d103fd6854a325
36 b9d103fd6854a325
37 b9d103fd6854a325
38 b9d103fd6854a325
39 b9d103fd6854a325
40 b9d103fd6854a325
41 b9d103fd6854a325
42 b9d103fd6854a325
43 b9d103fd6854a325
44 b9d103fd6854a325
45 b9d103fd6854a325
46 b9d103fd6854a325
47 b9d103fd6854a325
48 b9d103fd6854a325
49 b9d103fd6854a325
50 b9d103fd6854a325
51 b9d103fd6854a325
52 b9d103fd6854a325
53 b9d103fd6854a325
54 b9d103fd6854a325
55 b9d103fd6854a325
56 b9d103fd6854a325
57 b9d103fd6854a325
58 b9d103fd6854a325
59 b9d103fd6854a325
60 b9d103fd6854a325
61 b9d103fd6854a325
62 b9d103fd6854a325
63 b9d103fd6854a325
64 b9d103fd6854a325
65 b9d103fd6854a325
66 b9d103fd6854a325
67 b9d103fd6854a325
68 b9d103fd6854a325
69 b9d103fd6854a325
70 b9d103fd6854a325
71 b9d103fd6854a325
72 b9d103fd6854a325
73 b9d103fd6854a325
74 638981f5a8e59349
75 086042b8387bac83
76 7a3a349315f8b09d
77 e21a3cd5bf96b178
78 6822c24cb996b178
79 467065255b96b178
80 4cf857f40796b178
81 241a3cd5bf96b178
82 6822c24cb996b178
83 4cf857f40796b178
84 4cf857f40796b178
85 6822c24cb996b178
86 b7e532a45f96b178
87 4cf857f40796b178
88 4cf857f40796b178
89 6822c24cb996b178
90 467065255b96b178
91 4cf857f40796b178
92 42dec6bc948e0bfb
93 2b7f22143fc7a486
94 099d1a0c2df318e0
95 662fadba3450ff1b
96 8d5d54b7c738e75b
97 d89d4aa64041166d
98 58a1f32ddddf3572
99 87809ff686ce4c3c
100 59aef05e3f685a95
101 9404e866f4732edc
102 dcc0c0f6ccf6efc3
103 0495a29f4543ba0a
104 f52a0f92464f6691
105 63946be77c434588
106 e44839b8a02ae00f
107 a518e72c8f1e2256
108 e2fae533bfdd853d
109 b8848a2c5e604b84
110 f31a87635b3e880b
111 3541056fdcf49b52
112 ac2698998df24d39
113 df836db0d4fa07d0
114 fb3688dd00bb04b7
115 dac950b77102cafe
116 79509318d1280785
117 3ef8f027b7ca1ecc
118 60d8ec0adf62b2b3
119 60735b33bb9344fa
120 2c1c81e7cf311a81
121 214f03164e1c3278
122 9a4bfd2114fc6eff
123 06e6cf05894d6e46
124 e94873c32ca1042d
125 07a55767cde1da74
126 3b3fb29286d8923b
127 06db8f383f0b5882
128 a9328eab1dd91e69
129 95bee39a459f6e00
130 d2f292b5db14dbe7
131 c56777d934a5702e
132 d7d8be652ea7d3b5
133 f39805f0ab9699fc
134 643f25d9a67881e3
135 23d1bdf1de282d2a
136 6011f944e81043b1
137 017a48b1d60ad7a8
138 0cd40e7d6f29332f
139 a58f9ea01b166d76
140 2dfc8e341c23a35d
141 6d165207731dbea4
142 084251c0b69d852b
143 1bb13b274beae772
144 6ccb5faf390efc59
145 11f86b0fc2aa80f0
146 970477b5773876d7
147 42062218b612781e
148 cd3a7ea3e688eca5
149 9f0ccd58d56e28ec
150 665a2591df6e5bd3
151 f459ce71b6fd401a
152 2d1de722c9c4d2a1
153 84fc23da7069f798
154 6b545f1ba1596c1f
155 e892d4aa8d4afa66
156 56812b2b3342114d
157 1b52509758d09194
158 79adeb7e6ddcd05b
159 6be6066eb3211da2
160 d9f4510452f9f989
161 887ebef01d8a7620
162 0e0bcf3f4246ef07
163 c45f061140724f4e
164 181b20c13f4665d5
165 64813b3c2ebeb31c
166 85accbb239fe2903
167 d27f1c0e431abf4a
168 d0c9c8940dfa9cd1
169 96251a57fd59cec8
170 12b15bc893b5e54f
171 b2fa2472a9aba696
172 b2f1520a6d27ee7d
173 67cc6759216742c4
174 aa085f5b14e3704b
175 c4fe8f2cccc5e492
176 367cd73d5e376879
177 9b2a5c9f69344610
178 77408e091f3e01f7
179 37c509649db9443e
180 f9ee2ddb6ff691c5
181 33675fad5a89260c
182 9a6258f3096a97f3
183 2a8b69644adf0f3a
184 e0737b80c81a5dc1
185 648a57ce2c5769b8
186 1b70b63815a7153f
187 2408fd38c4ac6986
188 81869e1ebecf296d
189 4f6db557eb048eb4
190 d111f47eb8b11b7b
191 5d2d955dad05afc2
192 f90c4d2ccfdd50a9
193 b0f3ed3d7b341d40
194 702bfdd2abf7c727
195 1a1d7aeb516bce6e
196 eaf5e30a66831cf5
197 74912847bbf5c33c
198 7a8f530b73dc0623
199 fdf43fa554227a6a
200 8b57c191ab42d6f1
201 d1bf38fa7866c1e8
202 5a1d34e13645306f
203 968dbf7db49358b6
204 db1dadbcd4c1359d
205 fef918ad50c0a9e4
206 2e9270add554a86b
207 ccd66c918b8e3db2
208 73faa3df39016599
209 60a826a2a630d830
210 24c7be835603c717
211 4d90d5a0923b8f5e
212 5db711b22134fde5
213 b2ccbc13b3fd032c
214 926959211d7b7913
215 ea9279dac58e5b5a
216 67222a69ac69dce1
217 acd739b701a5a2d8
218 9b47c2e96dba315f
219 875468cfd17d52a6
220 c4cf01e7bf2c0e8d
221 a8004e43b28d8ad4
222 bf29ee16f849749b
223 d41742c775bfe8e2
224 534f94305601dec9
225 57e7cc6f25738460
226 35a04ac5cb93d247
227 033ac0751ede988e
228 3643fb4e5a57f415
229 f2f4d7744e0c0e5c
230 e31c25d293054643
231 c65769bbe0883f8a
232 cd956a0182cdb411
233 3e914abbb8119a08
234 08b501ba5b03298f
235 68b7ae3a77180fd6
236 282560a8aff1c7bd
237 d94373e22051a704
238 d00222afceb91b8b
239 3594ebc50125c9d2
240 14f9cd533025beb9
241 2c2e58c59b5f4350
242 2287df2086165937
243 effca735eb0de87e
244 5679d48628a6ff05
245 fda2d80ae5e6494c
246 c25a67366ec77233
247 74eea4761494587a
248 e8afd61ab0299501
249 8a8d202af8af67f8
250 576023c75adc2e7f
251 8e8243ab80d5bec6
252 cd4fafbef982a5ad
253 b144bd2629c46bf4
254 61137cc632f8e6bb
255 ceab4bd2d9e5e202
256 a8e2fb1f2453abe9
257 ecdc0450be8bac80
258 c0d2918812412567
259 8e24488aef374fae
260 4dcba5900e176635
261 77277ca95229157c
262 0358c40f783eed63
263 65f68c03b8eed1aa
264 be5421eb26196131
265 74a6be48a72be528
266 533593f4aa38a7af
267 bd84c6282f3066f6
268 13d9b7c9c2c450dd
269 c695bcc636083924
270 8521f5644f9ce0ab
271 bc95cd3ffe48a6f2
272 4756463c43e638d9
273 6b9d121cf9c65c70
274 c569f3ccb87ef857
275 7cb89ec210b9689e
276 5580a8c5a8f8d425
277 419fc5903d5c0e6c
278 78c27bcd20462146
279 beffbf5a1cf226b4
280 12e2e4cdde915b96
281 891d43ded984b12a
282 008425faabebcd5d
283 7dd04be9ef0b57a4
284 b26181d91be6bd2f
285 55a5f7dfbe172476
286 e8f91eabb4247979
287 0a6778a6acfed010
288 ef0fd8d82c6ffa4b
289 1ac81991657eaa92
290 5569e3cbab073bc5
291 9b9b888a85ace50c
292 0a5fb98776ba87f7
293 4111cceb67b90e3e
294 78d2d76a566c34c1
295 8f44400f37570eb8
296 6e507d69017461f3
297 9efda1aa6417d93a
298 885b3ff6e0bbe26d
299 16f08ef9ea46a8b4
300 1af16c91ea200f2f
301 aeee1e5fbb0aaa97
302 4e8ece9a1f577e68
303 3b6e890139818971
304 142cf6b29017d7ea
305 8e205af439ea08a3
306 a35bc75190d079d4
307 d6f330e11f9f8e18
308 a1439b3f6c74f9a8
309 59698c2a43d2c6b1
310 1f0bd1b1d62e1bc0
311 b556c7ce9a5d3b29
312 ec719a79a0f57c42
313 34c30a7cd67d6ffb
314 660da00b6caab0bc
315 a30f34d4692a9475
316 7132026c0b638cee
317 f76b08373ec0fba7
318 36c91d0d8cad9738
319 b3140f5800470741
320 2880aa7a3f50ffba
321 2e5a2958792e9073
322 4d02647e725af034
323 342a16e6beb5f7ed
324 113b56bc0b627906
325 65da2865162625bf
326 53bce32e6235ad90
327 29ebb798bb4c8ef9
328 1c69783e004eb812
329 bd7bdf20f04da0cb
330 2a3dce834734988c
331 46797075a8610445
332 b26ad6729bcee4be
333 dd2188c998dd7177
334 6675d7bb06362348
335 10bf798a3df67151
336 72f43ce0053bddca
337 a6b2ed5cac32aa83
338 1185dcd10ea71244
339 c718dbbcd4d77dfd
340 f1f9aeb4761f3b16
341 03702fc8361103cf
342 f992823dbf071ea0
343 e55ab0bf93b0a209
344 7d1e473eee34a822
345 ec25932cc6ea42db
346 71608e759d250b9c
347 842935f4d48a7755
348 52074f35cc0eb8ce
349 d1cc24138fde4f87
350 b75b55aee5880b98
351 dd0bacafb0de6ba1
352 febe12ea4698f01a
353 eedbaacc8d9064d3
354 7cd805beb5cab394
355 50d75cbe1e15054d
356 d13fcc6a09fb7e66
357 509db5509d46111f
358 8b2841f1e25bb2f0
359 d2567271a34e3059
360 4c5d9bcf0cf91b72
361 6f6681c58abbbe2b
362 d7ca12755dc9a5ec
363 87663cace53f1ea5
364 9b50a08d22f68c1e
365 d24933bc557baad7
366 765c90ce8e1e3ba8
367 5c94cfbd7d6bb5b1
368 65caee1b177f912a
369 74d30520625ad5e3
370 550cac267ac6d2a4
371 a23c0fa36987945d
372 5d6317d2472f9f76
373 5797be9ae4bab72f
374 ef74ec899214d200
375 ed74d935494cbf69
376 494594408fb21582
377 117f7f95ff01863b
378 deac7f499dfacbfc
379 0d22181b8b0f37b5
380 908b52e7dcd5f42e
381 89d4cfa8d1be0de7
382 16d482d9eab55f78
383 3a96fe5d66500e81
384 4f633073f0ba05fa
385 f8c424512c172fb3
386 231b89f7b83dee74
387 51394ad5e626762d
388 a15edf934cb4d246
389 15b655ec5516d2ff
390 0edc03d89b6634d0
391 4623bdf35c995e39
392 70f1bdf4e285ff52
393 ecb9937fc518050b
394 7ec5dc945f9052cc
395 e40c00cd612f6b85
396 9e59539e6512acfe
397 37ee26c9e2bd18b7
398 b3f67fb5b4df8988
399 65c3bf285480e391
400 ad8f462b20b4770a
401 7577ae798a4203c3
402 580d73ed81787d84
403 febd8abfb259993d
404 67f9b7a5cd498656
405 d9b112855842120f
406 299ae467eb1c7fe0
407 c3a45d763af6d049
408 0a4ca0076b153e62
409 1bd20c1f54dc981b
410 cbaa6f6d4deb72dc
411 edbb2a9064ceac95
412 caa0609d73b5660e
413 ab9d69243a91bac7
414 088c7d087c5cd4d8
415 21eee9eabac7f0e1
416 4eea799f781c6f5a
417 0839450b0454eb13
418 2431579afc230ed4
419 0983ad79d555ef8d
420 c1a42206dd374546
421 a6f7ea37ed81d648
422 7094df56b2398b87
423 42c128eab3ecd4ce
424 751663e9ced9ae55
425 4e9efa11d22bf79c
426 db64bfa7f1aa643b
427 d04577bc71640c00
428 82c150686d6ed970
429 4f9e485049ab69d9
430 b1ebb192e89f1ae8
431 9318bd9f679116f1
432 796b2422e984406a
433 f780fe01218df723
434 e8a06f158c0e5ae4
435 7529c5a21196559d
436 7e0910fb062838b6
437 5067b9b27409266f
438 89449fb625901240
439 84eb2e078c4790a9
440 f7b1f998b929efc2
441 df45ed7aca95a17b
442 f6089927dfb5283c
443 33007c942a1dcdf5
444 fe3d7c4305d3ee6e
445 39b5ec974bb8a727
446 de3f2c0b189c0eb8
447 1a5c5eb1cfd26ac1
448 2c7a2a788a7c2f3a
449 03cec127e2c1d7f3
450 553d90424101fbb4
451 3839844ede0ce26d
452 5d1bbb757ffe9a86
453 c9a804d7d61c353f
454 f0dd6c35e21f0610
455 019e895cf1397979
456 b2975f8797728592
457 19f89c1b2e8a904b
458 b8d38dc56e251b0c
459 b6821984ea9efac5
460 7d0f12d41359768b
461 4aa41723134f21db
462 00322e02340033f3
463 5c3adb9d34b82330
464 2d816062c2fa9eb9
465 8b1be46226533d28
466 351befaa3323a880
467 6d2644bb62340e57
468 f1c4e8a66c57c2a9
469 7e471213b8d8c0d0
470 0762df19bceeae59
471 eb988384c2951d5b
472 51c278ea9d6ae177
473 9867fb6981bd5d17
474 b747b5733651060c
475 4696ae58572d6c26
476 3ea1dbfcb4d468d7
477 a932d90fdd4071fc
478 b19a23cbf861ec3e
479 10ca3d02a080a6aa
480 c6fc3d61233280d1
481 e77d269113101c9b
482 058bfae8b286a88d
483 9d3573238da58fd3
484 68089e0ab6079ac2
485 0eb55173494fb8f3
486 9629deb274f61f46
487 b63d1f4aa537ba9b
488 af061ef0f5c4125a
489 59a925c6ec554b3b
490 0ac9c14fbe22ca76
491 9b7063036389b9c3
492 1608cedbdaf80fb2
493 639e649b874d1563
494 7c46c413c0014856
495 e4f841ec09c6eedb
496 221ac6ea277579fa
497 4c3d5dad0ec2b9b8
498 725f0b336c055ed2
499 3566b4ca18a3137c
500 db1bd0b10f871834
501 1c29ad16cff80ef6
502 9cddb6f308659494
503 f893cccaad77198c
504 5cae4cbd192d0b0e
505 25ce0607d927609c
506 0b1a91ad2756c7fc
507 8a1e31e47bd69bfe
508 c56c301a24a6bb2c
509 2e48537a5051a887
510 4f6a33b7fb84c060
511 2434afdd06b32d60
512 454abf4c699b0759
513 8787f0b1e24bc1e0
514 ab42235c0f12b80d
515 9c3eb5d98d18f538
516 45910e976d155cb1
517 25bf87e093c72c08
518 94ba5f0c0e8f0bad
519 769d0ffab9b7d340
520 99d604cd80f31719
521 99be5a657edc2c60
522 f62f9c5801d01a2d
523 a343e40c13f18108
524 60484eec8f19df21
525 471780f4ffee47d8
526 961f5d479b8c3d4d
527 b3ea5ed92931f740
528 44ff4375e3212fd9
529 82f5f7c92fee9040
530 3e0eb04a61c5e6ed
531 c95958c30b2808d8
532 ec8422c0e90f9a11
533 16eb6236e3a617bb
534 a4c6ee56193a5f43
535 84c00c461931d70c
536 a892f89d07c433a4
537 76e2566251397126
538 e295f433fc327fe4
539 21373a310a23e8dc
540 4a4f1c6b2116d33e
541 428aca063ecc869c
542 365ae0888d1d339c
543 f0cef78f3a13386e
544 3666b05a1132213c
545 77cb605d01f90827
546 171ff57550ff1240
547 922b8255ea0b73d0
548 ace9c4388dbd8939
549 4101d5b8ef02b460
550 632c579010fdf82d
551 81a8e2f5b19616b8
552 44d1e287d6ff5de1
553 52961760846bdef8
554 466fda678a01fa1d
555 eedee117eb7f95b0
556 2d240531e447ef59
557 3d1719d36abdec80
558 9dd8449221ae8a0d
559 bff9a87f03540b28
560 93c8be422f8c05d1
561 98d0b535de6127a8
562 f0edae7c7ceaa3bd
563 c66b66af0196d770
564 bcc257ceffc11999
565 2185b24f8fcef720
566 7a48ff3503d438ed
567 daab5afbffaf8e38
568 c9cbfa4af38aa9c1
569 dcc5238aac04c27b
570 8d78cc6e1a22e3e3
571 cf2930f1f79017fc
572 5663bea3ba564b34
573 6ac776d1f2ed8226
574 9ea1bf2e0b3e2184
575 f916b55a6e3fcc3c
576 fb4c270c66141aae
577 282e41570a1e84bc
578 da1469462cb7d95c
579 8a7d724e092ee20e
580 ee1de2700896db9c
581 e64505c4e5be8bb7
582 c96521b68f932df0
583 87e14301cdd86730
584 cdc8d781a2b63409
585 b57889e92b97c370
586 f4a7b06b0307ab3d
587 3aafc1d8fd734a88
588 c6fea18a6244caa1
589 f97156d43a2d2058
590 7c73d5e295cd215d
591 d75c077aa8729930
592 9c1b149e1acd45c9
593 1106129fabf86210
594 f19388d949841a1d
595 30bdbec0e3567298
596 7b66bc255760f391
597 d42499605a2b37c8
598 86ea40b424ba33dd
599 1a94ec4c568e2a70
600 7e63babcfe099be9
601 561c26f0bd2acf70
602 8121f964d3363cbd
603 5c4a0123595d16c8
604 da845efb71ba1be1
605 516c1c181c76f0eb
606 1ec15476c27211c3
607 2984d2e3fe004f8c
608 cd808604c45acd04
609 e8ddab368b270daf
610 24452f89fe9b7690
611 f8f3b64e4eda1362
612 69617b86c19ec889
613 f1bad74cafe5af71
614 dd7ef2ad890663df
615 b50a65362c2fefd6
616 32cbd1d1ff3e64a4
617 70de2f4b386ed524
618 842a851b99016bfc
619 710dcb00186328f4
620 bb07d3dafa409dfe
621 2e646b941d8264e2
622 b88a7e5d4f52722f
623 f69e9339d1697144
624 01b1e9a1e7b0b4c3
625 7f2ca462a7b56c30
626 f6af416ca24630b7
627 93baa42fef3a7b24
628 404dfff5e77c7483
629 8c95874e1fbea308
630 2e39db319eaed37f
631 6272e28f232558d4
632 9ca9019f7d0ac5c3
633 a7089e90ce03bda0
634 cd5991d19ff70037
635 4176ca836c4d5074
636 d5edbd6385d5cbc3
637 8c48f569ddbc3108
638 563448a38bcb1b2f
639 cfafb08ccf05ff84
640 1bd594da967ac763
641 75e6dfe47c368233
642 2262e169b80a5195
643 089db1401dcd9dc4
644 71dd2781fda05baa
645 62ca2b8b087c802e
646 78ac1f6c7eb493ee
647 262032381f3b4d30
648 47f3fa47f4d02a58
649 edf143147edeff58
650 ae80077ea421d0a2
651 ecd026db1904e98a
652 95ffff1311d2719e
653 c8696c7afa16f7cf
654 70793a4f0dc846ca
655 8b4b57977cb0d72c
656 d1c0c869a862189b
657 26276163b1361698
658 21cfab1eaecd4e47
659 1810bdc04bcc229c
660 f95d87036196bdeb
661 bdc1bc833066fc10
662 1707c56eb5069c5f
663 447a8023ad64256c
664 992708f926a5fcab
665 a0904c1e26cd6618
666 8ec567cd529f71c7
667 f1d61d129d20fbfc
668 4c1df47de973f25b
669 254ed9343eb13080
670 1fd3f4220a088acf
671 5b3a86dc4aa311ac
672 ea77b7179e3cba3b
673 a7bfb36bb901e618
674 f8d6e6cc29770727
675 ed422d573eb3bafc
676 fb55b135814361ab
677 edd7b133f3b6ce83
678 dbff43480165977d
679 151ebbb72d7125ec
680 c6681e2792d7a172
681 bc10b37bafcaabee
682 195747cac62394d6
683 1b6f4addfb4541a8
684 846975812a9fd350
685 7d0966f9b26b63a8
686 89ae2bcae89e9e9a
687 2c51b8fa5004be32
688 779af18c2dbdfb76
689 58a13e280ecdb94f
690 705e6e8f9688c0e2
691 0fa2307d6964e3b4
692 05fb7ab51dcbd2d3
693 9baaf0de479bd598
694 e5c269affdd53bef
695 47453cfc82b7f4d4
696 545682e0e25ba0c3
697 01c1007741929de0
698 84ecd80879fbaee7
699 975eb7f9c03ae6e4
700 f4eb920caca89793
701 fa7299693ffeee18
702 a34c790f5997667f
703 0adc421a7a4d0e44
704 2b900b53798fc7a3
705 e464c44e064877f0
706 9db09315b79e6b47
707 22f82e9bbde57e94
708 aec1dbd6cc0ea9d3
709 aaae3a6069440b78
710 afe1e32156ff972f
711 55604382ea729db4
712 0d2d781af68383e3
713 caa33ceb2b45ef43
714 a18b38d291d4eaa5
715 a0942b9b334f98c4
716 e83da587bb8540fa
717 000ecb021ee3fcde
718 84c795da3a6fdb8e
719 a67ee8ae0f043060
720 2d8cadf47d00a0b8
721 165ad54658262108
722 1c9e695a1e25e892
723 8e2cea1a6bda3bca
724 57aeddce6817ee6e
725 db99a4431cca677f
726 b26b491c3867d88a
727 774036af5be17a3c
728 d95018732a923e5b
729 c2b35d99fb328348
730 87132b8f91ca8d97
731 8365e177d62799dc
732 c35d326f92f8a21b
733 a880b938709cfe60
734 baeb2d00338aa8df
735 f48f82cc1d33ca1c
736 ef07798f402949cb
737 9f061fe1b1a57b28
738 ca236e88d2295277
739 5967ff6bdbe2c43c
740 5a83fa1c8556e7eb
741 8f5821f1463ded30
742 d92955438047bd0f
743 7d7f39e236ae609c
744 5101e491c63198fb
745 c36f7ec711d19ce8
746 b13be3226796c617
747 20dd284a264686bc
748 440072153b1c4312
749 1cb15f1b524e635a
750 f17283307cbab59a
751 c10e262a46c8925e
752 b6621c56b083a636
753 8bdd215acabc6103
754 f9107f933cb65f85
755 98244e3385651bb9
756 a4a719c2822409b5
757 0a53f39cb469e346
758 638f95b065f5d976
759 902857d3c7f6b410
760 f0a8097544411c05
761 092af8c39fbc5c39
762 35b5d20acfd56335
763 d68f9d4c168a7449
764 7adf46c63bb93e08
765 be72e2ef5957415d
766 71f6fbf4637eef28
767 dcebad40db4d4111
768 398dfec733d12e38
769 dc0ef9256a5c9e9d
770 1c4df4332332d1e8
771 256cc7a0d168fca9
772 b20031ec53f4c898
773 af07e49fe03db23d
774 0b01c3ed96033c18
775 73e69183a7a988e1
776 fc28abb9dd615668
777 a2a003b99ca2e75d
778 b8e6a0030e44d918
779 52229488ee9a8d29
780 803bb8fe063646a8
781 8d6a22650f04f1bd
782 bef95006b381b408
783 7ec4b12fda97ecb1
784 0b5b63a01c1bf7f8
785 39e138db4c520c06
786 db71ce5b44ad8da2
787 49121151365a55a9
788 29b3fe8bfba2b139
789 220c3e1894277cb3
790 9bf09e860fa48c11
791 fbbfa9fc6e49f3e5
792 c9d73d0566125bb3
793 c09decc25a3261c5
794 efaa09123c99d805
795 a2ecf0fce524fe4f
796 76d7bf280e20f75d
797 beeee2fcaf992a12
798 51cfbf7d9b60fd55
799 717ac501e2f68af9
800 f4b1ee1c9022a9e4
801 5772922f6bedebf2
802 a1180bc261f9dbab
803 761bc733d2a12351
804 051f1ed87aa1dc9a
805 c8ca4e0c2d036a2c
806 98966807d1e5b796
807 18783a60f76f8324
808 a4ee94ac87179be2
809 0f5507f953e780fc
810 d1b04053cc4d52e6
811 3d5f24a0ad9088d4
812 a2d6475c4e35130a
813 d9a34dc70e7ebb4c
814 a1713e49d3387856
815 c86646413516d7af
816 3a2d9db826a0138a
817 e57fc4b079ce1884
818 50ac63ee120eb19a
819 f6ac3bfbc704cc49
820 189caf504578a77b
821 4e14311fc2cd23b1
822 480db3367ceeaefd
823 cc5f07819cd12777
824 b233fe2ffd0e75e6
825 08bcd239513f09d3
826 e6940907ca181163
827 c2fb269b5bd887f7
828 04038023f3f7918c
829 cabce01b133cc71d
830 97bc459876e3304d
831 b43b9a2d86e099d0
832 e8585e4c253d5ee6
833 23afc9c6e1b3ef4d
834 a4710559a634b962
835 0a936561a00af183
836 207b1b263284f320
837 709fcd438f68fee9
838 6fc61161ef135dbe
839 685758c2ee0471df
840 8667d13815ed47bc
841 4f471afd24f79755
842 f50e591477de94ca
843 a9dd1f02a382accb
844 d5e581ab959e6608
845 89db17b331204d11
846 26b2ba378444fe66
847 69f9b3c832c0fe07
848 f087fac6e7b2aae4
849 f58ae24b498606bd
850 867c390e861e30d2
851 28336d2554f3a533
852 8da5033c6077cc10
853 53dfd7dc48997219
854 d82fc47c40c6f23c
855 72273db8a3d3490f
856 e0ea24c1cd5ace3e
857 28f88f97185b7b45
858 443a28eb6c1d693b
859 cb264512e89ccc39
860 0fbb8a05b5970e33
861 fc12e7a8b07da8d3
862 e3d4e8d753d6dd42
863 6061168c362ea55d
864 8bab51d9be205e00
865 ac91b5100bd6e3df
866 b4bf32982fe78ee3
867 38845e6614fd97bb
868 ff22b1a56fec37dd
869 7b1c3e66d809dd81
870 2c8c20ff489d9924
871 97d1a8f1a0f7f9fd
872 e650a033f7ac1ea6
873 8345edb82ad04db5
874 37757196936bae19
875 923ef4c62e45a4eb
876 bd6644b766981368
877 59be20688b395732
878 04abe2133c63eac6
879 311736ea1239e501
880 3ee7e74819692c7a
881 6daea9e4d7b15f3b
882 bfc91e28bdd6f81b
883 7b61c95f52fe39d3
884 cd910df4c46386b0
885 c6e134e307886739
886 7c3e87f5769f7f4e
887 417f96aa1df48f2f
888 a11760bb20823c4c
889 df63be04e8abed74
890 52b699802406012d
891 86573b776c430153
892 a2525bc546066e8e
893 7451170940896a2e
894 78cb700e44fcb31b
895 09b2975c9adb7b8e
896 111034136225bdde
897 e8700bb04f8d0e64
898 6b7211dcc3fbcdf2
899 a661237ff6fc4590
900 166a114a71ab528f
901 35c127a95b4cbb2c
902 570bfd19543e6db2
903 2443717257414e2d
904 5802566695e7f9fd
905 97d892efb1d68ddd
906 9560dd7c97b9da94
907 cbeffc1bb76494b9
908 f97bd8f077f5c345
909 be913b6d75a99708
910 b29923c33e52ebe9
911 a86cbf40697fb436
912 d3a308f3db08eb94
913 bf1840375350e243
914 81f1b440463c1355
915 78ba6a01e421b54e
916 8e11c45a8f1cbb39
917 b4dcfd9ffaddd35b
918 09b149c502c574ef
919 e427a4279eae452f
920 21d0391a9b643f9f
921 08d1e9827d5f8072
922 de75f96038997d3a
923 0e5ea5f50d237a01
924 132449990f854cea
925 e76619d3091eda48
926 d8b6c8bf036ef705
927 f314b1ef49a20fa9
928 ebd16f9e3f5decbb
929 72cd411f709b849a
930 b4a6938f5c5b47e3
931 a1e5a282e4a40f4c
932 84f468d81beb1ed1
933 63dab9a6d9a8067b
934 d6d05304ec650a48
935 8e109e51428dba89
936 f5b5515904cb0ca4
937 fb3b2352d4b017d5
938 525d20598a074d10
939 61e8e4cca408245b
940 1a5ffaf363264266
941 6d9b74f0362f3685
942 4a12064d48c95b4d
943 8ba9cef6462c19db
944 3f38f22f6c02f84d
945 c97389dbf2160ae4
946 d110924915822da1
947 da401e9b7067fb15
948 d00bc59efddf0f1c
949 83e81e9abb7c0bd4
950 5d4a447d650b82c2
951 1ee08361c83fcb91
952 fd6d5916b8e26ad9
953 956178a7a63cf5a6
954 0ae28c723b0bb161
955 fccf6e1f2c3c750b
956 053226c8970e9bdf
957 794c59e7a7fc1f82
958 4ecf473eca990554
959 4654219f419c0cd0
960 62deb4bfe3b9d06e
961 0f31e3d3f60bad5e
962 e74c9d7335244f63
963 bd8d7248a45329e8
964 2ac98186f2a422a4
965 de756d0dd2e9eae5
966 e8c460c46add5f65
967 7edbbe80f19fa51f
968 cb8846548ba6c448
969 3d6e4492b448a871
970 7faaea02902d3efe
971 59203858f5a3e4ed
972 8712d466b450b397
973 2cfd6b332cf276ad
974 9ba28bdfe3a35956
975 4ae166628866c53a
976 9965cb1b5996113e
977 7ebb82be87cee662
978 1f49984ae935258b
979 d39a819ec453ec01
980 62181dbb1a7de8dd
981 c2af51d67b3226bd
982 595fbf303d32f81d
983 cc24fc214837e3b6
984 38748986cbc0c6dd
985 cd6367e3632e089b
986 fc82c6b1456a98ab
987 ea68ad1ba035c6d2
988 6213f3664a22e62b
989 92792b29c172e1fe
990 cbf5917d41790fea
991 d758ccd1a414c3f2
992 58979d23cdcd57e0
993 eb61b6bb85823773
994 2be291373eeb1ff7
995 82539fc34f0a8637
996 31a480de95bd5974
997 af17912b958e46b1
998 4d61fb3494085ad1
999 f9c8a930c54285a3
1000 5390beec703c9763
1001 47ff26c0c8119cc1
1002 540735a30d2d332b
1003 4a914651830781c3
1004 d80399d7a1b69383
1005 0d00498f269f0b08
1006 578e33c3066bbfce
1007 0363cf294c9b25ac
1008 d3c61d914b427df5
1009 9e096dd751952650
1010 6301001179078d0e
1011 7c69092c0e9a2157
1012 04e0c0539d19bd0b
1013 5800ce03b9907877
1014 d170ed9120a99e88
1015 94e61b36c55085c4
1016 a2abd7e95e296c2d
1017 49f3800e3989f6ce
1018 d4992250506705cc
1019 b7cceffd8da75056
1020 1ab19e1a3e826d13
1021 1b6e6a05247c85cd
1022 091fcfa4b479b741
1023 edf880f3b57201c9
1024 e91f2fd8be4d299a
1025 38dca732d716ac44
1026 ac42d24aeb9ce30b
1027 b85b04ba7f52cc95
1028 9333265368b256a9
1029 3280b179d43b59a0
1030 56384f011edecd35
1031 cad0004c2349e371
1032 b8fec62ab3123158
1033 072d47e28b17a4e8
1034 35a5fed12be3f4c6
1035 0fb4e1bfd0308b85
1036 d6470168e6cfef2d
1037 a733ea4e917f12ca
1038 d75c1fce7429ee95
1039 8cf58a1b720acdff
1040 94e46525ad468c7b
1041 143a1ccb93344746
1042 c9e04655c9d471cd
1043 258b357d850d085c
1044 e93b598c8a6dcc54
1045 fdb022f2d2d1d17f
1046 f28c4ee83d911042
1047 67b7e9943a2c7614
1048 da376c550ae5ae0d
1049 2320ec95aad19c94
1050 0a8c3d1ff9e52764
1051 26b143119863efd1
1052 52961df56d2358b5
1053 7f943f06bf0bdc64
1054 dd04f7559e0e8892
1055 84ac82643fbcec51
1056 41147a96d8ed8deb
1057 a99afc0933e90291
1058 1849a65fa9c4894a
1059 163e0645c538aad6
1060 9db9892db1c65e12
1061 9ab1ef847c2bf33e
1062 1b421d08c97854bf
1063 ad2bc955f975b115
1064 ef73f69e669091c9
1065 89581efa79a907f1
1066 0e6b1db15b8144b9
1067 a63ce089c023e812
1068 8cf06bebdf4d2579
1069 b7d0e7598ad411bf
1070 e75f94f1f3995007
1071 aa96af50274842ee
1072 26c3b40cf28c621f
1073 70ff0b44a3f3a6fa
1074 7e84924bf4bc9376
1075 894847e85a933dce
1076 2ffd1cb926f1ef7c
1077 83763fcde1ead9bf
1078 d49a8362826c1733
1079 afec54f376e227db
1080 12f081c562814e68
1081 5522f6bf47181d3d
1082 21a66d04182b6855
1083 3e39330f8ea2a147
1084 ee77baa9dd827fd7
1085 d804038e912bbb95
1086 9f88979a8b55460f
1087 48f6745f4dff6687
1088 7903ebd9f1fc3037
1089 d330becb8ed716dc
1090 d34aaa1f616fe762
1091 db5a8fefbd984260
1092 f28518249f3a8409
1093 86f3b4ab5317a454
1094 79575bac727a8c62
1095 32d532527b77622b
1096 5197856b008edc67
1097 e03cec86576840fb
1098 7fae3ade8b65d44c
1099 1e7ff36c1c6551e0
1100 1d372e93f2276413
1101 9e41e66eacf11186
1102 d6ade3000d3f37db
1103 c883820534067fb4
1104 c02a0a8164712c81
1105 4d94e5d24bf899f2
1106 44bb19c529a62811
1107 63d1f431514d3d70
1108 e82ba46f4530b5f3
1109 772f6b00230d56b7
1110 5785eb5b1832ee9e
1111 2e126f1238f0b306
1112 7b7b16c5d653cd88
1113 4cbfa9f213e94148
1114 861360fe580b78da
1115 e2bf1e1fa448accd
1116 94def786a0342e6d
1117 465c0edc981b9c0a
1118 5264d2668ebbed8b
1119 4cfeddb2b4f07ee8
1120 e7f881150683e61f
1121 4f2488428b6a0f6f
1122 6e735961d7d69258
1123 b88ba16104735046
1124 69974cf588a1217e
1125 d7b216c40bb9acc9
1126 f87d8e7524c14a39
1127 181c83a69f527f84
1128 dddd9b581708d136
1129 b0c09ef42fcfe38f
1130 bb6717dbcf6789c0
1131 84a0e1f88314977f
1132 6b955ba92a8aa66d
1133 f55e02cdff7d7661
1134 4908ababe93a907d
1135 3fba1029ee3623da
1136 57ad5008253074dc
1137 f46a66c2891ef0c7
1138 ab6dfd1b66aad937
1139 fa37d9d6292bbb91
1140 d3130c64c52bdc50
1141 85b4ace0efb9beb1
1142 8574a8793710e1d5
1143 337e198844312700
1144 91edf1570243cf24
1145 4ed5a8ea47d5fa56
1146 32ec1d1ed90210af
1147 ae2f5e7297d1f7c9
1148 84bd112d6cb8999e
1149 1e478c6902cc9811
1150 b54d369903c9daa5
1151 b6308e918e47d6d9
1152 c6d60f35a83991c4
1153 c28fb887a3a22244
1154 5801008ae553bc1e
1155 7dbf81bdf4d0c11f
1156 b55256e83fe17649
1157 fdc72693650a91a0
1158 9f000e57453cd993
1159 506a42e1cd2bc0cc
1160 02240a16e09fd582
1161 622e2c12dc1e62c3
1162 9806a0a5e25c8a2f
1163 c67536b534b53ffa
1164 935cbc2ebfc22f9c
1165 4e852f3fb09a1a28
1166 01136b22157c7f74
1167 3fda58063cc45a53
1168 013b7d93be23ea87
1169 34c1cf8d1c2720d7
1170 19a64f71f5d266cc
1171 508ea2c5f78e3db0
1172 f6eea38e2fe3e45a
1173 bbabff60197c20a3
1174 86375e6991eb8d8f
1175 2649f5b4fe62fad7
1176 38b768abd7900954
1177 bba2c6dbb9d867d3
1178 1557054b4f68d01d
1179 632954d06a115c34
1180 c8d219ce762233b0
1181 d107eb496a147cfe
1182 4065a93726f89961
1183 c9b11f2175c842fa
1184 a31560c497d717f4
1185 4a8d887cbd55731d
1186 1a5f4910636ba9cf
1187 ec7e908ac0b7ae8d
1188 f7e299d377839aaa
1189 af7cb91f541df98e
1190 33828d6ba63f7420
1191 8f05ef6432e76dd2
1192 d15e6345e7b36db6
1193 24d480aa71461d9e
1194 85618ed91dfbdffc
1195 2615b97657e62f59
1196 64516b597fdf3ad1
1197 7e1227cd5dfd5162
1198 1fff1af5b05f7e63
1199 14a7f692888bf3e1
1200 d827ae78cf370fb7
1201 b894285637a203ef
1202 28e390806cb9fd81
1203 fdf978b8914c39a8
1204 652f929b3bfadef2
1205 b13e4b5bb38826b6
1206 db20c6b3b301b7dd
1207 8dc2db65dc5fc4b1
1208 6fc2a0703d5fb5d3
1209 2b518743509c5fdb
1210 25f6871845906444
1211 80c0daa88eec31a4
1212 592466b7a6ead6eb
1213 eda4645af4d08ca7
1214 d102992de8a0fedc
1215 f4a5adea9c147de5
1216 9ee1828e9aeaf045
1217 cbab83a705f18c9d
1218 8cf4cf2c1f796e3a
1219 258401d599324170
1220 3e8a2d991f9df555
1221 7a0f6f4655a6d596
1222 5d0ae228fe70a2b3
1223 4febde664d3aa75f
1224 47537a89aab311dd
1225 4764ceb1f9391b89
1226 bef7db2927bb7b6d
1227 e1685e588a2dcd74
1228 49d2da843d38bd08
1229 af60ae354fdf0178
1230 e113c9cda1e5d714
1231 55783238402d6225
1232 f74a27dba72f4f7a
1233 e27d21b429071110
1234 ca3193fa5e37dbe5
1235 662745aa8f5e922d
1236 6bc6f8b261115981
1237 a5f542ea8a798d46
1238 a209f1bc25c3172a
1239 ee4e4ce1148af7fc
1240 10306e116481ac7e
1241 7a0208e3eef1643c
1242 c3517b5f39cef716
1243 cc56b2f58fda2b2f
1244 d7cdd8097784f494
1245 ff1f7be6c1290df5
1246 c4e96ef4a069febf
1247 aabb5091d33d583e
1248 9bcf64a23c33f802
1249 27c87a661459eca4
1250 78d5e165252f4065
1251 6a642140bb709d6a
1252 e180e322a11a37f3
1253 93eca39a4e73624e
1254 6f150789becaf1d2
1255 b02e16d4a8d9d698
1256 d80cd1736e123db0
1257 4146ac0dffb2db59
1258 77c3671406686de8
1259 931878d60e0c2839
1260 7d2f3b84b41559a0
1261 24e2b162a2f3692f
1262 72fc9a5aee26268b
1263 63c8ff9700745127
1264 dd3505b705a059a4
1265 b901137252a342b8
1266 df95b7308dae7ee2
1267 f6c1a04f67eea963
1268 d443a26f8e86f3b0
1269 1b1d5016b47bdc49
1270 45dfa484d8dec3f3
1271 14711a1c3137c081
1272 254182690697ed76
1273 c10f566043e676b2
1274 59302649a9818d64
1275 e2b4cc74145ddfae
1276 b584189aa4e1e5ca
1277 bb84a5fd611e5c6b
1278 97174e3466487776
1279 d598c28361079c67
1280 9e59d340e12e0d54
1281 39eb6b5d806767f7
1282 e5d485145f240b2e
1283 a193015d5e71fac9
1284 f63167d3ae832184
1285 cf2648f16efaadf2
1286 433a9b2cde9eacca
1287 c2c91d8917580ad3
1288 9bf3d5fd0f5b4628
1289 74dc497ef12f2d1c
1290 5409871b41b5c8c4
1291 7a96615061433e42
1292 957db46df50ac147
1293 9541c648ffe9a545
1294 af04972011109952
1295 6c627dfe08e42428
1296 cc5236df7d0ca537
1297 bc22dfe3ce11f0fb
1298 ae27f07fcb7286f5
1299 8c49876f76e73d91
1300 80912558fd322995
1301 7ebfebfb73886978
1302 add29ee0ac864987
1303 193ba1b126f7bafe
1304 1bc2842186a5d751
1305 a134604416d967e9
1306 8ca0969e2d05207b
1307 1e967419cbe844a5
1308 12cae36ca0a56747
1309 9405542d2316c69c
1310 7bc5d795fbcae45f
1311 59f664b5cdc7ff92
1312 bd2432355a3bc134
1313 3ef7f3f5258bcc5e
1314 7670bdf0f7866a03
1315 88a6f9acbb014925
1316 e5f47e2cf09afaab
1317 b6a53a2d04cd5c65
1318 d91bf0db303a2c9a
1319 e0d9b592e8b01ca1
1320 4326a4a22696e154
1321 ddb823a63a77be0b
1322 e00c748333634c82
1323 519890f55d31c0bf
1324 82126d2a89c92d80
1325 65478cd58a053d05
1326 7e8615142599a3a5
1327 5c533d50c2379246
1328 e21944f6fe281072
1329 52e1d7cf01e96579
1330 93b4435e02c5621d
1331 2bab529c8ed2f7a7
1332 858b12785f3d0d17
1333 28a6327b1fee3deb
1334 143f42208bf61d84
1335 5667fa94287dac0a
1336 eab3eef4443a392f
1337 1740d78326a60bd8
1338 c4d7d7f697487a3a
1339 6f8af7b2831ef5ec
1340 49ec4a6a611a576b
1341 8828ea1ca166450d
1342 7d5c8298735f70d6
1343 9e0a2b47906cd297
1344 4fa2a3c9effe8b33
1345 8c97481a8ca3ac37
1346 b708d702777a051d
1347 35a897d0ed0f4dea
1348 033a07fc38890250
1349 49ce5a4c9d34b8ba
1350 ce95e7f1fe28c54e
1351 5f48090001cf10b5
1352 f014288fd01edd08
1353 73005a5b4ffaa4c7
1354 f22dc5927729a772
1355 53d4faec043e72d7
1356 0c366632f7f431b5
1357 848486bc1dcc5af9
1358 95d185228f061d97
1359 2efe588a35278da2
1360 dbbbe206baea0666
1361 90eef6dda37d61b4
1362 5cb5e4effbaae0a1
1363 fd08807cdd551651
1364 833770269cedd708
1365 1951003853f7edc3
1366 4214fdac03e85c5d
1367 c86fdafe5bd31225
1368 b4626c6c1f76e836
1369 a2d42c32b9cc8bc7
1370 d949abfca13dbab0
1371 09578a51f47759a7
1372 17eaadacfbe04ef4
1373 5d03c7ae9dc2f122
1374 10edbc6a89924a4b
1375 84a425db13d95ce4
1376 9c681a1b7367d2cd
1377 28c880ab8aa0bc6c
1378 dab7eb28071b1b95
1379 0bb143440ad64606
1380 f1716106ebf002cc
1381 e534db07584f2c02
1382 5dcd6c997247a6dc
1383 9d246c6c8e38106a
1384 043d08ce7bb8e6be
1385 bf45018353ede623
1386 75e2b7c93ebb6ee8
1387 6816780b9cb2776a
1388 3c1de2d224b38758
1389 d2c5447f9de9c6ff
1390 3f530b3ee6ea025f
1391 f0772bd2316e18c1
1392 880b3761ca57013c
1393 050ffd5af9324ec8
1394 1df5937bb1bd68c1
1395 d259f19f1cf9f819
1396 f60d285e125bac64
1397 440fb2ab789c9dcd
1398 feeccc7f91ffbd88
1399 4fae20d4784851a1
1400 45476892dab35bb6
1401 5c67df9d5f98c740
1402 c5fd95bc8d35244b
1403 b8eb99a554ba0de0
1404 490d4fae635ebb9d
1405 e909fcd03d59fb82
1406 529813cc106574e6
1407 692f2f8e9c7a3cfc
1408 b983f0b58892116f
1409 211e13c0b78c6a98
1410 53ba1ea08df0727c
1411 69992298a879d6d7
1412 955605dc7a445a31
1413 9db3fa8da2d1147e
1414 261dc6acb0abcb83
1415 e348fd01a6a46c50
1416 a5775decda1d7d75
1417 d23541777d156af6
1418 718f4a682fa481f1
1419 98037cc4266dd234
1420 0744346f43d68a87
1421 2d14151ae422f4d8
1422 f9ca0179e725a201
1423 b25d0413860b74ee
1424 35627ab979f22769
1425 452ce0f2e65b2470
1426 6a51ad2988c7dc74
1427 3f945412227e7512
1428 e488240c5736f4f2
1429 a8b3d5dc788935a9
1430 f0689d0f0226fabe
1431 89217dd81bd835d9
1432 67d636af1ff9dbf4
1433 8e8c719dd7f35665
1434 6076bf7a3109426e
1435 a00b6728d6ca863b
1436 b3ba02d887d7f93e
1437 acfd1be6a9689334
1438 25ba56be6551b3b5
1439 98449be7e20c4e8c
1440 95a94f78de271afd
1441 cbb32a0b82498b60
1442 78c74908b6c53d56
1443 651cff380e6d3595
1444 b8ae12c0bfb85334
1445 b90cb4a663d85ebf
1446 c65ee01715fafde6
1447 b9f297771cdc1c6d
1448 c11f1dace900d995
1449 c8a52c6d4b5d1053
1450 efa58cc1690a8c32
1451 8c387bcf19251cfd
1452 48db36d104abb760
1453 768f66e9d9777197
1454 0f4dd62a445808dc
1455 07ec042e6765f815
1456 37090f0cf020b534
1457 2868960ae3bd877b
1458 86987602dcabafae
1459 8c0ed4b3bc12b125
1460 19b8b3b3ac0bf056
1461 12ff1229a7c57f83
1462 74cbe9acf26894d8
1463 129760aa4e591c8b
1464 0d1d94ec2fcc08b4
1465 73bddb0bc25f42c3
1466 b3187aca8ab46938
1467 7f214cc5652dd507
1468 2c443156cc3f05ba
1469 61445996ab770575
1470 372be835cc813ca8
1471 ce8c0133c43405a3
1472 1e7e5776b774f214
1473 591eaea2eef9af53
1474 7e36cddf1ff8dd41
1475 0af6605517c380b2
1476 7ace42eda4f5527f
1477 d10dc1c920ba0d64
1478 bc6b7c4e7651fa03
1479 45e6d86811def256
1480 842b4a65e602a5f1
1481 a8cbe908560ca469
1482 79e99fe7580a0702
1483 4b95a3a2a55c163e
1484 d055637b210479f9
1485 0e474c3c38acaf85
1486 df0fdcd8eb72d09f
1487 3a69e532df7b26e0
1488 4d6e3dc75541c959
1489 4e5f3ee0b0ebd125
1490 0fe57627e222ecb5
1491 1d4b1ae76bef7291
1492 09b3717baba5ebd7
1493 7d62ec710799b2bd
1494 d67105be002c8c4c
1495 6d7fee6ee40fc79b
1496 06660dc93babf9d4
1497 b914d4cd40064d73
1498 474089656b4f894d
1499 c2997bdef7dd9d1b
1500 5907e11279897340
1501 635cc78f94cf06c8
1502 2ac9136572c13f97
1503 82420fca74bca800
1504 e2a1be55078c7631
1505 7292bcbaabd8a5a2
1506 78180ba8cf354d8b
1507 3a1662c31f648360
1508 e181f13ed12a62fb
1509 ec6de26fef9d2bf7
1510 d848de28c7ce8046
1511 d38eb1b03ed5b752
1512 85154969f3bbb504
1513 66132e4ab0a0447b
1514 454d1870e3cba4d8
1515 85cfa6b0c3b37dbc
1516 1c7b8bafd1a46b25
1517 fcad98408b341fea
1518 243465553f145ad7
1519 7ab33b7083e3131d
1520 c337bee64d5c95ff
1521 61242fff14ae253d
1522 f9b739f94e939d74
1523 bbe130c2124ca85f
1524 7ce324a317973b3e
1525 7d9134bf15afac7f
1526 199e0ec9cc1ad073
1527 fec47cff9f123fd9
1528 0942cd8d5bac7137
1529 ded8a28cf61c22af
1530 ee9dd40fa53effe1
1531 8a2fbcb9ffcb4883
1532 e06a88c4952ce3e3
1533 c0cfcb6efcd64a54
1534 248d8020c7972cb2
1535 17336388657a0b46
1536 d21a53b87369889f
1537 9bad638538395c2a
1538 444d51a1d9f3f16a
1539 823719f10d37a950
1540 3c2a52c33ea0ae99
1541 97581861a7befdf6
1542 1a2f8f290f6d4b2b
1543 369e1e69e40ba41a
1544 838d27cb018ac085
1545 38efb4fd2d715d4a
1546 34a1a9628b7f3beb
1547 dfc329661d846af2
1548 84db87df85c52329
1549 09110886235abcb4
1550 d5632c7cbc5e9ff3
1551 39cf2b073902abfe
1552 bef3bb913f3d7543
1553 268f69f4f115dd78
1554 d54a5d02eb0baabd
1555 565b0d029fb6fa5f
1556 2340e9a2fb9a4488
1557 f02ddf864699f4d1
1558 9de851193ad54e2f
1559 62fab7864f731778
1560 88926d783ea8a02d
1561 282d08bf96d53b78
1562 a90a11d0e8040e86
1563 a092d7a21773fd88
1564 113316d899ea2a55
1565 434bbbbb98f86ebe
1566 a4d4a961d6091643
1567 289c9f5ed9567aee
1568 d636546a2da8b0fc
1569 05cb746192418377
1570 cdf6d77244b9ea02
1571 eeba72d3f37cf78d
1572 ee5e430ede872e84
1573 c546175588a4317d
1574 13845e5b4ff7958f
1575 1338cbacbc3ba038
1576 22f8a714e6d1030d
1577 c9c60692d6fc5c8a
1578 891e5dcf3be9ebbb
1579 42df7b16c9d38e4e
1580 e3bcbe010cbc5dde
1581 73bfd6ea61afbb40
1582 89ea36a894ec5976
1583 fc05bec98d7ef99a
1584 95ee33d66e8c232c
1585 0ae99580940dcf0a
1586 1bb5ae530dc2ef37
1587 1bf30a528df6572a
1588 d7bcc5162413db13
1589 2e6326e117d0ca34
1590 d9de3e1dbb425118
1591 31d61a6d5e0f2d4d
1592 cfc2951d53498dca
1593 3d01818bb973bb58
1594 379d24361dae58a4
1595 d4aa62c8953c641c
1596 524141b39f3893a3
1597 58b7564418cd9f47
1598 bb1b82da34929b98
1599 32b28e4a783a3d3a
1600 190acbed800cbbda
1601 5b098f8ad3467d94
1602 0b826e04c1edfb89
1603 1fc96701b23f1ca0
1604 f35689f8f2581676
1605 334f3867ace1d319
1606 aae444216fe1cab8
1607 c613ea30931482e7
1608 a5662ab3ee3fcd8a
1609 6a2982be6c71f54f
1610 ef189150b07c914b
1611 42bcdd81816e32b3
1612 20a3ae0d67e0ae76
1613 1d0cb03ec0a1d7d5
1614 df9fcf4ab6157c28
1615 0cbc72a3c22f28ee
1616 ea7b218e2cd34d1f
1617 a0786e46b4cb7a8b
1618 715f0de61afafcce
1619 f90b18b24181f521
1620 390df32eb969c49c
1621 769faa465682d889
1622 0bd99011cb906632
1623 0e893e104ee2fb62
1624 72963af78b199faf
1625 259ca948c45b69ec
1626 94fc39c0ded96041
1627 3d2aed48ca0383cb
1628 17790fc92ce7b20c
1629 997b2ef4351f0234
1630 55486696ec71e0c8
1631 b2a701c5a202125f
1632 65351f4e2d784357
1633 7d9280277838360f
1634 2805b761a7dc46a4
1635 d19a4238cad4063a
1636 0690438d6dab0e60
1637 23e2a90a14db1493
1638 598b252ef726af22
1639 1629fc9555c29183
1640 7f4be549e319689b
1641 a31557313714ceb0
1642 7bb11a003fc972b1
1643 8f355fda9a4f3172
1644 1862fb1bfce9c703
1645 3fe7a0cf4b7b6e99
1646 a9b9b6717eca1082
1647 edc7a6180695e911
1648 677d10e742842e80
1649 bc86f42322edac87
1650 290532ab2456a726
1651 418513298b8f1ffb
1652 d37c292dcbaddc13
1653 c2c817b412129ff9
1654 2bc0caeb758b90e5
1655 c382b6846c9c7768
1656 333bb021f333f489
1657 6d52a418411aeb2a
1658 023716c29e9854be
1659 305bcefcf0892306
1660 25586cf2e1a689ce
1661 7a7c1932769debf1
1662 167e29df2767f755
1663 2c1bd3715d13f113
1664 d5eb84ceac5b3483
1665 5af2503c48fb31d1
1666 95e52f3ea2f329d8
1667 04b2954066ce6d82
1668 20dd6638ade72d9f
1669 33dff610170f518a
1670 e73f8d4b79bbac03
1671 7be9eaaf8d642890
1672 0559d7ce617af535
1673 0ef3916ff66e70ce
1674 67edb4806c51b663
1675 21f4a1109a5b9339
1676 66883fd35ecd489a
1677 c0f9a33eee928f69
1678 f1eb34259bf7229c
1679 4706f048216c21bb
1680 a61ffd8b17bfdc66
1681 bac1c4ef0db9eb04
1682 9e751d9f643e0a61
1683 52ca645b82bd1710
1684 9b442488079656dd
1685 5558367e05706f66
1686 74f026804cc4644b
1687 c1e7c003af711456
1688 25be49c80d54a298
1689 e5e516db5473fcc1
1690 33c17c0ec4fb9d2e
1691 f9b5ecdc8144f55b
1692 70abd40dc14711ea
1693 21c414e05eb88d5e
1694 3b81bb8feeaedd8a
1695 6cd0f1dcdfaedc32
1696 43d34188410d4dc8
1697 023f4e77ac78e618
1698 b3684c9397603616
1699 e40e30da5ffe507a
1700 8b3be26b77f5e4e6
1701 c1f67d92aaf3955f
1702 522829267ac1ba0b
1703 795c95fc0771334f
1704 5aafd418272a43b6
1705 c0e334f650905341
1706 a48b635b9b300241
1707 7c4c6dfe3a336042
1708 1bf38bba2e3d3506
1709 7f319b03fd510f77
1710 dbe6a2ab7d8fa626
1711 968044599a4918c5
1712 2129cd8814e7570e
1713 0b84c4e3ad0769d1
1714 59c4d8ccdff37d64
1715 66e14fb4387a4079
1716 c5cc99613c3319a9
1717 91fd1e6c3a81eeaa
1718 54cf92486b7b8de9
1719 7d8c48e5929f1552
1720 1562a2adaef0dfb7
1721 a310ea8a0405173e
1722 9a08bb32357ae46d
1723 5e023fd87897497b
1724 abf55f2aac50377f
1725 0f80661afa952e40
1726 56598669484a6f2e
1727 432edbd44d941cc2
1728 c27c7b44a4843a57
1729 a02783b21e0e71ac
1730 be1a3553e412686c
1731 ea50422f2eb8b295
1732 965d89c67f94cb3c
1733 e7152f4aac149291
1734 35d44068a16f6796
1735 bb8fdded1ab7fb33
1736 34cdb76efe003a42
1737 825c064f83f9dab3
1738 f4b68e2109bf0f29
1739 c6d8efe72a10fb58
1740 4fbe7c1f2a388cbf
1741 5a8b19c8b54d2a1d
1742 49c4ac24fad416ab
1743 24896bca937cda24
1744 b4e720f3d2985fed
1745 1bf37e7ef4c3bb47
1746 ca4e85e3e19b82d2
1747 19e85de8e31b2609
1748 7ae9f84b52eba63a
1749 ea075736ed31c1b3
1750 af9657f00ddb3ce2
1751 2a843e487d2b8b33
1752 b3388e11dd6f2d8b
1753 c1a0198dbab746b5
1754 7870cc1c929be4cd
1755 3cc1e5064900649a
1756 ac31ce5fc9f3668d
1757 d18a4122f94da10c
1758 1e577f685bb90595
1759 cb8cd8f88b55810e
1760 14b74f8b67a68c99
1761 b5b4454bbd900d1c
1762 2569eee8c2c57221
1763 3941a999b3cf2b4d
1764 25a10236493a6fe3
1765 76cc5c12b55c1d2b
1766 fc1b0ba03d15820b
1767 8257a69260b4d708
1768 beddb8e962c4e1c3
1769 4194b6f1a213fdea
1770 3a30b7f942e1d5ca
1771 c61ef88c62730c79
1772 446753bcd545194b
1773 9d5ef876f12961da
1774 30685c36ea285cff
1775 cd5d64e67306f2f1
1776 9db0b663c610d2f3
1777 fae4d8a205ac0d18
1778 2f1bb6d933ed10eb
1779 b364375930ab5d52
1780 122fc93f4a49164e
1781 ef2eb2ff58b9256a
1782 d6f173b071dfc259
1783 0bcafad39312dbce
1784 f91029e876a5f34e
1785 9d199fbd147f329a
1786 f9f4c4f24572a38f
1787 de97b53e502d87f5
1788 46dd1f67785f177a
1789 25ba83c3b91bfc11
1790 2c8c49e05132f3f2
1791 234d40b7bffba2d9
1792 c6f74893c5bf9630
1793 3c51e7352ec65d5a
1794 3ed604380db2978c
1795 b65da27a1273405e
1796 fe213fb8d23c5b25
1797 c76819859953c90e
1798 48c53aaa8ccc805f
1799 53f242d28e692cf6
1800 061d847cdae5dadb
1801 03c24b0bbaa1aa5e
1802 cc3fbc97fc1bfc14
1803 9f1f7590bf145510
1804 95f5bd5b917417c0
1805 3d789fe6b3473f85
1806 aaf9d74086966d98
1807 6f428dfac2a91f4b
1808 ac3798c6624fbda4
1809 989f3de4b7fd26bf
1810 d0a4b5f43dfec95d
1811 8f031a45b863005f
1812 a2c62d8fb474cf16
1813 856410e96ed4154b
1814 5b5632d38d91389e
1815 20d6034bf45b5493
1816 5d29668a519dbda2
1817 7cc0d865aafbc9e1
1818 05e6e4525b06d928
1819 0e45a83d7f098a5b
1820 68a412da80ca9ca4
1821 f909f0f434eb2b57
1822 275eb1d8aec7e0ba
1823 a78a7c5af7782120
1824 920e12082fe9413f
1825 45d261fa70f875a0
1826 464d66adb1224b47
1827 512a0e651de5ae0a
1828 886990e30e42fcfe
1829 b0e4a83b2e248fcf
1830 4f0ea039851d16e7
1831 4cede1945c7c72c4
1832 536879ace1362f7f
1833 fa029503d7bf80b8
1834 722f5d905193654d
1835 d45f85883b5ddb90
1836 208d1c438c4ea7b7
1837 7a3399514753ee04
1838 b887580f5191c1af
1839 f1af0ee3954687dc
1840 e11941d8936305ee
1841 abcbc0b2cf2111f0
1842 c7c7b9b812fda115
1843 547bd65647ba85bc
1844 b48d5f84900307c7
1845 f22f922c449e5bae
1846 4e8d35aa329162bb
1847 2893299926e5acea
1848 f5c5349ebd76117f
1849 576b1e1c9d6699b9
1850 ae6e83d1b46b542f
1851 bf691de28a294e14
1852 8968d53555ad83d2
1853 5ba042abd8e6c3a0
1854 0b3da7869bef2bf3
1855 c839ea3fa6f54884
1856 fc8fe4c192791117
1857 22bb28cef72018e2
1858 c030e09d4cad9b45
1859 95db81ea3a748824
1860 c2c314704ab52ab0
1861 5f9e6434ff19cfab
1862 137a9bf7b6c4ee15
1863 0968313d4a65386a
1864 eed501df9d9f194b
1865 5c65e2e6df6f373d
1866 a0196f9fef59632f
1867 dc6c44a232d8be64
1868 b0aa9f5a253a6cfa
1869 113ad9bcf92ea60b
1870 55f9cd5bbf6ef589
1871 4ac3e511a721b063
1872 bc7ffb7d2689f1e8
1873 316241dc34dfe908
1874 3a252b0caf2652f3
1875 e4f960b02164b941
1876 1ed35922e614e210
1877 2f7c40524a3a5aff
1878 a59e363676e0e1da
1879 193eecccf95e2611
1880 8b043aa196c9e6ea
1881 c145f49f4708731f
1882 993ab7d41996abf2
1883 78d9714e887d82d9
1884 bcb02535fe7379ec
1885 683ed12fd61c0c3b
1886 fd1a56b356f77398
1887 e2bb762ae09b93b5
1888 f3d803705a4e0608
1889 388a07645315bc8f
1890 040d1ec060cb60ca
1891 8fd52e2ae8330c59
1892 1f4e6c21d0570bd6
1893 c2bfa496c561d3bf
1894 bf848702e58d1a8b
1895 4bdeba4681cc14f1
1896 9e25a7270324160c
1897 f77af2a5b7ac481e
1898 ac5bfbc5a6787ac7
1899 798f751d96be94dc
1900 9cacb4b9c0d8b154
1901 1c6282674ae13bf3
1902 1c6e52db2678504f
1903 a0580271d97e19f8
1904 edff8bfe5d167837
1905 ec93be5c5565ba01
1906 c9b919df4bef8a14
1907 8a7a741e344b305b
1908 bfc1f425f0b4d392
1909 1f90e6054de32949
1910 028b843140917bde
1911 3f4f22255e34f9ff
1912 6ad14932e75faa37
1913 80f903d79ab7e414
1914 e70fa56f8f675a35
1915 ec7a17061ef4919a
1916 c2324b8bc2a5447d
1917 fddd208ecc11245b
1918 9421b2b4797ff0db
1919 d2e3a0d64ef44a9c
1920 1aaf78cd6e46810d
1921 176f9a10ec5d0826
1922 319405d2b6d2554d
1923 f8e01b4880d8d5aa
1924 d87b41dc904d9a3b
1925 047a3f945b570288
1926 5f5f2db90284ed21
1927 c43b98b3666d96e4
1928 372ebb3db87c76e1
1929 c1a05901fd00ce64
1930 bdf192c80c91ac36
1931 6264b5c6612948b9
1932 18b913bcf0cf5f59
1933 8a57b5f16afcd3be
1934 02c29baa69b073b0
1935 41cfdcefa42359a2
1936 51c2097c343ee995
1937 7c5d078f7847267a
1938 288b84d412a06740
1939 eabf079dcdf2f7a4
1940 624337e574073b5f
1941 51056a57f9f85fb2
1942 d224a418a5559889
1943 ea48a27426fb5dba
1944 ab9935399fcaebcf
1945 2200b8b126ac07e0
1946 2f9b2f0788615b9b
1947 ae5f985dfa3ec467
1948 82c8f4853ebddffd
1949 661fe9ffc747e452
1950 223bbb603ccf2707
1951 bca5538d42a345d4
1952 7c48a8cb75ef8d9c
1953 6e35c153e42bf11f
1954 b6db2163bfbdd18e
1955 45ed8f7812feb6e5
1956 666567ad5adb6938
1957 f6fa908e22d1a40b
1958 06dab803e71f78ec
1959 34920e54cf90de9e
1960 4f18b5808728050d
1961 f3e455b8c235748a
1962 98c277ce5fa16094
1963 7d52f7e7031c9feb
1964 749429aa317114c9
1965 ec96ea1304820e43
1966 81099daa4a1c4f61
1967 56a41fbd46b1d92b
1968 23b091ad3d741a1d
1969 cd1b19d6c52493c3
1970 5c750aaee2ed3d83
1971 084acad8c3cc8439
1972 3f349abce0fd7723
1973 740cea5d52cfb04a
1974 6140570e43e8fac2
1975 3072bba8535cec1a
1976 f7c04b3efd5ba2dc
1977 1be67f62e77bad78
1978 a10271926355c976
1979 fc0ea9367a1ab64c
1980 5535e56a970b058e
1981 321f07bc6024a91d
1982 9349c0dad3b8300b
1983 5b91176eaef526b5
1984 8042a0d8c39846ed
1985 cde51d2756d2aca1
1986 bb953562a361d97c
1987 5d7d77f6a2eb90ba
1988 effd772d200d77f2
1989 ad1f8c58df7603dc
1990 ff54d28b41f6d346
1991 0e3e308f87c86092
1992 ba0628a9b87591d5
1993 3f4f4d86afba30aa
1994 7058e48696c4d687
1995 9ba5858a2c2b294e
1996 1beef2f36494eb1a
1997 859e92ffbb481ca1
1998 166d3efe97cca0eb
1999 616e2d06619cad6d
2000 b040b091054eb779
2001 1c72f9ce2f74c449
2002 116ccd28160493c4
2003 7f4c15802a5bd7c7
2004 507869786dd0b0eb
2005 982b1bfe363b8763
2006 2aca3dedd4f688db
2007 c720036b33cb4adf
2008 59be148ff54df2bc
2009 4b66e154b6124587
2010 9a4e21141d703d56
2011 c20117f3974eb3fd
2012 80012d353586b4b7
2013 0d391d83c92f3c31
2014 30b3d11f094b31c4
2015 4503a60dfc5ec378
2016 fb5e8ea9e7375b88
2017 db45fe53713ea24f
2018 c43c9f206e530302
2019 4382324fb82efa55
2020 ea7fc5826556a820
2021 baab9b1c517b62ca
2022 97cf9f796ed33404
2023 bb0afa0443578d1b
2024 d70bd0030cccccf8
2025 5e75dcdcea401154
2026 1353e9f1029b11cc
2027 bd9d8a982cd5d32b
2028 e5c8cfde615584de
2029 8ead7a428a4ba8d5
2030 5696b74be04d343e
2031 cb5b3f4d8486b2db
2032 69b9501f19369188
2033 b960e271863d214b
2034 45699c6bc376441f
2035 3f629b38a8f3f421
2036 990858ea377d1ff6
2037 26218840b62152bf
2038 77cbcffb8b7f403a
2039 87e602ee92cdeb6e
2040 14cfcb471e2aef99
2041 1317cc810438a990
2042 2a8460237fa266a6
2043 f3168c37095accbf
2044 fbd51dd2f9c7e94a
2045 304d8c098ebfdd68
2046 102a85a28911c378
2047 77e971256346c302
2048 3f1f5877b7698541
2049 bfa2d4b13d3e024d
2050 3f6e13704bb247ea
2051 f5b001ddbd9cea91
2052 06dca61cdeef87b4
2053 397d1a645f7f66a3
2054 7e8faa70daa7ec94
2055 06e19494802a5f1a
2056 02b1ad467186c8a2
2057 3a8c0b2ff64a16f3
2058 2020d8c9cc70eaf3
2059 ca9fd7a31902c25b
2060 672c1789056ffd19
2061 b81caad5ad6e322c
2062 daa392dcda7edd68
2063 3616ec049b5b1233
2064 f6805be422b91274
2065 fa9f52805ce11fb9
2066 b717330859002f22
2067 e5b85fb57bf1bc3c
2068 daf244535fb6f791
2069 93265c49dd55d18e
2070 2915701913815f61
2071 4e69315161e42d8b
2072 632d09443b12062a
2073 a327439239fbda52
2074 cd773e14be89c4a8
2075 691068cf90bb30a8
2076 cb79474b2411c630
2077 ed019af83cfffa62
2078 bfeaedac76412516
2079 a1f9c2bf6347d72d
2080 76736522a52669e3
2081 f93a99e6361ae719
2082 cc80f58599889d9f
2083 2d8cae6feae13181
2084 30ad008a60935bce
2085 8fdc30e770858e3a
2086 e1b06842775da4aa
2087 c3e6f0d1caad3a7b
2088 f2912d688690c233
2089 d86e427b761da2df
2090 d096533312313e2f
2091 f23f2443c1f5b8a9
2092 6519f6c0e74665f7
2093 3e2437a653ac966d
2094 64420d45d42fc290
2095 8490529055f0a300
2096 2a1de66dc8cdaecd
2097 0bc9d067aa27ddbf
2098 1acc9592acb817f6
2099 f1f4662a4e5dc0e3
2100 30ac1f5ddf1c7710
2101 25cc3d3a17fa2cc7
2102 f49b7d422f3c9168
2103 ac29226dcdc6dd98
2104 62097ad337b48c56
2105 ceef361f3d2bea3a
2106 7c6f021597411e34
2107 a76dca055aad3c16
2108 8af0d12a1e18c1d8
2109 2e3b04cec8686b6a
2110 b334647c06370abe
2111 f82781448d28b68a
2112 cda03c5519868e1d
2113 5f7848128c290792
2114 fb8cea4b7d4db8d3
2115 add270429c860cd3
2116 37708a95124311f2
2117 8eb52778e7fc9de6
2118 0b91f2d74472e187
2119 66ca3de55cff6cb6
2120 fd7b818145918fa7
2121 a492a1673a3a679e
2122 45b39d6e5bdb40f3
2123 d72d98f031c1614b
2124 7a80f2ae29b5aede
2125 be05cb4a1cdaf590
2126 26d2216dbcaf02eb
2127 80fbb9546db198ff
2128 80b876762bcfb322
2129 d80cc48b2e1cb814
2130 7ad5f049bb2ba41b
2131 0b56dfca88445d26
2132 ce267a358d93853d
2133 3d8a2edbeb87cec0
2134 43395285191bb737
2135 96b571dec20eca12
2136 761a1a531a3f61f9
2137 d35415cd64c08e6c
2138 2b580a7987cefd13
2139 aa33ba36f6041a7e
2140 e7c962d7eba7bb7d
2141 79bac677be86ae60
2142 6d15e6384ec6c7bc
2143 3f92e8fbaacf13e2
2144 d65d33d0c83e6caa
2145 a837bb447e412544
2146 f2a618343aed5e9b
2147 c5eaf84d62fad8f6
2148 9e109032e8cdc28e
2149 dd6d7d217f501218
2150 e7f4aa3d487b000f
2151 65b7182a9043653a
2152 37a6856230e72389
2153 92553e2e1e63d7e7
2154 5c75b7270b0058c3
2155 0bc40df34187dbce
2156 f28c8382d67248ed
2157 4abc63413b1fe1f0
2158 2842a9def7e4ea37
2159 5a0d45ca01249812
2160 7dc337e2723e6191
2161 cee76b66264f357f
2162 0b6edd65950f18cb
2163 7acaf5062e84af06
2164 85de572e04b53b95
2165 d926173962097da8
2166 1dd0c405eeaec9e4
2167 4eb00244538791ea
2168 2cf901712458c779
2169 1e15574d760d008c
2170 a23f41cc41106ff3
2171 ad9aeae42f5cb915
2172 d52e000fff6089dd
2173 e630f0bd185f2f00
2174 57e7edc7728ba4a7
2175 d245e94657b09182
2176 412742f72cf509ca
2177 a9ae3aa186a9b1e4
2178 b8a057cafe5f997b
2179 c589709e74934d96
2180 710244643b0602c5
2181 25aa973c99e98f63
2182 9dfac7f1145d766f
2183 09577f410cd89f5a
2184 5c3a2ce4799d4d69
2185 ce2816d641db71bc
2186 182a4b1593c31f58
2187 56584400e9999e6e
2188 7a5c624e7e9bb5cd
2189 002b6b3e8b340890
2190 3bd8768f7efc1197
2191 3f0a95a340f1f459
2192 8774f76c08bd6471
2193 e22a43eb20580254
2194 14206dbadf4eb0ab
2195 e4ca8c504486bd26
2196 8d022df76d7c7575
2197 695563803b26d148
2198 b4c01ffc11e5501f
2199 cefbfd7460a223d1
2200 d5a6b38a992b02d9
2201 49db8551af4d32ac
2202 483d85e5ef9c51d3
2203 71d803698d77d83e
2204 d61eac29553984b6
2205 09f694b12ff52aa0
2206 f532d2b1fa10b087
2207 4e3a84b694f5a2a2
2208 4899904ab8a89361
2209 0a5fea533c32692f
2210 2b2092d35eb1f35b
2211 f93e178433aa9c36
2212 a47413bcc1c43c25
2213 c7dd6db25c301e58
2214 23b31a710670d2d4
2215 1621b8fc3d43fafa
2216 e376c17188d55d49
2217 c9f5c03df9f2b25c
2218 6f5d1cfd41961883
2219 9d954d60573202c5
2220 d528fce7400f06ad
2221 a5644e90ca06d130
2222 0f5301d70a5e99f7
2223 192d076b4595fd52
2224 ff072e0bed04f83a
2225 597b3932c4aef874
2226 fedc433f3a188a8b
2227 e7e1356b565f3246
2228 67da161540f8e455
2229 ede42e0c888db3e8
2230 1332932dbdc34fff
2231 7ecb58dd5bc3fdaa
2232 1a25172b020f3092
2233 cc0d9f6a228ac6cc
2234 da587bd39a4334b3
2235 c32fb355cc567ade
2236 7d33bfcf7a48829d
2237 2a805d9e54a582ab
2238 68f307736f05b667
2239 ed63b2332e949842
2240 975e8649396d6141
2241 54964727f6f0d5a4
2242 abe156c8530f79a0
2243 310c85f5566e82d6
2244 9a4f819a18c77e85
2245 1ad9fafbffbd5df8
2246 17bc34831cb7502f
2247 7f3fd516c5e9dac1
2248 cef602b7c0d3fd29
2249 b37fa86c35ba727c
2250 3b79704046824ae3
2251 3b73f033a997752e
2252 63c607d0821208a6
2253 ba4f276e88f261d0
2254 a9f52d3265ccd857
2255 96b0b1c66ab43172
2256 73bce75099ca1331
2257 c703492119cade5f
2258 b97be9742e8e046b
2259 2d88a946628ad466
2260 3b4ebc7745abfc35
2261 c6aba34ef38a8c88
2262 36e390a46227f5df
2263 10060f09c1d482ca
2264 8a0d13690135c799
2265 5da64840285c7397
2266 df03ec894103bfe8
2267 183a92a4e3946bf5
2268 bbc858c69816a68f
2269 64dea2aaaae59d82
2270 680d938c9942f93d
2271 f3f9c7860f2b2c98
2272 78f66d668bad80f3
2273 fd1e31099048e0cd
2274 cda1057dea99927a
2275 fb0bdb52ad19a777
2276 8d3f0afbc6990bcc
2277 807f5bc4a868963a
2278 c03f80564bc35c8d
2279 26f5c0814e737eb8
2280 b49a59d84330a7a3
2281 b1627e9f413033a6
2282 628b06725ad83218
2283 40886349e413647e
2284 461e5fb91d236578
2285 3982c3f57956626c
2286 b295e31c03c91b48
2287 2ffedb0d2f240d98
2288 922a9ca9eb54d9ae
2289 7214c0cdf8b20eba
2290 5585f7110d383029
2291 ab830dc1a23a845a
2292 2d4721d916cbdea9
2293 a3aa258a01c0e486
2294 bb6f7b97edae2524
2295 6ab8433e336577ef
2296 659e00190019a914
2297 a8b74e29373acf35
2298 0e455912ad0b107b
2299 1f253c07f3bd64f4
2300 39b4f614ba183f93
2301 617150196ba0b975
2302 144321efeb99e916
2303 c1cb8c093757ae87
2304 3ba94fb48ef85aa5
2305 2b83e19bf8fba97f
2306 1495220972aa62bd
2307 228dae7ca2a2440b
2308 196c8806a536856d
2309 22e945766c340d1d
2310 b8f0d6dc0e65d42f
2311 5e561d327e03a5b1
2312 5c26b28e1c1dd7ee
2313 7faf28db45d9d0c5
2314 1c38af10e03b07d9
2315 96b0b0d3d2244d60
2316 baa5beed7ded428d
2317 9fcb1be228371202
2318 a0c2709561bb4a6c
2319 0f484e87daa36b11
2320 f57b526b6bf69ca8
2321 c5edf01d5294aa6e
2322 6d9b202ab2eb8fcf
2323 62bbd78345acfcf4
2324 7b8b432d04d15aae
2325 8a61ad7c0a9f237f
2326 1ad2c26bbcddbeac
2327 4c4420d0a297c815
2328 d82830b5a203a5a2
2329 6f4b616b158064e3
2330 c275b3ef3552c47f
2331 beb749e5ec60313e
2332 4bc9f6e0441d9391
2333 994f2d0eb88a9491
2334 6c4c5f0f55c5ed14
2335 53f299e08725f04d
2336 709ebe68b2ee81dc
2337 020a26db313e5769
2338 f7e4fa0e3164d9eb
2339 6699957299d2bc5a
2340 229e7f96e3aa4713
2341 d8785b42c0448143
2342 59a2252de790e5cb
2343 a48cb92baab5e932
2344 7fbd789af61e82a4
2345 a475a64f546235c5
2346 c9cdbb8a3970bc30
2347 b76d7e0c6eab1e9f
2348 4d783b7b9d85276d
2349 7341ac10847591a6
2350 0b3c9f373335bdd4
2351 5874452171e67b81
2352 a7866d6dd48f625e
2353 842d98410a6cc083
2354 d7f7725fc6f397cc
2355 23a9e6fe8df269d6
2356 d417588267085f9d
2357 fce9b98d424e5d2c
2358 e2f6eba286c632cb
2359 742c5279ac40dcca
2360 bb415133511286ee
2361 d40f6ffed61768bb
2362 cba0ac8d0cf3d46a
2363 ca6da5b5df0a2ab7
2364 3e3af28e844bf827
2365 80dc443a7b971fe1
2366 07ee5cfb2eba64ac
2367 f98096cf0ad9098f
2368 cd92a4bccbdfae4b
2369 a2825a2abaab9ae4
2370 3dbbc01c8ecd6037
2371 bf17e4624fb2498c
2372 3cf83bb6729f384b
2373 24ea0816dde97aa0
2374 5485f2627c20ee09
2375 53a37000445c4e7a
2376 d3d0398e1a8ec696
2377 9046de1c46c1e802
2378 28e7d95ab7c06f91
2379 8e934d911c974b4f
2380 b9060e2a50f7e559
2381 bfe78e4e31fe6ccd
2382 0ebd8b8717e124f4
2383 49f864b69bd3af27
2384 54a3ada91b963468
2385 87bd8dc0f182e7d2
2386 6b990bcedabdc397
2387 4d40bf4cf9afe79a
2388 954a2c3534e916e1
2389 f7d6f2e631b3a5b4
2390 ce647cf490217ac0
2391 51af783975bd6532
2392 a112f3ee1c0d9273
2393 6ab26da2f6b6af07
2394 b938c0cd3a17db4c
2395 bdb2fe8fcc9ca82c
2396 25118379c6634866
2397 cd2b4c833c54c25a
2398 af4d421e8c805b7b
2399 d6b36c45fff19b91
2400 c65d908a5393a5ce
2401 a1ff03ebc440a26b
2402 e38b6d4048038d83
2403 939d2465b54f60c8
2404 4ee8fc6538949aa0
2405 8859576755c7d801
2406 7040d913f14d6d89
2407 fd1ac8da2a018aea
2408 780a67c93f36ceca
2409 bc12fe98b70e954e
2410 8c0719dae9196967
2411 c359fb1b4d0d76d9
2412 a92729c6df5821d3
2413 391d6ede14a203e4
2414 914ee0f84e8f71e3
2415 7b8f3aa5e9569908
2416 2ddaf0d2217091a2
2417 cdf8742be38c102f
2418 1df841d9e72a2dfa
2419 f43cafef5ff95e25
2420 3d98685348ad359d
2421 fb6196c79bf5ccd6
2422 84ea862031980850
2423 d5f4213babc1195c
2424 87380fccc7c5fcf3
2425 a65cfe52d2eeffee
2426 5e233604dab58f81
2427 1ccf05125190c979
2428 ad80cf78049356bd
2429 0b0ea3858e7dcf41
2430 13eb3c1aabec45a4
2431 2545140e06d5cced
2432 4ac8157f32b22c2c
2433 de5dc1f31f08cf2e
2434 d1dc180d43a0d886
2435 06a650820600c991
2436 2ff0635f18be9ddb
2437 9bb94a0f48f91627
2438 dd1e560a70bbb233
2439 94e6bbef8acbdec0
2440 88d11fd422478fe2
2441 b257f82d60f74b25
2442 bdb004c4746af6ac
2443 44f60d322aef7e31
2444 b991caeeaf7af99e
2445 67fa556b8ba1143d
2446 09b955c423d39d25
2447 d0547bdf296f9971
2448 72820a477d10b0f6
2449 97586bf35a5f9ef5
2450 ece258a87d52ad86
2451 9b0cdb6b6a0b8494
2452 a7b7ed1c73f248b9
2453 0c8bab7ed8ce0c3a
2454 a0f35dc5a928862d
2455 aeff245bec1c4bf8
2456 b5598be4e0e1d98f
2457 4530d3579c31b377
2458 8de464afe7ccaf30
2459 4b914de7234848a2
2460 fc2b2f1755f63641
2461 8a9808fdb846700c
2462 fc690b053325f6ee
2463 3ca656d0420a3306
2464 e44a93765fec5d77
2465 461313db129b5742
2466 7a9e85defefa1768
2467 fe09850d86f902e4
2468 544e19e0da599bf7
2469 15dfdd90805da9fb
2470 595ede49b198b521
2471 930d157fd7c8ab83
2472 8b235ebdd185d67e
2473 b0f972f128ccb435
2474 ec49bd26e3610065
2475 bc84a6034818f855
2476 61e5951f7c539513
2477 36256e2810792895
2478 eb3532376bb3941e
2479 cbad89f68b7f69e0
2480 cf45ea789905fd22
2481 cbd0de34884c5d1a
2482 0e13721371d3d781
2483 43b1b61e0fd3252b
2484 8efc23bf453806e8
2485 8e5a5ec3d08f11fb
2486 49bb00a193d86ffc
2487 0216b66e37759a74
2488 b4218835105977ad
2489 4489ac23aab8f6e9
2490 60073daf602edcc6
2491 13de93d023269e1d
2492 8c206296b8358d02
2493 49eadd574db48cc4
2494 c0b417a423673486
2495 2efa4225d4149ffd
2496 ecec5e10eaebb716
2497 284cae0c2b8eb93b
2498 18cd1a5f6e3be0a9
2499 d71c83eb14fc0df2
2500 4bd65e20b763d69c
2501 015aece451a9bc09
2502 4f13a41b98269e97
2503 782bb4ec4fef6394
2504 8c6a317e0f9fad56
2505 5db2aa1b1c40d06d
2506 17a5b7d220c8dbd1
2507 761c8d0a2fc1259b
2508 a67c8e6441a21439
2509 b4bae60f5bb13548
2510 2d2a2817603c1bf0
2511 5eb8b605376e783e
2512 e754337beba3e337
2513 ef42ca5093e4c457
2514 b8d26bb602132b94
2515 b0ac3da1f7b517e8
2516 8b4c4da75ca99190
2517 eef2e0ba5d6f7579
2518 7875889f3eeddaec
2519 598b523ea823a1bd
2520 af40069033f29cdc
2521 d3a8ef578f307beb
2522 866ae3a8c1b9d575
2523 31f95012e2bcfabb
2524 e54d28f41142c415
2525 cb67c89d2fd4dff0
2526 69cdd3b4ffb48ac3
2527 0e1628dd8d384f60
2528 41eec05058780748
2529 42882fada7eeee58
2530 59a3e873219907d1
2531 1617f73d861c33d7
2532 d4b97555f8227118
2533 d352514d947251a3
2534 b6f0ccfe040f54ff
2535 f7e107bfd0bfc877
2536 47e946b70eaaacb5
2537 74cb881b7603954c
2538 e37106c46bdcc0f5
2539 0aa502727cc0e3a4
2540 0a2fb04961dadab4
2541 f1bd59cc08026070
2542 452cadfc1d05c072
2543 26f0a28314a3f04f
2544 4f20e40ca3761c3b
2545 bbd9051b65375e52
2546 755169c9c8633920
2547 6c672a313b1d295e
2548 f5c3a8044a0eb4f3
2549 6a12b5d53bc06f8b
2550 0d79e8d6a8d226c3
2551 f4252365e8aeed17
2552 8f62a59a859842b0
2553 65d7d24306230909
2554 10e0a0beb90bfcf3
2555 2afd3528142b8de1
2556 fdf4cb324546c2cb
2557 c6bfd7bb22326fc2
2558 8d275ce3d2c83020
2559 2d647083a439ba33
2560 b99b9135f15f33c1
2561 e33e9c8c8e388abe
2562 ca6c2e5f2a23a418
2563 0d510ad65ee0a73c
2564 5dd8028499a41abf
2565 513c1589ea054dfe
2566 24ed18f7d454e612
2567 c52f66492333c47b
2568 5942eca2fb279d64
2569 fadcaa60b504ed3c
2570 4a4925a6e42c8480
2571 e425cd9e113f9398
2572 cb1a26f757850032
2573 fbdb8da20187db03
2574 d8d7823184c4519c
2575 e3a123344afe7167
2576 96972f3335b2e05d
2577 705a4612c62badb9
2578 8fc704205a056975
2579 e3b3f38a3a5eb0f0
2580 7255fddef38c51f0
2581 d5d6403dd740f666
2582 718da8f9f17e8cb8
2583 0a47bfcbe9840cf8
2584 a9f9e39afc619ed2
2585 1ef7c266aa7c7a31
2586 c3cd4437fcf42b60
2587 eb6c19e278e83e27
2588 cb0e45254f48fae7
2589 e4f3e240cc333026
2590 0f1288d5d54a21a0
2591 2f2350f697800e6e
2592 7cd69a65b56503e1
2593 36ca63ed80832fdc
2594 7defa45992a6a1d9
2595 39eb038e315a7c10
2596 a043a2b83d2c3c79
2597 459ff9b7acf1752a
2598 48b9bdb44fa2dc67
2599 e4e0726484e290af
2600 5053cf9deabd42b0
2601 5b72be798a930907
2602 ab3c23b30d3d70e1
2603 3f429dbbb0a8d07a
2604 7c77f7cb04122363
2605 f304136314dd70a5
2606 450c8dcd91858ab3
2607 0ed1e959b2a80699
2608 79fd007ccf617f03
2609 130206f8cf53ed8a
2610 97e46100ffd8a327
2611 acf9018c6c034162
2612 65a637f78ff95bbe
2613 b1a6012a9fe98c2a
2614 960f70480ea15d2e
2615 0b0ce6ba0a458801
2616 ff77b6d9d40d2c0b
2617 3251fb356f4c9eb2
2618 d77d8cc6f83b9d7b
2619 6f771c199b316609
2620 71b6b347cab5ad0e
2621 c8000a5806bc0855
2622 07b2e3277d50e64e
2623 d053b2eaba82aeeb
2624 81b0e2ac3d23068d
2625 985d6ead14186251
2626 e2e515d831e9ad65
2627 58ba9126204bf199
2628 a49e9e225c37f0ea
2629 529b76056c1b2bda
2630 110374eb53f1c256
2631 03f03d6ee5dcc0bb
2632 4a9b03b56c10e5d3
2633 186204a928e13e37
2634 40d2f0d5893da08e
2635 fd82cc39e336b1f5
2636 25796adae17f8c22
2637 16289bebeda7ac29
2638 0765e2c109c97744
2639 a3924855319bffb7
2640 622c49713f2dca00
2641 e2f49d9ee1f0e63e
2642 675c1915377d9c3b
2643 27e10a86483e6132
2644 6ab3011d98524512
2645 38a17ac139c441b8
2646 305e59cbcf9a8d2f
2647 c4e14806623dabc4
2648 2d73204591bb0d7b
2649 2977f4ef7c8b838c
2650 986863bd28304a4d
2651 baf0dc9d4c9bc739
2652 c570491bdf373eaf
2653 7e56a872721af356
2654 e9482fc8e187fc6b
2655 e04cd791c7e8d2ea
2656 5d4bf3bb3e9fb7fa
2657 f0d41200478489ab
2658 dd3c4eed7707f49c
2659 5e3b6773e3228b41
2660 abef7a445b953e4d
2661 5a49bd1adeaf723c
2662 4531d157a1b78eaa
2663 4f1a86723bedae6d
2664 d39d03c6497cc5ae
2665 a87bd3fd3fc090a3
2666 71ecbfce738e10b8
2667 0cbfc3e096966627
2668 5316a1f11417b245
2669 6a2808bb565f7ec4
2670 f2a8bdc540cb808f
2671 51dcc50a81f97a9f
2672 eda25d695678974d
2673 9f5661794e39d943
2674 de0dbd221bfc881d
2675 1685bd42f88a8f9d
2676 d425753b377e1983
2677 3bf2ee12fe1445c8
2678 f96a656ec836b8e4
2679 e787e9a153c537b3
2680 a50664a84bc11036
2681 dcc9701c595dfdb2
2682 20db507bfe85a486
2683 aeb44c7cf7fa8721
2684 34f81f2ed7c5c30e
2685 587b37c8d92c5514
2686 e88a46dc1b495947
2687 f939d929710a5ee8
2688 252288935af19603
2689 3c6869f473e7ac9a
2690 37263fa0bd7e6926
2691 112f6d8ff4e47c74
2692 417fc19eea71506a
2693 4fa257b2b2e09041
2694 08582ef75013c8e5
2695 c5817f1fcd38b77e
2696 b200af7c99a6ee38
2697 7fe0e9d2cd977a9f
2698 37e381cb40a1ac65
2699 41b2a016940fbdcf
2700 b889ba2cc5c39a92
2701 92a9a1efc80990ac
2702 a5648205961a46c0
2703 b54e723064b3eeed
2704 dff21e78a5d8a9d4
2705 09b721119a9fe6d8
2706 2a3343f9f749f04d
2707 ae6ae546caa80916
2708 c3b0dcc02634b707
2709 2f113160b700bc2b
2710 93f00b06bc4a2734
2711 e5045e2ae1b4d5a6
2712 d626a401dfa9d3b7
2713 91474d3940818d70
2714 edb28682cded5f1f
2715 800825e1528ac8f2
2716 668ea32f00d0563e
2717 6d7fb89ea6b72f01
2718 6c7396bd620dc54f
2719 68289f62f17377e4
2720 67976f3888a0beff
2721 a43e3ca69a96f0d3
2722 912f60df8901c933
2723 bae3e21dadd40521
2724 f795a7b56ae6b8c4
2725 d4c5eded3d7610bf
2726 3fedca2ecf2cc082
2727 64d7f8f045dd969e
2728 1703a9bcd31add02
2729 e0be0e5f929894c3
2730 0c99697663862ecd
2731 93c501a9cdf1243e
2732 06ebd9c37b493a69
2733 7ac920414d0648da
2734 9a021fd4da9ceb1b
2735 c4dc43de1a1761c6
2736 5487adba1dbd2f11
2737 2a62279a91b8b659
2738 de93ee71ba2bc122
2739 9addc6926bea9d59
2740 c98a6ef5ceec7c04
2741 406b96a128f21350
2742 98456cbb6e77f575
2743 bfacb864e62f2cba
2744 3aff7a77ebb70e63
2745 45d6f25edd29044c
2746 e2e5fb469841fc99
2747 90ad66eac92f974f
2748 dcd41459b568e082
2749 d54e285cf2173f9e
2750 9ccd862ca13d9371
2751 d1b6d77b1326d59c
2752 4385540dfc28cf5d
2753 5d20f87fddf8f7ed
2754 05cc1f3078a9116b
2755 94f46a4f7c94342a
2756 4214deff92fe9ddf
2757 d6f0450c1df9adf6
2758 7dec25d6201d2227
2759 acfd92f7070134dc
2760 fc529291d2a21db3
2761 c6e1e2cb04a19aa6
2762 9ef00765ad49b935
2763 1bbf9870428b654a
2764 dfe11bfe39fe9380
2765 740dc859a1e7d0e0
2766 28c9be57fbc69850
2767 34a6e0c504a2a585
2768 c3df368fde1f36f2
2769 9467b6351d778d47
2770 b08321ea4ff0ed77
2771 3f02168e602c8c46
2772 73eb863de6682804
2773 7cca35b1dd390cc7
2774 f18b27ebd132e833
2775 2c759a86bd7a9f25
2776 e9c5d68ec4849ba6
2777 dd4e1f1ea62aff91
2778 2f0d9db4f96b2956
2779 de82090ca0e5fb0d
2780 bd2efa60dc6e6a28
2781 a8411bc6f77e2c8d
2782 9c0a727f94a22262
2783 222e11070764b08d
2784 33b324fb9b991e03
2785 2f77c68d8b942c49
2786 990184c1aa8175eb
2787 9c667102d06c83d5
2788 4fec4763fe6bc0a9
2789 792cccda4b8e3c91
2790 5c9327c9d22cfc87
2791 7a8a5a497ee224cb
2792 9d38b383de53f4fa
2793 b55bffbe3f150dbd
2794 9fb3d4faebf265ac
2795 ec99f17c6e6c215c
2796 8069aab1a4b9de54
2797 e4d37fb0eab5f1e7
2798 28d2652701fac102
2799 55cf06ec4b06d0e3
2800 2fc6080ba561c3e5
2801 b181142d06fb6648
2802 b82d8dca33b1f6dc
2803 33013a6edfd02670
2804 7729b56af1b95989
2805 0b655c2d97325cd8
2806 c18a4a543c233b36
2807 4323da0be1f3b33b
2808 3f79e142c0d3ddd1
2809 1a5ee5bccca5ec01
2810 8d7b2541de31fcdd
2811 711d9ca108ae4cfc
2812 c33159e63334a42e
2813 84f0fbbeb29b1647
2814 6f3aa61d41496e66
2815 c144def05fff01ce
2816 fb60ff68ca46ca16
2817 ea043a5271b4c856
2818 b3a038fb2d9ed9b9
2819 6f08c1c5c0046787
2820 fcc261aaec3d0902
2821 9137db510f024b83
2822 0e37d38b9786defd
2823 237e46722bd8e024
2824 b9477eb14f36feaa
2825 4ba232ede3201497
2826 893bc6e00aecc8c2
2827 5c37c7d2101b8809
2828 02f750a363648f90
2829 fca977b607967f71
2830 61d4eb8e911d14b8
2831 37bb87d85e4ceb9e
2832 1a4fe53f7097b894
2833 db38c7350d7aefb9
2834 e1fe8c07cd82ac43
2835 9871569f75014576
2836 dc9ee75dabed0b77
2837 b62a0a6061e06cdd
2838 d45bddd304044e67
2839 1618192750371dc6
2840 e144d96cc616f359
2841 162511cdfdc58e9f
2842 ee06abd71c82954d
2843 a20fc5ce2aceedae
2844 08960fb90cca8990
2845 496dfaa0caf29cd9
2846 0fd1c30e06695953
2847 35de452a3616861f
2848 2cda72686ed91797
2849 9c4ea26edd9e40ab
2850 b1d2bd68c5bce5ae
2851 ef939709a31e43e3
2852 b8ca58c74b73d958
2853 b5f06da94f1bac23
2854 3aff46bd8391da22
2855 7ed4fdfd69fc2aaf
2856 0ff4f2cdf811c1d8
2857 e5d21d64c5ac08ec
2858 d1c0a72c9a7515b0
2859 5ad3980e47436157
2860 f9ab3c483708253d
2861 6eadfb53c8b27fab
2862 abf3e25c3ea6478d
2863 e0bf3543e3372038
2864 038d94ef5afc04aa
2865 59ccc0cb014308aa
2866 0755edd690b3ba6b
2867 ae6137ddc101580e
2868 649de1e23d13e845
2869 82d2ecb7e7ab289d
2870 a8eb5468b5a26d93
2871 dfc765a1f6f54cb7
2872 b0c7c456262c6b67
2873 b44c7b8fc9425390
2874 c295cccde8a0bfd1
2875 ae636239fcf36935
2876 d2c90eb84d75b001
2877 03e97a38ce3dba30
2878 8eea51409d587866
2879 1ba67751f30e7a06
2880 cfc25979feeec7f4
2881 dbd345624b36a5a8
2882 6f545d9bb4243c84
2883 0af5bdb6fa1313ea
2884 7d050f73b64a40b4
2885 e5a2964ea87f9d89
2886 523ec5b3bf51dd93
2887 1fb59c2a9bf9d02d
2888 5e2372bc74c7b3ea
2889 0560ad77b62c5328
2890 f04338bed386f56f
2891 1d905449ed2e270f
2892 5d226a50d7cb0ecb
2893 134f886f649914a5
2894 957853d0f11bfe8b
2895 7d1eebe2c726a0f9
2896 2f7b67245ab75c18
2897 ec6908304a9a2b5e
2898 91f1698e6d4bdf60
2899 09cc6bda3f1aebe8
2900 eb809eb964d44d2f
2901 8da90af1d6819a14
2902 9bf56f2687b240a9
2903 5dd2260ed862f414
2904 c671f37fd84cbae4
2905 d3600e6ee05d6dd8
2906 fae729995a01479b
2907 e1c76e19d8d50339
2908 9246f1e28ec66b10
2909 f2a63b9fb2592c1a
2910 00edda19f042ff39
2911 e53ba5921181c1cd
2912 30a88636adda9d33
2913 acb5598984f49a66
2914 accd759ef4af889e
2915 da5a4129f47fbb8d
2916 9939bcc0ce881aca
2917 b7d1786ae62b4f3a
2918 b7a85417ef722701
2919 cb3583bd0abf0cb6
2920 80a09d691803a82e
2921 300d56cc4a1779e6
2922 36b34c757818324a
2923 a1876b5edaf8de09
2924 aff6c13272cfafb4
2925 65a2bcf32f565d2b
2926 99839f9e87c0bb7b
2927 37df475ee19f4fec
2928 b825d21ea764bc56
2929 2d9eb4806781a513
2930 7a55c87bb760000b
2931 f6ed965b1adf4bb0
2932 21ec9677cf478824
2933 4f9a2a2b3427b771
2934 67e9aed66ab1913b
2935 3699a71ef0c6c62f
2936 c51238f67e13b8b2
2937 3677ef9d9196d461
2938 21b047fa2760f6af
2939 0b112397783449cf
2940 c38fe599ddcfc8aa
2941 67b558f9f648066e
2942 6f1dd447ac527c4e
2943 20cf5cfa98f2272a
2944 05a669022e926167
2945 f7dbfe08353f6375
2946 1a38b6e0aca2752c
2947 1eb75d9c17f6ce86
2948 81d4cdd20bf9025a
2949 33bf0ffed4742e49
2950 efebe19e1bfac507
2951 54554ad7556d2513
2952 0c45e219c724ec2f
2953 f9002ccfed166e61
2954 dc0ac1d4b19d8351
2955 30398d92c6b981c1
2956 4f52103b50a74b72
2957 2409889ca3213e78
2958 507969880dd58f67
2959 92a010517e5f4b9e
2960 a2abdf724d0dff75
2961 90a07452a757db29
2962 e0a66803b706c628
2963 bb82a8571556d77b
2964 44b2707276f6b272
2965 5e9260b73456b3a5
2966 31be46e15ac0e907
2967 cb357e1afe3c8dbd
2968 ba80d57bcf25d452
2969 c4d8b3690ee2b236
2970 6c4ccaef8f3f462d
2971 cc50df9a594ccf8f
2972 e1c5736204fd048d
2973 4130fb51924a6089
2974 834bae9ee2db452c
2975 9523db824b6144f1
2976 4f37638f9edc6576
2977 7fa797e0a4600145
2978 379eb48e229f7e81
2979 f865643149bb0581
2980 a7b2ff7af631b1ce
2981 4bda35a91d00a507
2982 ad0c734804642df8
2983 21488b8155212603
2984 aabc7aff769dec0b
2985 7b19284aaed649b7
2986 ff91857dc10b1859
2987 65a9421faf0b83ab
2988 5353e60c8fcb638f
2989 9c818c5ac5bd66a5
2990 ab44ff0a3c98ebca
2991 62bc03d236a834ca
2992 7c613368178e7ea0
2993 99602e46bb3ac9d1
2994 4e5ff4e5d7f7b629
2995 4273a1882af5b772
2996 d0413ba7cb68f990
2997 4b5c0d7b7714776a
2998 82755c68f9fd7267
2999 dda84852fe30f808
3000 1ea8b25ac0937174
3001 5db3d735633976cb
3002 3093f019c169e76f
3003 c824dd3477250318
3004 a95a19259c5d526d
3005 05bbb204924acdb1
3006 cdca71d4b5a142e0
3007 1d5191ea6d90655b
3008 1af82be1a315646e
3009 5fed26d64f0e3c6c
3010 9b33f72f8f2b2302
3011 83ea115a33d66a1c
3012 49c3341d40701565
3013 dbdd6de5d4114547
3014 38839ac4d56d331d
3015 ec9cb15f528e0de4
3016 50218ccc97891ed4
3017 66c15d343b31d3db
3018 ab0a3d74a0d3d887
3019 cb0cd2093a4e5a99
3020 8a240f9507470416
3021 3c6dc69d37a817f8
3022 634478a3a6ffc9c1
3023 fc27db3fc161942f
3024 478361c641522be1
3025 0e5a2cd77cdcd271
3026 896f8de81b3b1327
3027 391d5e6bde7ac162
3028 e322a0cf4517b771
3029 8775fd25a04607eb
3030 a64e4c3b535b9b4b
3031 117842714366089f
3032 07600b03f2658a25
3033 24c1f450c17f6410
3034 e757367781da5a95
3035 ce15c71e77bb5ad8
3036 e65a94574403fa8e
3037 87fa3c22f06030a0
3038 32c74b6d919d3d6c
3039 c87ddc417f8b8910
3040 9b83593eb206c86c
3041 742dd10be4c6c5d9
3042 9987b199fd9042c8
3043 ca03805c868f7b35
3044 7866472c5d84c717
3045 5f1d55129bcb4c13
3046 70ef2ecf44de888f
3047 089b365baf224c26
3048 8476d11670bc0e66
3049 06f7521cff009390
3050 f76d03a36c3cc317
3051 da241ae432fc822d
3052 9f885085c8ed9d31
3053 10459f38527ec8e8
3054 8936e9d0dfaff7cc
3055 0be1de721c7d05a7
3056 9c0ef5fb225c31a7
3057 4a3ffda2697a5531
3058 c87058bda7b9aa4e
3059 f4d832235d701ab8
3060 b6302284a79e666f
3061 f7b5350097fea97e
3062 25fd2606be2f6e40
3063 2dad15bc3d4302b7
3064 5f0f7666cd6c4d9d
3065 e4ba99723ae31440
3066 f373389e9d473357
3067 60111dc28f09b63f
3068 d1057d1d9598d7c7
3069 0c4d7367dc9dc0ae
3070 bbccdefceed423de
3071 df2e2b8fb1423c04
3072 e440ffcb615ad4e1
3073 7f832b1cd65a5af9
3074 30b6103fd56ca50d
3075 cfde89bd12aa68aa
3076 5c1b3a28b1050f0e
3077 b7171cbb1b7e9814
3078 87c36eff3b1e9a0a
3079 11b801696c6f8378
3080 44a3c16ae60ae9ba
3081 fefddca4f0c4ca2c
3082 d7426fec080a729a
3083 1a47edc631b70a76
3084 5bc09d760ffa01a7
3085 4000adc592fa0e19
3086 aefd557c80e4902c
3087 c940dd55b733d548
3088 ab41931074dcc5e8
3089 3f903126fc09a6ba
3090 b4e9b9b7643ad193
3091 d564e0e42d983434
3092 46c412c77a2d79fa
3093 3d9949aaeb776fef
3094 8bd3c67e2c9e5029
3095 6d8526368d82b0c0
3096 d05c8d0b5f34976e
3097 2b1cd0f641805f5c
3098 46764beff674ce95
3099 d2b0cb177ba2e7df
3100 d48461be00777fd7
3101 2ff6189d5d9a269d
3102 932da720db8a96b7
3103 ea6a19de07e8d3ec
3104 d157ee22294fae86
3105 87ef72309656bd3a
3106 e1eedc079665c4d7
3107 fddf930535e0b234
3108 a4e382b093b9a001
3109 1a9822026f62e0d5
3110 948211b541e8aa0a
3111 204d007e909ce2fe
3112 2e6cff13ebd7292b
3113 07f3c3b42513373a
3114 a737806579e8ec15
3115 10acddc170d49ae8
3116 082e1d9151d9764a
3117 857acba2dfe358d7
3118 446e1bfae42723f9
3119 2f2715969c6c0db6
3120 ba3062cbb8f2b0b4
3121 d4c2d22dbffb4b9d
3122 3aac10f41e3678f3
3123 d04c5ecb63055cc8
3124 4524c72d2e6ac7c9
3125 62a9e6c2be3af307
3126 0a75c8b5f07c7d7c
3127 63ff6d7f668e0b38
3128 69e004356f83098b
3129 e55b8a10df1b74ad
3130 c13f839ab731114a
3131 ebea5e50fce83582
3132 a55e73d080033097
3133 33d95b4be663f712
3134 42ff58bbf941ad9f
3135 ae268e09b6be942a
3136 3401864c0b011e9d
3137 13f9ca8b17283d3e
3138 9aee4e33125c60cf
3139 b42a9400195a767f
3140 5ed1665a30a91fb3
3141 6d3091f5ffda2472
3142 2d1849ab188976e3
3143 728fa22c1b4b7c00
3144 9483574e47c6eb21
3145 17267760d12eb734
3146 e39008192f9da443
3147 9765ff7cf3bedea5
3148 fa31288b7a6f98e5
3149 62fb38c259a78495
3150 c97f7387e76e6347
3151 7950b6b696ac96c5
3152 43d253573daaafda
3153 bb468e0dbfa73d2e
3154 d5471b26b67539af
3155 ac8d584bfd600b7e
3156 2d293f409f135f0d
3157 1854424d776abcfc
3158 1ab371448c51e32b
3159 9fa919fe14885315
3160 9de930ac14b03c55
3161 b22f40766c7a449f
3162 5e3072acd909320f
3163 261a888c5efda2f8
3164 226b6003be4924b9
3165 ea66ed48adb685d8
3166 78e17c4f6bab5162
3167 79cffa3cc7147523
3168 7c4ece1d72725318
3169 0db3ce7b4a3c3a75
3170 d7f6b5feaa7472b0
3171 dbf0d37d7ad2edf9
3172 8ef748acb81496f0
3173 3814da35949dc930
3174 93868a4568fc81a9
3175 e7c31454383f153d
3176 901f65473567fbd3
3177 4301a18dd33e0de8
3178 a828729066065849
3179 48a84af8a8627929
3180 571f0230606b147b
3181 1a96c9796fad4dd8
3182 f3803035426a97da
3183 739b642e9d815b8f
3184 b9bea3112650892b
3185 0a996aad471168a1
3186 a1e59a11ffc14bc2
3187 1958687c26ee5d9f
3188 2d364a0d22d5609e
3189 a94a8457154db3cc
3190 0846fe54bde51f81
3191 260efffb524a830c
3192 6593335563e548eb
3193 f993d591077174fa
3194 e4609bacae916d62
3195 377f1f3a793cbca2
3196 ca5f8d1c31d625e8
3197 5b098d0685c4fead
3198 aef9388a751ee3cf
3199 b7c20defaea6638f
3200 2492529d6f00e8ce
3201 4e7c2e7c9dc9373a
3202 2a0fa4ce5f988abb
3203 27a329489b263d01
3204 c859360dbe2323fc
3205 f7c2091be41158e5
3206 7941c37b63fb6aa5
3207 37e57268ac763fd8
3208 50f82733b10fd930
3209 a26bc13a3aa93a0c
3210 1f7684f07f26cb73
3211 50af6250f8208957
3212 35b128072bf11f14
3213 e47776587578a715
3214 089a3366bbeb51c6
3215 0c273279209ebfdd
3216 cd6fdac91b4aa110
3217 e0d6f8b1fe842272
3218 37920787993b24c7
3219 22cfcec3978890bd
3220 9f063ef7c22daefa
3221 7d5d3daca0b6c26b
3222 af5c4ca9405cc86c
3223 1141008e8751a91b
3224 873ebab614e343f1
3225 a9daa51af8fac553
3226 55b6de0148302252
3227 f1bab2834903d6b0
3228 f50158ec5e6de6b7
3229 4f75e2839a48fc48
3230 d3bbc9304f20d874
3231 f1f19cf28464747f
3232 72978ba0e6339172
3233 5668551130e32a11
3234 96822adf70a02f90
3235 da48dce21b08524f
3236 a6c5271342bfab7a
3237 7700ee88f8f3af03
3238 f7d73ab30e90fe9d
3239 250fcdba0e2ef9c4
3240 8dca05bb89ba167a
3241 157ce90fef80a8a1
3242 5407409f5f176806
3243 993de0c07befb547
3244 01c865d891d4e337
3245 f0fa7eb4032901c4
3246 15ff8bc7e4cee85d
3247 573dbaba16722590
3248 587958509a7dcc90
3249 0dc30ef8bdc5dc4b
3250 ee7392a0be397232
3251 e231543e6373ef85
3252 6585f70d693b8cb4
3253 f4eb2a984cd4700f
3254 66ee54f579977717
3255 c14500adf552222c
3256 2504df05a28acc4e
3257 a73ec273c07a741b
3258 9d061b44a83305c0
3259 2a20ec6254b721e7
3260 9890f08386516eb3
3261 d23548f73741c464
3262 dd1090f5e64b4af9
3263 6f985891b256fb56
3264 4a420717e531ecdd
3265 133246420d7ac05f
3266 6a9c2a42bbd806c7
3267 7e7a4359878ba2b4
3268 e7ac307325de22e4
3269 36a6f8db574a423f
3270 64208e39897c8dd4
3271 afa16601e4a9df29
3272 697e1b321e116ae1
3273 8b64de4814a60055
3274 ee687321ea1745af
3275 2d0e5011d15b9551
3276 245077f4e1bb8615
3277 99058393c53ed4ec
3278 407b9c14d49c6d02
3279 a9fe0193e02e6338
3280 ae806a8c60875613
3281 8bc6b28a691c6e99
3282 af26d63b6df9c9a4
3283 49006c1c8e20918a
3284 cafcf9ae4f674f7c
3285 09a9b6571aced1b5
3286 cafc7f86643851ec
3287 8ea86552f9201e4d
3288 2bc5916118c997c4
3289 f65082f75e06c9c2
3290 882466d4519be875
3291 da25f6ccc510d7c5
3292 6b860da33f096561
3293 d36f4ea61af94718
3294 e18252992956582a
3295 2a6f937bab4251b3
3296 d32031e6a0f79b34
3297 79119ce4ce3914bd
3298 b655a3fe4b8919eb
3299 6417b3e579651710
3300 103500f6c59b7c43
3301 436ddc7609b9cba0
3302 b09b4136de3dc263
3303 f0ef7c4130cf75ef
3304 d7c24c5bd3209b46
3305 1a08688c8763951b
3306 02911b428e222fab
3307 c18bc16be9e23f3b
3308 eb0b09ce38c4b5bd
3309 b0b1c0a52d67aced
3310 c769c720e055b70e
3311 c387e2ff71876f62
3312 60a86128a40eea99
3313 e584f2e7e8d6f45d
3314 74544462f5c63d97
3315 8f42e4310afe2292
3316 27b603657d88d0cd
3317 84e04b60d9a9c312
3318 f848ba466f4a30b3
3319 c70acc8a6a0d6e58
3320 f4ff71139ff0a4e6
3321 63da60456ebcbf59
3322 57254c795d0e08a4
3323 08343dec7059f0aa
3324 b943d39936721909
3325 07659c87ef9ec915
3326 9063d99ad6b6f329
3327 969a800e111dabdf
3328 95fb2a1a2f44b936
3329 073c3b3b895fdc4e
3330 c5ab64ba82bff2d4
3331 4ecbaae4635d0f89
3332 cd702b956cdfbf44
3333 5601478f52769914
3334 1ffa6cfad640dddf
3335 f3e574da1ab4c336
3336 440c668b45f7256c
3337 58a6f9ba77cf6060
3338 dd540f7f61b0b9fb
3339 5fa5cf87ea2f1f5c
3340 1deb994511463da2
3341 59097e1bc9700db7
3342 ae668cd2a774ed23
3343 8c0c02dc4b80e2a6
3344 97032de5534119f1
3345 8c7fb21503063367
3346 d6cca55d79c75b69
3347 dc5468ea9123ba6a
3348 5fac55e340b64bb2
3349 df01497a573bd9e6
3350 ba99ee6b550d37ab
3351 445d9b74e45c8dc0
3352 b79d36c853c0773f
3353 91580059e5d52def
3354 412f233dc2a3e5e1
3355 cba5d803586aeabd
3356 dbbff77cbe767c84
3357 4ffe79ebd1798da0
3358 39b2ea5ae0bad2f7
3359 51f5020a651cb2ae
3360 ec7c44ae04b41fba
3361 355a35f7a8b290b2
3362 3214fb62ab09e407
3363 bfa1a75045fe1d10
3364 c9c46098221ad065
3365 84cbedb8156c8656
3366 930c5c4a9cf502dc
3367 74c065527943d0b9
3368 fc68460f4fe9f232
3369 11329d146c284fc8
3370 5520f74e3e844ab8
3371 0246eedac727c9e6
3372 e2d2eed506cb4293
3373 a46d7bd3f6eaf4eb
3374 224f4f1754385211
3375 d2cd8716df618e1a
3376 40a758b77b5c7381
3377 4fd2e5fa68bb4528
3378 96a764a562293c00
3379 66169122d23db425
3380 811a944748ea4e87
3381 b40600ffe62520fc
3382 e794960484886c0d
3383 84f3e0d9152a956b
3384 09bbfb7b7aa66b71
3385 82e772b8c0412fab
3386 7fafc40db61bb3bc
3387 0365ecddd9274aca
3388 bc33d61ef145bda7
3389 c93a2a41188afe5d
3390 9c995b992b23ab80
3391 ab97dd985b1a6dfb
3392 16c8471cd9535e44
3393 7124395dacaae427
3394 60316a0df72566fa
3395 27188663f41a3532
3396 6f8b89cd5909715e
3397 a94ccce64fff4201
3398 193a38ce0d7f5333
3399 55862729617b8ab4
3400 071e988671c186b2
3401 0e20d926295dd175
3402 3fb790500ecd5a8b
3403 37e84b1b079fac6e
3404 dd87c0819565068e
3405 17f5b57c5cc54e11
3406 5526d7762ed11d36
3407 bf595b432d2dcea3
3408 1c8962fea07d49f6
3409 995b6a1d9b2154a9
3410 d03d31da4d508173
3411 10feaba2db623c00
3412 04237842cd92f059
3413 02ef67d9b8b7f6d4
3414 5057ada1ac6cb0d0
3415 0cad04bfbee7434e
3416 19277e73b993bee0
3417 04c85185470a3fe5
3418 dfa6e9181dad0345
3419 81fd445d5bce976c
3420 46934f9f2d493640
3421 21488dc6db8686ba
3422 ba8eb98af7d9490c
3423 e791b80690ab7f5a
3424 48017c703939a279
3425 dc5957cf3936233a
3426 7641ce0dd6f87821
3427 d58eecb62939d002
3428 bb3cce55a3d1c49d
3429 9609d1a76fdfe9de
3430 34f7f66b3dd6843b
3431 a1591b429be1a70a
3432 39fcdd49d6e07cad
3433 5b8f9b477eae163e
3434 37ef4f5c82c2d01f
3435 1390c35698211613
3436 6c5f4b6246ca1c0d
3437 37e592059fca4e61
3438 4143277fb867d59c
3439 db973d14180e1327
3440 9ea212fb6ce9b524
3441 5e1236af69b0ed12
3442 759cbc8e24b80ee5
3443 2dcec52c93d53cf8
3444 adbb79cda22d9812
3445 7a656a3ee3df9437
3446 2bfdbe4882e04833
3447 22ef9431409571b2
3448 f4372fd034f59722
3449 b1e7f1a3e43cf9e0
3450 5f426d53c97525b3
3451 e49183d9c82381f0
3452 819c37ca034b24de
3453 efdf390a22ab0d06
3454 94a6c233deda28d5
3455 43848e28faa4d772
3456 21a72ed652732f7c
3457 bbace1d73be25df9
3458 1a260ae6d75085cb
3459 e1ca155a9d36a738
3460 506998420ee3df4c
3461 447949ce553fef3f
3462 d43770f624341f1b
3463 9fbd7493e6dfeb12
3464 eb0b474ff48919cc
3465 bb58568faa2c411e
3466 5ee50600d277671b
3467 996e931a6dfb4e6c
3468 c3d0edb225c49d34
3469 a47ab3be8890b94a
3470 8183bb0afc2de75d
3471 5b32415cf4a7f811
3472 e28a66826510d45b
3473 c7d33e840fb013da
3474 8725ef8f21577f55
3475 4b272b3479b6ce47
3476 ec4ad2310fb18a41
3477 da1ea1e92b4c744c
3478 6889d693cdfb59a7
3479 62110a82502d1000
3480 c7477e89f66c3d08
3481 16711773c4d64309
3482 57fb208d8b4e2b59
3483 7d8801dade394e56
3484 5d917c4f9f26cf3e
3485 5c4bf9327ada547f
3486 1a08463c9b10fdbe
3487 efd9ab7f50e382ac
3488 64bc6ab23965e0a3
3489 295fd29523d058c5
3490 4a4202074f2b5740
3491 d43f8f887c66f99c
3492 79e352077ca41698
3493 63e51e04fbe9687b
3494 aaa9ff5967c6128f
3495 16a96c789e5504c5
3496 0c61c97905c174a0
3497 6c25f1ffc8a4b210
3498 efeb4029dd6b4c87
3499 6115c8da336c13aa
3500 32a1da624a2c2a15
3501 0f12bed17f373efa
3502 05defde5d3802e91
3503 e2730fa3c6f20b89
3504 748e8867d97d18bd
3505 477d0e3701f3931f
3506 654b01afa536cd97
3507 62f9b274ecc051ab
3508 b5a404a6fe1dc9dd
3509 5ff4bb48380c119d
3510 d08ab981f59961d7
3511 6a3e4516a35cc0c5
3512 4b13c60d1db6acdb
3513 959499192ad80ef7
3514 e810be8e52448a22
3515 7d0117dd5360e1ed
3516 63b26fbdb0794d73
3517 01f8c1ce42ac441f
3518 f8754d28a5d063ee
3519 7dddfa0a912742ad
3520 4044f970959f32c2
3521 cbc32950b5a80f17
3522 cdaf005dccb854ec
3523 178ab4ef28485571
3524 d6936e716d09c979
3525 7626a2aa5ba1f18d
3526 4c96cbc6d4b722b2
3527 467efbf199f90b96
3528 bc5b553f5d0b352c
3529 09d9e6b4c62e24ea
3530 c231426eedcd9ff3
3531 ef6e2b27fab67b02
3532 63185307e363a79d
3533 b0d0a22598657005
3534 77494cbd444f466d
3535 7d72739ea661115e
3536 7fb951098f6e5fe3
3537 d8617b19a7cedf1c
3538 01ac83c6d7b5481a
3539 d39ebef46fb731de
3540 d4ab6c2f51564d66
3541 5512cb0a0ec7b29b
3542 576aca391f772e23
3543 c019a66b4d878859
3544 b363a259a8c8463a
3545 4b3f8ab45469b7ce
3546 3e06c1de74f1d62d
3547 92a5fd7048c3b28e
3548 a34cdbdcf3228c20
3549 126ff47ff3e76c7b
3550 ef7f98d13beba400
3551 e4057d162c51e61a
3552 894236e745f39be7
3553 aa591ab25f02ab9e
3554 75fc71d7456b1f29
3555 8524739cd41635d1
3556 25c592c819527df8
3557 0f9c468cbfccee96
3558 fffd045e0988a6d9
3559 ad8fd7957eead762
3560 382c21897bda1cc9
3561 71744e9bfeb1dae1
3562 cbcaecd1010bc744
3563 4fd77aa270805687
3564 c5b22eb9e2ae538c
3565 7ef0e2587412d3d8
3566 d07f7b1cb22b4d0a
3567 2360ec9722a14df3
3568 da5e334ff984940c
3569 ecc1b7b1201e53ba
3570 b9a1f057d545bccf
3571 a1bd5a0bf41a9fe5
3572 21e76f4b0a8d6cf7
3573 0a3046f589eeead8
3574 3e829394f2a91061
3575 fa356ac675ed0546
3576 ddd0efd81747017f
3577 d37f5daaf7cdc6f7
3578 20a71e298e3c1d86
3579 f8ae2b8ccb07e65e
3580 8d080a92b265a018
3581 fd82c5f5a492b7a6
3582 c0c612fc63c391ee
3583 89b06f6b1ebe0153
3584 8523abfffbcbc17b
3585 306b18acc311a42f
3586 4946159acc37499d
3587 b8f840f6d946b1a0
3588 82153f79337af413
3589 eab70145dc4fcb6c
3590 331351e78fc97639
3591 f8531072d949b4b7
3592 2960dd95aaf49a0e
3593 dc16d1a9f1c9b51c
3594 1d540f16224f9859
3595 e1f4ad4fd5b846d5
3596 18b59898bedfbee3
3597 262f0bba4bdd9689
3598 18e675520eecff6a
3599 a705f0a980d842a6
3600 28e472cbcd13cdfb
3601 4a0e92838747e2dd
3602 9e7bca7f57ee9808
3603 926abd1c525a79d1
3604 f9f3cb49a3324acb
3605 ca5240489159efe7
3606 600731f9df015579
3607 d36fa8ed3985e1c4
3608 03472c9d65153058
3609 2eb6f72bb21b7774
3610 c9acb47ba11538ca
3611 c4af24b09cf579f8
3612 673134822ca12916
3613 70b9b3b8a6d8296c
3614 5f7c4d5ce11d2537
3615 f115aca2f7fa1a9f
3616 a040db84080fb203
3617 f605fe7a6fad8734
3618 752c99d71a79824c
3619 e506bfa79f1331ac
3620 b7b1430861eb2123
3621 dde3d9e87df7697f
3622 4a16bcb56306861e
3623 9104407215fc1a67
3624 8197040dc5fc6892
3625 426adee66e495b33
3626 23911e1b2a6cde33
3627 72e0b4e6842815d2
3628 333126d41507fae6
3629 a2fba9a67ae6afde
3630 ab2d5f249fe29dc9
3631 65673b4a2b7d3928
3632 7b9a02c124d89cac
3633 aad5a1614a1d8247
3634 5b75ad17a1a51a5c
3635 47d74cde01f3a81c
3636 6b94e7e1b03bd314
3637 85edf2ff5943d0ae
3638 5269ce0243f31b2a
3639 a27672c45467296a
3640 e6457c23b355abfb
3641 8cd27ba48b1a122f
3642 87f558c60b77da85
3643 0df00b1f669a56aa
3644 88e139c8aa253cfa
3645 6b076c7c65c79628
3646 fcbff3e38f8b6c79
3647 6cdfaa5ee6534489
3648 fb6f3b15b629ee63
3649 b92fe565891651f5
3650 16a599211fc8d3ab
3651 08eadf137d26d441
3652 637165b08743cbe5
3653 0eee6801758e658e
3654 701c4a0f0754ed90
3655 1c9e6dba67b3787a
3656 ffd0fc302a37375d
3657 9bcf97cff23c79f2
3658 3ce8e9c24a8a6ff1
3659 d1d221e65f7b8bbf
3660 c5fbd9a9368f21f1
3661 525dd871d5ec1a4f
3662 0a2ebf4878abda7a
3663 45075fc28873977b
3664 1c029411c1a7be07
3665 e032d624ad419344
3666 a86dc2b797113682
3667 b01ed7ea2393b536
3668 e9f965b3f0fd2cd3
3669 9464c8e64112b534
3670 1dc46c7b4f670f59
3671 d0e6f507fb4d182f
3672 a15ea0b456573f7b
3673 9a0a9dc52503e962
3674 20e80f84f6ab135d
3675 7f599b77f4656593
3676 7dcf6c9a1b7669a2
3677 6809d96175ec2e83
3678 7a319200abc63ecf
3679 074800e98932eca1
3680 2c0170077d0ef7f8
3681 c1b67e5d5415914f
3682 1ee31b8853b204f3
3683 c517a61b7350c1b3
3684 61dbe4c2b185645f
3685 e2520d1af3b27a36
3686 91894fc4979e3c37
3687 06cea10f979229d8
3688 f1b459f601dca741
3689 d5a522f0e89fb71a
3690 54817144c0a80434
3691 2f1200518d65bc65
3692 33f085aa4364a6c1
3693 46fd902c072c70d2
3694 6ba1f105a14f77df
3695 659af633ce33c3f3
3696 6e6e400e6a55d94c
3697 7597128ca2fcf356
3698 3235d7b807092273
3699 44f56e94cd1a3439
3700 08547ff0638f5632
3701 c5c7cdd24146fe21
3702 b0622e084bc3ef82
3703 ab21006d16e6ed70
3704 74e4f4cc5b0ad27b
3705 2289098e4fd37377
3706 e28b4ca094e59d66
3707 68e6d7f166fff43e
3708 6fdb42473b8a046c
3709 597e1195dab7df55
3710 c8e6f71c44ecaae6
3711 926a20cae9973abd
3712 64646ff3b5085b26
3713 aa8b33d2bd27f025
3714 6bf281f7b664878c
3715 f1c83876ac7290e9
3716 337da76cf7c581c1
3717 81958762c92726fe
3718 78b6379168a81a36
3719 cd729edbf811fbe0
3720 5faa2d7153f5a50b
3721 a73b58a8e968624d
3722 147eb9580edbea91
3723 8c90ba43c920ad11
3724 bf66e87e4625a493
3725 c5139cba56e0c54b
3726 af8ccb3e28f60336
3727 33e4dd3d742b5c5f
3728 b255d230941f8a12
3729 41156a24e67d9c27
3730 a15a505736e26719
3731 6f48e13dee16bc11
3732 d34d986a4aa16d49
3733 8c02bc0d72922eca
3734 94ddefec60fa1dcb
3735 cd1ca1ee9f077799
3736 638f307d70777273
3737 0014b941d9ef4648
3738 9af58f8d87222016
3739 64d21e7c5cbee4c9
3740 6c955e7ead77cb3e
3741 5aa7ac7b16b13473
3742 993060c9c291c712
3743 a32d9e1f35d7b15a
3744 be6aaf0b127fc160
3745 4d9ae8f971cd3cfc
3746 bbb00c775cf49c6e
3747 b176f2c53986ef67
3748 1714f28d37af7638
3749 66488edc1c1231a3
3750 09fb0eb70ea1ac3f
3751 7ff9a216eb41a643
3752 b1ef831c66434462
3753 a725368ba1726eca
3754 219d6be408612d83
3755 1863a2d89fc202b6
3756 0e677bb2de2c7782
3757 4258b763553f8709
3758 d36c3becc2a65a3a
3759 90e804bc311891fb
3760 1cea348ff1a7e3f1
3761 777a469fd0513e6d
3762 93db96245a18c7df
3763 766a0ee968645c48
3764 cb4cefb5e71107de
3765 513f62ea87cb0dbc
3766 5aceac652149d4c2
3767 e148caa33e4fd76a
3768 430aed2a47a30d18
3769 653535e3b3af08df
3770 df47b5c0a6cc7122
3771 2f4ca6cb02674096
3772 2d281b688e02fee5
3773 a14ea2564b545375
3774 b419c97f80abfae4
3775 552b088027d96d54
3776 ab06d7913f2f6e97
3777 f85a26c46f65a415
3778 1a332cce38c575b5
3779 8612defe8ca8eef3
3780 384810c67e55faff
3781 92703b4f30674179
3782 d45033032abddcfc
3783 40e225058ca9ed73
3784 38845510c59ff565
3785 6c3a5e482485e77b
3786 66aa5f32af5024e9
3787 7b9eb91979640107
3788 b694d0a19abc79b2
3789 692708c6e3035612
3790 3cdd35ccafa05e67
3791 c05be2fa54fe2089
3792 e028035bc2ded923
3793 3b9e1535146d33a6
3794 e168ee4c0c2e0e70
3795 b68b86721531e26a
3796 53abcfeca6511bec
3797 92bc763feed2d7b6
3798 9e64beba3c99c08f
3799 300e684bc794209b
3800 b35a0e53990e4cd3
3801 610776c7b4e3758f
3802 5c663697b263f373
3803 b0bcb72b2b85cac1
3804 af6dfa61b3b6d7fe
3805 f3076bcbdb0eef87
3806 a63a3c373f2c052a
3807 14ce52865acb5c89
3808 5a88bda8eb3c5242
3809 fe37d6adff834ece
3810 43190a354ce0b2d5
3811 29f44dc6200e8e6e
3812 844b07b02f07dd4d
3813 7e46bd6bc646c8f8
3814 4c64981fadb42fb0
3815 125837a94c6a76ed
3816 f9b71b2d0f6219a0
3817 e9539e98fd1ff7a9
3818 e47197bc3a0cdc2a
3819 cbc36ae676166393
3820 a7e34e03bce6e101
3821 8b942063e830bd70
3822 cb4b0c0a70ff812e
3823 ba5922d271c9fe46
3824 e97b82d134bfc290
3825 36ed4b38ceed0659
3826 cab1d81b589c8faf
3827 eecf237b7680da35
3828 b2f7c5f8e5d32a2b
3829 1f00a3dc35005334
3830 6d8788278c2ff1cc
3831 81775a115f78e459
3832 3d27ef952e201bbe
3833 c7affe7a5a5a0507
3834 688137217bc5e78c
3835 d0d49581a3214a68
3836 56b575fc60b1ea1f
3837 968e264a0a138061
3838 0766bad97f98fc11
3839 03c853d4e3e942a7
3840 abcfc73c09a0dd54
3841 3b55b1b9d32716c2
3842 a1a13b8a3a916022
3843 21d5c236b2ae6b82
3844 bc5fbc32ca1e6133
3845 cacea02cf341d127
3846 750fc00fada6d132
3847 e50c9dac0b353e85
3848 1a53cb54bec2d23b
3849 d21d81253620667a
3850 6274ab28c5cb23c7
3851 c3545835a4638ab4
3852 00a5dc0950cbd175
3853 f80bdf6a34d9ff6a
3854 2d62bc3f5a465cad
3855 618986243ee233b8
3856 f5b9edc8ba553fdf
3857 06fe9561240e8c9d
3858 b7f83c68cc4fdbd9
3859 9a2b1c06a2066448
3860 4a898740a8ecebc4
3861 052c1fda04e499f2
3862 5d3533303d8d42c2
3863 a1ffc232255675ce
3864 1e9dddb10d9337d3
3865 28854299f2e61206
3866 334fa2161cc53adb
3867 2122a5e2a9270153
3868 613136137e476160
3869 d184c91049ed5206
3870 c7ab7d25ca6ea4bc
3871 22321e061ed79667
3872 2a1a6464dce85a6b
3873 d25b1df14b6480aa
3874 5988aaf342e2f8c9
3875 731224d29dd48b5c
3876 44b844f52b8ea0e8
3877 c4c32cc6a9ace062
3878 1c0f2d62a769e5e5
3879 41afcce6bcce87a8
3880 ccce1f7c1d67ac91
3881 c1111dc21530705e
3882 c9360674bf65b9b2
3883 39452a5fa77bb419
3884 8df824c8362953a2
3885 7600f39c0e7e103b
3886 e7478d73515b833f
3887 df5bdad3a541a215
3888 39780cd9e215ea63
3889 265e2809acfbd32a
3890 cb30495861dd631b
3891 c990c09bd83df6c2
3892 e42abfb71703d0dd
3893 cc11aa6b9e802459
3894 0ece430c25ed0123
3895 ccef1695512128d8
3896 84dd1c025aa70d4b
3897 288b0ad0e5e03ee9
3898 d3162d0a6fd63c18
3899 f3e15487661a7620
3900 a95185b587b52c0d
3901 b62c849471d4e083
3902 76b7dbf3fc540a73
3903 67385f851f73fdbd
3904 6c32d92ff4f11811
3905 c799605ec3461ca6
3906 1124dc7e2a9289bc
3907 b0372f5ad31dcbf2
3908 f1197d4580992b64
3909 dbfa51051ca8ed63
3910 c4316ef04f95e85a
3911 09d600700a8d91b1
3912 25b5ffea049dbae9
3913 4fcec86e17b712ae
3914 bf9f319f8d0683c4
3915 76fec76fdfa3ab28
3916 796f55d99ffe3493
3917 af93b954363eaa4c
3918 c15dc5e4dc0d6d39
3919 319645b32fb58860
3920 fc0624f054d7ab5b
3921 c60312a1bf7f87f7
3922 90ee91402127992a
3923 4bb8476d9b427ed5
3924 31997af7a92e8049
3925 7b2cddb161c61fb1
3926 b7ef083036360575
3927 bb76a77550276ac3
3928 80e658625b8dfab0
3929 85ecbd8bab34e73b
3930 57ffe914f4736518
3931 e62277018c3b61d0
3932 c3cce5bb02e388a5
3933 48f118193243d947
3934 15b1ad48a37e77b6
3935 070dcdd7d0c16452
3936 e38cb389389b4b2a
3937 9b603649a0c98785
3938 c77d242476744dae
3939 f9ccfea73c9cf107
3940 b0d72daa6171df2a
3941 ee3679d4e9b34312
3942 a355f566cdbfd625
3943 98b7af7bf4551932
3944 9336fd0061d2faa5
3945 5b02fc02653b6356
3946 ee17b83732244870
3947 8eabe546062946f9
3948 86ee8d1426b0e0c9
3949 ea2876166d180b48
3950 9976d4e022c5b161
3951 c1df10c2442ab11f
3952 ee8f421b052cc120
3953 7e11cc4f4ea37b0e
3954 c784114e0911f2dd
3955 237a79665ad4116c
3956 5e430c7ab52e7cdc
3957 98ffb28ece317b8c
3958 0d7b39bd92212996
3959 a0c2ce1d3707e629
3960 c4a16f6b7c4b0923
3961 04c21dc067118629
3962 8684c87c7fa9ff0e
3963 a7992b14d034a6ee
3964 0cf220b693ae56d5
3965 e84ac0a80aed380b
3966 4125bf51690c6bd8
3967 8b164ec1ed47ab7d
3968 08cb47a83f87aded
3969 b91660558eeacfd8
3970 bc16671f27362b36
3971 d33a6c1ed0c696ee
3972 936e67ee6bdeff35
3973 dab88097935aa56c
3974 7fe035c744577d5b
3975 cc3b0c653f619177
3976 f088f624bbda40f9
3977 56ffea5519f96715
3978 dbc99df70c96a739
3979 136f346052b13e09
3980 46f23bc7cacae2c3
3981 815757fab42183d6
3982 938538f0e9a48248
3983 02a3a30ae2891dbc
3984 0dd1bc4396b9a2f3
3985 43950ef6aba9bd2f
3986 a036d184cb09a66b
3987 9eb33393fc4103c9
3988 78194823757e5c6c
3989 f2c73c97b0215d26
3990 14143fd6b8a5978a
3991 18d3fcadb9c5ed9a
3992 7ba401b907eebdcf
3993 04ea029957af16ea
3994 2b68dd66dbdea205
3995 3e200746b6d9d7f1
3996 097b2666173d9d74
3997 f45eb22d74f4e860
3998 df690c8b8c4e8fcd
3999 2a0a568b71f404e7
4000 45bd535b05fa4205
4001 97c862431cda4afe
4002 fa91c0568ab61ce6
4003 543da8826a3c9036
4004 3edf325df6380f25
4005 971b47ba8bf11d07
4006 0fa4e6656d98e9ee
4007 0d6ab28a8ef8ed3f
4008 e240f3c3ad4e8730
4009 2a3ab313ce92e39a
4010 b1930c463f2770b6
4011 c37aa56fbbcbb091
4012 fd138e23a2ca2d54
4013 2dab226629d6922e
4014 8050cbfdead97070
4015 0b2021bf40028b64
4016 2c9e6f8e311c61b1
4017 874a2fb49ad8115e
4018 de3caad6a55f98c6
4019 cc0baf18631b49be
4020 1a994558e26ea604
4021 2f1c6314f158fb31
4022 442b943162687b23
4023 cf87565cb10c0f68
4024 2b0eb7aa839dd71b
4025 4046798e43ca355c
4026 280f42b2e081079e
4027 63ac70d32e892467
4028 c7c81d8928a161a9
4029 5f1060871feffafc
4030 a78e61c80597d7f4
4031 5c50763d91eaeb8b
4032 614fab7b6bf2cf7c
4033 b64af747fb796fad
4034 b44dc4356441a818
4035 cc83f015b5d2c33a
4036 15c576d3e1b5b598
4037 bf2ed8dc4c895219
4038 0494c565a29f9605
4039 58fa3b7f93ee99fd
4040 ccc07454393d7669
4041 e9f76e52042a4e00
4042 b9598a749c9c495c
4043 8bbab19d066d1c19
4044 5496c4b45b5aaa1d
4045 604c95f53300cf6b
4046 f09564949f97c7a4
4047 445d11fea8e1de0a
4048 706e276518810632
4049 679ffe897278e144
4050 58b2628228e686e5
4051 46a4f0b3fe4560ef
4052 d2e4a85a06106f14
4053 30a24919fa6a2dbd
4054 986f1e6cfafe5dbe
4055 b82fd48739be42a8
4056 076e429605e5e7ef
4057 9f4a83ddc734fb1b
4058 6b809f9a9eb1fcf5
4059 8d452dfeda4695a3
4060 e835f6eef0ac6de4
4061 88b130484512e8ee
4062 83cd84b61bca1856
4063 340fcb5eb9dc83ed
4064 7d4d8ebdbfa1ab5e
4065 36d456112c460564
4066 07258b7e966cf172
4067 14ea52c5d18a61df
4068 db6f27127cb3a543
4069 79f98880f05a350a
4070 5799f31d355912a9
4071 7471d834c3d1305d
4072 2be3f670b34eef09
4073 5a131e42b5d231b3
4074 b5cd3c1e3ad3c3fc
4075 6a6d85ebebbef587
4076 c66cabf84192dd88
4077 e511ed5107bb8bed
4078 bac33d6214dedd45
4079 24a8f8c39b4d503e
4080 40c1be143644b29c
4081 6d66b7770a482136
4082 37f993f972d70d3d
4083 0595cf15ad3ce3fe
4084 98ffe4d7681fbd07
4085 0cc0ade85204ad6e
4086 5af10874dcf4534d
4087 bdc5d138ac17b54a
4088 d87f0af02b50ed2f
4089 e77ac82f6e8f0b3c
4090 ca7218239b521917
4091 dda55aa4a8be8eb8
4092 f729ffa85e317c4b
4093 6439e8ae9f65f923
4094 17e3af33340ee3b8
4095 fb98759cc19b8f3a
4096 e769252c8a59d57d
4097 bb122c6ded00326b
4098 979bf0fb91dc87bb
4099 5ede5c157ca64b7a
4100 25b875d3fd1a12bf
4101 4f500618a131cf9b
4102 b771e7fce40227a2
4103 523f1fa4a6cdbd33
4104 2a0463bebf17b62a
4105 4b2d549d06eeab84
4106 054897e259b25305
4107 90b58eb6bad4f416
4108 cebd2bf931ab9384
4109 37904971799d6e7d
4110 1dc6e9537a63aa2e
4111 6c875b37ef2c87ef
4112 e76b4601ad386276
4113 25565d009157d449
4114 34ed7a94bd27266d
4115 df870a3001824b37
4116 640b99e7a4531512
4117 ece3b70289f36d83
4118 c580443f0e9b289c
4119 168c97ee0c40e6d5
4120 1dfa23716e1fc551
4121 87d81b7cc56c40b2
4122 ccee8394f9f88226
4123 46cbde0cb9e05945
4124 4dde7679cec63b2a
4125 9aee135f4888f11a
4126 8942196f8f7fe391
4127 53aec50118acf064
4128 b3fda915377d88bd
4129 4598ca6d146f2f0a
4130 a025d5bf76c4fd7f
4131 5a37dfc8f8e255bd
4132 9c29ae3617e10628
4133 5e7b1032e841b631
4134 9fdd05f471e06b1c
4135 962474a6b288ca99
4136 4656f98224e493a9
4137 a1e9b989cac3f278
4138 7ec7e12b47d244de
4139 ef634c3fd692d169
4140 6260782050ebc763
4141 0446ded3de5616ee
4142 bb3e55b7ab68d159
4143 2ee296481362597f
4144 e093c50ee62143d6
4145 9b8a8e09f59d1191
4146 951fd23d0e8bd586
4147 622fcc73d6096d0e
4148 98a23ec46b10d52a
4149 831b386d8f57b65e
4150 4cebb4765685da95
4151 6b55eea65b7a3fcd
4152 d9e36f412708c76f
4153 3f1483c173a1b0b6
4154 ce1d73b97aa640da
4155 fd3a8465dcae4b0b
4156 cef5893a2a28a3c6
4157 07ed2f708613c319
4158 4eb319d430ced34b
4159 8066fba734dedacc
4160 5d3cb4dd467f709d
4161 b17885388f824c31
4162 ccd3a3940cfb1845
4163 8d672776bcec4215
4164 c8b145ede46f22c4
4165 8b5ee1a9dfa572e4
4166 2981a6b169bca83c
4167 f0dee2a25cbf2dc5
4168 1bf10c47dc60b128
4169 fa6e77f7092cc3e2
4170 014116a93d1de32f
4171 c460d4a7b7228bb9
4172 7e20bdb1916303bd
4173 dd51a5be94cf7c5a
4174 5377818120772443
4175 8e1e7b0c782a1955
4176 907c8d13f5f23337
4177 fc8f1214e9e4a56e
4178 07443369fd449c1a
4179 65f0f485987528a5
4180 4da6cb6105ecf0dc
4181 f74ff99fcbe39d28
4182 f3a75aca98ca843c
4183 5e1ff0c735408e57
4184 75e981595fd1b5ba
4185 854455cf6b1cde56
4186 6ed7a6d7abcac10e
4187 bd017a23c8664f0e
4188 ab0d7cfd655456c5
4189 dba528914e303040
4190 edfe28b0c6e3336d
4191 5cdf5bea5a3f9857
4192 351a0e5d9be82b7d
4193 0bd9947435601d0d
4194 95938253f5902ee9
4195 28c038a5b844b78b
4196 593e7429116ef55b
4197 4a967f31badb6f2a
4198 a9f84721241a6729
4199 53ea6ab5b1ec0123
4200 19b3526dea3343eb
4201 a799b8a17ec8232b
4202 92e9b9ad5042d9db
4203 45c99c3fb2e2e95a
4204 47710fe58394637e
4205 a693eb25b82946c4
4206 d6549f7b827c123a
4207 cc8140c8566cea6a
4208 fe35db6fed4e1b97
4209 78f47ab92aac2318
4210 31d35f7382aee55a
4211 51b1c1a645cbf1a3
4212 3b40f2b4c75be95d
4213 f8e360352f06752b
4214 bdf8554d07ef0b6c
4215 8d4071ab58681f3c
4216 61d91db652eb8c19
4217 3931ab3b7f4bb92d
4218 e3d8646e246e39ae
4219 479caa431ac4f9b4
4220 89dd08c681fe173b
4221 54a7b4b1967d8018
4222 df1867a1016ad1b7
4223 d6373818dd65a37a
4224 f51eaf0c65c31717
4225 536bd07aa806eb80
4226 4df22855c09f94a3
4227 2f35f0474531236b
4228 5153d7b1c98d4321
4229 51438a574e5ffe0a
4230 c63d07f3e3e2647e
4231 d4469b5f7bb8894d
4232 bad14c8395044f17
4233 f7537fcacbc39ee5
4234 71fb4a017a8d53e8
4235 581fa328445b8d0a
4236 e9e44c375ac68e61
4237 c07ca0336b4bafc7
4238 b6d7e77824d1c4e0
4239 658c34c28bdd296b
4240 ba077a7bf7fb3678
4241 a7d4a76fc78bc782
4242 b32964bf314a9a0b
4243 ee8c18e5439b2aad
4244 e1d055d42d0bd51f
4245 1ef64d2a09577419
4246 9adf7b5825fe397b
4247 ed782189c8b36f50
4248 1d47a4241654a00e
4249 0ba253027ac56797
4250 94c2e21012e3b7b2
4251 22a27b07dcc6e96e
4252 5ba1d31c63a46146
4253 6cea6738ee55df3c
4254 55770f151172a92a
4255 bd9e0468a2eaf67b
4256 e1e454387b612620
4257 8069fdc7affc8ab6
4258 d43bd32b239eb341
4259 16bc12b9952f461a
4260 5fc3df22748f7ef2
4261 edf41734ff79082f
4262 fd599b9207b66a1b
4263 341427587e3461c5
4264 6b1783cd05b1e8f9
4265 22c3b2653bde5212
4266 5034122da7e8ebb5
4267 c1ba4edb7aad1b73
4268 bdfbea93d86ac0cf
4269 fcce4d155343bc63
4270 5b3a9781126d9809
4271 b08a17ad110084d0
4272 737210d33b74720d
4273 e47d15f11c104e23
4274 f075819540413370
4275 5c46baa002f95425
4276 0c9ca638f301f871
4277 cb6b434e1ee17521
4278 0ce413ac68c27630
4279 ffea8090c0631dfc
4280 a86e3cf7a4543759
4281 bbf95e5274cb0ce0
4282 bf86a009e522ce1e
4283 e01787d18c265aa0
4284 bbf08a3f637ae838
4285 b00ebfaa649bde4c
4286 2c91b97fd47ebc8a
4287 0f8a1bb35ff8dc94
4288 87283524fe82b8b7
4289 2d133d265aff372f
4290 9224390ee7d2964e
4291 1a56f0054663e044
4292 40721ee966e2a3ea
4293 37acd91736fccf18
4294 4168f8ec777a8948
4295 28a5b4f59258747b
4296 d588ef361d651711
4297 9ae147e6003a8b1a
4298 afd0f6b9992fa516
4299 a94bb0e11d8ce061
4300 88d2eb4abe7610fa
4301 fc55c9ad9f014e2c
4302 dcfc9d5853940a3b
4303 adc5e3005c8a86d3
4304 366eb1f6b7fa0209
4305 cd9824c1b239c000
4306 511fe77a7b10adb6
4307 9e2bbde14d2667c0
4308 fec775d52b25a5cd
4309 47180f818e06cd89
4310 8f274cbdbdc3eeb6
4311 3241211bf3cff212
4312 0cf826fc17ea81b3
4313 d68006c5ed67777b
4314 bfc904a4bde88f94
4315 19fabe056695514b
4316 52c75c56499102ce
4317 b5a678da4d814540
4318 4b1e88ea373b0a61
4319 55addc202266b377
4320 25316e5b306ebc84
4321 14c5ae78cb73e5c8
4322 78334a2bfdedbc6f
4323 0d1857780233c4a0
4324 b48695c20bf406c0
4325 f10bba06cb87767b
4326 acbfb2cdafdb33b5
4327 28e8e9c7c5278458
4328 29053399dfda0ae4
4329 c430030d7e0eabef
4330 e5a5901c92d2e683
4331 51307ea481b38005
4332 ab812e028f7f5339
4333 7d45ee15041a2f12
4334 673664253a370011
4335 6334b1a91e3c62b1
4336 f2a0818358aa2636
4337 3372818b6be11eff
4338 df0c3b38780a64be
4339 a651592d904134a2
4340 0ee811fd43efc067
4341 850ae18a741e08ed
4342 0d999e83f0e83781
4343 af3d72fa5611b1e9
4344 ef4026e57fcb7714
4345 6c5d4795ea0063df
4346 54197d4f0281449f
4347 0fca582ac1449d92
4348 a485dd0a22f28f90
4349 fd365f8a55be7770
4350 c8840029dbba7079
4351 ff59f85e83f6bb03
4352 38b8c3ecbc63127b
4353 2d485fd1fbfc7822
4354 41bb463e864f2895
4355 7d83a67e1d63e355
4356 8b09f4020195bd43
4357 5e66648c0659305e
4358 63f4ff4883a9811d
4359 91d1ceef7d264563
4360 999c99d2ba69dd8b
4361 fac097b48573f43f
4362 5593e313011de5fc
4363 7e238c320926aed3
4364 0008dddf4375f299
4365 6bc47bfe0c7c1699
4366 7a32bbfa43e089d9
4367 d55e2e207ce34ce6
4368 1a2c809345f2367d
4369 8c99520322486083
4370 4f2ca625421c320e
4371 e8748cbf05ad2296
4372 b9ed4135d8572361
4373 c4b1ed2a54e8f506
4374 ce0715126d35b120
4375 f9fdd54243d9390b
4376 399548c57881391a
4377 3017b754813a187f
4378 1a6ddfba5cb32815
4379 8097374c7d7efa6e
4380 4b7b94cad68a8f1e
4381 b5ee56bf8751ab33
4382 d7111ad2dea1a3f9
4383 aec062dfe741670b
4384 5148b4440cc1c4e3
4385 3cc8504496a8fe0e
4386 fb5929f04584d48a
4387 6819be67f4830337
4388 ad4be5fc6615e712
4389 e23ab47fb1a0b26d
4390 c455b1c7f4eff69d
4391 3c1f46a6875a042c
4392 aa9eb7a5379df6b6
4393 1de0d0fbd8eaeb61
4394 36e8de3f39193cb9
4395 7e1db29f5e644f37
4396 8cc5b6613e7f95ba
4397 9dcfbea26347eb35
4398 4830cce0d27f47ce
4399 a79d4d501932327c
4400 b19f459632214279
4401 a592ace50efb0ee0
4402 23215a38b234b0ab
4403 575ed3bff453f66c
4404 9614a674222b6748
4405 3dc5074210a9ec12
4406 4942b8fdb40373b9
4407 24631647a44120f3
4408 a6ab817b5d292967
4409 ac4447f7658af88c
4410 9c9e8235d97606b0
4411 fe55178afea0d48c
4412 914505c9e0728861
4413 52421f1e6f8e2ad4
4414 d7a6dd5531ac6176
4415 a757f3efd40a6ef6
4416 efacfd16b785e1c0
4417 a164cdaf03f7d962
4418 16d901f697892de2
4419 2fcdda6dfc3222c4
4420 e424f06c5e4a78d3
END 4420
