*** Starting emulation of vsav2 - Vampire Savior 2: The Lord of Vampire (Japan 970913).
Cheat cpu-register INIT.
  - 68K ROM size:	0x00400000 (Decrypted with key)
  - Z80 ROM size:	0x00040000
  - Graphics data:	0x02000000
  - QSound data:	0x00800000
  - Key data:		0x00000014
Loading program (vs2j.03)... (OK)
Loading program (vs2j.04)... (OK)
Loading program (vs2j.05)... (OK)
Loading program (vs2j.06)... (OK)
Loading program (vs2j.07)... (OK)
Loading program (vs2j.08)... (OK)
Loading program (vs2j.09)... (OK)
Loading program (vs2j.10)... (OK)
Loading graphics (vs2.13m)... (OK)
Loading graphics (vs2.15m)... (OK)
Loading graphics (vs2.17m)... (OK)
Loading graphics (vs2.19m)... (OK)
Loading graphics (vs2.14m)... (OK)
Loading graphics (vs2.16m)... (OK)
Loading graphics (vs2.18m)... (OK)
Loading graphics (vs2.20m)... (OK)
Loading program (vs2.01)... (OK)
Loading program (vs2.02)... (OK)
Loading sound (vs2.11m)... (OK)
Loading sound (vs2.12m)... (OK)
Loading vsav2.key... (OK)
FBNeo v1.0.0.03
Loading config from /Users/koneko/Library/Application Support/fbneo/config/fbneo.ini
harness: write tap on 1 range(s), pages 708000-708fff -> /Users/koneko/Developer/Vampire_Saved/VampireSaved/build/scratch/ray_tap/obj_nat.tap
harness: poke frame 1400 @ff8783 = 10
harness: poke frame 1450 @ff8783 = 10
harness: poke frame 1500 @ff8783 = 10
harness: 4420 frames, log /Users/koneko/Developer/Vampire_Saved/VampireSaved/build/scratch/ray_tap/on.log
Doing exit cleanup
