  tenant donovan id 0x13 -> gfx bank 4 (bank word 0x1000)
  layout row donovan: band 0x863f-0xc2ef delta +0x2750 src bank 3
  profile fields agree with the builder (bank4 0x1000, bank5 0x3000, collision same-source-or-fail)
inventory: 15612 tiles, 15498 in main band (114 effect/low tiles handled by the per-record map, not this tool)
  read vs2.14m sha1 e582b20a948ae54f52590496051688dbfae2bc9c
  read vs2.16m sha1 a924d53ab39f4d85173bdb92a197dde2db0dc3f7
  read vs2.18m sha1 8d0cd1c387b4b6ac7f92bb2e5a25983856328cdc
  read vs2.20m sha1 99bc27557741527ca678d7b6307164bc04ebedc6
tile exceptions: 775 band srcs skipped
effects: 939 tiles placed from effect_map
  read vs2.13m sha1 528ce7fc9a0451e2e2d221dbf5e4a5796584e053
  read vs2.15m sha1 e873ad3e0fc8a06a5029113faf991f5c1b765316
  read vs2.17m sha1 da94f1529da82a6bf2129f51548412e1ab2b001a
  read vs2.19m sha1 0ff528e12e255ebf699101ac71f05b1f6bef7165
select bank-5: 271 native tiles copied to group C upper bank
  read vm3.13m sha1 21b9773959e17976ff46b75a6a405042836b2c5f
  read vm3.15m sha1 30476e061cdebdb1838b83f4ebd5efae12b7dbfb
  read vm3.17m sha1 2abd489839d143c46e25f4fc3db476b70607dc03
  read vm3.19m sha1 ebd3f559c254d349e256c9feb3477f1ed7518206
wheel bank-5: 85 host tiles (byte-identical vsav group A) + 18 vs2 medallion tiles + 3 authored version glyphs + 36 outline tiles copied to group C upper bank
verified: 15498 tiles placed at codes 0xAD8F-0xEA3F (bank 4); all other tiles byte-identical
  wrote vsw.31m sha1 ee17ad93084365d6141fc3d9e356147bcf6a5413
  wrote vsw.33m sha1 095894363924e23a7995355ca40aeb889f17bc2b
  wrote vsw.35m sha1 5aaceb2fee820c2975dc0ef513c6dcc5f9d9e99f
  wrote vsw.37m sha1 7fbb48d9141af63777095be63427daa6433aed1d
group C mode: vsav group B NOT written — the host band stays pristine
  read vs2.13m sha1 528ce7fc9a0451e2e2d221dbf5e4a5796584e053
  read vs2.15m sha1 e873ad3e0fc8a06a5029113faf991f5c1b765316
  read vs2.17m sha1 da94f1529da82a6bf2129f51548412e1ab2b001a
  read vs2.19m sha1 0ff528e12e255ebf699101ac71f05b1f6bef7165
  read vm3.13m sha1 21b9773959e17976ff46b75a6a405042836b2c5f
  read vm3.15m sha1 30476e061cdebdb1838b83f4ebd5efae12b7dbfb
  read vm3.17m sha1 2abd489839d143c46e25f4fc3db476b70607dc03
  read vm3.19m sha1 ebd3f559c254d349e256c9feb3477f1ed7518206
effect-tail: 2 host-slot place(s) SKIPPED (variant-id tenant)
effect-tail: 1 variant-slot place(s) added (free-pool anchors)
effect-tail: 270 bank-1 tiles placed
  read vs2.13m sha1 528ce7fc9a0451e2e2d221dbf5e4a5796584e053
  read vs2.15m sha1 e873ad3e0fc8a06a5029113faf991f5c1b765316
  read vs2.17m sha1 da94f1529da82a6bf2129f51548412e1ab2b001a
  read vs2.19m sha1 0ff528e12e255ebf699101ac71f05b1f6bef7165
select: 0 bank-1 tiles placed
  wrote vm3.13m sha1 323f55e0828ac1ac5a7ec924f6d35dbb672875c2
  wrote vm3.15m sha1 89fec8d983cbfe4e191b705de999a8060fe3f5a9
  wrote vm3.17m sha1 1b4c5ffcb7e899e714e910f3eb9b28e2838487cc
  wrote vm3.19m sha1 6be2e9224ede5614aabdd8e853394e9c426a177c
wrote gfx_written.json (16075 group-C + 270 group-A entries)
wrote remap_spec.json: {'delta': 10064, 'band_lo': 34367, 'band_hi': 49903, 'dst_bank_word': 4096, 'src_bank_word': 24576, 'placed': [44431, 59967]}
