1 b9d103fd6854a325
2 b9d103fd6854a325
3 b9d103fd6854a325
4 b9d103fd6854a325
5 b9d103fd6854a325
6 b9d103fd6854a325
7 b9d103fd6854a325
8 b9d103fd6854a325
9 b9d103fd6854a325
10 b9d103fd6854a325
11 b9d103fd6854a325
12 b9d103fd6854a325
13 a23408d287fe4c32
14 b9d103fd6854a325
15 b9d103fd6854a325
16 532e03fd6854a325
17 b9d103fd6854a325
18 206bf4cc87271b98
19 b9d103fd6854a325
20 b9d103fd6854a325
21 b9d103fd6854a325
22 b9d103fd6854a325
23 b9d103fd6854a325
24 b9d103fd6854a325
25 b9d103fd6854a325
26 b9d103fd6854a325
27 b9d103fd6854a325
28 b9d103fd6854a325
29 b9d103fd6854a325
30 b9d103fd6854a325
31 b9d103fd6854a325
32 b9d103fd6854a325
33 b9d103fd6854a325
34 b9d103fd6854a325
35 b9d103fd6854a325
36 b9d103fd6854a325
37 b9d103fd6854a325
38 b9d103fd6854a325
39 b9d103fd6854a325
40 b9d103fd6854a325
41 b9d103fd6854a325
42 b9d103fd6854a325
43 b9d103fd6854a325
44 b9d103fd6854a325
45 b9d103fd6854a325
46 b9d103fd6854a325
47 b9d103fd6854a325
48 b9d103fd6854a325
49 b9d103fd6854a325
50 b9d103fd6854a325
51 b9d103fd6854a325
52 b9d103fd6854a325
53 b9d103fd6854a325
54 b9d103fd6854a325
55 b9d103fd6854a325
56 b9d103fd6854a325
57 b9d103fd6854a325
58 b9d103fd6854a325
59 b9d103fd6854a325
60 b9d103fd6854a325
61 b9d103fd6854a325
62 b9d103fd6854a325
63 b9d103fd6854a325
64 b9d103fd6854a325
65 b9d103fd6854a325
66 b9d103fd6854a325
67 b9d103fd6854a325
68 b9d103fd6854a325
69 b9d103fd6854a325
70 b9d103fd6854a325
71 b9d103fd6854a325
72 b9d103fd6854a325
73 b9d103fd6854a325
74 638981f5a8e59349
75 086042b8387bac83
76 7a3a349315f8b09d
77 e21a3cd5bf96b178
78 6822c24cb996b178
79 467065255b96b178
80 4cf857f40796b178
81 241a3cd5bf96b178
82 6822c24cb996b178
83 4cf857f40796b178
84 4cf857f40796b178
85 6822c24cb996b178
86 b7e532a45f96b178
87 4cf857f40796b178
88 4cf857f40796b178
89 6822c24cb996b178
90 467065255b96b178
91 4cf857f40796b178
92 42dec6bc948e0bfb
93 2b7f22143fc7a486
94 099d1a0c2df318e0
95 662fadba3450ff1b
96 8d5d54b7c738e75b
97 d89d4aa64041166d
98 58a1f32ddddf3572
99 87809ff686ce4c3c
100 59aef05e3f685a95
101 9404e866f4732edc
102 dcc0c0f6ccf6efc3
103 0495a29f4543ba0a
104 f52a0f92464f6691
105 63946be77c434588
106 e44839b8a02ae00f
107 a518e72c8f1e2256
108 e2fae533bfdd853d
109 b8848a2c5e604b84
110 f31a87635b3e880b
111 3541056fdcf49b52
112 ac2698998df24d39
113 df836db0d4fa07d0
114 fb3688dd00bb04b7
115 dac950b77102cafe
116 79509318d1280785
117 3ef8f027b7ca1ecc
118 60d8ec0adf62b2b3
119 60735b33bb9344fa
120 2c1c81e7cf311a81
121 214f03164e1c3278
122 9a4bfd2114fc6eff
123 06e6cf05894d6e46
124 e94873c32ca1042d
125 07a55767cde1da74
126 3b3fb29286d8923b
127 06db8f383f0b5882
128 a9328eab1dd91e69
129 95bee39a459f6e00
130 d2f292b5db14dbe7
131 c56777d934a5702e
132 d7d8be652ea7d3b5
133 f39805f0ab9699fc
134 643f25d9a67881e3
135 23d1bdf1de282d2a
136 6011f944e81043b1
137 017a48b1d60ad7a8
138 0cd40e7d6f29332f
139 a58f9ea01b166d76
140 2dfc8e341c23a35d
141 6d165207731dbea4
142 084251c0b69d852b
143 1bb13b274beae772
144 6ccb5faf390efc59
145 11f86b0fc2aa80f0
146 970477b5773876d7
147 42062218b612781e
148 cd3a7ea3e688eca5
149 9f0ccd58d56e28ec
150 665a2591df6e5bd3
151 f459ce71b6fd401a
152 2d1de722c9c4d2a1
153 84fc23da7069f798
154 6b545f1ba1596c1f
155 e892d4aa8d4afa66
156 56812b2b3342114d
157 1b52509758d09194
158 79adeb7e6ddcd05b
159 6be6066eb3211da2
160 d9f4510452f9f989
161 887ebef01d8a7620
162 0e0bcf3f4246ef07
163 c45f061140724f4e
164 181b20c13f4665d5
165 64813b3c2ebeb31c
166 85accbb239fe2903
167 d27f1c0e431abf4a
168 d0c9c8940dfa9cd1
169 96251a57fd59cec8
170 12b15bc893b5e54f
171 b2fa2472a9aba696
172 b2f1520a6d27ee7d
173 67cc6759216742c4
174 aa085f5b14e3704b
175 c4fe8f2cccc5e492
176 367cd73d5e376879
177 9b2a5c9f69344610
178 77408e091f3e01f7
179 37c509649db9443e
180 f9ee2ddb6ff691c5
181 33675fad5a89260c
182 9a6258f3096a97f3
183 2a8b69644adf0f3a
184 e0737b80c81a5dc1
185 648a57ce2c5769b8
186 1b70b63815a7153f
187 2408fd38c4ac6986
188 81869e1ebecf296d
189 4f6db557eb048eb4
190 d111f47eb8b11b7b
191 5d2d955dad05afc2
192 f90c4d2ccfdd50a9
193 b0f3ed3d7b341d40
194 702bfdd2abf7c727
195 1a1d7aeb516bce6e
196 eaf5e30a66831cf5
197 74912847bbf5c33c
198 7a8f530b73dc0623
199 fdf43fa554227a6a
200 8b57c191ab42d6f1
201 d1bf38fa7866c1e8
202 5a1d34e13645306f
203 968dbf7db49358b6
204 db1dadbcd4c1359d
205 fef918ad50c0a9e4
206 2e9270add554a86b
207 ccd66c918b8e3db2
208 73faa3df39016599
209 60a826a2a630d830
210 24c7be835603c717
211 4d90d5a0923b8f5e
212 5db711b22134fde5
213 b2ccbc13b3fd032c
214 926959211d7b7913
215 ea9279dac58e5b5a
216 67222a69ac69dce1
217 acd739b701a5a2d8
218 9b47c2e96dba315f
219 875468cfd17d52a6
220 c4cf01e7bf2c0e8d
221 a8004e43b28d8ad4
222 bf29ee16f849749b
223 d41742c775bfe8e2
224 534f94305601dec9
225 57e7cc6f25738460
226 35a04ac5cb93d247
227 033ac0751ede988e
228 3643fb4e5a57f415
229 f2f4d7744e0c0e5c
230 e31c25d293054643
231 c65769bbe0883f8a
232 cd956a0182cdb411
233 3e914abbb8119a08
234 08b501ba5b03298f
235 68b7ae3a77180fd6
236 282560a8aff1c7bd
237 d94373e22051a704
238 d00222afceb91b8b
239 3594ebc50125c9d2
240 14f9cd533025beb9
241 2c2e58c59b5f4350
242 2287df2086165937
243 effca735eb0de87e
244 5679d48628a6ff05
245 fda2d80ae5e6494c
246 c25a67366ec77233
247 74eea4761494587a
248 e8afd61ab0299501
249 8a8d202af8af67f8
250 576023c75adc2e7f
251 8e8243ab80d5bec6
252 cd4fafbef982a5ad
253 b144bd2629c46bf4
254 61137cc632f8e6bb
255 ceab4bd2d9e5e202
256 a8e2fb1f2453abe9
257 ecdc0450be8bac80
258 c0d2918812412567
259 8e24488aef374fae
260 4dcba5900e176635
261 77277ca95229157c
262 0358c40f783eed63
263 65f68c03b8eed1aa
264 be5421eb26196131
265 74a6be48a72be528
266 533593f4aa38a7af
267 bd84c6282f3066f6
268 13d9b7c9c2c450dd
269 c695bcc636083924
270 8521f5644f9ce0ab
271 bc95cd3ffe48a6f2
272 4756463c43e638d9
273 6b9d121cf9c65c70
274 c569f3ccb87ef857
275 7cb89ec210b9689e
276 5580a8c5a8f8d425
277 419fc5903d5c0e6c
278 78c27bcd20462146
279 beffbf5a1cf226b4
280 12e2e4cdde915b96
281 891d43ded984b12a
282 008425faabebcd5d
283 7dd04be9ef0b57a4
284 b26181d91be6bd2f
285 55a5f7dfbe172476
286 e8f91eabb4247979
287 0a6778a6acfed010
288 ef0fd8d82c6ffa4b
289 1ac81991657eaa92
290 5569e3cbab073bc5
291 9b9b888a85ace50c
292 0a5fb98776ba87f7
293 4111cceb67b90e3e
294 78d2d76a566c34c1
295 8f44400f37570eb8
296 6e507d69017461f3
297 9efda1aa6417d93a
298 885b3ff6e0bbe26d
299 16f08ef9ea46a8b4
300 1af16c91ea200f2f
301 aeee1e5fbb0aaa97
302 4e8ece9a1f577e68
303 3b6e890139818971
304 142cf6b29017d7ea
305 8e205af439ea08a3
306 a35bc75190d079d4
307 d6f330e11f9f8e18
308 a1439b3f6c74f9a8
309 59698c2a43d2c6b1
310 1f0bd1b1d62e1bc0
311 b556c7ce9a5d3b29
312 ec719a79a0f57c42
313 34c30a7cd67d6ffb
314 660da00b6caab0bc
315 a30f34d4692a9475
316 7132026c0b638cee
317 f76b08373ec0fba7
318 36c91d0d8cad9738
319 b3140f5800470741
320 2880aa7a3f50ffba
321 2e5a2958792e9073
322 4d02647e725af034
323 342a16e6beb5f7ed
324 113b56bc0b627906
325 65da2865162625bf
326 53bce32e6235ad90
327 29ebb798bb4c8ef9
328 1c69783e004eb812
329 bd7bdf20f04da0cb
330 2a3dce834734988c
331 46797075a8610445
332 b26ad6729bcee4be
333 dd2188c998dd7177
334 6675d7bb06362348
335 10bf798a3df67151
336 72f43ce0053bddca
337 a6b2ed5cac32aa83
338 1185dcd10ea71244
339 c718dbbcd4d77dfd
340 f1f9aeb4761f3b16
341 03702fc8361103cf
342 f992823dbf071ea0
343 e55ab0bf93b0a209
344 7d1e473eee34a822
345 ec25932cc6ea42db
346 71608e759d250b9c
347 842935f4d48a7755
348 52074f35cc0eb8ce
349 d1cc24138fde4f87
350 b75b55aee5880b98
351 dd0bacafb0de6ba1
352 febe12ea4698f01a
353 eedbaacc8d9064d3
354 7cd805beb5cab394
355 50d75cbe1e15054d
356 d13fcc6a09fb7e66
357 509db5509d46111f
358 8b2841f1e25bb2f0
359 d2567271a34e3059
360 4c5d9bcf0cf91b72
361 6f6681c58abbbe2b
362 d7ca12755dc9a5ec
363 87663cace53f1ea5
364 9b50a08d22f68c1e
365 d24933bc557baad7
366 765c90ce8e1e3ba8
367 5c94cfbd7d6bb5b1
368 65caee1b177f912a
369 74d30520625ad5e3
370 550cac267ac6d2a4
371 a23c0fa36987945d
372 5d6317d2472f9f76
373 5797be9ae4bab72f
374 ef74ec899214d200
375 ed74d935494cbf69
376 494594408fb21582
377 117f7f95ff01863b
378 deac7f499dfacbfc
379 0d22181b8b0f37b5
380 908b52e7dcd5f42e
381 89d4cfa8d1be0de7
382 16d482d9eab55f78
383 3a96fe5d66500e81
384 4f633073f0ba05fa
385 f8c424512c172fb3
386 231b89f7b83dee74
387 51394ad5e626762d
388 a15edf934cb4d246
389 15b655ec5516d2ff
390 0edc03d89b6634d0
391 4623bdf35c995e39
392 70f1bdf4e285ff52
393 ecb9937fc518050b
394 7ec5dc945f9052cc
395 e40c00cd612f6b85
396 9e59539e6512acfe
397 37ee26c9e2bd18b7
398 b3f67fb5b4df8988
399 65c3bf285480e391
400 ad8f462b20b4770a
401 7577ae798a4203c3
402 580d73ed81787d84
403 febd8abfb259993d
404 67f9b7a5cd498656
405 d9b112855842120f
406 299ae467eb1c7fe0
407 c3a45d763af6d049
408 0a4ca0076b153e62
409 1bd20c1f54dc981b
410 cbaa6f6d4deb72dc
411 edbb2a9064ceac95
412 caa0609d73b5660e
413 ab9d69243a91bac7
414 088c7d087c5cd4d8
415 21eee9eabac7f0e1
416 4eea799f781c6f5a
417 0839450b0454eb13
418 2431579afc230ed4
419 0983ad79d555ef8d
420 c1a42206dd374546
421 a6f7ea37ed81d648
422 7094df56b2398b87
423 42c128eab3ecd4ce
424 751663e9ced9ae55
425 4e9efa11d22bf79c
426 db64bfa7f1aa643b
427 d04577bc71640c00
428 82c150686d6ed970
429 4f9e485049ab69d9
430 b1ebb192e89f1ae8
431 9318bd9f679116f1
432 796b2422e984406a
433 f780fe01218df723
434 e8a06f158c0e5ae4
435 7529c5a21196559d
436 7e0910fb062838b6
437 5067b9b27409266f
438 89449fb625901240
439 84eb2e078c4790a9
440 f7b1f998b929efc2
441 df45ed7aca95a17b
442 f6089927dfb5283c
443 33007c942a1dcdf5
444 fe3d7c4305d3ee6e
445 39b5ec974bb8a727
446 de3f2c0b189c0eb8
447 1a5c5eb1cfd26ac1
448 2c7a2a788a7c2f3a
449 03cec127e2c1d7f3
450 553d90424101fbb4
451 3839844ede0ce26d
452 5d1bbb757ffe9a86
453 c9a804d7d61c353f
454 f0dd6c35e21f0610
455 019e895cf1397979
456 b2975f8797728592
457 19f89c1b2e8a904b
458 b8d38dc56e251b0c
459 b6821984ea9efac5
460 7d0f12d41359768b
461 4aa41723134f21db
462 00322e02340033f3
463 5c3adb9d34b82330
464 2d816062c2fa9eb9
465 8b1be46226533d28
466 351befaa3323a880
467 6d2644bb62340e57
468 f1c4e8a66c57c2a9
469 7e471213b8d8c0d0
470 0762df19bceeae59
471 eb988384c2951d5b
472 51c278ea9d6ae177
473 9867fb6981bd5d17
474 b747b5733651060c
475 4696ae58572d6c26
476 3ea1dbfcb4d468d7
477 a932d90fdd4071fc
478 b19a23cbf861ec3e
479 10ca3d02a080a6aa
480 c6fc3d61233280d1
481 e77d269113101c9b
482 058bfae8b286a88d
483 9d3573238da58fd3
484 68089e0ab6079ac2
485 0eb55173494fb8f3
486 9629deb274f61f46
487 b63d1f4aa537ba9b
488 af061ef0f5c4125a
489 59a925c6ec554b3b
490 0ac9c14fbe22ca76
491 9b7063036389b9c3
492 1608cedbdaf80fb2
493 639e649b874d1563
494 7c46c413c0014856
495 e4f841ec09c6eedb
496 221ac6ea277579fa
497 4c3d5dad0ec2b9b8
498 725f0b336c055ed2
499 3566b4ca18a3137c
500 db1bd0b10f871834
501 1c29ad16cff80ef6
502 9cddb6f308659494
503 f893cccaad77198c
504 5cae4cbd192d0b0e
505 25ce0607d927609c
506 0b1a91ad2756c7fc
507 8a1e31e47bd69bfe
508 c56c301a24a6bb2c
509 2e48537a5051a887
510 4f6a33b7fb84c060
511 2434afdd06b32d60
512 454abf4c699b0759
513 8787f0b1e24bc1e0
514 ab42235c0f12b80d
515 9c3eb5d98d18f538
516 45910e976d155cb1
517 25bf87e093c72c08
518 94ba5f0c0e8f0bad
519 769d0ffab9b7d340
520 99d604cd80f31719
521 99be5a657edc2c60
522 f62f9c5801d01a2d
523 a343e40c13f18108
524 60484eec8f19df21
525 471780f4ffee47d8
526 961f5d479b8c3d4d
527 b3ea5ed92931f740
528 44ff4375e3212fd9
529 82f5f7c92fee9040
530 3e0eb04a61c5e6ed
531 c95958c30b2808d8
532 ec8422c0e90f9a11
533 16eb6236e3a617bb
534 a4c6ee56193a5f43
535 84c00c461931d70c
536 a892f89d07c433a4
537 76e2566251397126
538 e295f433fc327fe4
539 21373a310a23e8dc
540 4a4f1c6b2116d33e
541 428aca063ecc869c
542 365ae0888d1d339c
543 f0cef78f3a13386e
544 3666b05a1132213c
545 77cb605d01f90827
546 171ff57550ff1240
547 922b8255ea0b73d0
548 ace9c4388dbd8939
549 4101d5b8ef02b460
550 632c579010fdf82d
551 81a8e2f5b19616b8
552 44d1e287d6ff5de1
553 52961760846bdef8
554 466fda678a01fa1d
555 eedee117eb7f95b0
556 2d240531e447ef59
557 3d1719d36abdec80
558 9dd8449221ae8a0d
559 bff9a87f03540b28
560 93c8be422f8c05d1
561 98d0b535de6127a8
562 f0edae7c7ceaa3bd
563 c66b66af0196d770
564 bcc257ceffc11999
565 2185b24f8fcef720
566 7a48ff3503d438ed
567 daab5afbffaf8e38
568 c9cbfa4af38aa9c1
569 dcc5238aac04c27b
570 8d78cc6e1a22e3e3
571 cf2930f1f79017fc
572 5663bea3ba564b34
573 6ac776d1f2ed8226
574 9ea1bf2e0b3e2184
575 f916b55a6e3fcc3c
576 fb4c270c66141aae
577 282e41570a1e84bc
578 da1469462cb7d95c
579 8a7d724e092ee20e
580 ee1de2700896db9c
581 e64505c4e5be8bb7
582 c96521b68f932df0
583 87e14301cdd86730
584 cdc8d781a2b63409
585 b57889e92b97c370
586 f4a7b06b0307ab3d
587 3aafc1d8fd734a88
588 c6fea18a6244caa1
589 f97156d43a2d2058
590 7c73d5e295cd215d
591 d75c077aa8729930
592 9c1b149e1acd45c9
593 1106129fabf86210
594 f19388d949841a1d
595 30bdbec0e3567298
596 7b66bc255760f391
597 d42499605a2b37c8
598 86ea40b424ba33dd
599 1a94ec4c568e2a70
600 7e63babcfe099be9
601 561c26f0bd2acf70
602 8121f964d3363cbd
603 5c4a0123595d16c8
604 da845efb71ba1be1
605 516c1c181c76f0eb
606 1ec15476c27211c3
607 2984d2e3fe004f8c
608 cd808604c45acd04
609 e8ddab368b270daf
610 24452f89fe9b7690
611 f8f3b64e4eda1362
612 69617b86c19ec889
613 f1bad74cafe5af71
614 dd7ef2ad890663df
615 b50a65362c2fefd6
616 32cbd1d1ff3e64a4
617 70de2f4b386ed524
618 842a851b99016bfc
619 710dcb00186328f4
620 bb07d3dafa409dfe
621 2e646b941d8264e2
622 b88a7e5d4f52722f
623 f69e9339d1697144
624 01b1e9a1e7b0b4c3
625 7f2ca462a7b56c30
626 f6af416ca24630b7
627 93baa42fef3a7b24
628 404dfff5e77c7483
629 8c95874e1fbea308
630 2e39db319eaed37f
631 6272e28f232558d4
632 9ca9019f7d0ac5c3
633 a7089e90ce03bda0
634 cd5991d19ff70037
635 4176ca836c4d5074
636 d5edbd6385d5cbc3
637 8c48f569ddbc3108
638 563448a38bcb1b2f
639 cfafb08ccf05ff84
640 1bd594da967ac763
641 75e6dfe47c368233
642 2262e169b80a5195
643 089db1401dcd9dc4
644 71dd2781fda05baa
645 62ca2b8b087c802e
646 78ac1f6c7eb493ee
647 262032381f3b4d30
648 47f3fa47f4d02a58
649 edf143147edeff58
650 ae80077ea421d0a2
651 ecd026db1904e98a
652 95ffff1311d2719e
653 c8696c7afa16f7cf
654 70793a4f0dc846ca
655 8b4b57977cb0d72c
656 d1c0c869a862189b
657 26276163b1361698
658 21cfab1eaecd4e47
659 1810bdc04bcc229c
660 f95d87036196bdeb
661 bdc1bc833066fc10
662 1707c56eb5069c5f
663 447a8023ad64256c
664 992708f926a5fcab
665 a0904c1e26cd6618
666 8ec567cd529f71c7
667 f1d61d129d20fbfc
668 4c1df47de973f25b
669 254ed9343eb13080
670 1fd3f4220a088acf
671 5b3a86dc4aa311ac
672 ea77b7179e3cba3b
673 a7bfb36bb901e618
674 f8d6e6cc29770727
675 ed422d573eb3bafc
676 fb55b135814361ab
677 edd7b133f3b6ce83
678 dbff43480165977d
679 151ebbb72d7125ec
680 c6681e2792d7a172
681 bc10b37bafcaabee
682 195747cac62394d6
683 1b6f4addfb4541a8
684 846975812a9fd350
685 7d0966f9b26b63a8
686 89ae2bcae89e9e9a
687 2c51b8fa5004be32
688 779af18c2dbdfb76
689 58a13e280ecdb94f
690 705e6e8f9688c0e2
691 0fa2307d6964e3b4
692 05fb7ab51dcbd2d3
693 9baaf0de479bd598
694 e5c269affdd53bef
695 47453cfc82b7f4d4
696 545682e0e25ba0c3
697 01c1007741929de0
698 84ecd80879fbaee7
699 975eb7f9c03ae6e4
700 f4eb920caca89793
701 fa7299693ffeee18
702 a34c790f5997667f
703 0adc421a7a4d0e44
704 2b900b53798fc7a3
705 e464c44e064877f0
706 9db09315b79e6b47
707 22f82e9bbde57e94
708 aec1dbd6cc0ea9d3
709 aaae3a6069440b78
710 afe1e32156ff972f
711 55604382ea729db4
712 0d2d781af68383e3
713 caa33ceb2b45ef43
714 a18b38d291d4eaa5
715 a0942b9b334f98c4
716 e83da587bb8540fa
717 000ecb021ee3fcde
718 84c795da3a6fdb8e
719 a67ee8ae0f043060
720 2d8cadf47d00a0b8
721 165ad54658262108
722 1c9e695a1e25e892
723 8e2cea1a6bda3bca
724 57aeddce6817ee6e
725 db99a4431cca677f
726 b26b491c3867d88a
727 774036af5be17a3c
728 d95018732a923e5b
729 c2b35d99fb328348
730 87132b8f91ca8d97
731 8365e177d62799dc
732 c35d326f92f8a21b
733 a880b938709cfe60
734 baeb2d00338aa8df
735 f48f82cc1d33ca1c
736 ef07798f402949cb
737 9f061fe1b1a57b28
738 ca236e88d2295277
739 5967ff6bdbe2c43c
740 5a83fa1c8556e7eb
741 8f5821f1463ded30
742 d92955438047bd0f
743 7d7f39e236ae609c
744 5101e491c63198fb
745 c36f7ec711d19ce8
746 b13be3226796c617
747 20dd284a264686bc
748 440072153b1c4312
749 1cb15f1b524e635a
750 f17283307cbab59a
751 c10e262a46c8925e
752 b6621c56b083a636
753 8bdd215acabc6103
754 f9107f933cb65f85
755 98244e3385651bb9
756 a4a719c2822409b5
757 0a53f39cb469e346
758 638f95b065f5d976
759 902857d3c7f6b410
760 f0a8097544411c05
761 092af8c39fbc5c39
762 35b5d20acfd56335
763 d68f9d4c168a7449
764 7adf46c63bb93e08
765 be72e2ef5957415d
766 71f6fbf4637eef28
767 dcebad40db4d4111
768 398dfec733d12e38
769 dc0ef9256a5c9e9d
770 1c4df4332332d1e8
771 256cc7a0d168fca9
772 b20031ec53f4c898
773 af07e49fe03db23d
774 0b01c3ed96033c18
775 73e69183a7a988e1
776 fc28abb9dd615668
777 a2a003b99ca2e75d
778 b8e6a0030e44d918
779 52229488ee9a8d29
780 803bb8fe063646a8
781 8d6a22650f04f1bd
782 bef95006b381b408
783 7ec4b12fda97ecb1
784 0b5b63a01c1bf7f8
785 39e138db4c520c06
786 db71ce5b44ad8da2
787 49121151365a55a9
788 29b3fe8bfba2b139
789 220c3e1894277cb3
790 9bf09e860fa48c11
791 fbbfa9fc6e49f3e5
792 c9d73d0566125bb3
793 c09decc25a3261c5
794 efaa09123c99d805
795 a2ecf0fce524fe4f
796 76d7bf280e20f75d
797 beeee2fcaf992a12
798 51cfbf7d9b60fd55
799 717ac501e2f68af9
800 f4b1ee1c9022a9e4
801 5772922f6bedebf2
802 a1180bc261f9dbab
803 761bc733d2a12351
804 051f1ed87aa1dc9a
805 c8ca4e0c2d036a2c
806 98966807d1e5b796
807 18783a60f76f8324
808 a4ee94ac87179be2
809 0f5507f953e780fc
810 d1b04053cc4d52e6
811 3d5f24a0ad9088d4
812 a2d6475c4e35130a
813 d9a34dc70e7ebb4c
814 a1713e49d3387856
815 c86646413516d7af
816 3a2d9db826a0138a
817 e57fc4b079ce1884
818 50ac63ee120eb19a
819 f6ac3bfbc704cc49
820 189caf504578a77b
821 4e14311fc2cd23b1
822 480db3367ceeaefd
823 cc5f07819cd12777
824 b233fe2ffd0e75e6
825 08bcd239513f09d3
826 e6940907ca181163
827 c2fb269b5bd887f7
828 04038023f3f7918c
829 cabce01b133cc71d
830 97bc459876e3304d
831 b43b9a2d86e099d0
832 e8585e4c253d5ee6
833 23afc9c6e1b3ef4d
834 a4710559a634b962
835 0a936561a00af183
836 207b1b263284f320
837 709fcd438f68fee9
838 6fc61161ef135dbe
839 685758c2ee0471df
840 8667d13815ed47bc
841 4f471afd24f79755
842 f50e591477de94ca
843 a9dd1f02a382accb
844 d5e581ab959e6608
845 89db17b331204d11
846 26b2ba378444fe66
847 69f9b3c832c0fe07
848 f087fac6e7b2aae4
849 f58ae24b498606bd
850 867c390e861e30d2
851 28336d2554f3a533
852 8da5033c6077cc10
853 53dfd7dc48997219
854 d82fc47c40c6f23c
855 72273db8a3d3490f
856 e0ea24c1cd5ace3e
857 28f88f97185b7b45
858 443a28eb6c1d693b
859 cb264512e89ccc39
860 0fbb8a05b5970e33
861 fc12e7a8b07da8d3
862 e3d4e8d753d6dd42
863 6061168c362ea55d
864 8bab51d9be205e00
865 ac91b5100bd6e3df
866 b4bf32982fe78ee3
867 38845e6614fd97bb
868 ff22b1a56fec37dd
869 7b1c3e66d809dd81
870 2c8c20ff489d9924
871 97d1a8f1a0f7f9fd
872 e650a033f7ac1ea6
873 8345edb82ad04db5
874 37757196936bae19
875 923ef4c62e45a4eb
876 bd6644b766981368
877 59be20688b395732
878 04abe2133c63eac6
879 311736ea1239e501
880 3ee7e74819692c7a
881 6daea9e4d7b15f3b
882 bfc91e28bdd6f81b
883 7b61c95f52fe39d3
884 cd910df4c46386b0
885 c6e134e307886739
886 7c3e87f5769f7f4e
887 417f96aa1df48f2f
888 a11760bb20823c4c
889 df63be04e8abed74
890 52b699802406012d
891 86573b776c430153
892 a2525bc546066e8e
893 7451170940896a2e
894 78cb700e44fcb31b
895 09b2975c9adb7b8e
896 111034136225bdde
897 e8700bb04f8d0e64
898 6b7211dcc3fbcdf2
899 a661237ff6fc4590
900 166a114a71ab528f
901 35c127a95b4cbb2c
902 570bfd19543e6db2
903 2443717257414e2d
904 5802566695e7f9fd
905 97d892efb1d68ddd
906 9560dd7c97b9da94
907 cbeffc1bb76494b9
908 f97bd8f077f5c345
909 be913b6d75a99708
910 b29923c33e52ebe9
911 a86cbf40697fb436
912 d3a308f3db08eb94
913 bf1840375350e243
914 81f1b440463c1355
915 78ba6a01e421b54e
916 8e11c45a8f1cbb39
917 b4dcfd9ffaddd35b
918 09b149c502c574ef
919 e427a4279eae452f
920 21d0391a9b643f9f
921 08d1e9827d5f8072
922 de75f96038997d3a
923 0e5ea5f50d237a01
924 132449990f854cea
925 e76619d3091eda48
926 d8b6c8bf036ef705
927 f314b1ef49a20fa9
928 ebd16f9e3f5decbb
929 72cd411f709b849a
930 b4a6938f5c5b47e3
931 a1e5a282e4a40f4c
932 84f468d81beb1ed1
933 63dab9a6d9a8067b
934 d6d05304ec650a48
935 8e109e51428dba89
936 f5b5515904cb0ca4
937 fb3b2352d4b017d5
938 525d20598a074d10
939 61e8e4cca408245b
940 1a5ffaf363264266
941 6d9b74f0362f3685
942 4a12064d48c95b4d
943 8ba9cef6462c19db
944 3f38f22f6c02f84d
945 c97389dbf2160ae4
946 d110924915822da1
947 da401e9b7067fb15
948 d00bc59efddf0f1c
949 83e81e9abb7c0bd4
950 5d4a447d650b82c2
951 1ee08361c83fcb91
952 fd6d5916b8e26ad9
953 956178a7a63cf5a6
954 0ae28c723b0bb161
955 fccf6e1f2c3c750b
956 053226c8970e9bdf
957 794c59e7a7fc1f82
958 4ecf473eca990554
959 4654219f419c0cd0
960 62deb4bfe3b9d06e
961 0f31e3d3f60bad5e
962 e74c9d7335244f63
963 bd8d7248a45329e8
964 2ac98186f2a422a4
965 de756d0dd2e9eae5
966 e8c460c46add5f65
967 7edbbe80f19fa51f
968 cb8846548ba6c448
969 3d6e4492b448a871
970 7faaea02902d3efe
971 59203858f5a3e4ed
972 8712d466b450b397
973 2cfd6b332cf276ad
974 9ba28bdfe3a35956
975 4ae166628866c53a
976 9965cb1b5996113e
977 7ebb82be87cee662
978 1f49984ae935258b
979 d39a819ec453ec01
980 62181dbb1a7de8dd
981 c2af51d67b3226bd
982 595fbf303d32f81d
983 cc24fc214837e3b6
984 38748986cbc0c6dd
985 cd6367e3632e089b
986 fc82c6b1456a98ab
987 ea68ad1ba035c6d2
988 6213f3664a22e62b
989 92792b29c172e1fe
990 cbf5917d41790fea
991 d758ccd1a414c3f2
992 58979d23cdcd57e0
993 eb61b6bb85823773
994 2be291373eeb1ff7
995 82539fc34f0a8637
996 31a480de95bd5974
997 af17912b958e46b1
998 4d61fb3494085ad1
999 f9c8a930c54285a3
1000 5390beec703c9763
1001 47ff26c0c8119cc1
1002 540735a30d2d332b
1003 4a914651830781c3
1004 d80399d7a1b69383
1005 0d00498f269f0b08
1006 578e33c3066bbfce
1007 0363cf294c9b25ac
1008 d3c61d914b427df5
1009 9e096dd751952650
1010 6301001179078d0e
1011 7c69092c0e9a2157
1012 04e0c0539d19bd0b
1013 5800ce03b9907877
1014 d170ed9120a99e88
1015 94e61b36c55085c4
1016 a2abd7e95e296c2d
1017 49f3800e3989f6ce
1018 d4992250506705cc
1019 b7cceffd8da75056
1020 1ab19e1a3e826d13
1021 1b6e6a05247c85cd
1022 091fcfa4b479b741
1023 edf880f3b57201c9
1024 e91f2fd8be4d299a
1025 38dca732d716ac44
1026 ac42d24aeb9ce30b
1027 b85b04ba7f52cc95
1028 9333265368b256a9
1029 3280b179d43b59a0
1030 56384f011edecd35
1031 cad0004c2349e371
1032 b8fec62ab3123158
1033 072d47e28b17a4e8
1034 35a5fed12be3f4c6
1035 0fb4e1bfd0308b85
1036 d6470168e6cfef2d
1037 a733ea4e917f12ca
1038 d75c1fce7429ee95
1039 8cf58a1b720acdff
1040 94e46525ad468c7b
1041 143a1ccb93344746
1042 c9e04655c9d471cd
1043 258b357d850d085c
1044 e93b598c8a6dcc54
1045 fdb022f2d2d1d17f
1046 f28c4ee83d911042
1047 67b7e9943a2c7614
1048 da376c550ae5ae0d
1049 2320ec95aad19c94
1050 0a8c3d1ff9e52764
1051 26b143119863efd1
1052 52961df56d2358b5
1053 7f943f06bf0bdc64
1054 dd04f7559e0e8892
1055 84ac82643fbcec51
1056 41147a96d8ed8deb
1057 a99afc0933e90291
1058 1849a65fa9c4894a
1059 163e0645c538aad6
1060 9db9892db1c65e12
1061 9ab1ef847c2bf33e
1062 1b421d08c97854bf
1063 ad2bc955f975b115
1064 ef73f69e669091c9
1065 89581efa79a907f1
1066 0e6b1db15b8144b9
1067 a63ce089c023e812
1068 8cf06bebdf4d2579
1069 b7d0e7598ad411bf
1070 e75f94f1f3995007
1071 aa96af50274842ee
1072 26c3b40cf28c621f
1073 70ff0b44a3f3a6fa
1074 7e84924bf4bc9376
1075 894847e85a933dce
1076 2ffd1cb926f1ef7c
1077 83763fcde1ead9bf
1078 d49a8362826c1733
1079 afec54f376e227db
1080 12f081c562814e68
1081 5522f6bf47181d3d
1082 21a66d04182b6855
1083 3e39330f8ea2a147
1084 ee77baa9dd827fd7
1085 d804038e912bbb95
1086 9f88979a8b55460f
1087 48f6745f4dff6687
1088 7903ebd9f1fc3037
1089 d330becb8ed716dc
1090 d34aaa1f616fe762
1091 db5a8fefbd984260
1092 f28518249f3a8409
1093 86f3b4ab5317a454
1094 79575bac727a8c62
1095 32d532527b77622b
1096 5197856b008edc67
1097 e03cec86576840fb
1098 7fae3ade8b65d44c
1099 1e7ff36c1c6551e0
1100 1d372e93f2276413
1101 9e41e66eacf11186
1102 d6ade3000d3f37db
1103 c883820534067fb4
1104 c02a0a8164712c81
1105 4d94e5d24bf899f2
1106 44bb19c529a62811
1107 63d1f431514d3d70
1108 e82ba46f4530b5f3
1109 772f6b00230d56b7
1110 5785eb5b1832ee9e
1111 2e126f1238f0b306
1112 7b7b16c5d653cd88
1113 4cbfa9f213e94148
1114 861360fe580b78da
1115 e2bf1e1fa448accd
1116 94def786a0342e6d
1117 465c0edc981b9c0a
1118 5264d2668ebbed8b
1119 4cfeddb2b4f07ee8
1120 e7f881150683e61f
1121 4f2488428b6a0f6f
1122 6e735961d7d69258
1123 b88ba16104735046
1124 69974cf588a1217e
1125 d7b216c40bb9acc9
1126 f87d8e7524c14a39
1127 181c83a69f527f84
1128 dddd9b581708d136
1129 b0c09ef42fcfe38f
1130 bb6717dbcf6789c0
1131 84a0e1f88314977f
1132 6b955ba92a8aa66d
1133 f55e02cdff7d7661
1134 4908ababe93a907d
1135 3fba1029ee3623da
1136 57ad5008253074dc
1137 f46a66c2891ef0c7
1138 ab6dfd1b66aad937
1139 fa37d9d6292bbb91
1140 d3130c64c52bdc50
1141 85b4ace0efb9beb1
1142 8574a8793710e1d5
1143 337e198844312700
1144 91edf1570243cf24
1145 4ed5a8ea47d5fa56
1146 32ec1d1ed90210af
1147 ae2f5e7297d1f7c9
1148 84bd112d6cb8999e
1149 1e478c6902cc9811
1150 b54d369903c9daa5
1151 b6308e918e47d6d9
1152 c6d60f35a83991c4
1153 c28fb887a3a22244
1154 5801008ae553bc1e
1155 7dbf81bdf4d0c11f
1156 b55256e83fe17649
1157 fdc72693650a91a0
1158 9f000e57453cd993
1159 506a42e1cd2bc0cc
1160 02240a16e09fd582
1161 622e2c12dc1e62c3
1162 9806a0a5e25c8a2f
1163 c67536b534b53ffa
1164 935cbc2ebfc22f9c
1165 4e852f3fb09a1a28
1166 01136b22157c7f74
1167 3fda58063cc45a53
1168 013b7d93be23ea87
1169 34c1cf8d1c2720d7
1170 19a64f71f5d266cc
1171 508ea2c5f78e3db0
1172 f6eea38e2fe3e45a
1173 bbabff60197c20a3
1174 86375e6991eb8d8f
1175 2649f5b4fe62fad7
1176 38b768abd7900954
1177 bba2c6dbb9d867d3
1178 1557054b4f68d01d
1179 632954d06a115c34
1180 c8d219ce762233b0
1181 d107eb496a147cfe
1182 4065a93726f89961
1183 c9b11f2175c842fa
1184 a31560c497d717f4
1185 4a8d887cbd55731d
1186 1a5f4910636ba9cf
1187 ec7e908ac0b7ae8d
1188 f7e299d377839aaa
1189 af7cb91f541df98e
1190 33828d6ba63f7420
1191 8f05ef6432e76dd2
1192 d15e6345e7b36db6
1193 24d480aa71461d9e
1194 85618ed91dfbdffc
1195 2615b97657e62f59
1196 64516b597fdf3ad1
1197 7e1227cd5dfd5162
1198 1fff1af5b05f7e63
1199 14a7f692888bf3e1
1200 d827ae78cf370fb7
1201 b894285637a203ef
1202 28e390806cb9fd81
1203 fdf978b8914c39a8
1204 652f929b3bfadef2
1205 b13e4b5bb38826b6
1206 db20c6b3b301b7dd
1207 8dc2db65dc5fc4b1
1208 6fc2a0703d5fb5d3
1209 2b518743509c5fdb
1210 25f6871845906444
1211 80c0daa88eec31a4
1212 592466b7a6ead6eb
1213 eda4645af4d08ca7
1214 d102992de8a0fedc
1215 f4a5adea9c147de5
1216 9ee1828e9aeaf045
1217 cbab83a705f18c9d
1218 8cf4cf2c1f796e3a
1219 258401d599324170
1220 3e8a2d991f9df555
1221 7a0f6f4655a6d596
1222 5d0ae228fe70a2b3
1223 4febde664d3aa75f
1224 47537a89aab311dd
1225 4764ceb1f9391b89
1226 bef7db2927bb7b6d
1227 e1685e588a2dcd74
1228 49d2da843d38bd08
1229 af60ae354fdf0178
1230 e113c9cda1e5d714
1231 55783238402d6225
1232 f74a27dba72f4f7a
1233 e27d21b429071110
1234 ca3193fa5e37dbe5
1235 662745aa8f5e922d
1236 6bc6f8b261115981
1237 a5f542ea8a798d46
1238 a209f1bc25c3172a
1239 ee4e4ce1148af7fc
1240 10306e116481ac7e
1241 7a0208e3eef1643c
1242 c3517b5f39cef716
1243 cc56b2f58fda2b2f
1244 d7cdd8097784f494
1245 ff1f7be6c1290df5
1246 c4e96ef4a069febf
1247 aabb5091d33d583e
1248 9bcf64a23c33f802
1249 27c87a661459eca4
1250 78d5e165252f4065
1251 6a642140bb709d6a
1252 e180e322a11a37f3
1253 93eca39a4e73624e
1254 6f150789becaf1d2
1255 b02e16d4a8d9d698
1256 d80cd1736e123db0
1257 4146ac0dffb2db59
1258 77c3671406686de8
1259 931878d60e0c2839
1260 7d2f3b84b41559a0
1261 24e2b162a2f3692f
1262 72fc9a5aee26268b
1263 63c8ff9700745127
1264 dd3505b705a059a4
1265 b901137252a342b8
1266 df95b7308dae7ee2
1267 f6c1a04f67eea963
1268 d443a26f8e86f3b0
1269 1b1d5016b47bdc49
1270 45dfa484d8dec3f3
1271 14711a1c3137c081
1272 254182690697ed76
1273 c10f566043e676b2
1274 59302649a9818d64
1275 e2b4cc74145ddfae
1276 b584189aa4e1e5ca
1277 bb84a5fd611e5c6b
1278 97174e3466487776
1279 d598c28361079c67
1280 9e59d340e12e0d54
1281 39eb6b5d806767f7
1282 e5d485145f240b2e
1283 a193015d5e71fac9
1284 f63167d3ae832184
1285 cf2648f16efaadf2
1286 433a9b2cde9eacca
1287 c2c91d8917580ad3
1288 9bf3d5fd0f5b4628
1289 74dc497ef12f2d1c
1290 5409871b41b5c8c4
1291 7a96615061433e42
1292 957db46df50ac147
1293 9541c648ffe9a545
1294 af04972011109952
1295 6c627dfe08e42428
1296 cc5236df7d0ca537
1297 bc22dfe3ce11f0fb
1298 ae27f07fcb7286f5
1299 8c49876f76e73d91
1300 80912558fd322995
1301 7ebfebfb73886978
1302 add29ee0ac864987
1303 193ba1b126f7bafe
1304 1bc2842186a5d751
1305 a134604416d967e9
1306 8ca0969e2d05207b
1307 1e967419cbe844a5
1308 12cae36ca0a56747
1309 9405542d2316c69c
1310 7bc5d795fbcae45f
1311 59f664b5cdc7ff92
1312 bd2432355a3bc134
1313 3ef7f3f5258bcc5e
1314 7670bdf0f7866a03
1315 88a6f9acbb014925
1316 e5f47e2cf09afaab
1317 b6a53a2d04cd5c65
1318 d91bf0db303a2c9a
1319 e0d9b592e8b01ca1
1320 4326a4a22696e154
1321 ddb823a63a77be0b
1322 e00c748333634c82
1323 519890f55d31c0bf
1324 82126d2a89c92d80
1325 65478cd58a053d05
1326 7e8615142599a3a5
1327 5c533d50c2379246
1328 e21944f6fe281072
1329 52e1d7cf01e96579
1330 93b4435e02c5621d
1331 2bab529c8ed2f7a7
1332 858b12785f3d0d17
1333 28a6327b1fee3deb
1334 143f42208bf61d84
1335 5667fa94287dac0a
1336 eab3eef4443a392f
1337 1740d78326a60bd8
1338 c4d7d7f697487a3a
1339 6f8af7b2831ef5ec
1340 49ec4a6a611a576b
1341 8828ea1ca166450d
1342 7d5c8298735f70d6
1343 9e0a2b47906cd297
1344 4fa2a3c9effe8b33
1345 8c97481a8ca3ac37
1346 b708d702777a051d
1347 35a897d0ed0f4dea
1348 033a07fc38890250
1349 49ce5a4c9d34b8ba
1350 ce95e7f1fe28c54e
1351 5f48090001cf10b5
1352 f014288fd01edd08
1353 73005a5b4ffaa4c7
1354 f22dc5927729a772
1355 53d4faec043e72d7
1356 0c366632f7f431b5
1357 848486bc1dcc5af9
1358 95d185228f061d97
1359 2efe588a35278da2
1360 dbbbe206baea0666
1361 90eef6dda37d61b4
1362 5cb5e4effbaae0a1
1363 fd08807cdd551651
1364 833770269cedd708
1365 1951003853f7edc3
1366 4214fdac03e85c5d
1367 c86fdafe5bd31225
1368 b4626c6c1f76e836
1369 a2d42c32b9cc8bc7
1370 d949abfca13dbab0
1371 09578a51f47759a7
1372 17eaadacfbe04ef4
1373 5d03c7ae9dc2f122
1374 10edbc6a89924a4b
1375 84a425db13d95ce4
1376 9c681a1b7367d2cd
1377 28c880ab8aa0bc6c
1378 dab7eb28071b1b95
1379 0bb143440ad64606
1380 f1716106ebf002cc
1381 e534db07584f2c02
1382 5dcd6c997247a6dc
1383 9d246c6c8e38106a
1384 043d08ce7bb8e6be
1385 bf45018353ede623
1386 75e2b7c93ebb6ee8
1387 6816780b9cb2776a
1388 3c1de2d224b38758
1389 d2c5447f9de9c6ff
1390 3f530b3ee6ea025f
1391 f0772bd2316e18c1
1392 880b3761ca57013c
1393 050ffd5af9324ec8
1394 1df5937bb1bd68c1
1395 d259f19f1cf9f819
1396 f60d285e125bac64
1397 440fb2ab789c9dcd
1398 feeccc7f91ffbd88
1399 4fae20d4784851a1
1400 45476892dab35bb6
1401 5c67df9d5f98c740
1402 c5fd95bc8d35244b
1403 b8eb99a554ba0de0
1404 490d4fae635ebb9d
1405 e909fcd03d59fb82
1406 529813cc106574e6
1407 692f2f8e9c7a3cfc
1408 b983f0b58892116f
1409 211e13c0b78c6a98
1410 53ba1ea08df0727c
1411 69992298a879d6d7
1412 955605dc7a445a31
1413 9db3fa8da2d1147e
1414 261dc6acb0abcb83
1415 e348fd01a6a46c50
1416 a5775decda1d7d75
1417 d23541777d156af6
1418 718f4a682fa481f1
1419 98037cc4266dd234
1420 0744346f43d68a87
1421 2d14151ae422f4d8
1422 f9ca0179e725a201
1423 b25d0413860b74ee
1424 35627ab979f22769
1425 452ce0f2e65b2470
1426 6a51ad2988c7dc74
1427 3f945412227e7512
1428 e488240c5736f4f2
1429 a8b3d5dc788935a9
1430 f0689d0f0226fabe
1431 89217dd81bd835d9
1432 67d636af1ff9dbf4
1433 8e8c719dd7f35665
1434 6076bf7a3109426e
1435 a00b6728d6ca863b
1436 b3ba02d887d7f93e
1437 acfd1be6a9689334
1438 25ba56be6551b3b5
1439 98449be7e20c4e8c
1440 95a94f78de271afd
1441 cbb32a0b82498b60
1442 78c74908b6c53d56
1443 651cff380e6d3595
1444 b8ae12c0bfb85334
1445 b90cb4a663d85ebf
1446 c65ee01715fafde6
1447 b9f297771cdc1c6d
1448 c11f1dace900d995
1449 c8a52c6d4b5d1053
1450 efa58cc1690a8c32
1451 8c387bcf19251cfd
1452 48db36d104abb760
1453 768f66e9d9777197
1454 0f4dd62a445808dc
1455 07ec042e6765f815
1456 37090f0cf020b534
1457 2868960ae3bd877b
1458 86987602dcabafae
1459 8c0ed4b3bc12b125
1460 19b8b3b3ac0bf056
1461 12ff1229a7c57f83
1462 74cbe9acf26894d8
1463 129760aa4e591c8b
1464 0d1d94ec2fcc08b4
1465 73bddb0bc25f42c3
1466 b3187aca8ab46938
1467 7f214cc5652dd507
1468 2c443156cc3f05ba
1469 61445996ab770575
1470 372be835cc813ca8
1471 ce8c0133c43405a3
1472 1e7e5776b774f214
1473 591eaea2eef9af53
1474 7e36cddf1ff8dd41
1475 0af6605517c380b2
1476 7ace42eda4f5527f
1477 d10dc1c920ba0d64
1478 bc6b7c4e7651fa03
1479 45e6d86811def256
1480 842b4a65e602a5f1
1481 a8cbe908560ca469
1482 79e99fe7580a0702
1483 4b95a3a2a55c163e
1484 d055637b210479f9
1485 0e474c3c38acaf85
1486 df0fdcd8eb72d09f
1487 3a69e532df7b26e0
1488 4d6e3dc75541c959
1489 4e5f3ee0b0ebd125
1490 0fe57627e222ecb5
1491 1d4b1ae76bef7291
1492 09b3717baba5ebd7
1493 7d62ec710799b2bd
1494 d67105be002c8c4c
1495 6d7fee6ee40fc79b
1496 06660dc93babf9d4
1497 b914d4cd40064d73
1498 474089656b4f894d
1499 c2997bdef7dd9d1b
1500 5907e11279897340
1501 635cc78f94cf06c8
1502 2ac9136572c13f97
1503 82420fca74bca800
1504 e2a1be55078c7631
1505 7292bcbaabd8a5a2
1506 78180ba8cf354d8b
1507 3a1662c31f648360
1508 e181f13ed12a62fb
1509 ec6de26fef9d2bf7
1510 d848de28c7ce8046
1511 d38eb1b03ed5b752
1512 85154969f3bbb504
1513 66132e4ab0a0447b
1514 454d1870e3cba4d8
1515 85cfa6b0c3b37dbc
1516 1c7b8bafd1a46b25
1517 fcad98408b341fea
1518 243465553f145ad7
1519 7ab33b7083e3131d
1520 c337bee64d5c95ff
1521 61242fff14ae253d
1522 f9b739f94e939d74
1523 bbe130c2124ca85f
1524 7ce324a317973b3e
1525 7d9134bf15afac7f
1526 199e0ec9cc1ad073
1527 fec47cff9f123fd9
1528 0942cd8d5bac7137
1529 ded8a28cf61c22af
1530 ee9dd40fa53effe1
1531 8a2fbcb9ffcb4883
1532 e06a88c4952ce3e3
1533 c0cfcb6efcd64a54
1534 248d8020c7972cb2
1535 17336388657a0b46
1536 d21a53b87369889f
1537 9bad638538395c2a
1538 444d51a1d9f3f16a
1539 823719f10d37a950
1540 3c2a52c33ea0ae99
1541 97581861a7befdf6
1542 1a2f8f290f6d4b2b
1543 369e1e69e40ba41a
1544 838d27cb018ac085
1545 38efb4fd2d715d4a
1546 34a1a9628b7f3beb
1547 dfc329661d846af2
1548 84db87df85c52329
1549 09110886235abcb4
1550 d5632c7cbc5e9ff3
1551 39cf2b073902abfe
1552 bef3bb913f3d7543
1553 268f69f4f115dd78
1554 d54a5d02eb0baabd
1555 565b0d029fb6fa5f
1556 2340e9a2fb9a4488
1557 f02ddf864699f4d1
1558 9de851193ad54e2f
1559 62fab7864f731778
1560 88926d783ea8a02d
1561 282d08bf96d53b78
1562 a90a11d0e8040e86
1563 a092d7a21773fd88
1564 113316d899ea2a55
1565 434bbbbb98f86ebe
1566 a4d4a961d6091643
1567 289c9f5ed9567aee
1568 d636546a2da8b0fc
1569 05cb746192418377
1570 cdf6d77244b9ea02
1571 eeba72d3f37cf78d
1572 ee5e430ede872e84
1573 c546175588a4317d
1574 13845e5b4ff7958f
1575 1338cbacbc3ba038
1576 22f8a714e6d1030d
1577 c9c60692d6fc5c8a
1578 891e5dcf3be9ebbb
1579 42df7b16c9d38e4e
1580 e3bcbe010cbc5dde
1581 73bfd6ea61afbb40
1582 89ea36a894ec5976
1583 fc05bec98d7ef99a
1584 95ee33d66e8c232c
1585 0ae99580940dcf0a
1586 1bb5ae530dc2ef37
1587 1bf30a528df6572a
1588 d7bcc5162413db13
1589 2e6326e117d0ca34
1590 d9de3e1dbb425118
1591 31d61a6d5e0f2d4d
1592 cfc2951d53498dca
1593 3d01818bb973bb58
1594 379d24361dae58a4
1595 d4aa62c8953c641c
1596 524141b39f3893a3
1597 58b7564418cd9f47
1598 bb1b82da34929b98
1599 32b28e4a783a3d3a
1600 190acbed800cbbda
1601 5b098f8ad3467d94
1602 0b826e04c1edfb89
1603 1fc96701b23f1ca0
1604 f35689f8f2581676
1605 334f3867ace1d319
1606 aae444216fe1cab8
1607 c613ea30931482e7
1608 a5662ab3ee3fcd8a
1609 6a2982be6c71f54f
1610 ef189150b07c914b
1611 42bcdd81816e32b3
1612 20a3ae0d67e0ae76
1613 1d0cb03ec0a1d7d5
1614 df9fcf4ab6157c28
1615 0cbc72a3c22f28ee
1616 ea7b218e2cd34d1f
1617 a0786e46b4cb7a8b
1618 715f0de61afafcce
1619 f90b18b24181f521
1620 390df32eb969c49c
1621 769faa465682d889
1622 0bd99011cb906632
1623 0e893e104ee2fb62
1624 72963af78b199faf
1625 259ca948c45b69ec
1626 94fc39c0ded96041
1627 3d2aed48ca0383cb
1628 17790fc92ce7b20c
1629 997b2ef4351f0234
1630 55486696ec71e0c8
1631 b2a701c5a202125f
1632 65351f4e2d784357
1633 7d9280277838360f
1634 2805b761a7dc46a4
1635 d19a4238cad4063a
1636 0690438d6dab0e60
1637 23e2a90a14db1493
1638 598b252ef726af22
1639 1629fc9555c29183
1640 7f4be549e319689b
1641 a31557313714ceb0
1642 7bb11a003fc972b1
1643 8f355fda9a4f3172
1644 1862fb1bfce9c703
1645 3fe7a0cf4b7b6e99
1646 a9b9b6717eca1082
1647 edc7a6180695e911
1648 677d10e742842e80
1649 bc86f42322edac87
1650 290532ab2456a726
1651 418513298b8f1ffb
1652 d37c292dcbaddc13
1653 c2c817b412129ff9
1654 2bc0caeb758b90e5
1655 c382b6846c9c7768
1656 333bb021f333f489
1657 6d52a418411aeb2a
1658 023716c29e9854be
1659 305bcefcf0892306
1660 25586cf2e1a689ce
1661 7a7c1932769debf1
1662 167e29df2767f755
1663 2c1bd3715d13f113
1664 d5eb84ceac5b3483
1665 5af2503c48fb31d1
1666 95e52f3ea2f329d8
1667 04b2954066ce6d82
1668 20dd6638ade72d9f
1669 33dff610170f518a
1670 e73f8d4b79bbac03
1671 7be9eaaf8d642890
1672 0559d7ce617af535
1673 0ef3916ff66e70ce
1674 67edb4806c51b663
1675 21f4a1109a5b9339
1676 66883fd35ecd489a
1677 c0f9a33eee928f69
1678 f1eb34259bf7229c
1679 4706f048216c21bb
1680 a61ffd8b17bfdc66
1681 bac1c4ef0db9eb04
1682 9e751d9f643e0a61
1683 52ca645b82bd1710
1684 9b442488079656dd
1685 5558367e05706f66
1686 74f026804cc4644b
1687 c1e7c003af711456
1688 25be49c80d54a298
1689 e5e516db5473fcc1
1690 33c17c0ec4fb9d2e
1691 f9b5ecdc8144f55b
1692 70abd40dc14711ea
1693 21c414e05eb88d5e
1694 3b81bb8feeaedd8a
1695 6cd0f1dcdfaedc32
1696 43d34188410d4dc8
1697 023f4e77ac78e618
1698 b3684c9397603616
1699 e40e30da5ffe507a
1700 8b3be26b77f5e4e6
1701 c1f67d92aaf3955f
1702 522829267ac1ba0b
1703 795c95fc0771334f
1704 5aafd418272a43b6
1705 c0e334f650905341
1706 a48b635b9b300241
1707 7c4c6dfe3a336042
1708 1bf38bba2e3d3506
1709 7f319b03fd510f77
1710 dbe6a2ab7d8fa626
1711 968044599a4918c5
1712 2129cd8814e7570e
1713 0b84c4e3ad0769d1
1714 59c4d8ccdff37d64
1715 66e14fb4387a4079
1716 c5cc99613c3319a9
1717 91fd1e6c3a81eeaa
1718 54cf92486b7b8de9
1719 7d8c48e5929f1552
1720 1562a2adaef0dfb7
1721 a310ea8a0405173e
1722 9a08bb32357ae46d
1723 5e023fd87897497b
1724 abf55f2aac50377f
1725 0f80661afa952e40
1726 56598669484a6f2e
1727 432edbd44d941cc2
1728 c27c7b44a4843a57
1729 a02783b21e0e71ac
1730 be1a3553e412686c
1731 ea50422f2eb8b295
1732 965d89c67f94cb3c
1733 e7152f4aac149291
1734 35d44068a16f6796
1735 bb8fdded1ab7fb33
1736 34cdb76efe003a42
1737 825c064f83f9dab3
1738 f4b68e2109bf0f29
1739 c6d8efe72a10fb58
1740 4fbe7c1f2a388cbf
1741 5a8b19c8b54d2a1d
1742 49c4ac24fad416ab
1743 24896bca937cda24
1744 b4e720f3d2985fed
1745 1bf37e7ef4c3bb47
1746 ca4e85e3e19b82d2
1747 19e85de8e31b2609
1748 7ae9f84b52eba63a
1749 ea075736ed31c1b3
1750 af9657f00ddb3ce2
1751 2a843e487d2b8b33
1752 b3388e11dd6f2d8b
1753 c1a0198dbab746b5
1754 7870cc1c929be4cd
1755 3cc1e5064900649a
1756 ac31ce5fc9f3668d
1757 d18a4122f94da10c
1758 1e577f685bb90595
1759 cb8cd8f88b55810e
1760 14b74f8b67a68c99
1761 b5b4454bbd900d1c
1762 2569eee8c2c57221
1763 3941a999b3cf2b4d
1764 25a10236493a6fe3
1765 76cc5c12b55c1d2b
1766 fc1b0ba03d15820b
1767 8257a69260b4d708
1768 beddb8e962c4e1c3
1769 4194b6f1a213fdea
1770 3a30b7f942e1d5ca
1771 c61ef88c62730c79
1772 446753bcd545194b
1773 9d5ef876f12961da
1774 30685c36ea285cff
1775 cd5d64e67306f2f1
1776 9db0b663c610d2f3
1777 fae4d8a205ac0d18
1778 2f1bb6d933ed10eb
1779 b364375930ab5d52
1780 122fc93f4a49164e
1781 ef2eb2ff58b9256a
1782 d6f173b071dfc259
1783 0bcafad39312dbce
1784 f91029e876a5f34e
1785 9d199fbd147f329a
1786 f9f4c4f24572a38f
1787 de97b53e502d87f5
1788 46dd1f67785f177a
1789 25ba83c3b91bfc11
1790 2c8c49e05132f3f2
1791 234d40b7bffba2d9
1792 c6f74893c5bf9630
1793 3c51e7352ec65d5a
1794 3ed604380db2978c
1795 b65da27a1273405e
1796 fe213fb8d23c5b25
1797 c76819859953c90e
1798 48c53aaa8ccc805f
1799 53f242d28e692cf6
1800 061d847cdae5dadb
1801 03c24b0bbaa1aa5e
1802 cc3fbc97fc1bfc14
1803 9f1f7590bf145510
1804 95f5bd5b917417c0
1805 3d789fe6b3473f85
1806 aaf9d74086966d98
1807 6f428dfac2a91f4b
1808 ac3798c6624fbda4
1809 989f3de4b7fd26bf
1810 d0a4b5f43dfec95d
1811 8f031a45b863005f
1812 a2c62d8fb474cf16
1813 856410e96ed4154b
1814 5b5632d38d91389e
1815 20d6034bf45b5493
1816 5d29668a519dbda2
1817 7cc0d865aafbc9e1
1818 05e6e4525b06d928
1819 0e45a83d7f098a5b
1820 68a412da80ca9ca4
1821 f909f0f434eb2b57
1822 275eb1d8aec7e0ba
1823 a78a7c5af7782120
1824 920e12082fe9413f
1825 45d261fa70f875a0
1826 464d66adb1224b47
1827 512a0e651de5ae0a
1828 886990e30e42fcfe
1829 b0e4a83b2e248fcf
1830 4f0ea039851d16e7
1831 4cede1945c7c72c4
1832 536879ace1362f7f
1833 fa029503d7bf80b8
1834 722f5d905193654d
1835 d45f85883b5ddb90
1836 208d1c438c4ea7b7
1837 7a3399514753ee04
1838 b887580f5191c1af
1839 f1af0ee3954687dc
1840 e11941d8936305ee
1841 abcbc0b2cf2111f0
1842 c7c7b9b812fda115
1843 547bd65647ba85bc
1844 b48d5f84900307c7
1845 f22f922c449e5bae
1846 4e8d35aa329162bb
1847 2893299926e5acea
1848 f5c5349ebd76117f
1849 576b1e1c9d6699b9
1850 ae6e83d1b46b542f
1851 bf691de28a294e14
1852 8968d53555ad83d2
1853 5ba042abd8e6c3a0
1854 0b3da7869bef2bf3
1855 c839ea3fa6f54884
1856 fc8fe4c192791117
1857 22bb28cef72018e2
1858 c030e09d4cad9b45
1859 95db81ea3a748824
1860 c2c314704ab52ab0
1861 5f9e6434ff19cfab
1862 137a9bf7b6c4ee15
1863 0968313d4a65386a
1864 eed501df9d9f194b
1865 5c65e2e6df6f373d
1866 a0196f9fef59632f
1867 dc6c44a232d8be64
1868 b0aa9f5a253a6cfa
1869 113ad9bcf92ea60b
1870 55f9cd5bbf6ef589
1871 4ac3e511a721b063
1872 bc7ffb7d2689f1e8
1873 316241dc34dfe908
1874 3a252b0caf2652f3
1875 e4f960b02164b941
1876 1ed35922e614e210
1877 2f7c40524a3a5aff
1878 a59e363676e0e1da
1879 193eecccf95e2611
1880 8b043aa196c9e6ea
1881 c145f49f4708731f
1882 993ab7d41996abf2
1883 78d9714e887d82d9
1884 bcb02535fe7379ec
1885 683ed12fd61c0c3b
1886 fd1a56b356f77398
1887 e2bb762ae09b93b5
1888 f3d803705a4e0608
1889 388a07645315bc8f
1890 040d1ec060cb60ca
1891 8fd52e2ae8330c59
1892 1f4e6c21d0570bd6
1893 c2bfa496c561d3bf
1894 bf848702e58d1a8b
1895 4bdeba4681cc14f1
1896 9e25a7270324160c
1897 f77af2a5b7ac481e
1898 ac5bfbc5a6787ac7
1899 798f751d96be94dc
1900 9cacb4b9c0d8b154
1901 1c6282674ae13bf3
1902 1c6e52db2678504f
1903 a0580271d97e19f8
1904 edff8bfe5d167837
1905 ec93be5c5565ba01
1906 c9b919df4bef8a14
1907 8a7a741e344b305b
1908 bfc1f425f0b4d392
1909 1f90e6054de32949
1910 028b843140917bde
1911 3f4f22255e34f9ff
1912 6ad14932e75faa37
1913 80f903d79ab7e414
1914 e70fa56f8f675a35
1915 ec7a17061ef4919a
1916 c2324b8bc2a5447d
1917 fddd208ecc11245b
1918 9421b2b4797ff0db
1919 d2e3a0d64ef44a9c
1920 1aaf78cd6e46810d
1921 176f9a10ec5d0826
1922 319405d2b6d2554d
1923 f8e01b4880d8d5aa
1924 d87b41dc904d9a3b
1925 047a3f945b570288
1926 5f5f2db90284ed21
1927 c43b98b3666d96e4
1928 372ebb3db87c76e1
1929 c1a05901fd00ce64
1930 bdf192c80c91ac36
1931 6264b5c6612948b9
1932 18b913bcf0cf5f59
1933 8a57b5f16afcd3be
1934 02c29baa69b073b0
1935 41cfdcefa42359a2
1936 51c2097c343ee995
1937 7c5d078f7847267a
1938 288b84d412a06740
1939 eabf079dcdf2f7a4
1940 624337e574073b5f
1941 51056a57f9f85fb2
1942 d224a418a5559889
1943 ea48a27426fb5dba
1944 ab9935399fcaebcf
1945 2200b8b126ac07e0
1946 2f9b2f0788615b9b
1947 ae5f985dfa3ec467
1948 82c8f4853ebddffd
1949 661fe9ffc747e452
1950 223bbb603ccf2707
1951 bca5538d42a345d4
1952 7c48a8cb75ef8d9c
1953 6e35c153e42bf11f
1954 b6db2163bfbdd18e
1955 45ed8f7812feb6e5
1956 666567ad5adb6938
1957 f6fa908e22d1a40b
1958 06dab803e71f78ec
1959 34920e54cf90de9e
1960 4f18b5808728050d
1961 f3e455b8c235748a
1962 98c277ce5fa16094
1963 7d52f7e7031c9feb
1964 749429aa317114c9
1965 ec96ea1304820e43
1966 81099daa4a1c4f61
1967 56a41fbd46b1d92b
1968 23b091ad3d741a1d
1969 cd1b19d6c52493c3
1970 5c750aaee2ed3d83
1971 084acad8c3cc8439
1972 3f349abce0fd7723
1973 740cea5d52cfb04a
1974 6140570e43e8fac2
1975 3072bba8535cec1a
1976 f7c04b3efd5ba2dc
1977 1be67f62e77bad78
1978 a10271926355c976
1979 fc0ea9367a1ab64c
1980 5535e56a970b058e
1981 321f07bc6024a91d
1982 9349c0dad3b8300b
1983 5b91176eaef526b5
1984 8042a0d8c39846ed
1985 cde51d2756d2aca1
1986 bb953562a361d97c
1987 5d7d77f6a2eb90ba
1988 effd772d200d77f2
1989 ad1f8c58df7603dc
1990 ff54d28b41f6d346
1991 0e3e308f87c86092
1992 ba0628a9b87591d5
1993 3f4f4d86afba30aa
1994 7058e48696c4d687
1995 9ba5858a2c2b294e
1996 1beef2f36494eb1a
1997 859e92ffbb481ca1
1998 166d3efe97cca0eb
1999 616e2d06619cad6d
2000 b040b091054eb779
2001 1c72f9ce2f74c449
2002 116ccd28160493c4
2003 7f4c15802a5bd7c7
2004 507869786dd0b0eb
2005 982b1bfe363b8763
2006 2aca3dedd4f688db
2007 c720036b33cb4adf
2008 59be148ff54df2bc
2009 4b66e154b6124587
2010 9a4e21141d703d56
2011 c20117f3974eb3fd
2012 80012d353586b4b7
2013 0d391d83c92f3c31
2014 30b3d11f094b31c4
2015 4503a60dfc5ec378
2016 fb5e8ea9e7375b88
2017 db45fe53713ea24f
2018 c43c9f206e530302
2019 4382324fb82efa55
2020 ea7fc5826556a820
2021 baab9b1c517b62ca
2022 97cf9f796ed33404
2023 bb0afa0443578d1b
2024 d70bd0030cccccf8
2025 5e75dcdcea401154
2026 1353e9f1029b11cc
2027 bd9d8a982cd5d32b
2028 e5c8cfde615584de
2029 8ead7a428a4ba8d5
2030 5696b74be04d343e
2031 cb5b3f4d8486b2db
2032 69b9501f19369188
2033 b960e271863d214b
2034 45699c6bc376441f
2035 3f629b38a8f3f421
2036 990858ea377d1ff6
2037 26218840b62152bf
2038 77cbcffb8b7f403a
2039 87e602ee92cdeb6e
2040 14cfcb471e2aef99
2041 1317cc810438a990
2042 2a8460237fa266a6
2043 f3168c37095accbf
2044 fbd51dd2f9c7e94a
2045 304d8c098ebfdd68
2046 102a85a28911c378
2047 77e971256346c302
2048 3f1f5877b7698541
2049 bfa2d4b13d3e024d
2050 3f6e13704bb247ea
2051 f5b001ddbd9cea91
2052 06dca61cdeef87b4
2053 397d1a645f7f66a3
2054 7e8faa70daa7ec94
2055 06e19494802a5f1a
2056 02b1ad467186c8a2
2057 3a8c0b2ff64a16f3
2058 2020d8c9cc70eaf3
2059 ca9fd7a31902c25b
2060 672c1789056ffd19
2061 b81caad5ad6e322c
2062 daa392dcda7edd68
2063 3616ec049b5b1233
2064 f6805be422b91274
2065 fa9f52805ce11fb9
2066 b717330859002f22
2067 e5b85fb57bf1bc3c
2068 daf244535fb6f791
2069 93265c49dd55d18e
2070 2915701913815f61
2071 4e69315161e42d8b
2072 632d09443b12062a
2073 a327439239fbda52
2074 cd773e14be89c4a8
2075 691068cf90bb30a8
2076 cb79474b2411c630
2077 ed019af83cfffa62
2078 bfeaedac76412516
2079 a1f9c2bf6347d72d
2080 76736522a52669e3
2081 f93a99e6361ae719
2082 cc80f58599889d9f
2083 2d8cae6feae13181
2084 30ad008a60935bce
2085 8fdc30e770858e3a
2086 e1b06842775da4aa
2087 c3e6f0d1caad3a7b
2088 f2912d688690c233
2089 d86e427b761da2df
2090 d096533312313e2f
2091 f23f2443c1f5b8a9
2092 6519f6c0e74665f7
2093 3e2437a653ac966d
2094 64420d45d42fc290
2095 8490529055f0a300
2096 2a1de66dc8cdaecd
2097 0bc9d067aa27ddbf
2098 1acc9592acb817f6
2099 f1f4662a4e5dc0e3
2100 30ac1f5ddf1c7710
2101 25cc3d3a17fa2cc7
2102 f49b7d422f3c9168
2103 ac29226dcdc6dd98
2104 62097ad337b48c56
2105 ceef361f3d2bea3a
2106 7c6f021597411e34
2107 a76dca055aad3c16
2108 8af0d12a1e18c1d8
2109 2e3b04cec8686b6a
2110 b334647c06370abe
2111 f82781448d28b68a
2112 cda03c5519868e1d
2113 5f7848128c290792
2114 fb8cea4b7d4db8d3
2115 add270429c860cd3
2116 37708a95124311f2
2117 8eb52778e7fc9de6
2118 0b91f2d74472e187
2119 66ca3de55cff6cb6
2120 fd7b818145918fa7
2121 a492a1673a3a679e
2122 45b39d6e5bdb40f3
2123 d72d98f031c1614b
2124 7a80f2ae29b5aede
2125 be05cb4a1cdaf590
2126 26d2216dbcaf02eb
2127 80fbb9546db198ff
2128 80b876762bcfb322
2129 d80cc48b2e1cb814
2130 7ad5f049bb2ba41b
2131 0b56dfca88445d26
2132 ce267a358d93853d
2133 3d8a2edbeb87cec0
2134 43395285191bb737
2135 96b571dec20eca12
2136 761a1a531a3f61f9
2137 d35415cd64c08e6c
2138 2b580a7987cefd13
2139 aa33ba36f6041a7e
2140 e7c962d7eba7bb7d
2141 79bac677be86ae60
2142 6d15e6384ec6c7bc
2143 3f92e8fbaacf13e2
2144 d65d33d0c83e6caa
2145 a837bb447e412544
2146 f2a618343aed5e9b
2147 c5eaf84d62fad8f6
2148 9e109032e8cdc28e
2149 dd6d7d217f501218
2150 e7f4aa3d487b000f
2151 65b7182a9043653a
2152 37a6856230e72389
2153 92553e2e1e63d7e7
2154 5c75b7270b0058c3
2155 0bc40df34187dbce
2156 f28c8382d67248ed
2157 4abc63413b1fe1f0
2158 2842a9def7e4ea37
2159 5a0d45ca01249812
2160 7dc337e2723e6191
2161 cee76b66264f357f
2162 0b6edd65950f18cb
2163 7acaf5062e84af06
2164 85de572e04b53b95
2165 d926173962097da8
2166 1dd0c405eeaec9e4
2167 4eb00244538791ea
2168 2cf901712458c779
2169 1e15574d760d008c
2170 a23f41cc41106ff3
2171 ad9aeae42f5cb915
2172 d52e000fff6089dd
2173 e630f0bd185f2f00
2174 57e7edc7728ba4a7
2175 d245e94657b09182
2176 412742f72cf509ca
2177 a9ae3aa186a9b1e4
2178 b8a057cafe5f997b
2179 c589709e74934d96
2180 710244643b0602c5
2181 25aa973c99e98f63
2182 9dfac7f1145d766f
2183 09577f410cd89f5a
2184 5c3a2ce4799d4d69
2185 ce2816d641db71bc
2186 182a4b1593c31f58
2187 56584400e9999e6e
2188 7a5c624e7e9bb5cd
2189 002b6b3e8b340890
2190 3bd8768f7efc1197
2191 3f0a95a340f1f459
2192 8774f76c08bd6471
2193 e22a43eb20580254
2194 14206dbadf4eb0ab
2195 e4ca8c504486bd26
2196 8d022df76d7c7575
2197 695563803b26d148
2198 b4c01ffc11e5501f
2199 cefbfd7460a223d1
2200 d5a6b38a992b02d9
2201 49db8551af4d32ac
2202 483d85e5ef9c51d3
2203 71d803698d77d83e
2204 d61eac29553984b6
2205 09f694b12ff52aa0
2206 f532d2b1fa10b087
2207 4e3a84b694f5a2a2
2208 4899904ab8a89361
2209 0a5fea533c32692f
2210 2b2092d35eb1f35b
2211 f93e178433aa9c36
2212 a47413bcc1c43c25
2213 c7dd6db25c301e58
2214 23b31a710670d2d4
2215 1621b8fc3d43fafa
2216 e376c17188d55d49
2217 c9f5c03df9f2b25c
2218 6f5d1cfd41961883
2219 9d954d60573202c5
2220 d528fce7400f06ad
2221 a5644e90ca06d130
2222 0f5301d70a5e99f7
2223 192d076b4595fd52
2224 ff072e0bed04f83a
2225 597b3932c4aef874
2226 fedc433f3a188a8b
2227 e7e1356b565f3246
2228 67da161540f8e455
2229 ede42e0c888db3e8
2230 1332932dbdc34fff
2231 7ecb58dd5bc3fdaa
2232 1a25172b020f3092
2233 cc0d9f6a228ac6cc
2234 da587bd39a4334b3
2235 c32fb355cc567ade
2236 7d33bfcf7a48829d
2237 2a805d9e54a582ab
2238 68f307736f05b667
2239 ed63b2332e949842
2240 975e8649396d6141
2241 54964727f6f0d5a4
2242 abe156c8530f79a0
2243 310c85f5566e82d6
2244 9a4f819a18c77e85
2245 1ad9fafbffbd5df8
2246 17bc34831cb7502f
2247 7f3fd516c5e9dac1
2248 cef602b7c0d3fd29
2249 b37fa86c35ba727c
2250 3b79704046824ae3
2251 3b73f033a997752e
2252 63c607d0821208a6
2253 ba4f276e88f261d0
2254 a9f52d3265ccd857
2255 96b0b1c66ab43172
2256 73bce75099ca1331
2257 c703492119cade5f
2258 b97be9742e8e046b
2259 2d88a946628ad466
2260 3b4ebc7745abfc35
2261 c6aba34ef38a8c88
2262 36e390a46227f5df
2263 10060f09c1d482ca
2264 8a0d13690135c799
2265 5da64840285c7397
2266 df03ec894103bfe8
2267 183a92a4e3946bf5
2268 bbc858c69816a68f
2269 64dea2aaaae59d82
2270 680d938c9942f93d
2271 f3f9c7860f2b2c98
2272 78f66d668bad80f3
2273 fd1e31099048e0cd
2274 cda1057dea99927a
2275 fb0bdb52ad19a777
2276 8d3f0afbc6990bcc
2277 807f5bc4a868963a
2278 c03f80564bc35c8d
2279 26f5c0814e737eb8
2280 b49a59d84330a7a3
2281 b1627e9f413033a6
2282 628b06725ad83218
2283 40886349e413647e
2284 461e5fb91d236578
2285 3982c3f57956626c
2286 b295e31c03c91b48
2287 2ffedb0d2f240d98
2288 922a9ca9eb54d9ae
2289 7214c0cdf8b20eba
2290 5585f7110d383029
2291 ab830dc1a23a845a
2292 2d4721d916cbdea9
2293 a3aa258a01c0e486
2294 bb6f7b97edae2524
2295 6ab8433e336577ef
2296 659e00190019a914
2297 a8b74e29373acf35
2298 0e455912ad0b107b
2299 1f253c07f3bd64f4
2300 39b4f614ba183f93
2301 617150196ba0b975
2302 144321efeb99e916
2303 c1cb8c093757ae87
2304 3ba94fb48ef85aa5
2305 2b83e19bf8fba97f
2306 1495220972aa62bd
2307 228dae7ca2a2440b
2308 196c8806a536856d
2309 22e945766c340d1d
2310 b8f0d6dc0e65d42f
2311 5e561d327e03a5b1
2312 5c26b28e1c1dd7ee
2313 7faf28db45d9d0c5
2314 1c38af10e03b07d9
2315 96b0b0d3d2244d60
2316 baa5beed7ded428d
2317 9fcb1be228371202
2318 a0c2709561bb4a6c
2319 0f484e87daa36b11
2320 f57b526b6bf69ca8
2321 c5edf01d5294aa6e
2322 6d9b202ab2eb8fcf
2323 62bbd78345acfcf4
2324 7b8b432d04d15aae
2325 8a61ad7c0a9f237f
2326 1ad2c26bbcddbeac
2327 4c4420d0a297c815
2328 d82830b5a203a5a2
2329 6f4b616b158064e3
2330 c275b3ef3552c47f
2331 beb749e5ec60313e
2332 4bc9f6e0441d9391
2333 994f2d0eb88a9491
2334 6c4c5f0f55c5ed14
2335 53f299e08725f04d
2336 709ebe68b2ee81dc
2337 020a26db313e5769
2338 f7e4fa0e3164d9eb
2339 6699957299d2bc5a
2340 229e7f96e3aa4713
2341 d8785b42c0448143
2342 59a2252de790e5cb
2343 a48cb92baab5e932
2344 7fbd789af61e82a4
2345 a475a64f546235c5
2346 c9cdbb8a3970bc30
2347 b76d7e0c6eab1e9f
2348 4d783b7b9d85276d
2349 7341ac10847591a6
2350 0b3c9f373335bdd4
2351 5874452171e67b81
2352 a7866d6dd48f625e
2353 842d98410a6cc083
2354 d7f7725fc6f397cc
2355 23a9e6fe8df269d6
2356 d417588267085f9d
2357 fce9b98d424e5d2c
2358 e2f6eba286c632cb
2359 742c5279ac40dcca
2360 bb415133511286ee
2361 d40f6ffed61768bb
2362 cba0ac8d0cf3d46a
2363 ca6da5b5df0a2ab7
2364 f2c455759793c355
2365 8f93d83ef8085c55
2366 eb527560f9c2e8f1
2367 f3b1a8878ce49215
2368 7e9d31634633e6cc
2369 7ab2f3aeb2f230c7
2370 91128a12c9e17a35
2371 4c14494a473a18c1
2372 e439205a8d2689b4
2373 bd6d19871756fc04
2374 a34176af3aa8aac1
2375 3d7ad4f16028ed98
2376 2002e4c523139961
2377 379d760572f4c539
2378 7fbeff82b5090643
2379 a4e266a41f6a6657
2380 e4d7896ddc44dad8
2381 63434b8107c332ae
2382 9fe2468fc71fc19e
2383 40662effc165659c
2384 e424a4b02634735f
2385 7bda08b4c3b435d6
2386 f4101655f20fe218
2387 639e448dcee8e997
2388 f2022bfc2381f32d
2389 04244fa0b711b83b
2390 df51bca0d4d3a9e5
2391 e3763c6904cac1c1
2392 515e0be80ef10c71
2393 fb2e52280c37a9f0
2394 a96232ced326ff68
2395 0800b01b3569d8cc
2396 5d4d9c00d20f7949
2397 82640f218f3f5e0c
2398 661d33fc6c8d8f68
2399 648cd799f612412f
2400 3b123d860e5a73b0
2401 e0f515fb89283ed9
2402 6a905b9b0113614d
2403 db1ebb4f5a60b0d0
2404 661a196709c1d3bb
2405 f98984ece6951440
2406 36acfce5bd5583b4
2407 c6f9607458c83174
2408 2cf95d0e6b44cffd
2409 c9aa40b77a0033a2
2410 e2a7181e1a78fd0e
2411 1aca111cab0f3a43
2412 307e0f23693a7fb9
2413 e142998493dde2d8
2414 9b9d37d19d05a6e1
2415 0fe860ba9f50f3b8
2416 44e99e11302a5903
2417 17e350bf04cd7025
2418 95b92471a772dc1c
2419 8fd8ce603536d7bc
2420 8a6235ce1ab33411
2421 02382d8546a03ccb
2422 de01ca343e10534c
2423 02b11fa05b160e6f
2424 280774080af14a44
2425 6f8f12645d8507bf
2426 46b5f51ccfcc5bf9
2427 54668f01d8373c60
2428 2eb313d95d492d3d
2429 6617edb427680a80
2430 550adf94eb2a8838
2431 5aa6a405d8176f96
2432 df27f5a70685f611
2433 44c4151b06c076c9
2434 14d004f95d71c316
2435 69c8b4dbe9292429
2436 fd4bdd493ee27cce
2437 291d3104b13a88cd
2438 8cecf03e4671c7e1
2439 cb00afb6f7beab37
2440 c2274d887417b3db
2441 4b8e0ca069a24a79
2442 cb1abc463c207eff
2443 fafff431c89c1241
2444 0ac264477033d0eb
2445 47bbbbb49e2076fe
2446 3548bf4be56ac82d
2447 b28ab3781efb5f22
2448 c1816d94826b127a
2449 19e59f1ea984349c
2450 d677ccf709e8e4ee
2451 f9945ae3d4eb36e2
2452 52fba97540b71d00
2453 48b826f97f1732e8
2454 146dc16889feb381
2455 5ed14eac175f3a83
2456 6a37d468ee54d354
2457 b8c9396c200072d3
2458 66d575542faced2f
2459 af1b000d8381196b
2460 e792e9758eb16bca
2461 4ab172ad5e367314
2462 264d186ba9e802d4
2463 298033eed7ea86ca
2464 9bddee64f3da8274
2465 246018b11139048e
2466 83ee95a2b6d91de6
2467 118c8f964970628f
2468 702aadfd2fe12828
2469 7b1f9ab7badb3d31
2470 415e350aef0c8b64
2471 3e0ecda3b35f2d55
2472 c04b7d8cbcecbd6c
2473 dbe46a2622d6d9a0
2474 6c28468d8928b95f
2475 567060bab43bc15e
2476 24af248c757be299
2477 f1ab74e2da2ff6aa
2478 a2252e64a93ae07d
2479 a584902e0e0243c1
2480 f097ccfc7be14127
2481 d3f7b9cb01ad910e
2482 12651d0c737af00a
2483 56f26da9a6da1697
2484 ae376acd11b2bc18
2485 afe351849229d0b4
2486 b4890d24ee58cb88
2487 a62460629c96bf13
2488 45027037163074ca
2489 8bedb767036b0d0e
2490 349deea403b60fc7
2491 c883215695640128
2492 942203dc4ef28805
2493 19653e4ace25cb78
2494 3ce4803fdca7b152
2495 9b5979b910c865cb
2496 f5027b4f11dc521d
2497 7b7825f53a7c42c0
2498 fbd997e3b81e33e2
2499 bfb1d545aa4d2f0f
2500 9e5cdd10039a1af9
2501 3d58b1a978e88260
2502 832fc74dee04dc9a
2503 5cd9d3a8055b072e
2504 23e43bd08b0ef0bc
2505 6862876fdf651e7e
2506 1f5f519e7e4c1aad
2507 e140f66b970fbbcd
2508 2fbc1da361bf5761
2509 0c80811e5e9ee2b3
2510 affccdd7dfdddb02
2511 02825f8aca3de61e
2512 26272da80ca839c1
2513 4cd3b82106d03460
2514 76bdf8fb71ec5e6d
2515 e4f9303276172b56
2516 cfbfe974118985a1
2517 c7da909f6ab7ee94
2518 9fbcabeea06948a4
2519 0032c886fc595c44
2520 794113e7d52fa46f
2521 61829a2ef3c5c44c
2522 f01ab522c8696492
2523 1561961eef95f1cc
2524 f343e1d62aa65ea4
2525 f2b3792f98c2611e
2526 927ae3c5bbd7f345
2527 854888da2a387c88
2528 13234044178418ed
2529 f22cb1e8301e9acb
2530 494e2614ef79118b
2531 170cdaf789d90813
2532 29ea786a16a86055
2533 2330779590936bd4
2534 9d36c477604d543d
2535 8348aaf07c10d39b
2536 802cfca00ada7fdb
2537 e0e2cc1b46d6db25
2538 900f743a9e557e92
2539 7b32e77dad315464
2540 91165488ac245a17
2541 b135e2e4ae9fa994
2542 029d76f618248dbd
2543 397ffbaeaf61a923
2544 6e6ea566a3dc6150
2545 47cdda3327d500cb
2546 3ac20518b3cf73bb
2547 a91dc1ae5de7d21a
2548 4cb7437adb25a1ca
2549 85b4dd93a9b8b81f
2550 370e10b22ffcd9ec
2551 430cba26f7a07734
2552 3b0befd93962c0d9
2553 d3041601a017b0b9
2554 71758948ab8ac852
2555 632b4a368c4fc1bc
2556 3458ff19f81f2cad
2557 6a3dd9bcfa6d9731
2558 e828df151714c234
2559 725f8dcb1fa4fdb5
2560 f3ec6f4f42fff2c1
2561 5c9fe3b13e75080d
2562 093669b4bee2c977
2563 f86f80be86cb904a
2564 b86d3671c021ef04
2565 174394ea4a82492c
2566 95daf9ec889b7f3d
2567 25dd9ef75ef8043d
2568 1820fe7f5964788d
2569 0f14b15fc42df478
2570 f243710101d02a7a
2571 ced272516c2e4541
2572 5149cc67eba0da6c
2573 efe65909248063f0
2574 02f60c85626ce408
2575 8a98cd0127ac3728
2576 247a867823f725e1
2577 7b4d62b54fb8b532
2578 159dde9c41984ba5
2579 72792e074b8afbc1
2580 a8670dd6adc21921
2581 dfaacbeb62c29b60
2582 aa150efda91dfe12
2583 5601a8897faec9d8
2584 c1f714eda0fb1f2d
2585 143493ecd0e3ec80
2586 bcce87ccf051b1ff
2587 c6db23df17c77d1e
2588 7175092fc2669d58
2589 05c78245847b5475
2590 44df88049c49147d
2591 389ccacb640e55cb
2592 b729521ad69944bd
2593 ff0d27097f21d393
2594 d7f2ea74fdef6af6
2595 d37a0fe9c0642bc4
2596 13f550005ab1ce7c
2597 7db7d0ee44cb2ec8
2598 32f57281811ea99e
2599 de8a8ce46089dc0b
2600 f3d57b53633b08f9
2601 e48500703788eed9
2602 6bc15ffe934a89e9
2603 b04feb624aa9c40a
2604 894c584e37b4b0a7
2605 1d59f973e4535e38
2606 5e845e6c03d56b2d
2607 77461f086b719ded
2608 f2fc31c8ef72792b
2609 182528ac6ffc8a63
2610 6f38083b3b5c7be6
2611 74cffddd16acd2b0
2612 5514929176f960cb
2613 96e6b086a0846ac7
2614 9ba590fa36c5638b
2615 e371a772dc94c09f
2616 fd8ca5b0142bef29
2617 2ff87b891d96bf13
2618 bdce658558ea2a6c
2619 ca32e6310ad52ae2
2620 36c723aac4df2a64
2621 122b31caf445faed
2622 5b692e464df9e083
2623 bdd94d8815a038a4
2624 e315b67b199ec42e
2625 65e205061970c819
2626 bd31ff59b6fbd18c
2627 d55fccc303361601
2628 f42b6c218dd41433
2629 36bed60d7b55e996
2630 db16fda2eaaea0d6
2631 82d8d05c056aa1e5
2632 8f9abf5f9f690f49
2633 a92d0f4673276bd7
2634 b1387dce47e27278
2635 cad7e38c2929ed9d
2636 6d145048afd69a8f
2637 7e193ca751678133
2638 725f6dd0eecb8cb3
2639 1701a55f96000d28
2640 eb2b35c54358606f
2641 a1659dc14eab8e8c
2642 fd5f6a11a24cea51
2643 dfc0401027fb06c4
2644 114d47f92035c2b5
2645 7877ca629e707224
2646 bcb43c4d03c023b6
2647 47c7ff9628e9da16
2648 784f9aa4330a321a
2649 eb777e1aece00ef8
2650 582da303358c7d4e
2651 47cb6ed28a48419b
2652 dd050f86c001abd1
2653 ba982ac6b949e3b7
2654 7a87ac50763163f9
2655 8915a3ce4d333ca3
2656 9b5038095133d33b
2657 eac3604c1e2301f5
2658 d0016eaf920ac3fd
2659 f091a90a187abd0a
2660 39df53119a26a4ab
2661 1320e54cadf32939
2662 b6e914c39052f7a2
2663 b72023d88e98d493
2664 655c7574440347cd
2665 4698018f0cf8ceec
2666 2d61fdf65a7c5f03
2667 49c60de25ef470c0
2668 cd39412580bd6190
2669 8e5257b8f1cc599a
2670 80b686f01808d44e
2671 fd0da2c5827916c9
2672 1c2fc498a4cee6d8
2673 496eb1fb242a381a
2674 44be362bcfe968ff
2675 2e84bb38b4cdc151
2676 50b0d52af645d4bc
2677 232fabddba0afded
2678 31a23effed140257
2679 d25368304fd023e5
2680 364abb0222c1772f
2681 79cd6e792c6ae0b7
2682 1e99b6ed72a048f3
2683 1f0b7243c702db2b
2684 1e46c6ce21c481f3
2685 5306f9ae7a1e4588
2686 76d8ec27d39093ba
2687 810f55c419f70ddc
2688 f16f047ba77f40ae
2689 e0b288888ba6c609
2690 ee93e1b5930c5724
2691 65c7bfce39cb1f10
2692 5ec7948b55855c0a
2693 afc6885abfdddcf3
2694 af45cbe7b20845df
2695 3bfcc2157b995716
2696 6eead82406952fd8
2697 b58f5c7b8176e6f2
2698 753c7a477b283915
2699 e47a9da090bcf675
2700 3e1dc54000ec57b3
2701 3dfbc72492fb26f5
2702 d361fbd9b6d674c0
2703 b1ccd174b4f8f93d
2704 36efba17f77cefbe
2705 dcf725333be00eff
2706 49a4af6074196721
2707 fcebc66611d33263
2708 0404df62be1dcb25
2709 6a2a7a25522c1740
2710 5e966808f80ca55a
2711 2cc6b9236683ac47
2712 7a3f8d4d5cbd9959
2713 f023350f4124949c
2714 faa706b1e886e777
2715 84b3f60ff2c7ca93
2716 996d05558345353b
2717 bd69c0ebb121ffa1
2718 5323472e47ad35cd
2719 f453e2e64d6a1225
2720 4a108797f5b886e3
2721 626d5fa90ef11a19
2722 d4c4f6ad90e2497d
2723 ba6e94530c39d808
2724 c6e22e8f899ba540
2725 8c2ea93101597d53
2726 fad51cb9c3af3103
2727 017181b923d998c5
2728 8e2500c419a8257d
2729 2cf4147fd24f9cdd
2730 198ba22443abf3c0
2731 c8a2b5019b183669
2732 d5ba848b76b30093
2733 7de01cd5659cfee4
2734 2aca88ff2ceb9920
2735 86a63f1d4ec2d576
2736 2262de1fbe97cbcf
2737 e87438c550f4e44b
2738 7d11530be6a3cd5f
2739 a18d661ea8b21b70
2740 050e8cf92add6b13
2741 c8f096de3ac52f25
2742 f9d03526adccc7c3
2743 b93558c8138f5767
2744 ca9035e9f7584eac
2745 f62a8e142d345256
2746 7716c689c9f0b9e1
2747 7ee82696c561440a
2748 a94f774238b3de7e
2749 4ba61505df19fa62
2750 9ecd80a7fc8a45f3
2751 87bea6ffff7cbbfd
2752 e54949d4546c66ee
2753 8ea361572d4128af
2754 31e7c37a901e45e5
2755 04f9a3a8387e6b86
2756 ad47e0e8cb4a3478
2757 7dd153d177374a9c
2758 67556bcc10793700
2759 f7b56bb0a7eb09b0
2760 8414f9c0f7abbc41
2761 9be850f35ca36a98
2762 9e36afac370f1816
2763 951d26aa187030a7
2764 8ec7d9fb1db9b74e
2765 210c365a42154be2
2766 73225fb10058fa43
2767 f7eaff1bdd116522
2768 e372732d136204ac
2769 6c7146b7bd8a1b3b
2770 6f52a46275b21024
2771 5462476be444bfe1
2772 bfa36bfe8c5b4848
2773 a8804fd29d0bbe51
2774 e227c9caf8921152
2775 7971a1456167aea4
2776 b46e106de3cb2d8d
2777 737af4c240993458
2778 f8f4c21517fb3227
2779 0160c03170f99aa5
2780 44e511483ccd3ef0
2781 f8c8c4dca9ed9a3e
2782 88f028f6db14a808
2783 cc4b70ccd20ea562
2784 cdf73c09d80c5c92
2785 b8366f3fcb0ce6f3
2786 21b456628d24e6fa
2787 79eb62d5d73b015b
2788 dce993b46d6b53a9
2789 ef13e995bfb97fef
2790 bca814a1a7d7055e
2791 220b769b4f391391
2792 c4de94b87cba2169
2793 ce9c947bf98a4871
2794 fd32de6b2cddd32c
2795 ca2ed7ebb0f678ee
2796 6eaa8f36fbb57679
2797 fa02adb849e6e9dd
2798 e0f6517ee539ce45
2799 7258474f5cb66cdd
2800 1416822ea424734f
2801 1dc11a148777041e
2802 a9331cc162fe2495
2803 5ef80c167776cf2c
2804 62dc6c29217234e2
2805 741a6f8f734a092d
2806 e82727c85e1d2afb
2807 678bc1eda634b384
2808 5ec0ecfa71bf2f67
2809 85bc77ad07da429e
2810 1366447e85118c79
2811 0d6495615b41426e
2812 d21a791154d282d0
2813 f674049bf7a9bd33
2814 d5ffda35f6991668
2815 2edd45bc324b0411
2816 ff690384f245fdac
2817 924dfbfb380c3594
2818 7e5dab46a9691b58
2819 17546781d376695f
2820 7bf9119b5eee1b3d
2821 70bf90e3a6eb09c9
2822 e6ff05f09f89e7cf
2823 74101969c6bfbac6
2824 7a6ab13ba48f36f2
2825 756b254f88eb4749
2826 16c60bac1576ac42
2827 c5da80ef8f837c61
2828 c09e1f9ff5ab2491
2829 b08f7efa201ae0d7
2830 d61de94bf3c2a4ac
2831 c94c2f34a327b418
2832 11415eb5eb69ded0
2833 2d13660fe3b2b6e6
2834 f40b7ca66b242bbc
2835 87c7eaa4d6230710
2836 933e89c29ab9af6a
2837 a193233af8170b86
2838 4f40c9e93873d58a
2839 7b152a1bba3d233c
2840 b20e84a52c0e68e6
2841 c62e827a6910dce4
2842 6a8ee3a436c55d8e
2843 69055798a22d97d5
2844 30f689f1e98559c1
2845 f71acf8339a60a3f
2846 57ff3e8a7e566885
2847 56dc98e595584b81
2848 2dc7e45e3b53bde3
2849 0ad06290bfd9516c
2850 5313951fa7338d6a
2851 52bfe7a75b42e346
2852 aa7255843d18e8c9
2853 18b69fc140382b10
2854 b95f481b0ef45fe2
2855 91dbdd9d9aab6706
2856 cb78c62f5641db53
2857 85cd0208090028a0
2858 71480d866cd3a6eb
2859 9a6dd84f6f85dcfd
2860 5d168810d84e4944
2861 653c78aef10840bc
2862 7a662d16b14ef196
2863 7b954195af38aef0
2864 563f607aabf87197
2865 1e4b728e9d54240f
2866 fe26de1213341177
2867 6df657badbbab5bc
2868 7cd904df9320a1c8
2869 95d1b1486a24f9a3
2870 9d92fbc0ae23b7eb
2871 fbfa2af198262d42
2872 6f8265c49a39b46b
2873 0b71be1af1161797
2874 3cbdba47acbeddeb
2875 a12d510ea6d42378
2876 378e8d148db0acae
2877 0280270964450132
2878 e0c44c7b7d3df29c
2879 28b563c18a376a66
2880 fed578c6295f38ea
2881 57c7b9dd9d72d87a
2882 7723da3c25141e53
2883 c0a9c06f35615151
2884 db45a243345cb475
2885 9092e926c80ac027
2886 89dcc1f8d4a14f14
2887 0d7ff4116c217d76
2888 5bd6dd74f250a9e9
2889 8d59d81251472bc2
2890 dd60b4d045afc2a2
2891 e09eb4d8610756a9
2892 0dbe457077440db6
2893 bea6f6f641a6c34a
2894 48205aede583e003
2895 dc15021df09efc13
2896 999915f380650624
2897 7f3e5fbb22a51da1
2898 8cc139750166bbe9
2899 ab38e76532b4d6a0
2900 1cb440aaace88969
2901 4d4f6d21a30fa1e6
2902 e9fd1fc1dc0f9adb
2903 4eaef5cbae30b3f3
2904 f8fc05e7ef63ee33
2905 049738e0dc6ed866
2906 944177f982de217b
2907 fbf9e1196a199fdd
2908 eb71281129d84914
2909 f85d1b920349cc1b
2910 f0adef07d84c8515
2911 43aa8fbe2fef699e
2912 384ebe6d6602455a
2913 d88f9aa438215cb5
2914 0b268bcea4f933e9
2915 64702e7f56f44974
2916 cbec775314c87069
2917 cad69ae19a7bd6ce
2918 42e449a9f6891a17
2919 a178341ca0287b1c
2920 6b6ea649b05b7d78
2921 adee3020895477a6
2922 953b486dde138bd0
2923 d0a223db991ba011
2924 45929fd3301523df
2925 c3f5156336f9e4d5
2926 9b6929986593696f
2927 8cdcb08a1dd45221
2928 0afe833384f0b7b2
2929 8fe5844ceeea2c03
2930 ee9f600db1f556fb
2931 b7ce666a2cc060ed
2932 7e87546d7597f5f1
2933 7ce5b1c4f530030c
2934 b2e5f2a0b8a82da4
2935 32a80e6c08b7c1cc
2936 68deb27a6d38d237
2937 3752db774864bd1c
2938 e171c9591565651a
2939 82ed34520eb192f9
2940 7a3db0491d28ace7
2941 b8b9a886927f9817
2942 b812e7e4311befc9
2943 6ddaff8df6487de8
2944 0c3a0d3a56fc8837
2945 6e15458de4d007dd
2946 5ad390c01dfd9625
2947 89e51504f94fbb71
2948 1a6a5add3e294c6f
2949 e31776a7d7487f8f
2950 9515c55ebb7422eb
2951 4660977491a8eb23
2952 11098db81c3236e3
2953 6e0a8959bf19f9ca
2954 47ce8cdddcf7a54e
2955 1c2fa4cbf736677d
2956 9557bb64c00e315c
2957 7f864563a1f5a2e1
2958 ef77f4dcc0592722
2959 b442b64950bbe9c7
2960 647129079f4a6330
2961 977e5b73f5f46517
2962 18e06f37fdaaea46
2963 0db44859706c620d
2964 9deafdc9733fadda
2965 5a655c5f8783b73f
2966 2922dd6d16ea3857
2967 7e9ed06ff05f96c8
2968 296f19f4a03b4c0b
2969 df2ed03bcc2d4281
2970 2bf92cf8318f5c40
2971 b432627a29ab8abf
2972 1d8b26b259d1d540
2973 9bf5786e52ae80ee
2974 7fb9b13f2f8f4846
2975 9461f832f7ad3174
2976 1514264dced24290
2977 7cfcd5449a3f52d4
2978 b69ffc087fb8c9c2
2979 429f7741d3b814ea
2980 8eeba2bf981d7ef0
2981 e9e6b26165de83b5
2982 f915423a1cb0ea8c
2983 729e62d292741e2c
2984 b2b097e6e6301c42
2985 f3a6e853d88594e4
2986 956bfcff12569e61
2987 3f095c4bda6e91ed
2988 f8813c2751a5a288
2989 9e1b38daa25e5208
2990 c34944dd716bce68
2991 eba7e185684475be
2992 5ede7ad9679e35f6
2993 52a3612784a373f8
2994 4b06f3981cca1a3a
2995 412ee5afbe1985e2
2996 a4e03bd205e4aa3d
2997 dd8b5a808173ac4a
2998 12bf29a30264b288
2999 e82a3b248fcfc2b1
3000 7d12ad30c6600ee8
3001 faf3216e347866d4
3002 6a427a4e489c85ad
3003 4f3091f0f3eeff61
3004 d448a91f3c730054
3005 50b1e900215286a1
3006 ba69c4fcd29d97c3
3007 adf730a4264cf573
3008 caa8d5ee00bb31d5
3009 50b804ac77abcd1f
3010 6ca20c06b4b2a04e
3011 fb69302833d3f8db
3012 15a0685d366269bb
3013 307bd0bc897e84e1
3014 63682271546ed7c0
3015 9190fce5b51bed7b
3016 b06c153d2bbdff9f
3017 ae9b6d6400aba0f0
3018 a7ee98818dfe1804
3019 8c30af5e7261543a
3020 680bff4cdf761cf1
3021 53f09fb4b6f1e0dc
3022 d2652dd31b9b82ff
3023 ec5c67c520f40ab0
3024 17a421ca7337d983
3025 3dbb5b8373478a43
3026 55583d4e22b0a1ee
3027 777d228da5c5a874
3028 cf1d244909c7ab5a
3029 8b4b8d276f045b2d
3030 73577f1497123d52
3031 28e317f3dd91fb7e
3032 9cc6a21a229b7866
3033 93ee15fd8ddceb23
3034 f1f46419befd9f30
3035 715fd6b472736859
3036 aa2563a2e31be939
3037 6e4bbd1425d1ab1e
3038 2a1f2bb16981e79b
3039 32873902869e395d
3040 43166823d5408735
3041 993a63eee4ee1f2b
3042 8ba3272d6ebfd251
3043 fd389665a896fc9e
3044 3247eac650d6ec24
3045 188ff9684ec15919
3046 e59fb75cc73ffaad
3047 5f303b32f9848d4f
3048 658c4d91922a7b19
3049 6a4e012d7eedbf7f
3050 08bc80ec024d8123
3051 7ac76360c5a5477f
3052 f40e582aa59b33ca
3053 e5b55f2accdafe32
3054 0d7fb2736c040858
3055 78630955bda193c7
3056 0077d0a204065026
3057 8b4fa856ce08c2fc
3058 3ccefd1ccf64a835
3059 9fd71382e74caa14
3060 9d876914ea47bf3c
3061 ba8b09dd30a4fdf5
3062 4c63bcc7269b3b18
3063 d74f4b826baa7c30
3064 f2318bceb5e11f1e
3065 30b3a2e16c4ed6b6
3066 97e741ee409c2361
3067 72df4ae5a81d4f52
3068 c584392d4b1fc01a
3069 cbbd6cc603f89a18
3070 d6cb8927fba630c3
3071 e7d3351c2db29311
3072 14108bee56ed4398
3073 6a90c373aec07360
3074 8a5624fd8a0e8e39
3075 d5597439cffc5823
3076 7d818e0b726efeb8
3077 7bc993125909db07
3078 27aa56a659d0752e
3079 12e2ac16385c8690
3080 cd678ec242a483fe
3081 eb0df6f06052c2b7
3082 f02bab18b06b8926
3083 65e7a6318896333a
3084 7a1e3c18de764587
3085 9c528d09ca98d079
3086 506667919ea4c5bd
3087 f40e85be91717626
3088 bcaeb32b0d4a80eb
3089 e4f71f0fd16e62ff
3090 a2b77e23f91855e6
3091 1a21ebe711463b51
3092 3ebae238e857eb5c
3093 56594f5a64c34ee5
3094 ce36e64c69c7462c
3095 74330404997197f9
3096 d4c4997f6d029c2e
3097 54876486b34e1615
3098 baa7ed7e91141de8
3099 2f83c0775b153094
3100 a2f73e659722d8c2
3101 8797ad6062651d11
3102 a2d3a0ad83471f12
3103 1b192135df0dc3a1
3104 1bca302209991f81
3105 d5fd8b3e3c3b6284
3106 1734b8c2c482401a
3107 fcbf36b7a27145f5
3108 4e8f7b08bda36721
3109 5cf609b17988737b
3110 946e6b9368bac10f
3111 3689b8085d776ec9
3112 91a449463d090b50
3113 bad437505a775a25
3114 da7c373463cb5d3d
3115 de6c07453d1bf74f
3116 bed96193dae722ad
3117 16fe5c6b8869c734
3118 57ad1298e291f133
3119 46e7fe8f45453c49
3120 897df4fe03f6fdfa
3121 7037aab798dd9ed8
3122 efd7c3db324fbda9
3123 f474536f07dc16cd
3124 c107915fe22cea61
3125 203c8b6686299f45
3126 6dde3cbcdbd53d07
3127 cf453f89101ea74e
3128 d9695dbe4dffee12
3129 1810bb6ce36de98c
3130 5a59b548d36494f8
3131 da1b3f393401aea0
3132 648be7e5f8472842
3133 bf78ac8f7a13ac20
3134 474868e32b8be506
3135 01466183f965a176
3136 52a12b71793c8189
3137 392bf5b07216af94
3138 b498fcf909874be3
3139 fd32b0e8f94d9ae3
3140 9e533d8a9f7ca5f6
3141 d82c9af09fda9ab2
3142 15eb33abdd9b7300
3143 c6f0ce666876979f
3144 8e446ca41a7fb4fa
3145 7c900a408bfafde9
3146 af818e2e0e1d7dbb
3147 246df2e9e2c23279
3148 c9fe147d9af65426
3149 b17fc85dc10be450
3150 04ab5369ec2e364d
3151 2fd56d0622081646
3152 f71bb897d52fd57d
3153 595cbea700cd8c1c
3154 d096f0cf708cd9d1
3155 886f3f44d166f187
3156 f4448bf66b82d5d5
3157 dffcc79a0e0070d0
3158 59849dcf3f702487
3159 3a3ae5d9d75ed720
3160 c9eced288e0c8bc1
3161 509ecc666f9f30d8
3162 b281edda9b715411
3163 a552a555ed7b9470
3164 b0d91f5576b493e1
3165 8e5bdc47b1b86fb1
3166 e66fa95457ddedae
3167 fd75a80faaf30cf2
3168 d3a59b5bee87c82c
3169 96cb76223fd4f88f
3170 f94994382d6f3f0f
3171 3c324932ee4806c2
3172 24ed9612a07bfc44
3173 36cf78a421697085
3174 6d644113944fb2eb
3175 ad6c466824528916
3176 d1ba82e9ca4c1b54
3177 b711bac26f9fc856
3178 f162ac88fc80bc7f
3179 cce90c658d77ecf5
3180 3b2778775f533467
3181 7e7ce374acd7f7d1
3182 e233cec75d387d15
3183 0d95501664d878c5
3184 1a2babcb5ad23455
3185 9e07db21995b8b3f
3186 e78163c60350993b
3187 083970092c013812
3188 401faefed270f0f7
3189 682f5d49d6623634
3190 418f737ab215fe23
3191 343b32e31f5ae2b3
3192 1eb74cd24a469702
3193 b3ec219a94ad7010
3194 320887fb85444070
3195 d3d40f8bbaad13ea
3196 34e2420fef7754ce
3197 e00b804c48548311
3198 a5f1255de972a4c0
3199 d999372b308eeb50
3200 1bbeeba22cb307d4
3201 57a8b131bc1bae24
3202 9dd69b0ca95f2195
3203 0612a86659e3b4ed
3204 9f0de98726b0e6d1
3205 40ab9a6e4beebd7d
3206 435be16ac1dbe5c0
3207 597f9b307ff6d9eb
3208 304d00085216ba36
3209 122001683f9b8cb0
3210 b249d2fc690910ec
3211 3411a0aed47e6cf6
3212 09349203a809f736
3213 31737edf21ada3ff
3214 b4e6f9922b0fb8aa
3215 958db5006b001a60
3216 dde13d3f45ed7916
3217 4de6342b08b422ca
3218 25c6505e7f7963d1
3219 5ac331ad663fe514
3220 f3d7800d5e4423d2
PROBE 3220 D0=00000008 D1=000000ba A0=00ff2ffa A6=00ffba00 RET 00ff02dc
3221 47bc59d80a125937
PROBE 3221 D0=00000860 D1=000000ba A0=00ff2ffc A6=00ffba00 RET 00ff02dc
3222 c6a2473b4ba77f01
PROBE 3222 D0=00000860 D1=000000ba A0=00ff2ffe A6=00ffba00 RET 00ff02dc
3223 25a23234e8e57acf
PROBE 3223 D0=0000083c D1=000000ba A0=00ff3000 A6=00ffba00 RET 00ff02dc
3224 8d7a9962161c4fe4
PROBE 3224 D0=0000083c D1=000000ba A0=00ff3002 A6=00ffba00 RET 00ff02dc
3225 ec2c157e73f3040c
3226 1074c228a3e7a57c
3227 4a0b08431a477de8
3228 f0cd6f6bb04f7046
3229 62f06b6c2b6f8abf
3230 fa492cc2d77fc205
3231 1f953d28c9a98683
3232 ba7c46c3094057d1
3233 1a3ebd43c04f324b
3234 8d4e4ca63b0805b5
3235 9ea7fab51925f094
3236 72e92c97570b8348
3237 368f1ac91f536893
3238 ffe2b2b14c1905a0
3239 82636944b8a5d86e
3240 da9e680a7f1dce79
3241 db089b622ac7874f
3242 bf105a5a921d0b85
3243 e01527b2c0d14495
3244 16c3e81bf4d8b2aa
3245 78a1e2205fc9f9a8
3246 5664fce2ee99aab7
3247 e21280d461e86cad
3248 48f381b5c9e1c462
3249 d2de31fc7410348f
3250 90f92b9327fa1c4d
3251 79f69b730bbcf4db
3252 3793d5b3676a3879
3253 d56f661675a24f71
3254 db81176a30bdf5d3
3255 9d83197f469c3734
3256 d9ce55637897dcb2
3257 690058743ce739ae
3258 4fceddd86dd65b35
3259 783170d3481f9269
3260 19a406535ebaf6eb
3261 afb665b72a29d27d
3262 167aefda10a09d89
3263 4bd47311b2fd8797
3264 7395ebbf778b87af
3265 5d59533764ec68ea
3266 cddf08be826432cc
3267 c991a2762cf6a2e7
3268 6767586922c42520
3269 cf57532ab8caa612
3270 fcea8e34faf44ccb
3271 57b7c78ce4511b5d
3272 e4d57ce898205d2f
3273 47f35a092720f360
3274 7308d66134c4b6db
3275 63594d484b206841
3276 b44bcf1a70f1c368
3277 1a9cf0b8afa338e8
3278 c5dac7266b5ef0b0
3279 0d4d3d5e364bf162
3280 f775dbf032eedc67
3281 ecf692449223d769
3282 eeda5ac4190d4d68
3283 2439a79cf5115d5f
3284 9b663aacf5a8a023
3285 acdf64f8d6f77238
3286 c059b4c4393d7b5b
3287 5307c18acf1c0b08
3288 98e9e4b2178ef2d1
3289 de8dd8fa5b657aad
3290 ccd0fa3981588f33
3291 4bdda54ecbcedf5a
3292 8735c396ad404a1f
3293 1887bdea67b5ed8c
3294 fb54a496bb259014
3295 ef6284061126d941
3296 a22f07f97112541b
3297 083087985e8dc879
3298 c079daa2945f750c
3299 973753e5fc48cb7f
3300 b9b3449cef7e49ea
3301 5a3a8ebfc71b0ef5
3302 3c7aa6718db7a479
3303 c67dbfc557be79a2
3304 4137fcdd101c4e1d
3305 f919fbc82f2a2fb4
3306 98023a3d8cf3d473
3307 dfa6aa82e2d587a6
3308 0b8e96020903ce81
3309 0561e45e9ffe25a4
3310 7c0c70853817a8c4
3311 edbe0af0c2efc047
3312 c57628d73c7af03c
3313 e4ca096baf415c8f
3314 3cb3f07299a5568f
3315 2ee6d458b0fc5158
3316 a758ef95f1189b2d
3317 554d21135f69e3ad
3318 b144f98a09e36070
3319 9fcc7baaa60cc881
3320 8baa20a4555fefe9
3321 ec2164b3bee0fe1a
3322 a168eccbb279e94f
3323 057f4bb1ea14b186
3324 52e378757374ba2e
3325 42f9c21e58f3a568
3326 8f754fe033f45891
3327 62bced9c432e95af
3328 504bf25b3e690325
3329 bd215071b54a1b18
3330 716ffb64cb3a7067
3331 f60dd9c66a3b51b4
3332 7b10827328f124cc
3333 3566f92a9c71c299
3334 03a81a14f99f9364
3335 b140d0e98655a6e4
3336 d109544bcf88103c
3337 33b7e9da65b6379c
3338 3d88b630ea0a492a
3339 24dce3c1b9d4c63f
3340 b39b0e33650a0314
3341 69167ce3a6a03a74
3342 301eb18ea94308f3
3343 f4178a22541bc9f0
3344 471154282c5160a9
3345 03b8d9b1de9586ab
3346 1903671cd4561977
3347 55e7088837434932
3348 45b8dbe743f177fb
3349 2a4e2ea0eb254637
3350 79c378a46a20459e
3351 5319c7a43e1f8606
3352 179a42415626abce
3353 b1130637e6193339
3354 ed33dc43e5030d25
3355 34695a6199e51793
3356 17a416c94a9e0b90
3357 7b4b15151db02457
3358 953f588864d5cea3
3359 51fa3bb9cb5b1bf9
3360 ff4d4713e8716225
3361 36acbee388c8cdf8
3362 25f27155509388db
3363 2dd67bd10c1e0251
3364 15fc4b2f30769936
3365 957874712e9ba104
3366 9917c417fde05ef8
3367 19dcf788823f2364
3368 246e97503aebb9e7
3369 65057dbbe39530ae
3370 90d735ac0040b66b
3371 37932b7cd10fb98f
3372 d3fbdcddb61f72ed
3373 6135dc8d996797e2
3374 9d6dc53ab13715f0
3375 2569d953622b389f
3376 1cc3761efd1d1cd8
3377 fd081aa6dd63872c
3378 9589dc3b54f6f96c
3379 1d4d61ad10f60181
3380 37c4b5e4795fd6de
3381 e022c4be36810111
3382 53b7d94e6a339daf
3383 08f91a2057507032
3384 5ccea5e221471ea1
3385 dd26ff496d8a250d
3386 c5179ab3000233fc
3387 4e304595316117bd
3388 46e4e46594dacbf5
3389 eeaf6c04d1200bca
3390 6f16e96f99c5e9c7
3391 f393567a51394235
3392 ddca5a2246090bd4
3393 5e4b9c171f3c4508
3394 61a0ad2c9b02cbdc
3395 3fb872eba5268dca
3396 866a4eedcf5ed68e
3397 4a0dcd23d38d2aa9
3398 35cf5ab8963607e7
3399 1395d1bfce81b399
3400 49334bf557817316
3401 807a41f5ffa9f8d0
3402 6bfdd06a5bdd0344
3403 0fa422270736e9d6
3404 be118be0b2bd1512
3405 1373d79efdd20286
3406 e2048ae8d67d9522
3407 7d16122f990d93f5
3408 b0d753a205b76dd4
3409 e6607a9c784806e7
3410 fcbc8fbd77fc63f6
3411 b6905d9026c152a7
3412 a609094206dc018f
3413 3bb7f6d7ae667662
3414 c49aff23b69db81a
3415 dbd7694c636ec53b
3416 a4bd8bb22e1feed7
3417 18956618f6a0d96e
3418 7c5065e21deed261
3419 968b961a7f716efa
3420 72be75db894d990d
3421 e42dfcd9440d1b3c
3422 afc1004b9f939fd0
3423 688d32c5ab70b45f
3424 da5615a961ab17b3
3425 3c9a5b6ef6ccef89
3426 e3faec7b7a349e4c
3427 caa13ea778663aa0
3428 b21e38c0691296f7
3429 08b0e7f76f32b267
3430 9f2c72e68e46c5f4
3431 f03ebf00915dd99d
3432 40a7af47614d4ba9
3433 2e2cd3fcaaa86355
3434 ee33799f5ded4754
3435 622a706340d3ea17
3436 c9f9cd380d634014
3437 5b5becc8cbadab30
3438 d06b650eed12511a
3439 2912eb63db60534f
3440 22464bef4d1ae7e3
3441 6c41a502e0219310
3442 5bbd43f2d5fe7157
3443 5984de626b06a12c
3444 e22aded888d991ec
3445 f3fef897a4da219a
3446 d1c9822099e4d031
3447 c73c03456ad1b13b
3448 30e69be78963730d
3449 8cbb145aa421fd67
3450 63be30c7b5275182
3451 f643db14d2bc489d
3452 56d7c6aa8fbe7580
3453 889a422cca1a26a6
3454 98335af96b50ae38
3455 1516350e7d871c67
3456 a1f2c08237d23bcf
3457 4b8213ee6169c21d
3458 0da3d84f80e146a8
3459 b52ae2f25d19ed5a
3460 1523c1bba1e48e3f
3461 25119a1052cba971
3462 c09075563479ee12
3463 cceb7625a01c1b86
3464 805da0ef743c6d43
3465 455d7ef84ea500cb
3466 087687c42a33a8d5
3467 a33c7cd3f94198cc
3468 3eee5bc138be59ab
3469 ee2b88713548b377
3470 daa41e19ea84539f
3471 dc81cc807eec497c
3472 c9709a7455bbd6a9
3473 24890874e5ca9c1c
3474 3ed4ec275ec9cb31
3475 c014f701408a4cde
3476 7ea266a0dd913dab
3477 11d3c7a232393649
3478 1702a565a6d8b122
3479 cf806901fd26ae4e
3480 5333757e80b5bfb6
3481 1a2e2dc546e602ec
3482 5a0f9386a315b347
3483 401652f87b596648
3484 427b2f7866d6fa7c
3485 81c46c9ddce1b3a2
3486 de1ac3edc5ceb20f
3487 4ab8c5d4650293e5
3488 6649ba0230844fc1
3489 3ef560714df44c02
3490 35a4943d6bf40283
3491 52a1145d78df34c4
3492 85a6b95c2d9ed9e1
3493 81181558fc9838aa
3494 a2606ac11c308bd9
3495 0ea8dfdcf0da0862
3496 0e3fae75162b2c4d
3497 1360aa681fbd089a
3498 9d72e46031e8c18c
3499 efdd0f86bfbf5d46
3500 af1b951cb63f88be
3501 703c4b747313b95a
3502 d588247e97891d6f
3503 6eb71e69211a5ba9
3504 ecc5a06571ddb905
3505 ab8eae22b28026c4
3506 cc2c489d9e53ad4b
3507 a0b0ff28f7e071be
3508 9e1b7d8b7f216642
3509 6b5994d8b2d05e74
3510 8104f337ab079f8c
3511 b99c0bd1a7a35eaf
3512 b1f2d138c7d0c9aa
3513 6e50546cff1f31f1
3514 735d790a2783e073
3515 0f6e46cd77a96115
3516 b95406b7bff12ed8
3517 8640099fee51a3bc
3518 73606b7e38e00827
3519 378d3a26f0a246b1
3520 7d55257ccc11c423
3521 a25926276020c5bd
3522 6bfb5a164eab4bb4
3523 a9e4d80bfdd7d9fe
PROBE 3523 D0=00000008 D1=000000ba A0=00ff2ffa A6=00ffb900 RET 00ff02dc
3524 2a8580fdb400e432
PROBE 3524 D0=00000860 D1=000000ba A0=00ff2ffc A6=00ffb900 RET 00ff02dc
3525 3a27c9ea8636ff7d
PROBE 3525 D0=00000860 D1=000000ba A0=00ff2ffe A6=00ffb900 RET 00ff02dc
3526 36510dc2c5bb69c2
PROBE 3526 D0=0000083c D1=000000ba A0=00ff3000 A6=00ffb900 RET 00ff02dc
3527 2d32850a177479ac
PROBE 3527 D0=0000083c D1=000000ba A0=00ff3002 A6=00ffb900 RET 00ff02dc
3528 d4f89769325d852a
3529 f6d2ce0f6008538a
3530 9407f7bae8899b0c
3531 5154c52294e303ad
3532 cf7258606492ef40
3533 0019ff729f2f2500
3534 3194e7f0c155c9e2
3535 19bd28023571e68c
3536 b44d1dd84d174c37
3537 6533da2298b0b68c
3538 5682b05f5cbadbff
3539 c6f9e3152f6a435a
3540 8e727245f02fa237
3541 0ef59e50b6c9079d
3542 39f8c3e493148043
3543 c4601bc60aed670d
3544 a1d47bb10f8f5899
3545 1768ba412ec4fbb5
3546 ac420064425cf60f
3547 59c82377e2d83bcd
3548 b32e54a969419145
3549 5fdcadce24dff9fb
3550 e3c1ca1d643c32dd
3551 19fbcb8c9788a81c
3552 03a597070f3efb2e
3553 f3b371e78151ea50
3554 d508656cca8db6c6
3555 c7956d021b567b99
3556 1dc515b3a17d46cb
3557 5a975aa565f4b55d
3558 951c2d92b1dd25a2
3559 5e133189001df65c
3560 9e51dfc136b2455f
3561 3ce8055be065d94a
3562 0d391322f0f01666
3563 22d9e1ea325a74f3
3564 efce364d66630573
3565 e5fc560439d54310
3566 17bc7b5e0303f3ba
3567 826f374a525eafd9
3568 9bb6378dcb85ec16
3569 ea2e2c4c212d9029
3570 5623b9645bdb2ecc
3571 ca5cfca63d5051c9
3572 21c866ac5a1249ce
3573 2959855724eee905
3574 202d1ff5339b763f
3575 6d37b14e9639c7b8
3576 b138c4b47d2f5e65
3577 012bdae591b7ccec
3578 e5f5ba5efad9e59a
3579 79202cd0ac4445f5
3580 c756c85ed038846d
3581 50bc03380d830445
3582 d17c06adef1d29d0
3583 b3298f9d57e79a45
3584 6a1cab253dcea54e
3585 1e3f230931fa300e
3586 24544ffdb5ab1dc1
3587 e8cfea3103bc4dc2
3588 08dd7c613287ab33
3589 9be767b01da65a60
3590 b1d1ebbd6c960ab3
3591 97fed3b47f8da7dc
3592 41b7337d68ccccbd
3593 0bf7767bcb1684fc
3594 4668de6598acb974
3595 1e5838b109161e72
3596 c51c605878386cd9
3597 09ecfa39fe123811
3598 f5c6bcaced9260a6
3599 3fd691fa01cb0b96
3600 07dcfc3b20ab9503
3601 f44dcc0578d38ae8
3602 9fc9b85bf65ef5e2
3603 353abd5cac1d1458
3604 120a3c0d1e66c529
3605 41f9a7e27149a2d9
3606 72859efc455dc538
3607 a7ccdda7eaba9c8f
3608 c7e8462948796e32
3609 d9b343f1c2c9efe7
3610 c6d20e64797a9c02
3611 50b5fa29d556cece
3612 1f1740e925edeb38
3613 56bc7dd8c63f6874
3614 c7f25e26f7e0c28e
3615 e3d4f89e4d0c6d28
3616 cfe53d49a7f2c760
3617 630c89cb447ea677
3618 b972a08fa248a818
3619 45a93855b183339f
3620 cd17e28ee8231897
3621 a8c3bb9ee675b9a2
3622 88e05612f10214c3
3623 9d9c87a0ce9ff03d
3624 e67cdecded1acf15
3625 ad35b216990fc083
3626 a68a7bde03621aca
3627 bfb731758820aca9
3628 2d975b9805153846
3629 8de70671a4468dbe
3630 1a0c9560886d7048
3631 6c028094c1f62e72
3632 437f3957445be3e4
3633 fce0a25da5efa668
3634 9314393d0d589df3
3635 e51b3306db235a28
3636 b9f47d07f3c8bc4a
3637 ad2057e2d3f480fa
3638 097dd1af0e2a5529
3639 7cd5c50614a5482d
3640 1c79af0fba5d1df4
3641 b8095f948ded8588
3642 47da609b4739cad9
3643 82ec305d3db60b2c
3644 fcd0c089c26999e5
3645 255d0c2b0cb4923a
3646 d0cfaa3664f0670b
3647 1d679cb7ea923e96
3648 8ed6edf3e78b1759
3649 1ab6975f9299daa5
3650 8d5ec81e1ac2ef2a
3651 0f4a9ef8c6d2fbf4
3652 0bea63f53d3a04d7
3653 06e9b9e7891cca75
3654 dd5491610d576346
3655 75b8f657afec89c6
3656 6190649387aba25d
3657 51ed84e26b354cb3
3658 3380ab4d9b2dc8af
3659 dc96bd0bfb52710b
3660 901ea13181e51d1b
3661 f5e3a85e3bc24a87
3662 fb3034cd2a6f0da5
3663 d907c1f93aa6017d
3664 3405f4b3223d7690
3665 4c025a32a964a5f0
3666 aed7b5b525675d4d
3667 dbc3fb292b23cba1
3668 963163425b957bac
3669 0dcf5dd7a4ab0480
3670 a7115c6f164d68ea
3671 59dfb20e2c796d4a
3672 36e6edc7f40c7e37
3673 d78c77399ae0d9bc
3674 a4544603197c1357
3675 a0d84554fd289151
3676 68f7e6fd714f7957
3677 229618260096694b
3678 762df2d8efcefc9a
3679 510f96f44d1eab22
3680 f841849f5a5242ab
3681 9e9744c15de3d5d5
3682 a0f466431a8a0367
3683 d0c342ca675ee0e0
3684 6ee1ceb6a10a66b9
3685 a0b5f21fe56992c9
3686 0fc9999e96cbc998
3687 aa12dcbfdf6852f2
3688 ab3ede71cd7e76cb
3689 c2ed44cf95bd37af
3690 f1b722e77cf90560
3691 956c25a58d4babee
3692 836c5d67010df1fa
3693 d8c9b3355563c407
3694 695acf8d85ef1cd2
3695 8b8379b549edd731
3696 b4fdb1a9d0eb3c6f
3697 95e8f17b4c3db805
3698 80e441e895846a35
3699 ebc893aae1108218
3700 7cd65e0927e268c1
3701 dd7e9f921baeec9a
3702 ef7d6e1d7833a9cf
3703 337947e185c794ea
3704 0d454f5b58e2ce92
3705 867ff543a163d15c
3706 df8066a19587dbf8
3707 4d6c1fd190961f52
3708 fde7fdfd9c06d420
3709 21e1b1e25ce4ad2a
3710 a195ef9c1561e613
3711 64f0b15276ec2f8c
3712 d297f7e115b2e36d
3713 4d61109ac9c31959
3714 3f34605fe9348c11
3715 f627686702d1e376
3716 73ece8d608f87cbb
3717 3139c11fb1aa7f25
3718 3367496adae8abef
3719 d701a45fc943b58c
3720 e3a28d4868f73375
3721 bda9892777eb6750
3722 220813b55fb94a2b
3723 d02076665f39398a
3724 91e8806834f158b9
3725 41f53d646f3556af
3726 da46554d063cd993
3727 468e23b63f63d8ba
3728 b0d8318f4b2f6a40
3729 a04dcd2935bdbca3
3730 cd80fd7c52546f71
3731 0351dfa3f7a3fd5e
3732 53223c900d6dc163
3733 bebe532cc87a44ed
3734 6cfc03e81c8e3e0f
3735 314fa29d3a2bc8c4
3736 0ac16a4aeee1accc
3737 fd064270b4733db5
3738 9858e76cd25bf0c1
3739 666ed8464601d766
3740 96f0348aec16183a
3741 55feda6b8bad5a32
3742 137defd996cb8457
3743 d7923f5a809dfb9c
3744 f03100fd3f4cc873
3745 730b9606b6ab544c
3746 9ed8ff22fb1fb498
3747 4219f4377d6bb4e6
3748 2af77027eb0a5095
3749 c46a90e503e41ddb
3750 19f3d2c61404abd0
3751 b4a18484d19dca64
3752 f22138bf01683aa9
3753 19bcd620bc0c650d
3754 ac895af15616a7f5
3755 94fd9302df7eb1bd
3756 e8ec126943e672c6
3757 e90bd9469375cf86
3758 7f854f9465376122
3759 5fcd2f6334691acb
3760 1e09802281821d63
3761 767898ec7b3f8920
3762 c458c669f36c38f9
3763 595e7fe85ec9e616
3764 a5fdd507273d88ef
3765 3aaa35d7a838929a
3766 a7d0c09b02cdd7ef
3767 e3333b27c2d3386c
3768 0d74bb27332edce9
3769 2afe1c0f14b5519e
3770 ad71647df7a81eeb
3771 c4efccfbec99aacd
3772 abd31d066cad5c67
3773 7e8b5172a8e63887
3774 f8ec0d3c1c2e49c7
3775 f3e40788faec2313
3776 ce9f03d111d02463
3777 325a3ccda78c79a8
3778 c1d54ffe9e3352eb
3779 c3edf4513958c522
3780 5955654487252d9c
3781 656441211d843fc8
3782 aa3ef414854365b2
3783 fdebf73179ecb03b
3784 622f72b5234a10f5
3785 5d4857eaef07be5b
3786 d2c73af388a69bfb
3787 013bed4f98963a0e
3788 10e1281882cc8361
3789 55fc0c9e80444ad6
3790 32ae187b129589ae
3791 8a8248bb3aec2bdd
3792 11d9bf40387a427c
3793 c8ed246abe3ce58e
3794 0de59ae5458ed46f
3795 34817b81899bdd4d
3796 cbb6396cc61a0ef3
3797 7e53606d017278c6
3798 9993087fa8c247f2
3799 528ca4ab64c89086
3800 7bfce10db6722726
3801 0289a0aa844b8516
3802 167c06222c7c86c1
3803 ee859672e1f4b7b3
3804 3920a48cfe1acd65
3805 62c4a8e898bb0695
3806 edae960a9c260cf2
3807 2f6e713cb34049df
3808 c9a4657d489f006c
3809 56dd282d8a5e22bf
3810 142b9f1fcbc27481
3811 95274126537ac552
3812 c6b4f8f1fea03aab
3813 cb48067e8729c265
3814 e5cef47521e76966
3815 9f0191af55df4c91
3816 dc18dcc97f2d2307
3817 91cd5077916130e3
3818 1167cb38bb71c752
3819 cff0a212c88e9004
3820 cb4d42db574eb4b8
3821 82210dc391d9f21f
3822 208e4123b036985d
3823 ac17d25adb1320a2
3824 3f075209570be147
PROBE 3824 D0=00000008 D1=000000ba A0=00ff2ffa A6=00ffbb00 RET 00ff02dc
3825 18c7b4722ba9a7b1
PROBE 3825 D0=00000860 D1=000000ba A0=00ff2ffc A6=00ffbb00 RET 00ff02dc
3826 f0712f7ce61fd2cb
PROBE 3826 D0=00000860 D1=000000ba A0=00ff2ffe A6=00ffbb00 RET 00ff02dc
3827 9e851cee046653c8
PROBE 3827 D0=0000083c D1=000000ba A0=00ff3000 A6=00ffbb00 RET 00ff02dc
3828 1a0f0b3a69776c1e
PROBE 3828 D0=0000083c D1=000000ba A0=00ff3002 A6=00ffbb00 RET 00ff02dc
3829 060b94b53e4a208f
3830 2d570c1010876589
3831 be7bcf04a3043c6d
3832 d3faca2fa09d9c36
3833 2f0fc004bb43107b
3834 e46b1015616aed1c
3835 8b8fddce597194e6
3836 6c43c8656052ebe0
3837 717272280662f908
3838 40444997c7c670e5
3839 cf2571fa712bf3ce
3840 4e97cc2ea017a64b
3841 9dde60906a09e32d
3842 f092b7c0b09b5998
3843 c31634857bf7e042
3844 292b1c39c6b3c27e
3845 a01df6638880d3d7
3846 ca154487dc315f60
3847 0f909df2283359af
3848 220c1807e388be79
3849 8581d9d6e9d93cc5
3850 b13871a48313bc39
3851 c5d33cc5de46b1d8
3852 7254eb51be4130a2
3853 319ac1619a92f11b
3854 38217d3b80dbbe20
3855 0b989276b2be83df
3856 86fa47552b33c5af
3857 33a96f1cbaddb203
3858 199cd172d32013f7
3859 5bf743151bbf0ec0
3860 605544aa1680e577
3861 025323ba30ed598d
3862 dcd308914b1b7408
3863 5e8013363652f3eb
3864 262c1cb73a4dbc9b
3865 cde224ac7359905c
3866 b141bdd959aec9a7
3867 025c343e6bd1747e
3868 4715bdd3062cc636
3869 ffa242fb8f49994b
3870 72db14a8e8232ea4
3871 1be29d033c94458c
3872 2310179cb26c9c5a
3873 c6d96d05c5826ec8
3874 52501c01a91c88e3
3875 9a473430f81cd7ff
3876 9c73136fd30855c0
3877 64e2911830e6fa82
3878 be2ee5b19855998d
3879 0259e74c3959515e
3880 d4d8f47f443fe4a3
3881 b2c3a5dc45849a17
3882 ef2cc0848b0b2c8e
3883 3159b70ca51de2c6
3884 fd2dc9e4185fdd6c
3885 5280a78158c44a0e
3886 827b03b5c1b7df6c
3887 2ee97eb54344684a
3888 233eff321754f253
3889 ac51f8df82c1f732
3890 389041f777d0d090
3891 acd64a4935140252
3892 4804c7cf7d5c848b
3893 b48dcf86f09d8356
3894 0a514f24f81957c1
3895 1d3dcb8ccdad4d3f
3896 4928a93b3646081f
3897 2a7f045817766979
3898 3b1dc6ff443c0096
3899 b256aecc6b522de4
3900 34a2ca69a58a6876
3901 bc734c3fb29b66d1
3902 f3053dabed8ac727
3903 d4f16418fc38a6f3
3904 e9e26a5a4d1ef67b
3905 5e99c1001a76ea8b
3906 701c685db31da4fe
3907 973add836208fc74
3908 b2c0bc18d7fcc0b0
3909 997c4e70d03c57a7
3910 c31fe2c9d0cf00e6
3911 3af645e79a482b88
3912 03625e7126e3fec3
3913 934a814064e2ba4b
3914 16faa2aaf349a619
3915 62799fa20e04b96d
3916 ff53c2ebc1e333d4
3917 75d21c990a2e3422
3918 eb53106f845e81a3
3919 0e4ceaf5aaf515cf
3920 7c03fd9a617715a7
3921 f1905c5f42914b3b
3922 b0b5139294c46088
3923 f03697c6a424e49b
3924 55f9860b05e0d1f3
3925 0cb56672a3e73716
3926 49e64f6ced67b86d
3927 63b5d94a32e52663
3928 9834d8125009cf91
3929 2612063285959a2b
3930 0f990aaa06dffc9b
3931 f143d8e390d82282
3932 7946ae7e60ac6cce
3933 22680bda10e20356
3934 44c6542e42eda6f8
3935 315ad52fcacd0617
3936 9995a0be119a2d93
3937 bc1c956aca5e7728
3938 0c07756002b49571
3939 e8aa58d1871ac9aa
3940 de902bea4db6e88c
3941 81806bccd499e136
3942 1b2612f8f7030939
3943 51d7ad3ea6b717e8
3944 e09cf059fc722d10
3945 107c9c159256c318
3946 49399fbb52d15110
3947 3d8f3e5920c30708
3948 0d85b29305f7b6e9
3949 2fc7137fbfd5b8d3
3950 9e4a8f29575f83d2
3951 073b827cff1adf6c
3952 215895972f74d53d
3953 996ce20befbacec6
3954 79f3352e728715eb
3955 1cb718f720064f4e
3956 6d8c97850d6ae6f2
3957 2a456c6eb0bcd597
3958 64040eca4dc9819a
3959 d242d6dfb101a8b6
3960 5727a61eabb5eb97
3961 d1188c583abc9fd8
3962 6e990314ff812032
3963 7d97ea4993a21ec9
3964 e8d4ccfd382af239
3965 390c6e7c81cef215
3966 c68cecd53aba5add
3967 fe4ecbf875d439ba
3968 e138391bcae2afc7
3969 e5643168dea21d55
3970 bc222ac6f581197e
3971 632361200f82dff1
3972 d5d93dfc3b6c4770
3973 50b66b0adad22bff
3974 9f089c8038566316
3975 b34c9149f062c3ed
3976 46f8af93b66dc763
3977 dcc7ca448a506ddf
3978 1d8592fc91a9a142
3979 87625b707bae793f
3980 d86b7b92b2eaad70
3981 45689233b2a3de70
3982 5d671ddf29265858
3983 ed2641b279627782
3984 68cff99afa13477d
3985 34f1162e198ce0ca
3986 dba390544ee92f46
3987 56b42ad0715d7f93
3988 3263ba3d406f9110
3989 20ef3b4c5b28b36c
3990 a0d44d6d75d6ddcf
3991 84718a378e0eb79c
3992 fde7812ab5f7fe3c
3993 7e7b099b5ad9b017
3994 0034cd9dd2990951
3995 e0a7058d29b9735a
3996 03b7a8ffd5254714
3997 f7eccad6d7c3745a
3998 ada93922143e6234
3999 6a5e1322236c3b61
4000 f0b4051f214d1562
4001 82e1631d2ca9b304
4002 84282f0448b6af41
4003 07358796f5530bdb
4004 c06a5246906323c5
4005 a40af19e60bed336
4006 9b8785fe1bd748ce
4007 6ba67b1cc50bfc8d
4008 132a6fb131197ada
4009 dbca1d0142006a2a
4010 fcb9f294f574a0d0
4011 1cb36f1cb88ca439
4012 f82437a3acfd3b75
4013 1fddfb2902350675
4014 c589702a50215772
4015 142555238e4c255e
4016 60bb60fe14ed8912
4017 a84d7eb88b478ee1
4018 8bf8c1319f0a4b92
4019 1142e031cffa4822
4020 7178eeb7bfc4fac1
4021 323b4f9206d2f268
4022 5229d10256827c04
4023 cdcfff9248a19acc
4024 df5533b9df512af8
4025 b42258337d78fa50
4026 62211da3674f7dbc
4027 593e6325d4a3182b
4028 afabad24dc8046f0
4029 fb0ab68ec215aa0e
4030 218ee24f4280a0db
4031 5401830aaaba5c5e
4032 925e7b2df9a3a8d5
4033 5603527015224e9b
4034 1ddbba65eb42789d
4035 e02879789f195dc7
4036 e29a3030500e9972
4037 6f5fd5eca344f18c
4038 34d5bad71d57e451
4039 e20270904e19a936
4040 ffd6c0154c695228
4041 0fbba6c631da3687
4042 c1e586f870ec9161
4043 248a47f799cfa298
4044 2883290cc9a238a0
4045 2fcbf452d8c482e7
4046 df36cda4c5bd3896
4047 0f05686c669e4b08
4048 ee06d6f7fbb09f94
4049 703055bf136e9121
4050 58d45d5cf079b46d
4051 ed0993d18d9f845f
4052 6062007cb754f97c
4053 279893b10982d7f2
4054 d98ae4a77c86bb92
4055 1ca0e0460ef9531e
4056 38c134799cbf0c29
4057 06c97e4935c475b1
4058 50331a5f5164fe35
4059 d8fb964ddf70ccf1
4060 ba5df90165c91be6
4061 738c2c51c16a51d4
4062 1a6aa6cc22a347cb
4063 cdd2b7e9abc3a00a
4064 c69417f2d5332b36
4065 2ae9bb27c98b8425
4066 d82b279ee631c4c8
4067 97c1b11da9cff2dc
4068 468b2c2bc330a206
4069 ff16f45ae3af673f
4070 173ae372a5212ee2
4071 c99a7087086fef0f
4072 d4f12a88d10336ca
4073 ffa3d403b81cf284
4074 ec6ca7b18c954c9c
4075 bbeebe5b096f874c
4076 35a8620cb9fe7e2f
4077 8e064b00b18c7369
4078 c5ad77d56c2d4be7
4079 a41179105a94733f
4080 0b699137625c4c9f
4081 9dfd6cb0bc31b33a
4082 219a11334f23b590
4083 ac8ce4eced9bd597
4084 9f4a1d577966ee04
4085 45d4bc83d0d68b0d
4086 7dbb8822c22d619c
4087 b69556047b8f8229
4088 71719faf9e6d6caf
4089 959fbd939fc655cf
4090 f1191882c753f3c1
4091 60e112e2e5b59baf
4092 e80888203459e26e
4093 64e53a6bf69b857e
4094 f29a4ff33ca989d8
4095 feaceed491d37da9
4096 c92364d11c93328d
4097 9103679aa9245baa
4098 62f214c278154bf0
4099 b81461fb501a5b94
4100 b99f5f83039c205d
4101 694766d6c7ed9834
4102 988183f9d2e59717
4103 8a423abff89db61f
4104 26f8f3b634d4a607
4105 b91256d76191f5ed
4106 5bdb88ffc855f335
4107 3bc55546c4188244
4108 d9db5c0afc3461bc
4109 943a13a6437da71f
4110 32ad38713558d5b4
4111 526b6b8514de468b
4112 d2e3f4344b2be447
4113 098748d02b00ee1b
4114 32a1386468585f8c
4115 b3da05e585eabb38
4116 e4f7ffb7fd3006ad
4117 e6ab1b5841443f7b
4118 2a2183699a8feef9
4119 926155ce149267e1
4120 2c1c737aac1f9b54
4121 58657ef01187df96
4122 96ad30d22bce1cfc
4123 7c74250b208f7c73
4124 2235ccff2009898f
4125 6f865a99d68ce9d2
4126 01f54f6e7e368033
4127 c408b3a30ae04060
4128 bf3cf38caca74971
4129 5f45ca40ab5219dc
4130 e8bb4eb1e486e8d2
4131 750f98f29f19cc6b
4132 b0b807779cdd4215
4133 7abca7163370fd29
4134 40b5fcb56acee69e
4135 f6ebfaa3dbd06131
4136 877df09f52ff876e
4137 11930a702c774dc2
4138 4d935f03c21ff976
4139 9c6519f04fd2a9a5
4140 50bcab2febe425f2
4141 ed05da72e222a935
4142 2de0b3ad1e4bb8aa
4143 abeed7ff41f7dee4
4144 f66189d62e77e241
4145 4f5dc2ca3a9272c9
4146 636a95d73008edac
4147 6e943a9e762404b6
4148 0265fd632e756621
4149 72fc2dfd79bb6344
4150 dd3331ef34337264
4151 084e14bb2b4c1270
4152 8681175fbd9b7c52
4153 b6e76dbd26ebe5d9
4154 1a851e64b419e5dd
4155 7ef2ee103612598f
4156 7e3919ca96d835e4
4157 9173af025d9b0708
4158 1f7df87e5bf759d8
4159 4ee2c30a193cf28e
4160 8012cc596bd87bee
4161 ab720c0f99e26fc3
4162 d243e5f40a0d9e90
4163 670b32aa9beceeff
4164 e4eaef61ebf46a25
4165 69f54794c4e068e3
4166 f3cc4f30a9094033
4167 e534f9b7146e4fad
4168 7d2793c327cc2c78
4169 e3fdefa789681e16
4170 cfa74d0338bf9afd
4171 21372430e99e3a11
4172 8e30e6403dcd6b32
4173 d6311fe168247a74
4174 4fc209f70730baf8
4175 0be9b631896e42c6
4176 fba9ee584bbcb9af
4177 361e07795f3cae6b
4178 4f89a2f1e609b583
4179 23e4ebe9f509655f
4180 00e05c62fc114ba2
4181 ae0a065641c08c01
4182 60b052d726c5263e
4183 8c5802bfc39b3f87
4184 8d30da241af7c9ef
4185 e279114bd948db85
4186 b9da585bcaa480e7
4187 f2994e10a0d85dbb
4188 cd997da28c57f248
4189 1c17699d8571ccfc
4190 1f5985af67c81c91
4191 abf5918a8bb2c04e
4192 676bd57412b0edaa
4193 62298458f6805e8f
4194 0207d6845513029b
4195 c0c03c86fc09990d
4196 5f7bc8a7d02abd3a
4197 df1558d20dcb0527
4198 c27a959b5ed6b663
4199 50c46a200db7b19a
4200 240ec4f21763b98a
4201 1f58750308560fef
4202 4ca4828b5c1461b8
4203 3337ff5255229757
4204 881ef8f45df73e59
4205 10e260ab08af82c6
4206 87d8479e391d53f5
4207 1d80ce72bc639092
4208 2225c71e040313fa
4209 11c4108907d9311b
4210 25d220c723d88b8d
4211 346c3d21c8fcf01d
4212 53300e37e37c4493
4213 300883470a31caf5
4214 c69ef60bab43c625
4215 b831b0a42843ceb3
4216 5062a1273f9e2bee
4217 5a7fad940800a4d0
4218 b4b42687aaaa96e2
4219 447787fdb185a3b6
4220 58d1efe7bdc0bbee
4221 9e5eb28fc119da92
4222 6b949c926181f9d9
4223 89db0c2dde5cf3eb
4224 ea2ef7cb3ad63dd8
4225 f333e588e1a329d8
4226 f184f619fe6ac082
4227 3c857c2c349e9992
4228 bf0c543c48e73c44
4229 eff41bd1629a1fa5
4230 8967caa3af029b16
4231 51e38dad3cd873e8
4232 7a3d843eeaa7471c
4233 68ca36ded9549d8c
4234 d6bebee05df9b5c4
4235 a834fca834e5f2ff
4236 d2a9d39f5f35535d
4237 88d1a8f428a4851b
4238 a120ad8a051a8e4d
4239 4bead8aa8e0fee7a
4240 f7da35004e99ac21
4241 9acd86bae2203ef7
4242 4a448bf2c905020b
4243 3bd9c0a3e2ccf8ac
4244 a153d81caece190d
4245 085ddd5c60b56106
4246 cca1a916363acfee
4247 e1d70700aa0d7600
4248 8f11cf2a33bc8036
4249 90d9cb82fc009708
4250 b3f5f18b0b889f01
4251 77df472494748df7
4252 25dd3d02428ac9c4
4253 672f3c6c6cb5033c
4254 bc7d992f94f70a81
4255 37d1f0eff06dbd66
4256 8e6700e851920013
4257 4f9cacf3f4609741
4258 51beb2434db3d3dd
4259 d36d0cb0f4ae22a8
4260 a0f81efe84d9630e
4261 2646a02c25a4b2a7
4262 57c23b83019f9b45
4263 05ebbeba2e38e5f9
4264 f80f1aecc14bb341
4265 87dacf5daa8e6c2e
4266 5df4c23c0c57a412
4267 92612854d7ed0a9e
4268 f96688a923acaaea
4269 20f1d6797d77a02e
4270 49a2e391a8620ed3
4271 20e65bccb8828042
4272 e780e7e93375ad79
4273 d6688f6f07744dd6
4274 0c724541587e58ec
4275 f4935d9fdab03a3f
4276 79a99c68e42380ae
4277 daa43d0f88214d32
4278 8ebf1dd118d96b47
4279 9999949174f23c21
4280 83b869e3c1c356d3
4281 ab8db08af19b55c9
4282 556a9e60aee18e1f
4283 a53b3aedc5b49755
4284 af18c53751a71e3b
4285 214a1ccb337811b2
4286 6a2d8b3769a5e8d2
4287 c1885e8e267dcb73
4288 40306881dfb5fdb9
4289 17b90450aeedf720
4290 580ef01d33a88b62
4291 c3c9041fede95070
4292 c248f7fbf8275e27
4293 9445af933a7b2d87
4294 2ec6ebfab32afc9a
4295 dc0b262fea23e907
4296 353c438b40d376b9
4297 184aa0dbebeb8cfa
4298 b3f98c0444b96b49
4299 db47a4415bb23b3a
4300 15665f2119bdd0ed
4301 4b7ad6b3f11ada6d
4302 6e8122dc44f36784
4303 ba01849e4570c011
4304 1d76ab39d0ba08a3
4305 73481eac7665e8b7
4306 ee44dff6f2153420
4307 40dc86735b512e00
4308 f4faa7cda2380953
4309 e0893db0878c243c
4310 f4c67ca4819ae184
4311 e1401d2ee1cba98e
4312 7038709e46934480
4313 33bd20bf9f872335
4314 c66febb787598370
4315 4a0dd7a66db041a6
4316 93b8c290d3b4ddbe
4317 8260b57a75684893
4318 8b7809137ecd02f8
4319 5ad73ca3e214674c
4320 6ad067fba2168f57
4321 f14d69f7c8347e9b
4322 e2537c100a173487
4323 6cded88a3abd6b43
4324 b7e4cda5681c4d49
4325 a22b6c3c29d8d0c7
4326 54e1b3e40aad5f88
4327 ef0430335c02fea5
4328 ea4bc73d83ea14fe
4329 11ca83384fe3e444
4330 7ecb59b03d3ed1fd
4331 ab120a0e8c26333f
4332 2b102f640dc2cb19
4333 14db1c13fcff9a6a
4334 21264322c0d4ee55
4335 065fa59fbeb661fd
4336 e241877a1c1ca9c9
4337 15addd5596e5c10c
4338 391af49884209fcd
4339 1b982980f8e0ead6
4340 e9fe914ed9e8ceaa
4341 fb83e635f281c0bd
4342 9c0903f31fb581bc
4343 dc8e5f7a3387ded0
4344 86067aff418b96a8
4345 25ba2d8f253261d8
4346 0a158df40cb09444
4347 6b657037eea2e718
4348 75a9069915c42aa3
4349 fcb0cd5f9890b406
4350 52decfe281fc3629
4351 cde0dc50bfc63bec
4352 08e8f7837462b2b4
4353 4fd64527ba8dea1a
4354 7c0738ee34e9ed28
4355 c109f22cb0744ebb
4356 a87b8d3805fcf1a0
4357 909c009b0c81eaf6
4358 afb3b641832a6574
4359 451a1b4d82048c95
4360 61ad115b0bbfdf55
4361 62dd5afdeb190989
4362 f01b9fd3891e431d
4363 18a3e4523ce8dafa
4364 f89df097b5e9cf28
4365 d370fa405f5331c5
4366 95fb6b97be262b49
4367 1789baf83ef3dcdd
4368 0af66295d91547da
4369 db87210806fbecad
4370 8b6660248974ccf6
4371 9b5741139d593432
4372 b23b19efa082447e
4373 e41a93e4bc018483
4374 a2df9e82129b301d
4375 6f17f218a54f111f
4376 ca137bd2573e7c9d
4377 f1f7d646a7f14365
4378 7731de652011a490
4379 02608f89ae3d2048
4380 0d8008057b696170
4381 9c02c37316012cfa
4382 f478b1a60c6be530
4383 58ca62999504cdc0
4384 c07db9c7ef48f650
4385 0e3d008eafa9baad
4386 db2c70c06eb9fd04
4387 74edbaf8b4f55fa8
4388 ebb4c89aea44b9b4
4389 6fe722dca1a4cc06
4390 4b7251304e0d4480
4391 9072afc271536b20
4392 4b09157e765509df
4393 c98018fd2d8130fd
4394 2bd6a30a90390ed8
4395 a733a1ae62bafa36
4396 2cf3ae6eae689715
4397 de76e425297139ef
4398 7510c1691b36305b
4399 bec5519f572e62e1
4400 6d3645fc28fa3b02
4401 b255a8f6d5916a55
4402 78f4639e0ac9c3c3
4403 2405528d6f342a5d
4404 3e86fa8f19874842
4405 f76f51f75c1eb3be
4406 855437459ac2babf
4407 8ee0b1dfc4ce7ead
4408 da0b71ef6dfd8842
4409 25dee61b3883295c
4410 7053f5f9022fa104
4411 4c6e4580c67d6a20
4412 ada76decb3658dd7
4413 18389d09269095c8
4414 c6253d05778347a5
4415 46b9a86efddecc4b
4416 71d95c0a10faa9c2
4417 fe6094d53ccc16e9
4418 d730d1332658f121
4419 ab13d92732094be3
4420 52a42e34e3f2451c
END 4420
