1 b9d103fd6854a325
2 b9d103fd6854a325
3 b9d103fd6854a325
4 b9d103fd6854a325
5 b9d103fd6854a325
6 b9d103fd6854a325
7 b9d103fd6854a325
8 b9d103fd6854a325
9 b9d103fd6854a325
10 b9d103fd6854a325
11 b9d103fd6854a325
12 b9d103fd6854a325
13 b9d103fd6854a325
14 bf3ffd926854a325
15 b9d103fd6854a325
16 b9d103fd6854a325
17 252c8f5e6854a325
18 b9d103fd6854a325
19 b9d103fd6854a325
20 b9d103fd6854a325
21 b9d103fd6854a325
22 b9d103fd6854a325
23 b9d103fd6854a325
24 b9d103fd6854a325
25 b9d103fd6854a325
26 b9d103fd6854a325
27 b9d103fd6854a325
28 b9d103fd6854a325
29 b9d103fd6854a325
30 b9d103fd6854a325
31 b9d103fd6854a325
32 b9d103fd6854a325
33 b9d103fd6854a325
34 b9d103fd6854a325
35 b9d103fd6854a325
36 b9d103fd6854a325
37 b9d103fd6854a325
38 b9d103fd6854a325
39 b9d103fd6854a325
40 b9d103fd6854a325
41 b9d103fd6854a325
42 b9d103fd6854a325
43 b9d103fd6854a325
44 b9d103fd6854a325
45 b9d103fd6854a325
46 b9d103fd6854a325
47 b9d103fd6854a325
48 b9d103fd6854a325
49 b9d103fd6854a325
50 b9d103fd6854a325
51 b9d103fd6854a325
52 b9d103fd6854a325
53 b9d103fd6854a325
54 b9d103fd6854a325
55 b9d103fd6854a325
56 b9d103fd6854a325
57 b9d103fd6854a325
58 b9d103fd6854a325
59 b9d103fd6854a325
60 b9d103fd6854a325
61 b9d103fd6854a325
62 b9d103fd6854a325
63 b9d103fd6854a325
64 b9d103fd6854a325
65 b9d103fd6854a325
66 b9d103fd6854a325
67 b9d103fd6854a325
68 b9d103fd6854a325
69 b9d103fd6854a325
70 b9d103fd6854a325
71 b9d103fd6854a325
72 b9d103fd6854a325
73 924b90efd85d9349
74 5de53710d2f3ac83
75 ea654c5975f0b09d
76 5ff7faa40e1d9940
77 72d32695ae1d9940
78 7ebb4311961d9940
79 7c15e8cd7a1d9940
80 3aa2a85e761d9940
81 b32e0e2fd045f840
82 fd88f7ddf9b8b234
83 d5d36581b2669370
84 c4a3a314ccac48ff
85 5cdd390e2d697bfe
86 5e07909180890184
87 2260c515b4fe1bc5
88 a81094bde957ee3e
89 129273d13db01537
90 e450d86b80e904d5
91 a3c39a0a7dfe7036
92 e3626eb64cd1991d
93 daf0da03edc5434e
94 6515889667a0a5a3
95 8a50ae4c6f8150ea
96 ee9db16bf6a19a71
97 10985daee9c964a2
98 497c86efa9821897
99 68c61e5de8daf9de
100 75da6d8066c25b65
101 bfd526929e844d86
102 dcd08650274a2beb
103 1f16436b6692e332
104 452da99099798419
105 b19549f5071e15b0
106 d2a96405387820df
107 b316340bdcdbaa26
108 92ed38211f46990d
109 6094e27b2e250e54
110 f2b0578ef7ae1993
111 e8407e31ea0cb8da
112 49de4a4329259a61
113 ce98292d97a86b58
114 463b7520d790ac87
115 c08ae8b50d5f8dce
116 c6a4cf70b4ba2355
117 68e5b7bb9a2ab09c
118 fc3478621bb3bbdb
119 0bc7868848188122
120 1a1ba3023ae9f109
121 053cacdf9426eba0
122 ea4100d3aae674cf
123 a5072c1467b11816
124 37ed17ec757505fd
125 c66e304fc3550e44
126 982a809c2f34f383
127 12e292fad9e18eca
128 ed7c6bbc7835f951
129 88d2144a2304cf48
130 5c582ba4177d8677
131 793126241c2501be
132 e4abd4b27df68c45
133 96fd713af62d448c
134 43f7f60acd0879cb
135 eae049f53cbf3112
136 6d533734fd095d13
137 ca6d3498fce5a990
138 c703f612d58d4ebf
139 df298010b79dea06
140 c49053e8ca3bce17
141 405080d6f12c7c34
142 31591054dad16d73
143 8a91ecca584c68ba
144 d366bf55eeb7cf6b
145 4da9201794ae4338
146 e3676953202d2e67
147 ebec099e56884dae
148 cfb3769e8174d40f
149 23a93ffd6810727c
150 4248157246362fbb
151 8921288c0d77ef02
152 cd61bbaa381789e9
153 26c3d6c98d081980
154 11ac70c28c7408af
155 06df79607f8cc3f6
156 b52a173668672edd
157 6466e540a18c6224
158 7bac8c78851e1b63
159 6c97149f0fe0e2aa
160 72a87e45a4ec3e31
161 1aa662167a3dc328
162 71cf82f6a7e2d657
163 b170e335cbe9759e
164 ff400af6c0fe2525
165 18396094a919ec6c
166 f2da9632a587a5ab
167 235e1516716967f2
168 9b48448d0d2f99d9
169 46efa2978d714970
170 819e865cb75f269f
171 8fd72641d4fb28e6
172 32a280d7dc195acd
173 4a7f2ba062ccd614
174 c65e98594de8db53
175 d99b122d18914b9a
176 6b29d936a9e44e21
177 deb3d598034c0b18
178 0fddbdfde2dbb047
179 02b24b9fb0f9348e
180 f75c9a0c0a54e515
181 888b3f0ca520ec5c
182 83041c678f00d19b
183 0b73cd7572fd9aa8
184 dd6a607a010defc9
185 edd99606f8d6fd60
186 1ae530118f03368f
187 58934a0572448dfc
188 91ef6b440adbd4bd
189 564fd37f8f36d004
190 0ddd3c1b3cfb6f43
191 4ffebaa413792100
192 73c5c824e66cb211
193 b939ed1a7e86eb08
194 2368af1e4c466a37
195 9859168bee887594
196 9751733555f1dd05
197 29a696832a225a4c
198 0c5a2bf45676f98b
199 78d1851499b146d2
200 6a4398083315efb9
201 40efb73d00ac7150
202 f7e06092f7495c7f
203 e577cff92801cbc6
204 308fe783d91482ad
205 80e24211270049f4
206 0205c90891b80333
207 c497a967636a367a
208 4ec034c72bbf7a01
209 3f03530e232c58f8
210 2eabcd3177c2d827
211 925808f35e47df6e
212 45bbe4e52972faf5
213 7376f0d4f55e403c
214 8ef1e573bc4eb47b
215 0947b4106c27c0c2
216 c28b3014d1535da9
217 e3f26256ca9e4b40
218 563db0a28a85c96f
219 f31c31f110c2d1b6
220 33a518bd50d6969d
221 da6bef6aab5ad7e4
222 6d61c1aa9057c223
223 f7c2c93630ec586a
224 a4c9ed737ebe53f1
225 6f5ce3395c195ee8
226 e1950424f1694317
227 d3d46de763036d5e
228 2c85abd9ae570ae5
229 3367730f2436702c
230 cb49ad868b3ee641
231 e4c3f1e836a46eb2
232 ba2ec409c8a54399
233 7c6104614a52e530
234 0b5fd2b5ca3cc345
235 f21f8f43494ef3a6
236 2c2f120b5daaec8d
237 7d6223c9cbe0ebd4
238 6429c09f17c831f9
239 c6aee5b933e9a45a
240 8e7399750edacde1
241 eb63f10795f980d8
242 7cbe639ff03f9f1d
243 fc5928155bc02d4e
244 f03c2434ed0dded5
245 edb057b37f69a01c
246 58acf57ab8194d5b
247 d178240e56bb2ea2
248 2393c2989d19d789
249 51486e7557af7720
250 ce05ce7b53b5464f
251 2b3166ac9db71f96
252 79547ac13c5cac7d
253 d69fa308d9749fc4
254 74c82fdd523e5703
255 8f50218ae05acc4a
256 02801d41a530cdd1
257 b001a9429a22acc8
258 864ff5966f61dff7
259 3e14ca95b009e13e
260 c253ea334f1a32c5
261 e081f1f9927fe70c
262 69317febd7b1e14b
263 805787c070c5c292
264 1f68dfdd2944b179
265 4dd198ec47e53210
266 3de7d4a617fcfe7e
267 97bda1654a1f80e5
268 b51a013433ffebe2
269 93b864fd4c1c6697
270 21e5bd56515024b0
271 9fc3756b9e50e719
272 464c10c86815b632
273 918e09e9431de829
274 2596cf0169fd3b04
275 8cd0e58b41b2cbbd
276 b7a50c4973d614d6
277 49405961fd621aad
278 a6cde3639c6d9e08
279 e9d51142b4e86d11
280 a734b997e561d38a
281 00b6be2bd8b3fa43
282 d4a241cbddd49f5c
283 318fb583e21c8815
284 3c037c21ccb44c8e
285 78b575053a635747
286 09e92c4021126860
287 82c47d11562192c9
288 9c10e62f6b2939e2
289 f945457bf5c4589b
290 bfd18d90db2960f4
291 ccf5f3be42e759ad
292 767a8bb95e2dc2c6
293 f7a020677880e77f
294 c41328273db0fbf8
295 6930ce748a319901
296 10be3f62e8faa27a
297 945cdb7519be2633
298 ef4c99b82dfedd4c
299 2e45372850778005
300 06e1ad4d79bc35ce
301 7b79fec9e5ebba46
302 1af925f84f0ef681
303 8cf5f0f2f41f49aa
304 4cf628d371fcf7b3
305 0587c1220f6b40fa
306 1148b4fa0ad38ba7
307 fdff78b4b2ef339d
308 a40c232668aeba1d
309 59324f755290987e
310 2e146d298ee7dda3
311 27735f2ded7f9e83
312 3cdd97f0b5ba1271
313 a0985ea0002d99d2
314 f6b0614375d8bca7
315 f7cd10ab40b95787
316 765ba1c4f3a2b975
317 8df26738ad1d8ec6
318 ee729c34ec2d53fb
319 ba04895d83c83542
320 a0f0cf4e578a8829
321 d5cf879b65021d7a
322 a72548907af478df
323 49da2787cc690226
324 7482abe15b9bf10d
325 f9fabfebfb96688e
326 8dadb4d485ce7193
327 d401e18022d467da
328 31c796c1fd46d261
329 56bc3821f14345e2
330 c65bad4f94a47097
331 ee0b116178739704
332 ac1646a2a19b9365
333 39a9c7ab837550d6
334 e7237f2da7db63eb
335 8e53459fa5cfaa08
336 31c915efc067dc19
337 6ef954ca42c876f9
338 43570e4bc5e3160f
339 4af5e2486541972c
340 c242470b255da6a4
341 7c6892ab781d8184
342 687f2122eb392a99
343 6d7309879997400a
344 ae8a3a384b68d291
345 a8b449b6376e7a88
346 17e19494a756ab8d
347 3a8d06150be9fb0e
348 e6a72b957379015f
349 182613de6d2a73dc
350 bcc1b303d93ccce1
351 5190ec04dca12262
352 3778519c9ad55a13
353 59fc1a0d127ab4e0
354 c7a35104551d8666
355 ada9f526e3ea8b46
356 db7c1673f0799727
357 27f8dbf888345b74
358 b10b2d2bfc6238b3
359 16709ecbaae8a240
360 cdd535895aaf0f81
361 80d5e5e376afd778
362 87e474723ad6f9b7
363 c3e427a289d6eae4
364 c48cff720c7dc085
365 2bf16b88514faacc
366 53233bbb9e7c590b
367 19ed40bc46ccd1e8
368 2b94a73fcf098339
369 20ef57cb512cf76a
370 f1429032cc69ec2f
371 8b100f1decf5210f
372 c1a1bd9e857f785d
373 e75e5f26b65f543e
374 719f8f5c9b2b76e3
375 17cae839fdc9f610
376 ed7937a62d9a79b1
377 9a1bd47f308f2ca8
378 ae7bb36ed7cef96d
379 62ada783f6dbad2e
380 0b59226082ae84b5
381 7b59cd13c10f2a86
382 08e52970a5b1f33b
383 17bff4a849d38e82
384 39c26a1aa5a0a369
385 bdc7dca06223bf3a
386 46235e50179c821f
387 cb7c5811bf63631c
388 832d083b4e22ba4d
389 2f4b6a4dbc43e794
390 921ef53318155689
391 dd668bdc49f2761a
392 e63dd490177c9ba1
393 6f68a09cb4adeda2
394 dfb2900074498bd7
395 1533a8f2a8d5d91e
396 aaa0bbc5532fb54f
397 b0671916e433f9ec
398 50b49c1411cb0b2b
399 9f3e2af68cbe53c8
400 7b364b8457691159
401 502db83d1baab6f0
402 d38f0eba25247e4f
403 bd73e36d1995f8ec
404 6b2550522b20247d
405 27a5e664d659281e
406 97ebbc9762ed8f03
407 5b77795cd0bc444a
408 fff432cf1bec0a2b
409 2a96fab5584004c8
410 314ca75bd285a407
411 5755797b85bf2e94
412 487a1cd15c7636d5
413 216babd7077df81c
414 174619d6185ce2a1
415 aa87dd03cc9066a2
416 14de2d9318cb0f89
417 97ffcbdb28282d1a
418 503a9ac1ca872e3f
419 1edbfe0a82c89f86
420 28739532084925cd
421 38d310855920dde5
422 309933487e6caf64
423 d0679c74991eee1d
424 f7a6bb3fdb802de3
425 ca5bf9d638f0c7ef
426 bd7e7bea272cd855
427 3eb4e1e90d8b98c6
428 364db0bfcadca8c5
429 0094e230f050d4e5
430 bd0ff9efee2e174b
431 b0d7dacc3f7101a8
432 3ed8073e51abe779
433 3ada8690ad16dd10
434 00794c822122d46f
435 07215fe9175418cc
436 fc7a3852372ecc9d
437 f3b7e6ab8b282de4
438 6f4503b5af9f6523
439 35382fdaa7a9c1d0
440 8277e5d48771a9f1
441 a0dd6b0e63f117e8
442 8969d230548b4e27
443 7d748f30a2020474
444 44f566a1c8d3a0f5
445 1100e4329ab79846
446 8e5a061e6fd34f7b
447 b53d409381cb5578
448 17ffde3efde07f76
449 463f2271553b506b
450 3220788fa810ff91
451 cfee024e85af274a
452 5a9c12be76e22590
453 de90206a36019364
454 ef000d2777c06a09
455 185bbfd7ae994f85
456 6500981cbac33468
457 32b9d7f996277033
458 21f00de3c320b457
459 fd9546675a77c446
460 da0f82b5a561244c
461 bc336187843c482f
462 38d9890cd2140281
463 ae9fc2f588c64cc9
464 96ff37e2e0d94a90
465 20e85406039368da
466 8e7fd6803db704f9
467 a6848582a305b896
468 d7e5932f1a12753e
469 436d99538c13dc0e
470 d8c33ca147463f33
471 c755d017cc3b135d
472 acec01ccf1409027
473 905ba2b2e0746624
474 f80decd61411afab
475 821913f44cc7a1cc
476 b7fa14ba5087b230
477 5651668650523369
478 8eab649e81d344f8
479 59eb13f79445a187
480 0f34dec94815fc9c
481 0efd993e4bd47c89
482 cd527f258cce08f9
483 7c2fd8740baf3453
484 10f7ff98d958e8de
485 5f50f173e9371625
486 954eae21f5189fd5
487 7ded2cdc288b2313
488 54ff1be0eeefdef3
489 bbcaaa88cd45076d
490 84804f547ba8dbcc
491 7a35342e4eb3761e
492 93f8b3cf2a26b48f
493 73128d9dd34eb6ec
494 2c33e2ae388c1d97
495 ff466ffada7bcb2d
496 cfcd8a67c988fc83
497 52a6a21545bb1225
498 5f92aa2ded478c55
499 632cc2fe4607370f
500 70d46419be8afff4
501 3f95e727efcd446b
502 f554d8b2cca337c2
503 56f862df0eb7b922
504 92727f8c7942d6e5
505 975aebf3c5bcc2c7
506 5db50e711c5324ee
507 d6e870637fa9959d
508 340834019378a794
509 9d79a312120556b4
510 d2c8d215ea9d8d97
511 b79dbfc60a9f2ba6
512 64916cd430d1966a
513 f9bd87f989d4f3a0
514 572c3dc34e128b6a
515 774f0ca1a14db32d
516 e6890b20d03cfa10
517 f624da82ef88fbf4
518 1692848ebb51afc1
519 11cfd0aac074f8be
520 db7ab5292b882b0a
521 6d7949befe2bb010
522 010302154a10ab49
523 71d1649006dd8043
524 3b22b1246cec1f3f
525 825376d4fe9c5c18
526 49b40c6d27072949
527 37ae9974f2a6db87
528 dd7975f361c59678
529 cb382031f49833f1
530 853ce89311bc2423
531 fd6ec3aee28a5068
532 671ac784101e37a1
533 b3a50a4f96c9ac90
534 27732842d3d02e94
535 34cda1a18ffbe7fc
536 ca82c9c0f20f9251
537 5c5ffcf906de2f03
538 22193670e368bf5e
539 6b4f6b598ff6abf3
540 17b1193a14ff5ac3
541 a87d24a138901aac
542 0177fb2e943c2dc1
543 7ec4f97ec0d1a7e3
544 2873c041ff4ee02e
545 805771b8915b5582
546 11f990f834141ee8
547 3d2ab1c1d29f4c5d
548 fbf3a20db09c0a04
549 d5a15c88f382f2b5
550 fe61e181cb57a83f
551 52b7d24424eb633a
552 f7457622d6310748
553 0c5489a8c1666495
554 4076a8ca7caf044f
555 c9a2e03e88de1f26
556 35dc0402de8706da
557 8de175dcf07e2649
558 ef6671fb0706ca62
559 967f740b4f4bd4f1
560 5cc4078c9356f641
561 e2bedc6790cde805
562 a2780724a059b218
563 d6b51a56346b68f9
564 ee857090a16418a1
565 769ebcf7bd0e3d7d
566 8584e9ae4ded8461
567 8f826f1bb078165b
568 ebb19de0492514ee
569 8c4e214c78e017b6
570 a02200505d557719
571 485c298c26ec191b
572 22af7e19f7bfe8c0
573 1e2ee1a5e237c58f
574 a3b2b16eb4f8ebe3
575 578f5afe6427c199
576 7733d55a7652d672
577 b472cd672345fa6f
578 864659ee91140504
579 7ea1d76f237de50a
580 afffff13877293e6
581 db4194bbf9e1d366
582 005c5eeb3eda1b71
583 0bf7388138a11c01
584 9285164825125164
585 413717314ff9b913
586 9cd1e1ab648a1e63
587 230ad3df4a6aa314
588 8a4871be0b26e5de
589 86a183160e9cae78
590 ae24fa65f1c8f57a
591 a2fa641ee2a4dad9
592 b2a65b78b5e2be54
593 3feb105602f49350
594 68880de8fc1fb756
595 4a1e3b46e5af93c9
596 a3ab664db0bb508f
597 0ecd03850e34e6a0
598 40fc7a8fedefb19e
599 15d678b0587abfed
600 8bff8cc4ab36cf92
601 48f87d0d14d3a41b
602 778c83bbb1043bf7
603 8ebc13a5e4cc70ba
604 9199f7fc34d3e537
605 1fb5f5647bd204d0
606 e9f05781341524f6
607 c6bfd89468d24e32
608 cdf8ad46c6897816
609 ac3671ff1a022680
610 0497e58b8818daaf
611 4cbc2233a332cb66
612 7cabafd17f466494
613 4a6231450f73ccf7
614 c572f96ac3985df9
615 ec864fea2b13d932
616 a6be18ced3bdbf67
617 7298e9d11f0569ec
618 affe8d7b02a07ccc
619 a4462bb33a267f4f
620 6b434d6e1e6a26b8
621 bb7365ddab76559c
622 8dc2192098a9f295
623 de4bccfd146aecb4
624 f6f716c50113dcab
625 bdb13d7b9b7ea6fd
626 63cf1f8824046c14
627 1db393a3163a2e93
628 d841f018946930d4
629 e6d773878e213ba1
630 e961b66b22d57338
631 182aeaa2e1bb21b2
632 65e8d4fcd049e3b3
633 2fc907e43013796b
634 38f278344ee39fba
635 f33f102df19c7976
636 666ed8c330daec89
637 3bc603f6878faeb7
638 da3edb70aedeb6b4
639 4a91805942d90560
640 1aea58ddd6a6b52a
641 385d087420aac569
642 cfd18a40d62575ce
643 09918858c51bf5af
644 58e88640b5526f9a
645 b8696ec6e60f27bf
646 a9a996ec4455cfc4
647 77b3285c3ba1afd2
648 067b9ec30bbc17b7
649 6924b423b2ed7a7f
650 6dda0edcae90d7f4
651 3bbd986654f67f0f
652 1e71524786f33b47
653 035a752828e23176
654 d5b8dec0faecd793
655 5b9f8ce115c9571d
656 c87d9ddcad2f246d
657 12541247b1eaf616
658 3b1c007f3eeabcae
659 dc94f33cf7913fe4
660 d2255434a64bffb6
661 6b69990035ce3da4
662 82faf126e2630df6
663 a0b5f26fe2b6e333
664 5f1993de11f3798e
665 e7f4800a859e7d62
666 a6577c909b0d9aaf
667 4581eb77bfbc8b26
668 0e95337078744b3b
669 330ff03ebe95d8bc
670 98cd19804efa4d37
671 1aa0fe450aeedc6c
672 bbb1bd4fa96c97a1
673 35347013a493a54e
674 73092445b2182b72
675 4e83b0d91566e34f
676 ba51b63bad563571
677 d64f3027183ecdb2
678 0574f45ffd55c666
679 2f5bb197af00685d
680 4033f52f93bce6fe
681 a14c20749cea447c
682 5d6f6e615e0d9705
683 091bd9f2a7953eea
684 a5fc25c815c32ed7
685 cc92d380c6b60b84
686 68aa712ed463bcbe
687 cff3467f011689a5
688 9660dc4f0c8f1900
689 d03086ffc10b9ff3
690 258e09e51d66e7cb
691 73f862640b4f5515
692 209576f232929178
693 e9eb542fcceb8757
694 05d75cdfa9d612e5
695 4c9b23956df0f50a
696 4df6c6e28ba0557e
697 52a85cc0346e4144
698 84b38cf3bfcbfb0b
699 0a396dddf3dc9d5e
700 680088c6d480ae28
701 bd17fa88035f3b00
702 cfd55842de0705fb
703 e6c5adffdde3cd83
704 edf39d9c4624204b
705 edfd5fa20a6fded0
706 b3a3f64878f08ecb
707 1f3ea840cd1e76cf
708 6722240a62539676
709 f8fa97fba7c7ae28
710 bab7124fc6f893da
711 630ba0413a9401fc
712 644506722b72cc4b
713 097ae3303a34cb90
714 8d73fec0d5b43ac7
715 4208c780f2ca7e7c
716 052b293c4a4eeec5
717 5ed7279927ff42e3
718 b2f0801be00cfaaa
719 b914cc24fc9d8a16
720 5f4918ecbc2728af
721 279ca9abd63686b5
722 80d6ae7afc9ee872
723 54ed2b3497f1b71f
724 f1469b9972534bf8
725 628f27a94530242a
726 e7a15191c87934ca
727 ae62882d85e71f61
728 97834dedd9d6a3f6
729 3eae214450332dbd
730 c812af7dc9fab735
731 d5ae8dbeb537cb04
732 f7957f451c24e1b1
733 dc6addcb92a5a095
734 f9ec38295790f37a
735 3bab8e901b59ba47
736 0ed5e12c0d8a3472
737 f8b9c1680e6adc47
738 05fcf01c7b6d78c0
739 56aef8e3e343229e
740 178c60b2eaa467a1
741 2eb40963e61c3e34
742 0651120e94981605
743 1489abc8d0139d68
744 07b0863122b9d1ed
745 ad0ea79af5796c72
746 f1bcbda073fbe7b3
747 9d5208130614f648
748 b532011d09967ee6
749 f34202952793f160
750 fea1cfee6867f451
751 98ae8fbb1d6ecfe3
752 bfa2c8183dd95b8f
753 7286e6c4bf3b5c20
754 af7fdd8406380479
755 f6978700fb369e85
756 2c5bcf8e638b5bdb
757 6c2c466380457ab7
758 b3ff9348303191d7
759 f589a2d69b8a1f7d
760 02115a634a7fc31f
761 56e8b7cd2e2c5ba6
762 53bbcc0d554937c7
763 28d35ec0ecb7c570
764 3023293e6ec72349
765 74610784dfb52f6b
766 66f7e13177710c27
767 5df5ab6dc4cdc3ba
768 0a18e0ebe141fa9e
769 74c60a01f0765b9d
770 977ae4e2bb538fc8
771 200d18c22fcdb43f
772 a5e8527ebbaebedb
773 3e05d948a4b2a0a1
774 bb0b5173f7740158
775 0e3fb599be854c9e
776 77c23148f82031a6
777 d7a9e0324c2bf209
778 2893bacabeb459f8
779 8341cd9c5b7f8692
780 840999791b334ab9
781 c299a2bf3c0f3838
782 71bdcb77b158611a
783 9ae8ba1ef3a191a5
784 4d609ffadea31f08
785 462235864f2d28a5
786 1c371611dc2f0ea7
787 b92f10fd01f61a3f
788 c14118df3e672754
789 51d3c5d510495237
790 e862b33ea90b63c3
791 55e6869b510e2e03
792 943c78b444e5f389
793 dc83b6bdf8c80675
794 76cd59d594817311
795 1bacc7cbdfed334a
796 c2e3bbcb6cc339f3
797 71ce316209c2d1a7
798 77a33090abcb1f21
799 db6344872b41f80c
800 0eb4b1a65eb9485b
801 b5db24c7029073e2
802 2372c0ff4bef1978
803 a5557f2da901da54
804 deb6528180419bb7
805 14030789f0c3beab
806 bdb88a3a8e5cd47a
807 6bee7d04cf3b9762
808 f0791fc34009694c
809 a395469225728b25
810 db97b82d595285fa
811 87dd4153f0152ff4
812 9499fbe3fd6942a1
813 bb5cb86533719c6a
814 2a6b48aa93e6457d
815 f29d79337b79b709
816 87c1504ef7b40b59
817 5a68e29b1bcd6a30
818 f12dbbaf0ad7c6b4
819 435337ff1b6e658b
820 b8b22bfea37bbe34
821 fe4c57f70bd88782
822 3d5ad05126e35877
823 6f040a0d370e6234
824 d676b2581aa7af2b
825 32513a19d0448390
826 cd580e96faff8900
827 5333cfd0460ee484
828 82fb033ab2c4108f
829 d0cce2642c841539
830 63aeb2155d5a9711
831 13138761294e3cb6
832 0102b4cc944ede82
833 4aaf51274a3bb3df
834 587c27aa54524da8
835 1dd0abe9aa1f797f
836 357b53ab42bce5f6
837 a77de43443974213
838 4a81afc9c3ef0714
839 87c4108c9a2d2709
840 4e41a243f336d012
841 233be3a8021d6aef
842 74cfffb39ff4797f
843 e85ec1147e9e71a2
844 e603b3abda616496
845 1b9475f5a36662b3
846 f1905707cdeb6ebc
847 23f10a094472d869
848 95145a7f69b89860
849 074fccf93a9f2f65
850 cc2e28762025f5d8
851 e58fa84652344052
852 add69d66ae61ada6
853 d087a13596c31554
854 b1a18690387668cb
855 b01df43f0c466c7c
856 3c924c9ad856ad33
857 086143ca2969c17a
858 e49a549f6602b10b
859 28bdbb9b60c3c6ba
860 f4798d9653394d5e
861 a17f20dbb242b3bc
862 6a3fb4294cf6e854
863 e31328ef5516b41e
864 f2214435e7edb752
865 2e86c280927ed110
866 5a04160d75c648d3
867 74841e54eab0c71e
868 3b6c44336d9e1d90
869 9359515799128cf8
870 782ea85120d96617
871 a7242fe184d13a48
872 f308e411c954f13c
873 073587f1c4c58d16
874 7a508ebb880e94d7
875 d879b9c92d143654
876 d19ec2d826c64c37
877 4d99a1eaa9d1a514
878 afa513bfe8ddab78
879 d466ad13e3ebdff6
880 5949a69a3f305e3d
881 c0f9944dbdd35426
882 9c62cb77b432bf1b
883 68209c39ba589df0
884 a25f1360b5067386
885 aac80918f87007fe
886 746a58bab12eb7e4
887 b09f21c516dd6e1c
888 f2aab6755e3f82a2
889 e9b2c730e60a0adf
890 779fa185956c4a49
891 a219bd3fd4a9617a
892 1a09ca0c09f05008
893 5bba1815f6089de8
894 e02cdc2d57d27ce4
895 99774be284c54135
896 e6b8def99b690d65
897 cb8b4eafa76243db
898 fc14f972e153fd39
899 2ceb2be44feb4a37
900 826d17fdf8ba6035
901 cd0cfe82959fa9ab
902 374ef0f74e9f7b81
903 2e0d1e9118ff346b
904 456cde9949b843a5
905 85ab004b74e5d7ff
906 41967a8d06cafa2b
907 6e764dd014935417
908 9a93178114d182eb
909 bf8588978affc2a7
910 de973f2ac6639aec
911 e657ab6fca903d0d
912 63113320ab0aa5c8
913 092631324b9d94a1
914 31d7b1e46f776b93
915 ef879876f95f2456
916 7cab7cb5aefd1eff
917 1f4c452548cb9c01
918 6e65de29f6bad6a9
919 9d8d985e37446ef3
920 59123838baefdd33
921 a36dd674cba09427
922 f14d21009d7ba48f
923 3aebba85ada1ce83
924 2ad5df72fe9cf2b2
925 2ea42a69423c004c
926 19d3f499d8714b06
927 77abfa2af9bb873c
928 da5d2bb3f80c74e6
929 e97acd4971864ea4
930 d619b4f1f82c797a
931 1b13e275b8b53248
932 a1def205e0889bd9
933 808c930b2c647d15
934 d0b9c42070386aa5
935 d2e9cccec6946e34
936 ff31280f5bfd36c8
937 93804c87fb4472b1
938 6d24d13b48214894
939 e1263f3b1c7490fb
940 b1eb9df9afd532e2
941 cea67c20b47231c7
942 7fb2738ecea8c71d
943 82af7534fc9c00e1
944 c5ec0a75dfff7e85
945 e6a6ef4e2aef2050
946 29cfe48c186ccf1f
947 35887d2937f92d35
948 ab680c372411ce41
949 44edc645e0a6afed
950 17a03a5b6aeeb04b
951 c5483fa277ab5d90
952 308208a551ac216c
953 e17684c60f2119c6
954 bbe2c3ed31689bf1
955 6fafc6daea05cd29
956 b37a6960a8cbf67b
957 cd68b2b9b2d1aeaa
958 7709891a916b3ff6
959 94132a5e4be82806
960 98aca48671ec6a31
961 42a5f3fa23863427
962 691a98907cbffa26
963 cbdf5a0668205ead
964 93acd1442d0d482b
965 e45f31f12c10bca7
966 e1a7fe005727d864
967 be172e9b7561d9b5
968 88005752d2ff1d19
969 ca64b7f0c12266ec
970 fe5d54ac4ca2a3fb
971 c4c18fd29ffa8242
972 0b27fe91b2916803
973 af3ff0f118caa983
974 158ff46792f263a6
975 3e2648209bd3b41c
976 194276e4172de3c0
977 e63d7c032fa60c02
978 e40d46f805515903
979 43dc337732624339
980 92e77fb9ee08cd1d
981 7fd3a6b6eb31869a
982 d1cbf4894d67485d
983 1998ce4739272d46
984 4b88328f6d545ca5
985 ebb2b65baf1a7439
986 e1eb47268a26511f
987 1e0e8fd9124054da
988 2a367d4e307f1491
989 0439018f00256ea1
990 6dcedab40e90459a
991 69596fcf24ac17e4
992 cdb7e9c44050dd1c
993 cd32090a72be66af
994 3f6196137a7f28cd
995 72294f8ab3163246
996 d4edbeae7106c146
997 153fdb3ed50c7098
998 c515a83f003bfa48
999 f70cb5eabf69e261
1000 3118dbe328585997
1001 a77cad7bae626f7d
1002 73cdb992bb718349
1003 b78bba962692d867
1004 d04e1eca923402c3
1005 e608db0d679230b3
1006 9fa1161779c7695f
1007 e40a4ca375c3da2b
1008 834f3c9ee95dd8ff
1009 d74093bdfb458371
1010 4aa42799be62d0cd
1011 72482c705e18d8f1
1012 04357ae407dd95b2
1013 4a8008d7cf3008b0
1014 25b2a138a14dba37
1015 780aba1619615058
1016 17b41c1e17c0a85f
1017 6a1e8b72547f08e4
1018 2da9248d988d0b8d
1019 f9e3f4ab3f69217d
1020 9e768b6c22fe596a
1021 cbf318f27142d18c
1022 52d43267a283e2e4
1023 f893683820082906
1024 5e51bc587456a294
1025 86b39d363a14fd70
1026 6445efaaf5f2ef0f
1027 35d9863a30e08f53
1028 042d243d0b47c349
1029 606f1de3409bb774
1030 0bb04e0b3ec5b96b
1031 e84ea8472ece6cf9
1032 9f2faf6942dfa50d
1033 d8af625156ad1aa1
1034 747b1c30db5fd497
1035 ded1ed8b3f94cc2c
1036 27cfc74079269724
1037 05c9ed479b2ef74c
1038 bc7e0c37452aeb25
1039 ebc38540c246ff9d
1040 1ae9fc5070333977
1041 58ba71e66ac35f5e
1042 81b3a667036a832a
1043 1b80f4ec8ccb0b5a
1044 9eaf0511a3c5e935
1045 3b7876f41bed754b
1046 63df3899dbae780a
1047 8f8c826862539611
1048 faed8efd41809daf
1049 1f9e3ab4ea75293f
1050 a783116928a26388
1051 b783a38d63931369
1052 a4bacbd41eec499c
1053 072d36e3734d3f91
1054 1f2135f4a0a80e57
1055 df8b24926d47d6c6
1056 c5db97e113dd202f
1057 9ac2bc5929913a9f
1058 299bfbf2ad521732
1059 1ed11ed4f291a010
1060 4e0870352caa0e78
1061 6b49dbba892240f6
1062 ff8bc4cd255cb8a7
1063 460ba5b2dc494de5
1064 ebfbb04335a03231
1065 5b3784f63608b5d9
1066 a0d4d85af1a545f5
1067 3fcd266375c5a10a
1068 76ec579161062859
1069 9b0e8e214f5ae005
1070 949c7cd136850fa3
1071 c62c85c4bee33abe
1072 16c7e48f01ca7ecd
1073 cf7cfdf388cbcd5d
1074 995b782ddca6c63e
1075 1fca311c088dab48
1076 bc0cd9fb7af23e00
1077 19b09bc1919a07b3
1078 4d52c083242b53f1
1079 326c52bda87aa512
1080 67320e2f4a11c262
1081 8e77f03ab437aaa4
1082 1a1f68dbd5f14a9c
1083 f0bcd99c08fc9c8d
1084 08cd233221e5dcc3
1085 a17f507c1a706b41
1086 f6ef528f30ee3b25
1087 89636a59f573ae03
1088 230d7ed0eda6eef0
1089 2dc47f01397867a3
1090 52d5b87209a1a962
1091 275b98639b90c2b7
1092 accc23c7998652ba
1093 4c5ae875cca1d3e0
1094 981c222ed1056870
1095 d27c9a04238fda25
1096 3b574cbf2c1bedd6
1097 f1daf36e7b2f006c
1098 f67ee20e284bb593
1099 928c98167cd31826
1100 8ee2f315f374c79a
1101 ba5f0f55dcbcc49b
1102 411675535e5ba0ca
1103 70dfecec633da36d
1104 4b34a5e0cbacb6b4
1105 37e30466fbbd60f7
1106 af32eb212a64856d
1107 fc7bc42bc95b13dd
1108 97b96bd93f250516
1109 7f00b5dd3c788e08
1110 f673f12b62e68148
1111 f8a38981effe49ef
1112 5cf6f97959232d72
1113 a3f0d5b79e71af8a
1114 10a16ef73c58ce9e
1115 2e0f7595910bc9b5
1116 9f8eee43b6db5fdb
1117 f3f4d573e431053f
1118 fa7a19f989ac9fd1
1119 c17245a31cd24c7a
1120 60cb7215b6ca25ca
1121 32fbef94c2851d6f
1122 c9210284a5689bb8
1123 f8a821bdf6cab37e
1124 df4833dd1ce2e3e9
1125 78ceb077995fc8f2
1126 73811bd695c8e274
1127 0b3dbe4b85cf0eeb
1128 c79550938f36a66c
1129 3485b799216095da
1130 07079750b60670c8
1131 eee9417dd50342e9
1132 21e3eb2355853ce5
1133 8b0c0dcb19e69153
1134 6c467aec99fdfa39
1135 030c0a0148412bf2
1136 37b09fd41d42f385
1137 710815352308b6fe
1138 0fdcebcf69f1ebe2
1139 c8da7c7ff86d485c
1140 829522998c987111
1141 82f25db48a9950c0
1142 3e8de1ea00fb9385
1143 e9c7cb76aba52fa1
1144 0b76605974c9f70c
1145 0384d7cd61f86eab
1146 f1facbe6ccba6d16
1147 8446170ab4819c3d
1148 cd2e0e88489e3cd3
1149 48f829418aa33e0d
1150 49146f0baad6db34
1151 bebe36d246a1a97a
1152 78c967b03067ea8e
1153 64233073e5cc59c9
1154 06499c0fdd5744a0
1155 bbd31f6b7f923298
1156 720c236815cfc8b3
1157 32e631d33bde1793
1158 09629146f9db500a
1159 433279c5ce8e04b6
1160 df04ad796eda774d
1161 c46a6aec47d8da84
1162 29991a746f7a49c1
1163 71f84e2a40b2e2b8
1164 5d02eb06f5131794
1165 ec9909fdc81a4139
1166 40ac6325dcb65292
1167 39697b4fbf7038fb
1168 d69ba779eccc1c4e
1169 cc87b94fa02438ec
1170 1163645e1dac2f18
1171 d0d5203071f2655e
1172 6990b654732318ca
1173 70238dd3acb9b877
1174 1acb98790baa87f9
1175 70601604891bb17e
1176 208b2fb8d9b0154d
1177 386f81de4d3087c6
1178 ff8d06585fb61135
1179 1a4a85de92a715be
1180 4ed0be3f20453b9d
1181 46731076fe941375
1182 296b1239eff6c3cc
1183 40dd4561bd0ad60f
1184 c1a3c695f531d7bd
1185 bdf0662d9d9bf586
1186 c40d9961c77139ae
1187 ff6b807b1e7fba36
1188 8781695142fa9bd9
1189 3eb6dbeef15dfef3
1190 1ef98ecce4f00977
1191 94e9ba165928f131
1192 fc6b1c9f5ffe8924
1193 55adc6bca554a74e
1194 f4134a338902a877
1195 e482ad23e1218b15
1196 567ec454e6d59624
1197 63f6261799478daf
1198 970047a300b49aad
1199 911326bfd56c85ba
1200 96e8683159bef537
1201 b2e801c866d86433
1202 e5cd4347320fcb0a
1203 59dab9aa700287b7
1204 87e5ae6e8709dbaa
1205 912a99d8fa47a820
1206 b3a99200d1e87056
1207 162428fcd2b743b3
1208 39ad99a7a262763d
1209 8a36e46634989afa
1210 5d31ccc8e54ba06d
1211 84a8ea917824c2eb
1212 0de197f6156a3710
1213 0c30b157b2d4eed5
1214 39018ca65246c86d
1215 58c33c459050e690
1216 833ef7fce994b5ef
1217 91db7ed9a63616fd
1218 35c15d75a4e59062
1219 78322755259f8da9
1220 4756930303f5e93e
1221 9bc9e848256c4005
1222 48dff2bb6216eee3
1223 a65ec166779b38e1
1224 add420b494f5ed95
1225 04fd3f23ae4e2d0f
1226 2007498d7ebf4f40
1227 449fc16f5d8e7dc9
1228 83366b65e88c0984
1229 641998dfc051e1a6
1230 f84cbd913585aa26
1231 d44a504985ed4478
1232 177272d182169092
1233 d3b6463e958ffd6c
1234 c1d8d31e70efd5e0
1235 6f101460ba08e416
1236 83367e97990f4c49
1237 7f3d02cf5cfdee23
1238 14a57ea0e2a01ff3
1239 b730a01bd3e78ac8
1240 4921060b8169af6b
1241 7c36ddf095146499
1242 627935ead99945fd
1243 b32bd85dc9c23d0f
1244 ec5ec7d9007d0f53
1245 4beb431d66e89f96
1246 d70ff62f29a8aa4f
1247 e915a0b80803937c
1248 ade9245bcc1f2f2e
1249 6c6510559ddf41d8
1250 4a1ffd1c97e85600
1251 0cf5096cb178ef9f
1252 0107f7e2f3beea07
1253 3b4a0f5eeeeeb443
1254 564e5a187e547ef9
1255 4bc2e73d9de8ba9a
1256 8da1d5afac8f32c5
1257 3f45b244168455e9
1258 a5daf5052ffb9f2b
1259 bc314f17975fe6b5
1260 ca5fed348ffff5d1
1261 674f59109418a087
1262 0827eebedf0ef4aa
1263 ad741316b6d23051
1264 d39389c7c701eeb4
1265 eb405b425370ac99
1266 da5494b19c6d10f0
1267 28d52e76793e75ea
1268 49682f888749fa91
1269 939ab1fd6f2f977a
1270 07c155e69e09314a
1271 90a2dc6b3afbdbf2
1272 c1db2b5498b6429d
1273 74ed17b0be2c681f
1274 f1ebc1ba3d066c53
1275 a1da6bf71a3531e5
1276 ae8021e859948e29
1277 e656b01518c75947
1278 6b85b0e9d89a3ab3
1279 b2a3ce4b39c0b286
1280 8b07457c653dcdf9
1281 04cb369f30486375
1282 3c9afba9bb7cbf9e
1283 2dc74d04db23b8ef
1284 6ac667d120a5a03b
1285 be76bf49e806aaf9
1286 23180cc1ce45fbb1
1287 02940d72b01794e4
1288 d875f91218a97169
1289 2585734f50f1175a
1290 95e9978f2fc31316
1291 3216aab1d00619e2
1292 0314e72bf4728956
1293 9b55e6e1993a8879
1294 0435f02c200b1ac5
1295 90f0e2fb57e50121
1296 92dbe3768d17697f
1297 c80295efe4fd1192
1298 75b3e7d88fed3504
1299 7ebc0334dc841e61
1300 4c81127db0fa5859
1301 2f5ccce54cac5873
1302 d4689ff386365df3
1303 bcb32caed423e708
1304 579d483778604198
1305 a6d1c479727b71eb
1306 64bfacc947c18efe
1307 7d49af83d6e95795
1308 2e2583458f9016ae
1309 200069cd5c4b6e8b
1310 77c1c60b3872eebd
1311 dbdd8d5185346d7e
1312 ca580be46b9f02d4
1313 1e9419d97dd2e8e9
1314 c6234eb8a6323a87
1315 f5e0c1335e8cf887
1316 914101022ba03f27
1317 fa8573e6b9a23f35
1318 c0423828dd028d50
1319 c01c858e90524d11
1320 ac7caa04889d135b
1321 b7f94fd0a78a592f
1322 617e543116f30916
1323 8af3771bc005559d
1324 3cf89cd18084b335
1325 e4b02fed38da5f83
1326 557dca5d8132b0c9
1327 1bdc0c7052c1f131
1328 2650e2a16efcc885
1329 260604d5121ccd98
1330 f90f91e174bbfb8d
1331 199d95d7efc2e8fc
1332 f218237f088df18e
1333 f490b4fc16828d94
1334 7186e4cde418d0ba
1335 aaaf5496c99b3e25
1336 682e698498b242e0
1337 6df894cbdbaf5a4f
1338 fa756f78e221b31b
1339 5c35382782370c3f
1340 da09a9fdfaa3eedf
1341 46d1391f1a13698f
1342 5fb3f5c55d206370
1343 f592aecff07004ba
1344 f92e33c184c0d58d
1345 ebc057bbbba9737f
1346 77055eb2393ec17c
1347 0e48840e6e4ae0f9
1348 16e3aa70fab2266f
1349 907a97c914037c38
1350 4cec83f0f6f84e88
1351 0fb37aa71ea8c38c
1352 79ae5e0c469449ef
1353 aace644bb5a29e37
1354 6e0799613be59dfb
1355 1609d5673146f4f3
1356 9c6f764e10c6c777
1357 f8e6a68422d0956d
1358 e1a350d61bd62518
1359 db320e5c7c4b129f
1360 564c77533088f617
1361 2360d52a7e330eda
1362 8905e50eb0ba1f33
1363 9af3f6295a1591d5
1364 0901de494f02ee9d
1365 657ff9d1cfcb12d2
1366 4146ddfb9251e63f
1367 1d4b7e006c9f7055
1368 d938b0f71d84e280
1369 de9aba81302f298f
1370 6b526bf728f41872
1371 988c96013ae7324a
1372 83ed4908dd4eaf68
1373 7a8173a844e6fc78
1374 703072e420985bbb
1375 a2f3fb94c9b76eca
1376 5528c64d4245f818
1377 71f36c5b1e5417ec
1378 47ad8da367b3bcb0
1379 62bb75d124accde1
1380 ee8aa419b5964d25
1381 3a4b07876f77c9cc
1382 5317d2b917928435
1383 86d49e0a1ef83227
1384 4f28e2316f172316
1385 abe598c551241eb8
1386 5865af0ee4b73f6c
1387 72bb8ee42b3cb20e
1388 61012a776adbeb2e
1389 c5d9b732a13c6f01
1390 77ac8d927e62058e
1391 f8d62b92ab3a81cd
1392 30c919342b0a23b5
1393 f8417a169206b30e
1394 94358bbc235407fc
1395 b70d1af0613b5f18
1396 98a9eda08fb38449
1397 43d557a1660aae60
1398 80a7c1e038a5d4a8
1399 aff29f9f49c6d001
1400 1d369a39f098b55a
1401 b39f4ea1f8dd9b2c
1402 7ede7080487ef028
1403 3d88e3c2844464d4
1404 71b64aa3f853fa13
1405 74b44cb08e5b3db4
1406 f587a9a1b7620c86
1407 cb29431c6e160781
1408 310b06fd775cff0d
1409 1ec17d357b9ccac2
1410 66b8d55c82928003
1411 29c65db1a04bc832
1412 b767c698a0b9e0f8
1413 dfc76a2040b8b8d2
1414 0e2b2ebfb8e95b89
1415 1e227ce25e07752c
1416 4b674d192c46df7f
1417 484e07a7665fa5a4
1418 fb12415eebb87c26
1419 7701f02fb02dc738
1420 5790debea273459b
1421 bfddbff9ce0c2255
1422 ef2c2b5b89766215
1423 0bf41665e5741d62
1424 f7a3c90f8733e919
1425 afdb820c4ad8d482
1426 8e4438becccf53e3
1427 5ca365de27ebf22c
1428 3fa596574aee1161
1429 30603a23a5a49a57
1430 22b5db1d04884ec7
1431 20ee84ad5f5d6254
1432 8f5ae08c5bacb760
1433 e87bc80e22228e6f
1434 fc5d65594062ff6c
1435 01a746e937f29853
1436 273da2a93ece7c96
1437 19cee1ff5ad12163
1438 9ad19700d074bc85
1439 56cc1f6acee800e4
1440 2856e9bd73de7ca7
1441 c7ea9f676df35140
1442 7dcc9a50cf749cb1
1443 a04b9bed8eaafbe2
1444 da44d310dad49db7
1445 202e5c50db0a8eda
1446 8f11be0d9640db95
1447 d30a238395d0f4b4
1448 a7b44db1865dd5f8
1449 fe76696732351334
1450 955908eca697f56b
1451 f8ab9628ac2f7e75
1452 589ce779b016d201
1453 dc480549fe5b904e
1454 957114fa6a314521
1455 1f7ce2772635aacc
1456 b138080aed0c54d6
1457 29ed80f5023beb42
1458 9b262f0370df82f9
1459 738435ef698fe7c5
1460 82dfcb44054557b1
1461 5cafb2585cb2346f
1462 a73f9a26f0a7d794
1463 39462c9963cca238
1464 ddccdd8b7ef4b7df
1465 a7486311d7be0c78
1466 cb5817d3115d0af2
1467 c043dd7169739b55
1468 897c5196d20f339f
1469 9dc205113e235356
1470 ba739b617c7d1382
1471 b1cf2d93f09a06c6
1472 a346e3572ee2801e
1473 9724349be0211007
1474 e5630614768516d3
1475 7fc6541e6df8ae76
1476 42dd5edfd4bb76e0
1477 5dde404be9b356ce
1478 8de1ca0fd1283823
1479 b32f3e2e645c61a4
1480 57b01ef7e463f49e
1481 f9543ed73538255b
1482 f34780d1efe1bb19
1483 d1528784188d2dbf
1484 5b5479c8cacdcdbd
1485 5c78844e0c35d755
1486 f9a5020fa9aea8f8
1487 b587fc9a164597f1
1488 66bfbca5a5ec0f7a
1489 20afbc74e09afd89
1490 7a233ea5e94df88b
1491 d0616ce2351f39d0
1492 765ffdeec997897f
1493 024966237c0acad4
1494 accd739c2ffbd061
1495 e88a46236e4b5050
1496 358ab05385d598c1
1497 1af81f4901ee6c2d
1498 2daf68261109eb90
1499 30b22c8b2f721541
1500 bd580eaa25033c72
1501 ac111de7d1db4705
1502 9eeda65b2d0330a2
1503 c66f48a8ffcdadc1
1504 53369297196e0d5f
1505 8973e63f3d2ed942
1506 5793a2a80692f715
1507 484c7807af7f2816
1508 2b6e8b2a9ed2bca9
1509 c2acd384b71c5966
1510 89e8ff1cc6df5438
1511 21b8d4693ae3fc0d
1512 5f1b3df4ae17df6f
1513 877841f43282d5cd
1514 ccb10ac15dd19853
1515 acd4a108cdcfc32c
1516 609be85416690b17
1517 e3c1cf710bed734e
1518 202f90ea1112f35f
1519 11edfa044f9891b2
1520 02c354a8e0dca093
1521 1dcf91dfa4a458be
1522 ec8f51279235cf49
1523 553f0e2faeffab42
1524 455b72cc9adee6b9
1525 b58303347df155e6
1526 7cceda524aba3360
1527 51ba066e276df67b
1528 e98b630eca391fdc
1529 f8c92e8bef350ed5
1530 d69698d5a0eaf6b6
1531 8d5c573c422d0467
1532 e9aededfe982839c
1533 c175af311f87d389
1534 9b3ef69ee2419346
1535 9c5b2b6b3b26d92b
1536 1a570cf2c9ee318c
1537 10a4b79e1360bb81
1538 fca9b477dd2dd723
1539 11fac36883e604ca
1540 2def5b11d74fa80d
1541 51786884ee51cca8
1542 406d33a712a2ea4f
1543 7fea6bef02e8d87e
1544 d6aae23e256979ad
1545 dff6949419e3e360
1546 0a7a2347d4e7e553
1547 714e4497b41713aa
1548 5d01f65aee3ca845
1549 5ca76c243e434de0
1550 bad23c18541efb7b
1551 bf3740cc58c86ac6
1552 00347cc56aa504fc
1553 7c0a9bf326dc7940
1554 858be053e6249a5f
1555 7b1f0570686185fe
1556 e46825b1046026a6
1557 55d5c5f7e2a377bf
1558 1aeca007363203ac
1559 a748c771835ccee5
1560 a3e2963a11bd33ba
1561 33e637e7a049a0db
1562 93b6793f9c957883
1563 c48c5f0a4c324906
1564 4399679e8af5dae5
1565 8f9c0956f2361d50
1566 72f858caad866953
1567 9e1b950419806d56
1568 bbd9c8e7ef3fab97
1569 4f2d512dc8b2bbae
1570 9db2646cc551e9d5
1571 44f6f8a12d7f7950
1572 dab496852b49701b
1573 6df17274447fd24a
1574 9b18be02fd73a22a
1575 4065f809e9b8beb6
1576 ee03a97cb5e2c1b1
1577 09406a18e3b70f00
1578 8ed093e1cfdf56ab
1579 22169f1c50e33cde
1580 e19049c101cd6478
1581 6658f867d6921eed
1582 813d7e9e5172976a
1583 fd2406371290b0af
1584 49675e48addff38c
1585 f16fe68d316f3a1d
1586 15f3d4a95c970a2f
1587 92ee0d16e83cdf2e
1588 5657e86c2e4efda1
1589 4c638fa28f595568
1590 a027a7d4fe31547b
1591 7acf9eb832acc712
1592 f4b6d2f38aefc658
1593 fe3a09b91e588ce4
1594 f4cad62258cfd47b
1595 278d56f230d2c346
1596 e4518aae8eff1189
1597 73b81d49d00f7374
1598 47366084c81d5f7c
1599 762dda1d4d2c37a8
1600 71eb3ad9372b38f1
1601 151eb45753cfdc1a
1602 fa0880026f2eb823
1603 90267a0cca87a401
1604 b5e65e39b179d947
1605 8022a6da62b3c5d4
1606 7e645ad948735429
1607 15b24975d4d7ea05
1608 379e6e0f380f9fe7
1609 eaf7daba74b0fbf2
1610 90a3f7bfa61d9419
1611 819cc24b23395b5e
1612 07dcc53c37d43d0f
1613 8facf18a46361955
1614 6c5f067823b9c4ba
1615 2199b67f45923d2b
1616 96b67dfe52157513
1617 eff4fbe039c02822
1618 532a4391e9ba6d94
1619 7632750930e09e2a
1620 f8c87e841c9e7a37
1621 2e0137070c1933fe
1622 94c9f8f0378c24e2
1623 204fa05f72ae802f
1624 a057b32f2668772c
1625 1a68b5135f137801
1626 b28cf61be1e61ceb
1627 643e15207743906e
1628 e14ac0494ce3e9bb
1629 f2872c8ed16e2d82
1630 52d8775e93d140cc
1631 a2ee11e3ee22366c
1632 e75cc60fa3bf368f
1633 f43bd6986c0ae416
1634 66ac131a8e7dfda8
1635 298e9bacc07baa5c
1636 790826c4ac29193b
1637 26fec59b9d54ef12
1638 97912e76d1d733c1
1639 38c9ac82f973911c
1640 af497fcea50dc4b5
1641 92a46944db15bff1
1642 5b4f72a3e1af43a1
1643 25b06cff76448cfe
1644 284671ad5d0ef210
1645 9b47d186618e04d1
1646 3d787555268fd32b
1647 084077f19bf60a5a
1648 eb2babe13e15bd6e
1649 695420b24854e1f4
1650 6e9ef344c14b4c54
1651 2ee8344552ba305e
1652 e8adf39530bcaedc
1653 07c3f1f96f3a8680
1654 81aa26a055520b47
1655 b66e6c50d4901e62
1656 115a6758f7bdd615
1657 baa8e84b6bee6620
1658 26cf2c5e92700ff3
1659 95b41a4036344fd4
1660 56c68daeed86d81d
1661 909005c69321d096
1662 04531d9a0435015f
1663 60128f6b4f3bbc5d
1664 3d0ce110b908de7d
1665 d46997a9f6406270
1666 66add3ac4c9f14b3
1667 874d49db63246b0a
1668 5b9b72aa69e6d225
1669 1d8dff201bc773c0
1670 35d61c27f7e5d95b
1671 6b8256be015a4b85
1672 26bca8641e5de915
1673 5e5d7a6b65ed6e20
1674 434863504f1bd33c
1675 acb52dc678f1eb8d
1676 0b6e9c0a2a62d2f7
1677 a69ac8a8ec5e9af6
1678 330fb124985c4efd
1679 b07e152636dee75e
1680 8e4caf68fcc331c9
1681 554901927506fbf8
1682 fba37ae815df9736
1683 f9fe5eedc4455c70
1684 7a49af6380890033
1685 5f152288b882c17e
1686 d1faddae87f86085
1687 ed5fc47418cecb7b
1688 0b4abf46acd9f9d5
1689 d292eb4eae7de454
1690 e105b0b3eef6358f
1691 143cd2a997247912
1692 ccc48b5e62fee0a9
1693 cee8f4e60a2f00f4
1694 9c993d6f453588bb
1695 9b5f734a6ff0c83e
1696 8fc35d861e00db59
1697 81ab169ddb8ac7f0
1698 7611a638710286fb
1699 e54a3da0b8b6a368
1700 a873e35bbd541ef9
1701 a4fb9acddadb6f39
1702 613a30a8fece4d92
1703 d5ccf506bb5d4694
1704 687a15bdd3c3ce17
1705 82c4bfbcb14cf390
1706 6e1f4c866c660cc1
1707 c2636c56386640b6
1708 8fd537289db1f2c3
1709 5fc70a1c53e6bbc2
1710 8f2fddf772a22d69
1711 99e866c10f2e2df6
1712 282b70a015866f2f
1713 277c5a317d47f7c4
1714 c3f5e02af40803a9
1715 f9c6b6079544cd64
1716 54c147684a568fcd
1717 b62849e431e06dee
1718 898a18160f5ee879
1719 6fedbf0061e64ac0
1720 484dd2087077e4f3
1721 278ff242185ac438
1722 770a560eb1f16e9f
1723 09504ba215dd5278
1724 48b86fb852307187
1725 63155da5487c2662
1726 b9e988ee494000d5
1727 5e90cefb07864332
1728 dafb48b65574d47d
1729 8dcb4a75be86723e
1730 056133ab0d817b38
1731 054a576da84bf0e5
1732 ce711d789a3be06f
1733 8a594ffbfd830ee1
1734 c865598d53d0dcc0
1735 f999b0c67d9b838f
1736 07e99a82bbf5967c
1737 e0a5a62f894b060d
1738 ed004b001d813642
1739 41cd14a7abc1ef0d
1740 10133428620146eb
1741 e840e04e6d10f4da
1742 eb453068d4ed95d1
1743 17316b492b0e583c
1744 f3450b6146f0b87b
1745 0f533f01cbbdba70
1746 0eeca387a28b06ea
1747 1838b3b2dd27b299
1748 e259c416d087da40
1749 4990bdb83a3e2f39
1750 24ab869012d24084
1751 3bec2ce042425b6d
1752 752c7d71aca4ca16
1753 83240c1ba6b5742c
1754 821bde5ac766db90
1755 9dd926567dc2a494
1756 e6d5561853ad1d6f
1757 868da9add2ec7b70
1758 b010872d20e5a822
1759 055b66f366d95a11
1760 d04952e035a0ae9d
1761 1052594529139f56
1762 ce260e5a3a32bb1e
1763 d2ca50273665c808
1764 f0c8213d0279e2b6
1765 d4c9c0600e089c13
1766 9fc89a7818d13a65
1767 328c9ed2a4ee3f74
1768 87f8cce99f5a381f
1769 1332066c447f0ca8
1770 5dfa00dd9f3b39dd
1771 38a2d2a5ba5c1c04
1772 3e22c40f6be4aa72
1773 7e541b4795ae16e6
1774 d1a24167bd70e895
1775 a7810be8dc1654c6
1776 0f96e1f2b4458042
1777 6d5ea69dbf52c08a
1778 456d0f93a7c55b5c
1779 0ae6d9ddd50fe515
1780 243e6c7b44f22386
1781 702007df9368109d
1782 35fb094744706d1a
1783 c0e051b13271c914
1784 fd723334fca708ab
1785 121e1d294c6524d6
1786 fc613fea52e9cdf1
1787 6afecce9fb1a6b96
1788 977a8067d243c76f
1789 db1803ee30bb9de1
1790 2b252e3124b2eaf4
1791 fdab5d4b645cc291
1792 489a9c88894ffacc
1793 caa2076e54c5499d
1794 8c1ff475a5d52ce3
1795 635e67da5b176654
1796 3fb0921faaa64d4f
1797 6c3fedc8e731a9f6
1798 91b3ba677717d801
1799 9c6b612b48b1f97e
1800 468f5edb9707dfa9
1801 416a872db4ab9936
1802 5f1504edd668b716
1803 12f144c0ff7c9e2e
1804 d2d09ac1d9d63359
1805 21891a471ca28694
1806 dc1f836b9cedf3c9
1807 2f2d99f31ec43a87
1808 bc1d9771bec722c6
1809 418f1a6c3b4798e7
1810 dc570f0a55513ac8
1811 24707cf64c6d7943
1812 30db75d2b7d19666
1813 eae7d7d0c5d64f31
1814 b50942f93730aa52
1815 f6ffd52c28a50ed7
1816 6cdae1f5e1ad3d65
1817 3429b22f374dccc3
1818 f89b634202933cd9
1819 07d6bfc9bd804502
1820 d257e8a7b8743189
1821 432b3e82ef8b4944
1822 6627d0dc731a161f
1823 0ac0de4d8413ddac
1824 b0a98403525e9588
1825 32769af3933467ce
1826 2925ecbae52e8f27
1827 f27f9df447a72df8
1828 b5b9886d4d775a4d
1829 1b6e79ae727336fa
1830 4549ee1c9f2b1407
1831 af9ab6637af77e4e
1832 24210576fa1b42ae
1833 c14791ffe0f97a5a
1834 9507758538ba30d1
1835 25822795e5e1319a
1836 622ad29f8639e9d4
1837 788b39886be9ff17
1838 f017049b494796f8
1839 8008c3b7a8de1eb1
1840 75bee8627c49f11a
1841 9a090fdada8f1f89
1842 791a2bce656a5b47
1843 e0f50a9cee1bc9de
1844 3d07d1dfb5a929ac
1845 10ba97caae6fe1f3
1846 2adbaa4fa4e067cc
1847 eff4a09c9a44eca3
1848 bcb299c98b461fa5
1849 6d8b52e81452c926
1850 65863904ccccdac0
1851 ea2438d1717e6d24
1852 e19d2e0c8a121cea
1853 b6a43d7a4cc45909
1854 c5bbe86997a0bd07
1855 242a4f8f330cee00
1856 c874a9d1dfd87e03
1857 005e59ccde9d63fa
1858 048a50a24be9d22d
1859 94d208e03c2c99c2
1860 d2beab86d8e517a3
1861 f86a8e2a50f046e2
1862 f985cf0cf5414079
1863 60117742aaefb4c4
1864 dcabeaff27d08723
1865 483f0415d48beb78
1866 45be58b8ecac57d2
1867 a67d9545f6bfbee1
1868 a166f814ec861202
1869 b859f0499687e4f3
1870 f0687ddcb1cf428c
1871 f6dba9d93fa427eb
1872 bf72130009648f40
1873 0055b771fe2b6757
1874 84c4eb36275b0e7b
1875 bf2168f9dde078fe
1876 c0a29286ca24624d
1877 60f74a3c2e2086fa
1878 a1b38eb0ebc2ae03
1879 c64a0287c937fab0
1880 3cd73de631b35b9f
1881 ff16e8f497eee182
1882 05ef9b03708aec9f
1883 71ce6e4b23f63c42
1884 1f65ca6a26774bed
1885 13ed6fa5e7a5daea
1886 b3d5a2a4c7ad6ca7
1887 7589e170b27bf666
1888 62964814828f04ad
1889 ea4cb6305d43920c
1890 8c576585e00cce23
1891 dca903dc1b775df4
1892 8b76fcaf8d93ac31
1893 e3a715fb7932d3ac
1894 bce29b832c31e569
1895 9a4fd8d24994cdb2
1896 fb9bf81169cb35df
1897 f4e20e34f0c4611a
1898 2eeff3149bfe2d86
1899 250a9669a0af0818
1900 a4d2733c66ead2fb
1901 7aa7d489f8ea0546
1902 188d062623314914
1903 7ee1915429190842
1904 e9c0d514d31da1a7
1905 319df1b2873278d4
1906 22904434e45c2ace
1907 58f0417f94f9d592
1908 95a7addc10431a01
1909 c6764a5719a2e76a
1910 cb698a669e3a69de
1911 e557ae29bd453834
1912 983a6b0eabdd6494
1913 c4e0b18aafde0c00
1914 a34f8ea821a1442b
1915 36cdc5f944f4d08c
1916 75ec826f70a8f63c
1917 39bced5115f0555e
1918 cffd2ecedce3b108
1919 a5d34e52e8377112
1920 60dc49da4b44b50a
1921 a75d556432b0c9d6
1922 a5144c3417241d69
1923 5a314c603174886a
1924 93822b1c361f1c9b
1925 e2fe73395a4c7e7e
1926 aec073c56f8da839
1927 abf2149a4952f0e2
1928 b67bd6e76fc758d5
1929 a6fc883907cdadca
1930 efc29180528e545d
1931 54dbc2a38d9afb00
1932 054de60ff85fd34e
1933 8b6b79d5e9574150
1934 947a21b92f67059f
1935 2fe1308d49d870ac
1936 154fb7483dce96a6
1937 f1acef151589cf27
1938 c1f59212b3a678a8
1939 c13af01390c451b3
1940 0154cf66c4cd85ac
1941 871a84d74a90ed9f
1942 5454974a5838270d
1943 f58cbf938a5d6686
1944 13d3c9e45ac537bf
1945 6fbb5d37f35dc2cb
1946 bfad7d708f596152
1947 c4434913be794035
1948 d213472358e3637f
1949 d053d63985d7a6b6
1950 ed9e11379f4e2c79
1951 0fc7375a516d33a6
1952 870d754a71f54e05
1953 d3cc4a07e8246f1e
1954 273029fcdab2d5fb
1955 073ac6ed69eb5096
1956 2506ec2654ee756d
1957 2d0faaa840f4f138
1958 9c65b1f081454b38
1959 f5f4b2161b39e10d
1960 7c2e82500c6c387e
1961 27e56efb50438376
1962 2943de98f95fc3b2
1963 974d8169d1591738
1964 c630ec530cd31e4a
1965 65f3371ca21f7957
1966 015f714eb5193e5a
1967 5dd069ca0eb5c17e
1968 a8a3d41c356eb876
1969 fe8b3dd0258c44ec
1970 e6bf5207de917623
1971 fa523c1e4c53e199
1972 943010959c35ebbf
1973 8e2b0b53d72b544a
1974 81c91fa42edebaa8
1975 3244723e4c691de8
1976 c4982c8c6aa3c208
1977 8302d33beef3715e
1978 e214c3149b8e4392
1979 0c22b585405b0d0e
1980 a4454c05adb3b932
1981 397fe56b4558e2e5
1982 d672c2c8c11a1493
1983 5eabcc18f4c2de6b
1984 0f44f71ba74077f5
1985 1d1c95f44319387b
1986 f808c7b331fa7724
1987 da9170ffb5dc4b0e
1988 401b8509e64f5c43
1989 d1172a5dab321055
1990 e777909d186f1c35
1991 3f11a45e94ba244c
1992 0cf200b905fc5eb2
1993 4a819de0e74da6a6
1994 88442ef6f1939705
1995 5c121a160e34292c
1996 fc303b785e13d526
1997 a9144ee1feb00235
1998 d964c0b84f60a469
1999 0be275a35548dbf3
2000 fec40aa3e4685bcc
2001 c985608145c41d8f
2002 0343b97b06a57354
2003 3744c9128e65e6b0
2004 ba6db8cb2b2624ae
2005 3541549c9bc10126
2006 6f8bcfb7e4bc3ea1
2007 534558727b4c0f06
2008 7239c3aa59d54ccc
2009 d7e6a20fb0241b07
2010 4f0565b19d29ed97
2011 80b84377f0d8a38d
2012 52b4942bf641096e
2013 818c587503991496
2014 bcaaf615a378dc3d
2015 9380bf8765ba6d44
2016 7bfcec6271f36087
2017 8756cc96e46e33ca
2018 5128b559e16606e0
2019 f2ee2c8dd9bc1b1e
2020 66eda4ea307c2e91
2021 ecacd6c299aa1032
2022 09bcae7bdc82ea57
2023 c94890da7b80f60e
2024 d826cfa15d9891c5
2025 6d93df343397c2b0
2026 1a30849f330a10de
2027 9a04dadcf6dcc299
2028 cd87721194fddc2c
2029 bf26bd203bda0993
2030 19c2d2045ade81fc
2031 a43afb54b4c6814b
2032 5806c75d0ae19479
2033 da23c4fc6d107338
2034 532164358c1977b0
2035 6f35726ba97836e7
2036 4c2a3214f06428e7
2037 9a8abbfa6e5250ab
2038 375b8d77f2d70022
2039 9066aa0273c3abeb
2040 057de7fba8c5cbab
2041 8f8c32c085a4180b
2042 2a2ae9e1510ab36c
2043 2f2eb007a291c6db
2044 dffd4e4918d6753d
2045 42ee05ba2383f5da
2046 1db8c2a53a36d63b
2047 37134b9b50194784
2048 79c9689eb6a3880c
2049 505a01eaa9b9279f
2050 2fb3d90ef52c1231
2051 a2f0198984254deb
2052 f88f50c47f0abf13
2053 9cb698a4458823a6
2054 94a955f94ae34b06
2055 bfe00242f10b3c90
2056 e502704a76cfe01d
2057 b9ba038fbe5aad84
2058 a3fe9b011dba83fb
2059 bbb0c17e5d47fae6
2060 4fe14ff51218fe9a
2061 256d395e0eb33311
2062 ea711d7d40599448
2063 ebe06cec2871f9a1
2064 58a4ad05ef934631
2065 f5987ff7be484fd1
2066 ecaf3c3a3c6b0618
2067 30973136aec3cd80
2068 b8f7ecba47a44913
2069 9343ded8ac4e1cee
2070 ba2fb65f14df009d
2071 bef63340b8198d0a
2072 6bb799d03054c8a1
2073 9e3b6c66516e0d24
2074 b607f10d69a098f9
2075 b76671abbecb4dfe
2076 fb833993d8168455
2077 490ccf049bf03bf8
2078 73a7195767b372dd
2079 6a7d721d061e57b4
2080 6d867acf2f6e4c65
2081 7888523af9ea9acc
2082 b53f7f2cb333db9e
2083 f85bea768d4eae1b
2084 06debd7469921614
2085 e5078b4fe08be62f
2086 f8148d00d78dddab
2087 6c4c110d99e723f2
2088 614a3347fc4cf43b
2089 33115265499fe507
2090 034d3ad877b85203
2091 0a95c2a701560457
2092 cf692715b2fbaf50
2093 1d2a83aba9dd8e99
2094 138fd59efeab7772
2095 0151fb1b6fac5893
2096 7854c79d40e61cfd
2097 e33dc737e0fff47c
2098 d546297b8edd3737
2099 7d02936820c1e478
2100 20acd8d64a450486
2101 c12a4245fdd9e9ee
2102 75d5d1a5005f6126
2103 43789abe748827cd
2104 5f4d055274f9fb29
2105 190be8cc44b7b279
2106 45ad1c81cff809fc
2107 3e166bdeb48dbfa2
2108 3794ce687d3b3eef
2109 8de72371e043ae43
2110 ec0f376cebd01b2f
2111 54610e8973f3c666
2112 a68d5e2a017dd0c0
2113 6487ec5cd4338877
2114 7b12d458263df2ac
2115 6ba56ecab98b955c
2116 4c072f01adafbfa0
2117 4f24cc8260e6022d
2118 a70266e50c9fe991
2119 fa7008a0285e2689
2120 3e8b740647eb44ea
2121 1d02910ed61c4e14
2122 3a1f81feb9731b35
2123 4113ae2845679f84
2124 2c7ca13d36be8768
2125 39cae6bd8e7a9ea7
2126 de7f8bbbfef24069
2127 8506361e02c312ef
2128 606bd345405c1e99
2129 86013fd96c3258bd
2130 273106dda07519ae
2131 7f7abb5be487cc47
2132 810672504be9e798
2133 043abe45bbe7f9b1
2134 e994772ef3ef0342
2135 97a3755183f327ab
2136 6b2f96ce7b5ce01c
2137 247c0b51b23a480f
2138 a84987f741910223
2139 6ad7d51c41f5a4b5
2140 c946c9181f8944da
2141 a02f14b8d1ff3073
2142 2435f8e4faaa91a0
2143 1edc3258bf678109
2144 333891c4953cc4be
2145 c1c426fbe0eb9067
2146 14cbb31136de2fd4
2147 52ee7244be696c7d
2148 3a25c351a57011b2
2149 66faa186207cffeb
2150 06b935163e4d3738
2151 d62360305df71c71
2152 143743d0e6c2f296
2153 b44c03f7f34a4d9f
2154 2a04a2c03184492c
2155 71dc8bf609910745
2156 80f955aa48d84aca
2157 01c0432be89c3ec3
2158 24ba2cf3d137df50
2159 0d90a8e7dfeaad39
2160 00dc16ffd1d5f9ee
2161 2a34fd477d6953b7
2162 8e365d85f7167944
2163 33133eb21f13afcd
2164 79934d65d96a3b62
2165 226f7c6423a19c7b
2166 9727706ce8474428
2167 a70d2708e341eaa1
2168 7062e10bd9c845c6
2169 cfaca5ec3018ecaf
2170 da24da088099aa1c
2171 365be4edc25c2c55
2172 5656df6b456ad93a
2173 20b41fd6f247cf13
2174 04343df0706f1f80
2175 1604ee1f10d93669
2176 28c3cdd3a7ee541e
2177 fee1807f4a2a7687
2178 178f9d55acb87634
2179 5f01c8f6eb9c8e9d
2180 1b8ab1b60e9d7592
2181 e35ed332dcfaf70b
2182 ead81e6b3e67ae18
2183 48fab43f01d49bd1
2184 ef5b573dbba9bdf6
2185 a495ad6da01b703f
2186 6ee3d274c507478c
2187 e6162ac62b2e5665
2188 c1ef22b690a897aa
2189 8384865bae3c4963
2190 0c4602c56b6f2030
2191 6e5a3cb39bddb919
2192 a23b373b0149264e
2193 3904d7d78c8c92d7
2194 45fd5e813ff6cda4
2195 e729c8c722f3e3ed
2196 2fbeb18c23d867c2
2197 b37fd98604d2d49b
2198 7f091bdf64369608
2199 421b728a86c70901
2200 617c29cc19458aa6
2201 4ff1156c99213fcf
2202 941654fb127ddd7c
2203 1b1265d00f3f70f5
2204 5cb3ac0bf311631a
2205 3bb36add821bb6b3
2206 879f8b54a7b32c60
2207 bf285c89aee7e8c9
2208 c0df93e414aa0dfe
2209 efbbe25644ed6d27
2210 7727851e9ce8b014
2211 02bc4ed4ba1e89bd
2212 9eb2ed5b793f1c72
2213 7cad9f3a3e4acbab
2214 690ae085f2396478
2215 f2f874afbac8acb1
2216 003f481e9ac8f356
2217 d7ede1edb32695df
2218 b5a9ddf58adf82ec
2219 6d45c2d2f399a485
2220 ed3295da28d6360a
2221 df7072fe9db0ec83
2222 6fc643a78e002910
2223 b3aea9290e7adff9
2224 8f96445f3462572e
2225 981f62e643b47bf7
2226 98752eea59f89184
2227 71b8c47dffa5b20d
2228 b8b954660e785f22
2229 8d0b7b6a179360bb
2230 c416aaa22d1a3d68
2231 94b46395cc4107e1
2232 a97acf18c1520586
2233 5116fadbb16ad76f
2234 1d6bc025935c87dc
2235 6a0a13cc28ff1c95
2236 b0230102d664c77a
2237 b0b2a22b33c3dd53
2238 b4a1e22d2a2b6d40
2239 2f0cec2070110029
2240 364d3454db51a45e
2241 bba9de244811d947
2242 2c115bcb51b07974
2243 69fa4942f04914dd
2244 b4c817c0ea6eac52
2245 627a697c758ce3cb
2246 3cbe1b05a972a058
2247 0f838830f41dd011
2248 40914477741430b6
2249 d354367d16fa557f
2250 d3340a8f381a064c
2251 b21833050cc609a5
2252 5aac807a0d8d1fea
2253 c80b756d5989d523
2254 d3d43470ca9f70f0
2255 ec4d69e7b663a2d9
2256 4c3d58f3718b868e
2257 4a38117837131d17
2258 4b64531cf542f9e4
2259 0c0db234b9e02d2d
2260 ebbdbf0e9f6e6582
2261 95a42fd1efafd5db
2262 d2a8242adb695348
2263 d81aaf41b0b74441
2264 f4c03bf0427cf966
2265 15182dab0905a28f
2266 c26e34aa4584063c
2267 c884912c1c544635
2268 ef18d2fe7d4d991f
2269 a8deb2c36eb61be6
2270 715d67611c2acde5
2271 c774861f1047f53c
2272 935abf35c610dfd3
2273 c9180fa01030ebaa
2274 cfee43b969296829
2275 d72142ea47b23320
2276 3c1ffb8cda1d5157
2277 f451e9d491333b01
2278 cf1a4420ef770042
2279 2b73ac54734f069b
2280 03d10dfbc22170c4
2281 d91cc1b9d2e2122d
2282 04cbdd020685075b
2283 71ee30dd49e021af
2284 6127c22e5dab2ab4
2285 f655f326d699c206
2286 684c272d921cafca
2287 28d0abe54f3737e8
2288 9b48ff36b21fa73f
2289 d56c711ae1b5c3be
2290 e5dbcf51f1d57764
2291 c17e26644d25722c
2292 18e22bf772ff3db1
2293 38cd29ccce751d9a
2294 ccb50230840c6335
2295 79f8e0484e89fdc5
2296 88900c7ac283bf5b
2297 5852a87c88fb0892
2298 3fd869244a2e9136
2299 75ceed90c2eea219
2300 dd7be493b5dabd64
2301 934514df48a68976
2302 a6478e544b61b01e
2303 62d03bf35bb23126
2304 8981aa22c8fcf186
2305 9aba6b229f4c98e5
2306 1b9ffccee5326872
2307 75e2a31d41be9703
2308 57a4e23b3963727f
2309 255f2194a03c7ecb
2310 6396ca5397922bfa
2311 67227cf69b69d7db
2312 9a6641d2550c749c
2313 8fb4f66700386675
2314 08d5734895b41c19
2315 8b27c87ec89069ab
2316 44372cfb016f5d48
2317 32ca801c47a83b12
2318 2baa6bdba88d53be
2319 5d0e27033dc6153f
2320 947a0083c91c490c
2321 e287b853ba5f1286
2322 ce3a2a9d9ee6db61
2323 540b1db7a29b214e
2324 77b9bc2a17b25eff
2325 eb7d6f772c13317e
2326 30021d5d14b1740f
2327 4230d66046cfca30
2328 fdbb0f06c9f0b28b
2329 452e46412dffa5d3
2330 0a749d2a3077cdf2
2331 5d0092419a014fb3
2332 1b13d1eddfd7c364
2333 b97d1e27b7082b79
2334 37119e5ab018f046
2335 d9ce13c1878869d5
2336 f456322dad236d9c
2337 a96a1fb9aa089ac5
2338 df8912cf934ec1eb
2339 a61a9ea0316709ce
2340 f6b89fb510299a4d
2341 05565702f3b22263
2342 2bddf57a9d780617
2343 5c4f8e0fca355876
2344 70df965e264fb46d
2345 e83d0671a823a795
2346 5adc66c8970b54d2
2347 c26ca76b88938da8
2348 276c1c58045c0ff4
2349 b83c27fb9f9b392d
2350 d477d61ab1c45b92
2351 d0267d43a2aac16c
2352 23a6f69ddd71e5ff
2353 6fdb0bc0a056e533
2354 29a86af9a47110a9
2355 e910ef8c77315578
2356 2666bf14ea1e235c
2357 fbe2211b3a4bc96d
2358 aee570c5e12df29a
2359 6bcb6de6892b4627
2360 3042250a93319ee8
2361 8f8e43b753931ad7
2362 630e98906eba9d8d
2363 bdb1054d3e12813e
2364 0c2d8be398e160bc
2365 2e359838dfb1cbdf
2366 50a7a51e311f6a74
2367 668d83ef69b2320a
2368 c34216e96e322401
2369 5ee7379e8cdf7171
2370 3cbfc85a4549652c
2371 24a4879916024ec4
2372 430605c3f610cf53
2373 65443b6f244b96a0
2374 685e3e438c9adf20
2375 3cf470b7ebc998c8
2376 91f8f7372b7757c0
2377 5c189f6558235648
2378 32399ba8256fa0ba
2379 04392901e29bc6f2
2380 85d63d22dcc259e2
2381 0805bfe5cc781c52
2382 a63817728aca8a01
2383 4490fc1d33c513d7
2384 5525e02ddb1d2c7a
2385 41abada8dce3b888
2386 4cff4d9651375504
2387 0d0020902c082a96
2388 488b0785fe57b9d8
2389 cc5f6043520cac88
2390 0dcf35fed31122b5
2391 415c00a7f74093b8
2392 13162d413e753279
2393 663bc30356a20c37
2394 6ff2d728b493bc98
2395 cf3e87608af4b7af
2396 de5e7034560455de
2397 b76a816f89f890a7
2398 ba6cdd48697e47e1
2399 32090b7a96cfb94f
2400 91b41484e5657a51
2401 0b1ba77fddff46f9
2402 1d97e211868695ff
2403 a7d9cecfe43982cb
2404 8330ed7f88867dcb
2405 f9d685352068910c
2406 e4d94b3b7937ae82
2407 da8e1c03d2899ad6
2408 8673618c2719f42a
2409 0a7ad92b00f16a13
2410 a32e8cc9c87e52ff
2411 951825dc91a9ebd7
2412 7c5f57d961a02369
2413 02a084348fe7785d
2414 7ddef3bf6fc68e5f
2415 fe049431062f8036
2416 2e73e812124345d9
2417 f0fa0fceb6510334
2418 f859509e2613ccd8
2419 867a98cbd1a87e30
2420 ea37d1c085560013
2421 e5ff07e18fb8f6ac
2422 f1fdde2abd09ede8
2423 fe646e220c71410a
2424 37ce776f3fc3dd06
2425 c170a6d4aee43d9a
2426 27e7eef144e12627
2427 4d64a941f607fe20
2428 141712216f49b0ee
2429 ba6d6e6f7008574c
2430 93845c66533f766a
2431 fa9419023540c162
2432 fd6894082c458997
2433 86e1f9d11ed58df3
2434 dca0174e7ee67eb8
2435 44c970e3ff10e06f
2436 1f95b88ebacc372e
2437 b2b21d7ad0bb7ae8
2438 4c0979a1f18adc91
2439 a0a8ec625d3531aa
2440 2dfc86d8924f2510
2441 beddd038beb81497
2442 d384af8abe008843
2443 b9903054c22cabed
2444 0a6499ae5bdbe578
2445 92ad435a37d1a6c9
2446 97fa694b74c1266b
2447 bba719799c710f92
2448 7d69a7130110635f
2449 0557790fde0e4c98
2450 630faef208e95139
2451 7237887f526eecbc
2452 2949847b7409f64f
2453 7627ff269b70132f
2454 6b04cb7594227451
2455 a37cce8036742d96
2456 47d4221522455525
2457 8d65703eb07dc943
2458 8066f273cbade29d
2459 3d872b68a0745fe6
2460 6bb8fed9485a99ce
2461 72f2f699c060cae8
2462 9b1ee228ae8e1590
2463 4452cc072ac4b70c
2464 84f066cdeb35cc7b
2465 ab5a56aabb0286bd
2466 04702e19a332c1bf
2467 5edb0ef9108931c6
2468 cbc8e54e1c91819a
2469 80db4cb69c066001
2470 12666b2ea248e2b0
2471 ebb3b31a35e1b321
2472 6dcdcbc0713d28ba
2473 b599fd3604c71a9b
2474 d8b86d79b7cc9020
2475 a7424124fe5c2cab
2476 395f83c035c2ca41
2477 b90389045c5a6a53
2478 cab8c2417cc53a84
2479 919b4c4c18ff291d
2480 9cf3eb8d7fe86cd7
2481 40c05f5b9f66041e
2482 6f0257738694a03b
2483 d0202d41164b7094
2484 4e3a32a777282aa1
2485 0e537e9454bac584
2486 18fa755a0a46decd
2487 834560a7c1f721d5
2488 79b61f940185ce91
2489 e71cbeecb661fed9
2490 9ffea882e3548b12
2491 d638e131557848ed
2492 73b07f93526923da
2493 93926ba249c231c3
2494 d06fc97595f0dfe3
2495 f92d03d3a1db76fb
2496 d58ab9e993a398fe
2497 e86234345f5cf6ea
2498 0714ecc02b6781cd
2499 10d5924fa1b0bd50
2500 afe131dca5e14c43
2501 4e6b5aa6c447ad40
2502 02b70c12bb7ac650
2503 a7e04c359bec7503
2504 f897f326cb479bdd
2505 53fbb45303b012c5
2506 d4e8327c2d1f293b
2507 3e122d1499b7db78
2508 d99e7e48c413a087
2509 98417c4f7c130952
2510 50d53d3a53c55cb5
2511 a985a23cc57eabcc
2512 21b5830e10d46395
2513 66ff2c481c6f91dc
2514 70de22f43d7eb7dc
2515 e4cc87cf391ee21e
2516 d9968b73dfddca5d
2517 4a1cda20eed7f3a9
2518 54e183e01abb1fdd
2519 e310f4238b664fc0
2520 74b1fa93b3a49799
2521 01b81eaf9a85b8ac
2522 1c624753236178c1
2523 5ae03eca686eca7f
2524 ff2d6190f8548bb8
2525 6469535cc816f517
2526 73ff5c86c5f54fc2
2527 bf78210669dfbe7f
2528 7217317bb88d2c06
2529 fcb4291cc7b1b26f
2530 6b73bac4eee90d27
2531 3965f299cef18706
2532 7ccb9787b715c8af
2533 4c23559f491f8699
2534 b8ebe7cd97e355d4
2535 3c34fca5f9a873c4
2536 c9f16d5fa6281603
2537 335da729698e1c3f
2538 8faf4168a0795730
2539 161ca21d7b506a1f
2540 364d931cbb34ef56
2541 84731fbde9217b62
2542 951a7d21704e51f1
2543 57e095dab6c7d184
2544 386bf266b82e1e27
2545 b702e5e7dc831cdf
2546 1a481047350ed67e
2547 e20f6471f83fb37e
2548 97a81abe6e200f56
2549 c0ef0540635658a0
2550 9e32ba256ebd846b
2551 04059e2f0cd8b46e
2552 de01db2058d3a941
2553 089b9534301c2581
2554 1786a53f30af1106
2555 e81580baf568b72b
2556 e80b1ca907e5159d
2557 ea09905c2d14c256
2558 e1fe1bc4e13b9dbc
2559 8ad0aa4abca6f491
2560 f01c1e1e35abf0ff
2561 379cadda99f20109
2562 44f7781c0158f7c3
2563 09cd3126a176aeb5
2564 215624e953099c88
2565 ea7a67a28f994672
2566 812487039526c865
2567 1ab3e0e9529812a5
2568 8ef12dcfdd6d1bc5
2569 fe4ca9a6ed1c67a2
2570 94ae6e1df70c00b0
2571 4d28fdaefb738530
2572 c3c1e87a45769b27
2573 502ad6a37de09545
2574 377f4fd572b3d248
2575 a45eaa1d7e81596a
2576 968979ead21c3e72
2577 fd4306a24fd44995
2578 da28a4776de0396e
2579 43269fe98a29a8dd
2580 ef930cbb63d75d15
2581 17eca308885d02bd
2582 126e075b45536bb3
2583 17efd33e0e006a0b
2584 f244a25dcce42f31
2585 f7aab472cc75baeb
2586 47f60aad1ca601f3
2587 effb5ee562596035
2588 0c3d0ac9ff224ce3
2589 ee24c60029c97303
2590 f6e69f9e1bc20e1b
2591 b7d3304ef5dc2594
2592 095b08dea5028f28
2593 f1636fe243540d66
2594 ca24a89f923b423a
2595 5fedc31533c907c9
2596 dd04cdff5226633c
2597 076fa702a99b3bc0
2598 053de4de633e192b
2599 557e6acdd2c8f44f
2600 bd5887470e49ba4c
2601 97e985aab926c385
2602 59094050259ff939
2603 cbe896f386da7b25
2604 6ef8dcef8654eb9c
2605 a3ecd028afea45cb
2606 0b54cdd875b84afc
2607 3e17132d5591fc0d
2608 b811ae3c6a94b17d
2609 294df96a293dce76
2610 f65dfda9bc641d01
2611 7c6eae27e9e475ca
2612 7d235793b3ee70e4
2613 6bb68c9e9c619635
2614 ad686bca2061b6ba
2615 8f9a0bafc3610fad
2616 22af057a315ce67e
2617 fb823fdb89f212f6
2618 ee4c6039783855dc
2619 9b2aaa4e4d8a18e8
2620 b1ee09d168f5c0e9
2621 84b448c2d15f674d
2622 5ddb421ec0af19fc
2623 afc3f51fad5a233e
2624 ea8d0eef18cb2dbc
2625 24378dcb80911ad8
2626 b91aed6c47734450
2627 37fe08ae56f95824
2628 5e3dccb36159df17
2629 e8e41cb71a72d420
2630 a431ff8ba1ec118c
2631 4228f39488166352
2632 2065104ab372d604
2633 8d8c4208c56e5cfa
2634 573e5c6566760860
2635 3b6c2d2bcaee0877
2636 ebbcc670d771d976
2637 7aadae7caca10633
2638 42de634c55165351
2639 61ebb0d5a4dd5e0d
2640 985f462b2a5169b2
2641 a1ef8cca94223c02
2642 1564ca648c46b2e1
2643 97895a7d53825169
2644 a6580092cbfb9806
2645 effe4c3e0a7b3fe9
2646 ff1df18af626449f
2647 637b2541094f298b
2648 f9e82fc073f1fd2c
2649 33a129e50ad4abdc
2650 9e7ced84bb31fd8c
2651 7f2698fd50087123
2652 561cb9d1df4f3d90
2653 24ff5b22681dc41f
2654 8f54f7f77bdda6d3
2655 b74a015a92a7b85b
2656 2366078503014267
2657 481889ee85791af5
2658 472e14bb62949ecd
2659 86471dc136cbe38c
2660 cc390bab614fcab0
2661 80b5f454f330646f
2662 f5acdd49fbecb849
2663 fcad3cb365e7ca97
2664 f35d5156156ba768
2665 243a5a5cb63ee683
2666 709d86c1ad721d8e
2667 0f35bd58857a21ad
2668 46c9b9e750ac1fb3
2669 8b27142c0afd0b83
2670 07e4ed503d199c6f
2671 9b653a69afb4464d
2672 614e86ea2780e494
2673 3f17fe4bff20bd80
2674 4eddf7260ae27967
2675 9994fc1f4fce2d13
2676 43d636d52e129234
2677 123f3fcede5cb853
2678 bde30d0f7b60e1a1
2679 e91f6d8dbd621e15
2680 6cabcbfba1f405de
2681 8f1ea4b712bbe59c
2682 1a4c3ca8f48e12be
2683 c5520ea9a20cceb8
2684 5c3e2e9a7f8158cf
2685 1a993ce14287aaa2
2686 d9884d7014b9c315
2687 1591e73a89ef80ed
2688 2f5c618da2be6331
2689 ee7673f347d7f123
2690 7c0b0abaedd4943e
2691 058f7c27ed69c7c5
2692 74021ff5382836eb
2693 ad289cf1354a9d36
2694 7ad07864f0066f9d
2695 a19fb60f734dea02
2696 5a326fc8c1a7c335
2697 516c6138254aef0d
2698 58d17ed3b22194c9
2699 d254033ca3bc4cd2
2700 213d6cc51692bc4c
2701 12eaaa1086e237a3
2702 7c1bbeacf88ddf6e
2703 907dbb20460ecf08
2704 f3a7005096895f4e
2705 754dd03bdb6e144b
2706 14a40ebbc7b938e7
2707 954021ca7df27ac8
2708 9d64cf106c99d384
2709 1899f113668c839e
2710 946c069c422e5d4f
2711 077ab7ba05005950
2712 42a075ba8bf3698a
2713 ec456ba7ac583360
2714 509db5e4a2fb427d
2715 41af038d3acc45a3
2716 c2fe2a8513f282b8
2717 56345d2e79368fee
2718 3bd59420c0c6cde0
2719 fe0cefe0f8ee971b
2720 243371e90cbf7909
2721 5c6f3c3b06d15069
2722 ca71fd6a66343206
2723 034f74509bb029ba
2724 79fc41c4a902952f
2725 f2cbac5bc6210fb2
2726 cefe130d44abd7cf
2727 ec8f2ecde626be4f
2728 cd2d03e8a794172c
2729 a35c77d2b9daf481
2730 45252ef2419ceb87
2731 a63c04b7252e0e14
2732 da4b915ddd609919
2733 315ed59b2f444aa8
2734 110c464267d76cf4
2735 f802724fbcd808e4
2736 552479e88cc578d8
2737 ca9a3d76b12ecb22
2738 1b6b9767f941aaef
2739 101e4050b3f6b7e5
2740 bab119f47adc860f
2741 b3f4b6f74d90638a
2742 97a9487488451ecc
2743 2517a7781e048e30
2744 c0e56ee56c4285d7
2745 1da1098a2b616cd8
2746 ea94e498ad6b8db6
2747 c9d8b2bcd85acfce
2748 0c5440fb4003cead
2749 1ca7d99732530e65
2750 a591cc101071b158
2751 bd5641109bc64ef6
2752 5194ec76f7921c16
2753 f4fd029642e812e3
2754 485e11edbc4a5e74
2755 103714aff2516fef
2756 9a3ffc9433c20781
2757 082617c9820a8933
2758 c7f0ba4ea76cb2f8
2759 6dbe0c46fed8366f
2760 15e2bcfeba5b9474
2761 8ab315dc3e3f30db
2762 7615ba0bd871fec0
2763 37cd23241f23da66
2764 ee9a43ae38c6fc2b
2765 93290800abfc7d3f
2766 cf4264ecc310cfef
2767 a8ff6342318c7729
2768 63163c6a772e7912
2769 ceccff2c6858dcda
2770 4c129c115d576480
2771 1ac24b3a7d759dfa
2772 f35afe719d153ba0
2773 7f09524e15d9a9bf
2774 f1ac9a3837d11a27
2775 b3c3147ee2c1c34c
2776 438421aff3ff14fe
2777 ac2bb0e1e7e659d1
2778 45595b1f328360ab
2779 e1cca80d4a8d277c
2780 be3008bda71a8b21
2781 8ff0c9c17e6261a3
2782 094406e035d1c0d9
2783 bded0432fbffd8ef
2784 afce947b18c17dd4
2785 af75523862dfccdf
2786 338cad8f85bcb5da
2787 bb059f2eb968d831
2788 530e6b3b2e03e01b
2789 3bd0c3f253099168
2790 a7d60606fd47e876
2791 e6a3952aa1641ee6
2792 0a591ede4c04e650
2793 6750b868023ef235
2794 d44b47ca74c11899
2795 b340882cc7ac3841
2796 802923028e04e34c
2797 21ef9461c4ca3227
2798 2c805d0ab95f5aad
2799 04f5738b5e35bb2e
2800 8d1b14d4c61feadd
2801 88420ec6b9df154e
2802 73ba7361e06301ab
2803 08118709c7c971bb
2804 e3c85acbb36006e5
2805 0db1c9f2074c8e0d
2806 e2c7827d1bf78aab
2807 13869db0cb68bb0c
2808 f0e9355882d719c7
2809 ce3889e4c8c63dc5
2810 05557568339e4b9f
2811 6057a7e1ac28572c
2812 40b0e1cc9acc1ca4
2813 0b91c44207d85f45
2814 508402dd9086f2a2
2815 a450d03ff614e52b
2816 4ba4d327ea54c02f
2817 30897100a86ee0f2
2818 d678aea705462985
2819 e53d18b30867d859
2820 7a9b9b57d0aff42e
2821 9b4a7a27d17c0bb3
2822 62b99bd2a406bd2d
2823 7b296255b11126d7
2824 d0b466a6ce1d7c87
2825 2b6b5b59d9469b0c
2826 5852766cb7d674ad
2827 bb5a4ef60d268aa6
2828 b409b5e864ef7cf9
2829 37cf4cb63cffc7b8
2830 0e827e5ac8cbdeb6
2831 253f58a57e646f07
2832 4070d51fde49069b
2833 de96ad0879754c8e
2834 ce3988591c281d67
2835 26419919f8922f6b
2836 959fb97ec62181d8
2837 d3394ce9a030c255
2838 30a0d6d04ad63e88
2839 2d16d8793f55eb1d
2840 9c07b0699364c8d1
2841 a0d40e801098fc9c
2842 2165e112902dd2bf
2843 c2f71b06af86fb08
2844 fe11040b6eb543d9
2845 d3a968c76b57220b
2846 7d272ec8891cb40c
2847 6a1ab562e0ca16f5
2848 778bcde09e002913
2849 f6338608c0043a3a
2850 710475e9803d71b6
2851 d95102a67f21a058
2852 bfdc40acea9ada87
2853 7d536c5150d040dd
2854 d35e2ce0ac846e11
2855 a358cbb85ef61631
2856 ab16cea917e733a6
2857 667af8492d9b6736
2858 30e175579e60ef88
2859 b1512874e3009d24
2860 81de779995e87d6a
2861 52abf84b9ef651ba
2862 9544dd523804cf40
2863 11322145ae0f51ca
2864 832c2e0a0d41e6f6
2865 d1db84c46323ce0b
2866 03127e6b0c198d29
2867 24ed21ed030494c8
2868 74a109cc488005bb
2869 837f504ede9e8dde
2870 6415a02799b95c2b
2871 3ed06362095e22bb
2872 d6d2413cbe472920
2873 262e56908de1999c
2874 5e35b6c3f1bbf816
2875 137ad8b95e90d2ce
2876 fd7146ea55ecccbc
2877 6e0923e43080b082
2878 30b483ffd6bf31b2
2879 5fe0278b7d5f96fc
2880 0d21c4b716f9f697
2881 4e42eab84a5e9038
2882 19313fbcdffee3e3
2883 22aa7e2fec980b75
2884 16f93fd5e1c8a4ad
2885 1b56473a71f1c3e7
2886 1944b07073600713
2887 66c6aba960fa118c
2888 0f9546bfd9b5c7b5
2889 3931f3c469bc38c4
2890 3235efdd8529e838
2891 49ee63f4a18798b7
2892 b19b5d47c4928819
2893 84cec09fdee2b6f5
2894 81e79f261d8cf2f0
2895 1809a59ba74ff8b1
2896 edecc69ced5a7f68
2897 81fd2e41081912f8
2898 542e9e1aeaeea8b4
2899 794c7b91a694b462
2900 6c40afe3451a5825
2901 a6d9b403fc042a76
2902 038c6841a9341528
2903 47cc7f92c7eb11e2
2904 85c376e6410e752e
2905 e9f5baceaeb3352f
2906 fa7d209fab4cd908
2907 fb9947be4da38cc4
2908 bd301b4f0ceff3b0
2909 d93258828cd47ee5
2910 a2b4a33560697fcc
2911 1ce80d87e57adf7f
2912 84a83cdd26d7c276
2913 fd41c188d2177e4f
2914 94172126a5c50b88
2915 1c727d890f4215f3
2916 8f0cc440f662bf0d
2917 28302cfd961ded69
2918 d8e466de97d3d6a1
2919 199d5018f5a38ddc
2920 b26aaee1bc60fa1c
2921 d7b161092afd50cd
2922 c49dbd6c0430fc95
2923 cd6f2c163104132d
2924 ea4e9a743356a268
2925 b1af4aa8289c9b87
2926 b406e3f276883935
2927 04aa7eadabd814b1
2928 5174ee073e60117d
2929 a2692cbc8fd3be2d
2930 67c777a9e9b7df36
2931 dfc9ddfe1ab02acb
2932 e3bd31a8c6c3d002
2933 78c952bee46fef57
2934 d6bc7acac2780ea7
2935 ac7fef9bbbf05af2
2936 059bfc9cb70dce23
2937 f4a07e6964af8988
2938 4acc695f3c0d1201
2939 39be6c5ccf0f0193
2940 67fa2ffd67c34134
2941 4928bbc44dbb3a8d
2942 0f790a3272d90248
2943 e810a86fbfd5fe52
2944 69c191d412ea3ea9
2945 5ebab1a41f488623
2946 443d245d39fd8c4e
2947 ad33a05a38774207
2948 422049df32631634
2949 1d41a0dd06e316fc
2950 6835b97cc182b7e5
2951 8598de8b3693ec1b
2952 6cec9c620b292f69
2953 3033dc5675219993
2954 f778880ff1f2a9cd
2955 edd7d6318481c526
2956 64fb73ffe884d5a9
2957 dde4e027b537fb07
2958 7c41cebd284032eb
2959 061b31176a5f2ddb
2960 e0b08686737dfb10
2961 000e8a35d9ae591d
2962 d1b153d6065d1f6b
2963 c0d265eb5f0fa858
2964 2c641f35b8aa0aeb
2965 d1a58feeab95e144
2966 d4598bd7f23dae9e
2967 24da15e021c8d965
2968 5613721b28cc628e
2969 4118e846737a699c
2970 dd4a8a9a060b3573
2971 039f7d50cc37b610
2972 78ac38995d8fdeed
2973 5c9b64d7ee206574
2974 6fe7b537d5aeb33c
2975 2d535af075636f8f
2976 84ea6400b5eebb3e
2977 05c36ed315489a76
2978 cc870c1ecaaf3023
2979 4a5acabf93bd5322
2980 6d3dd26418036b79
2981 e5005e46e7309d76
2982 8a1cbf1abe16c176
2983 87a9db8d622c0e88
2984 3c8dbdfd990140fa
2985 1440ddebb8b71fd0
2986 f5f08e2b3e9194bb
2987 ea8336e30da62e51
2988 f6854821f60c9f8e
2989 3d6ab7803f3c4bd9
2990 f509aa9e0968e345
2991 81ba6577b2800577
2992 1649d76e60293692
2993 078a59386b2911bf
2994 5fdf671971e6ecb7
2995 d14b327e0c92d3d5
2996 a9945f1f2d7889b6
2997 47aa30ee6f7324ac
2998 ba406f5b041a5206
2999 ad7f604158eb23d4
3000 f3e270649619653e
3001 e718146820047de0
3002 438ae6e920b6fd88
3003 138e5d664af547c9
3004 173df60135a8f2b1
3005 6306289a976906c3
3006 c4744ea41435dc57
3007 c2b2ca354c971427
3008 6558b536054fcf6c
3009 e42554ab66668aa9
3010 38db2848e9978185
3011 fc0fae79455368ee
3012 53f9116fd8cc3366
3013 a1a30a942996c7fb
3014 b11cc7e3b52a08e1
3015 a0e4c3919f00a65b
3016 99af7af0c14e5f5c
3017 24e1ae0e42c6293f
3018 46d91f402f1e5a8e
3019 b4dbd17cdd3629b8
3020 ed20fdb64301ba8a
3021 439ce6c77a50d10c
3022 65ee5e2eeeeb0ec8
3023 226a5f884631a62e
3024 bc9e9aa134fec33d
3025 b015e0e4190ae899
3026 7ac5ebeb551f6d53
3027 bbfee6edbf8206fd
3028 b168130bc943acd5
3029 fa2d69efa67b2bb3
3030 ba5d81a99bd872ba
3031 334cb285d98a5c00
3032 910e616e1d8768c5
3033 545f9fe79c593d84
3034 e5c9ef8e6dd095e2
3035 00258073d1141d9d
3036 4682baa9b4f0b886
3037 c9f488eb47553bbb
3038 b7d4615d8abae407
3039 50034db546136eba
3040 70b338ea1e1ad5d0
3041 979a8343d975cb3b
3042 023d93a870613daf
3043 6699a500b37fe79b
3044 7ddc9f676e954901
3045 88017ed838016fd9
3046 3a01a65d1a90820d
3047 a555d3b408d33f6c
3048 47ecce4f6671443f
3049 c5b286d79969b954
3050 1fdcb85d7d21f2d6
3051 970e1054139ad4ad
3052 eb71793226b3f5a6
3053 be38e3a967ba0afa
3054 bedc36cdc7542db3
3055 5c3504bf936fb80a
3056 a869e5c53b62ddbc
3057 84d38fbd87b4d008
3058 a04ea6d761ddc281
3059 6e021745506acb47
3060 a385d8a3bd75fcfd
3061 5fff16fe9fc59f28
3062 089f09b2221ec164
3063 9af45ce00e6c776f
3064 14fde6d96093ee3e
3065 ea00d5971d38eb29
3066 818fad699271615c
3067 d5cb6a81b8be4430
3068 2cf047d2718ebe07
3069 b668ed4e8d89e4f9
3070 06eaaffb19bd4a7a
3071 6e95488341f2c982
3072 f434b672c5857ef1
3073 bd4cd48eef50c019
3074 93d922299f68acac
3075 3b913e87cc759561
3076 36527a8913c44643
3077 c9606ba20f97e244
3078 f85256778735a0fc
3079 c70c06e68abe8251
3080 37248d6cc547719a
3081 238e4b1a85333484
3082 5e7a27d8f7a96ac8
3083 eb520ba4584ef835
3084 3f21808b3d88be51
3085 562532b745ec1ee5
3086 800d199201273b60
3087 89850e9f19783189
3088 87e361108475ea08
3089 23f27c932ed69894
3090 3c562664f6483165
3091 f1109149cbc45b83
3092 8b92cb47ee9237a5
3093 aeaf9c0dd2e61f55
3094 79cf4a42a850d026
3095 066d1fd66000135e
3096 03788c16b01e3bf7
3097 249b8ba8e9075bd2
3098 bc23dc4b4b975181
3099 41195e42d93e9a8a
3100 80864eb34031e523
3101 b6fbe1ad70e07150
3102 0caf60a739a0adce
3103 dac53c15b8549f73
3104 86a28e68315685f2
3105 6f67d6f97c080767
3106 6786439f8eefa2e9
3107 8ff01e198ff80f9b
3108 1c3e0a58fb3db146
3109 83f34239b48cfbff
3110 dc7bd2dc66a15491
3111 4c10d48313cef27c
3112 749b599800c8b7cc
3113 b57cfb3281f7376a
3114 e963c66e72377ede
3115 c24bf6041095dd2d
3116 abb8f3eaf58dcf57
3117 1709e0c95c7f6d51
3118 61f27a54e1f0fd09
3119 685244fb3da50f9d
3120 521037fe780e01d8
3121 1e82ac6914e92fac
3122 6ab66b44885e1293
3123 94671283fa8b3741
3124 507f0a932ba5022f
3125 2c6225dfa264c0c1
3126 ee69ced572cb9229
3127 11e45a9e980d5a1a
3128 04782f9e43485e72
3129 84484caa37b59cf7
3130 9fec4f50f48a987f
3131 766ded696aefeb9e
3132 e9f69f5fff4907dc
3133 89c7c639755c91e8
3134 810706a8fd8e391b
3135 fd6b98ee3f54bcdc
3136 a1003ff82edf0238
3137 1d68cdb4cd153f32
3138 cf64c6bf68c1fc4c
3139 f38cf397914fff73
3140 49014454f8b28709
3141 12d073ef89eaa8b5
3142 8bb8650d381f1b47
3143 f40cf006332334dd
3144 cf7d3dbdf0652625
3145 dac699c274bb1796
3146 3caf3e8766ba323a
3147 f6e399cf4e56ab72
3148 1b8b7a2a6987e7d6
3149 3c0e84c352ba6409
3150 c467b346a52ab068
3151 49f658f570cf7e35
3152 dadf160b194da851
3153 2f2cc208914f2949
3154 dd15e3e5e6772fd5
3155 51936e3e2d686496
3156 b71a2206df8986f1
3157 164c22d6bc864cab
3158 105445a72258b606
3159 2afd0e4b6945dadf
3160 8c7f9317b8569798
3161 1c469616c2f8c496
3162 1ed2a070be33769c
3163 677276fb2200e846
3164 6293ab884fad08aa
3165 4ad52b161aa7564d
3166 c18458e247895101
3167 70cb9351b3579c02
3168 4c83fa1f377f00bf
3169 d5128d6348d34fc3
3170 5967c30c1f1ff847
3171 e87c2eefc58c1661
3172 3a5f436ccfb59f15
3173 29b60f13347a0f1d
3174 c5a9846214e2c461
3175 06667ea73ac8847f
3176 9d3c59bb16c85e17
3177 056599abbe9175b6
3178 27c52db9ed897ac9
3179 c858ca032b931af6
3180 f0ec084741ef896b
3181 b1e16ff3b78c6beb
3182 c749483510a664ec
3183 522e69b97fd92b29
3184 b81aae2ae6079260
3185 58840603348833c0
3186 943a817f1e012dff
3187 8e083fb1bb7fceea
3188 3c4af18137d8666b
3189 d5755a16007dc502
3190 a80646239a048d07
3191 dabbdf303f4af3cd
3192 571b43f5341f8bdd
3193 a8805e63f7908400
3194 8fbe693c275c1201
3195 9207e6ba72f4d869
3196 7845201d72d61d5e
3197 92ce11d619fc5c9a
3198 6d66cc1c8b1dda65
3199 661fc3801ff18cab
3200 c7a77b1fcec9bd3c
3201 8f0aa37eae2a6d09
3202 28906351f339b1d2
3203 2610e544ada64bb3
3204 35bcae2f251cfed5
3205 d6d62e419ca83466
3206 0a4a2ade3cd0eb0e
3207 982d10cc3e888936
3208 1eff4cfbce813ebf
3209 43729253850309b2
3210 e13af3d4de6bdc02
3211 abdbeadc287caf99
3212 534dc3f7985b2314
3213 ae397eda17c4017c
3214 b0cb847994890e30
3215 50a128b3ef74cb26
3216 30e7162a0d8942c9
3217 eec3f4754e65c16f
3218 0d4600a6022689d4
3219 f3ef6af4891433bb
3220 af59b4ac51f059df
3221 1a11363d31968b98
3222 5aef20116657529f
3223 27a5eba2e6f81bf4
3224 da3c9e9811548283
3225 ea06270d97b8b9b9
3226 356b8a2d6c08241d
3227 c8e49db14e59bbaf
3228 908cc701ccff3158
3229 9c60ddcdd388b022
3230 3261c20a2432725f
3231 9199f6baf0f26fd7
3232 0f4fb4fe8ffd6cfa
3233 b46e799e2fbe9812
3234 5fe1fb4f5abaab89
3235 b0bb4aab3cea1229
3236 5f406c151685b18b
3237 c63a7646a3dacc0c
3238 4b835f05f907b0e3
3239 42fdbe4dc6c4671f
3240 c9d019fbadda3d35
3241 e90ec21cc7c25805
3242 7440a8cf9b8a0aee
3243 73d5112037dc8a2a
3244 b1d5220e05e08496
3245 b593e8c793252f90
3246 c23346485bed53b3
3247 aa528a9db50737e4
3248 ce42457ce17787ee
3249 162df7700fcce780
3250 5c99ad7792d5f51f
3251 49267865ce005d56
3252 50bf978ecf12dd56
3253 d83ab9315449e2d5
3254 14058dcdf32589a5
3255 53470c3a738ce929
3256 2da6a81d05ea2fec
3257 4547ff356fb1edfa
3258 4f2274d902b56046
3259 199f44b29841c9eb
3260 61b981bed976d3f8
3261 011241fa01932907
3262 f626d66764db694a
3263 cda8a628478710ea
3264 5f9be6d9d6bc75b2
3265 207409a88acda45f
3266 13117a95026dbf95
3267 3e193e13d24d58d1
3268 c06eec3a280da905
3269 3571a0f5c7a58c13
3270 e1bef158f7832b6a
3271 36b8400f8f26f0c4
3272 955e100256604a44
3273 258b59718c7f4f62
3274 16fdaf6e91ba317f
3275 26a0e0a70e997260
3276 6d34d42809969a01
3277 1df14e5dcd9aa7b3
3278 ee0733ae5021b476
3279 0d17f3df6ceff59a
3280 7b8eb66776ff09aa
3281 fa59565689db221c
3282 dcaded8d59d7c3d8
3283 c5439878c5fa13a4
3284 c67c5edf77a1dc6a
3285 f567f3c8474ebbb6
3286 9268a8b1a0dec8b7
3287 ec7c11fb24a2e182
3288 fa4fdfc691a36697
3289 abc4231f5e50b9ad
3290 d613c200e0da8e6f
3291 3118c68b81bb918b
3292 d6bfb64cf56537ba
3293 2228c59f7d997a30
3294 d9841bfc61138976
3295 b986af0d29deb699
3296 f87d007a2509550a
3297 ade4f925fcf29389
3298 7fe5d15756007cdd
3299 e04681c5dc20002c
3300 90a37724f5d21af5
3301 4d3d776d17f10640
3302 5e787b022a60576f
3303 7d3e69c4c74f25ba
3304 7d70a5220802fbdf
3305 ab93b26c8f352c64
3306 dc29d7afb5aaa90a
3307 818effbbd4e06c9f
3308 cad619832185835f
3309 651be0472247be79
3310 66335847f4b76575
3311 d350d38c9fbf19f9
3312 041ae8c3a43b07d9
3313 165b494b694549d7
3314 e602632a4766d20c
3315 9eb4e473f5f1b922
3316 dfe1ca9d86494e83
3317 caed35450d187de4
3318 964782a4c585f1c7
3319 e64ba63ccf9af9e5
3320 2eb7b239ffaa4246
3321 f4a10a2aa2761761
3322 b51eca58c5c14b83
3323 bf904b6bdb1f66de
3324 6d6a4571d81dfcf3
3325 8c2ad1ea6db3fe14
3326 386cc8e170977abe
3327 46efd85cfcabfbf9
3328 46020679db685a20
3329 4fbcd90d8d2faacb
3330 e72413760ce81159
3331 9d13dab741a4d55a
3332 038672ee9e4f1a7b
3333 4abe59ca54443a34
3334 db1c6b122b741a9d
3335 1a182d163b09cd5b
3336 eab9d65e3ec105b7
3337 8c4911ad7dcd30d5
3338 953d584549158dde
3339 2dff45e7c2b772b5
3340 2bade0212d610061
3341 f87f65caa442c66b
3342 bd0d48eef2446bb9
3343 a308b0557c757402
3344 e6753e1bf5bae941
3345 91820e365eed8923
3346 1fa27867a4c49482
3347 e2707858c47213f3
3348 bab9b30003d8d1bf
3349 aa20c5ae83c56f94
3350 ea792817979c330b
3351 0a4e7190764f21cf
3352 629762c664570a8a
3353 45d94ed61abd23ce
3354 766bf5cccefebea4
3355 b006db1ffb0136ba
3356 138e8796d36fae1b
3357 396a20eebdc491ff
3358 00ec09319e8948f1
3359 39bbbcd3fe910e73
3360 ac8017eea6e8e637
3361 ec7af9937d3ab5b6
3362 84a67056b27ec29a
3363 b1a0682e4e586275
3364 24d97f1da1fa65e6
3365 cc5517e9b2436160
3366 f29843db2427cd64
3367 8770661b5e981005
3368 e94c88ba345e1578
3369 0cd084ecf064713d
3370 2bc6b99e3f617898
3371 202d4db3f8da2c8b
3372 b8cbb949476fff67
3373 b41d938008fc5ab4
3374 2da5f111a6df1da6
3375 3ee45353eff5b7b0
3376 cf31e1739df4a58b
3377 9a3917d3a6f7fb69
3378 856be2ec561b9130
3379 f671a8c385027eaf
3380 b63c94b010c94191
3381 1b43b3620a807a56
3382 af268ccc83b1b43b
3383 febed8801d32f574
3384 36dc7a2cec68220e
3385 ee018f4e6b56d2d4
3386 a73b749d2cb15dd0
3387 92908d27be507d27
3388 85d871d1f026c615
3389 c08636c03b7a24b9
3390 5639061b47a0cea3
3391 4d5d0a8712671603
3392 2033741d9ec9fc9b
3393 ec609de61faabad7
3394 452d841437247ff5
3395 341987b8c4428bab
3396 05d912360e0c88fc
3397 8370fb1b03349c36
3398 927f10eb88b7d257
3399 d2295ba152a11662
3400 b6248650854d3e4b
3401 eed77ed1e9f420b7
3402 5ebe7f864030bbbd
3403 0974db37aa2a5401
3404 37a02730344fab4f
3405 d934b8855119e98c
3406 a6e285f4ed06533e
3407 eb36818acd05c2d4
3408 5c2e49d0f069c4b5
3409 c0d402d1e3ae3637
3410 40722cb3efbd68e8
3411 f861c8e134beb836
3412 7a1bf0c0a1421785
3413 2b02f01f84001a53
3414 eecd81f67bbced4d
3415 dfba38f28c728cfe
3416 91d9bdc7c4b24cb7
3417 65cabc0cde836a37
3418 42ab00e08f4296e7
3419 042bebcc3843b810
3420 a5810ffa5081bb58
3421 5957ba217984e712
3422 1abbf0c44e0d361a
3423 75140fbaed3cca8b
3424 a614e9805746789f
3425 43aea549d97278d3
3426 95b37673fd73eb79
3427 67247dc495001ea7
3428 9f0cb730df1cb3b6
3429 2676f7fca3b55043
3430 56b6043e8655e17d
3431 1eb0f2a8ec60184c
3432 f69167327921c3cb
3433 c12feea7374e1216
3434 b1bffc7e919413a4
3435 39b043ca613062f4
3436 92673a6ef040a29d
3437 fefec238d9f03be0
3438 896f37df7982efe0
3439 817a4cec000b3c6c
3440 ee99de1f9ca59dfc
3441 4d579e973e8357b3
3442 07f41760b58626dc
3443 d12eab92fd776f44
3444 50ebcefcf2866c1d
3445 be3b26d8af18be39
3446 f9bd1d0ff5c6ebd7
3447 ff4d198ec0b3184f
3448 a75aee15c9e4efc6
3449 3a8a02bb6ff18148
3450 c4a12d479f31571f
3451 094173f67bc0257f
3452 705eace151c28955
3453 01f6dabcadf6f223
3454 fa8d350c0120d366
3455 41abc2bc3be49d92
3456 414f13e0b0ce0f7e
3457 7c277b80433655ee
3458 b7d078fa384e7e06
3459 acfbc0a545012423
3460 5ece987161248e82
3461 0cfac4576726a48c
3462 9327c077e8b7c4ad
3463 35132c54160b9f55
3464 195111ff692949f3
3465 9518a428698b1f30
3466 e8823493c7b4f05b
3467 ad26e25f20e58044
3468 2367665ba2d3b196
3469 b8feb90e4c55c945
3470 b21ad293cde6c571
3471 a7a2fbecb89c9ff8
3472 3ca7ae71f89ab668
3473 a993ebde9e5930e7
3474 b0aa4b8e3664c7c9
3475 dccf73fde7d31380
3476 ff98ced34e7b539f
3477 b9b93315b69944ce
3478 3c9810ed642d8806
3479 bc67ea9b64d1bea0
3480 34d9f31e4e39f4a9
3481 799cc8a2db2256a5
3482 ba6c55278d21326e
3483 6075358515fa69cd
3484 5c2423d06fc83823
3485 087d3f3375f59056
3486 14cf70bd93c1a20d
3487 31c3d31b7fd7c031
3488 9f9b76a6d8f05d95
3489 1fd643c11802d6ef
3490 0f7151d3af2b9e3d
3491 c2ca00970eaae404
3492 a4c30d92da08b09c
3493 334cd95b249b7680
3494 927ed425976d22d2
3495 360e99f386049be5
3496 0573d01631fd4753
3497 20ccb1211d58c467
3498 0ad434ccd69570bf
3499 64107fb453c49999
3500 49e62c7c62e6e065
3501 14e5f2ea59458d27
3502 99784578e66e38bb
3503 a1f7cb11405d4e5f
3504 a5e1e25a0cb8c93d
3505 97380c239f4bd6ee
3506 1da8b076468b3b63
3507 c5a8cc8e948eca3a
3508 d501f6bbbe3766c9
3509 9ac6528854ea8a6f
3510 2f39999f8a97e672
3511 33d3114ca17ed09b
3512 1f5189da3d6aa370
3513 555f8eece524a7da
3514 ca296e89e6a20c92
3515 b0291a1c651eecea
3516 81e70807857f3f9f
3517 31e796d2c379d493
3518 e9ceb74f2fd51d76
3519 48bcdc4cc14af72f
3520 b5c73a5500f7ef17
3521 650ead11603d6c8a
3522 cad538a85a99431c
3523 df80f963602f4d58
3524 08e4824ebf749d53
3525 69bad27c5a4a25ba
3526 62a6980638971220
3527 fe1c309e9bcc154a
3528 70ba21e77d9c8a6b
3529 25e89b5095cd7b17
3530 b45f2d8065d28630
3531 1ce6e2da73033aad
3532 10d45606e1f3227b
3533 bf3b673361c6f9b9
3534 520b652139820896
3535 f2792e89e3133d9a
3536 7e3d52cd42e60e20
3537 479fbf6ba461e0dd
3538 faed033b1b7527fb
3539 93a992e2113abfdc
3540 9501b02dac9a329b
3541 d9dc7206a8e1ed09
3542 f8a6889749c5915f
3543 436ea792c76486d4
3544 5fb608bfdd27f97c
3545 75d6cf14f23541f0
3546 37fc13048394405b
3547 63594a625c1628d7
3548 3a365c75c7b3d28d
3549 a24d5e8df1b8129b
3550 3c8f84957101e66b
3551 0d2f097ffa787fcf
3552 02b91ba3a2eb404b
3553 7593b505df48909d
3554 533a6bd503baa08c
3555 136da0b9f41b900a
3556 8cbf253a9c508e55
3557 73a08c6e1992672c
3558 188ae8b8ba369a72
3559 ea607a3caf3bb249
3560 fd43cd0902d17e6f
3561 21dc25e73769688d
3562 15a2cdfd9437b14c
3563 cd7e4270f25dc00f
3564 48ad2814b23705d0
3565 a4446ad6fe20055c
3566 521e64a56a6ca504
3567 5c5d6069eaead42b
3568 f8b444429902dc62
3569 2daeab6ca801cda5
3570 7e9fe66ccd7b29fc
3571 44a41b694366bb77
3572 2e88f2dfb9e5e9e5
3573 3363826951e2e9a1
3574 a70fb1d15ae22dcd
3575 7193939bc2cb1e1d
3576 22c13da0f8401ac3
3577 2edb892b12e0d644
3578 5527a4bd6820261c
3579 c0e7ce276b3d1bc0
3580 bc7aecab22fedcf4
3581 f215afec6e48edb9
3582 b0e090a17f342bdb
3583 a10696ca454368b3
3584 e9e0fef0d2095d50
3585 18fe4ba6081029f4
3586 f38d36bca2b4bd16
3587 49c9c9e940d959a1
3588 d5bfee36edf27d85
3589 6f7e181e18787102
3590 713aeed41ef90625
3591 aeec90b64054fa3a
3592 6aaaf5ba0f902d1f
3593 be9a31fb1bbd641c
3594 5592e009bda2b5fa
3595 5f372ae64d435155
3596 ecb7e539403adf57
3597 4053efc6c812fad1
3598 60b4a365d388d0d8
3599 74b35501dafc3ca1
3600 d518bba8a609fa8d
3601 2876340c0b7109d7
3602 5eb19ec8f777e665
3603 39fc27da9599bf94
3604 c8253c36234c5a2f
3605 eef872b2cc745e41
3606 e66527b72c5335b4
3607 d94894a91c890a1c
3608 b6f0394f7fcd775e
3609 629dc7cc3482a669
3610 5fd37335ccd040c1
3611 4ad3b34dcee495a8
3612 0509de47a9253621
3613 b3e7d977589f332f
3614 ccdf65b1dc832e26
3615 5ebc84e2f307a3fd
3616 6859ec91f78f8ed5
3617 43f8ce90b160ffd2
3618 11914d40d3b508c6
3619 ab7408b65c405c79
3620 33d5cffa5b9dc6cb
3621 914c32ea36df931d
3622 65f400b645a23200
3623 ebad176d32a18e4f
3624 1cd0adfc9e29c565
3625 c1d792fb1f65ab42
3626 8c23bf8fd7f918ef
3627 c01e6fa44b75c698
3628 7858f94f90dd1df2
3629 3dedd1201573077b
3630 9a85d829f8f28e5e
3631 ba37f1df3d2bec48
3632 9dc60677d6b417fb
3633 5791c8d9e3da5d3a
3634 6ac4a28c27cbe31d
3635 a3e9675c3ed2bd54
3636 8d98efc74982010b
3637 aebd3f327f9d227e
3638 de9f98341e17f398
3639 25f7e547aa4af4b6
3640 140110d9bfc95dca
3641 58198dae2346f529
3642 a0199813a0364275
3643 d8925df9a95c3f31
3644 643b2077fdec0fae
3645 b77f67e0241b352d
3646 3bc1ea95748943fb
3647 692231860ec0fb2d
3648 d4eca501b61a0c62
3649 d94d7557693b0793
3650 a962c9fbcada96ca
3651 433a24d96d1420ec
3652 3351171acbdb5b3e
3653 04e430399ee1dab3
3654 37116533b8aec9e2
3655 aaacf751967e6e91
3656 2ba496d9c4d89421
3657 d1558e59a74d6010
3658 8f76c3b163004dbf
3659 d4119a05e3bfa937
3660 7c5f1fed9753a1af
3661 87db070ba34edd9c
3662 76ceea5c9b0f9d1e
3663 9c6a2eace21e6408
3664 e523921f1f731e63
3665 f0b63bff3a778b8f
3666 809818ea40f2ad5e
3667 285694361b203857
3668 591679203433201c
3669 01be832be52f7eb4
3670 ddeb1fd9fbd6337e
3671 118f6836d5c32a6c
3672 73e1c5d7cb3e9da4
3673 8bf7635388ae9233
3674 4d013102c9a48e29
3675 1aad95979d45a910
3676 d74409f6aa529b35
3677 22b263fb8c17e385
3678 86d6c7a85dac74a2
3679 80bca11b345a8ab7
3680 7a2c9f90e5089bc0
3681 7334c92f5cf8515e
3682 34a10480d02b4e71
3683 9b926c344bbde811
3684 8a873d6851a3cf28
3685 09b5316b303fe304
3686 4817c9df6fbc2f6c
3687 926d224e876f8e51
3688 c9fa0115897d18cf
3689 fb0d1c2587ec77e7
3690 25256a95f3687832
3691 d7b16b741dbc13d4
3692 df6ddcef2cadbd7d
3693 a993fcd173970ccf
3694 4b75651bfb200758
3695 9b85177dd7137eb4
3696 625a7ef8e64676a7
3697 5ed1ee8c61e1a506
3698 6592f61053dc9b49
3699 cb013bbe25fb3728
3700 44ba1d2559c50a9c
3701 b9db483ad126c2c6
3702 c508e158f8133e70
3703 584ceeaa9be9bcb6
3704 3f7d03ed182dd97b
3705 cb4c246ac6279e8e
3706 1fe1afd0a8cc370a
3707 eafc124de53e7893
3708 dc371a0539a9e514
3709 f5d1a6480ec10358
3710 c92cf41955b169cd
3711 7603a6b91def5a8d
3712 3c956f1274b54fbb
3713 38166858714f5bcb
3714 bba012cf0049377d
3715 b534f43cdae437ab
3716 f053f3597b373602
3717 e17e1ba134602240
3718 b061221a14480973
3719 a0d863d59cbd1fb1
3720 baa1f5f42ced7392
3721 09ff2015dc353c17
3722 338ee1ac7b9c5341
3723 afd143c79ce52981
3724 b9fac723af676c75
3725 11f0c7c5f95cae52
3726 13b58bb761f9ed07
3727 a205e19e24a9af8e
3728 65e09c5dccf2c04d
3729 e114acc3409e494e
3730 7b87cefa8c8a37e6
3731 8e612d9fe3db9368
3732 c386a45432440173
3733 5b3f3db395193a22
3734 e44105503e3ef648
3735 880df2f445805c5f
3736 b46d1b82e2856447
3737 a9fcb9573f1027a9
3738 a76e169a09a0d3e6
3739 49ac7140dabfb744
3740 0f31a7502c02ad6c
3741 fa893a77501ec27f
3742 0f1dea4a6d68f5f1
3743 548e74a89d3cd5a2
3744 f96c9b9100c3a14b
3745 11559e4f9ee10645
3746 fcc1f211f053a0b5
3747 cd1e3c4448dd3925
3748 94224fb734006e91
3749 7851bc8b9401320d
3750 10304d221e59c7f6
3751 e8204f75f78c0b94
3752 7c8a79fe7c11e4b9
3753 170cdb7c55625cc8
3754 b23c2b2672ab7441
3755 4258edfac710e3cc
3756 08245a5a5207a5f5
3757 746fe8b0e0629861
3758 05e8dcf31e20b211
3759 c84ae9554942c778
3760 1b12a3dee369c917
3761 38e91294ceeddaad
3762 0fb5ccd919594f0e
3763 9c24b22f531ee5bb
3764 9b062e4e57eed120
3765 6ccf805cc272da64
3766 3f863b89c0ea7076
3767 47b19c09f7dbe152
3768 509048b6bd475089
3769 45d8c430f3028063
3770 1fa917a571a1ad25
3771 2b6a0bf9ef9fb50a
3772 db7d6a94e6800dd6
3773 e5e022a05839e8ab
3774 03f3039b9a7fb28c
3775 26d0c1acbda8ac06
3776 d0d8bd559fa7ae97
3777 e97fac27adcda0da
3778 e75f1f287cc759f7
3779 cf263096de2218d9
3780 0a94d33d949a54ee
3781 513b748cb303ac4e
3782 795cf99b853693f3
3783 5c392bce3ff3ef14
3784 200310ab9f5f4d5f
3785 f9f58aa1fc4fda06
3786 1157deb617897046
3787 15175d2fb46a892f
3788 05279373e7b9a923
3789 5b1952f3c141d412
3790 73dbbb9b8efbb2c6
3791 8d3a7251372e20c9
3792 e4788ab30eef1926
3793 efbc1eb878acfc1a
3794 bdee6db63e167d41
3795 5a5bae1feca1d50b
3796 99dea513b6f9a34b
3797 41ff929840481832
3798 4b69f967f4e1547d
3799 6db2dd91ec98e5a0
3800 36bc8a4c383a8f26
3801 adcc65c2139f7abe
3802 5aa30477477faad1
3803 1283fb4445e9a5eb
3804 b62d942b00597ddc
3805 379c9f6412a36f21
3806 9412badf132e7bd0
3807 ea18a7ecddde7ad4
3808 aa785b6d0c9f1ee8
3809 26172f453f16f6e1
3810 4ccc91e6f3224608
3811 716b5cd3434b19d3
3812 f0a24025c3b46a9e
3813 fbb9ba6d7df0394e
3814 3b5f85d12a16b8f7
3815 d33c059688455e50
3816 3ec3676f47eb96d8
3817 6d2873a1b6a73ca4
3818 38ff5748581ac77d
3819 68bfd0b23ac43368
3820 c01efba78639550b
3821 adf15b2da98d12de
3822 209dfb0a61a39819
3823 6f46ec87fa574448
3824 eb22e0dc903b6905
3825 7fefd9decc1e4e86
3826 bc459ecfcd9e7aa8
3827 717af0c1f6e7acd1
3828 c8c7d6bff0566356
3829 7a853762402707f2
3830 37edc43102dc7295
3831 92d8425fe3502154
3832 383294da5b6bb1cf
3833 d4c348cd57b00d69
3834 e65fd78388bf1f3c
3835 3fb9e4671669b839
3836 8417a237575d7397
3837 df0c9615764b9cd6
3838 9411d721b2cd4896
3839 5c5bcd39c3e4c4c2
3840 fd70d556749c3cda
3841 9688654665d9ea2d
3842 83989440acf31eb6
3843 724c6cfc8cc6029b
3844 43e4e9e25378513c
3845 ac07420ebeaf1d6b
3846 fbb36d87aedada3a
3847 59b2c7ecb1459636
3848 06f9801c1c23d062
3849 511d1718d277aadb
3850 ec1ee7d83ead2e0d
3851 669e8661d90e0338
3852 371fd4636861ab8e
3853 fdcc4146ec118c49
3854 3dcbe1bc3bda05d2
3855 6f1159f46123d80c
3856 87faa12f1dae9aec
3857 d9049cdccca1a6e8
3858 451db4304a8e2a9f
3859 15d5d7609d0ef53b
3860 9f52266e7cf232c6
3861 e671e7f294677048
3862 b8155eb828490379
3863 9bebac7aa72dfef1
3864 4fcfce37b4dc57e7
3865 2f3b1eeb7b6e5186
3866 bb13fb0d5391b401
3867 b2f45dfaf8990e8d
3868 7e161e17de36b131
3869 be9f80bde3d835b0
3870 49e4fc4016eb341c
3871 9b1060411a96aeb8
3872 fc65f28232ba3103
3873 7d4bd84b752bba2c
3874 3b032ee78ceb74e6
3875 0ff2cf99befd4a0f
3876 28d0e9f7ebf69fa0
3877 720e8f33411e6e57
3878 eb255cdc804beb05
3879 f66c80d353a7cefe
3880 c1e267766e1c19f5
3881 95276901c4b544b5
3882 b534b1ffafd45fbb
3883 97f67d729d0f946f
3884 8d923d7f811e74fe
3885 8c466026b70261bf
3886 404348b2d4d7c8b1
3887 265da3c5e3157eab
3888 93a47c93b0c5e8d1
3889 23eb09285de205c4
3890 48ac43b06660c7a6
3891 a1906c61febac2d6
3892 407fd470902e0afa
3893 7b1e0ed9ec618e4a
3894 6f4085de4c6f1499
3895 1cf9a63385ff7ed8
3896 98005dde1a5f230c
3897 a8b35265d6adaf1d
3898 030d6d5ad691f638
3899 e938904461cb0948
3900 8dfeecf81e99413a
3901 98d283da321ec39e
3902 5de30596939655b7
3903 ee870b2a8d7a6d07
3904 4206b91fd41699ae
3905 deedbd559f4bcfc9
3906 04bd2b660f706694
3907 0e8ea3a7e3ba2ac6
3908 1776743a61da2729
3909 809c646d40a63741
3910 f03d666165ed174c
3911 6d9af1902bbd749d
3912 b86b1dcfea0dbd93
3913 47bdf802a06f0521
3914 668c44c13a21b2d6
3915 088c2b6b2a955761
3916 0304d9eeba925fd6
3917 d7875740498ce41a
3918 f62d229fa4e8b46d
3919 c0ab0d37eb7d257d
3920 089b71115dabb222
3921 8fccfd23b2037331
3922 32dc7c1a0d80ce27
3923 3e488f047e742a54
3924 85bd1eb63b609b5b
3925 cd787147f35d42c4
3926 bbed75a9c5586736
3927 235aee698aa8f82d
3928 4bb0a621d423ee6c
3929 37e419bdc2b731e8
3930 0f1042770ebfc7d1
3931 1b94c8bbb2ae4021
3932 848872debc7a2c0a
3933 db72291c35a73e51
3934 860a8a650641ee44
3935 7ef87402797df0d1
3936 de456e0b11d09d18
3937 f51fa08b96aa388b
3938 88bce4ad65a97b67
3939 b6071caf50abe85c
3940 bc7464cb5e8a294f
3941 c7476af35ae2de38
3942 28422625292122ba
3943 7925d1d9a0f9748b
3944 671fea14d0155c9c
3945 79d5136615da1d3a
3946 09c6718ec9ec8fff
3947 190ecf19949afa22
3948 e20d451d84ebdc47
3949 9b3f2ca43e84b300
3950 0ad78c2a84d0ebd5
3951 f21a503b5c5bcff6
3952 cee2a193cd43c3f9
3953 12e99c0a45553609
3954 d305f1182e4a8f63
3955 e3ff6843b6b2ae71
3956 8196bc8dc852514b
3957 d60648970a1f3067
3958 ae96e42e4b84f1de
3959 1280d74a8428acef
3960 90e169471c95868b
3961 d43bac26c42ac1c6
3962 8c08b5192667e2b4
3963 6a01238cbae774f1
3964 c70fcdc075ff485d
3965 13fabf03c2e7eb5f
3966 96c0816e6d36091c
3967 dbae2c92eb3becf1
3968 1a33a6ed1641ed0d
3969 0e4d36c3f1418d99
3970 bd200837606eec2b
3971 4d4d1df0436cc4bc
3972 df904812b3ba18de
3973 48f94b3a10e4ade3
3974 b940de5080fec149
3975 19a54d53f4295fe4
3976 aef4026df001fb4d
3977 bbea05d0a2bff79b
3978 9808260b090cdfd1
3979 f0515151cb311f46
3980 a5569b73cf990a01
3981 d752f03323e42b9b
3982 4ebaed6485949623
3983 142d84ebe7e32048
3984 0180d16e7f47a09a
3985 40910921be5fa3cd
3986 7929c97b35349dab
3987 f9859ff108d000bd
3988 46c66c703a0ad2a3
3989 b134b4f38f518126
3990 ab502599fd245445
3991 7fde26537c52950b
3992 9252fba725b070e6
3993 70b4aa39c0171a38
3994 477daaa13cd38037
3995 509462d50d2acb82
3996 8f9ba2a24531b7d8
3997 958b7fbca380d392
3998 7efdfd72b77ca0ad
3999 fc2176ba64185455
4000 99a79b2b1ab30f46
4001 b1ee5d5c46f89008
4002 20bdc2580507d037
4003 15ed240498aa7366
4004 5c3e02240ce71b5b
4005 6c4cc408254a1164
4006 4f658b972533755b
4007 4e70304c700979fd
4008 14e6d48d07357ab4
4009 f53820b00e5c027d
4010 7433be657d4758b5
4011 b674d9f227aa95dd
4012 b34183af1d648a6e
4013 18c7e639b293f7c9
4014 e389d9e7d1fd97e2
4015 858012531c1ae360
4016 f07ec5eeb0c8b820
4017 f1f0fcd745837fde
4018 d1d81062b52cc8c2
4019 809dc9e7be2b1b69
4020 e6a1b5b7934af191
4021 055feef0da5c5d84
4022 88757f8164afcf18
4023 217dc30266f3f97c
4024 4980ce0cc625187c
4025 66ba6654c259ba91
4026 dcf53c3567ed066b
4027 41155c7fc6cc2afa
4028 51e5983df6043b94
4029 7cf202757a024fcf
4030 5ecafdc51452c56c
4031 aff0622223bba09a
4032 b1619326d0cc252b
4033 bea83b41250390c1
4034 84340d6c18791c3d
4035 8b38bada4a0d077b
4036 4f954f5e0e262727
4037 4066e9e84e7a0868
4038 488cdaf3f91533e6
4039 da98f766d62ff8a4
4040 60dff713eaf50861
4041 699ce4b283655c5e
4042 a67112311261826d
4043 8063095959d81bad
4044 c250a3e62a09984e
4045 8e1c12e8bef13523
4046 4b38cb16b51c67b2
4047 8e8de4fc8ee7c6d7
4048 00ba416c2106c366
4049 7dfab87b368f6933
4050 a9836dbf8b2094ac
4051 3a640a77b75930aa
4052 c6355d2adfb9d4a5
4053 73c4411c26064b6c
4054 4841ef718265603a
4055 6f973d8e779c74e2
4056 7aeb108d715b95fb
4057 81025e92232870ab
4058 1d431bf30b10e3ff
4059 db9fd2e628890a40
4060 5ca8277e407de0dd
4061 2daa0677ee47aede
4062 968c0b968af24b82
4063 20c82ad96e5ab93f
4064 68a651d2db068c87
4065 a85ff3f371fa253a
4066 79ae183f8cca0c43
4067 771697468ab7ad77
4068 56251becfe41e3cb
4069 d8461a2da030e858
4070 ee6b00974bcf79b8
4071 cf2b3873654356ea
4072 a50930513d429527
4073 a3c9035ce8523576
4074 291c63f8b330acdb
4075 2ddb7177cddc55ca
4076 feeb4d51718567e2
4077 d126a964edeb6e6c
4078 46e00174d8972513
4079 d2d9b21f6b7c15e7
4080 319b54685c0cbb89
4081 51253e6450eaa1d5
4082 0737cda9a6ddecf3
4083 c36fda01c870b08f
4084 abc88c0907181be6
4085 17d7d74d2af8c8e0
4086 e6df5881e70e2d73
4087 745908ab5ab30ea1
4088 6d3947be9a2fb197
4089 beccdf0e691eaf12
4090 481764c50f412fd8
4091 ce02ee5afdfb307a
4092 400c7f8fc3626b7d
4093 3f1646eb236b1169
4094 0f64b9763dcb41dc
4095 0ff7c9391a5fd3eb
4096 73d584d7c7f1e38d
4097 ec3bf643adb800d1
4098 08363643ccf7d91e
4099 6e96a76f872bea8d
4100 1b4ada074df451b4
4101 5f733504d7e50647
4102 39d1baa1224c181d
4103 7913234e149b508c
4104 76e61ca9795cc1d9
4105 8852fe01267dac99
4106 8d504284fa85241e
4107 1f19ec2dfcf7696f
4108 0f2c739b88e43fa4
4109 4bac43f3c97de85a
4110 75d4365e42db33c4
4111 5c4ecd26308c3fb5
4112 be97bc704cd15ab1
4113 f28823d6dd31feb9
4114 4f4105437065eaa4
4115 c68dabffbc3ae4e5
4116 0e1e1a9f61d1de9a
4117 d7ac91f87400b011
4118 9d73d4ef09d1532a
4119 83cd60447341770d
4120 39a6654066d45267
4121 a43cba35a341eba6
4122 ccdb689d5de7991d
4123 7d4d1340e75cd9eb
4124 2b04173f99271fea
4125 d810de5a98267f2e
4126 43f597a67ade95cb
4127 24775fd16e22ae44
4128 88d22e3acb897720
4129 cd052d381eb0c545
4130 92b9f301355f1a00
4131 2de072a4c205e15b
4132 887f1c2e2dd8ffce
4133 9e096f6749492b01
4134 8da019d5ebe14b7a
4135 7e319278414c5ef9
4136 ce2079f98334dad7
4137 678cbe7db3d59905
4138 fbf0f21a72c4bd7f
4139 d1ae85aba4fb6bdd
4140 8ccdb5fd5bbc79b2
4141 b6e39f0828703fc2
4142 a66718bdcb463066
4143 d6b89ce6de7ac9cb
4144 967d72cbfb67c272
4145 0ad192477b79afbe
4146 9147800e3286b96b
4147 bc408d51586733f1
4148 0cfae80c7b193875
4149 151b9c040e706bd4
4150 1b46809e0bee23cb
4151 9696262d60f925c4
4152 18eb09645df3159a
4153 1ba4a3b65c1ce21a
4154 d6ccc4437147ccb4
4155 cdf6bf236485a6f0
4156 8135df10c4c34f10
4157 2d195b2645491744
4158 13416fc83fff7696
4159 99aad4b219ddd1e2
4160 a27cc8a5db2f34f3
4161 dbe5f27c18d2c08f
4162 0d7e78b1ec18a10e
4163 8bde8552b5b848bf
4164 70e8f77420bbc7a2
4165 b1fa4cf0ce7d6cf8
4166 f01cdfe49890b8be
4167 70e79de2ae084390
4168 8aab7c960cf4a833
4169 4308ba10593c399f
4170 80e791c31105df54
4171 7d1ac7f83a17fd85
4172 6b167a5fc57de5ea
4173 7f57a0a119f36457
4174 1ff017ea99d14587
4175 99f2a1e3d6c6cef8
4176 267b77a9306d73f6
4177 caead89815267f1b
4178 f6ceef01b0448153
4179 a0bc238e1a4c9c40
4180 e8ca9a0d7c0e2bbc
4181 17bc5d59c09ce044
4182 fbf7eac29ac9c86b
4183 236d4a8702715c33
4184 0c8e5c8016cf8ed8
4185 0986d3f23828527f
4186 941be5ddcc1d83a5
4187 f93490cb18f3485a
4188 2001d8dd94223c53
4189 91bf6eefe289c47d
4190 1ddccf73dacfd182
4191 d128f4e0e5b3a9b0
4192 ac0f2e0b88946917
4193 e3ac9dd2ad351874
4194 17501165680d6613
4195 123ca56100c60bba
4196 eb3dfa849643bc81
4197 70789ed39910bb80
4198 85d129d694542578
4199 de755a8d0c39277a
4200 471e54e735b763d4
4201 79743e57568719ab
4202 2117670615e580e4
4203 e6ab3db7c1b94d78
4204 4bfbcafeac166aee
4205 e7840615e6874bcc
4206 2a826263887145a1
4207 55a36bc6fd628d9e
4208 28056cc5d63694b3
4209 363d79f12513f695
4210 894dfa83a27a2e62
4211 b57ece88196b360c
4212 50731e613b0435ff
4213 ec89503dc63754da
4214 a821883cacb55b1c
4215 e58b52654e7ee119
4216 00ee77a99e24326f
4217 768f2915a7e1262b
4218 4a9d2a0762d8476b
4219 f6f988f8853a2a3b
4220 dd6885ccc2f064f8
4221 d2f93d49e23d586c
4222 3afb67ece6f55e8b
4223 6d486562ed1567b9
4224 521b4c366e255227
4225 a111165f31020978
4226 6c8bb51b16c2ef44
4227 e10e154a9be18b96
4228 07117b9998ddd627
4229 36439a7779b4a346
4230 fc370add5cb34c2c
4231 22988cd25760868a
4232 2469d5fca3be6c88
4233 9bdc77d6400f585a
4234 ec68a15301563e3d
4235 0023c78a0d769d11
4236 ff1753e13f2a6ede
4237 02b5f2bee6cf41ec
4238 895c4817e90d144c
4239 d3b2bb68ea35336d
4240 93381050f6c07776
4241 b0dff3ba9fb3ed40
4242 4c8a9bda94090b0c
4243 a321b2194a893138
4244 22b1d9bde096c6cc
4245 0d05b14b6e8cda04
4246 0d62e9d34a37a2ac
4247 97556d7e129bf8cb
4248 7c2942cd55dce171
4249 65308153c3af3995
4250 9a9f2ef13148230f
4251 555152a2834ac05c
4252 852eb0e28ba62048
4253 8411087fd8b56c73
4254 b36f2a7438260dd7
4255 5061394f8a5f7f22
4256 f2cf573b81b21245
4257 71e0c2fee66b7e33
4258 43c0617ee05cb090
4259 783456afabc0059c
4260 554015016222dd3e
4261 46b5aab4afe8e6b9
4262 aa8b2d09df91208b
4263 0030867abf5b01f7
4264 1c66eba704636fcd
4265 d9c5d0e94458c74c
4266 a285bb61bcfbe845
4267 1d6ec7ff95b4c28d
4268 614dabb9bdc0e2b6
4269 f3ee29e6321000ff
4270 d509f7413f8d6ae0
4271 d6f33d217450a3af
4272 e11f719dbdd38005
4273 17dcac5a4c71076f
4274 55bbb9d02861a239
4275 b411a84f11401298
4276 ed28562ffddd817e
4277 aac51bed1dd979bd
4278 674ed616f9e806fa
4279 f1be3fbfdc929114
4280 9520a9096c1ea410
4281 ae3176ec5a211a7a
4282 4f9fef1f5a77c5e8
4283 ad7c5ae2005b477f
4284 fe5991c6a3359f72
4285 576a09a9c816644e
4286 13a603dc562fedc4
4287 feba968a0db39185
4288 8df05c6455b37893
4289 99a7829e8c057865
4290 f758983cb6be882b
4291 1e4ad69844de1395
4292 d675cf3ec488ec35
4293 d5f5348b39afec01
4294 e1027b6dd1782325
4295 21b1bb5e7383eee2
4296 ffbc13a760d1061e
4297 26e3e8cd57c72126
4298 cb2ce8acfe073310
4299 6f826563be3a5974
4300 f9a623cafb0a969f
4301 885ab42965465c64
4302 05bf0e4455238c84
4303 60a7f58caa41c1c4
4304 74b3581b55e2d46b
4305 92de6f2e013eee0d
4306 a7ea9ced0ca11121
4307 6aa4e1495201c046
4308 09dbc9f91894217c
4309 61967af11fd8c583
4310 d2de30e29557e99c
4311 753b8997ffbd4ead
4312 7ad66afb163c7d4f
4313 85eed8a15efe8439
4314 ce08d1ea7623666c
4315 65097a21b05dda2d
4316 44543aa4243cdfda
4317 178e99fd3dd340f3
4318 549fd947c1548293
4319 c03b723897923b3c
4320 cd6753abec85e3fc
4321 cf427c8ebb0d7542
4322 2030beb387174022
4323 072ec5062abddef5
4324 dec6491d1cd546a4
4325 c49c46457fcf5794
4326 e9ec5af7a014ea25
4327 81ad8d0137cc0aea
4328 327e708c129f05b9
4329 350d2f6fe239b960
4330 62485cb66352e4e0
4331 2c9a4772b0da0a3b
4332 a292063ae7276869
4333 4f36b73bc141337d
4334 16234743ee3c8835
4335 0ba1459663975e0a
4336 353575d5e7d4695a
4337 975509f4e1418660
4338 63bdeabe9b6f9570
4339 f204144a573a45e8
4340 a421d2085c7c640d
4341 9a1403b5153c3471
4342 70b6dbf89bc0bb79
4343 813826febe484b85
4344 8b8bb28d3a19819a
4345 a3d03211435d221b
4346 90ca461b714ed32f
4347 fddb320b1d218f00
4348 6fd588039c962774
4349 f56cd75f8fda33ed
4350 3b7cda9fe1c34e8b
4351 dc5416ac3d904da4
4352 bab11a4eea9a8d24
4353 c2a40b5c237fb309
4354 9b9c24dd431c57d7
4355 b8c661abe703d6a3
4356 076152e7b5591244
4357 3f3446b0d339f26f
4358 dcfd2b232d2d8233
4359 6b84a68f2dd6f9bc
4360 18b6e6f66ac00b2a
4361 af8a3299a19928bb
4362 f89b63464249dae5
4363 780fd35317fefea7
4364 16a42b1db2d3b7fa
4365 551909067920259d
4366 c73317b987187bb8
4367 f89af7eca0be31ac
4368 d40634c1a5ac7066
4369 5aa5cee88c44cf67
4370 f20dd0049af15b0e
4371 2b2f4634c59073a9
4372 e29ab9f871ebabe4
4373 6971490facac8cbb
4374 9d8c4fb462d21ced
4375 50b57c52fb11991b
4376 1852612d95e9d480
4377 c355fc9ec09bdc8b
4378 9989bc69858a150d
4379 fbc29795a6bfd9c8
4380 837d714349c50b17
4381 b798d9a68500f300
4382 f02e430186fb91b9
4383 8a621da5083726c3
4384 990e9f96859081cf
4385 580d3e20cea10160
4386 8af30e175f64fe66
4387 48a1600fc915401e
4388 54fc289858622171
4389 5a922a4b190cb80c
4390 e43e26c006412627
4391 0e482a1917d234c3
4392 3b2a65bfd4063b6b
4393 8d8df67409d1793b
4394 de716296ae9c188d
4395 171bd43f2504b792
4396 5d2d57d7af6c6e8d
4397 f527efc08ac4124c
4398 51875f42b5c41afc
4399 81489c9ea77e2648
4400 8d53254383e59ae0
4401 6a8227737db7b373
4402 b9df4bf4c06a6ced
4403 aa2e772bf49b0334
4404 effbd2cae0948e9b
4405 7922cb7cfadfbd26
4406 fbc70bddd237a97b
4407 25acd215c6696303
4408 6bd62fde55b55093
4409 ee9c491d65317c9b
4410 d8eb343e2ab7ae24
4411 0bb817e0fe057c2c
4412 daa1fd2e94bbae01
4413 f63944499910a257
4414 3f94a3a13c587dcf
4415 1342f5348b50408f
4416 a2977f8fb08fef1e
4417 baf88ec3b9c5f173
4418 aa405d86c64103ec
4419 dd71b96a00fd616e
4420 c2846fd9ab991a65
END 4420
