1 b9d103fd6854a325
2 b9d103fd6854a325
3 b9d103fd6854a325
4 b9d103fd6854a325
5 b9d103fd6854a325
6 b9d103fd6854a325
7 b9d103fd6854a325
8 b9d103fd6854a325
9 b9d103fd6854a325
10 b9d103fd6854a325
11 b9d103fd6854a325
12 b9d103fd6854a325
13 b9d103fd6854a325
14 bf3ffd926854a325
15 b9d103fd6854a325
16 b9d103fd6854a325
17 252c8f5e6854a325
18 b9d103fd6854a325
19 b9d103fd6854a325
20 b9d103fd6854a325
21 b9d103fd6854a325
22 b9d103fd6854a325
23 b9d103fd6854a325
24 b9d103fd6854a325
25 b9d103fd6854a325
26 b9d103fd6854a325
27 b9d103fd6854a325
28 b9d103fd6854a325
29 b9d103fd6854a325
30 b9d103fd6854a325
31 b9d103fd6854a325
32 b9d103fd6854a325
33 b9d103fd6854a325
34 b9d103fd6854a325
35 b9d103fd6854a325
36 b9d103fd6854a325
37 b9d103fd6854a325
38 b9d103fd6854a325
39 b9d103fd6854a325
40 b9d103fd6854a325
41 b9d103fd6854a325
42 b9d103fd6854a325
43 b9d103fd6854a325
44 b9d103fd6854a325
45 b9d103fd6854a325
46 b9d103fd6854a325
47 b9d103fd6854a325
48 b9d103fd6854a325
49 b9d103fd6854a325
50 b9d103fd6854a325
51 b9d103fd6854a325
52 b9d103fd6854a325
53 b9d103fd6854a325
54 b9d103fd6854a325
55 b9d103fd6854a325
56 b9d103fd6854a325
57 b9d103fd6854a325
58 b9d103fd6854a325
59 b9d103fd6854a325
60 b9d103fd6854a325
61 b9d103fd6854a325
62 b9d103fd6854a325
63 b9d103fd6854a325
64 b9d103fd6854a325
65 b9d103fd6854a325
66 b9d103fd6854a325
67 b9d103fd6854a325
68 b9d103fd6854a325
69 b9d103fd6854a325
70 b9d103fd6854a325
71 b9d103fd6854a325
72 b9d103fd6854a325
73 638981f5a8e59349
74 b2ebf1ca0e7bac83
75 7a3a349315f8b09d
76 e21a3cd5bf96b178
77 467065255b96b178
78 e21a3cd5bf96b178
79 467065255b96b178
80 d1e532a45f96b178
81 4511ecb032633278
82 024b069f839cb051
83 2457dcf8a7f318e0
84 896e1bea750f8c40
85 f1637416db970248
86 0a10230cc834adc7
87 60cad38323358198
88 e99c56b5364845d3
89 60b4c5d9ca667ead
90 95c59834150422c3
91 afba3a3ea48ebe0a
92 f9b04d303c8a4591
93 73d6daf14730f888
94 cd7fbc855395e40f
95 9ede8ef3d3afc556
96 d8400e9153cf643d
97 9f6ddfba1dcdff84
98 712178d15362d70b
99 c7197f33baa70e52
100 3e6c8b9730155139
101 4e47e0492f1c06d0
102 f0ae729225d3c7b7
103 57f5ee9aef177efe
104 932285a88e223e85
105 cbc02f876a18f5cc
106 33e3a4cee3d0b6b3
107 3cc280b67adf97fa
108 df112a374628dd81
109 11df079f2b6ccf78
110 3e82c088950abdff
111 c4670fe1d1265946
112 d1822bcc0150b82d
113 689b79b514543e74
114 91af67a8e630713b
115 0d834087eca50c82
116 fe3eca2bec600169
117 4edf7ff3c7164200
118 b5215ed8683e8fe7
119 c7a441dd06ca2b2e
120 67018c75696b02b5
121 f9955c886598dafc
122 a678ad4a439dd4e3
123 dacf38908668442a
124 3c19ef0ea232f7b1
125 4d232f5baa59d84a
126 533a09e24d2f6a2f
127 be2c04de9e892176
128 03d8777f978df65d
129 89b49c82d587bb96
130 33ee98b70fe4892b
131 37e2cda94287e672
132 7805e36204008f59
133 5dfeb7c69902ce92
134 e118a173485d59d7
135 983e38a410c6571e
136 caf0ee197ce5f0a5
137 0cb4b7f6bf62ed3e
138 23f5182fd229f6d3
139 c3d3bf45bf56441a
140 0dfc32c5261819a1
141 b03af3ac5f619a98
142 0d058dac462b501f
143 54bdd2005cff3166
144 af0e260cef21384d
145 42d0097a55034594
146 8bcb439a52a8235b
147 dcea549fab5334a2
148 b530bab5edc98d89
149 9bca16bb7c764d20
150 8193a49dc4782207
151 5553ec564680534e
152 6a373f5be92ab4d5
153 8876541377c4761c
154 ae6f1e9c11760d03
155 917fbf4a3ba4c24a
156 cddb7a3dbc8b70d1
157 16190aeb994582c8
158 be0d12a89e101c4f
159 3dce0dccb8a5f596
160 ca2dbeafcd826f7d
161 873c7288dddc95c4
162 8abf4a32bcb1974b
163 c79e90328ba89892
164 5b01b63ca8920c79
165 7095f25ee5bc5d10
166 efb6b20b7090b5f7
167 355f6fd76f2f973e
168 6c624b44c58645c5
169 87107b7562ac2a0c
170 53dba4568122cef3
171 ea914ca54c3f823a
172 c69d2ad77889fcd3
173 1f7f1d7c1af04cb8
174 ae012ff593aeac3f
175 f5cb96c46ccf1d86
176 9a53cb0a53bc561f
177 200cdb2c3e50e9b4
178 e119c5780ec6cf7b
179 0f5a0cd48537e6c2
180 b9e62d580036711b
181 694941a08e6d2140
182 133cf19d7604ce27
183 01f815f5c1bee56e
184 1bfbc6426c74cfc7
185 6ff693ccefb5163c
186 55404765d946e523
187 fb0e2140d1d72e6a
188 bce418720b2529f1
189 5e820f5926b914e8
190 50e555c4bbe2546f
191 e09848617b89a7b6
192 aa1def973a7e4c9d
193 5856e2f177bfade4
194 12ddc2ac8588df6b
195 258f3bdc972f24b2
196 1f8c9e47fa101999
197 58eef5cbfb049b30
198 2917efb3fd02de17
199 e7b653fc821e435e
200 87c9d7105e4f00e5
201 31fec5c080d5b62c
202 0d935438edf22d13
203 cd391637f9eeff5a
204 600317084056f3e1
205 80e036cbc44c56d8
206 9ce314a41587805f
207 6634f561d90506a6
208 096364d56febf28d
209 1c6664cc2eb7c1d4
210 9afa821eb82fa79b
211 ced38ae571a729e2
212 7ccd4d6e414cc5c9
213 fa1fe0b3268bd360
214 c758f3407139a647
215 bf736782793afc8e
216 729ac55b6eb90b15
217 6586619a5fdea25c
218 ce32aa4f26f04543
219 d1e937520fbc4768
220 728cf5970f43b811
221 f3e4ce4d9f87c108
222 da879965cd7d2c8f
223 d2b0ad15cae5a264
224 cc9269f2d06aaabd
225 f2d31332cfdc8604
226 854ea545fc6b1f8b
227 c60653c8cc1dd1b0
228 4fbd65949d3ac5b9
229 3cc863712c614750
230 ba4119e9b1597037
231 f7212cb6563202ac
232 dda0ba5ee6a4b305
233 46ff41fd8065604c
234 7c62ff226934b933
235 7eed68d7d0a10c7a
236 bed348b5dff45001
237 757fd2f08f0a7ef8
238 7d0edba32110327f
239 f2c05ec623bca1c6
240 287db0ecc12038ad
241 6774fd1563f43ff4
242 b238d5c2434135bb
243 cb85f30dedfec502
244 7e743d766bbe5fe9
245 5d97e75aff4f5f80
246 6fe864f517c55467
247 5466638ca8f203ae
248 9a5e6d72893d9d35
249 4e0f905ea4a9487c
250 38a03b09b7d2be63
251 793a8a3e6993b8aa
252 7a24bfe3f4c51431
253 7032be2c973e9928
254 cee13d3af6385baf
255 025c867738c8b9f6
256 309115c024d8e4dd
257 5705539425d53824
258 1c82768f134db4ab
259 62d41aafc32aaaf2
260 decb69877a226fd9
261 baddb7c6a4cc1f70
262 aab39b2e0fcae557
263 6c4e301735b76b9e
264 64fff4c0d536fb25
265 f2058c170f84126c
266 6c0b6cbec0ad4eb0
267 1f33bf69eb6126b4
268 62094962f943f1ff
269 1832262f4ad14c2a
270 664c8d444a740c5d
271 64f2d1296b407ba4
272 612ea766cd63f02f
273 a6d9dff58949f776
274 c3e697b37e962d79
275 a786a82b69d40310
276 26bacf0672f1ad4b
277 a5c2d3f9a7448e92
278 03224dfc5f97aec5
279 764247e9040dd00c
280 a160bdf2692d8bf7
281 d8bc66aac8cfad3e
282 595cf707bb2d07c1
283 d1390e1ecf2e12b8
284 7f0a228841a794f3
285 739b74fa8e16cd3a
286 deceec088a50e66d
287 8290b832364a8fb4
288 a6749740ec26823f
289 8ee65ca62db15886
290 645fa78b93695389
291 500302a9ba722320
292 a2a44cb37b86395b
293 a691aebade821ba2
294 2c561dbaf3065ad5
295 311441b6ac70fc1c
296 0712b97553c53807
297 eef3b4ec9a4c1a4e
298 2fd64c74758a49d1
299 1a3aa5b7ad4e78c8
300 772651a83b8252d3
301 c5c7b0f00972c189
302 9c34e420aa6582bc
303 6482742740d55607
304 365b5029a6aa7fee
305 76b56c29cf8f58d5
306 77fefdb4c181a1c8
307 65d5112a8e68f663
308 599a7a79a1833d31
309 d7794fb402a8b721
310 e3c6ec9caca80daf
311 36d145ccc3dd5517
312 2af478b82e1eb3dd
313 41af50a53bfbf5d6
314 65304e1f2737fcbb
315 0e0744d88163d802
316 a7dc0a1a47fbdee9
317 988dc10dfd9bcee2
318 1fb89dd1ab69fb67
319 699daae9c2331aae
320 37ce38cd34ff7c35
321 1ecdc0b3181c7d8e
322 1bf7087a478a1453
323 19805794529faa9a
324 825eb81988ed5721
325 7ecd2a394b543e7a
326 a0940984e5aecf9f
327 0c0414414f5c51f4
328 77fe2d26a9b427cd
329 41a258f2cedeb3c6
330 93681cd4a0ded6ab
331 366420c79fbf5950
332 d04bc3bef80d4ed9
333 ae680e422fab84f1
334 450ac74cac272757
335 a5d6afea52fb624c
336 4e6f138e3a343a25
337 4adcb20409eaf16c
338 3e54918c54cf3bf1
339 86400c14fb56994a
340 225537a90bfdae50
341 36faaae3bd7d79c8
342 225a9d42ea299e9d
343 e2cbde250fbe0c96
344 75f70d90c5f6666f
345 4387e6d848c058c4
346 bc8b172b866f65a9
347 659231726e0513a2
348 88769147a9abe17b
349 e4badbf3ddad8c20
350 eff9f23991558cc6
351 4386812d6095324e
352 ef8c09de9808e027
353 1fc797ca12e9a91c
354 20fa479580c3fdf3
355 0ad6d0c7a4fe68d8
356 6e5eaa63f64e20c1
357 c2113efb9bc8b0b8
358 e2a4e38b956beb3f
359 1e4e1d1e27c713d4
360 2aa0eaaf0efa3f6d
361 ff27bf9aa1864db4
362 d846f2dce2ad664b
363 1a5f1736ad5eed30
364 d388e9efbe4a7e79
365 b26f34c6d73e76b2
366 36f4c071aa1c64f7
367 72f577e8ccc6238f
368 58d38968c5fdf7c5
369 0f84de307b4a555e
370 c8374e0bc3edfc23
371 7805b0575ef8aeab
372 09a30c10f8a6ccf1
373 5fc8f5abc092d44a
374 16ff2af756bf236f
375 67502a12451f9eb6
376 86ba7841a3c94e4f
377 b0792226947b30e4
378 b0525b161ff00e7b
379 e61945bf89995f20
380 1ef3d3b67e5896a9
381 a707083ac81a3840
382 46784329f5d1c6d5
383 d06abedc3f24c46e
384 d3bad440aa74a3f5
385 21b3da34a1e5154e
386 b1e831f0e23bb013
387 35352fdb8435715a
388 ed453b1e4e5c20f3
389 ddf7d27aeaf0b1d8
390 59f16ae8cd46975f
391 2f868f1c188f78a6
392 515ab0d5b685be3f
393 5072daba17fcf0d4
394 d4fc09e56328b979
395 e02a77287aeea3b2
396 030ff9b9b0cf3099
397 213d413b001aea92
398 bd52130dbb8fbd17
399 3ec981472dc7825e
400 08da979b4c56c7f7
401 c13f0cb16b5af92c
402 5bd1f8043f55e5c3
403 d646697af02fbca8
404 ceb29200deed5c91
405 6b7ab379b4fc3b88
406 55ed1711210f485d
407 3cb14d8cb1608856
408 2686ed58a1377b3d
409 e9ad1d12bc215a84
410 5517616350733369
411 b91d58f38c9d2362
412 9d3614703689c33b
413 f8181856428061e0
414 c393a47f00464cc7
415 17ab708c6df2affc
416 37c8833d795e6d95
417 20998a62236024dc
418 ae26cf73a2416ba1
419 65cbc6c231695afa
420 361b210e926ae0e1
421 f7339cdb7d8459d1
422 e8589e306d6e1f80
423 eb1027fc7013d24f
424 97b6f705605b8502
425 6c4bc13ba8e5787d
426 c3ce5ab7f7abaac4
427 ddafdcc455426070
428 7a9e24fd0ca34939
429 c664ab1a4ed83272
430 6613724e042688b7
431 b4e1aa3218b473ec
432 4d28461783f3fb85
433 5edbc11ab417a31e
434 6cd410e0777845e3
435 5c2671fbccde4488
436 f0dc7ae79d41d8b1
437 4d8d2f0dc4449c19
438 78026ea234f8272f
439 0574c42f94f64b84
440 b8420818bb3cd75d
441 4ae3ebd32b3642a4
442 dbb022b41d4eef49
443 67f72c72b32d8582
444 0eecdac36ace5269
445 dd580357fbc08200
446 c3b63454a82e5a95
447 ab3e080fe5e6a42e
448 d1ad78c9a1dd5385
449 9f5edff04a5c1b1c
450 844b9dfaf24825a1
451 6e3711162f6a01c5
452 53a6c16ca9d95803
453 1c3065d1e6eb961c
454 3ec5a099932cf0c6
455 8fb2a75b8c6d4d99
456 aae7c3f81e4ec8f5
457 668bc52738f4090a
458 1aa4ac26c4b1ee21
459 6edb645a9f43c75b
460 40e90a308b613ed3
461 20e2ef9d4a73612a
462 b0cb768208ccb01c
463 d673e58c93b67353
464 8ce19ee1b288c292
465 af4fa53ff699b1d1
466 66a1a3600e8ca5ab
467 1eed66dfedd75d1f
468 def9800d0c19d629
469 e081400a10a6382c
470 6fd342fc4be2a9f7
471 4d9ea1ed912f7f0a
472 389c739dce483ce8
473 a65e4cbfc256f3fa
474 49c3d43cd02af06c
475 94983ce5e253c052
476 976515ec4a927300
477 092b4e31e5b6a012
478 614711897e8af81c
479 4448e0a07b09804a
480 d31e41ad9a3b1758
481 b82979857247fe7a
482 b003c31fde72533c
483 0cf51f07cb001aa2
484 e4e28f1fea62be00
485 23d60c4f26563479
486 54ecb7d40639a804
487 04c25e05dd88e3ed
488 a9754d14d2be803e
489 760c3fe3825f82a9
490 c738875c19e653f5
491 b37f011c11531066
492 ee2d57b2234856a1
493 5f2d022fffe0d50d
494 cadc31d7244fb8c6
495 4c0c29ac6fd779f1
496 ff22ba08705f823d
497 5b02aa14c7a543fa
498 fb899f81fb1124d1
499 477e754cc9c0f78a
500 99ff4516fed9ea08
501 1e143a6231d6490a
502 eacb6534928b2f8c
503 e025f155924041b2
504 87f563e3d4e5c9f0
505 e5491c13e3c443a2
506 b8976307793ba67c
507 eb98e4bb915b32ca
508 ee86260217431db8
509 1a9e6a28a83a652a
510 922c0696f59ef4fc
511 c687940590e4c7c2
512 e5ca95b42ad2db70
513 af98137365e84232
514 c35932f999a7044c
515 1d96368850cdf8aa
516 9ea48e34f93ce748
517 0e7fe9f38bb6292a
518 09727dac40220bcc
519 b7f0dade8f579eb2
520 cdb2f17149724fb0
521 2833d466329c6779
522 1608c86e6d3c5274
523 ddcce8b26261c1dd
524 27fedefd2c7f3d1e
525 09c2378b9c044269
526 25b8863bb1ce6215
527 99f608b532497426
528 e1be7bde971d95e1
529 3caa8a395a22f7dd
530 c0080936d850e896
531 5c514cbd4ac1de91
532 e7c47a07816834ed
533 4a5792a9e5abb8d5
534 1167f82b1e197491
535 85dd1745e5d42d7a
536 3417c53e14442eb8
537 6edba912839540aa
538 3741a518cfc5e05c
539 baf822786c480f92
540 870d7841c7b161a0
541 16d1db8e02846992
542 20c41184f1cfd46c
543 5d5448db1c3c497a
544 0d875c8e1ce2b468
545 7a6c5d01a01290aa
546 2ed0d99414e88b4c
547 4409333f51a5b7e2
548 dcd122ebd528c040
549 04206e551e99f8a2
550 b30b5c58f60255dc
551 5fd50b477725e03a
552 833dfeb7ea2cc4b8
553 46bc33579431698a
554 755969fd35cce6dc
555 b51d0ee640ca5992
556 047fcf726ff84760
557 ed4a47fb85fdbf49
558 bcdef4a52d01ec04
559 775a1579985efc1d
560 3251ed4e9382633e
561 6e386434439f48d9
562 8c8b95ac12ebe995
563 fbd20c0a2a4b5b16
564 f419710cbc33f721
565 e95be05bae85db3d
566 f8a7982a7ad52bb9
567 a295cb040f957221
568 c053237bbc4619bd
569 de1c55f802ae1345
570 894e64807177ae31
571 6a348848eb10695a
572 1b896ea1bd50d3df
573 219cd796a6db829a
574 ffb9dedac802f00c
575 e257aec6552b2ec2
576 689c9c1f7e05a970
577 8ab0e226b1caee32
578 3ccd14fd63d964dc
579 1eab7c37804c15fa
580 552a411416eb4238
581 f8cf6b3ce9d5e29a
582 99b9e84d2367519c
583 b33031b9543236f2
584 a5d6bf484661c9f0
585 e1347f13a547ff02
586 fdcc8eff82895e8c
587 43681b0abf38db5a
588 d772c7bf5d4c1208
589 8b1720c95395ac5a
590 99c3c9ab7a5cc5cc
591 f166417422dcb722
592 b3525d1515839eb0
593 9ed131a2bf2f9f69
594 5b9944e811ab9534
595 23ba9c52cd79d4cd
596 c234b641abe6d99e
597 7335dc166dd29708
598 218a0e1eb8645f20
599 403e21d053533bb7
600 8e1e520cc1f41941
601 ac1b5590e5c64cfe
602 5114038564101682
603 72c32a84c214c08e
604 fc73776690360973
605 f8dcb30b939c9c36
606 267e095b116833f1
607 c06ec806fd73e08c
608 9ee0952c4a614470
609 5c57bafedad6238f
610 df090d039d27cfb8
611 cbb4ee070ed2488c
612 4b0f4a6a913dbd74
613 e6dc22195b4fe098
614 007626c3aa66b470
615 dc4d267f1f12755c
616 6b6724a12cc28574
617 c31ebf5f44e2e790
618 1e9b4e4ca171b188
619 2961b6c60e0a2d3c
620 0a22202deff82494
621 c03c1df95fe84ce8
622 d9e5880e570ac510
623 72bb5c86fc2d68ec
624 47f9662a90cd8b54
625 634b45bb6b177710
626 bbf9f67d6eabe598
627 68ebe16059f12bac
628 7eced3778f8ca234
629 da529bc58c5c099b
630 8ec01e43c89422a0
631 8b575fff076f5b93
632 87f479a90f0ce972
633 0d0c38f351d9f6a3
634 816bfa0fc678a681
635 51b9b120802bd72f
636 97f25743b82032dd
637 fecd02dad0a84adf
638 9bae9f8837bfb5ba
639 7caf06adc1344657
640 aff606fcb88f2ef1
641 375342899a8b1220
642 10e18c2dd1b843e5
643 acc343de7020aa04
644 dd13f02be159409c
645 c20ea955b1840e90
646 22c9ffddc2e0e430
647 02c180b8dce14024
648 ce6c83ad6190930c
649 4b618d1f516873c8
650 14e4d08f6f5f1b98
651 0ee190e1eb902844
652 8a0787b29f75c58c
653 361d0834381fa550
654 04f083338e08a870
655 669a36b3966a8284
656 6f32d6390b99f11c
657 67b9f1f8d4b57178
658 a8c3c2a1bc29ff08
659 f9ff0b0b2e4c57a4
660 869f19f13165809c
661 8c17208950fb7bf0
662 5f4a073fcc430a90
663 016d188d11b1f0c4
664 068101c9bdc8092c
665 4e24a3bd42d7621b
666 e510390a70df27d8
667 287e306ac8f7636b
668 9e97d0787b422b7a
669 af5a7609b0417373
670 18c68f516189cf19
671 283367157a86e7c7
672 7506584d75f02cc5
673 42175d7a2fa220ff
674 7f12bee7d48a0852
675 cccf654c24321faf
676 aceb7a1f5c5dc659
677 ed91b630f5230ff0
678 77b470471fb4541d
679 72037e8397c02f6c
680 0952640a9af0f164
681 8ed8f47452072b20
682 5e1a08bfccf7ffb8
683 75793b04fd0db1bc
684 cb1eddadf5f80fb4
685 2b2bf7b82acb4328
686 152d6d0f541d4360
687 f789b66c42cc6c1c
688 065ec4319afe4ea4
689 5a631ca8245df3e0
690 3a4e04c6eaa11868
691 c69c9b6dad6a832c
692 fab8c791e64313f4
693 7adb99905bcd2238
694 9f5033856f95ed60
695 7345de48ae94f98c
696 f477363b1061c084
697 f8a638e8deb15dc0
698 e78aa2502f3b84d8
699 11e99ce1c9ec5e3c
700 dc3cbc16d78cc4b4
701 972001bd19b8a44b
702 6d4cea5f024e5a10
703 75e2426cb6d320d3
704 34aee9f456c349a2
705 6f6d392431b971d3
706 12300b64583b8081
707 deb20c23cf1854e8
708 508f09a3f0470e5d
709 25b60c3ccd84864f
710 a58b067d61fbcf6a
711 270eeb515cd2f6f7
712 b654cc98d45faf41
713 baf186b18227dfc7
714 b631fa27ec64d8a5
715 74547b01a946e1b4
716 0a28c1e63d8fc5ab
717 1d8ac1993ca68f20
718 e873d8a2257e83c0
719 14676403bf321ce4
720 292f28b074a02adc
721 b2d87177c9eb5758
722 269476172563f6d8
723 0ec49c8ce09fb2f4
724 8d41d5a268e7a00c
725 8c40a8b01023a660
726 73e5fd46c8c2ca80
727 e24e8d5f9c5ae704
728 76f9201c008040ac
729 59872aca9a858da8
730 cec54572ce2ebdc8
731 92539b6a894ba874
732 cc68369260015bdc
733 bb6214e6cd3a2660
734 4f3a4a0df5307840
735 da8e046b10dfb884
736 84afcde5f567678d
737 a7737f1023caeb67
738 60c0927e5506f363
739 33ff2de2581bc975
740 015d76e06c64d710
741 e407cd346f358214
742 6de78fbeffa41acd
743 c1f4a2e52c83a9bc
744 5027321c463fa26a
745 13fd117a6e4c4f4e
746 0532878e19cbb63d
747 212413eb15990917
748 58aaab5b1aea7c5d
749 911bc3e2729cb642
750 5b7ea2ec8b7bf03a
751 c5d8b4fd2669e0d1
752 99927e0c79f0c32f
753 5bab9ba5d6993225
754 f93718367d43bf3f
755 78d9ef1a12d74dd9
756 d838abc7b3fc39bf
757 d48a23341760a315
758 3a24e23c5857046f
759 7e85d2fc68a4a8f1
760 83142e94f33f919f
761 80ae9bf0e5ff14c5
762 f1bb01c1057de8af
763 37029f18c9582ac9
764 bbc9768bf470f7af
765 1febba3e7849a8d5
766 cb508b1d8e7fe11f
767 8bfcbcb52c9f4871
768 37cd8146d56bb56f
769 6cf3a0d17293f1c5
770 1a3771392a21fd7f
771 2ebe04475b10c5d9
772 6711a7d5e239291f
773 6afa9b8752b7a33e
774 f8ab91306f63a2ff
775 6655689905ce8f66
776 3b59eff5434ae411
777 d862d314a1fee9de
778 20dd783343e5f09e
779 d6245c7da93601ad
780 0f7b7aa99a3a70fe
781 3b3fdef9c023b9da
782 2284952fad821162
783 e2d4fb2e5c930d62
784 11bc180e9cbec282
785 dfadea7533e779da
786 5c056030195ede5a
787 6a9352a2a1a12bd1
788 ef90bcb658277eb0
789 11d6bc249d78037d
790 ec9ba6ee603b0dcf
791 7afed99bde0d9889
792 e932db13734047e7
793 1f7448794d12ff5d
794 be8f76c7277182bf
795 ef6a90531f276ab1
796 408645c6bd32b557
797 e030f763432e214d
798 8f1bffb53482139f
799 4e309a0fa11f65d9
800 0786d12efc4fabb9
801 9fe05728610f22ec
802 a03ee524fdb27876
803 776977f5997a3254
804 788508bfb86000c6
805 861eafbf46cab3e9
806 5449bebdf27e36ab
807 94e693404342f330
808 92e5a16ac484bfef
809 138e93f507b241ba
810 2c555352ba62d4a4
811 308a0060a0cfebce
812 60f2c328969f2811
813 bb92acc6a05ce825
814 5120bd7d5a07158a
815 17cc600e1f8cb704
816 3ccffcb8eeec4d40
817 dbe0ba6884d77461
818 24f5db87a6aa58b6
819 0e0b76a5c8a3d3d0
820 18ef0964c7cf3588
821 2aeb5c626c368757
822 29d5e7f145d48a09
823 e14fc7675dfaad27
824 9a71b7e85a023840
825 2d25716644ebe932
826 57ad3b64b554a462
827 6c326297cebefd4b
828 a70a8cffc1af4261
829 d7fdc21f1dcbce16
830 5492bc50f42636fe
831 0dcb2024e9b41b81
832 6fcdee8c074919db
833 db5c8d6bc5a0f217
834 f00797108a7ea9ba
835 69d1d772bf89447b
836 024199ff26071377
837 beebdda675616541
838 c2a1acd4d67b86ee
839 71666ee20348f805
840 ed05e49e4000b767
841 53a2969ab393f005
842 1ca0b9d3edaa11d0
843 7424402b7a9e6bf3
844 1e4287bec06b01d0
845 187128118ffb7bf3
846 53c68fcdd6340d26
847 6c66f43b99cee3c7
848 453ec0b0ad62a526
849 4640227aa60bb67d
850 6bdd5a0908f347bd
851 170b9d006b15b8b5
852 3729297979bb0a8a
853 6e2c3732442047d7
854 6499018520831ae9
855 4e029bb5cebc5069
856 4fa821d5a87e7994
857 68a5a9f6d9de0903
858 d743a517cab4413d
859 a99e260e6c360869
860 07837e7f42647f20
861 48c8a6467294fea1
862 8d77b3b61f535134
863 2afcee3eae10a6af
864 cabd6111ff41cae8
865 0353fba89849eb65
866 3a30c9fb6a606ce9
867 f96534a1e21fb165
868 65024fde9e605a0b
869 b4095c7a255300af
870 f1f0eeb50caa997e
871 2fddf6c74da48ca1
872 e862ae5127d5ea1f
873 9ce3c9a797b1725b
874 8b1c26277e895427
875 0abdedc8fa2596bf
876 0aa63b712c4f7f71
877 55bef01e7b24a5b5
878 532cce616d140488
879 096c3a7a54da6cab
880 81e62082a0b1744a
881 b1c5575f46145771
882 785f4a38885c5d0b
883 d93340a74ce7aead
884 cf9aeeecac0424ea
885 6a9f4f193af31a29
886 fd59c891715eec34
887 d64b34ea90834c04
888 051d69ee13b94527
889 47f0b3700cccd115
890 41b461d6eefe4157
891 54abf35bd8c3f2bb
892 50e8a1d077375598
893 fac7c0b95b3adb69
894 6900f9a76732230d
895 8d2d4de048804554
896 dbf8af23c80b14a4
897 9e5c25a5f58586e2
898 8ae1070e4822bbef
899 a77c6cba6920a13d
900 51fde8a5c4d0e93d
901 8198a28003a09db3
902 31b7d94cb3b93504
903 f4a36502a4d4b34e
904 06bbddc6f5fbba52
905 ff3aedab8fb98b58
906 04136791a87e7ab6
907 098ce0b284681f96
908 1682a60f51d5af6b
909 e3126d230c8b5fd3
910 7013d23c88ec3996
911 9c92f16d4edde5e9
912 dd0ab2e88d10073b
913 ec6c157234ec5d08
914 0de986ac7f8d5b86
915 d354336f9fc4c909
916 75dd52ed06b39c7a
917 6dce63a575d2c568
918 5fcfba0ebc110500
919 c2b80f52ee703199
920 028e082c11c59ab8
921 15de3e5ac8fe39e4
922 fc03df86212db6f3
923 39537c34db4d6b78
924 a9d1dd1f9af81414
925 7f55f714361a76df
926 943c0e83a8c81369
927 0c6d4727f87b9c07
928 0580fa11e0c938b9
929 7d425f46bd81181e
930 07599efd212e5628
931 2d656870b6494283
932 19b303c0b129b9ff
933 ab065a097ecf2cb1
934 8fb4d4fb3c5e470d
935 d73fde78b57befad
936 49093cb953cc26d9
937 39569c8c4f72eed1
938 6c8b1ea96b6b04d7
939 7bcadfbf712068b3
940 1debbcd254d43bfa
941 c8ac783a91c582f5
942 62f31b3415104bde
943 7e809f55a1d16367
944 cb3f1b2ddb4d8546
945 22e9389a5f02ce6f
946 4ee6dff31d3c48bb
947 34a1c29957fa71f6
948 c48a85dd7f2a6aa2
949 f48b236e85e64d86
950 787d300251991604
951 04a359f85120aa8f
952 3d210ce0da658fe3
953 ce2d7d2cb2093d8d
954 a1467d5748e4a707
955 51f009a51175cdc9
956 f69a7196fb028f84
957 29215cd6eb147a8c
958 1187e2d75418db3e
959 d45a8389814c0d46
960 34fa9eee9b5cc222
961 9972b2aa8d30f619
962 bdccc0e61785a305
963 897432e449722ec6
964 96cd3bc14010bc1c
965 37b4b090e7d332b6
966 d9fedff55775ed4b
967 784065e4d72512be
968 c43207575ab78097
969 c775d173a3e76a7e
970 4e0be8014147e5cc
971 711cc837e8256ad1
972 2f749abc246d722c
973 1eb5b78423779e0c
974 a128c09d58bd2cbd
975 a7d01ec2fe3aaa8b
976 b6cbf4fa0b6e68a9
977 3167a26fbe2e558f
978 f644217e223ef9e6
979 ec1b62268a1bf633
980 a46fbe3b8de6b0fe
981 5fc5b81228fa5040
982 367adc59351a9261
983 9c04452bb5bbc46d
984 b664cdde6e723f36
985 ac9796c37429a96c
986 fb8f9255e59a47e8
987 c6d6ac4e1b1098b1
988 e81ed3ed1374404c
989 74813732d6095e99
990 7e10e52f29173c14
991 2741a8da9202b0c6
992 34a9ec32c7cf7bae
993 13abe92ce2794c05
994 8ec9a637e90f143b
995 1a2539ee8c474f56
996 9528ff7bca35bcf0
997 5d898817f3c9bf76
998 ead4c78d0336c382
999 503921e14ccdcd77
1000 341ed823bfa7f741
1001 1c480f49acef3e2b
1002 524439a9e5bd211f
1003 cb3e6f9842c9b390
1004 d3188d7e47370784
1005 f7d39ec96259c16f
1006 05d2e064c2c2b04d
1007 9a08edfc7af28fab
1008 debf766e733fa482
1009 ac4f6bff4998598b
1010 36619d3c5a169531
1011 e60b6e30841dd228
1012 b05f3bd043751238
1013 ce112d2d718a0e20
1014 134216c9ba386c37
1015 11fb582748afe0df
1016 1ff8a6663dbcea92
1017 4e2d6d7c2bae59e1
1018 34a23bc50f58b10a
1019 cff01fd23851e96c
1020 4ee477310fde5ba1
1021 178c7a16f33d9d23
1022 afdb8ae443f9bdeb
1023 9c9d2cda5e90801b
1024 bdf188bf3aa8dcbb
1025 458ce766c368fbe7
1026 1079d28c1eb24e65
1027 183aa59e376b9477
1028 849aa32d92ade717
1029 ddd67eb8e5d2fb26
1030 c5e66091f7fdf1e7
1031 3af1f8c4998619f7
1032 4c658b0cf08d0ad6
1033 9ba6a4645ac56a22
1034 0a4574b1ca66e4d5
1035 0e26765e6837e7e3
1036 865ffa6db84e55bf
1037 66b1bd44f67dfce9
1038 01baf512687c28ab
1039 5a0edd46b864fc05
1040 96137f42f068dff8
1041 6b6a38f22f598230
1042 f7b4ad119c56098a
1043 0548c79a94d61eb2
1044 9dee264f3f1d829e
1045 b44503aa0d88eee5
1046 24e74ad50c98bd71
1047 36e2ff20f0667942
1048 43f697408a5dedf8
1049 36601e20477db622
1050 92cde43a09a0c6d7
1051 74c54896e876219a
1052 9699c10e1bca5013
1053 3439ce1774c43ffa
1054 a50146c1b35b93b0
1055 66aff22255c0edde
1056 47a0c241586254b0
1057 9823b6d1d9b2c510
1058 de8fb1a64f8931e1
1059 7e72e213760262cc
1060 6bd953144342a085
1061 5294f10cdb0fe09b
1062 6a7130b6b308493c
1063 4d47958a17e05bae
1064 cb755948a108036e
1065 24bd7a4ce1de5e8d
1066 b20f155f113dfb5e
1067 46c2bd87d434c9c4
1068 a0c52a3dbda48b37
1069 d9007bfbaed29bd5
1070 1f033b8298e60a5c
1071 4cf0e2b03998ee40
1072 964491ba4a6d5fc5
1073 4589650322a04806
1074 4870bbbdacfe2565
1075 dfa883f66e121a77
1076 bf8a5e613540e63f
1077 ad902247141bf98c
1078 85c1f2fb73839ad2
1079 4773f4ddb32dee27
1080 da3eb86e398126e9
1081 11aee900924f848f
1082 2fa0719a73a7bd4b
1083 683aa786cc61b2ce
1084 c7211ea38fcf8440
1085 e27af3b8439bf7c2
1086 6c3ea38d37215bf6
1087 52998b5ddab87749
1088 5254d325d0cf33b5
1089 a0e830906c275fb6
1090 23225db583ca6c6c
1091 4028664fad3e4c22
1092 d344423131b06993
1093 f4222d31ce5c101a
1094 d7a4e8a358f44610
1095 48bf8ca891713781
1096 dbdfa9b37a01b5e9
1097 8b7e7e698d3c6851
1098 2bd8df87b0ebc7a6
1099 0f5f7d8695b8014e
1100 cb7ac246d89a6b70
1101 9eda76c0a5dc3715
1102 30ad49c79a3a5219
1103 aae27d1e2b6b3f1e
1104 70e2f6ffba104a33
1105 24954ea904fc0ce8
1106 4ab5d014560d8d26
1107 c3f9fbc0e4689303
1108 8179c40e1b3b5e0c
1109 4e25e8aea8b8f859
1110 161f3e251a0e4a8d
1111 47e48a070e51e549
1112 df285249cbb7e2f6
1113 b036eca271f7dbeb
1114 a9ec74b9f277fd8c
1115 57f433651ab5ef26
1116 26516daeffa76777
1117 bd5b63897c6fcea3
1118 2f28bac9d11ec321
1119 a302267687cf662a
1120 d5897e7d3630abd3
1121 e58544504c562540
1122 3825cf540d371da7
1123 bc84948284e2b38d
1124 84f62dc93cddcb62
1125 98aa4bf71e455994
1126 53c77909a5a21b17
1127 5ea851b02f0793f1
1128 b76edd91468ec03e
1129 5caf7b9356086d6c
1130 52c1c0304b18dca5
1131 7812969f87b8c032
1132 8b1b8e30092005a4
1133 bc29747bb5a3ba44
1134 9e62624d830c413a
1135 ba280f25179babca
1136 87bbf07b88d1ebb2
1137 113e15f2ea1a7bfc
1138 562d1e492a07bfd0
1139 3dd1a65b13a67442
1140 41fb44435449c6bb
1141 c8e609ec1fef755e
1142 25d898a6a9f6afb9
1143 bda5086c909d9207
1144 ea4bc91f8ec9c763
1145 d94babcfaf405824
1146 a3185e68dbebe4dd
1147 dd83ef1e6e5e28f4
1148 aa4e640763e12379
1149 c7f8a2935dcee943
1150 d13211311272193a
1151 dc96e2189b30621f
1152 7f750449fab18dbf
1153 6110767f29f64db3
1154 2a05f6b057684538
1155 7e6d89761ae3e4dd
1156 529f1c152ee46ec5
1157 cf0a051de890fbd1
1158 d7b9906aec83e7a4
1159 e5368388b371b2d4
1160 783505d893bbed90
1161 883f69ff2605a3ac
1162 0e4b28348cd8b6cc
1163 79bf67913e2a8a8e
1164 ca916887b50279ed
1165 5bb11c7d641305ff
1166 01e7f8052cbf270f
1167 e3f0f4a425046568
1168 d2636505a16e4e40
1169 b86f9941c26630cc
1170 9c8e83037d0609ea
1171 81579c6ac035cdf9
1172 090760995ae801d0
1173 736f350f51980689
1174 bce52a9fa29f7763
1175 d3e0065d61a1c636
1176 13f0629554d0d256
1177 858e45030e7f02ac
1178 a39bb8d97c88d37d
1179 c659f85fe49a6aa6
1180 874490bfb11e4df6
1181 c2b5bc3fc56905f6
1182 43db81ed2fab9e03
1183 82d1a7f5b28af689
1184 81ba223981d0da4e
1185 3af1f9125bc65b1f
1186 82b71bd43782d823
1187 abfa8f7c3002b0cf
1188 7e9611134145ebc8
1189 9a048f645728cd71
1190 e39ac524e4d0ada2
1191 7c690ce1f52581a0
1192 cd13c161d8039aba
1193 abc778ee56ca4c6c
1194 d1b574f24b4151f1
1195 61696573663916a7
1196 17efbf71661c85e3
1197 b7f307b2070c4cd0
1198 88920d5b4dda3877
1199 fbc055720adced59
1200 890bce11d9319ae2
1201 4f9778acf178c830
1202 ef010964b9f086ca
1203 1e4740b943b9f20b
1204 fa286244d1af25dd
1205 08eecadc4f61d4b4
1206 03740d997803d52a
1207 e09a8d8a96a25c00
1208 6f52b27cc856f117
1209 972ff4274482f210
1210 27a8228d555524d7
1211 d8032985626d7bb0
1212 440e311132329688
1213 ac0c6586a63e0645
1214 5cbb1498defb140e
1215 63b3bb4ab9eecd9f
1216 23f0da75cc0545c8
1217 830878ac1024ef37
1218 40cefbc2c9c0bf79
1219 bd950be0f51ab901
1220 4d50d3f3cbbce34f
1221 8bbfbdbd9d747cbc
1222 062b10f8b3d4c2b9
1223 ef97849af485b210
1224 04f1ccd5f5e768ab
1225 9004e00689e155f3
1226 b141a921be49ac97
1227 08063e425612d2e9
1228 29f2a832ef89dd6b
1229 117d0bebab1ac225
1230 41a60ab03791a687
1231 aba2e19bc74de334
1232 f5d2c9399e5e7140
1233 5338910f8e0e88d2
1234 fda7e682fb89ecb7
1235 f90b466bcdb6a773
1236 06c6ba23351804f2
1237 7177749ca8767d2f
1238 e0a1374ded929d55
1239 4e9e3ec9bffa042f
1240 ccc638aa6c3300df
1241 a82dcb40aeec2132
1242 382473e04ce7721c
1243 2f6cd460f152694e
1244 51f55460af40fc1d
1245 5a341af9228a3ecc
1246 fa0cfd498db89c9b
1247 61d46255cac293f7
1248 3a953ac9c8cd243c
1249 b15da0836a98bc3d
1250 c7935cab6b302ef7
1251 e9e1f4c371891770
1252 12acad641472b2ca
1253 f99d44abfea18285
1254 aa71e48badcc0e88
1255 5816aafa1c68fef8
1256 d057876f35aa3e07
1257 9e85f43d11802c36
1258 a761e1bd838e4b2f
1259 5ee78497fc2bee76
1260 317a0a816db38191
1261 d8988c871f3a5a39
1262 1d46e64fd7a205ea
1263 f49898cb49266419
1264 3c11ed94f5bb0c92
1265 b39ea7b12cf26129
1266 7a9c718ddaec963c
1267 58101178a7cf2885
1268 61087aac776ef73a
1269 4512b30e371a81ab
1270 81b3ec3756100cbf
1271 c075e6e1904894e3
1272 39ece73b993903b4
1273 1f9f5ab040f0033d
1274 18376713e3655346
1275 7fc4dca40ae682ac
1276 b998c29da9696424
1277 a1b5dd79f8b54c23
1278 e481bf7e8991089c
1279 08f97125d8721645
1280 bc1bf450a1157726
1281 c1ed123f47cb5a55
1282 e52c4502f7a8332d
1283 c7fa8610986690d4
1284 ac83340ec664f9cd
1285 ef31d98b0445659c
1286 180a4524aeaa96c8
1287 5697283ffed86f41
1288 3b651110e931a47b
1289 7ab85cf490bc9395
1290 318b6b323105055a
1291 b686e45ba39c1810
1292 543af74badcd6ebc
1293 d2d9cba1ca601f53
1294 d32bc9840e780f4f
1295 38be78909c78a58b
1296 717d4e42991a6ddb
1297 5389f7490e3ece19
1298 547f4d1ccd69c8a2
1299 c7f9726d54ffad83
1300 dfcf8d2d5141d064
1301 9a18dc583cd7dea8
1302 db7aa4980b3dac11
1303 cf842c2365ed7bdf
1304 c434b910c9b3acfe
1305 cb8204a8353336b0
1306 5c2c41a92a3e96f0
1307 1de5e7b8974c25f7
1308 b264f8e63d27ef08
1309 7243898507fba98c
1310 360ef6e4855ee6fb
1311 2e61fd862e080cd0
1312 f4c26770f2357cb3
1313 3e244ba12bce552b
1314 cb4468e66c6c860d
1315 83b007d6038e96c5
1316 3c961043a733a56d
1317 37e204712a815906
1318 92a7a6310a1d7287
1319 52a5796cae66b4eb
1320 598541fa891281d1
1321 54ede02c4e2a9670
1322 6b0b6e45a040e050
1323 141e7ad8fd2ebac3
1324 28a5f522c7523266
1325 defe5dfd7c7b94d1
1326 ab19d710d172e20f
1327 4a03f5198826dab2
1328 a4027adfd1a57f83
1329 e6df589f58a7278e
1330 81a32b247c08169b
1331 45450b1fd23bb970
1332 5beedf2483f4376c
1333 bcbe7a0df9c72c36
1334 e93dabe797b0e8c6
1335 e2aae3ff92a6bb84
1336 6041011bc3f41950
1337 727b3cb27d96c7ff
1338 1095699d386f6abe
1339 ad0634a5fcdedce6
1340 725629ecaf5e61f6
1341 b8e95e92664313ca
1342 6d0ba6f7f9b32476
1343 408a91a7a6cb2d9e
1344 923068d2932d8709
1345 376d5c322ba8a8f9
1346 c7d4630e3ce78b93
1347 2e163de850bd9b1d
1348 29f9a5f3b5e97585
1349 bf6863be2de9ceb2
1350 fdb6573629e25ea5
1351 a33140b79b8ba8dd
1352 e39b6904099ad658
1353 cfcae25dcdbe6dc5
1354 185fb749c04fa87a
1355 b085c53b540ca772
1356 750ba89651801124
1357 8cd0f619126b7488
1358 316031ed9423933d
1359 5ef9c3ab02474d45
1360 6badd67d3996346a
1361 d7eabb76c0d372a4
1362 c2e99111e5cf53d7
1363 e60298e1e27e7a5b
1364 0894faaf39a684da
1365 5470a2ed99055055
1366 14f5287b463abd77
1367 3e4eaead401f6146
1368 a088ef72b8b424ec
1369 fbb8bd83c664d799
1370 d20748c2caae5da2
1371 99204a141fb81689
1372 a54403e0632086a7
1373 964037f208e6efe8
1374 173bc0722058b7e0
1375 f37bdd8bc43fb9c6
1376 90f55e6cc20a21b3
1377 e58241c72fdf5c8f
1378 972c16c543fa6a4f
1379 a8967918db8dba38
1380 f3a2205d63857956
1381 95f14f1e44753ab8
1382 9de26fa809f0f7d5
1383 a75fedf7bec6c350
1384 be0097b89bb77d34
1385 f37ee28a3dfa17f8
1386 f1e2c82aec253ba7
1387 597be5c3f1914e85
1388 65279ecc04ab72d3
1389 4174a21d40457322
1390 3693c57f8f2987ed
1391 36a03c9e2828f52e
1392 0cb9078294318766
1393 9cd7a392d7980c75
1394 b13a78487d837dc7
1395 b220f5e0d22fe853
1396 96b606507334d72b
1397 f4926903652c90e3
1398 9e5b076ca5bf690c
1399 c61bd7ba25921ac1
1400 cccd3d624abd1ffe
1401 19c7986425873c22
1402 ee2143507bbc775c
1403 8b5e21cf0982033f
1404 09609fd6fb6765b6
1405 5d4a019635c5476b
1406 d96f82046f58f4f7
1407 e586c3e800bd7445
1408 7f50eeb453025ec9
1409 ef2a338689e2f72a
1410 0bd2c6bcd8a2698b
1411 7b720e176822ae0a
1412 e28b847105e900ec
1413 2339d9334a7726f1
1414 442a2d2a34e286bc
1415 2215773270482bef
1416 4c1e23121c7c967c
1417 d68bc89c8edc9b19
1418 46b51220c0f6933c
1419 b4fa09b48e920fe5
1420 7a6b68adb44b99e5
1421 3df5b9f402f4d2da
1422 6f2eda555c6d076e
1423 2eec5f4c8800cbd3
1424 8f7caa8c08b27187
1425 7a38e97109fd4309
1426 463f25dec8885cf4
1427 b5704313790abd30
1428 5486ccbd86a43799
1429 86e5283c3e1e8a9c
1430 765813a80911176c
1431 ab8332768f71da38
1432 2f470475d42e703c
1433 9e5ba620771c6e5b
1434 26dfeb24511044aa
1435 a4a04debb3945007
1436 fb8976d682ab51ff
1437 0fdcf2416f84d66d
1438 86f2a0856c9328ea
1439 27c6c2dc5797881e
1440 dfcdb0e4b8b2bc80
1441 ad3ab06be4ccbd9b
1442 afe7a7981e5fd35d
1443 804dbc4a388bf529
1444 fda44ae04fb8e034
1445 18f658d3cc44d737
1446 0119f1d6636b3ab7
1447 70321b3375645c2d
1448 0876ecf053285a98
1449 75871fac4fda1cc5
1450 036ec399e612899c
1451 3b2d9e2f215f9e8e
1452 ed30c9c8516b608c
1453 cf238b05c1e9ccb5
1454 8ecbf4f538e48535
1455 87e139b458c93bed
1456 7f8736a8a1e30119
1457 3fc4dd8e24888f3d
1458 1efcb1b5be9be448
1459 5bf58ba7b344b96d
1460 6261939dcb8eeb31
1461 a378676234c0e17d
1462 6428badf21e5ba9d
1463 3b4587404fe9397c
1464 0b406c2ba686e77f
1465 ddc616558106a67e
1466 30b27025f7d72e8d
1467 7fe2a3ba363e0897
1468 1be9df8b926b41a5
1469 9f62cdde9efa337e
1470 ab2e1416ffe27477
1471 bd413a5af978339e
1472 6cacf87ad7129018
1473 425c366e39c5e339
1474 29902d8a03a7a078
1475 7acf827a7dfe3d9b
1476 2b8bfabbd893e7df
1477 1d17af5bb1a98ab5
1478 d10ca4634f859c28
1479 494e4d7bef162b29
1480 fe462cf6836ca902
1481 ed12b4cc81c754cd
1482 aa9cc5ad7a76d736
1483 0fcae26999082fe7
1484 de59fde7f1d67c93
1485 86798a3d70a6b776
1486 790a74fd738062fd
1487 69cf4d7bfdf572f9
1488 fdaa0b4078785218
1489 431edd23f7ef03fd
1490 f1ee3a30cbbbe9cd
1491 477388e77c7a6de4
1492 0fec17520f2b009b
1493 433bdfe422350d84
1494 d19a389ec673487d
1495 d266e905c6348050
1496 4c5e1094f8d594b8
1497 b7f92106125be982
1498 d08cddbdf2f086a4
1499 b0a5407999f14177
1500 e1fadaf40a2166d2
1501 b9fd0fef193af6e3
1502 91cb2d17bd6a1372
1503 d39a18bdca32a550
1504 24af2b2fea980c3c
1505 48f98bd62a9f8b4d
1506 7e052a351bcbd266
1507 4dfbf96c4d6feddd
1508 dd41f95aec9e0bfe
1509 6cc63870c25ff5d5
1510 e399af4cf2c83f25
1511 b22a98eae6d819da
1512 823b6770100b6278
1513 e15dfbec0b73d621
1514 384d8469f59c97de
1515 7a8a211afbf2a984
1516 08041b0a5bd690f4
1517 d3260c63b18ccc78
1518 f4def5713707aafd
1519 6398d532ccf1e3e8
1520 fec4d756df0f6924
1521 f7a4caf3001b2996
1522 036bec8b33b31479
1523 3290898dbe69a42b
1524 de1fed68f6f45cb2
1525 5d80a744572df761
1526 a2d85b196069d923
1527 ba24c101b89a9e1f
1528 6b54106fa72a5b0a
1529 7f01b6d4aadcaae9
1530 d669f0323fe9904c
1531 d1fe83c2bbd32a88
1532 fdf6de7ca686b258
1533 2697b2b4fe423134
1534 b08ddca747508161
1535 2ad7c21dd4994de2
1536 17211d149cd4c032
1537 5d39da30db96fc15
1538 abd1249930528264
1539 8b2d1e3267caa01a
1540 3184e774c7504edb
1541 6717bf737ca3e88c
1542 16070b5d45d9571d
1543 a63d42aa921efaa5
1544 4684df13da1c686a
1545 12abd850d7e1f953
1546 05df82a92bc99244
1547 ccedfa34abb65af9
1548 5933be63d4379852
1549 86f7b21d8e115997
1550 5a32dc98282d25f8
1551 4d302f9ac297469d
1552 8ce085ed4907abac
1553 be63b6e2808e2a57
1554 51aaf26948697afe
1555 6c2f13f6f141453d
1556 0cf567e34d488fbe
1557 eac1f3422ff392b7
1558 a8f56213b9c4664e
1559 e6b4a233a2e60355
1560 34a95458e895a9ac
1561 52dd1afc105f1e72
1562 1b0d07d540e03d90
1563 f8c758fc05a3e171
1564 0caaa43216a5e076
1565 fb94b98c8b30717f
1566 0e935d99187a8ae4
1567 7608d260edbcfbc5
1568 da11866a8be25de7
1569 c9861d0d4a9011c9
1570 719400b32c1a0ddc
1571 7e4bd182c03d64be
1572 c064ec449838efcd
1573 fe120d13a2a2fb48
1574 1046d738bc513a79
1575 f5545232da5b1e53
1576 fab451cd16a09082
1577 223231354ccb9907
1578 210f0915756065e1
1579 ca00ece1650fbb76
1580 a5176e493a415143
1581 3605065a3cf68952
1582 6f3049986fa3831b
1583 5f686b332864ab64
1584 e015d920b1c014b6
1585 95eaa2dcaf6ef85e
1586 fac664e089d3f320
1587 3d5a0397b8ab0633
1588 7ae03f4044283ada
1589 f3eb068d2ac15b1f
1590 ee0690d291874e50
1591 4ccf3df21d668be5
1592 42d57b121963995c
1593 a860e3491ec8baef
1594 914030cc91745954
1595 116cb93a8cb75d46
1596 de693a8c639a45b2
1597 d5ec0d802e791822
1598 959e721165415923
1599 a814052740a78d48
1600 d66588f5e11c5e01
1601 3cb0974e67dfd7e6
1602 4e6253f51eb71e7c
1603 92024d41b9c4d609
1604 6102da4f3abe9a67
1605 b89355a9956b514c
1606 3e15c18dd5ddc798
1607 e5f0f479d28723fc
1608 a0f7faee896e1d11
1609 7a5413b705d3bef6
1610 3d9c45a99c358702
1611 d3b42f3467e6d568
1612 45a627758c7be62e
1613 55152a3a754e74f1
1614 6b640ef94f9b1064
1615 d385e22bf0b8d2a4
1616 ff5050f85f234f24
1617 4ea85e99f88864c0
1618 8117cd4a735bf024
1619 e3c98fbbc47376e7
1620 b3974b46c7d212e6
1621 3c39329da0cc2b08
1622 4a9f78eafc02edb6
1623 b95a7c4034550ca5
1624 13c450364d4cc588
1625 d4eaea55a371cea0
1626 783fc144d39988c8
1627 8546deb2e4419b32
1628 83559960925067a5
1629 a11d71562bc706bb
1630 94b667dfa300750e
1631 646aa7fa8cd14b2c
1632 f44d570319850c4f
1633 63337f5478c40227
1634 2598f8464f08f9bb
1635 4c56dccb6cf3b94b
1636 94a5061559c7e0c5
1637 a239f597857448e8
1638 5dedc27f5ab510b3
1639 ad91b473d9659b36
1640 c4f62a0a0acca819
1641 15d4be9b312dba0e
1642 57b4fa2cb7fe87d4
1643 d8013eda1394ce23
1644 1559291dcd935b6a
1645 9e44accaa0465112
1646 d2b7aec971a25940
1647 4d2b60891d07479c
1648 6defd345b048b2d7
1649 0abb5ac6765d5984
1650 21289fe6ce9ea691
1651 f0d8ef8849421336
1652 f39ff0c8eefa168a
1653 7293be97b2713877
1654 94e1e0e5babc24e8
1655 c8e2f11924b28e79
1656 0a65b55da81968a6
1657 5f82d8426750379d
1658 2034707c70d9baff
1659 5d19ad9c0c2a5f6c
1660 4fca8db902faea35
1661 fb3c2199d3dbbb0a
1662 0435ac655fd2ca07
1663 1e51a7e6a7b3f29d
1664 7d5d758fd33b9c92
1665 9191e80912ecba9b
1666 2377396e5cc25830
1667 9d941a6d22cc44cb
1668 6e6889f90fb4ac1a
1669 5fd131746b2dd4bf
1670 2af32f8d42334948
1671 a764683b109920a3
1672 ed4d5ec2aee85fe8
1673 65986210dcf709ce
1674 2b3ab6a57f7838cb
1675 bafd184113c5077b
1676 db6f6ba29f15a96b
1677 d2e533e91cb40de7
1678 ca5ea82fcddcfb3e
1679 e0f093af2a4af945
1680 0fab5cc1c05f08dc
1681 c5e2182d4900f3e2
1682 ac1ec2355b74c1c0
1683 30ec61580d9f07b5
1684 22ec02fd6c8f7adc
1685 a82c103dee1f5a6f
1686 e09922fec398dfe3
1687 3af26d20767ec8e6
1688 c54887b947e51755
1689 dbd821d20d92a0ae
1690 51f83c5c29bc8b63
1691 8944d960102acda1
1692 9f2b31254c193bc7
1693 3e80dfbb0e63dcfc
1694 29332ac1f55a5ec3
1695 4e17f1ea0113c410
1696 0adf9ba047479313
1697 668f2515ad2e70cc
1698 5950d5a59f68a98e
1699 9084808832efb24b
1700 9df449daa7185f5a
1701 12eab26b4c67023d
1702 42fbb41fa1c568b6
1703 30d4ec26e4dcc56f
1704 8b549f434f3cdc73
1705 8364237e314abc56
1706 9848a34da59235b9
1707 2f7441307def4e2d
1708 aa003be68d80ab01
1709 a9a80ec8479ecce4
1710 c76c73bc67ba1111
1711 dd62f42c87a428e0
1712 124149c748226b62
1713 90b142c1d25313fd
1714 bc8c528a93b907ec
1715 601aac769b20f2c1
1716 cc960444e3db6c11
1717 24e34ebde2380453
1718 f4e54c06b86c9a7c
1719 9206c97f9ca7d756
1720 f9848f462d5a7718
1721 bc8b901c5b40d193
1722 6f04de48988d0e5e
1723 b6df2f0c87ed988a
1724 fec011c68804f84c
1725 065bed1ad5eeda39
1726 4943d03d38326382
1727 041741250b6ee169
1728 6c70008f86a98906
1729 eab73989fad58919
1730 2ae2dcd6081c7bec
1731 cd984cead71deb2e
1732 e78f419adbaf300c
1733 7f9bfeab7b39af1d
1734 23295722a00e5bf8
1735 5150cf3dec16634d
1736 b7835d8f2c192a39
1737 1a5e396887d878ad
1738 c29ca4fe7618e978
1739 066a59fb49ec7d65
1740 5c815edde1032dc9
1741 086a6ab7b6ed6678
1742 6c03249029212b11
1743 b9db9611ecbe2d4f
1744 1b093faddf0d0a88
1745 59befe29dab03205
1746 3f3890bac3f36fbe
1747 39775e47e6b8fffc
1748 43c41ebf0f9b1197
1749 fc574217b481f664
1750 1f15614b8daaa895
1751 727f909724757d8c
1752 3159084f6525a9e2
1753 79685e4d5fe07653
1754 4b22aa93a49e21ea
1755 075b2349eb96db53
1756 e005f6e121c553c4
1757 d816add9de4a47d7
1758 2dfe5ae17d61f574
1759 01ba2e8e03494e9a
1760 9d4cc5eb7bb08a01
1761 95d2728dd67ba693
1762 23e3e0f75e3987bd
1763 48a47448814cbb9c
1764 89aeb5c643d32120
1765 9fa330263db3bc95
1766 5c67262a7b47f0a5
1767 fc48482aba1970b1
1768 2467ad2bbd346de5
1769 5d46f082c9b09018
1770 0573f5058c9fafb5
1771 0307095a75ac2e59
1772 dddc3216ca0565de
1773 5256b4e296cd7ff5
1774 f5ad4ea212a16f50
1775 5c81e32609d909d5
1776 7a2dcf9d25aa80e9
1777 1baa5925f06fd774
1778 5dd94c263388e64d
1779 22f031b14b6b3446
1780 638874b57b1d859b
1781 bf23c69c26c938da
1782 689c8618a62514b7
1783 00a4b8feb620e0b7
1784 9ab3a21daad0ab8e
1785 1e4e0f7e93b653d5
1786 f0774dfa208d338d
1787 e5f9956f4e72dd75
1788 e8ce1c386943b101
1789 629d3f11bb275641
1790 f985ee4c92006390
1791 40b5c376fbb585aa
1792 8610da4e91144e68
1793 0f8ec3368dc4d029
1794 4cb9180dec3a3880
1795 163327ce2ed4e3d7
1796 c5ed2de471756354
1797 0f96b08f139c49df
1798 bf06850036f466d6
1799 f90780a1aab6b78d
1800 8839e0607cae10b6
1801 d8893842c6bd111d
1802 8d259a45f676865d
1803 76b5c0686f1dde25
1804 bf56219f26209518
1805 a23d15aa97cc0f90
1806 6d573b4365b7d494
1807 8c460eb050cd475e
1808 5a98f14cdd43be42
1809 058d06e743bef381
1810 8349bdae59aa0df0
1811 43d235a86626b869
1812 aadc3f1c3ff99852
1813 73396bcaac94a603
1814 897bf138e7821d35
1815 17d3d46ded3ca510
1816 bc05533bc17d4eed
1817 f61fad239a163958
1818 8b9c45ceb2b531ce
1819 427f2b75a0994e8b
1820 67af5c567ceb11b6
1821 deb8dd916b73ab34
1822 e33b991a8f1a881f
1823 cc375bd1b2fae2db
1824 b8806d0ec76ea0be
1825 6c5d148d7e55dc9a
1826 bb7669a5c1b667e4
1827 c9a48e2c1eaca3e0
1828 440ef779628ea544
1829 b90b2a2c652b5141
1830 fb2d88422c9e8509
1831 47e34688a0bd58b8
1832 399ee7db65763e70
1833 c672b5ebd1d806d1
1834 04ac29842038ec97
1835 d96e6629af9153e0
1836 171a7c75b9aba037
1837 d9398a7ef13591b1
1838 917781ce815d5fc6
1839 58ada6a494a2b7ce
1840 2ca9e58c01807780
1841 f606a6795f669c39
1842 51f6f4b170f616b3
1843 f0291838fdbbd242
1844 96a6261f0822e221
1845 3613485adb695e01
1846 a2746265787f71c9
1847 ef77380b9668f708
1848 a9a336d49e183ba2
1849 a67b8e012bfc32c1
1850 2b98a17634c7d6fa
1851 a481f053da5ac4cf
1852 b6a2abde54dec14a
1853 498e7c3ea13b4978
1854 dc8a48607a65c53b
1855 b7ab01d1ab76451e
1856 ff2ee725c444b364
1857 199ec676d2cd7800
1858 ce092406a9e52043
1859 c71ec504adb693fe
1860 3fb639a252f3c68f
1861 0e742041a2e8ecd6
1862 ed691bc295d9669a
1863 7562aa0bac028042
1864 d2b71935732c3744
1865 ccc9296dd2e898a4
1866 8ddf8799e92840e5
1867 efa9f6887c331277
1868 708d99639cc96166
1869 0eae26f6b498faed
1870 329739c5b72d1504
1871 36e381e835016559
1872 146f08de73c304d4
1873 c82d3706c22bcc15
1874 c14b345b5b13871a
1875 9f5d950f742bdb79
1876 57093afb10cdbc35
1877 da303606e29f6bbc
1878 3dca52fc3097ef8c
1879 993689da990e7c11
1880 8b99a6c9c0ebf7bd
1881 bfe28f91488ef014
1882 c7e6218ba7d0e2cf
1883 0f096321cd527f25
1884 7b3663eb9064cf58
1885 bb6fe3ee7ca6836d
1886 16909435e6c8e5ac
1887 45dc2fcb4f258876
1888 d6ddb4ec37e78142
1889 e2b4e4bd81ae7d71
1890 4e99fc75061fd050
1891 e68bcfcebcb1bc21
1892 04fd22b0292d8827
1893 c078573f9c901f8e
1894 ecf5a6cb0d50bfc7
1895 ca16c7f15d78ba0c
1896 2799f9b32e12d850
1897 7ea6da6bfe9e33da
1898 b12f1116d3be22d4
1899 d3a434019fb27376
1900 a8327eda5106c740
1901 227b65d0f5f28d3d
1902 732d29baf65124ec
1903 6caceb07b6fddfa9
1904 e447661996faea31
1905 a4389f3156d8a3a9
1906 f6fc4a01ecdb0ca1
1907 29fde060183269a8
1908 9cca68db572603e4
1909 ed341b0c793f10a9
1910 4114a7052b3cf86f
1911 a24086cdabc1745f
1912 fac7054c3b5c6b64
1913 15fe18e596ec1396
1914 3bb7735e77991b11
1915 c49b5ca37df29c3f
1916 3f3c10e63e61ddb7
1917 09e6068a51749f05
1918 d41abe6710ef2595
1919 295f240da164172e
1920 34d8346ba9a21513
1921 4fe479a0e067a992
1922 65eb871dfc7485b0
1923 98bca08308631371
1924 dbaeb7c5d208ba38
1925 55cc1d3ff1799990
1926 aef756b3dd0f4176
1927 834307e9577ab6f1
1928 d001f4c0c69c5c42
1929 bde2c841879183e1
1930 b4329bf141eb3c42
1931 e6370ab3fb8030ff
1932 1871deecd09ba332
1933 68b826b1ab458107
1934 c62da97d53fac67d
1935 fe006085abfd909a
1936 c8dec8d6bbde8b0a
1937 39d93a24ed1b07f6
1938 f54b707101de01e0
1939 a56a0fc6a0e60139
1940 200cab6a0a092512
1941 c9e1080fa7330601
1942 49bf815183aa82e2
1943 0ac341ad3b7e2f4a
1944 f1f013f8d590328a
1945 84d3e6e40dfa6ee7
1946 f2ba699711017df6
1947 06e2fbf7e6c54394
1948 792850cbaeac37fc
1949 8a3cdc8f5ac45a6b
1950 8975e9db30d8e65a
1951 28ebb5c212f791fb
1952 ea7fe46b67ef321a
1953 69e3c89be83e1ae5
1954 ebdfae0c1d6ac6cb
1955 4bf1fc273bb1f3a5
1956 bfb04fe01005ef69
1957 1c66ae39c249508e
1958 131644eab9873e6a
1959 92fb5bdb1cf46ddf
1960 4acf0c420d160587
1961 57d64c8c45578eb1
1962 fac65fb99734da0e
1963 3224533fe9d36e07
1964 1814e0d2f133976e
1965 61bd2739d8a7e01d
1966 298c8dc59f9f1374
1967 a216ebf7fdb97259
1968 6bd4f80da2ce88d9
1969 a6b375a318a069f3
1970 8d2b33f690d9d7b8
1971 88aed5098ed14cf7
1972 768d189bbdce6acd
1973 945704baba14c4d5
1974 94d56f236523100b
1975 69403dbe812b031f
1976 0672db6a034ff2d1
1977 b46f80004f74776e
1978 6d5c4c6aaa5c7ce8
1979 15437ce66b865fba
1980 2e5798fdcfa16d1e
1981 33cff7988c1059e1
1982 6c7682b1ad89f6b1
1983 66ff3001db691b51
1984 5416751109748dd3
1985 e0799fd1a57c5e2d
1986 2291774f2fa795f6
1987 934599e97fde3d6c
1988 9cfda8b034eec927
1989 67d590502f5addc5
1990 03e738939a10b90d
1991 fc00f323b2db8d67
1992 3d71807ca42f8592
1993 76eba2ff9b19127d
1994 975e0c92a00daf70
1995 021af24b0ceab54c
1996 880581de26020fae
1997 8ca2feef6bd991b6
1998 78fc943077fa4952
1999 a9834a2a7ced5048
2000 5811e69d180cb328
2001 2e9f9fd9298a6ee7
2002 bf0616067526ef1c
2003 214115d5122b4e7e
2004 ae82e8993409e0ac
2005 494df5a0188e0c58
2006 a440cf247f79d5ca
2007 87ac34b1a9591e45
2008 3490dd564470a3a0
2009 a7385a61f66ad478
2010 efe44a906e5a01c2
2011 a89e5759f4e8bc84
2012 e7b8d9ef99e5b4bf
2013 a9b1aa70a1cc2d2f
2014 6336ecddb41affc4
2015 8bb306c7405a535a
2016 bb7e83623c424ead
2017 c93435cff0b64707
2018 7940f654801fcdd5
2019 fa3e227898d87387
2020 eaf4f97ea63f548c
2021 b08fd1383e570411
2022 c331e0600b48da1a
2023 1a3c815e1cba25ea
2024 bb3266e3f81c0c90
2025 a0c0bcb5d47a800a
2026 624bd10c229b9252
2027 cd39ce978a065376
2028 3f5b1751c467e9a3
2029 718f9cca0146c118
2030 2696578b07d48bd3
2031 da98cc08e56039a0
2032 c786e2b82dde765c
2033 9ff80f6b867c4405
2034 1b1d57477b47e3aa
2035 99bb0a3923216134
2036 ce5dc2922aaabbbe
2037 5627b0fa346d7294
2038 65e861d34f148182
2039 cc1d0a7da90df78c
2040 e9709c5e15fee57c
2041 ffe9127a466b52aa
2042 317310ce6b135746
2043 97af492d9c83ae11
2044 c917e521ead8bbf4
2045 176fa7d61ec4343c
2046 471c7f20b14f2431
2047 0e587e39ff95c46e
2048 1030168a048987be
2049 8c23cbb045af3cdd
2050 2ace69dc9c4bb76e
2051 79697dcbcd5cf880
2052 2c87c5d1386b06c5
2053 bd4b2e471007b036
2054 3d2a864755f6a1fc
2055 38da72a27aa4313b
2056 faffcc31c79ae226
2057 dc010ec59683e9a7
2058 7eeb1edb1520c72b
2059 2dc6ff932e023889
2060 4bc9783e89d0f817
2061 d179f9ff45f0e92c
2062 0252e7772596342e
2063 34e598d1105eff7f
2064 51fe367108cc812a
2065 50718ff83de41b5d
2066 ba8c15d8ba0bd0a3
2067 cb5b2c77c570616b
2068 da56616e292aa4c8
2069 065dbbb5e362c9e1
2070 71ef7972d1ef1339
2071 3c749c476d4f1b36
2072 8c35dc8612c5e91a
2073 e0b435c33f9f47c4
2074 1375474873d6b023
2075 bc65d38262ae518b
2076 77b973875668452d
2077 68a96ac401ae9bc9
2078 bc471b0e616c3f8f
2079 35f4885db5aabc66
2080 cc59d67b9672d308
2081 6fdaf0f37898aa1a
2082 8e53be4b673c2d7c
2083 22b5dac118121691
2084 f380ce35f37b5b4d
2085 9bf0596476f76c37
2086 466beaa8954eac6f
2087 ab9ffb0ab3282d1c
2088 d5f02570345a3edb
2089 e25e3c861261d937
2090 f3ad445d285a9ebf
2091 b77c1e6176ecd72d
2092 d3e55d12af5a1113
2093 c2fc3feb7d0bd62e
2094 a41ce7d195ebbea1
2095 1de5d030041a83f9
2096 34416c08b8b1837d
2097 5df808b61a3a72af
2098 89cf9855666c159e
2099 f30f61879cf2d63d
2100 62b7db9da552b375
2101 e55b82c891d50b2a
2102 f90ad38cbe339489
2103 2e1aabf2e69cc9ce
2104 0d3e144d1885b9cb
2105 43b22f422a679e27
2106 697aa7ed32e15204
2107 a14d44d3ff82c010
2108 7d398237542e606b
2109 7873f71264b66a41
2110 92a19271028c3d71
2111 63da2a789a31decd
2112 a91375600554391a
2113 36094e3a838ff0f3
2114 1ee768058dcea4e2
2115 b024bf11f3da5633
2116 cfdd5224568bd34c
2117 5185e39f056aeb90
2118 163a38c00495c4e4
2119 0a933d71db85f6f9
2120 a0edeba3cd0a9e2e
2121 b574f64c71e43f70
2122 55c9d299959a195d
2123 5f08404645022288
2124 8a28e3168ae03af0
2125 45cadd368836ba12
2126 0ef53432fbe6f490
2127 f492ed27706b7213
2128 78f55f216adbb39b
2129 bf96070851a12a49
2130 74457f62f107cf0e
2131 e19fad9ffa6b0fbb
2132 2b3b29189bff6dc8
2133 e01b42de1f06e9ed
2134 3d0f8142b9071992
2135 2923490a644f247f
2136 1b9c670a6e3be4fc
2137 1916cc02bdde8b5e
2138 7a945c0d7ae1ddd4
2139 20ef3c2b00cde903
2140 de5009a8b8b08548
2141 59b66c0a36b86e1d
2142 3aad39c0c7cc4b92
2143 f78093c946f5c1cf
2144 71d1c7f728711494
2145 55f90e63ee3d8ad9
2146 2af333b8af31e76e
2147 8cdd8846ed4c195b
2148 a050543362e2c5b0
2149 29b5514c4ff1c8b5
2150 efd9b9979b0ebdda
2151 638e05ad78e006c7
2152 f133c1bdcf67525c
2153 db9a177fcedf8f51
2154 9463d1f8941dac96
2155 e7f853fbbd7a48d3
2156 ebac6d4c300f8d58
2157 0efdcba1ec68dced
2158 244be9bfab1b2d62
2159 e10e400c80315a7f
2160 7fe046a8fb10ce24
2161 f4988c530cb17949
2162 364a3b6b8ff018fe
2163 251b06a56bb2a96b
2164 61ebfabaa6d16c40
2165 86daca9fb64a3985
2166 c5deaa50f2a7db6a
2167 9101488cf7e0a877
2168 2ebf753dd8d19d6c
2169 69bd59ae443cc481
2170 142a2d0b9c430b26
2171 55df61cce40907a3
2172 fa6f814384049768
2173 440fefc90357fd3d
2174 e470b6fb91ef7732
2175 719bed918e7527ef
2176 48c49adb78120db4
2177 2618890fa272b8b9
2178 43f61712c423938e
2179 473c5833fd21d97b
2180 c0969ee10e0f8450
2181 31a36c15de780bd5
2182 a7ac3b20762b05fa
2183 6f56de812c4a4d27
2184 9263dcda030cfc7c
2185 0f9ac66ceeeb70f1
2186 e4148d015847ecb6
2187 882094017e1cb473
2188 e6e1ac815353aaf8
2189 0efe54b2a610018d
2190 b125e5d5d73f8182
2191 3582b5b1aff2601f
2192 1a34ea825e50e044
2193 37ca290274905ea9
2194 924796d7da2db61e
2195 d113a5de3d11388b
2196 ee6e9dc3481a1560
2197 86d9e5e2a6215625
2198 5993b53f2804e18a
2199 5c4a888f27adb4d7
2200 d71c4d17ef3eff0c
2201 5a4da9134efddb21
2202 093b15216ee73b46
2203 775ff7c7a472ee43
2204 7d1cfa04e406b588
2205 375ed754f0477fdd
2206 3a75acd48eb85052
2207 4eb1f0010e7ba98f
2208 eefec5e77ef67bd4
2209 3a11832deb88f619
2210 a4cb9005c55cc0ae
2211 bd01ae4e8d78009b
2212 926424f2fe6a5bf0
2213 8c709c4d5e463e75
2214 4850a448429d6b9a
2215 0359ae0166a5d387
2216 c7cfd6fd856c9c9c
2217 f130ac8e2f45fb11
2218 5fb4e28a7a4ddad6
2219 31a57eac8af9e113
2220 3dd4c10723cb2a98
2221 f475912229624fad
2222 0dbe53db577f4722
2223 f4bf72d12c31453f
2224 728e0860126d7564
2225 d972b2496b367d89
2226 541dacda0537533e
2227 251aacbda37168ab
2228 f1404e098830e080
2229 b0e57679150e6f45
2230 709e582ad7dbe72a
2231 75d381832309da37
2232 391ef93e4e970aac
2233 e948c98b99d4b241
2234 38919297bb33a466
2235 acbd25781b7682e3
2236 1becb038514b76a8
2237 56989f11aa454dfd
2238 4bb59d1b3d4f2df2
2239 3841ee852fd88daf
2240 88e110e532a696f4
2241 57a7852dee1e87f9
2242 a787fe17df63dace
2243 0f79fa5bbafda4bb
2244 3c5568761ef7d990
2245 447ab8d153f51d95
2246 8adf46cafe1590ba
2247 54482115f7c35be7
2248 32375af64b1847bc
2249 630cc23d77b99db1
2250 7481a7af009cfbf6
2251 81a432a8a94091b3
2252 48fec1c60efac338
2253 61b63ebcbdd97b4d
2254 7219232f13390142
2255 8efb7727cf1cfddf
2256 3a548de4e8d38884
2257 280bbdeb352382e9
2258 d328348ba4b95b5e
2259 14cd68c7fa67a1cb
2260 ce59c122191472a0
2261 c2a94bbc1a76e3e5
2262 c81bdf3a5074b34a
2263 82b03ed7081bf097
2264 ea9e1ed703d3724c
2265 90dd5498fbbd2e0c
2266 ed1993931ba1f1bf
2267 2edf2e6f83aa1a83
2268 368e1730408d9701
2269 08447e807826cf44
2270 dc6e9bea2ac452b3
2271 a75ebc75ad88ca0e
2272 e57335116218ad4d
2273 b84fecb36ccf58a0
2274 a08c6795c551ce5f
2275 4dfa634c2050042a
2276 51f0fd872874e4d9
2277 3712a39736852c57
2278 ba5a9443055bf408
2279 51fb24d6978e26c5
2280 b469f774e8ad9a16
2281 e58f13e57ae32e6b
2282 90c11560d046021d
2283 5925b97838fe042c
2284 acac148fdc752c39
2285 6f1bc29e08d025b0
2286 01075750b838d9a9
2287 c3cab8ee8d97b90b
2288 2d5e147bc07fc8ed
2289 cb8762e3ee14dba7
2290 3f0c3c500fbc9c37
2291 bd54c40403b75188
2292 db6e6f2a9cee077c
2293 e166712f0f79d812
2294 1564ed1e34c7a0ce
2295 cf42dcc706146a59
2296 c5850a2dad70bce2
2297 dd651a0993f7dbd6
2298 50290e2a16882289
2299 21110c84c1e73cd5
2300 8a684e33de2d59c9
2301 d9909d020d5b397e
2302 801a4c0bcc17ec6c
2303 2d19a1f0c285b97f
2304 7c0cef18a726b524
2305 f261a07e62b292e1
2306 4bc9b0aa8b6a2da0
2307 b7e9829c60d552bd
2308 48ebb1b99254648c
2309 4bd832fc106cf848
2310 48cd8a0be7350fb8
2311 6567c64eec4b8b69
2312 a6af5e7dde564211
2313 f5a8ea8a72deb2c0
2314 4e26f482cad24017
2315 5c7df03553f5aa62
2316 62d71fb316c55be5
2317 90b88e204eb37df2
2318 0cf2a737e0321e72
2319 d1235bbcd29e2f13
2320 5dc599aa037bec62
2321 0c5052e63c91f916
2322 97dda34481b683f5
2323 f121f2ed0f33fce5
2324 337fec749067b167
2325 a9050d3670e4d3e6
2326 623300c9b23b705b
2327 2e1b67b3ab43bd84
2328 b0c971e9c55d6ccb
2329 a941242b8707cc5f
2330 9f23a3fafac53452
2331 c7c1238e580707c3
2332 2c992102060203df
2333 4ef5c0c1d577bf59
2334 815ab294740f673a
2335 5d442d5ffbef865d
2336 229d2f40adc42910
2337 9a28dcecedf24671
2338 b81e199447fb6f8f
2339 3f407393e9d46cea
2340 2060ff4d433c0785
2341 e50a7c13924564a6
2342 c9954e256f8715cb
2343 9217f5f62d94242a
2344 4ee701cef8ef1de8
2345 361e7a99ab3d3811
2346 bd689a0b146c120a
2347 b1237dbc8d4f1e5e
2348 045144b987c628b0
2349 115b32d7468c3f01
2350 f70ba7dc14f22106
2351 fe0f654066213dbc
2352 607664b7344c299b
2353 9fec1b87f64d656e
2354 7dc2a469a4ffa9c1
2355 4f2a3eaf80cce128
2356 77e7db6786ccb63c
2357 7887f7dc18d22fd1
2358 adac1829adc8802a
2359 ed48feb6b391bcb6
2360 078dfde6d9944d09
2361 da68b596ec16e9aa
2362 d6f9f18b5d5309f2
2363 e1073450277f7c36
2364 244127b0a452f2ee
2365 8fa052acecd7ba20
2366 bb8adaa43947beab
2367 e50ad5b36771a985
2368 b4477f167a2f2a7b
2369 ec7f272b48010a39
2370 d3a72e128dce21d8
2371 5a1c0af7fad1cf91
2372 01fd3609410a0ed9
2373 fe37893cebb20c4a
2374 d5a6b416c5d62e11
2375 6488e3df5c1da436
2376 f8e4cfaf6d8b20c0
2377 ee3ebafa438cd00f
2378 7d7c3212bf938586
2379 bba365c0d4659b67
2380 f17db9448be5f2d8
2381 a1012c5035153d53
2382 8eb81a48bb5ee05c
2383 78a03b80a64cd516
2384 7c95790b84da37c7
2385 a645c9a7c587e14b
2386 95f1a5669a83cab9
2387 7f9f43421d76bab2
2388 041bf165943125dc
2389 50e782322da6d5a7
2390 eabc7bba9a5f86f2
2391 9e35866e5154b8b3
2392 306b86fb00a6aa70
2393 1e4fe0106459b018
2394 c6ebd63a508d539a
2395 d341c9a83d9a0c47
2396 7f720619c4047e13
2397 edb87d3fcb436492
2398 5604510bbab7ad6b
2399 24c5a3c762bb43f5
2400 5586c4846a74db48
2401 6fccaa075a546f56
2402 a405cdcde9cd33c0
2403 1360267780c2ca7e
2404 49b153a63f5ad027
2405 59add786381f81d8
2406 6cef50996b12f069
2407 c29b5ade493c9b4a
2408 7a79e8f7c81223b7
2409 336a16272b90995e
2410 df36e9f6b3a08b98
2411 131bfeb68d05b28d
2412 eb7b01f13417e48a
2413 7c8cc01e97ddbfee
2414 221f81e548eaff70
2415 847cc76f62485cda
2416 e7e3ebb3e702ca8d
2417 21fff444b6619c73
2418 c9d2fb2ac0dd5329
2419 035a2d04d58df456
2420 2d97fd3fd2d6126f
2421 c9e7778ed453d6a4
2422 7b9b50d173299d63
2423 61d56b90f1f10a05
2424 d7d83bdf560de5ba
2425 0688560ec9f154aa
2426 c40ccd15a765ad30
2427 ab8df6d3e942aa10
2428 0a433551a4071f1d
2429 1f975f802661b398
2430 1651c36fb5f7a61c
2431 38e8768aa1d7a1a2
2432 556b9397e5e961d6
2433 c8a99a962e682ac1
2434 9a621bc4d9bab117
2435 91555aa55d3c3c30
2436 f91e9a5f6fd0505b
2437 0d927251d49ec8d9
2438 708622855647fd3c
2439 c3159a20229ff5e2
2440 301524330fd4a056
2441 c7107a808ad96bb2
2442 3d538e8d6262b642
2443 5348c6e2631fdd19
2444 ae46a0f97a2907d8
2445 32aed302686a56b8
2446 a1fc5ea3615a31e6
2447 e65668aa27ddd080
2448 796ae1d34b93b8a3
2449 f7e5ec8ce1998345
2450 1d8b6f99a9dabf76
2451 be900776bca7d470
2452 27fcbe35577e58fa
2453 a245bb2f125196e8
2454 83f90c48d695f541
2455 35c0760263c1c1ba
2456 d7f6c7f45fe2af09
2457 eaa772a51edfe11b
2458 ed68b991af844d65
2459 7a1f868f1369814d
2460 0c35106d9b02d979
2461 c03247c9ec2e1e8f
2462 95fc542325252ee1
2463 8cd6f56d00685ed5
2464 0040db45dc5a38c1
2465 cc0263a3dc4c3399
2466 e25ae2e8c26de46b
2467 85d92a85f464f1f6
2468 04d2aa9014cad6b0
2469 a9e048f665204f2e
2470 afdae8595c428051
2471 1bd11538348c17eb
2472 8a9f8ab789f812ce
2473 2704e56f77758dfb
2474 5ecd9b7ddc810564
2475 22c02c7d372b4886
2476 3e6502fe460272ff
2477 7bdd92e1155bf41f
2478 fa3db69e0eef87e5
2479 e37ec49cea0f2ded
2480 6d1a63b502c79729
2481 259983a6d93d2f31
2482 1aecb4e7fd17d6a9
2483 738e4c0f766879cf
2484 53de78ab8d8c7982
2485 35b7415a4df3ee37
2486 df6d847de91d0d09
2487 ce3b7c7e9efa605f
2488 0920cb8928409666
2489 f3cc89fbd979041f
2490 316d38f06bd93c24
2491 131f55af2c4d0e6b
2492 b3485847b861802c
2493 1c074646347e0453
2494 20b197d74d4007f4
2495 c3607d0f8bcdf7e0
2496 e7f9c8962949522e
2497 def52a435dc2d15a
2498 cecca41a485a99c0
2499 8268ac8c19f559a0
2500 ee0fbafedaaf1188
2501 c2211e7251b3ba21
2502 af9296a6581958c8
2503 9b27406f19e6f7ab
2504 6381196b588c9a5c
2505 7c9b2a34aceae53e
2506 1c4da8a98f3373e0
2507 961bb1b2720fe2bf
2508 bb196848b8eaf7aa
2509 7248259eaca6c632
2510 97f7ca6b319e2abc
2511 f00a4bbacea3e163
2512 d5f7e5b15bc5dd2c
2513 80e70689773458f0
2514 d639e64c50de6dc4
2515 d9eb00713950bd92
2516 3315ce571f5999f2
2517 a783b1c1b31138f5
2518 03a081ebb1206b04
2519 641b0dd8714a6ea3
2520 bd4198403b3865af
2521 c4a0380ab1692b5c
2522 f794458a96008c71
2523 79d5a69c7a69c034
2524 e40835aa81d6973b
2525 6812f14ade3d2924
2526 45adca6de7764e45
2527 b49c3a8a904c180c
2528 a6f5b871116902b9
2529 4a663588c9939070
2530 a56b6abe0423ffb8
2531 04fbc4660e3a8171
2532 9ddf086cb4fee267
2533 8f2b7bf24689b0ce
2534 467b444d68957519
2535 d115bce3ef78e5f1
2536 d758231ed36eba9f
2537 93f1cb6ed10371b2
2538 2a7d2b19d813d107
2539 f69dc846b65b1227
2540 a829a582996035c5
2541 e7c504ec35c23dc3
2542 e25d9e6e7bfb4dfe
2543 6a453ac5e5e10a6c
2544 2ce2b1ee381ab35d
2545 5ffbdab94e0bd78b
2546 9e0423f88564a6f3
2547 a09be79140b11cbf
2548 67090f77c8c66e4e
2549 08205695ad159c43
2550 5f752beb295ddb17
2551 cd9dc6452cf37534
2552 6c76c56463fc1014
2553 d0cd4204836e9bd4
2554 ed91d6ce95275ad2
2555 6c725b2e1f0aa048
2556 8a3c741b3024f435
2557 5f3afd9b318f34d5
2558 4d347b96d3280f05
2559 03755fef96e10b7b
2560 8d002c7982d55f3c
2561 ad27b41ca5816ee9
2562 4a370c7117dbb27e
2563 29416e50e6ab5ccc
2564 a679a262f4e57a5d
2565 a8d038723060c596
2566 7a5bc0b8a77fff6f
2567 4b8f6a56041b33dd
2568 59cdbeef4ef35af0
2569 ec59c3a57e4542a9
2570 40c518556d8201fa
2571 2dfb28281266ae83
2572 4336e2d2d72029fc
2573 56acd8ef92c350df
2574 6fcaa94d391f55e6
2575 3d3bedd4df09f6cb
2576 d55d10e7fc2a0fc2
2577 ebbce066a34f732a
2578 d71d90cdb4ee46f0
2579 9db59242224cc83c
2580 76f636033ffd24d4
2581 55c9f01b48f6b720
2582 b2fff245d25d7682
2583 327e689da54b92e3
2584 4990fe6947b867af
2585 f80bde2c18d96122
2586 454c960e798f80b4
2587 800b75d6569061c2
2588 16a8b2427d1d6475
2589 62e6f21b1af0c5ca
2590 819c3d11fda606b1
2591 d6834f1d257a13aa
2592 3f43a3f224ae6c7e
2593 e92a7bb4d936d3d5
2594 42c5e526c3ab36d0
2595 c378a189310aeaad
2596 feee6754143f8369
2597 7c20e7edd9384ae2
2598 3b865dbc1090915e
2599 2dfcf85f145bfe97
2600 108312922054abf6
2601 a9dafbe4677a78e2
2602 79090c85fe676d90
2603 24484131938439fe
2604 15e54455bead13bf
2605 a51e10a30a42fffd
2606 4259f045f11c7959
2607 5af62e4675deca10
2608 69d75e2b2d7b33cf
2609 dbba4f2021e75b83
2610 30435346d655614d
2611 51c11aa575eb7276
2612 2cd8100d7dbb8e37
2613 dbc52c3a1d59c258
2614 54f21fbe94146b9b
2615 fcb0ae6e1d05f052
2616 9c9c2e1a17cf336b
2617 5bdc7dbda3c08d45
2618 698b9813af7c58b2
2619 71557e571703dd6c
2620 7ccd913e3e68186e
2621 f9237b3347f584af
2622 3c8b907950e9a274
2623 67885c57135574c5
2624 53fbd19749886e3c
2625 f19883d7b53bc70a
2626 9ea7c8bffa06c589
2627 66f74651f78dfa23
2628 9dc0161f7fd74db7
2629 bb60e502ab1e48fb
2630 9bc4a378ab1b3e23
2631 de1b6046e0ad7d65
2632 389aa23db410431a
2633 8c58c0e68c693125
2634 b2b5da05180feacc
2635 db0223d5e67dfa42
2636 428a69f878b6a0fc
2637 05a69b7113690357
2638 f9e099f575d7dc23
2639 9dfedb533e809fe0
2640 91069e851be669b8
2641 bf06b8c5fa6f5441
2642 4723d449b4b84f62
2643 7d04fdfb037a7ca5
2644 ace3ac09c7dc5af9
2645 383c3bd79e97fc02
2646 fa184fb46e9eb3de
2647 de7276f40e14a3bb
2648 a15587f0b1d6bb42
2649 3c4a97d15ecde8ea
2650 ef8b644b767f0234
2651 efa9e036e31381de
2652 81a8e15f57040da7
2653 366d8aae59f099a3
2654 59d9fb95403bcbc5
2655 3e65031a1f64e15e
2656 b3b55afb29277dab
2657 676984b511a8d175
2658 e814858eae5c8fb6
2659 59938ea280025d17
2660 aa6ccf557db39d89
2661 c3d732ed3e1dcae5
2662 b6e169a932545539
2663 993eb09dba1c5b4c
2664 b526865a08786eee
2665 0aa6936a7bd5fbbe
2666 6f08d3e86edcb5ba
2667 a52e749da53bf806
2668 5ebd36a34d84f1b0
2669 21d1e6ab0ea76f15
2670 d2fdfcb621f6a1b0
2671 25fb98f14caa0fe9
2672 cb1a75df5d711088
2673 a2d2c6fd1b44ea6d
2674 2966e230867bdf2a
2675 e9efdf64c3042a3d
2676 3b778c9977d78e15
2677 abebf6731b19a980
2678 65a3fd12df454dd1
2679 56bf16136fc8f7b6
2680 02efd7189075658e
2681 ea18cf4ed0ee38a6
2682 4bf59c7858861fd7
2683 700d4728f399ce34
2684 0e1bb512fdb54d00
2685 3c3edcd8c88e4fcc
2686 03049e70d656f323
2687 b725534a3b8cec41
2688 f3790089f895a78b
2689 4d6c8464f6d86241
2690 fef6fb00b01c0c67
2691 fc44e50ca9a49bbe
2692 72a3f71cc3639ad1
2693 840f341bb8d01aa1
2694 ceb1f533c01c7e80
2695 cc388d66bb4aeb46
2696 7b1489158c93a97f
2697 36ddbd37f0c9079b
2698 d71bda504f39d198
2699 f503cbbc0c95ddbb
2700 82aa52f538495e8b
2701 f5565cf8c7aabd0e
2702 181d1c8a369fc4fc
2703 1a119b9939db9516
2704 57502e7886008890
2705 7f094665ea171190
2706 f900056fa8f34dba
2707 ca52a6b5b6bf0f8a
2708 63092f7b091b4a4c
2709 0b42c35819cddb27
2710 ff13e79abac73be4
2711 75a68fbbb9d956ed
2712 e6837ee757343d8b
2713 bb1e67270dbecc1e
2714 68a437abbe6cc813
2715 156c49c916142622
2716 b66d3b69a8702e6c
2717 3ecd4bef7d83c2ef
2718 c3daa93327ed2576
2719 81ebee5d69688a9c
2720 3fa95461c5d5d212
2721 ee1402d518c09870
2722 68e0ce89e04d1e5b
2723 9b438c32e8c49903
2724 141ba63282856343
2725 d79c3e1bc8b7a541
2726 882bc8eed13660f4
2727 045ef9ca06831b47
2728 1b27f5ee0ba6b31f
2729 a189bf9a7e3b59f5
2730 2c2d6e266663a0ba
2731 3015c7c5eb816b80
2732 e1ca398b61e1e6f3
2733 3e7c3f3d37c6c370
2734 517b76f04f92b52d
2735 b922aced78de0da5
2736 ae6eac9850709aaa
2737 f8cc33a0eba8f3ff
2738 7ee7a2f7570d4f5e
2739 4071e346d5db0733
2740 bb083c173a4c918e
2741 cf5affd938c4a0f8
2742 7b9618888f103bf9
2743 de4e9010033fa493
2744 890061fa799b747c
2745 19c0aeee55fd62de
2746 969ed42b56712fd0
2747 086d5003cec6ea69
2748 d8b892547c227f1d
2749 c4c58809bfd07775
2750 e9a487856d755d6a
2751 578a6e4ebc1ecee4
2752 d323000caeec3afe
2753 d158f2e8649c9e1a
2754 5db2c449c40db925
2755 375a0f779dbd7788
2756 610eee2205f0a9d6
2757 0ebdfec254f866c6
2758 d0df1c3207660432
2759 d565128da0c890b2
2760 2b723f868145b9a8
2761 4ef1008799362b5c
2762 e3d204cb29f1c643
2763 b3e525df2e583921
2764 edc8ade46486d389
2765 c616464f06927ac8
2766 2572eb10c8e73e04
2767 fe783b54cf6bda81
2768 fae1fe7b57f58d4c
2769 6fa63a8492948e15
2770 2f4aea94a84bd85a
2771 a8e720008b21df3c
2772 dd703eeb862d631f
2773 5bf2792592804882
2774 b907c24e932221fa
2775 25d21be17ca0844e
2776 0a5b799f30510379
2777 168a0a3822933107
2778 5886f8226c301339
2779 608789758b7e324c
2780 e91a178b6c69ef63
2781 dcfb33898549da98
2782 145b95836d5022b3
2783 baa33f27820f94b4
2784 7976c70aeafb1822
2785 30f56efa26b79ff5
2786 5e0a6505fb2621b3
2787 0b53b3c9eaa76b31
2788 8d1f3267f2bbd026
2789 b3cc5956910bedda
2790 5a14712419143678
2791 68eb916e30136ba6
2792 9e656a98dce5caf1
2793 0b2b082a7399455b
2794 8e050d221c568d44
2795 68e3d858cadd1a1a
2796 365e30425cb3fe77
2797 0cd4c5f77cd06a85
2798 f8d5f9ecb881390d
2799 4fe85fedd734b0b8
2800 ec7a272ed9ba6002
2801 e0b6770c9a28d94c
2802 f602b70a78b40a7c
2803 284cc5796c18339b
2804 414aaacc0c1299e8
2805 11062fe102bda06b
2806 2041a39ec6bf41c9
2807 5fb5b399c2714524
2808 777334cc941c1dd5
2809 4204dd74552dac17
2810 b1f877358ac6f51e
2811 b4ee681a5bb87515
2812 1b6224f355e26bad
2813 a0885b14435fdf96
2814 e97c1f0885a09257
2815 0d4d61b21b7a0d7b
2816 55c69355f11ae62c
2817 e3a267951d135bb6
2818 761054d138608499
2819 0212603e1a8f0f3e
2820 315658b0776ee2ce
2821 5d81bb855ddf8feb
2822 798f7f3ab2698cb7
2823 82e14e5ea8b23e2b
2824 f770668286b4f5ea
2825 1131a8843f6a3720
2826 0ffcf79ca6140f75
2827 5a8afbefda090609
2828 ba878ff9de8ede09
2829 fc66af49c4ec6dcb
2830 f643162421dfcbff
2831 a9c9ac1ad09a1efd
2832 5b2da85e658233e9
2833 e1297f43687ccb30
2834 2b7db67fe4998d08
2835 be9410f508ea371b
2836 ed893d55bccc4180
2837 7ebc4542c9a5dd16
2838 27e1adaf35fa78fe
2839 48533b3b3aef6213
2840 be6ccff23f9a2fc1
2841 ac9918a015e8fecb
2842 5057ac43bf8a5780
2843 7a087912594c7719
2844 63349a39d420c144
2845 c371b56c2c42c99c
2846 b7a174f36eb1171b
2847 91ac2ae0d4cc40dc
2848 fb613fa9bd851fc0
2849 2eca26ec17e86d60
2850 9a92d2341cec96cb
2851 47c8b44464914227
2852 c4448602cac9d8f3
2853 7f55cf3bf47cc684
2854 40a66d159c120c5d
2855 6a02582e82e17a36
2856 d544c76de72b12f0
2857 3c65b715e8025ac7
2858 c45a695e10035b6a
2859 a5ec39339117ac17
2860 066d9ce35f71540e
2861 9f281dda7233bf27
2862 2df58b7ddfa887fa
2863 c96d04f42093a344
2864 6ca73fc9d91e45a9
2865 cbab16a63a1cbdfd
2866 03bd39043fcaff57
2867 a6ab3685039892b4
2868 2bc225fbcfc9f4fb
2869 acf47f6d679dcd7b
2870 e6ff5e36837c15ec
2871 a681615a1667d247
2872 8ae275532001f0f6
2873 6067759a31b81e3c
2874 cfdcebd56400ac5f
2875 01ee88536a25d379
2876 0175545fd4970145
2877 3ae29586f595c59a
2878 aee16339c79f555d
2879 dd11f5ccca3a5e5f
2880 05eedecb1d5abf47
2881 326bd38da9e5c698
2882 7766dc8ff8ad8f61
2883 4fa27ad097dd82cd
2884 0737759dff32bd37
2885 086c613f5ecd8309
2886 5765ab9fa9e20362
2887 2729dc3423c50b32
2888 31dd51f9b1194200
2889 5da82702ad075430
2890 d8ff9f7122def181
2891 0041dca4d36b8cb8
2892 713966b0a57c0e62
2893 9b3dc27e18af99e4
2894 ddc29f3b74206e44
2895 cef118bd3e067153
2896 3b7efe47ea1149d3
2897 571f9619170645e0
2898 555478b0511667c5
2899 677a45aec592a12a
2900 4afecbf1485c3584
2901 9d08e80415c9158c
2902 5df6351b11d5aee8
2903 d5829ff5263761d6
2904 6221f77a35e74a0a
2905 48d2525bd13b805c
2906 3029917cb43cbf8a
2907 ab81d91d0f29e55a
2908 aef76fedf07d04f8
2909 f2b7927b04e86c92
2910 e549eed7e1243bc4
2911 fc043d144bf34679
2912 f5c9d0433a759a09
2913 7e69d70d32757117
2914 88dac5025a65da99
2915 db1d8e5b627b7316
2916 4929a402add29552
2917 2c0c630c25a550dc
2918 c3ac32851476da35
2919 31f4cedcedeaa82b
2920 163bd09d04d7d879
2921 7fb904e189e308b2
2922 39f3cb3b0b23559d
2923 bbe2de5c631df532
2924 5d8560c534893dcb
2925 dc1b1e251290bd02
2926 9fc3521a1d5c4d87
2927 dc06d85035318ab4
2928 7070fc9b8ad29b4a
2929 eaf199404fcb9065
2930 56a384a4c01387e2
2931 68c650c6620ca975
2932 b8040ef5f6fcb1a0
2933 c40f7acfbbb0e6b8
2934 0f63475fea354677
2935 a58b600384c5feab
2936 75e7bb90637c268d
2937 5ed7f76494064106
2938 4df72e9ce8af26dd
2939 2d2a7aa2349bf65d
2940 f66ecf12d0996610
2941 d192d942047d9c08
2942 1e1071aadf46c037
2943 0b18cf31d3dee097
2944 d7b6dc3bae9c36f4
2945 51728bbba1eba76a
2946 7b656f46bb7fe4f7
2947 39640929b8c6572c
2948 a5f5041b4406da83
2949 aa766f03b6c4fcf6
2950 4bbf66511097e291
2951 51153ed1b0ca62be
2952 9fe2bf25d7e3f420
2953 84f1ea51f7923022
2954 f76c8e8d5ee7c413
2955 66ad215614eed815
2956 ced86ed7c3901802
2957 f49f0a3901583395
2958 b91224cd8ddd419c
2959 17d7f5d50a4d32f1
2960 617f3cd13d11ab87
2961 a38194c35b20063d
2962 3896171c197e672b
2963 6ceea013029f0622
2964 e983ef5ae4cdaf6f
2965 45c3c89916d8a359
2966 1cddc2d0d04ee6dd
2967 ee486ddce7b142a3
2968 a997da172d0007b2
2969 7f826505acb3d752
2970 d1ea62b8e5f2ab69
2971 24b8aecfdd8ac842
2972 58cf42be5ce7044b
2973 b77fed9f77ccd32d
2974 7b9c4b5fd585ae27
2975 889d1b8dafbb85da
2976 54f98dca3d3438c7
2977 9f5ca8dd3a7004d3
2978 092fc86ab96a6d9e
2979 5fa5c421b63fe078
2980 0f1bb2dfe71f944a
2981 c58704254b493252
2982 a5308e6ca01da598
2983 50400a0196714f55
2984 c0b28c46586febc5
2985 1b58375b33799735
2986 e9ba59ab848ec2a8
2987 575d7844b33e74d1
2988 d4a15cabf9b44132
2989 a6e7caa8c0ef2934
2990 f2beccd8eb86b6e2
2991 f8159771a7f26231
2992 6047927dc3455404
2993 bdfd8ba5e1f7d658
2994 1b30996a6c85eb71
2995 1929e035fa63aa09
2996 5dbecabc4ac5a7b2
2997 3fc8a08d2c3d29ff
2998 900afbce0e4686d6
2999 c19aaa41a5f2d9d1
3000 9272afaee28848d1
3001 4bcfe8c093f6f203
3002 f7448ec576b77d3c
3003 57025c77fca0beb9
3004 ec1d0e99558b1bae
3005 48f4cce8318e9a8b
3006 1e1ce5e4b070e57d
3007 e28b623566feee15
3008 298b6bf8853b0b73
3009 aa24a26af0d3e19c
3010 da2ce6b2290df86d
3011 c84ee4177b95b390
3012 bc84bc8bdd91c8e9
3013 802c41d9b50f331d
3014 c0105e60d656e72f
3015 ddbecc0af1bb08e2
3016 3d390dfa5d77e35e
3017 1af5f56089d4041f
3018 fbfd0e148980e0e8
3019 d0f6400399b3bdfb
3020 bb21e5eca8dd2eb4
3021 de1b0a2469cacaae
3022 ec32621b66588b9a
3023 7d25b2274bbf76ae
3024 e1b53c81c613770c
3025 f1e95137bfb86270
3026 d5124bab418ccde8
3027 f7bdbe8dea13900f
3028 cf7bbe149a47aa58
3029 7306406311ce545b
3030 869565595ebff632
3031 41ee6a3efa967044
3032 c65b956c3616c652
3033 4afa3b713e2574be
3034 b90e217761762261
3035 1d064ad23946d35f
3036 faec6705650f34f2
3037 a4066d7be67f3df2
3038 3aaeb3acf385ac30
3039 18667b78e601058f
3040 7500240ba9271dfe
3041 bb5b6b34b0832e5a
3042 b546a791fee03997
3043 1fb9b5f150ae76d5
3044 e05f44e3b929987e
3045 eefdea20f2e8cc6c
3046 2b58ef7edec6d60d
3047 b043dd56a5deb2e4
3048 33855ef34ce20cc6
3049 00f501e1549ee1ab
3050 69847f52766c45aa
3051 5dc0f81333341843
3052 1dced31a9da011d3
3053 3e06c10e7001d032
3054 6e451f9bc70f76e0
3055 d754cf1fc554b461
3056 3044e61d68857bc4
3057 b261c3a2e6abdb20
3058 cae20f8865ff0729
3059 27e29e72f18628d5
3060 dd4880517947e14b
3061 6ae693b794910021
3062 13d07cd019b543fb
3063 6e076792aa111134
3064 1cbb5c471c369a94
3065 68c785ca64fc2155
3066 a2dab12c1cf47503
3067 691132b64e4ac463
3068 e00cdb2ea29490a8
3069 b429f6e04e6a1359
3070 14bd04292d331505
3071 160ed5bbd6908ce3
3072 23ae247f52da6120
3073 6d8ea2d8087eb506
3074 84769640086582eb
3075 a57752eb00bdb33e
3076 d17ad7da1a13fff0
3077 09e974c0e9c5fb78
3078 7576d727159bdb9c
3079 7f09dc03205dfc91
3080 266a19b9edac5ab1
3081 58e0ef4a443d5cdd
3082 1f0941286e3afce6
3083 625f0c044b5c46aa
3084 046cd0b77bb31a10
3085 78a3efd21cba15d5
3086 3d077e5bdfffde2d
3087 3dcb6489ddd94dd1
3088 69f2d11ec3599e72
3089 dbcc7fff508a5c04
3090 6a7f5cfddd44dab3
3091 f91714fa4a7a413f
3092 9b9df4084c634e8c
3093 0251dd9d9044e51e
3094 9d04c49fc3b654b1
3095 1905f7854edd5e37
3096 7d7cc7901aa7cf9f
3097 dad6cab8c18fbf65
3098 b432f38cc77b0ed0
3099 42ba1d8e91b92b4f
3100 fa0807a648cac9ba
3101 9d230695ab26f580
3102 2a1a44c37ed716fe
3103 c5e4f9bd1ae88ea0
3104 cc2627aae6bf6753
3105 6061c6f24eeca34b
3106 8e3976293ef6fef9
3107 6695645aa9007ca8
3108 f18f6f9b8592bebc
3109 0f595447fee04863
3110 5e636aa631a3b8ca
3111 f9502630ed8e02a3
3112 490e7127ac311dd4
3113 ee9d555832e891a3
3114 47e690bede8e4aba
3115 c9a00390d9d9f4d8
3116 534035b51424a4c6
3117 57fdf585a0cebbc9
3118 aaf73c6750914689
3119 83f486c8127bdaf7
3120 e12b8614095a5d7d
3121 36692b277ac98c14
3122 6712d4941e3e2f53
3123 10e1d0ff50853333
3124 6c58210b8aad2c41
3125 e511bc19c3d31bc9
3126 2ff3e133fe53c323
3127 5210889ec6e370b5
3128 6b30006b046bd3ca
3129 93fd778321f4b316
3130 f612224e10978e62
3131 bef06571745297ae
3132 f99e54260d5f232f
3133 c065f04d2a30b5a4
3134 af9ee981834863b0
3135 4ec5e1834c758ff3
3136 9f59a5f0a1a243a8
3137 56d4ad1c6c8fd277
3138 637a5b4a9c061f28
3139 9c1cf6ed39593645
3140 e2fb703d7d8400b0
3141 5d3e81a60b9d11c3
3142 d9bd79930b7a842f
3143 6b86315a8af5fae2
3144 735b445a56b50e7b
3145 f44a3eb3bfd36bc9
3146 56d5a6c4c00f6785
3147 610705b8e0f62128
3148 2e211ac79205e3e8
3149 7776eda0eed5b8db
3150 de99705e0eb92d26
3151 0b62840fdb9d77b3
3152 c7b651fd28be94c5
3153 e8fe6145d32ea0e3
3154 8f403e57708c2051
3155 fd56dcd5fca5d71c
3156 80b33003dce386f8
3157 eadadc87a64c4c42
3158 8c06243b8a7a029c
3159 136fb5f713e21260
3160 0622a99315dec6bf
3161 0daa7a49446be165
3162 dceb10288fbddb16
3163 3692edc359c09925
3164 d72d73cb03295dfa
3165 fc33131b3c611d8a
3166 81a1cb756039bab1
3167 1d65c6f6e37fa07e
3168 599c159567243a07
3169 52cf3a82b2d25e54
3170 b7cf60f54cb59021
3171 0ab28866b91fac54
3172 f1bcfffe8c52b194
3173 956104effdf7fbee
3174 821b5ce2c0b62c49
3175 0c270083f6564efa
3176 48893576a92e8441
3177 7fbf78f8691f9864
3178 9417c1a053fd3cba
3179 99c4a63cd0ed770e
3180 99c9df84e51af58e
3181 584f54eac8f73f9f
3182 139392bc92f4d3fa
3183 ad4a705f13f779ae
3184 fe62365640c88e99
3185 d7c2fb85d85b541d
3186 6f82860c2e3424ee
3187 043d864c3f3bdb47
3188 287ea49379c7a986
3189 8ee390491654a2ab
3190 4e9033915ad21aaa
3191 824eab67fd8f4d05
3192 c603fff84bcd91fc
3193 aa1689b5cb4fff2a
3194 1fd62679516ce6de
3195 b09f9a2a1c7f1872
3196 195accb8d2e2206c
3197 92ee9445777c115e
3198 d2bce5901127b035
3199 cd2821d9701c7eab
3200 a43f96597b345b77
3201 4e1840bd29ac1a12
3202 9b5ff28529dca8bc
3203 6859ec9d62455c50
3204 9803cb31b531e1fe
3205 f12dcf1dc75d576b
3206 d7a6310f78f4a1fd
3207 a46e79a421e2fecb
3208 fb2d5631d1aa7e16
3209 14936314202ccae6
3210 e7c744a2da686e57
3211 e262b2dcb5e9e6b3
3212 ae484dcd9f735794
3213 405e67e6b2fcefb1
3214 baa5539d80636b83
3215 25d394057b21ce09
3216 a87f3a2040043487
3217 e90d9e190215cd28
3218 f9372ffaad071dc3
3219 7c1291b47553caa7
3220 ca326408fab29957
3221 ca99f8859e7469b6
3222 6b59c5609e1ca134
3223 996ca8cb3b7c80a4
3224 138b3fba195afbd7
3225 5ef498849247fa52
3226 49c7249a92607e99
3227 10fcf177ee5c9d81
3228 3115aa6cedd6b965
3229 fa6651c02e2f4405
3230 6ba2698a4dc89bc3
3231 c83b5b6946c69da9
3232 ac0e3ebe38091dab
3233 1acdbf1d32e1e058
3234 9b9839964e440832
3235 9bc2b7229ac6564a
3236 107bbd3068bfe984
3237 b214fa49ce4d4418
3238 d5c5e01be7b97726
3239 df4bdf7324d07dc6
3240 fcbcc2a65aea1384
3241 9fb021b4a6879508
3242 e6cae6605478ccd1
3243 57e887d41132b4bc
3244 ae593bbad36db3a1
3245 293ea1fddf11b16a
3246 19f6355eb8d2e8b8
3247 a9d62429610174c3
3248 f69a798de22ee08c
3249 a58ba60210b3d11f
3250 bf67c75070af9ac1
3251 1357a80cdab48767
3252 25ef8a26688e9a01
3253 a6263752cd2e0471
3254 642d1e38e3e909bf
3255 d3e626625b28735c
3256 ffbeea2843c1714b
3257 311a8b7bf4cf9005
3258 cba9a702c132abd4
3259 8aabb51ec0f6794e
3260 c438ee0c47611a96
3261 2b3317fd2b5f6720
3262 d338fd5743787308
3263 c3e427f583e25d69
3264 94ceb1897259130b
3265 b3b85a94fcd731aa
3266 93cafaf5a48615ae
3267 2c95de0c378ee930
3268 192320865e19d79f
3269 1e74ff10f57ba24f
3270 715bf257e6b9aed8
3271 cde9b6eaf7add0b3
3272 6ded51716106f5b8
3273 d511fca31b9f7625
3274 35d66d25453b73d9
3275 4badc1ad0aa9deab
3276 e01fe863d4eb2841
3277 a4b392a529612f39
3278 77c9de0791636779
3279 971aed0387609a87
3280 8dd0bfc36a6ac0b3
3281 3c4cd193321d0708
3282 e5a97c09d78f3fdd
3283 a64cd4d98ef1cf32
3284 0f95d2699d0758e1
3285 1e0031569213bc9e
3286 89803c0a129afb25
3287 88f2500428564fa7
3288 e0d9a6f3bc98111c
3289 ba5bd184bd7b6536
3290 364620bc19d7184f
3291 abcc81174cca0433
3292 9d066dc1c2c56c2e
3293 e80dad001593eda8
3294 a5222a939148835f
3295 a101096e43ae5c48
3296 75dd603147efe8ec
3297 e93762446e2c35fc
3298 a77f0be44aeef594
3299 2a228871a5f2c7e7
3300 d681a7f1a94f0839
3301 ca172e919f326141
3302 f0c47fe53e819d9b
3303 1772fa8dc90b229c
3304 d97c41493ae08161
3305 5e10bd6d64e426ac
3306 c804f8c8204f424b
3307 95a4b3223e34a22b
3308 66eeca3005f5b14c
3309 89ce2923ac2e4f48
3310 ce4e73bba215a2da
3311 2df62828922062b4
3312 f5bf01ac38b66afa
3313 f5320ca982882e5a
3314 b1decd00b761bc66
3315 cd65fffdf27cb6c9
3316 6081f3f3867c36e8
3317 dfd92e3df70e8cff
3318 254a515fbdfcdfd4
3319 c793e7d6485b098c
3320 b34163e984f916fd
3321 973b9f329bdcb2a1
3322 19893883bf1e0597
3323 8be9a38f441739f1
3324 faed3b68ccb834d9
3325 9a9b093f6cce2770
3326 015634a7bbe67ef3
3327 b281fc22cedc29f2
3328 222544c8b350a1d6
3329 658f9bff4d340d2d
3330 7f70c660bc8f54ed
3331 cce60859b8e79d20
3332 2881833244109578
3333 eea56e5043dd1ac9
3334 c42510ccc1dd963c
3335 229547ae218cc9b5
3336 a1c115399d0a64b5
3337 786b803c6a7ca2ba
3338 135cda8db5e5fb74
3339 9ff6d2d803db087a
3340 f0e05ca244f17510
3341 6da7cf2427b19fb7
3342 25eb281536bd3fe9
3343 186fc8df4a220d78
3344 c1bb61c89008a6fb
3345 9bfd08b998b98c0b
3346 24c26f5cf0e2bae0
3347 375ef58cd9b6e193
3348 3dc534b70f4254de
3349 c36e10a0d548aefc
3350 688d1244f6f4f9c4
3351 8cb44bbe8fee217c
3352 624db2961a24efb4
3353 5f2ba405399d8f0c
3354 81d8bb9341dd800c
3355 470123b004ba9f2b
3356 d24290af8aded3a1
3357 02483d9b07885035
3358 3b2f9fd288711a5b
3359 bdae6785dfa37506
3360 8fc617dae2618024
3361 fff89fd93efa5a85
3362 9e2ddcb0437964a6
3363 24dc64c5a178f106
3364 2b75854960346acf
3365 048263b0370ebfc1
3366 ddabb072f21aa10c
3367 4fc78ba74a66095d
3368 a3732c67b112cb6d
3369 15a791cce55eb5a2
3370 f92c911f35866db3
3371 779373a8de64d891
3372 bdb1d0db98622750
3373 52879a4a89266aa3
3374 c50aaa35d18aefbc
3375 2ec0d090040ffcd4
3376 63e058e7bb7a782b
3377 6a6a9486a6a345a8
3378 37691870f5297ca0
3379 e1b8e32750002c1e
3380 95b0bc2714749e41
3381 c8c0f7b5f77b9c51
3382 d76663b26c8c7523
3383 d28b03a52641b3a2
3384 8e440784c6f9748b
3385 02d05bb76ffc1d8c
3386 5cef4a14a2a6a9a0
3387 7e99170352181ec7
3388 3bbf8398168fe163
3389 b19908ab023ed968
3390 327a99e95062543f
3391 634aef4105817a48
3392 c033fd00bcf524d8
3393 b6c0d9eb7b5e2aa6
3394 ad28b0664723efdc
3395 8280d97a97cfaf05
3396 d8f4ab6e3cd1f448
3397 cba0c292c4836a92
3398 e054a93af614fe45
3399 6499e312b5e44ec7
3400 199dec3f549d3afa
3401 b2391818a8466949
3402 07a35bca2cffb7ba
3403 42fec46730795c16
3404 17b4e5f3ba9ab8d0
3405 7179a8f069ac6620
3406 a797d099b87ff541
3407 8c57b8249d7304cd
3408 8f267d3f02817e3f
3409 e7efcf059d89e30f
3410 62acb362d15949b8
3411 3168211baab8c8ed
3412 82fc7c6b1334c561
3413 1f74d252c5680277
3414 f7fe4ba8693a11e3
3415 e922cda3de1f2444
3416 d76b65e9c3e3926c
3417 3596a2fc11fedead
3418 d760a288fa67fb09
3419 5540b1df4dfeb3bf
3420 0425733387f72caa
3421 e17c84054d98a1d5
3422 207814bae4658123
3423 8e958fc5b262c737
3424 7c83d9738ed3d1fb
3425 f74eef4ea03da517
3426 003908b781515229
3427 a4c2654cc380b14f
3428 4d95c75bff846b6a
3429 9e9977563496b4a9
3430 dcb5235740fbc065
3431 6f2a0d4adfb5ff13
3432 71fd8a1f8050ffcb
3433 4a884ec483d4b688
3434 bc13f509fd865ced
3435 5b67957e20673b90
3436 168106f1c30d4337
3437 35ccd67e8a3c4b1c
3438 c736209ea90cf19d
3439 eaa0c0245ca746c6
3440 dc35abe05159b859
3441 35aad7ac2d77c7ac
3442 ae8c5752c002d573
3443 7409a68a86901b61
3444 0e986800706f2b22
3445 0afbf964e86d203a
3446 2fa3c9cd7a707654
3447 e7e0d71d46c16aaf
3448 0863e44788b84e46
3449 00b91c74671de050
3450 a222e22fb6a50d72
3451 4615abe225c3692a
3452 2f11ec12ab890a78
3453 8210bfa88c263f14
3454 50db8c95ebee337e
3455 2ff754ce6cc47c11
3456 80f08c8fe5601470
3457 47f7e4b5c3c701f3
3458 07b4a2d6104684d4
3459 2388c2e156011283
3460 3b255c428dd48483
3461 1f369c38041a7f57
3462 1d736479c647e247
3463 5038a85a5dfbb278
3464 2a2dc28a39f970b9
3465 0b7e6379e259ed60
3466 8d601a8eec5bed62
3467 6813eacb82cf9448
3468 72a8f2e683f9ecfa
3469 f801d3554b5634bc
3470 bd5905444a23c4c4
3471 9064c97e006a8541
3472 f6c0d5f5c5eb4a24
3473 f95b615fee23b7a3
3474 a43e18cf4079c181
3475 a502d3e993e43feb
3476 f650bb47230a951d
3477 21e7072bb01c0695
3478 08de94caf85d0ca5
3479 094e8ee362b0da3b
3480 ae266300979aaefe
3481 a8ff0ed520ad4df6
3482 2a1379dd651dbf72
3483 3b47bc7c021ec1c6
3484 f6fb782d77ac9f58
3485 774cddba8a4a41c9
3486 00fec494aa13ebd7
3487 154dd606fc322eb2
3488 ac3ea2652c41d549
3489 cc0298223a38fd82
3490 6daf08d2eb715355
3491 15a108ad0ba9b303
3492 7b564576ffb6a63c
3493 2fcf885a8f822123
3494 704c869b4332c065
3495 fd5fb5ff516636dd
3496 c5ca54a6701d8d6b
3497 609de0da7b6a27cb
3498 b6f53facb73cd2c1
3499 bc2df3366d0e035f
3500 a24ee5adc05c58b3
3501 0720e0d88dc658cb
3502 30cd9639b4e7e0f4
3503 adda6364d3d58cca
3504 7c1884a24c8bd99b
3505 412e02d8afe7c95b
3506 4418d7290d599a5a
3507 4cb7645abc430d2a
3508 b64513e439830a42
3509 9b462b823744b09f
3510 b68d8627dbd4c080
3511 0d9648468cd86f71
3512 8b2b5cabfe977aed
3513 f92e9c4bdd27d9e4
3514 e3b07eed971e7e63
3515 c1033ef6e57a8d5f
3516 949ffc17abe23034
3517 8599c168c3f6a64d
3518 95447aa9b1fd622d
3519 af1880c49bc8f40e
3520 a37ca9015f3851e1
3521 6db5d63b8b805c74
3522 81dbc8d28f930972
3523 a1dc91996161bbb3
3524 e62fb5b3da8bd2ae
3525 2102536ece3b45fe
3526 15422aa4bdf1da14
3527 522659abd0a09116
3528 8abcfc85fc2eba71
3529 2da9a08a2e42373b
3530 4e84c97997c8b379
3531 a9f4ee7f2f20c8bd
3532 f763b902ed93f02b
3533 7b27338142f0213e
3534 2c40d459109d6698
3535 50f6afe1ddad421c
3536 c69ae2d9429fd1e7
3537 2871b0eeed6a38da
3538 5ee203da187ebb60
3539 cdbd09e7bdb1f381
3540 54bb0fec902fde9f
3541 3abe3689bc6886bd
3542 f157c1fc747f88a2
3543 d3114bf8793845c1
3544 caa03d3b4f0ce361
3545 e5c97312bea35be6
3546 eb19041b6500c82e
3547 196d8c20aa72406f
3548 4634c34015105a4b
3549 b1d95faff196febc
3550 74c006634914f7dd
3551 8d392cfed8b1ff4d
3552 15eeeeb024b10074
3553 83a6ea609ed506c5
3554 223654f2fa123c28
3555 61b12684867d47ce
3556 f1c2e74da6a624da
3557 157bbb9804204eab
3558 d75a21e28d747b75
3559 0a3b41541f88f1cd
3560 ff47d81fc137e4c3
3561 abcfb305bf690b3e
3562 e9d94533417ee47a
3563 159eca0054d81c71
3564 52c4a530dfc0e540
3565 3c2263101e22b226
3566 5c648947b3787be1
3567 80ed568f3d5003df
3568 f17ded914c6c80e0
3569 2b23a7920a18fbf3
3570 ddf54043f442e99b
3571 5222a44b7b3fd387
3572 ceafe4bfe457ad6f
3573 f884c8cf18b10b26
3574 2e2e99d2b57fb56b
3575 86d74eeff5c5b0e2
3576 6f1e6ef132b2e673
3577 0d788ab25201e509
3578 e3a3ff14077cf354
3579 72bd37148085e850
3580 113b0427b5d08104
3581 41450537e8363987
3582 4c4440e31459759a
3583 99b55f9c96526ba8
3584 b19e40b948c0d6fa
3585 4c72d04497b91e42
3586 26c377ca579f3b98
3587 7904a745e0807e82
3588 ff526d2c8f5b6574
3589 868638991beecde3
3590 c129f41498a5c236
3591 49def0347aeded2c
3592 b08cd979fba10973
3593 b3172dfc19ca7ce9
3594 fd5f8355b8c19f8c
3595 86bdbc4512da9119
3596 5b6efe41adaa4e87
3597 46a095e4f0ec0157
3598 7035635fd9932a48
3599 b4310c9f8a13cb6f
3600 775fcd4f8781e15f
3601 43436219191026df
3602 4ca966ceb09838f8
3603 86022b9997f144d9
3604 b51e5e3aaf7ec08a
3605 19c21726614e2b25
3606 747db91e907397c9
3607 1713b1a44d8dcb9d
3608 9264604dab0a86e6
3609 be18d5358a7375f3
3610 bce70793ba802291
3611 0c8a2487e23cd65c
3612 26c28a7fcc3afd40
3613 a07a1c6032beffa4
3614 6ac310ae47c93a21
3615 cf23aed36129ae5b
3616 f9418eb8d255cf1e
3617 f74de37c99894d56
3618 8375c305cf244cfd
3619 298b666b5182b221
3620 1f6968614f0605c3
3621 04f1d8427bed9977
3622 1a484e16c457fb87
3623 97f015db7103dc81
3624 f847f35890147ae8
3625 fa375db34cc53671
3626 176f3b0efdf90225
3627 860abf1fdeb2a0af
3628 764daf988ce9e54b
3629 03ce53f9a87e07c7
3630 d36eb98e3ceb694a
3631 061017370ebedd2c
3632 65cc5a1a511ae90a
3633 c5b50e0307509396
3634 28b6ad35ff9e71fa
3635 21b1cc9bf9a73ad1
3636 7cfbe9813d2e4c61
3637 07f0df7272443f16
3638 561349c3b5e7b981
3639 4315e4762e35c0ff
3640 abcd1fa9aff5bbe0
3641 fc2eb5b5279286de
3642 c8e78725dfa1e6bf
3643 f02d535ae6093d22
3644 0c7384e697c5daeb
3645 92dd9012de85d854
3646 30ea4234cbd40e26
3647 9c785b4cf63041d0
3648 7a2683ce622e0fe0
3649 7dc51fabd19f4bb6
3650 073c4a88ea6a9720
3651 801c268bb63259a0
3652 d43933b8d3e60402
3653 0e50269eee4bf27b
3654 f2c9db12ad5ac44d
3655 8e5352eaa76d64b4
3656 638741de8ce7e1fc
3657 26ac8e9f05449b4e
3658 75fdc8c65a70f56f
3659 162c12d0b5d080dd
3660 5324284cf72fa774
3661 77f48389d650aa3e
3662 70e7a4ee88a03314
3663 6cb162603d2dd868
3664 3d8210452b2a153f
3665 8684ccc6d5d16a5e
3666 d714dac25b0f6569
3667 0bc2e6c11bc96b93
3668 9d706620a9fe0d9b
3669 654205476863328d
3670 9e3fb4a3fecf3ab3
3671 ee8514ed18978f4c
3672 235c392265cab94d
3673 ca8b2ef920845c82
3674 86f627e19cb9ad69
3675 cfc98530aae8ea2f
3676 289356cad291e5a1
3677 21a4cf3b338b5f85
3678 2963007711809935
3679 67d2b4853697dbe0
3680 b175266f4769e3f7
3681 bba3163cf20ebbb7
3682 f37b2ca44008a3ab
3683 367febd6de5d7ebd
3684 2f49e98018118915
3685 dff4d9f61d807f28
3686 fc3fae4b825b7801
3687 c2f6f5dbaa218dfa
3688 9bdaf07245e482f9
3689 d6db0b7f5c1e8748
3690 afb0e2c43ddbe28d
3691 82282cb078ee2e67
3692 afbc4d70d0499a23
3693 a69bed0782c4c1e4
3694 695a1b7f2b04423b
3695 0cf290276563bf1c
3696 13528c0e550e1caf
3697 aa339267aeff1637
3698 63674ef30eccd261
3699 f21848f2fa5a5161
3700 c15f7f62e98a3b37
3701 b8f64e066202688a
3702 4eaf371e082640c9
3703 bf5ac725568e8773
3704 ea370ae46126b4fa
3705 a7b71c173487e2f2
3706 6eeb7730c31d16db
3707 e3c7185d56eabf96
3708 d0963e6a11e43f09
3709 358b431f9286ccee
3710 4d1fe584bfe54d86
3711 de02afd99603cbc2
3712 a3ec7c994b4bda83
3713 cc7c0bc86cbb65fe
3714 16522d30c3dc6d88
3715 39171879531acaab
3716 6bae6e1f95bdaa13
3717 329386fb2ce99669
3718 0d6a2cb786b6837e
3719 1ac6bf361adaf28f
3720 14522f9ec1a4460e
3721 8dc4273e1dc002b7
3722 ce775936896b4887
3723 0f75c0cfdc428c3c
3724 1c54049d8b7a75b0
3725 47386fac04990f6c
3726 dea48e6135a56f0b
3727 dbf3499700611978
3728 129ec74234baf7b2
3729 e35d4aa32cc619d7
3730 273482a0a3c27b3a
3731 626c3aeb52c9e29a
3732 5fad70acdc0512b1
3733 70bd3525118b022d
3734 93d07c347b55c0b0
3735 fe350232388133da
3736 85245a8af8d912b2
3737 b78211366b828265
3738 ac1620356f3fb35e
3739 b9493a9d3bb9f46e
3740 a22b567194d549a4
3741 7a4003823334a048
3742 44e3bea8b77904c3
3743 025e7dbd2d754938
3744 1b85e2833f65c972
3745 d46d4d7d332f19bf
3746 95dcfd44ee8a88c2
3747 9019b104c849235f
3748 aa9dba9edef001ef
3749 566475c6d4bd0002
3750 0469e56c4c1eed84
3751 c71026e7a469a4b9
3752 f83640909bb56f57
3753 4da9bac46883271e
3754 f982ae2e5b32e77e
3755 cfefbc66276e2e57
3756 c634006d7a75b40e
3757 ac8d58d90b060a55
3758 2bed771ee2b44b6a
3759 de985f89c9cdc47e
3760 279be7cf017c30c2
3761 43c282988d0f94c9
3762 22e268f621411fe6
3763 fb41929ef49d7162
3764 d5605fe28febb34e
3765 b5b435ded588baa4
3766 20fbeeb7be6d928f
3767 990fbeec430a464d
3768 fc7cb880deb2f5e8
3769 41f6cdbd3955c911
3770 c710a588f7847f3b
3771 50954de6cb18a135
3772 61305b748ed06e55
3773 7a6999db0ba62b40
3774 14b1766518db7015
3775 7fb39d65c73452a4
3776 596262ab17b78b81
3777 803e2f1aa99f7b2f
3778 fe81cd159aa3bea9
3779 3c526d90d632b868
3780 0613012766cfe7ad
3781 ce2e5c77d54cf5a8
3782 d2c27cebb281600f
3783 74e0c537369c0f51
3784 b5c81e4f1e48cb23
3785 1e4b02ccc04b6cb9
3786 c3e859dacbf6edc5
3787 312c586387b322ce
3788 00b41c083a0a999a
3789 1ee348630a4c7ddd
3790 f83827cdacb3cf83
3791 f987405d83b67eb7
3792 f34ebe0e138a4f8f
3793 fdd33417d523f8b7
3794 919d5304179ce1bd
3795 594010294267c22d
3796 c78fdc744231b5c1
3797 5f56a52d5fe4e923
3798 61f6a8d055bd28c5
3799 a68b4aa9539d5385
3800 718b618967158346
3801 191693c169ea6cee
3802 f865073cf5693be3
3803 54c3993eb2b9bf4a
3804 daff0e8b83f7dd7e
3805 7c86991503bc8012
3806 89df2c031d6e591e
3807 342b7d50d0341192
3808 dc0be07e81eea363
3809 63fcf0922c3db567
3810 e1d72487391ea5a0
3811 c933df8c146b22fa
3812 a197d4a0032c755e
3813 b723193279c4f06b
3814 f492c31b8d9268dd
3815 3f32e3496d95318a
3816 4e7f7bee18e77295
3817 dfd211d41291d36f
3818 d1ba369865f613a4
3819 00077b3d4cc7f12e
3820 34289e3d57ea5474
3821 6f28b25b05bdd5ba
3822 5a2be6bd52ecf479
3823 16107c0229c6be6b
3824 2c82a7d2e74ec7e0
3825 b9c8ca2f97949dba
3826 024c1c219e0210ec
3827 4ed91821ca1a3096
3828 2ebed45b22bc5ae5
3829 34e5f0eb2017666d
3830 6d080043814b3876
3831 10e5eadc70dfa660
3832 7d711cfd9e0db00f
3833 bd00b68aab75c726
3834 4d62aea8eb057aa7
3835 2e72affced9a4ff1
3836 f31cc8330d87a6e8
3837 b1fdca926dc5d13f
3838 f5c9633b7be055da
3839 23874c9f3948f1ce
3840 de21ffdb7e0231c8
3841 62117cb7d93c4dea
3842 aa1c4e14407da0a1
3843 b66a953453213b9c
3844 89b61479edf4f4ed
3845 cb3bb1df24bd21bf
3846 f28f743dc2105ca8
3847 0c11ebb4c501ae44
3848 ac3d18b87131dfd3
3849 b0aa84f1225467c0
3850 e125f20c53e44b85
3851 dfccf19724e4f294
3852 8d998f15d04095bb
3853 89d7d6bd52a54b16
3854 fe86458f07279486
3855 ddf5ad4740a88fab
3856 314e74f831f7c1e7
3857 f4ea775f7dff0dc2
3858 387c3c60e51ca6f3
3859 1653c7394c24a75e
3860 fd930dd75cdd6544
3861 91a0c8286e96e961
3862 9a364c98cfa70b10
3863 f3d841d72bb9fb04
3864 107ca178a024eb71
3865 ca1d0a1f7a6e0138
3866 2bc53dda773b710c
3867 887b66afd4908577
3868 3acbbce31cd88fcc
3869 42d0f5b19d93698c
3870 e36a2ecc71ab72db
3871 6b70e82a2e98a027
3872 f1195b480eb86e1d
3873 625904fe29a5a6fa
3874 275f02179db1f3d4
3875 74a82143bc8a444c
3876 4b1224726202859d
3877 77af8d4aa0542297
3878 b1308414f0df84da
3879 ec124843ade76007
3880 935965a07d1b9f1f
3881 bbc812e158002afa
3882 aa24cce4f6babe5b
3883 d68184a9636a7a41
3884 56e7a45bdedee756
3885 4f57e6b3f7d8fce9
3886 7404885073cfdece
3887 bd3b9cf101da4b93
3888 93a3193f66e363ee
3889 6c3a277d51addb08
3890 c3b492381955966b
3891 b50b1a24d163cd35
3892 e1ab944d3bd9ab33
3893 fed1ce56131cf6e4
3894 8e9827b5c4d552c6
3895 93495d4a5bf5e1c5
3896 08e59e4148c9f4b1
3897 aa630167d9586c1d
3898 3eff2b727c86ba3c
3899 e8ae2d4587743318
3900 1ec82f901e02888d
3901 3d911a3b3686a43c
3902 f04a27662089debe
3903 224a9eb12fcc30c2
3904 7a75928e693e5d88
3905 d41c4820fce6982d
3906 e86b2d0b8a8866d0
3907 f577a79033b3ffb7
3908 0e0abdcd6f1b3c86
3909 7a035bcbce561bba
3910 5092ffb2303461fd
3911 9d82be4f0e4b9f9e
3912 c614a372a9f94ae9
3913 2f6225cef911ab3b
3914 6596db78a85fdf28
3915 c6c9fa53f3be296f
3916 6bc3d97038d08312
3917 a811f2a69629085b
3918 c519a530f18545d3
3919 4f704e1bd0b665b1
3920 2fca11288f3c8eb2
3921 91c3bf771ea01518
3922 4b697f585c47e9ed
3923 ec045b0395c041a0
3924 b46e46b060b96fa0
3925 8754f5f70c954c4a
3926 b97f3820563aa0c1
3927 0110e54ad150e293
3928 161c4b18330cb951
3929 b0c0016a55ade64f
3930 d574d2344e2d7b93
3931 fb3514d09ec7da90
3932 5f274a806add812a
3933 3fcb36331cdcea5e
3934 87ccdeb5b87024a4
3935 829472150f0956e6
3936 e50ad285cb5f3f2d
3937 17cd0724a2ff816b
3938 734b1054969357be
3939 b5692b331d73bdae
3940 7b533b54625f1b58
3941 321d95cc399aaae1
3942 969135d66c765b90
3943 ac8b074629035351
3944 82d75c0c8a81b390
3945 6c772c11d174d849
3946 95dbff57a906ed05
3947 1b7cbb52a068c898
3948 4cc33fa6f775401e
3949 b881827e4a06f076
3950 eedc7fb77f55b0b4
3951 659adba318b88afc
3952 81318fd4f076d8ca
3953 03611ddbfeab31cb
3954 d060af1ccd32d97b
3955 fe971bc1390872bc
3956 2b0ab853f7a686d2
3957 26d77ee996e581a5
3958 88cf46d80fd4f4dc
3959 55db5922a5ea090d
3960 8d13f18c22d206cd
3961 9e2d4fe4a304c9ee
3962 2d40c8bf85fe711e
3963 63d882c1df863bb5
3964 b7d8d4b880a2bfe4
3965 1110da8c07ca129e
3966 f4d2b4cd0b98dd13
3967 3500e5269b577d0c
3968 cd789ea49d2d8c06
3969 27376e8ef38a5e98
3970 4cf1b4a80abd89d3
3971 52f011b554468dcc
3972 09f6994ea87a5939
3973 0d948e60a3fbcf31
3974 28e7318aee32e6b4
3975 e13aa88476aa0847
3976 cf447bc8f0c891b2
3977 7049f37e51536cc4
3978 f6be0c525c33957b
3979 dfd186c4ddf97046
3980 2558f9368b366033
3981 25d5e250bc378605
3982 63d1aeb8de17134a
3983 5c317516d5881e55
3984 a16aa303b1c334c3
3985 d39068e6f28c37a7
3986 19363dc7d931d098
3987 b3641d04b7897d64
3988 3fc16756edcfb6f9
3989 9438ccd773867ebd
3990 cb3e94218640fb1f
3991 c0904673622b4a33
3992 a2e8b2a85216f05d
3993 c460ec0e86b50054
3994 22d40d2602f17bfc
3995 113ff0a59b7c9ae1
3996 624a454bf6df4ba5
3997 d890b73d4666723e
3998 82b7f6f5da4f9fd5
3999 8cce06432b72ffe4
4000 3435ef89cf4457f8
4001 dd365c2b1feeedd8
4002 ab6f15ffc88a8656
4003 db2afecccb2028cf
4004 9266634800e2a3dd
4005 e30517bd0901e54d
4006 9328290c547df759
4007 39c0ffc2c20632ee
4008 d2848dec6bcc6310
4009 d3c84d0f62428c1b
4010 0d982be91bdb5cb8
4011 668186916edc2205
4012 c6349470a3b16b2d
4013 1c49f63b5cb712c4
4014 f802c2cbf70f4845
4015 ad103c20fb49dea7
4016 e03a5c5a7735e7ca
4017 7e41b090c83566ac
4018 1651b4ad2ec07fcc
4019 2bb54d5d655bc042
4020 d8ddae93459907fd
4021 784f2aa5c7651b25
4022 b54960855522f9ca
4023 b31647e71addcbfd
4024 feb4cc7bafecc28e
4025 0563d2db01ea1f5c
4026 49f6f02926c20f9b
4027 aa76eaee686ca783
4028 07ef670ce9a9472f
4029 653df1e8146c0b3e
4030 e75d9cd5b1ea1d1e
4031 b9ad5bae58ca9119
4032 6c73d69f9a1814a2
4033 6c4957483b1a2a3c
4034 b2f875061bc37ca3
4035 e984fd180c842f95
4036 3abbb091969225a7
4037 97b48c371a4aecce
4038 a9ba9c5ce0909440
4039 7af06f4d0bcd5c07
4040 965e400a1575af03
4041 d0bbb32743c56396
4042 97b087f3b7bff70a
4043 5fed834bdaab8600
4044 60f6b6e0c57eef5a
4045 bd84850ffbb06814
4046 810c524abb560e1a
4047 a701e6dce92d6b46
4048 89dd83d2aae98f00
4049 3e811188d96ee8fd
4050 988b093d3ba588bc
4051 3227dea06224fa0c
4052 ece2001a94fe53fe
4053 f9027d1fb0d24445
4054 db4766a4a1466313
4055 bb64605bfa227add
4056 6fe13352e8ac8e1c
4057 aab8fde28d643c61
4058 c1c1146ab37e763f
4059 099cb6101da0923a
4060 d9c7aded8c577c6a
4061 c7c18c02918d0281
4062 9c4afc238725dbf9
4063 940900d9125b052d
4064 ec6be29735f61ab0
4065 0329fb112d44452c
4066 0fcf2cfd0686cb3d
4067 94cb5f8e0a65e1df
4068 0f9999d98eed21f0
4069 06650aa0e88e3d20
4070 8ca6b765fd5611f5
4071 a6c46fbf78834451
4072 8ba7da558b37ecb8
4073 c88a9bb63f1c72c8
4074 13008c043fc0cdfe
4075 6a5a19c33a8d2bf8
4076 d70126739701c158
4077 8b8c5dc06dadeaba
4078 9a9b7cff8368c1f1
4079 6cdb1c1dcd4469b6
4080 c9f88d7b2e59161c
4081 b2fbb1467b282176
4082 387b5e45590be545
4083 9b2a3a08468a129e
4084 ce2300f7e5d92b5b
4085 1a3b633abbd5bf9d
4086 a0c31074ca0750fc
4087 72046dd4fdf4e77b
4088 01f8fba134d46123
4089 1b5afeb9156a2427
4090 f094ac45a75940bf
4091 cb9b93b6d93e51e4
4092 f95984dcae9445fb
4093 73948eb814a3a79e
4094 8469e5af767061ce
4095 592c75f6686a9be8
4096 e751a355d3949e65
4097 d042afe1a7a14afc
4098 8912f793c9039ed1
4099 e6985b59caeb77e2
4100 6cfb170d2db1749e
4101 940ba5636d46d81b
4102 fd31d69de51ca20b
4103 759526eca56f5c64
4104 b2278ded94ad92dc
4105 d21482a55669264a
4106 c7809b6932287e16
4107 93dac9f370487800
4108 a92cd7d815163752
4109 b6e503f79f9a6b44
4110 261fca36d26da86d
4111 b880a4b9cf7dbc42
4112 430765eb7f40bfbe
4113 81938d8f5ecc418a
4114 2913320553077b79
4115 4554fda318982dd7
4116 6358f807838f4df0
4117 9c321132a460f004
4118 118dd2361245b573
4119 a9d2b4181690f69d
4120 9ddd835d86175509
4121 266d493ce74d9d0a
4122 913b4574f21003f7
4123 5f646ef14b6c070c
4124 ec6974e5d7a335b6
4125 3acea869252ee33d
4126 62d7b5162a97db11
4127 01ea0bcd43a09ba0
4128 d36193f8874fd0e7
4129 13602f022618872f
4130 c134c28d42a94752
4131 466e07071128da94
4132 58aec3686fe0584e
4133 054f08507e52cb00
4134 4b203c9ec24cd414
4135 732f0b79f1ca7882
4136 bdaf7a19fcf055b1
4137 740ffca0f3e2a53b
4138 6d29beaa269da96a
4139 17026d0d12e1ce96
4140 fa3d9943e23ce6b1
4141 15b003575c8aa76c
4142 37ff7ef00ac10345
4143 99e1cf11de8b09b5
4144 34e833b2065cc9ac
4145 4bd8b7ab79517cdd
4146 d8578fa2954fce68
4147 d6877406b6d5ef09
4148 861eb785b09bfa8b
4149 553278cb3aa70aa5
4150 a4850cd7347fd3fc
4151 eddcdf9cb63c14d9
4152 959fa7aff0adcc06
4153 775ebbe387ce9fcc
4154 6be9e5b1325e2768
4155 05754207bf21eb0d
4156 538f0f4261ba13a2
4157 43acc1528b8da550
4158 a8a0d2cfd11f8d84
4159 9c60ac31e4877891
4160 2a19e7857d602618
4161 3a85ef806078bbde
4162 d30ec9148d1d730e
4163 80196175d74667ac
4164 9e890f7a169706ec
4165 49a852acade4f2e5
4166 d61cd7fbef5e4e35
4167 0c02efeea59fbb60
4168 16a8deeec71b59de
4169 015c7a6a102ca299
4170 04f9fea166490fff
4171 0e833b96b0965920
4172 9dcd1e832d00b89c
4173 07b859aad606bbbd
4174 182fd6dc7ad74b74
4175 7f1c1d78734f70ee
4176 595d5570b34abcc8
4177 b04ab242acc03e89
4178 3c74ff2e8365d1a3
4179 a667e09f1c9536d7
4180 71fcca74792b663d
4181 d55ddade3485fe5b
4182 a76b4e707b5b14fb
4183 791f1dd52cc5b505
4184 048f4495a427c79a
4185 930b340951310d2b
4186 1c64953cafe6963c
4187 e5f36db55836175a
4188 646dc32a92cbce8e
4189 3e7228dec0fdc3ac
4190 b00ec925d93d720b
4191 df05f46d2e7b99b2
4192 f45e75842575a4dd
4193 e10e263ae55d5f83
4194 5714dce95ec79c1e
4195 bacb58d34cb71d44
4196 8dc1666dd7f0e98f
4197 9d4f6f57ed1fd4a1
4198 a7b3cc9c33094348
4199 13f8ccf2479e5ba0
4200 ca97dee305a7924d
4201 fbef64072f7a3112
4202 4644d1d7ce9a2e37
4203 4e421c143fddca03
4204 8ce11f74d58e555f
4205 b91d490b25c46ea7
4206 86a20738b2c2c831
4207 a270d33a11969b66
4208 720ac90f9f470376
4209 62acc16d4e4bb029
4210 646eae56b898812d
4211 ffc64fa8bdf55795
4212 a2ef2514bf4a537e
4213 5e8d1d75a3163916
4214 dff34be5b557c42a
4215 65fdbce9d995176c
4216 f41502a4849999a8
4217 566a8d16579ea1cb
4218 9bc5060a1357ef48
4219 639ad38ee563c40a
4220 7ac20273788ffd06
4221 3f5ac00aa1a1cb77
4222 68e9f03b47518b9b
4223 4ec9e54e9ee108c3
4224 7201d03b57a542d1
4225 17d2ad496f252727
4226 efa956c8142d5dad
4227 26a65502147fc003
4228 cfcfb26c4607b328
4229 5fa0ecb322785a33
4230 55bd6a58601e053a
4231 d2565c05c1135851
4232 3a34b64d04245e69
4233 83c0b49f56cba4f8
4234 bac8ca3b9f427680
4235 1c5f3fc2345dd6f3
4236 f19cfa959f944c50
4237 17361f74d319af9a
4238 79148f758c69b5ff
4239 8d4156707d0fa14f
4240 01f25634d7e939f4
4241 41698b8b84c5abf5
4242 0b015c41b357c633
4243 b4e4bfc4abaedf29
4244 6f51fb11756c7d37
4245 74babeda51209ebc
4246 abfc354e9ebea33c
4247 55cd4ff7737636c0
4248 fcec0fee6eddfdd4
4249 faad8664750a528d
4250 a197968399730656
4251 1ce19649b659da2c
4252 a05baf57ce482bbd
4253 9b28fed906bf94e5
4254 6a0165317ede0433
4255 6dd5d83fe1ee2162
4256 d350605bfc017403
4257 6930146b722fb524
4258 1bfccd25744020f1
4259 76f0dbdb2a049771
4260 d7439afd20cc356e
4261 c4c25b7d2310b09d
4262 770da7fa5d3f163e
4263 f095d0dd6c95119c
4264 fbfb05b90de1e826
4265 ce09a64ecc4f31e0
4266 0d1752c15f558979
4267 ef3099f1e68ae9a1
4268 baeb84f104035905
4269 b02e6f39ac30eea9
4270 3cfb7ce8ae2084cd
4271 ed6b2e0a0563ce5e
4272 f194ea31fd92133f
4273 4f4a94334d92b22a
4274 7df919025f2eb651
4275 7118b2f7934dac4b
4276 b2783e9fb289f9be
4277 625e6d0a265c3eb2
4278 9d5c2cf259be5378
4279 5ba0e35b0ff87389
4280 748e0f09f9d23fb3
4281 1ae6d5de02f046f0
4282 5c7165765977ab23
4283 b4eab206729ff9dd
4284 7d423478e87991f2
4285 c162e830c458b337
4286 d11e3efef7854b11
4287 ff609354a0011a85
4288 fdc28625cc7cacc1
4289 5e874b743cde3654
4290 0ae6875867fadf25
4291 45c9904d36806ed6
4292 2e08c7a9a24f6ec8
4293 27da73042cd0a176
4294 e8ce848769b9b63e
4295 18e1e3eeae92d1cd
4296 5154be04038f7eb4
4297 e5a4de8c4e67e458
4298 8724d70b22cabd1e
4299 3482e1bdfa60344e
4300 2f2526460e580ff8
4301 1fae1b24496daa52
4302 d42fc9b46a783388
4303 e5ab34e34fa85422
4304 9141d949c7a99f8d
4305 5dbc324e0c25d84e
4306 55aeb915f4061f7e
4307 e8a3230d0226aff1
4308 a323a7340cd28222
4309 4bc9925a494e19b8
4310 2c1aa86de1162908
4311 99baf733cd1fa167
4312 e1287ef9ad4e009c
4313 0dbb9a5b05eee766
4314 8db270edd4c6c9cb
4315 8e4927cdbbd8987d
4316 d361f8666575af82
4317 92d7363e87f18b95
4318 7e7328292c4b92c4
4319 9ed507e3c23436cc
4320 0fef3c9b27952f58
4321 af38d8d831387e34
4322 ef062f9e2b4987a0
4323 ae4b2b5c3fa3feb9
4324 601bb4bb1affd9eb
4325 ed78df4e70384d3a
4326 3380b075962ea393
4327 3dd2d9f93fe551ec
4328 c4420282dfc2ce62
4329 5b29666d54a5fe04
4330 021761262d168aae
4331 34d9c4ba752b7818
4332 7bbbb809a514ed1e
4333 8dce61e375d6d96b
4334 50c7e36dc4d18113
4335 d3abbb42dba495f1
4336 ee71a3c915e92754
4337 c2573328777bb19c
4338 dd8fe85f0ae33367
4339 de3214f9dc5d3164
4340 40efdfd80b417a6b
4341 cb75c6d1c062bb6d
4342 595d6c9b37390a2f
4343 5ced3074d5005fba
4344 ba4ed2e14e360c1d
4345 a9f3db7369032dc1
4346 7a7dd7c3128fb496
4347 cf6e4e39867ed93d
4348 923d4024293fc258
4349 67754ff892999391
4350 7f93f71ff90a9b05
4351 97dd025c0f98fd20
4352 aa1e4316e4c68cba
4353 1f99c18304aa4c23
4354 ec3a71a29b463afd
4355 388d12e3b6565524
4356 8f0bef88ef5e3c95
4357 05ccef353e15ea15
4358 a1585aad4a32084c
4359 cf1d46b442562c0f
4360 7de67b95950b2b07
4361 d1df4b19d6eab621
4362 550a2c46ec2f37bd
4363 62ed7a09799c6644
4364 bf08631907b43c70
4365 30aed9c2d4dceb00
4366 c68cb0ec64c5cf4e
4367 334a533b06c8e53f
4368 0f387ebae30eb665
4369 95ba62cdbe4272b3
4370 d14f201a7fe1ec83
4371 0dd88ddd571a3ec4
4372 8b0ddf411991b01a
4373 b1cae49a95f785c5
4374 e7f9003b592d2764
4375 038bfbc84968ecc7
4376 4eac3ff4a298bd2a
4377 e23363363f1eb1b9
4378 a2f597d89b6b30d8
4379 2343e1ad6fc32c7b
4380 82fdb855bd617d28
4381 bcce3c65c1eb707f
4382 0ae30e8968e657ac
4383 77a976d9abaa39f3
4384 e0f1fbb5b275364b
4385 b469012c9199fef3
4386 b77254d8f3b23f28
4387 6cb2a41beb1a535f
4388 aa8ae583765901d5
4389 845c5e3894f8cdcd
4390 da16a44dfe710989
4391 0d0a2dad4204af45
4392 11c25d19dcc39c70
4393 4d6571018eb4b08e
4394 848e392d34b2cb77
4395 a6bca3e8a9c3229e
4396 17d9ef85493b475e
4397 77ec3570f9c787b1
4398 ddab94409a049ae1
4399 1e4afe8dc65f746a
4400 6624243b53c8d6c7
4401 0309110022a067e2
4402 c1e844b5e54bc08a
4403 d267b8ad513454a6
4404 a01ea6fb2135c66f
4405 bf4c909f9fdc0ae4
4406 15d547d6151c8932
4407 4a26789342942ace
4408 69888964a42f75fc
4409 7cbb544349498368
4410 1394c915c00f0eac
4411 5d9ed222866e8fe4
4412 fa99ee3aded3fc77
4413 011a8dfbc2a36528
4414 c247df87422d7448
4415 2ebbb4da6366bca4
4416 e6ba29c321c9c4b6
4417 4e846d6c9d6627dc
4418 5a311aa9c7d060f9
4419 88c946f1e59e3c90
4420 5f971a8c0b665b87
END 4420
