1 b9d103fd6854a325
2 b9d103fd6854a325
3 b9d103fd6854a325
4 b9d103fd6854a325
5 b9d103fd6854a325
6 b9d103fd6854a325
7 b9d103fd6854a325
8 b9d103fd6854a325
9 b9d103fd6854a325
10 b9d103fd6854a325
11 b9d103fd6854a325
12 b9d103fd6854a325
13 b9d103fd6854a325
14 bf3ffd926854a325
15 b9d103fd6854a325
16 b9d103fd6854a325
17 252c8f5e6854a325
18 b9d103fd6854a325
19 b9d103fd6854a325
20 b9d103fd6854a325
21 b9d103fd6854a325
22 b9d103fd6854a325
23 b9d103fd6854a325
24 b9d103fd6854a325
25 b9d103fd6854a325
26 b9d103fd6854a325
27 b9d103fd6854a325
28 b9d103fd6854a325
29 b9d103fd6854a325
30 b9d103fd6854a325
31 b9d103fd6854a325
32 b9d103fd6854a325
33 b9d103fd6854a325
34 b9d103fd6854a325
35 b9d103fd6854a325
36 b9d103fd6854a325
37 b9d103fd6854a325
38 b9d103fd6854a325
39 b9d103fd6854a325
40 b9d103fd6854a325
41 b9d103fd6854a325
42 b9d103fd6854a325
43 b9d103fd6854a325
44 b9d103fd6854a325
45 b9d103fd6854a325
46 b9d103fd6854a325
47 b9d103fd6854a325
48 b9d103fd6854a325
49 b9d103fd6854a325
50 b9d103fd6854a325
51 b9d103fd6854a325
52 b9d103fd6854a325
53 b9d103fd6854a325
54 b9d103fd6854a325
55 b9d103fd6854a325
56 b9d103fd6854a325
57 b9d103fd6854a325
58 b9d103fd6854a325
59 b9d103fd6854a325
60 b9d103fd6854a325
61 b9d103fd6854a325
62 b9d103fd6854a325
63 b9d103fd6854a325
64 b9d103fd6854a325
65 b9d103fd6854a325
66 b9d103fd6854a325
67 b9d103fd6854a325
68 b9d103fd6854a325
69 b9d103fd6854a325
70 b9d103fd6854a325
71 b9d103fd6854a325
72 b9d103fd6854a325
73 638981f5a8e59349
74 b2ebf1ca0e7bac83
75 7a3a349315f8b09d
76 e21a3cd5bf96b178
77 467065255b96b178
78 e21a3cd5bf96b178
79 467065255b96b178
80 d1e532a45f96b178
81 4511ecb032633278
82 024b069f839cb051
83 2457dcf8a7f318e0
84 896e1bea750f8c40
85 f1637416db970248
86 0a10230cc834adc7
87 60cad38323358198
88 e99c56b5364845d3
89 60b4c5d9ca667ead
90 95c59834150422c3
91 afba3a3ea48ebe0a
92 f9b04d303c8a4591
93 73d6daf14730f888
94 cd7fbc855395e40f
95 9ede8ef3d3afc556
96 d8400e9153cf643d
97 9f6ddfba1dcdff84
98 712178d15362d70b
99 c7197f33baa70e52
100 3e6c8b9730155139
101 4e47e0492f1c06d0
102 f0ae729225d3c7b7
103 57f5ee9aef177efe
104 932285a88e223e85
105 cbc02f876a18f5cc
106 33e3a4cee3d0b6b3
107 3cc280b67adf97fa
108 df112a374628dd81
109 11df079f2b6ccf78
110 3e82c088950abdff
111 c4670fe1d1265946
112 d1822bcc0150b82d
113 689b79b514543e74
114 91af67a8e630713b
115 0d834087eca50c82
116 fe3eca2bec600169
117 4edf7ff3c7164200
118 b5215ed8683e8fe7
119 c7a441dd06ca2b2e
120 67018c75696b02b5
121 f9955c886598dafc
122 a678ad4a439dd4e3
123 dacf38908668442a
124 3c19ef0ea232f7b1
125 4d232f5baa59d84a
126 533a09e24d2f6a2f
127 be2c04de9e892176
128 03d8777f978df65d
129 89b49c82d587bb96
130 33ee98b70fe4892b
131 37e2cda94287e672
132 7805e36204008f59
133 5dfeb7c69902ce92
134 e118a173485d59d7
135 983e38a410c6571e
136 caf0ee197ce5f0a5
137 0cb4b7f6bf62ed3e
138 23f5182fd229f6d3
139 c3d3bf45bf56441a
140 0dfc32c5261819a1
141 b03af3ac5f619a98
142 0d058dac462b501f
143 54bdd2005cff3166
144 af0e260cef21384d
145 42d0097a55034594
146 8bcb439a52a8235b
147 dcea549fab5334a2
148 b530bab5edc98d89
149 9bca16bb7c764d20
150 8193a49dc4782207
151 5553ec564680534e
152 6a373f5be92ab4d5
153 8876541377c4761c
154 ae6f1e9c11760d03
155 917fbf4a3ba4c24a
156 cddb7a3dbc8b70d1
157 16190aeb994582c8
158 be0d12a89e101c4f
159 3dce0dccb8a5f596
160 ca2dbeafcd826f7d
161 873c7288dddc95c4
162 8abf4a32bcb1974b
163 c79e90328ba89892
164 5b01b63ca8920c79
165 7095f25ee5bc5d10
166 efb6b20b7090b5f7
167 355f6fd76f2f973e
168 6c624b44c58645c5
169 87107b7562ac2a0c
170 53dba4568122cef3
171 ea914ca54c3f823a
172 c69d2ad77889fcd3
173 1f7f1d7c1af04cb8
174 ae012ff593aeac3f
175 f5cb96c46ccf1d86
176 9a53cb0a53bc561f
177 200cdb2c3e50e9b4
178 e119c5780ec6cf7b
179 0f5a0cd48537e6c2
180 b9e62d580036711b
181 694941a08e6d2140
182 133cf19d7604ce27
183 01f815f5c1bee56e
184 1bfbc6426c74cfc7
185 6ff693ccefb5163c
186 55404765d946e523
187 fb0e2140d1d72e6a
188 bce418720b2529f1
189 5e820f5926b914e8
190 50e555c4bbe2546f
191 e09848617b89a7b6
192 aa1def973a7e4c9d
193 5856e2f177bfade4
194 12ddc2ac8588df6b
195 258f3bdc972f24b2
196 1f8c9e47fa101999
197 58eef5cbfb049b30
198 2917efb3fd02de17
199 e7b653fc821e435e
200 87c9d7105e4f00e5
201 31fec5c080d5b62c
202 0d935438edf22d13
203 cd391637f9eeff5a
204 600317084056f3e1
205 80e036cbc44c56d8
206 9ce314a41587805f
207 6634f561d90506a6
208 096364d56febf28d
209 1c6664cc2eb7c1d4
210 9afa821eb82fa79b
211 ced38ae571a729e2
212 7ccd4d6e414cc5c9
213 fa1fe0b3268bd360
214 c758f3407139a647
215 bf736782793afc8e
216 729ac55b6eb90b15
217 6586619a5fdea25c
218 ce32aa4f26f04543
219 d1e937520fbc4768
220 728cf5970f43b811
221 f3e4ce4d9f87c108
222 da879965cd7d2c8f
223 d2b0ad15cae5a264
224 cc9269f2d06aaabd
225 f2d31332cfdc8604
226 854ea545fc6b1f8b
227 c60653c8cc1dd1b0
228 4fbd65949d3ac5b9
229 3cc863712c614750
230 ba4119e9b1597037
231 f7212cb6563202ac
232 dda0ba5ee6a4b305
233 46ff41fd8065604c
234 7c62ff226934b933
235 7eed68d7d0a10c7a
236 bed348b5dff45001
237 757fd2f08f0a7ef8
238 7d0edba32110327f
239 f2c05ec623bca1c6
240 287db0ecc12038ad
241 6774fd1563f43ff4
242 b238d5c2434135bb
243 cb85f30dedfec502
244 7e743d766bbe5fe9
245 5d97e75aff4f5f80
246 6fe864f517c55467
247 5466638ca8f203ae
248 9a5e6d72893d9d35
249 4e0f905ea4a9487c
250 38a03b09b7d2be63
251 793a8a3e6993b8aa
252 7a24bfe3f4c51431
253 7032be2c973e9928
254 cee13d3af6385baf
255 025c867738c8b9f6
256 309115c024d8e4dd
257 5705539425d53824
258 1c82768f134db4ab
259 62d41aafc32aaaf2
260 decb69877a226fd9
261 baddb7c6a4cc1f70
262 aab39b2e0fcae557
263 6c4e301735b76b9e
264 64fff4c0d536fb25
265 f2058c170f84126c
266 6c0b6cbec0ad4eb0
267 1f33bf69eb6126b4
268 62094962f943f1ff
269 1832262f4ad14c2a
270 664c8d444a740c5d
271 64f2d1296b407ba4
272 612ea766cd63f02f
273 a6d9dff58949f776
274 c3e697b37e962d79
275 a786a82b69d40310
276 26bacf0672f1ad4b
277 a5c2d3f9a7448e92
278 03224dfc5f97aec5
279 764247e9040dd00c
280 a160bdf2692d8bf7
281 d8bc66aac8cfad3e
282 595cf707bb2d07c1
283 d1390e1ecf2e12b8
284 7f0a228841a794f3
285 739b74fa8e16cd3a
286 deceec088a50e66d
287 8290b832364a8fb4
288 a6749740ec26823f
289 8ee65ca62db15886
290 645fa78b93695389
291 500302a9ba722320
292 a2a44cb37b86395b
293 a691aebade821ba2
294 2c561dbaf3065ad5
295 311441b6ac70fc1c
296 0712b97553c53807
297 eef3b4ec9a4c1a4e
298 2fd64c74758a49d1
299 1a3aa5b7ad4e78c8
300 772651a83b8252d3
301 c5c7b0f00972c189
302 9c34e420aa6582bc
303 6482742740d55607
304 365b5029a6aa7fee
305 76b56c29cf8f58d5
306 77fefdb4c181a1c8
307 65d5112a8e68f663
308 599a7a79a1833d31
309 d7794fb402a8b721
310 e3c6ec9caca80daf
311 36d145ccc3dd5517
312 2af478b82e1eb3dd
313 41af50a53bfbf5d6
314 65304e1f2737fcbb
315 0e0744d88163d802
316 a7dc0a1a47fbdee9
317 988dc10dfd9bcee2
318 1fb89dd1ab69fb67
319 699daae9c2331aae
320 37ce38cd34ff7c35
321 1ecdc0b3181c7d8e
322 1bf7087a478a1453
323 19805794529faa9a
324 825eb81988ed5721
325 7ecd2a394b543e7a
326 a0940984e5aecf9f
327 0c0414414f5c51f4
328 77fe2d26a9b427cd
329 41a258f2cedeb3c6
330 93681cd4a0ded6ab
331 366420c79fbf5950
332 d04bc3bef80d4ed9
333 ae680e422fab84f1
334 450ac74cac272757
335 a5d6afea52fb624c
336 4e6f138e3a343a25
337 4adcb20409eaf16c
338 3e54918c54cf3bf1
339 86400c14fb56994a
340 225537a90bfdae50
341 36faaae3bd7d79c8
342 225a9d42ea299e9d
343 e2cbde250fbe0c96
344 75f70d90c5f6666f
345 4387e6d848c058c4
346 bc8b172b866f65a9
347 659231726e0513a2
348 88769147a9abe17b
349 e4badbf3ddad8c20
350 eff9f23991558cc6
351 4386812d6095324e
352 ef8c09de9808e027
353 1fc797ca12e9a91c
354 20fa479580c3fdf3
355 0ad6d0c7a4fe68d8
356 6e5eaa63f64e20c1
357 c2113efb9bc8b0b8
358 e2a4e38b956beb3f
359 1e4e1d1e27c713d4
360 2aa0eaaf0efa3f6d
361 ff27bf9aa1864db4
362 d846f2dce2ad664b
363 1a5f1736ad5eed30
364 d388e9efbe4a7e79
365 b26f34c6d73e76b2
366 36f4c071aa1c64f7
367 72f577e8ccc6238f
368 58d38968c5fdf7c5
369 0f84de307b4a555e
370 c8374e0bc3edfc23
371 7805b0575ef8aeab
372 09a30c10f8a6ccf1
373 5fc8f5abc092d44a
374 16ff2af756bf236f
375 67502a12451f9eb6
376 86ba7841a3c94e4f
377 b0792226947b30e4
378 b0525b161ff00e7b
379 e61945bf89995f20
380 1ef3d3b67e5896a9
381 a707083ac81a3840
382 46784329f5d1c6d5
383 d06abedc3f24c46e
384 d3bad440aa74a3f5
385 21b3da34a1e5154e
386 b1e831f0e23bb013
387 35352fdb8435715a
388 ed453b1e4e5c20f3
389 ddf7d27aeaf0b1d8
390 59f16ae8cd46975f
391 2f868f1c188f78a6
392 515ab0d5b685be3f
393 5072daba17fcf0d4
394 d4fc09e56328b979
395 e02a77287aeea3b2
396 030ff9b9b0cf3099
397 213d413b001aea92
398 bd52130dbb8fbd17
399 3ec981472dc7825e
400 08da979b4c56c7f7
401 c13f0cb16b5af92c
402 5bd1f8043f55e5c3
403 d646697af02fbca8
404 ceb29200deed5c91
405 6b7ab379b4fc3b88
406 55ed1711210f485d
407 3cb14d8cb1608856
408 2686ed58a1377b3d
409 e9ad1d12bc215a84
410 5517616350733369
411 b91d58f38c9d2362
412 9d3614703689c33b
413 f8181856428061e0
414 c393a47f00464cc7
415 17ab708c6df2affc
416 37c8833d795e6d95
417 20998a62236024dc
418 ae26cf73a2416ba1
419 65cbc6c231695afa
420 361b210e926ae0e1
421 f7339cdb7d8459d1
422 e8589e306d6e1f80
423 eb1027fc7013d24f
424 97b6f705605b8502
425 6c4bc13ba8e5787d
426 c3ce5ab7f7abaac4
427 ddafdcc455426070
428 7a9e24fd0ca34939
429 c664ab1a4ed83272
430 6613724e042688b7
431 b4e1aa3218b473ec
432 4d28461783f3fb85
433 5edbc11ab417a31e
434 6cd410e0777845e3
435 5c2671fbccde4488
436 f0dc7ae79d41d8b1
437 4d8d2f0dc4449c19
438 78026ea234f8272f
439 0574c42f94f64b84
440 b8420818bb3cd75d
441 4ae3ebd32b3642a4
442 dbb022b41d4eef49
443 67f72c72b32d8582
444 0eecdac36ace5269
445 dd580357fbc08200
446 c3b63454a82e5a95
447 ab3e080fe5e6a42e
448 d1ad78c9a1dd5385
449 9f5edff04a5c1b1c
450 844b9dfaf24825a1
451 6e3711162f6a01c5
452 53a6c16ca9d95803
453 1c3065d1e6eb961c
454 3ec5a099932cf0c6
455 8fb2a75b8c6d4d99
456 aae7c3f81e4ec8f5
457 668bc52738f4090a
458 1aa4ac26c4b1ee21
459 6edb645a9f43c75b
460 40e90a308b613ed3
461 20e2ef9d4a73612a
462 b0cb768208ccb01c
463 d673e58c93b67353
464 8ce19ee1b288c292
465 af4fa53ff699b1d1
466 66a1a3600e8ca5ab
467 1eed66dfedd75d1f
468 def9800d0c19d629
469 e081400a10a6382c
470 6fd342fc4be2a9f7
471 4d9ea1ed912f7f0a
472 389c739dce483ce8
473 a65e4cbfc256f3fa
474 49c3d43cd02af06c
475 94983ce5e253c052
476 976515ec4a927300
477 092b4e31e5b6a012
478 614711897e8af81c
479 4448e0a07b09804a
480 d31e41ad9a3b1758
481 b82979857247fe7a
482 b003c31fde72533c
483 0cf51f07cb001aa2
484 e4e28f1fea62be00
485 23d60c4f26563479
486 54ecb7d40639a804
487 04c25e05dd88e3ed
488 a9754d14d2be803e
489 760c3fe3825f82a9
490 c738875c19e653f5
491 b37f011c11531066
492 ee2d57b2234856a1
493 5f2d022fffe0d50d
494 cadc31d7244fb8c6
495 4c0c29ac6fd779f1
496 ff22ba08705f823d
497 5b02aa14c7a543fa
498 fb899f81fb1124d1
499 477e754cc9c0f78a
500 99ff4516fed9ea08
501 1e143a6231d6490a
502 eacb6534928b2f8c
503 e025f155924041b2
504 87f563e3d4e5c9f0
505 e5491c13e3c443a2
506 b8976307793ba67c
507 eb98e4bb915b32ca
508 ee86260217431db8
509 1a9e6a28a83a652a
510 922c0696f59ef4fc
511 c687940590e4c7c2
512 e5ca95b42ad2db70
513 af98137365e84232
514 c35932f999a7044c
515 1d96368850cdf8aa
516 9ea48e34f93ce748
517 0e7fe9f38bb6292a
518 09727dac40220bcc
519 b7f0dade8f579eb2
520 cdb2f17149724fb0
521 2833d466329c6779
522 1608c86e6d3c5274
523 ddcce8b26261c1dd
524 27fedefd2c7f3d1e
525 09c2378b9c044269
526 25b8863bb1ce6215
527 99f608b532497426
528 e1be7bde971d95e1
529 3caa8a395a22f7dd
530 c0080936d850e896
531 5c514cbd4ac1de91
532 e7c47a07816834ed
533 4a5792a9e5abb8d5
534 1167f82b1e197491
535 85dd1745e5d42d7a
536 3417c53e14442eb8
537 6edba912839540aa
538 3741a518cfc5e05c
539 baf822786c480f92
540 870d7841c7b161a0
541 16d1db8e02846992
542 20c41184f1cfd46c
543 5d5448db1c3c497a
544 0d875c8e1ce2b468
545 7a6c5d01a01290aa
546 2ed0d99414e88b4c
547 4409333f51a5b7e2
548 dcd122ebd528c040
549 04206e551e99f8a2
550 b30b5c58f60255dc
551 5fd50b477725e03a
552 833dfeb7ea2cc4b8
553 46bc33579431698a
554 755969fd35cce6dc
555 b51d0ee640ca5992
556 047fcf726ff84760
557 ed4a47fb85fdbf49
558 bcdef4a52d01ec04
559 775a1579985efc1d
560 3251ed4e9382633e
561 6e386434439f48d9
562 8c8b95ac12ebe995
563 fbd20c0a2a4b5b16
564 f419710cbc33f721
565 e95be05bae85db3d
566 f8a7982a7ad52bb9
567 a295cb040f957221
568 c053237bbc4619bd
569 de1c55f802ae1345
570 894e64807177ae31
571 6a348848eb10695a
572 1b896ea1bd50d3df
573 219cd796a6db829a
574 ffb9dedac802f00c
575 e257aec6552b2ec2
576 689c9c1f7e05a970
577 8ab0e226b1caee32
578 3ccd14fd63d964dc
579 1eab7c37804c15fa
580 552a411416eb4238
581 f8cf6b3ce9d5e29a
582 99b9e84d2367519c
583 b33031b9543236f2
584 a5d6bf484661c9f0
585 e1347f13a547ff02
586 fdcc8eff82895e8c
587 43681b0abf38db5a
588 d772c7bf5d4c1208
589 8b1720c95395ac5a
590 99c3c9ab7a5cc5cc
591 f166417422dcb722
592 b3525d1515839eb0
593 9ed131a2bf2f9f69
594 5b9944e811ab9534
595 23ba9c52cd79d4cd
596 c234b641abe6d99e
597 7335dc166dd29708
598 218a0e1eb8645f20
599 403e21d053533bb7
600 8e1e520cc1f41941
601 ac1b5590e5c64cfe
602 5114038564101682
603 72c32a84c214c08e
604 fc73776690360973
605 f8dcb30b939c9c36
606 267e095b116833f1
607 c06ec806fd73e08c
608 9ee0952c4a614470
609 5c57bafedad6238f
610 df090d039d27cfb8
611 cbb4ee070ed2488c
612 4b0f4a6a913dbd74
613 e6dc22195b4fe098
614 007626c3aa66b470
615 dc4d267f1f12755c
616 6b6724a12cc28574
617 c31ebf5f44e2e790
618 1e9b4e4ca171b188
619 2961b6c60e0a2d3c
620 0a22202deff82494
621 c03c1df95fe84ce8
622 d9e5880e570ac510
623 72bb5c86fc2d68ec
624 47f9662a90cd8b54
625 634b45bb6b177710
626 bbf9f67d6eabe598
627 68ebe16059f12bac
628 7eced3778f8ca234
629 da529bc58c5c099b
630 8ec01e43c89422a0
631 8b575fff076f5b93
632 87f479a90f0ce972
633 0d0c38f351d9f6a3
634 816bfa0fc678a681
635 51b9b120802bd72f
636 97f25743b82032dd
637 fecd02dad0a84adf
638 9bae9f8837bfb5ba
639 7caf06adc1344657
640 aff606fcb88f2ef1
641 375342899a8b1220
642 10e18c2dd1b843e5
643 acc343de7020aa04
644 dd13f02be159409c
645 c20ea955b1840e90
646 22c9ffddc2e0e430
647 02c180b8dce14024
648 ce6c83ad6190930c
649 4b618d1f516873c8
650 14e4d08f6f5f1b98
651 0ee190e1eb902844
652 8a0787b29f75c58c
653 361d0834381fa550
654 04f083338e08a870
655 669a36b3966a8284
656 6f32d6390b99f11c
657 67b9f1f8d4b57178
658 a8c3c2a1bc29ff08
659 f9ff0b0b2e4c57a4
660 869f19f13165809c
661 8c17208950fb7bf0
662 5f4a073fcc430a90
663 016d188d11b1f0c4
664 068101c9bdc8092c
665 4e24a3bd42d7621b
666 e510390a70df27d8
667 287e306ac8f7636b
668 9e97d0787b422b7a
669 af5a7609b0417373
670 18c68f516189cf19
671 283367157a86e7c7
672 7506584d75f02cc5
673 42175d7a2fa220ff
674 7f12bee7d48a0852
675 cccf654c24321faf
676 aceb7a1f5c5dc659
677 ed91b630f5230ff0
678 77b470471fb4541d
679 72037e8397c02f6c
680 0952640a9af0f164
681 8ed8f47452072b20
682 5e1a08bfccf7ffb8
683 75793b04fd0db1bc
684 cb1eddadf5f80fb4
685 2b2bf7b82acb4328
686 152d6d0f541d4360
687 f789b66c42cc6c1c
688 065ec4319afe4ea4
689 5a631ca8245df3e0
690 3a4e04c6eaa11868
691 c69c9b6dad6a832c
692 fab8c791e64313f4
693 7adb99905bcd2238
694 9f5033856f95ed60
695 7345de48ae94f98c
696 f477363b1061c084
697 f8a638e8deb15dc0
698 e78aa2502f3b84d8
699 11e99ce1c9ec5e3c
700 dc3cbc16d78cc4b4
701 972001bd19b8a44b
702 6d4cea5f024e5a10
703 75e2426cb6d320d3
704 34aee9f456c349a2
705 6f6d392431b971d3
706 12300b64583b8081
707 deb20c23cf1854e8
708 508f09a3f0470e5d
709 25b60c3ccd84864f
710 a58b067d61fbcf6a
711 270eeb515cd2f6f7
712 b654cc98d45faf41
713 baf186b18227dfc7
714 b631fa27ec64d8a5
715 74547b01a946e1b4
716 0a28c1e63d8fc5ab
717 1d8ac1993ca68f20
718 e873d8a2257e83c0
719 14676403bf321ce4
720 292f28b074a02adc
721 b2d87177c9eb5758
722 269476172563f6d8
723 0ec49c8ce09fb2f4
724 8d41d5a268e7a00c
725 8c40a8b01023a660
726 73e5fd46c8c2ca80
727 e24e8d5f9c5ae704
728 76f9201c008040ac
729 59872aca9a858da8
730 cec54572ce2ebdc8
731 92539b6a894ba874
732 cc68369260015bdc
733 bb6214e6cd3a2660
734 4f3a4a0df5307840
735 da8e046b10dfb884
736 84afcde5f567678d
737 a7737f1023caeb67
738 60c0927e5506f363
739 33ff2de2581bc975
740 015d76e06c64d710
741 e407cd346f358214
742 6de78fbeffa41acd
743 c1f4a2e52c83a9bc
744 5027321c463fa26a
745 13fd117a6e4c4f4e
746 0532878e19cbb63d
747 212413eb15990917
748 58aaab5b1aea7c5d
749 911bc3e2729cb642
750 5b7ea2ec8b7bf03a
751 c5d8b4fd2669e0d1
752 99927e0c79f0c32f
753 5bab9ba5d6993225
754 f93718367d43bf3f
755 78d9ef1a12d74dd9
756 d838abc7b3fc39bf
757 d48a23341760a315
758 3a24e23c5857046f
759 7e85d2fc68a4a8f1
760 83142e94f33f919f
761 80ae9bf0e5ff14c5
762 f1bb01c1057de8af
763 37029f18c9582ac9
764 bbc9768bf470f7af
765 1febba3e7849a8d5
766 cb508b1d8e7fe11f
767 8bfcbcb52c9f4871
768 37cd8146d56bb56f
769 6cf3a0d17293f1c5
770 1a3771392a21fd7f
771 2ebe04475b10c5d9
772 6711a7d5e239291f
773 6afa9b8752b7a33e
774 f8ab91306f63a2ff
775 6655689905ce8f66
776 3b59eff5434ae411
777 d862d314a1fee9de
778 20dd783343e5f09e
779 d6245c7da93601ad
780 0f7b7aa99a3a70fe
781 3b3fdef9c023b9da
782 2284952fad821162
783 e2d4fb2e5c930d62
784 11bc180e9cbec282
785 dfadea7533e779da
786 5c056030195ede5a
787 6a9352a2a1a12bd1
788 ef90bcb658277eb0
789 11d6bc249d78037d
790 ec9ba6ee603b0dcf
791 7afed99bde0d9889
792 e932db13734047e7
793 1f7448794d12ff5d
794 be8f76c7277182bf
795 ef6a90531f276ab1
796 408645c6bd32b557
797 e030f763432e214d
798 8f1bffb53482139f
799 4e309a0fa11f65d9
800 0786d12efc4fabb9
801 9fe05728610f22ec
802 a03ee524fdb27876
803 776977f5997a3254
804 788508bfb86000c6
805 861eafbf46cab3e9
806 5449bebdf27e36ab
807 94e693404342f330
808 92e5a16ac484bfef
809 138e93f507b241ba
810 2c555352ba62d4a4
811 308a0060a0cfebce
812 60f2c328969f2811
813 bb92acc6a05ce825
814 5120bd7d5a07158a
815 17cc600e1f8cb704
816 3ccffcb8eeec4d40
817 dbe0ba6884d77461
818 24f5db87a6aa58b6
819 0e0b76a5c8a3d3d0
820 18ef0964c7cf3588
821 2aeb5c626c368757
822 29d5e7f145d48a09
823 e14fc7675dfaad27
824 9a71b7e85a023840
825 2d25716644ebe932
826 57ad3b64b554a462
827 6c326297cebefd4b
828 a70a8cffc1af4261
829 d7fdc21f1dcbce16
830 5492bc50f42636fe
831 0dcb2024e9b41b81
832 6fcdee8c074919db
833 db5c8d6bc5a0f217
834 f00797108a7ea9ba
835 69d1d772bf89447b
836 024199ff26071377
837 beebdda675616541
838 c2a1acd4d67b86ee
839 71666ee20348f805
840 ed05e49e4000b767
841 53a2969ab393f005
842 1ca0b9d3edaa11d0
843 7424402b7a9e6bf3
844 1e4287bec06b01d0
845 187128118ffb7bf3
846 53c68fcdd6340d26
847 6c66f43b99cee3c7
848 453ec0b0ad62a526
849 4640227aa60bb67d
850 6bdd5a0908f347bd
851 170b9d006b15b8b5
852 3729297979bb0a8a
853 6e2c3732442047d7
854 6499018520831ae9
855 4e029bb5cebc5069
856 4fa821d5a87e7994
857 68a5a9f6d9de0903
858 d743a517cab4413d
859 a99e260e6c360869
860 07837e7f42647f20
861 48c8a6467294fea1
862 8d77b3b61f535134
863 2afcee3eae10a6af
864 cabd6111ff41cae8
865 0353fba89849eb65
866 3a30c9fb6a606ce9
867 f96534a1e21fb165
868 65024fde9e605a0b
869 b4095c7a255300af
870 f1f0eeb50caa997e
871 2fddf6c74da48ca1
872 e862ae5127d5ea1f
873 9ce3c9a797b1725b
874 8b1c26277e895427
875 0abdedc8fa2596bf
876 0aa63b712c4f7f71
877 55bef01e7b24a5b5
878 532cce616d140488
879 096c3a7a54da6cab
880 81e62082a0b1744a
881 b1c5575f46145771
882 785f4a38885c5d0b
883 d93340a74ce7aead
884 cf9aeeecac0424ea
885 6a9f4f193af31a29
886 fd59c891715eec34
887 d64b34ea90834c04
888 051d69ee13b94527
889 47f0b3700cccd115
890 41b461d6eefe4157
891 54abf35bd8c3f2bb
892 50e8a1d077375598
893 fac7c0b95b3adb69
894 6900f9a76732230d
895 8d2d4de048804554
896 dbf8af23c80b14a4
897 9e5c25a5f58586e2
898 8ae1070e4822bbef
899 a77c6cba6920a13d
900 51fde8a5c4d0e93d
901 8198a28003a09db3
902 31b7d94cb3b93504
903 f4a36502a4d4b34e
904 06bbddc6f5fbba52
905 ff3aedab8fb98b58
906 04136791a87e7ab6
907 098ce0b284681f96
908 1682a60f51d5af6b
909 e3126d230c8b5fd3
910 7013d23c88ec3996
911 9c92f16d4edde5e9
912 dd0ab2e88d10073b
913 ec6c157234ec5d08
914 0de986ac7f8d5b86
915 d354336f9fc4c909
916 75dd52ed06b39c7a
917 6dce63a575d2c568
918 5fcfba0ebc110500
919 c2b80f52ee703199
920 028e082c11c59ab8
921 15de3e5ac8fe39e4
922 fc03df86212db6f3
923 39537c34db4d6b78
924 a9d1dd1f9af81414
925 7f55f714361a76df
926 943c0e83a8c81369
927 0c6d4727f87b9c07
928 0580fa11e0c938b9
929 7d425f46bd81181e
930 07599efd212e5628
931 2d656870b6494283
932 19b303c0b129b9ff
933 ab065a097ecf2cb1
934 8fb4d4fb3c5e470d
935 d73fde78b57befad
936 49093cb953cc26d9
937 39569c8c4f72eed1
938 6c8b1ea96b6b04d7
939 7bcadfbf712068b3
940 1debbcd254d43bfa
941 c8ac783a91c582f5
942 62f31b3415104bde
943 7e809f55a1d16367
944 cb3f1b2ddb4d8546
945 22e9389a5f02ce6f
946 4ee6dff31d3c48bb
947 34a1c29957fa71f6
948 c48a85dd7f2a6aa2
949 f48b236e85e64d86
950 787d300251991604
951 04a359f85120aa8f
952 3d210ce0da658fe3
953 ce2d7d2cb2093d8d
954 a1467d5748e4a707
955 51f009a51175cdc9
956 f69a7196fb028f84
957 29215cd6eb147a8c
958 1187e2d75418db3e
959 d45a8389814c0d46
960 34fa9eee9b5cc222
961 9972b2aa8d30f619
962 bdccc0e61785a305
963 897432e449722ec6
964 96cd3bc14010bc1c
965 37b4b090e7d332b6
966 d9fedff55775ed4b
967 784065e4d72512be
968 c43207575ab78097
969 c775d173a3e76a7e
970 4e0be8014147e5cc
971 711cc837e8256ad1
972 2f749abc246d722c
973 1eb5b78423779e0c
974 a128c09d58bd2cbd
975 a7d01ec2fe3aaa8b
976 b6cbf4fa0b6e68a9
977 3167a26fbe2e558f
978 f644217e223ef9e6
979 ec1b62268a1bf633
980 a46fbe3b8de6b0fe
981 5fc5b81228fa5040
982 367adc59351a9261
983 9c04452bb5bbc46d
984 b664cdde6e723f36
985 ac9796c37429a96c
986 fb8f9255e59a47e8
987 c6d6ac4e1b1098b1
988 e81ed3ed1374404c
989 74813732d6095e99
990 7e10e52f29173c14
991 2741a8da9202b0c6
992 34a9ec32c7cf7bae
993 13abe92ce2794c05
994 8ec9a637e90f143b
995 1a2539ee8c474f56
996 9528ff7bca35bcf0
997 5d898817f3c9bf76
998 ead4c78d0336c382
999 503921e14ccdcd77
1000 341ed823bfa7f741
1001 1c480f49acef3e2b
1002 524439a9e5bd211f
1003 cb3e6f9842c9b390
1004 d3188d7e47370784
1005 f7d39ec96259c16f
1006 05d2e064c2c2b04d
1007 9a08edfc7af28fab
1008 debf766e733fa482
1009 ac4f6bff4998598b
1010 36619d3c5a169531
1011 e60b6e30841dd228
1012 b05f3bd043751238
1013 ce112d2d718a0e20
1014 134216c9ba386c37
1015 11fb582748afe0df
1016 1ff8a6663dbcea92
1017 4e2d6d7c2bae59e1
1018 34a23bc50f58b10a
1019 cff01fd23851e96c
1020 4ee477310fde5ba1
1021 178c7a16f33d9d23
1022 afdb8ae443f9bdeb
1023 9c9d2cda5e90801b
1024 bdf188bf3aa8dcbb
1025 458ce766c368fbe7
1026 1079d28c1eb24e65
1027 183aa59e376b9477
1028 849aa32d92ade717
1029 ddd67eb8e5d2fb26
1030 c5e66091f7fdf1e7
1031 3af1f8c4998619f7
1032 4c658b0cf08d0ad6
1033 9ba6a4645ac56a22
1034 0a4574b1ca66e4d5
1035 0e26765e6837e7e3
1036 865ffa6db84e55bf
1037 66b1bd44f67dfce9
1038 01baf512687c28ab
1039 5a0edd46b864fc05
1040 96137f42f068dff8
1041 6b6a38f22f598230
1042 f7b4ad119c56098a
1043 0548c79a94d61eb2
1044 9dee264f3f1d829e
1045 b44503aa0d88eee5
1046 24e74ad50c98bd71
1047 36e2ff20f0667942
1048 43f697408a5dedf8
1049 36601e20477db622
1050 92cde43a09a0c6d7
1051 74c54896e876219a
1052 9699c10e1bca5013
1053 3439ce1774c43ffa
1054 a50146c1b35b93b0
1055 66aff22255c0edde
1056 47a0c241586254b0
1057 9823b6d1d9b2c510
1058 de8fb1a64f8931e1
1059 7e72e213760262cc
1060 6bd953144342a085
1061 5294f10cdb0fe09b
1062 6a7130b6b308493c
1063 4d47958a17e05bae
1064 cb755948a108036e
1065 24bd7a4ce1de5e8d
1066 b20f155f113dfb5e
1067 46c2bd87d434c9c4
1068 a0c52a3dbda48b37
1069 d9007bfbaed29bd5
1070 1f033b8298e60a5c
1071 4cf0e2b03998ee40
1072 964491ba4a6d5fc5
1073 4589650322a04806
1074 4870bbbdacfe2565
1075 dfa883f66e121a77
1076 bf8a5e613540e63f
1077 ad902247141bf98c
1078 85c1f2fb73839ad2
1079 4773f4ddb32dee27
1080 da3eb86e398126e9
1081 11aee900924f848f
1082 2fa0719a73a7bd4b
1083 683aa786cc61b2ce
1084 c7211ea38fcf8440
1085 e27af3b8439bf7c2
1086 6c3ea38d37215bf6
1087 52998b5ddab87749
1088 5254d325d0cf33b5
1089 a0e830906c275fb6
1090 23225db583ca6c6c
1091 4028664fad3e4c22
1092 d344423131b06993
1093 f4222d31ce5c101a
1094 d7a4e8a358f44610
1095 48bf8ca891713781
1096 dbdfa9b37a01b5e9
1097 8b7e7e698d3c6851
1098 2bd8df87b0ebc7a6
1099 0f5f7d8695b8014e
1100 cb7ac246d89a6b70
1101 9eda76c0a5dc3715
1102 30ad49c79a3a5219
1103 aae27d1e2b6b3f1e
1104 70e2f6ffba104a33
1105 24954ea904fc0ce8
1106 4ab5d014560d8d26
1107 c3f9fbc0e4689303
1108 8179c40e1b3b5e0c
1109 4e25e8aea8b8f859
1110 161f3e251a0e4a8d
1111 47e48a070e51e549
1112 df285249cbb7e2f6
1113 b036eca271f7dbeb
1114 a9ec74b9f277fd8c
1115 57f433651ab5ef26
1116 26516daeffa76777
1117 bd5b63897c6fcea3
1118 2f28bac9d11ec321
1119 a302267687cf662a
1120 d5897e7d3630abd3
1121 e58544504c562540
1122 3825cf540d371da7
1123 bc84948284e2b38d
1124 84f62dc93cddcb62
1125 98aa4bf71e455994
1126 53c77909a5a21b17
1127 5ea851b02f0793f1
1128 b76edd91468ec03e
1129 5caf7b9356086d6c
1130 52c1c0304b18dca5
1131 7812969f87b8c032
1132 8b1b8e30092005a4
1133 bc29747bb5a3ba44
1134 9e62624d830c413a
1135 ba280f25179babca
1136 87bbf07b88d1ebb2
1137 113e15f2ea1a7bfc
1138 562d1e492a07bfd0
1139 3dd1a65b13a67442
1140 41fb44435449c6bb
1141 c8e609ec1fef755e
1142 25d898a6a9f6afb9
1143 bda5086c909d9207
1144 ea4bc91f8ec9c763
1145 d94babcfaf405824
1146 a3185e68dbebe4dd
1147 dd83ef1e6e5e28f4
1148 aa4e640763e12379
1149 c7f8a2935dcee943
1150 d13211311272193a
1151 dc96e2189b30621f
1152 7f750449fab18dbf
1153 6110767f29f64db3
1154 2a05f6b057684538
1155 7e6d89761ae3e4dd
1156 529f1c152ee46ec5
1157 cf0a051de890fbd1
1158 d7b9906aec83e7a4
1159 e5368388b371b2d4
1160 783505d893bbed90
1161 883f69ff2605a3ac
1162 0e4b28348cd8b6cc
1163 79bf67913e2a8a8e
1164 ca916887b50279ed
1165 5bb11c7d641305ff
1166 01e7f8052cbf270f
1167 e3f0f4a425046568
1168 d2636505a16e4e40
1169 b86f9941c26630cc
1170 9c8e83037d0609ea
1171 81579c6ac035cdf9
1172 090760995ae801d0
1173 736f350f51980689
1174 bce52a9fa29f7763
1175 d3e0065d61a1c636
1176 13f0629554d0d256
1177 858e45030e7f02ac
1178 a39bb8d97c88d37d
1179 c659f85fe49a6aa6
1180 874490bfb11e4df6
1181 c2b5bc3fc56905f6
1182 43db81ed2fab9e03
1183 82d1a7f5b28af689
1184 81ba223981d0da4e
1185 3af1f9125bc65b1f
1186 82b71bd43782d823
1187 abfa8f7c3002b0cf
1188 7e9611134145ebc8
1189 9a048f645728cd71
1190 e39ac524e4d0ada2
1191 7c690ce1f52581a0
1192 cd13c161d8039aba
1193 abc778ee56ca4c6c
1194 d1b574f24b4151f1
1195 61696573663916a7
1196 17efbf71661c85e3
1197 b7f307b2070c4cd0
1198 88920d5b4dda3877
1199 fbc055720adced59
1200 890bce11d9319ae2
1201 4f9778acf178c830
1202 ef010964b9f086ca
1203 1e4740b943b9f20b
1204 fa286244d1af25dd
1205 08eecadc4f61d4b4
1206 03740d997803d52a
1207 e09a8d8a96a25c00
1208 6f52b27cc856f117
1209 972ff4274482f210
1210 27a8228d555524d7
1211 d8032985626d7bb0
1212 440e311132329688
1213 ac0c6586a63e0645
1214 5cbb1498defb140e
1215 63b3bb4ab9eecd9f
1216 23f0da75cc0545c8
1217 830878ac1024ef37
1218 40cefbc2c9c0bf79
1219 bd950be0f51ab901
1220 4d50d3f3cbbce34f
1221 8bbfbdbd9d747cbc
1222 062b10f8b3d4c2b9
1223 ef97849af485b210
1224 04f1ccd5f5e768ab
1225 9004e00689e155f3
1226 b141a921be49ac97
1227 08063e425612d2e9
1228 29f2a832ef89dd6b
1229 117d0bebab1ac225
1230 41a60ab03791a687
1231 aba2e19bc74de334
1232 f5d2c9399e5e7140
1233 5338910f8e0e88d2
1234 fda7e682fb89ecb7
1235 f90b466bcdb6a773
1236 06c6ba23351804f2
1237 7177749ca8767d2f
1238 e0a1374ded929d55
1239 4e9e3ec9bffa042f
1240 ccc638aa6c3300df
1241 a82dcb40aeec2132
1242 382473e04ce7721c
1243 2f6cd460f152694e
1244 51f55460af40fc1d
1245 5a341af9228a3ecc
1246 fa0cfd498db89c9b
1247 61d46255cac293f7
1248 3a953ac9c8cd243c
1249 b15da0836a98bc3d
1250 c7935cab6b302ef7
1251 e9e1f4c371891770
1252 12acad641472b2ca
1253 f99d44abfea18285
1254 aa71e48badcc0e88
1255 5816aafa1c68fef8
1256 d057876f35aa3e07
1257 9e85f43d11802c36
1258 a761e1bd838e4b2f
1259 5ee78497fc2bee76
1260 317a0a816db38191
1261 d8988c871f3a5a39
1262 1d46e64fd7a205ea
1263 f49898cb49266419
1264 3c11ed94f5bb0c92
1265 b39ea7b12cf26129
1266 7a9c718ddaec963c
1267 58101178a7cf2885
1268 61087aac776ef73a
1269 4512b30e371a81ab
1270 81b3ec3756100cbf
1271 c075e6e1904894e3
1272 39ece73b993903b4
1273 1f9f5ab040f0033d
1274 18376713e3655346
1275 7fc4dca40ae682ac
1276 b998c29da9696424
1277 a1b5dd79f8b54c23
1278 e481bf7e8991089c
1279 08f97125d8721645
1280 bc1bf450a1157726
1281 c1ed123f47cb5a55
1282 e52c4502f7a8332d
1283 c7fa8610986690d4
1284 ac83340ec664f9cd
1285 ef31d98b0445659c
1286 180a4524aeaa96c8
1287 5697283ffed86f41
1288 3b651110e931a47b
1289 7ab85cf490bc9395
1290 318b6b323105055a
1291 b686e45ba39c1810
1292 543af74badcd6ebc
1293 d2d9cba1ca601f53
1294 d32bc9840e780f4f
1295 38be78909c78a58b
1296 717d4e42991a6ddb
1297 5389f7490e3ece19
1298 547f4d1ccd69c8a2
1299 c7f9726d54ffad83
1300 dfcf8d2d5141d064
1301 9a18dc583cd7dea8
1302 db7aa4980b3dac11
1303 cf842c2365ed7bdf
1304 c434b910c9b3acfe
1305 cb8204a8353336b0
1306 5c2c41a92a3e96f0
1307 1de5e7b8974c25f7
1308 b264f8e63d27ef08
1309 7243898507fba98c
1310 360ef6e4855ee6fb
1311 2e61fd862e080cd0
1312 f4c26770f2357cb3
1313 3e244ba12bce552b
1314 cb4468e66c6c860d
1315 83b007d6038e96c5
1316 3c961043a733a56d
1317 37e204712a815906
1318 92a7a6310a1d7287
1319 52a5796cae66b4eb
1320 598541fa891281d1
1321 54ede02c4e2a9670
1322 6b0b6e45a040e050
1323 141e7ad8fd2ebac3
1324 28a5f522c7523266
1325 defe5dfd7c7b94d1
1326 ab19d710d172e20f
1327 4a03f5198826dab2
1328 a4027adfd1a57f83
1329 e6df589f58a7278e
1330 81a32b247c08169b
1331 45450b1fd23bb970
1332 5beedf2483f4376c
1333 bcbe7a0df9c72c36
1334 e93dabe797b0e8c6
1335 e2aae3ff92a6bb84
1336 6041011bc3f41950
1337 727b3cb27d96c7ff
1338 1095699d386f6abe
1339 ad0634a5fcdedce6
1340 725629ecaf5e61f6
1341 b8e95e92664313ca
1342 6d0ba6f7f9b32476
1343 408a91a7a6cb2d9e
1344 923068d2932d8709
1345 376d5c322ba8a8f9
1346 c7d4630e3ce78b93
1347 2e163de850bd9b1d
1348 29f9a5f3b5e97585
1349 bf6863be2de9ceb2
1350 fdb6573629e25ea5
1351 a33140b79b8ba8dd
1352 e39b6904099ad658
1353 cfcae25dcdbe6dc5
1354 185fb749c04fa87a
1355 b085c53b540ca772
1356 750ba89651801124
1357 8cd0f619126b7488
1358 316031ed9423933d
1359 5ef9c3ab02474d45
1360 6badd67d3996346a
1361 d7eabb76c0d372a4
1362 c2e99111e5cf53d7
1363 e60298e1e27e7a5b
1364 0894faaf39a684da
1365 5470a2ed99055055
1366 14f5287b463abd77
1367 3e4eaead401f6146
1368 a088ef72b8b424ec
1369 fbb8bd83c664d799
1370 d20748c2caae5da2
1371 99204a141fb81689
1372 a54403e0632086a7
1373 964037f208e6efe8
1374 173bc0722058b7e0
1375 f37bdd8bc43fb9c6
1376 90f55e6cc20a21b3
1377 e58241c72fdf5c8f
1378 972c16c543fa6a4f
1379 a8967918db8dba38
1380 f3a2205d63857956
1381 95f14f1e44753ab8
1382 9de26fa809f0f7d5
1383 a75fedf7bec6c350
1384 be0097b89bb77d34
1385 f37ee28a3dfa17f8
1386 f1e2c82aec253ba7
1387 597be5c3f1914e85
1388 65279ecc04ab72d3
1389 4174a21d40457322
1390 3693c57f8f2987ed
1391 36a03c9e2828f52e
1392 0cb9078294318766
1393 9cd7a392d7980c75
1394 b13a78487d837dc7
1395 b220f5e0d22fe853
1396 96b606507334d72b
1397 f4926903652c90e3
1398 9e5b076ca5bf690c
1399 c61bd7ba25921ac1
1400 82713d624abd1ffe
1401 0d3b986425873c22
1402 8be543507bbc775c
1403 4aaa21cf0982033f
1404 387c9fd6fb6765b6
1405 0a9e019635c5476b
1406 6c0b82046f58f4f7
1407 eea2c3e800bd7445
1408 4664eeb453025ec9
1409 7766338689e2f72a
1410 b4eec6bcd8a2698b
1411 4fae0e176822ae0a
1412 f24f847105e900ec
1413 dd3dd9334a7726f1
1414 f0c62d2a34e286bc
1415 c259773270482bef
1416 b6fa23121c7c967c
1417 8fafc89c8edc9b19
1418 5d411220c0f6933c
1419 f71609b48e920fe5
1420 742768adb44b99e5
1421 6e39b9f402f4d2da
1422 7fbada555c6d076e
1423 82185f4c8800cbd3
1424 5648aa8c08b27187
1425 ca1ce97109fd4309
1426 261b25dec8885cf4
1427 2cac4313790abd30
1428 3062ccbd86a43799
1429 fb29283c3e1e8a9c
1430 9ad413a80911176c
1431 04df32768f71da38
1432 38bb0475d42e703c
1433 d0e7a620771c6e5b
1434 4a8beb24511044aa
1435 cad44debb3945007
1436 5ae576d682ab51ff
1437 9d88f2416f84d66d
1438 f35ea0856c9328ea
1439 574ac2dc5797881e
1440 6279b0e4b8b2bc80
1441 81f6b06be4ccbd9b
1442 3fc3a7981e5fd35d
1443 d299bc4a388bf529
1444 7d884ae04fb8e034
1445 af4258d3cc44d737
1446 5585f1d6636b3ab7
1447 05a61b3375645c2d
1448 3dd2ecf053285a98
1449 28ab1fac4fda1cc5
1450 48cac399e612899c
1451 b6699e2f215f9e8e
1452 4884c9c8516b608c
1453 ff6c8b05c1e9ccb5
1454 fbfef4f538e48535
1455 151e39b458c93bed
1456 4ca436a8a1e30119
1457 65b5dd8e24888f3d
1458 5a2fb1b5be9be448
1459 80718ba7b344b96d
1460 927d939dcb8eeb31
1461 0d9c676234c0e17d
1462 5f34badf21e5ba9d
1463 1d6987404fe9397c
1464 ac446c2ba686e77f
1465 cd4216558106a67e
1466 80de7025f7d72e8d
1467 0e56a3ba363e0897
1468 b57ddf8b926b41a5
1469 a19ecdde9efa337e
1470 5d0a1416ffe27477
1471 498d3a5af978339e
1472 c298f87ad7129018
1473 ee38366e39c5e339
1474 6f5c2d8a03a7a078
1475 f2cb827a7dfe3d9b
1476 9267fabbd893e7df
1477 838baf5bb1a98ab5
1478 aa98a4634f859c28
1479 026a4d7bef162b29
1480 cdaa2cf6836ca902
1481 8686b4cc81c754cd
1482 83b8c5ad7a76d736
1483 154ee26999082fe7
1484 c6f5fde7f1d67c93
1485 9bed8a3d70a6b776
1486 c23e74fd738062fd
1487 b4334d7bfdf572f9
1488 2e7e0b4078785218
1489 0f0add23f7ef03fd
1490 800a3a30cbbbe9cd
1491 7a2788e77c7a6de4
1492 80b017520f2b009b
1493 a707dfe422350d84
1494 db2e389ec673487d
1495 932ae905c6348050
1496 5aba1094f8d594b8
1497 37852106125be982
1498 3e00ddbdf2f086a4
1499 a7c1407999f14177
1500 3d66daf40a2166d2
1501 d9c10fef193af6e3
1502 68372d17bd6a1372
1503 bd7e18bdca32a550
1504 088b2b2fea980c3c
1505 6c9d8bd62a9f8b4d
1506 69212a351bcbd266
1507 fd5ff96c4d6feddd
1508 ccedf95aec9e0bfe
1509 95aa3870c25ff5d5
1510 c5edaf4cf2c83f25
1511 090698eae6d819da
1512 ac9f6770100b6278
1513 d406fbec0b73d621
1514 ce4e8469f59c97de
1515 c5e9211afbf2a984
1516 d7331b0a5bd690f4
1517 15b50c63b18ccc78
1518 5027f5713707aafd
1519 43e9d532ccf1e3e8
1520 3745d756df0f6924
1521 5c27caf3001b2996
1522 e9d6ec8b33b31479
1523 f741898dbe69a42b
1524 e678ed68f6f45cb2
1525 0a3ca744572df761
1526 04d45b196069d923
1527 4d98c101b89a9e1f
1528 fc00106fa72a5b0a
1529 bcf5b6d4aadcaae9
1530 08b5f0323fe9904c
1531 80ca83c2bbd32a88
1532 48a2de7ca686b258
1533 6c5bb2b4fe423134
1534 76a9dca747508161
1535 b593c21dd4994de2
1536 ab2d1d149cd4c032
1537 24fdda30db96fc15
1538 84cd249930528264
1539 0e291e3267caa01a
1540 2248e774c7504edb
1541 4b63bf737ca3e88c
1542 df3b0b5d45d9571d
1543 80f142aa921efaa5
1544 1d58df13da1c686a
1545 08d7d850d7e1f953
1546 73cb82a92bc99244
1547 0879fa34abb65af9
1548 28f7be63d4379852
1549 2873b21d8e115997
1550 67d6dc98282d25f8
1551 425c2f9ac297469d
1552 947c85ed4907abac
1553 0ebfb6e2808e2a57
1554 efb6f26948697afe
1555 f50b13f6f141453d
1556 ada967e34d488fbe
1557 588df3422ff392b7
1558 a6a96213b9c4664e
1559 8730a233a2e60355
1560 69955458e895a9ac
1561 0f391afc105f1e72
1562 f5b907d540e03d90
1563 c78358fc05a3e171
1564 2d56a43216a5e076
1565 2d40b98c8b30717f
1566 32775d99187a8ae4
1567 415cd260edbcfbc5
1568 6615866a8be25de7
1569 54fa1d0d4a9011c9
1570 082000b32c1a0ddc
1571 1c7fd182c03d64be
1572 3948ec449838efcd
1573 e5f60d13a2a2fb48
1574 91e2d738bc513a79
1575 1da85232da5b1e53
1576 9b2851cd16a09082
1577 22de31354ccb9907
1578 44fb0915756065e1
1579 92ccece1650fbb76
1580 1d436e493a415143
1581 fd21065a3cf68952
1582 10e449986fa3831b
1583 7ffc6b332864ab64
1584 1231d920b1c014b6
1585 ed5ea2dcaf6ef85e
1586 bd0264e089d3f320
1587 fe860397b8ab0633
1588 82543f4044283ada
1589 723f068d2ac15b1f
1590 cf7a90d291874e50
1591 48633df21d668be5
1592 3f817b121963995c
1593 6f0ce3491ec8baef
1594 82a430cc91745954
1595 3120b93a8cb75d46
1596 df253a8c639a45b2
1597 11510d802e791822
1598 2063721165415923
1599 e3a3052740a78d48
1600 281888f5e11c5e01
1601 76e5974e67dfd7e6
1602 930f53f51eb71e7c
1603 ece64d41b9c4d609
1604 606eda4f3abe9a67
1605 675755a9956b514c
1606 7281c18dd5ddc798
1607 5d2cf479d28723fc
1608 355bfaee896e1d11
1609 df8813b705d3bef6
1610 b62045a99c358702
1611 9da82f3467e6d568
1612 a1e227758c7be62e
1613 2ca12a3a754e74f1
1614 c6700ef94f9b1064
1615 08b1e22bf0b8d2a4
1616 5ffc50f85f234f24
1617 ba345e99f88864c0
1618 fb7bcd4a735bf024
1619 56d58fbbc47376e7
1620 4c134b46c7d212e6
1621 c2dd329da0cc2b08
1622 35cb78eafc02edb6
1623 8ec67c4034550ca5
1624 c84050364d4cc588
1625 a3beea55a371cea0
1626 d2e3c144d39988c8
1627 da2adeb2e4419b32
1628 53499960925067a5
1629 116171562bc706bb
1630 00ea67dfa300750e
1631 ae2ea7fa8cd14b2c
1632 7329570319850c4f
1633 6edf7f5478c40227
1634 d594f8464f08f9bb
1635 a432dccb6cf3b94b
1636 78f9061559c7e0c5
1637 9905f597857448e8
1638 44c1c27f5ab510b3
1639 dd45b473d9659b36
1640 a8aa2a0a0acca819
1641 5608be9b312dba0e
1642 29c8fa2cb7fe87d4
1643 48ed3eda1394ce23
1644 6d3d291dcd935b6a
1645 4830accaa0465112
1646 12fbaec971a25940
1647 a08f60891d07479c
1648 64ebd345b048b2d7
1649 d7bf5ac6765d5984
1650 f9e49fe6ce9ea691
1651 6724ef8849421336
1652 049bf0c8eefa168a
1653 6407be97b2713877
1654 d06de0e5babc24e8
1655 3d5ef11924b28e79
1656 fd91b55da81968a6
1657 54c3d8426750379d
1658 6931707c70d9baff
1659 a79ead9c0c2a5f6c
1660 8c338db902faea35
1661 618b2199d3dbbb0a
1662 546eac655fd2ca07
1663 eadca7e6a7b3f29d
1664 d590758fd33b9c92
1665 f26ae80912ecba9b
1666 e91a396e5cc25830
1667 fef51a6d22cc44cb
1668 572d89f90fb4ac1a
1669 24bd31746b2dd4bf
1670 8d272f8d42334948
1671 f758683b109920a3
1672 66b95ec2aee85fe8
1673 d36c6210dcf709ce
1674 4286b6a57f7838cb
1675 3f31184113c5077b
1676 98bb6ba29f15a96b
1677 d3e933e91cb40de7
1678 5732a82fcddcfb3e
1679 867c93af2a4af945
1680 d4575cc1c05f08dc
1681 3286182d4900f3e2
1682 a46ac2355b74c1c0
1683 6f9061580d9f07b5
1684 0f7802fd6c8f7adc
1685 1ba0103dee1f5a6f
1686 5bc522fec398dfe3
1687 3a066d20767ec8e6
1688 735c87b947e51755
1689 d8b421d20d92a0ae
1690 307c3c5c29bc8b63
1691 5fc8d960102acda1
1692 b1ff31254c193bc7
1693 3824dfbb0e63dcfc
1694 efdf2ac1f55a5ec3
1695 09ebf1ea0113c410
1696 30e39ba047479313
1697 0deb2515ad2e70cc
1698 1514d5a59f68a98e
1699 0b48808832efb24b
1700 5db849daa7185f5a
1701 3c66b26b4c67023d
1702 43ffb41fa1c568b6
1703 0d68ec26e4dcc56f
1704 b6e09f434f3cdc73
1705 6220237e314abc56
1706 7e74a34da59235b9
1707 9b3841307def4e2d
1708 c8d43be68d80ab01
1709 e8740ec8479ecce4
1710 ded873bc67ba1111
1711 3356f42c87a428e0
1712 ba5549c748226b62
1713 e76d42c1d25313fd
1714 0c60528a93b907ec
1715 da3eac769b20f2c1
1716 21920444e3db6c11
1717 ab174ebde2380453
1718 19294c06b86c9a7c
1719 7f9ac97f9ca7d756
1720 68208f462d5a7718
1721 da37901c5b40d193
1722 3d60de48988d0e5e
1723 427b2f0c87ed988a
1724 e3b411c68804f84c
1725 078fed1ad5eeda39
1726 0977d03d38326382
1727 da9341250b6ee169
1728 b7a4008f86a98906
1729 d6ab3989fad58919
1730 047edcd6081c7bec
1731 745c4cead71deb2e
1732 ed03419adbaf300c
1733 f9d7feab7b39af1d
1734 7ea55722a00e5bf8
1735 29b4cf3dec16634d
1736 71975d8f2c192a39
1737 5e22396887d878ad
1738 c330a4fe7618e978
1739 332659fb49ec7d65
1740 69155edde1032dc9
1741 12276ab7b6ed6678
1742 58e2249029212b11
1743 53129611ecbe2d4f
1744 94e63faddf0d0a88
1745 b2fffe29dab03205
1746 8ed990bac3f36fbe
1747 9aeb5e47e6b8fffc
1748 9d301ebf0f9b1197
1749 49334217b481f664
1750 7f39614b8daaa895
1751 24ab909724757d8c
1752 a84d084f6525a9e2
1753 279c5e4d5fe07653
1754 ee86aa93a49e21ea
1755 ac7f2349eb96db53
1756 5b09f6e121c553c4
1757 34a2add9de4a47d7
1758 6b025ae17d61f574
1759 3b262e8e03494e9a
1760 6240c5eb7bb08a01
1761 4dae728dd67ba693
1762 b61fe0f75e3987bd
1763 26207448814cbb9c
1764 fea2b5c643d32120
1765 499f30263db3bc95
1766 5e5b262a7b47f0a5
1767 c184482aba1970b1
1768 4283ad2bbd346de5
1769 8f32f082c9b09018
1770 1457f5058c9fafb5
1771 7df3095a75ac2e59
1772 5ad83216ca0565de
1773 8712b4e296cd7ff5
1774 69494ea212a16f50
1775 eed5e32609d909d5
1776 ca79cf9d25aa80e9
1777 a5265925f06fd774
1778 f2c54c263388e64d
1779 264431b14b6b3446
1780 8f8c74b57b1d859b
1781 3cd7c69c26c938da
1782 78b08618a62514b7
1783 f0f8b8feb620e0b7
1784 06dfa21daad0ab8e
1785 e8420f7e93b653d5
1786 9d4b4dfa208d338d
1787 b80d956f4e72dd75
1788 4c321c386943b101
1789 bca93f11bb275641
1790 6929ee4c92006390
1791 5651c376fbb585aa
1792 5634da4e91144e68
1793 b0bac3368dc4d029
1794 0495180dec3a3880
1795 d5e727ce2ed4e3d7
1796 d5312de471756354
1797 cbb2b08f139c49df
1798 1efa850036f466d6
1799 059380a1aab6b78d
1800 c92de0607cae10b6
1801 05a63842c6bd111d
1802 7d5a9a45f676865d
1803 400cc0686f1dde25
1804 f9a1219f26209518
1805 91f215aa97cc0f90
1806 e6d43b4365b7d494
1807 667f0eb050cd475e
1808 beaff14cdd43be42
1809 89ee06e743bef381
1810 92b4bdae59aa0df0
1811 500b35a86626b869
1812 f1573f1c3ff99852
1813 afb56bcaac94a603
1814 7d07f138e7821d35
1815 fb77d46ded3ca510
1816 3831533bc17d4eed
1817 7403ad239a163958
1818 6a5845ceb2b531ce
1819 d78b2b75a0994e8b
1820 03fb5c567ceb11b6
1821 d83cdd916b73ab34
1822 be7f991a8f1a881f
1823 8aab5bd1b2fae2db
1824 080c6d0ec76ea0be
1825 56a1148d7e55dc9a
1826 6a0a69a5c1b667e4
1827 aa008e2c1eaca3e0
1828 f29af779628ea544
1829 ff572a2c652b5141
1830 e7a188422c9e8509
1831 398f4688a0bd58b8
1832 7512e7db65763e70
1833 17b6b5ebd1d806d1
1834 7d4829842038ec97
1835 889a6629af9153e0
1836 4a9e7c75b9aba037
1837 3bdd8a7ef13591b1
1838 2b5381ce815d5fc6
1839 db91a6a494a2b7ce
1840 884de58c01807780
1841 5d82a6795f669c39
1842 e6caf4b170f616b3
1843 4be51838fdbbd242
1844 41d2261f0822e221
1845 05ff485adb695e01
1846 44b06265787f71c9
1847 077b380b9668f708
1848 cfef36d49e183ba2
1849 ddb78e012bfc32c1
1850 d3c4a17634c7d6fa
1851 aeb5f053da5ac4cf
1852 8d1eabde54dec14a
1853 2e127c3ea13b4978
1854 4c0648607a65c53b
1855 8bb701d1ab76451e
1856 b8c2e725c444b364
1857 8beac676d2cd7800
1858 6df52406a9e52043
1859 1feac504adb693fe
1860 c0ba39a252f3c68f
1861 d0e02041a2e8ecd6
1862 a7551bc295d9669a
1863 f56eaa0bac028042
1864 0bf31935732c3744
1865 89d5296dd2e898a4
1866 13eb8799e92840e5
1867 d61df6887c331277
1868 eb1999639cc96166
1869 894a26f6b498faed
1870 96d339c5b72d1504
1871 7fff81e835016559
1872 d40b08de73c304d4
1873 60d13706c22bcc15
1874 b107345b5b13871a
1875 7b11950f742bdb79
1876 57253afb10cdbc35
1877 6a743606e29f6bbc
1878 79f652fc3097ef8c
1879 34c289da990e7c11
1880 530da6c9c0ebf7bd
1881 2ce68f91488ef014
1882 51c2218ba7d0e2cf
1883 e07d6321cd527f25
1884 0f7a63eb9064cf58
1885 7cfce3ee7ca6836d
1886 bc539435e6c8e5ac
1887 30e92fcb4f258876
1888 d446b4ec37e78142
1889 9f3de4bd81ae7d71
1890 e294fc75061fd050
1891 9dc7cfcebcb1bc21
1892 3af922b0292d8827
1893 db5c573f9c901f8e
1894 b0c1a6cb0d50bfc7
1895 7e32c7f15d78ba0c
1896 8b2df9b32e12d850
1897 c2d2da6bfe9e33da
1898 fb5b1116d3be22d4
1899 7b1834019fb27376
1900 ffae7eda5106c740
1901 975765d0f5f28d3d
1902 370129baf65124ec
1903 8660eb07b6fddfa9
1904 fe3b661996faea31
1905 f9a49f3156d8a3a9
1906 1b504a01ecdb0ca1
1907 5e61e060183269a8
1908 d41668db572603e4
1909 11281b0c793f10a9
1910 a528a7052b3cf86f
1911 8d3486cdabc1745f
1912 471b054c3b5c6b64
1913 b2fa18e596ec1396
1914 a663735e77991b11
1915 6ec75ca37df29c3f
1916 aa0010e63e61ddb7
1917 00d2068a51749f05
1918 741ebe6710ef2595
1919 1dbb240da164172e
1920 627c346ba9a21513
1921 645079a0e067a992
1922 48c7871dfc7485b0
1923 c7e0a08308631371
1924 e97ab7c5d208ba38
1925 bb901d3ff1799990
1926 e30b56b3dd0f4176
1927 b90707e9577ab6f1
1928 be65f4c0c69c5c42
1929 9516c841879183e1
1930 bbce9bf141eb3c42
1931 6eab0ab3fb8030ff
1932 e1fddeecd09ba332
1933 18dc26b1ab458107
1934 9fa9a97d53fac67d
1935 a06c6085abfd909a
1936 e69ac8d6bbde8b0a
1937 4ffd3a24ed1b07f6
1938 0e37707101de01e0
1939 59be0fc6a0e60139
1940 b5b0ab6a0a092512
1941 ccbd080fa7330601
1942 55cb815183aa82e2
1943 c8b741ad3b7e2f4a
1944 798413f8d590328a
1945 5908e6e40dfa6ee7
1946 5a5d699711017df6
1947 2f33fbf7e6c54394
1948 31d750cbaeac37fc
1949 4621dc8f5ac45a6b
1950 90d2e9db30d8e65a
1951 31d4b5c212f791fb
1952 3fb6e46b67ef321a
1953 de00c89be83e1ae5
1954 aad0ae0c1d6ac6cb
1955 d77efc273bb1f3a5
1956 08914fe01005ef69
1957 8bb2ae39c249508e
1958 a4fa44eab9873e6a
1959 bab75bdb1cf46ddf
1960 70eb0c420d160587
1961 ffaa4c8c45578eb1
1962 bac25fb99734da0e
1963 5c10533fe9d36e07
1964 c0e8e0d2f133976e
1965 96192739d8a7e01d
1966 5a888dc59f9f1374
1967 676aebf7fdb97259
1968 2ea8f80da2ce88d9
1969 6fdf75a318a069f3
1970 bf2733f690d9d7b8
1971 2962d5098ed14cf7
1972 8d99189bbdce6acd
1973 869304baba14c4d5
1974 40216f236523100b
1975 a7043dbe812b031f
1976 ddeedb6a034ff2d1
1977 6be380004f74776e
1978 bc684c6aaa5c7ce8
1979 6aff7ce66b865fba
1980 47ab98fdcfa16d1e
1981 bcd3f7988c1059e1
1982 b1c282b1ad89f6b1
1983 0e633001db691b51
1984 3bf2751109748dd3
1985 7d259fd1a57c5e2d
1986 d36d774f2fa795f6
1987 800199e97fde3d6c
1988 a621a8b034eec927
1989 f15190502f5addc5
1990 18ab38939a10b90d
1991 f6f4f323b2db8d67
1992 a01d807ca42f8592
1993 04efa2ff9b19127d
1994 f7ca0c92a00daf70
1995 e10ef24b0ceab54c
1996 c9a981de26020fae
1997 e03efeef6bd991b6
1998 6910943077fa4952
1999 d90f4a2a7ced5048
2000 639de69d180cb328
2001 13b39fd9298a6ee7
2002 d6f216067526ef1c
2003 abb515d5122b4e7e
2004 f486e8993409e0ac
2005 84a1f5a0188e0c58
2006 994ccf247f79d5ca
2007 111034b1a9591e45
2008 cb64dd564470a3a0
2009 cbb45a61f66ad478
2010 b5084a906e5a01c2
2011 60aa5759f4e8bc84
2012 c624d9ef99e5b4bf
2013 d3d5aa70a1cc2d2f
2014 31a2ecddb41affc4
2015 ffef06c7405a535a
2016 091a83623c424ead
2017 685035cff0b64707
2018 640cf654801fcdd5
2019 c0ea227898d87387
2020 a7d0f97ea63f548c
2021 6c03d1383e570411
2022 b175e0600b48da1a
2023 2588815e1cba25ea
2024 bcd666e3f81c0c90
2025 e2bcbcb5d47a800a
2026 44ffd10c229b9252
2027 56cdce978a065376
2028 c5a71751c467e9a3
2029 2c6b9cca0146c118
2030 0f57578b07d48bd3
2031 0e91cc08e56039a0
2032 41e9e2b82dde765c
2033 3d430f6b867c4405
2034 a61e57477b47e3aa
2035 de8e0a3923216134
2036 9271c2922aaabbbe
2037 fbd3b0fa346d7294
2038 989c61d34f148182
2039 0e310a7da90df78c
2040 56349c5e15fee57c
2041 be5d127a466b52aa
2042 c28710ce6b135746
2043 aa5b492d9c83ae11
2044 4473e521ead8bbf4
2045 f68ba7d61ec4343c
2046 ad407f20b14f2431
2047 a2147e39ff95c46e
2048 7e3c168a048987be
2049 76efcbb045af3cdd
2050 660a69dc9c4bb76e
2051 d6657dcbcd5cf880
2052 461bc5d1386b06c5
2053 088f2e471007b036
2054 207e864755f6a1fc
2055 d00e72a27aa4313b
2056 1c03cc31c79ae226
2057 2f9d0ec59683e9a7
2058 dbc71edb1520c72b
2059 07faff932e023889
2060 c69d783e89d0f817
2061 5a0df9ff45f0e92c
2062 468ee7772596342e
2063 f1b198d1105eff7f
2064 f51a367108cc812a
2065 428d8ff83de41b5d
2066 f0c815d8ba0bd0a3
2067 180f2c77c570616b
2068 ca22616e292aa4c8
2069 7d51bbb5e362c9e1
2070 8f0b7972d1ef1339
2071 24389c476d4f1b36
2072 a691dc8612c5e91a
2073 aba835c33f9f47c4
2074 02d9474873d6b023
2075 fff1d38262ae518b
2076 3c8573875668452d
2077 1af56ac401ae9bc9
2078 27a31b0e616c3f8f
2079 63d0885db5aabc66
2080 e285d67b9672d308
2081 40c6f0f37898aa1a
2082 d687be4b673c2d7c
2083 3619dac118121691
2084 9ac4ce35f37b5b4d
2085 4a24596476f76c37
2086 2ba7eaa8954eac6f
2087 e63bfb0ab3282d1c
2088 f5dc2570345a3edb
2089 a82a3c861261d937
2090 d8d9445d285a9ebf
2091 b77c1e6176ecd72d
2092 d3e55d12af5a1113
2093 c2fc3feb7d0bd62e
2094 a41ce7d195ebbea1
2095 1de5d030041a83f9
2096 34416c08b8b1837d
2097 5df808b61a3a72af
2098 89cf9855666c159e
2099 f30f61879cf2d63d
2100 62b7db9da552b375
2101 e55b82c891d50b2a
2102 f90ad38cbe339489
2103 2e1aabf2e69cc9ce
2104 0d3e144d1885b9cb
2105 43b22f422a679e27
2106 697aa7ed32e15204
2107 a14d44d3ff82c010
2108 7d398237542e606b
2109 7873f71264b66a41
2110 92a19271028c3d71
2111 63da2a789a31decd
2112 a91375600554391a
2113 36094e3a838ff0f3
2114 1ee768058dcea4e2
2115 b024bf11f3da5633
2116 cfdd5224568bd34c
2117 5185e39f056aeb90
2118 163a38c00495c4e4
2119 0a933d71db85f6f9
2120 a0edeba3cd0a9e2e
2121 b574f64c71e43f70
2122 55c9d299959a195d
2123 5f08404645022288
2124 8a28e3168ae03af0
2125 45cadd368836ba12
2126 0ef53432fbe6f490
2127 f492ed27706b7213
2128 78f55f216adbb39b
2129 bf96070851a12a49
2130 74457f62f107cf0e
2131 e19fad9ffa6b0fbb
2132 2b3b29189bff6dc8
2133 e01b42de1f06e9ed
2134 3d0f8142b9071992
2135 2923490a644f247f
2136 1b9c670a6e3be4fc
2137 1916cc02bdde8b5e
2138 7a945c0d7ae1ddd4
2139 20ef3c2b00cde903
2140 de5009a8b8b08548
2141 59b66c0a36b86e1d
2142 3aad39c0c7cc4b92
2143 f78093c946f5c1cf
2144 71d1c7f728711494
2145 55f90e63ee3d8ad9
2146 2af333b8af31e76e
2147 8cdd8846ed4c195b
2148 a050543362e2c5b0
2149 29b5514c4ff1c8b5
2150 efd9b9979b0ebdda
2151 638e05ad78e006c7
2152 f133c1bdcf67525c
2153 db9a177fcedf8f51
2154 9463d1f8941dac96
2155 e7f853fbbd7a48d3
2156 ebac6d4c300f8d58
2157 0efdcba1ec68dced
2158 244be9bfab1b2d62
2159 e10e400c80315a7f
2160 7fe046a8fb10ce24
2161 f4988c530cb17949
2162 364a3b6b8ff018fe
2163 251b06a56bb2a96b
2164 61ebfabaa6d16c40
2165 86daca9fb64a3985
2166 c5deaa50f2a7db6a
2167 9101488cf7e0a877
2168 2ebf753dd8d19d6c
2169 69bd59ae443cc481
2170 142a2d0b9c430b26
2171 55df61cce40907a3
2172 fa6f814384049768
2173 440fefc90357fd3d
2174 e470b6fb91ef7732
2175 719bed918e7527ef
2176 48c49adb78120db4
2177 2618890fa272b8b9
2178 43f61712c423938e
2179 473c5833fd21d97b
2180 c0969ee10e0f8450
2181 31a36c15de780bd5
2182 a7ac3b20762b05fa
2183 6f56de812c4a4d27
2184 9263dcda030cfc7c
2185 0f9ac66ceeeb70f1
2186 e4148d015847ecb6
2187 882094017e1cb473
2188 e6e1ac815353aaf8
2189 0efe54b2a610018d
2190 b125e5d5d73f8182
2191 3582b5b1aff2601f
2192 1a34ea825e50e044
2193 37ca290274905ea9
2194 924796d7da2db61e
2195 d113a5de3d11388b
2196 ee6e9dc3481a1560
2197 86d9e5e2a6215625
2198 5993b53f2804e18a
2199 5c4a888f27adb4d7
2200 d71c4d17ef3eff0c
2201 5a4da9134efddb21
2202 093b15216ee73b46
2203 775ff7c7a472ee43
2204 7d1cfa04e406b588
2205 375ed754f0477fdd
2206 3a75acd48eb85052
2207 4eb1f0010e7ba98f
2208 eefec5e77ef67bd4
2209 3a11832deb88f619
2210 a4cb9005c55cc0ae
2211 bd01ae4e8d78009b
2212 926424f2fe6a5bf0
2213 8c709c4d5e463e75
2214 4850a448429d6b9a
2215 0359ae0166a5d387
2216 c7cfd6fd856c9c9c
2217 f130ac8e2f45fb11
2218 5fb4e28a7a4ddad6
2219 31a57eac8af9e113
2220 3dd4c10723cb2a98
2221 f475912229624fad
2222 0dbe53db577f4722
2223 f4bf72d12c31453f
2224 728e0860126d7564
2225 d972b2496b367d89
2226 541dacda0537533e
2227 251aacbda37168ab
2228 f1404e098830e080
2229 b0e57679150e6f45
2230 709e582ad7dbe72a
2231 75d381832309da37
2232 391ef93e4e970aac
2233 e948c98b99d4b241
2234 38919297bb33a466
2235 acbd25781b7682e3
2236 1becb038514b76a8
2237 56989f11aa454dfd
2238 4bb59d1b3d4f2df2
2239 3841ee852fd88daf
2240 88e110e532a696f4
2241 57a7852dee1e87f9
2242 a787fe17df63dace
2243 0f79fa5bbafda4bb
2244 3c5568761ef7d990
2245 447ab8d153f51d95
2246 8adf46cafe1590ba
2247 54482115f7c35be7
2248 32375af64b1847bc
2249 630cc23d77b99db1
2250 7481a7af009cfbf6
2251 81a432a8a94091b3
2252 48fec1c60efac338
2253 61b63ebcbdd97b4d
2254 7219232f13390142
2255 8efb7727cf1cfddf
2256 3a548de4e8d38884
2257 280bbdeb352382e9
2258 d328348ba4b95b5e
2259 14cd68c7fa67a1cb
2260 ce59c122191472a0
2261 c2a94bbc1a76e3e5
2262 c81bdf3a5074b34a
2263 82b03ed7081bf097
2264 ea9e1ed703d3724c
2265 90dd5498fbbd2e0c
2266 ed1993931ba1f1bf
2267 2edf2e6f83aa1a83
2268 368e1730408d9701
2269 08447e807826cf44
2270 dc6e9bea2ac452b3
2271 a75ebc75ad88ca0e
2272 e57335116218ad4d
2273 b84fecb36ccf58a0
2274 a08c6795c551ce5f
2275 4dfa634c2050042a
2276 51f0fd872874e4d9
2277 3712a39736852c57
2278 ba5a9443055bf408
2279 51fb24d6978e26c5
2280 b469f774e8ad9a16
2281 e58f13e57ae32e6b
2282 90c11560d046021d
2283 5925b97838fe042c
2284 acac148fdc752c39
2285 6f1bc29e08d025b0
2286 01075750b838d9a9
2287 c3cab8ee8d97b90b
2288 2d5e147bc07fc8ed
2289 cb8762e3ee14dba7
2290 3f0c3c500fbc9c37
2291 bd54c40403b75188
2292 db6e6f2a9cee077c
2293 e166712f0f79d812
2294 1564ed1e34c7a0ce
2295 cf42dcc706146a59
2296 c5850a2dad70bce2
2297 dd651a0993f7dbd6
2298 50290e2a16882289
2299 21110c84c1e73cd5
2300 8a684e33de2d59c9
2301 d9909d020d5b397e
2302 801a4c0bcc17ec6c
2303 2d19a1f0c285b97f
2304 7c0cef18a726b524
2305 f261a07e62b292e1
2306 4bc9b0aa8b6a2da0
2307 b7e9829c60d552bd
2308 48ebb1b99254648c
2309 4bd832fc106cf848
2310 48cd8a0be7350fb8
2311 6567c64eec4b8b69
2312 a6af5e7dde564211
2313 f5a8ea8a72deb2c0
2314 4e26f482cad24017
2315 5c7df03553f5aa62
2316 62d71fb316c55be5
2317 90b88e204eb37df2
2318 0cf2a737e0321e72
2319 d1235bbcd29e2f13
2320 5dc599aa037bec62
2321 0c5052e63c91f916
2322 97dda34481b683f5
2323 f121f2ed0f33fce5
2324 337fec749067b167
2325 a9050d3670e4d3e6
2326 623300c9b23b705b
2327 2e1b67b3ab43bd84
2328 b0c971e9c55d6ccb
2329 a941242b8707cc5f
2330 9f23a3fafac53452
2331 c7c1238e580707c3
2332 2c992102060203df
2333 4ef5c0c1d577bf59
2334 815ab294740f673a
2335 5d442d5ffbef865d
2336 229d2f40adc42910
2337 9a28dcecedf24671
2338 b81e199447fb6f8f
2339 3f407393e9d46cea
2340 2060ff4d433c0785
2341 e50a7c13924564a6
2342 c9954e256f8715cb
2343 9217f5f62d94242a
2344 4ee701cef8ef1de8
2345 361e7a99ab3d3811
2346 bd689a0b146c120a
2347 b1237dbc8d4f1e5e
2348 045144b987c628b0
2349 115b32d7468c3f01
2350 f70ba7dc14f22106
2351 fe0f654066213dbc
2352 607664b7344c299b
2353 9fec1b87f64d656e
2354 7dc2a469a4ffa9c1
2355 4f2a3eaf80cce128
2356 77e7db6786ccb63c
2357 7887f7dc18d22fd1
2358 adac1829adc8802a
2359 ed48feb6b391bcb6
2360 078dfde6d9944d09
2361 da68b596ec16e9aa
2362 d6f9f18b5d5309f2
2363 837726f80e2d7c36
2364 658d7b4ac080f2ee
2365 c8abcd1963d1ba20
2366 721d9528627bbeab
2367 74c85ddcf28ba985
2368 f556c2b856df2a7b
2369 366c8da0aeb30a39
2370 5df97cd2c73821d8
2371 a9defc6376efcf91
2372 9d0ae69119b60ed9
2373 5ce719e635860c4a
2374 a9090433bc5a2e11
2375 8e75e8772d67a436
2376 552416d5ae2120c0
2377 fc8b52f71f10d00f
2378 8a7b3988d1378586
2379 3150ce9dc61f9b67
2380 fe2975fabb39f2d8
2381 e00aad942d8f3d53
2382 0d007a07b8eae05c
2383 ddac0b113b90d516
2384 89890c2c5d0837c7
2385 5127e2ca8eb7e14b
2386 57a7fb73ed53cab9
2387 39cb99b66960bab2
2388 b7daac8b17c325dc
2389 5310f6f43270d5a7
2390 2b5221d593db86f2
2391 3c8c16b680aeb8b3
2392 0ce75f0c8644aa70
2393 ece3e55f2c97b018
2394 f62897980db5539a
2395 ec6bb800e84a0c47
2396 b837b38f361a7e13
2397 467d37c254c16492
2398 c3c86ad32647ad6b
2399 ccd867f4517d43f5
2400 f06c5a7f6c10db48
2401 2d2d0c148dce6f56
2402 73a32da2a0a733c0
2403 2b3df0bdd362ca7e
2404 4540b45999ded027
2405 4dbc3864c61b81d8
2406 5868d627200cf069
2407 c274f10f13249b4a
2408 e8b2ab961ac023b7
2409 0a08e59bb29c995e
2410 1eb13c9a34728b98
2411 cf95cf1e1945b28d
2412 0321e4f142f1e48a
2413 a708df4e7c85bfee
2414 3731364aa3d4ff70
2415 078386e9591e5cda
2416 8f46bba86796ca8d
2417 d7416bdfbf6b9c73
2418 0c328ef979a75329
2419 3413fa051379f456
2420 69ca44570750126f
2421 d63ba1e40647d6a4
2422 2b14c34e4fb99d63
2423 e5b96e3ce8bd0a05
2424 6a56ad5f0393e5ba
2425 6967f879bacf54aa
2426 157d95faddf5ad30
2427 738f7ca7bcceaa10
2428 48c4b48c6d5f1f1d
2429 02ac77980827b398
2430 5ee2e5efcdafa61c
2431 98a4f04eb187a1a2
2432 cc0501c0908561d6
2433 176bc431876c2ac1
2434 f65c192a53b6b117
2435 03076265b6383c30
2436 6a6d585dea56505b
2437 ded1e27eac08c8d9
2438 60881e75402dfd3c
2439 8c38be3a2235f5e2
2440 c638473f98dca056
2441 6076652dd4236bb2
2442 9a0715698e2cb642
2443 5f4f4e893361dd19
2444 5aabb60cbe0507d8
2445 923446593ae656b8
2446 0c60bd268f3831e6
2447 3f49f1f1b9f7d080
2448 364aa24bd8f1b8a3
2449 f8cf59250af18345
2450 927bb67a8bf6bf76
2451 2bfd3165630fd470
2452 b3ff43c58e0258fa
2453 940ba5f7525d96e8
2454 9c04d11c1225f541
2455 c9df68639b85c1ba
2456 35c66a0cab26af09
2457 1a5fb6eb02bde11b
2458 9bc4660ae75a4d65
2459 09fd279f6cb7814d
2460 b6b8ecff34a6d979
2461 e88057eb69341e8f
2462 cca9017a5a992ee1
2463 d9efe05952545ed5
2464 9c705997758638c1
2465 d733a44ac1083399
2466 4a3b1db786afe46b
2467 48fe45927966f1f6
2468 7cf6bd62af98d6b0
2469 09ee80bb4d124f2e
2470 a7fa19eaac888051
2471 4289b78f8dec17eb
2472 6ca0651afde612ce
2473 efeb96c95ba78dfb
2474 5c19398176330564
2475 33a57c409bdd4886
2476 ad7776b375d272ff
2477 621ccaf357edf41f
2478 c2aa1755ff5387e5
2479 6bb1ca9bf34f2ded
2480 9b4f2bba6db39729
2481 b1128fb7906b2f31
2482 7d755ee4a73fd6a9
2483 228abfb2a4e279cf
2484 998c7eb404ea7982
2485 3d91808ed90dee37
2486 e29dae0949630d09
2487 7aad6de0532c605f
2488 157f752421069666
2489 f98f7b6bd82d041f
2490 858f991b71093c24
2491 cf6272839f3b0e6b
2492 42dc47be26dd802c
2493 608826d0ccb20453
2494 04baab696f3607f4
2495 33f42793cf35f7e0
2496 3ccc77cd281d522e
2497 b17c29e47a7ed15a
2498 97e10216b94899c0
2499 fb7b89bdcb0159a0
2500 8fdd80a4cf5b1188
2501 dafed815449fba21
2502 469b0cd1032158c8
2503 c82015a1dc50f7ab
2504 9069b0e4987e9a5c
2505 8d3d52e896e2e53e
2506 beb3c5c1ca2973e0
2507 1e8751b8389de2bf
2508 0d55a92a8bc4f7aa
2509 89bef517134ac632
2510 58dddc66d7be2abc
2511 b08595fe7319e163
2512 3eecce963ddbdd2c
2513 cb6b44a5c0ee58f0
2514 d0518bf44d286dc4
2515 3b03743cf07cbd92
2516 81106015283799f2
2517 d946a79b117d38f5
2518 8845e38cdde06b04
2519 9f62067e2ea86ea3
2520 5b3e9c32675c65af
2521 15a95de8606b2b5c
2522 bf22cb44a5708c71
2523 75fceea4b509c034
2524 c12aa603a158973b
2525 552e42809d892924
2526 058f78ff98c84e45
2527 e80a36f85ca4180c
2528 4b34ee09b1a302b9
2529 b0e2d05080279070
2530 48a80df6edf7ffb8
2531 f8008fcf9f908171
2532 48e4fae911c2e267
2533 b6961d8e579bb0ce
2534 e2cb187fcb1f7519
2535 c82b386b2304e5f1
2536 9ff28eaa47b8ba9f
2537 7b4cd92cfa0d71b2
2538 61bc5ef5fd51d107
2539 222bd35667251227
2540 b1cc03669cd635c5
2541 760a2a1e7d163dc3
2542 cbafe5b20a174dfe
2543 62306aea0c390a6c
2544 eaafbdb10388b35d
2545 4caf7e66b539d78b
2546 539b3138790ea6f3
2547 e12a0babe9951cbf
2548 811b6e79b1fe6e4e
2549 3ee44a21006b9c43
2550 b99a5430b1bddb17
2551 abc76127eed77534
2552 e907100226041014
2553 64aa20bc6c169bd4
2554 17a8d68684335ad2
2555 81fa7df5a170a048
2556 a0ed96b99388f435
2557 0a263280f66334d5
2558 d7088600a1ea0f05
2559 8b296009f08b0b7b
2560 7430db8d08d75f3c
2561 42aee87f63216ee9
2562 987caab84cbdb27e
2563 1a8df673104d5ccc
2564 2eb95239b0417a5d
2565 c9d31aa7b920c596
2566 936c7ee13b69ff6f
2567 475f0b358bff33dd
2568 3ca7cd9472c55af0
2569 52578b5884cb42a9
2570 2e20f6380dd601fa
2571 d1ff9025e626ae83
2572 fb3f95e70cb429fc
2573 b4c15bb3ef9150df
2574 2091f056a3b755e6
2575 88e4a6305a33f6cb
2576 fe87a0db09160fc2
2577 7a71f17f880b732a
2578 c85d25738e0c46f0
2579 0e5ddd46bddec83c
2580 ad4107bc941924d4
2581 58d131f5a998b720
2582 209b93266b2b7682
2583 4ae670c5243992e3
2584 3fec8936a01667af
2585 e881635f0f5f6122
2586 6f1bad33238980b4
2587 122667699d6261c2
2588 d0a96e841bab6475
2589 491170d52eeac5ca
2590 7d4aacfd853206b1
2591 e0bd40ea118813aa
2592 9de5cd6811306c7e
2593 ca2da6c25886d3d5
2594 bdb35368c98736d0
2595 8012051362b4eaad
2596 674a7ed67f718369
2597 aa80f5a0ab3a4ae2
2598 886524896cec915e
2599 087f95b9c4b3fe97
2600 c0a68da633b2abf6
2601 eb65b4a622d078e2
2602 7c88e35995016d90
2603 55658ca17afc39fe
2604 e62167e7745713bf
2605 1d5f0d3f6aa6fffd
2606 65dc7d98b2807959
2607 914fc6e3fe70ca10
2608 ce46ae231e8d33cf
2609 544e18bdb9d15b83
2610 de607572857f614d
2611 ca953ade66457276
2612 b129be1036958e37
2613 5f6dabda20f9c258
2614 df9f5b24c11a6b9b
2615 3527fbd64c25f052
2616 0d1e4d729b99336b
2617 e24f04b69f9e8d45
2618 8168561d382858b2
2619 d3518e17d2bfdd6c
2620 93b101599ba6186e
2621 ed55a1fc9e1f84af
2622 ca5d9f62fe13a274
2623 e92d663ed7cd74c5
2624 c4b8f6cb12726e3c
2625 602c6e8fd909c70a
2626 b1283144502ec589
2627 8a0878c66a39fa23
2628 d7292a99271d4db7
2629 f4be0b54cb9a48fb
2630 6ce0184a5c0b3e23
2631 96ddbf95448b7d65
2632 96cc9889352c431a
2633 00b42236f53d3125
2634 b36fac5e759beacc
2635 e7014052021bfa42
2636 19d66c95257aa0fc
2637 027205b707510357
2638 b09ae57f5b93dc23
2639 c64520ad6d949fe0
2640 d1e29919780269b8
2641 19cd58e9ace95441
2642 c755ed2ee0be4f62
2643 ea9eb39cd88a7ca5
2644 c476655302e25af9
2645 eeba7c738615fc02
2646 1d0cdf6dfe84b3de
2647 6b76d06631a4a3bb
2648 215547615986bb42
2649 db2113830109e8ea
2650 fa13253ec04b0234
2651 b1cef59057f781de
2652 b7aa3576fca20da7
2653 8957f9ff7ed499a3
2654 a03c31d374e5cbc5
2655 456e597a8138e15e
2656 766d8bc9e6417dab
2657 66133ce0a68ed175
2658 6b3261d137ae8fb6
2659 bcfdea0165745d17
2660 16138c9be8b59d89
2661 e28d58959cdfcae5
2662 fc144940892a5539
2663 a21975b151765b4c
2664 4a2bfffda7de6eee
2665 b1ed416e7807fbbe
2666 3d0155d6d4c2b5ba
2667 867a04e0456df806
2668 a3d6b6d579faf1b0
2669 237cacafa74b6f15
2670 4f3d66b436a0a1b0
2671 eb801c10c27c0fe9
2672 2d6208dc14c11088
2673 9d02ab748d90ea6d
2674 61aabe9e9ac5df2a
2675 617e541854dc2a3d
2676 0ed87eb797b78e15
2677 634605d2c751a980
2678 6af425442f754dd1
2679 5555133fc1fcf7b6
2680 6f21f51846a9658e
2681 01df912bb30a38a6
2682 ccbbbac514f21fd7
2683 c69fd250e1cdce34
2684 9a8edc4c17834d00
2685 60d7f9fb78304fcc
2686 8a99aa92b214f323
2687 d9a391846e90ec41
2688 df3cd1b49cb3a78b
2689 ecfe01bb68f86241
2690 71d23dd2f8420c67
2691 e067e62182909bbe
2692 ddb225408ca79ad1
2693 4acf75bc7a461aa1
2694 4e5c514b13807e80
2695 4810f4e6002aeb46
2696 a6081c5f8d59a97f
2697 a0413ea82afd079b
2698 aedf9b8e2073d198
2699 033ffdac8b8dddbb
2700 b5bf4c101b755e8b
2701 0d7cf6b18444bd0e
2702 30aae7c3e417c4fc
2703 f7cdcd266e719516
2704 760901453bea8890
2705 ff203a411eaf1190
2706 5319009344094dba
2707 d6f1da5b7bc70f8a
2708 9ec378a040ad4a4c
2709 90bc2047918ddb27
2710 08da0aca834d3be4
2711 c70514ff8b8156ed
2712 4f4e8ef1c26a3d8b
2713 f787f0b52fb2cc1e
2714 f3b9cd096466c813
2715 ab7bd0450fa82622
2716 cb51402387e22e6c
2717 0ee70eb9c743c2ef
2718 b45e423d90052576
2719 c94dd4b335328a9c
2720 1afd7a090b71d212
2721 db9dd4df84189870
2722 5f11e0fd04ad1e5b
2723 ae32356b1ef89903
2724 084e4c73eb556343
2725 be6dda42c789a541
2726 f87d3f65620660f4
2727 0baeb22a72eb1b47
2728 4d6452f8811cb31f
2729 aa97be8eaa9559f5
2730 2e5327880de3a0ba
2731 7faa15bac29f6b80
2732 de7a5c6d1ed9e6f3
2733 4d6c80576392c370
2734 02e2d0897c3ab52d
2735 2b9b4e4a91e40da5
2736 54624d780c369aaa
2737 f646b4ed45a2f3ff
2738 f71ca9f909a34f5e
2739 1217714c8cb10733
2740 6eceeb2ef32a918e
2741 e2d0dc07f0baa0f8
2742 a8fba99abc1e3bf9
2743 e315c227701fa493
2744 4a7a59cff213747c
2745 03470d72902162de
2746 1dd5db7e16172fd0
2747 e7f43984c6ceea69
2748 237b1a4090fc7f1d
2749 d2ddd1faf6847775
2750 9311bab615635d6a
2751 0b376a2dffaacee4
2752 8aa8e556db043afe
2753 0592ed4d03b89e1a
2754 7f09f9218a87b925
2755 80bcfb5735a97788
2756 1ae9b8036472a9d6
2757 b1ca7d859ea066c6
2758 dd6a7c5a2b3a0432
2759 64967a63811690b2
2760 f0ba3ae4af97b9a8
2761 38edc23ac9762b5c
2762 807f0383e903c643
2763 0001c14fb1a23921
2764 fb0cc7309b64d389
2765 07167d3d3c427ac8
2766 0ef24d6bb3db3e04
2767 073534a83f51da81
2768 a038ae7c12458d4c
2769 c7e50048cfd88e15
2770 71d094d9108dd85a
2771 6d98634cc357df3c
2772 3f081cca3b35631f
2773 a6519bbdbd684882
2774 c591fa03588621fa
2775 12ec22049262844e
2776 a6f674b6ace70379
2777 00bc80dd29793107
2778 9375fd91fdf61339
2779 9769526ed00e324c
2780 4d2af0fcf589ef63
2781 a6a19cbab38dda98
2782 28b2c898f3c622b3
2783 c33674a8718b94b4
2784 4d9b23af1d1b1822
2785 591246724ef39ff5
2786 0c15942317ca21b3
2787 b754a466717b6b31
2788 cc9857731507d026
2789 293fa9077b89edda
2790 8625c3dd72f03678
2791 f5773cac5c116ba6
2792 4ab8aea04569caf1
2793 4e1f2faf8451455b
2794 0f6a6629e5948d44
2795 d2df44bba66f1a1a
2796 a2d3df578a0bfe77
2797 682718900e146a85
2798 e7d9fc7e2aad390d
2799 e8e76e86cd88b0b8
2800 b0dc150488fc6002
2801 5b0cdbd4856ed94c
2802 f396837aed5e0a7c
2803 0bfaefa9af12339b
2804 3c896978564099e8
2805 2c278dd77441a06b
2806 02565b8bc9f541c9
2807 78e7172b7cf94524
2808 84f75b465d461dd5
2809 2db744297053ac17
2810 5a30eb5b4606f51e
2811 a55e25e721167515
2812 67d7cf97a01e6bad
2813 5a01a6280ee7df96
2814 0d475206fe869257
2815 bef58df03b020d7b
2816 3f4ae4d309dae62c
2817 51af5f274d535bb6
2818 471c319a86f68499
2819 d20be89b401f0f3e
2820 66f76f883c7ee2ce
2821 8e6a6b49b9678feb
2822 391ad0c285a98cb7
2823 3bbd35baafb23e2b
2824 da3a3838f2c8f5ea
2825 60b7e69bad2a3720
2826 8d3d854eae080f75
2827 3644890e31070609
2828 86c7fd1dbbfede09
2829 d8ad2157300c6dcb
2830 8d956b88bf0bcbff
2831 6bddbf127d2c1efd
2832 6c41092118ce33e9
2833 c54f0bc2ba36cb30
2834 99120ab4c2058d08
2835 9f6dbb26d7e6371b
2836 5db1896c0d2c4180
2837 629d2427f981dd16
2838 77df56b0799a78fe
2839 fd39be4aae2d6213
2840 6fd66c4507702fc1
2841 f8c6e516c9aafecb
2842 59666422b3ae5780
2843 c80beb002fd47719
2844 9580d70ce88ac144
2845 624aa47f6e8ac99c
2846 c50b5f3fe30b171b
2847 eea4bbfb7e4c40dc
2848 35e282dc66751fc0
2849 b2d4d67daa2c6d60
2850 128bc24a119a96cb
2851 fc899c86cf6f4227
2852 6996759fecf1d8f3
2853 7737032631dec684
2854 a224cbe0ffce0c5d
2855 6d4544dbd7077a36
2856 f25cd8d95ac112f0
2857 94a8f02a35165ac7
2858 d618964aa3395b6a
2859 bfb549f3e65bac17
2860 b94e6f041373540e
2861 26ed299e3b5fbf27
2862 4d2425f75a9087fa
2863 6ad27b9763c3a344
2864 99cde1e31eec45a9
2865 44cd44db2fb8bdfd
2866 19c72c1c9f08ff57
2867 6c511029c18692b4
2868 650780b0f9d1f4fb
2869 7a8c7750bce3cd7b
2870 1042b26659f615ec
2871 115d33c0b415d247
2872 7c799f5490eff0f6
2873 a9f9480fb2f21e3c
2874 6d4f9fb5bcfaac5f
2875 2bfb40c594bbd379
2876 382b6f48dfe70145
2877 3affa413ae61c59a
2878 dbf853ca2719555d
2879 51701e02a8dc5e5f
2880 26e52fb410debf47
2881 8139c4095715c698
2882 b54562a5e78b8f61
2883 ae9c9916bc8582cd
2884 207f3c03ebecbd37
2885 27679823ae998309
2886 0cd110079e380362
2887 675cc5ab2a870b32
2888 fdacb877e3434200
2889 72172dbc1d5b5430
2890 f6212f03dde0f181
2891 4a306be9357b8cb8
2892 2e5e56cc467c0e62
2893 2952c207a3f399e4
2894 4d1bc5db04966e44
2895 e5164c3906927153
2896 1c4bdfe1851149d3
2897 11a274fcb57245e0
2898 74712e5b000467c5
2899 7dcbb09bd2aca12a
2900 6375d75cd8d43584
2901 d7f179fde023158c
2902 a79a79040bcfaee8
2903 4d1a77767b3161d6
2904 7f51d5a83fd94a0a
2905 5d7fa2000285805c
2906 489f34e2883ebf8a
2907 023a7b2de517e55a
2908 a891046d80f104f8
2909 72d0e6aaf2006c92
2910 6b8aa7e855e63bc4
2911 fefab30c22654679
2912 2c55b988d54f9a09
2913 7359b7bc295d7117
2914 b27fa690b559da99
2915 565dcc5eb4377316
2916 e594f90fa3269552
2917 74a40149443350dc
2918 0083ce49c774da35
2919 a6ba55a5e9d0a82b
2920 5c3d7e9a4a03d879
2921 63efbed2078508b2
2922 929b8ba86ae9559d
2923 2bfb79e8ad27f532
2924 3af8a93e3afd3dcb
2925 e6db798b5540bd02
2926 cfa7aacd19ae4d87
2927 bd228d8e7a798ab4
2928 9915ac1a93bc9b4a
2929 e51ed52e2e7d9065
2930 8d524bf59b1187e2
2931 3cdc23032974a975
2932 dcc82c6e914cb1a0
2933 2f9c23081e22e6b8
2934 544687ef47794677
2935 6d359a4be9adfeab
2936 5da30b031428268d
2937 3886d5033a024106
2938 cec4b8d81ce526dd
2939 5ef7e9247f01f65d
2940 d16292c34beb6610
2941 c1602a5023659c08
2942 8ab9450dcd8ec037
2943 b9da65e02608e097
2944 5aeabedb3c9c36f4
2945 5d91839bc39da76a
2946 890576444807e4f7
2947 abc181e88bee572c
2948 aeafa5385d46da83
2949 a456e636482efcf6
2950 66985c28ece7e291
2951 0be48b01db9e62be
2952 cb2e5f08064ff420
2953 dab943201c4e3022
2954 9bdd80a732e1c413
2955 33a3f1719f74d815
2956 87c375d37c0e1802
2957 4bd8d812899a3395
2958 9773d4729fd1419c
2959 aace1bf8753732f1
2960 d136323f7e65ab87
2961 173f51725366063d
2962 cfd1cf123ebe672b
2963 82f3a47a760b0622
2964 a4b3275ebce1af6f
2965 c25925f40fc8a359
2966 6aa6fd7116f6e6dd
2967 1b687b5adad742a3
2968 87ce5daae6b807b2
2969 409a4410907dd752
2970 9ce1ee48847aab69
2971 596fa041e74cc842
2972 c62c7005bf87044b
2973 060317a691ead32d
2974 2d89111b2cbfae27
2975 3d592359573385da
2976 34665af1366e38c7
2977 9c5140d1afc204d3
2978 2becf10063c66d9e
2979 97e658ceae7be078
2980 05407ac9cec9944a
2981 02a8ddcc75c93252
2982 2d7f85f76f69a598
2983 4f877053a34b4f55
2984 4e6a00be7253ebc5
2985 4b12079f33c19735
2986 7635f028f270c2a8
2987 e7896a9cc08474d1
2988 fa49a0c0a2f64132
2989 9042b0c4e3bd2934
2990 d294b24d2aa2b6e2
2991 6648ba6cfd346231
2992 ca7fba6790175404
2993 b267f78e957bd658
2994 25e82c253561eb71
2995 cb33ddf5ea8faa09
2996 2d1c8769cf13a7b2
2997 839e213455f329ff
2998 aa2ff27dca9686d6
2999 2ce98f27b368d9d1
3000 ebb0a781cff048d1
3001 5e91b1d3f3b8f203
3002 615be1d199137d3c
3003 82f25bb0d6c0beb9
3004 7f553e67012b1bae
3005 2c1168feea769a8b
3006 9056c51c744ce57d
3007 1c5d9bf892aaee15
3008 694330eeee430b73
3009 4e5a9151990de19c
3010 c4bbb3994f3df86d
3011 909d88d0c795b390
3012 b786b436a105c8e9
3013 e2365af2e58f331d
3014 dd37da3d089ae72f
3015 149a255b288f08e2
3016 5d215fafba05e35e
3017 063ebbddbede041f
3018 585c0ff32b64e0e8
3019 563bb50ddfcbbdfb
3020 61c7843a224f2eb4
3021 ab2374b26ce4caae
3022 635ead38bf508b9a
3023 3624e2709d2376ae
3024 d533b9e0b1dd770c
3025 41890293e9546270
3026 7bfadd410ef6cde8
3027 71829ed480cd900f
3028 d754304be8b3aa58
3029 0b07d24d713e545b
3030 b47dd69fe09bf632
3031 1be21b2e80fe7044
3032 5590a69ae826c652
3033 0a160708cc5174be
3034 49fa7bdfb8902261
3035 271f1d8af52ad35f
3036 e59be064336f34f2
3037 034eb727fa8b3df2
3038 7bc3ff4b3003ac30
3039 114cc0a704f1058f
3040 390ad05ca0971dfe
3041 cca914bd912b2e5a
3042 cb1ee243b4803997
3043 06a533c919e676d5
3044 804118f75c41987e
3045 0444217c02b2cc6c
3046 9fb2ceec5a90d60d
3047 eb0a0221e3e8b2e4
3048 69ad0031f4200cc6
3049 b5e9bc8f73fee1ab
3050 c9ed0e51cb8045aa
3051 b56347c844c01843
3052 d92d14b2d76e11d3
3053 21e74e377b13d032
3054 96de6254d2a976e0
3055 f5e5af0e4594b461
3056 bb61d4bb7b4f7bc4
3057 52894630aa8bdb20
3058 ede58df9fcb30729
3059 ae808e55cc6828d5
3060 e19dc004feb9e14b
3061 da168ec6d6a50021
3062 ae746d1b817f43fb
3063 4a17df393cb91134
3064 46b061e2b7f29a94
3065 c4f923d2f6d22155
3066 b1d0601deac67503
3067 648fbe42b9eac463
3068 c92cb70af94290a8
3069 f486168b1b421359
3070 8c5eade114731505
3071 81eb9024c0668ce3
3072 c94aa9d73e946120
3073 36d6a4c6ed84b506
3074 ecf4b979efd782eb
3075 36a458433257b33e
3076 8ff0b1e63e5dfff0
3077 d4ed35680f75fb78
3078 0096dae72f7bdb9c
3079 230a8382be21fc91
3080 7dad31844a245ab1
3081 1a8375356bbf5cdd
3082 a1db37d2cd3afce6
3083 13a67200ba0846aa
3084 85ae8a6f5c5d1a10
3085 ec709f7bedc415d5
3086 486b552b9135de2d
3087 4704271b82114dd1
3088 e357c24b8cbd9e72
3089 0a2e49d311ee5c04
3090 66d522efc7b0dab3
3091 cb4fa41934e0413f
3092 f9b4d7c340b34e8c
3093 87cfea9a1308e51e
3094 365bf5160d5854b1
3095 61c36ea4f9f35e37
3096 2e11d55807e7cf9f
3097 06238bbe92d9bf65
3098 9fe665485d750ed0
3099 3609b1d21ad72b4f
3100 8206752f6566c9ba
3101 33a29df342d6f580
3102 e5d8cd5de05716fe
3103 d470b4d5450a8ea0
3104 86d2393e1c3d6753
3105 eced7d24717aa34b
3106 f5e94b58c98efef9
3107 46e90f4607067ca8
3108 a10a00a204debebc
3109 8795e01bb5b24863
3110 70cf4ad09487b8ca
3111 dd2ccec9064802a3
3112 c1c0b62db5f71dd4
3113 e9ce6caffa9891a3
3114 bb4f42c0e3984aba
3115 aeba993c66d3f4d8
3116 71d27d0480aca4c6
3117 58cd25321c9cbbc9
3118 d961c5dbb9c94689
3119 f4fdbaa2c6abdaf7
3120 8702d59f267e5d7d
3121 cee1173bdb8f8c14
3122 55f932c705962f53
3123 71e9a32fa96f3333
3124 a1e0034b84992c41
3125 b4276bc595811bc9
3126 727764d6ea35c323
3127 a2c40650958770b5
3128 51814c0713fdd3ca
3129 547cf73c5b20b316
3130 1330a4bb62078e62
3131 6cb916f3045897ae
3132 7b6fa123434b232f
3133 d47d3c7a0256b5a4
3134 5491dd584fd063b0
3135 7e9ea821dcc18ff3
3136 a15c09678dc843a8
3137 e9df53f91c47d277
3138 ecd5d4b0d0301f28
3139 a2d0f7b4eb213645
3140 d542f35bfe6800b0
3141 6ea301422c2911c3
3142 61199fd0d30e842f
3143 63e2612c9fddfae2
3144 fda7251316190e7b
3145 8a36c6b9fce36bc9
3146 0756fe7af4976785
3147 ed899e1e81c02128
3148 e86dfd523ecbe3e8
3149 5f9dba07cda7b8db
3150 436b61604d772d26
3151 3e0720e65bbf77b3
3152 4b7e9b158c8c94c5
3153 aabaea87c8bca0e3
3154 fe001c3bb42e2051
3155 b04aa09bb6fbd71c
3156 3ddf71bd36f786f8
3157 6a942dce11ad4c42
3158 3e233b13350d029c
3159 4266b377b45f1260
3160 2d315074b187c6bf
3161 eb935fa1d06ae165
3162 a69717fc50fedb16
3163 ffd190e0d54d9925
3164 1556cb39af6c5dfa
3165 e3c3e255a2a81d8a
3166 9d9d36bb995abab1
3167 8258d0c61762a07e
3168 2fb83972df2d3a07
3169 48a2d7daf0175e54
3170 6e9d91fcb9c09021
3171 2b87e59de26aac54
3172 08c23cd3684bb194
3173 ec32734e7210fbee
3174 7c1fcd9cfc372c49
3175 9914f657eeeb4efa
3176 cf548dcb7f4b8441
3177 e1c192350be09864
3178 2f1d4981102c3cba
3179 3ad565b00f1a770e
3180 b461e4123f3f64e5
3181 76003a4c3cdac798
3182 0df1ed79d3c459d3
3183 8f765a5af25604e1
3184 f9c7a8b9e49a3264
3185 96f90fa64eb2541d
3186 f09aef806e5924ee
3187 b22cba51d214cc47
3188 6f695e39db9dfc86
3189 557827c2f16830ab
3190 5c6f20e0cd3b1aaa
3191 6c07fff541ab3ad2
3192 0aafe72bb3b891fc
3193 6df698e000ce582a
3194 ba79ab0d46b3e6de
3195 0dfe9c06d3521872
3196 25de2f4563c9206c
3197 ff66a1bb8e72f05e
3198 153501051a68a0b4
3199 2df48105b15f54ab
3200 d483ff461eb80877
3201 c2d317a8ac9f1a12
3202 05ad806fd0a210bc
3203 dd303b3c3d0c5c50
3204 a68ebb9d3b31a4fe
3205 2fe187ff7dfc576b
3206 98b6d24de97fa1fd
3207 07545c3cee6851cb
3208 7d7438b7fb0f7e16
3209 ce3a7f7c9bb609e6
3210 cc2166c4bc456e57
3211 ba53ea09615f08b3
3212 a5c56932a4744494
3213 94bc3be94a87efb1
3214 3c917edc97e5a483
3215 4da2c9bfafe49c66
3216 a2c785a86dd761f4
3217 9895580f95f25559
3218 73b4f45169d644a4
3219 76b465309a905e2a
3220 44b5ea697381c1cb
3221 9d90bf91d4d03dcd
3222 49f8f9bb4516bff2
3223 8d9f77a1995b8c2f
3224 cf1b6853b540b69c
3225 fcd9a40909209281
3226 c9a29c7ef9abaf46
3227 ac995becbdc10a63
3228 0b2154a406996410
3229 6c13d1a0092a14d5
3230 ade2caf6489bfa7a
3231 1ffa9a4e12cd0a37
3232 9aa89b00662f1064
3233 44bc0a7afd6c5869
3234 bd73ac6891942e0e
3235 cfb5077ccd198f6b
3236 d9fe2296ddf910f8
3237 ae19eddfed774afd
3238 59b9ee6929758362
3239 010304db697e3a9f
3240 ffd63fb68845310c
3241 90ab2b1747ac5fb1
3242 b74b6b08e8e22c76
3243 5b89cfd311471413
3244 8954be8875fe5340
3245 be1ee256537a2a05
3246 bba64901fcfec92a
3247 c78f9ca5e0396f67
3248 9d540785dab96914
3249 da7a230df0624919
3250 79a1d8e0a9767bfe
3251 8940610574a8acdb
3252 087ec4692494d4a8
3253 6b8ab6566a8e0bad
3254 5525218637fb2fd2
3255 ed60c2db1a603c0f
3256 4703d1b462c07efc
3257 ca8e9adb3883b461
3258 bdabd1c7c029dea6
3259 b41f91597839d243
3260 3954b56a20085b70
3261 907b5ebf36f2c6b5
3262 74982a5090497b5a
3263 7edb64e5232b8197
3264 704ddb908e0325c4
3265 e38bdcbc82c1e349
3266 513d5e39611c4cee
3267 2a605112e708facb
3268 e3f97a352111e4d8
3269 93ad222c8dab2d5d
3270 75d1941861f56742
3271 f5b031250f825d7f
3272 966806f2748f706c
3273 2bdec41c0e63b411
3274 6eab036b37877cd6
3275 974e53a11f4bb5f3
3276 906e0bd8e30e5fa0
3277 f1a608194d6a29e5
3278 f6f9a2d0acf95b0a
3279 3c51c992c60fd1c7
3280 c7c47ca4eb99d5f4
3281 e94fd7b04a305179
3282 255669f8e5b17cde
3283 b8272dc42c8aac3b
3284 29bef281cd1c9808
3285 629f5ea691ee408d
3286 52303f7931eb17b2
3287 22b2ba80fcf6c3ef
3288 f70795196966375c
3289 8a53dd76c22a7d41
3290 0e3105d2b40fb306
3291 576339e746a7cd23
3292 02152de3a63888d0
3293 ea0e1b95424e6a95
3294 280f29de3a4a6b3a
3295 183300da275863f7
3296 b7d3347478527724
3297 8054db21ee23a729
3298 fdde37435e0687ce
3299 e504efddcea9f92b
3300 df01e200734d48b8
3301 d7a07cbda50f00bd
3302 ebfd1edecec46822
3303 9fd0c45c8ecb195f
3304 dbe45bcdeaf413cc
3305 2fa7655ce35af171
3306 4254f5c6f9b31136
3307 bfa3f85b97a83bd3
3308 8d87f7edbd65df84
3309 8d87f7edbd65df84
3310 8d87f7edbd65df84
3311 8d87f7edbd65df84
3312 8d87f7edbd65df84
3313 8d87f7edbd65df84
3314 8d87f7edbd65df84
3315 8d87f7edbd65df84
3316 8d87f7edbd65df84
3317 8d87f7edbd65df84
3318 d30819edbd65df84
3319 8d87f7edbd65df84
3320 22a2f018e889b2ab
3321 8d87f7edbd65df84
3322 8d87f7edbd65df84
3323 e6e71cd8ffe34a11
3324 8d87f7edbd65df84
3325 8d87f7edbd65df84
3326 8d87f7edbd65df84
3327 8d87f7edbd65df84
3328 8d87f7edbd65df84
3329 8d87f7edbd65df84
3330 8d87f7edbd65df84
3331 8d87f7edbd65df84
3332 8d87f7edbd65df84
3333 8d87f7edbd65df84
3334 8d87f7edbd65df84
3335 8d87f7edbd65df84
3336 8d87f7edbd65df84
3337 8d87f7edbd65df84
3338 8d87f7edbd65df84
3339 8d87f7edbd65df84
3340 8d87f7edbd65df84
3341 8d87f7edbd65df84
3342 8d87f7edbd65df84
3343 8d87f7edbd65df84
3344 8d87f7edbd65df84
3345 8d87f7edbd65df84
3346 8d87f7edbd65df84
3347 8d87f7edbd65df84
3348 8d87f7edbd65df84
3349 8d87f7edbd65df84
3350 8d87f7edbd65df84
3351 8d87f7edbd65df84
3352 8d87f7edbd65df84
3353 8d87f7edbd65df84
3354 8d87f7edbd65df84
3355 8d87f7edbd65df84
3356 8d87f7edbd65df84
3357 8d87f7edbd65df84
3358 8d87f7edbd65df84
3359 8d87f7edbd65df84
3360 8d87f7edbd65df84
3361 8d87f7edbd65df84
3362 8d87f7edbd65df84
3363 8d87f7edbd65df84
3364 8d87f7edbd65df84
3365 8d87f7edbd65df84
3366 8d87f7edbd65df84
3367 8d87f7edbd65df84
3368 8d87f7edbd65df84
3369 8d87f7edbd65df84
3370 8d87f7edbd65df84
3371 8d87f7edbd65df84
3372 8d87f7edbd65df84
3373 8d87f7edbd65df84
3374 055b6bc78f1c9bf5
3375 98ff7df85310b5b7
3376 b9d103fd6854a325
3377 b9d103fd6854a325
3378 b9d103fd6854a325
3379 b9d103fd6854a325
3380 a699d6a975039850
3381 c9b6e1a3a9097ae9
3382 845a9fdd276db178
3383 3357e1e693789c68
3384 cbf04a401e31ea97
3385 534cb6aef38e63a8
3386 b2856264befc30b1
3387 52a5e4ca0d82fd85
3388 6e8d001be6865265
3389 8ed8b41475559674
3390 ac3838b2f0724d2d
3391 181a0a8e47cc7a46
3392 54fa3513eded7aff
3393 7059b8c4b7d2e778
3394 99840dde8c57b681
3395 9c0295787c0700fa
3396 9f1ddd872e4fb7b3
3397 9157731b16a43adc
3398 413b4053bbd83395
3399 da8c146352f7ee0e
3400 41bd093c380f62c7
3401 22aa2eae15b207e0
3402 8886cbc252a39849
3403 ebffa99e571ca962
3404 683780dbcd02201b
3405 c18c849400cc5084
3406 40f08a86d168f83d
3407 50e625f4c2904e56
3408 f698d9ff72c5050f
3409 cbb733abce745188
3410 b3baebe7cb5f1991
3411 5c567b6f76abdf0a
3412 8aa9d301828b8bc3
3413 feb15ff2752d34ec
3414 63f7f48c73a454a5
3415 422c53cd270b141e
3416 15460d34119552d7
3417 cf02eafa74e4a5f0
3418 1537b7250b581359
3419 e3a7ce4d07fac372
3420 98e0f6c109d8462b
3421 2c755d6fdc106a94
3422 8c251b2541b5dc73
3423 4f37bd7dfbb60666
3424 fd4cd582a0dad91f
3425 2c4f03f0df6d9398
3426 aecb3bc1cc7251bf
3427 10271cf8eac1d91a
3428 87ddc11ed6ce17d3
3429 63fcd510c6d512fc
3430 a9f7f748615e3edb
3431 1b730246d34c7c2e
3432 47dc3e5fd7704ce7
3433 4adecef53de07a00
3434 bb15577354a89b87
3435 4b205ee41b897d82
3436 55324bd6da024e3b
3437 ccfa15fda7ac5aa4
3438 52c8cacf8cc5cf5d
3439 21902d56c3a92676
3440 e41e9a403f011f2f
3441 173253ce62a5e3a8
3442 98c74459cce3b0b1
3443 e256b92b7805192a
3444 dc91f76671e43de3
3445 41b3202fe2c5e70c
3446 47b39f62ba219dc5
3447 517b2f97852c503e
3448 06cd7b7482d62af7
3449 2cf7361076133210
3450 5f45d99ad2db0079
3451 b3144cb9a477fd92
3452 bf06be423b97e84b
3453 b9da378658b286b4
3454 a70c5bd5696fa06d
3455 8e8a5c5da8315d86
3456 e3608fe6d5773ef0
3457 e03cc228e2e3c52d
3458 9b41c6bdf3e9611e
3459 c83b2cebd14f8b3a
3460 c179cf0afe16c3f3
3461 70cd46c6b0f97f1c
3462 2a59a6aada4571d5
3463 3d74878127ea5f47
3464 9755663a6a867ee3
3465 ab0819542c8d38bf
3466 1f1b5de966cbafeb
3467 d06be1e8c705cbb0
3468 456e3d0773931d19
3469 bac13b5c10bb4026
3470 38b8116b34a7b6df
3471 f743b12efbefa454
3472 4e6e4844e8af2df3
3473 fec17f3bf9544eda
3474 e0ae5509c944af93
3475 f4c6bba0f4f10158
3476 75a6de05d69b1b3f
3477 ab909832dce723ce
3478 ef3f629149562287
3479 0f8a5b4dcfce969c
3480 b079325cbb593e7b
3481 7dd42c376f6c1722
3482 227ab47684be51db
3483 4ea2ccb00d2dd1a0
3484 69749aba85393d27
3485 63d3de726911fe16
3486 b3b7de5845d90acf
3487 1d669dfee89c8444
3488 3fe5c7185ff47cfd
3489 2b27e6b2be1304ca
3490 23b69ae72b5b8983
3491 6a2fe4bb68fb9548
3492 f1b518fdcbaefc51
3493 4f24d248c5a697be
3494 a5cbc8554af4fc77
3495 b12b91cb0be40a8c
3496 10dffe379b6a9345
3497 74334f2558e9c712
3498 45c7dc1d72e70fcb
3499 fb5835664f5d3f90
3500 8ff0e43859d001f9
3501 917d03e7d2eca006
3502 17653edd84d1e4bf
3503 57da1c6ad2e63534
3504 a84c7c417e4b82ed
3505 940a48baf75bdeba
3506 98c002a1fc7e0373
3507 3756c811f031ec38
3508 a6688387b2b67641
3509 0e3171cb8b47eb2e
3510 97a607874fe94fe7
3511 2aff326d8ddd20fc
3512 12890cbd2e9ac2b5
3513 7e28211e2c07cc82
3514 34254abf5530313b
3515 3a1c1e70d9a28800
3516 4c7ebcdb6fc3c169
3517 616fb87c59dae176
3518 21bef085e98c2a2f
3519 87915b609459658a
3520 a1d7841b512bb65d
3521 1d8f87b64741042a
3522 85daf34848a094e3
3523 1672f16e3af9a6d6
3524 d62b1fb06df2b7b1
3525 4f72215838e2171e
3526 71fc729e480d19d7
3527 4f25fb3f2154efd2
3528 66e1c7b2f074b0a5
3529 c9efd98476c8a672
3530 3aede4a46293492b
3531 acd7b81b9913ce7e
3532 5dd931ac2b974f59
3533 9e1d198cf132f166
3534 c443ea9fb80c101f
3535 cda4f11ed7bd0594
3536 de4720e773a6f84d
3537 52ff0c1d59b5041a
3538 dbfebe361030b6d3
3539 7844f49b50665a98
3540 be115c7281b2d9a1
3541 15a891a406cc390e
3542 cbef3a10c7abc9c7
3543 86a9ebddbf17b1dc
3544 821344344459ee95
3545 f51be989bedeb062
3546 819c7f4a39236b1b
3547 3e44dfd30369f2e0
3548 cb3aed61ba996349
3549 7634270e1b1f8556
3550 fe7f9938214d130f
3551 010d5245470cbf84
3552 b56443362ae1243d
3553 5f942d5d55fb7e0a
3554 a92775159c1ab9c3
3555 c50fb02ae652b888
3556 18e77880f49d0591
3557 1ab55976dac13efe
3558 9c7fe1c5bc40aeb7
3559 020b466d0f10b5cc
3560 56e6be9e2cf3fe85
3561 75ede3991c97ce52
3562 2711837397a6c20b
3563 c2e88b9f01b8c6d0
3564 41cff44037361139
3565 0b07a4dfeb8a1946
3566 4308a2bea7a24721
3567 790ee980a9309974
3568 7949341c508d782d
3569 22af94c28d6457fa
3570 35cb35b9524b57cd
3571 f0e58c9adf838678
3572 9f027d47c2b29d81
3573 930623ab59b9a56e
3574 25b6a18aa2637b09
3575 331243486d1dd63c
3576 7a3d52c5532ae0f5
3577 ddc8d3691f8fa6c2
3578 b4bc264418238455
3579 9c4e0dadb141e140
3580 10a48c895c8ad3a9
3581 abdf687e99aa67b6
3582 242640c3939e146f
3583 e3b52da7f3a06de4
3584 d2471f180e240c9d
3585 13e6fd8c2460ee6a
3586 abbf446a37c9a523
3587 f97d987f63f8d4e8
3588 d6cac0050116e9f1
3589 5ce0c7ec1f3e035e
3590 5120280186709e17
3591 0ca37179c28c762c
3592 eb43e6b7af5ac0e5
3593 571b59c9b617e4b2
3594 d8bed4fab0219f6b
3595 e971cc8744a65b30
3596 16e82eb94065d999
3597 2b5026eb944d4ca6
3598 204baca16dca405f
3599 c31fab17875681d4
3600 f51fdcdbbcacb28d
3601 d4f874f69f8d455a
3602 62b3f9db963ded13
3603 f5f7492e4f8216d8
3604 9cfbc77a7d48b3e1
3605 4c621729e725364e
3606 2547e7c2343be207
3607 94be4ee8aa59361c
3608 160432ea26e774d5
3609 f87cbd3b74fa37a2
3610 09899bc8e22ce35b
3611 67ee097bb6cd0d20
3612 27a8955658fb4d89
3613 234e1a703d34f468
3614 9dbaca7f0a3fdc4f
3615 3f862f4576af55c4
3616 064d53290fec627d
3617 8542d191d0038f64
3618 b4351ce15a0ccd03
3619 7fb60ffe3d0e42c8
3620 16d0c8bf879f63d1
3621 4bcdbd16db5176b0
3622 62f02c63886e75f7
3623 2399f02cf67cea0c
3624 1fc7ba1ab751e8c5
3625 604560b50c448bac
3626 541c5753adfc574b
3627 68f21556e9ef1d10
3628 35d2607dc09e2779
3629 06b2eb929770dd86
3630 61403538e9cf6c3f
3631 de7aa66d50a1a9b4
3632 51519397ad81206d
3633 63a9b8bf1e9a423a
3634 e968e39c68dd8ef3
3635 4a0aef4aee1c0cb8
3636 d9a88bdf165221c1
3637 19f0fa644929c3ae
3638 5ec885b933148067
3639 5568bc6118f61362
3640 933c6fbddba28e35
3641 dfe5f427b3ef54dc
3642 a069b69b2d46f5bb
3643 ed1dcc2306b71f80
3644 f871b90b50901fe9
3645 fe3c41069c3fd9b4
3646 e5e233763af82d7b
3647 adf90f5a4172114e
3648 5e0b3238399e46be
3649 5f50aaf3be15288f
3650 cbe8488a7b80e5f0
3651 4a6dacb0f9f41203
3652 f20fb839673f84e6
3653 7b0c245e93c91200
3654 97e1e3633e17b368
3655 cb039e7a59e321ee
3656 1a6b5030dc36a6fb
3657 86208cdbe3ba16df
3658 757716b272d59941
3659 cc17b944f89f6036
3660 a43db03842868385
3661 99a15ed137cd774b
3662 c59c29114621c7a2
3663 0d89f82523c8c3d1
3664 f5e1aae34d779b90
3665 5cd879d1fa5c493f
3666 29bcbc0892f2ab16
3667 a75b77292a302fc5
3668 c1773ffac9f448d4
3669 dbb61b422151df33
3670 fd69801da634df9a
3671 9fd868fe90653b19
3672 139a3aa58cc2bca8
3673 8b63e5bc902cb1c7
3674 95ee5812d93375cc
3675 b60b0c5c1aef343e
3676 d563fdaa5928e34a
3677 8a9c05c5dbf954c8
3678 8f58fb07a346ad74
3679 fbdcf4736e651c27
3680 62acba502deb0ccb
3681 f965c5f7868117a9
3682 61297f4b96a82180
3683 1645622ef588e5fe
3684 28deeacb3f267062
3685 a866f88d72dbd9d5
3686 758d9bb1b27f6559
3687 e7422deb2923ccdf
3688 087245a1a8b06dee
3689 01d33eb8edeba124
3690 cf2fbea9384c65b8
3691 def4c8c1638d9efb
3692 d86c0171b263ef57
3693 9799be5b1a63040d
3694 4016ba8277347fe4
3695 6ac8a8387903f61a
3696 4156286878758dc6
3697 30f7cb897d154c19
3698 c57f003861e10115
3699 d16283b0121d9f93
3700 f2dd830f5df5bb52
3701 0438d1ef705973a0
3702 a2302a616d5accbc
3703 47db2b6a3dcddd0f
3704 d5386979c294a843
3705 e55915aade9820d1
3706 f31060d48a151368
3707 3a641e49fa7d05f6
3708 7eab9cb769d3748a
3709 ba021e08c987ce3d
3710 48ef4da9555f5c91
3711 e3f7489744aa7b07
3712 875397e0d3a50e36
3713 d7868af5aa1f4e7c
3714 f303aa9bffe1f9e0
3715 1ffefc87bb948c83
3716 c36a12dd8c3cb8cf
3717 8be2d050d24b5635
3718 22545a3d9f70776c
3719 91836d509734eb72
3720 8b4f43cf3b9615ce
3721 0107e6511d8c4441
3722 1dc7c4960f5fce2d
3723 f20bbefba37b2f5b
3724 f225e21616901a3a
3725 4b99317fd22d5fd8
3726 8cde54aa541cd044
3727 59820602738127f7
3728 9eaf9776d60e891b
3729 f79fbf6bdba75af9
3730 bedba2fc8a0a97d0
3731 9527c7fc90b6098e
3732 21d55e352a50c3b2
3733 03edf83763620425
3734 190aa5d118699529
3735 aa9b0bb8d01071ef
3736 330c4f16a400287e
3737 e5501694a9e6b4f4
3738 e676877d5bc97848
3739 5bb4c2dfdc8a674b
3740 8b1e7240c8ec25a7
3741 2d0d2a761a2e899d
3742 e2c8dc7dd0ad8d34
3743 a42a6673bab46f2a
3744 a6c2f6c177fd0696
3745 9b4b6adae5fbd569
3746 014def0f88efa7e5
3747 820895367bc27563
3748 5cd15ed289932622
3749 d8f59a1960359ef0
3750 94b09fca7e8800cc
3751 828f76456c44869f
3752 fbe45e325e14f613
3753 3fa1ffdbc170d0a1
3754 59bcee135f028c78
3755 0947a3aa1c5adf46
3756 de73c12e95cbb981
3757 2f753345a5c2ca66
3758 c70bc1cc2560324e
3759 c911a0d4e4c223d7
3760 7f6732d5af819786
3761 a40e42c0afc37b8c
3762 ace343fb0ff54530
3763 acd0ef8ed4cf0153
3764 a85d3c825123a55f
3765 bb5a0730edc43585
3766 05e008631f62967c
3767 0b47f935b209d842
3768 4211186315ee275e
3769 9e15191970a1d28f
3770 0a760d997228e528
3771 4a92ae0b4b51452b
3772 7e9ff1bf1c265f07
3773 de2f3bf4263f09fd
3774 b48c925e9a949b94
3775 a9dabac960f5ad8a
3776 663e859f54d621f6
3777 5faad6c39061cdc9
3778 61c2b263100652c5
3779 bac6f8100b395443
3780 ae70a00c74d6b302
3781 d7facb99697804d0
3782 c3d9b235bc009f2c
3783 9fd9fd9d516e9c7f
3784 cf4d14e9e8061df3
3785 b9d43b225d30fe01
3786 3949d9db535327d8
3787 dbf7283909986026
3788 4a982e7ca78873fa
3789 37c14fb515e1a62d
3790 915b3dcb4bee8f41
3791 b8453deeee0cdfb7
3792 eadab5f788022950
3793 d446e7538d7602b9
3794 9ee73a9d42a84190
3795 886048ae6e8609ce
3796 90d8ac77391f0772
3797 ed1e1ae2e7044fe5
3798 987b676d1ced9469
3799 dddb28894275e3af
3800 59dbd0ec90369a3e
3801 9b78eb0be051c234
3802 2880220a47720808
3803 d24f88ba4e157f0b
3804 481fd99484b192e7
3805 592c469dbd231b5d
3806 0785f8052fc62cf4
3807 a13cdbb6a452186a
3808 e58a0a4bea5d2456
3809 9e2f575fc35c8d29
3810 6d2007a507229725
3811 e5460e422b9c1123
3812 82cc2de0942d5be2
3813 6031d881220d5630
3814 62b70c1a423e5e8c
3815 c7fece638c302721
3816 340808fe27cf8f6e
3817 d2698c250e705161
3818 9530cb571f1cd9cd
3819 93023220189d3c7b
3820 5ee18e4d3eed5c5a
3821 f22c054ecc36a878
3822 d4ad77f07c30f964
3823 2c938295ec19ad97
3824 d76e92bb145725bb
3825 3232ecba0240e599
3826 f8ff51d2766a96f0
3827 e81984bec7b5b6ae
3828 fd71ad4c21604ed2
3829 5724e158f515af45
3830 77a0250dc9c00d49
3831 15831c1847d3a68f
3832 235c99f0e24b331e
3833 7704f68852c5d914
3834 47e904b76eda82e8
3835 2fec7b8f4f2598eb
3836 8d971040cac6ce47
3837 ccb09cb072ae5bbd
3838 b4426d6bde8c5302
3839 519b71da507e8687
3840 c80ca7552069ebb6
3841 47bc8bb32a82e4fc
3842 1d33070a586aa960
3843 362e7a50586c3e03
3844 659e6d7bbba07e4f
3845 7ea7ef29582e1fb5
3846 97370a2ac60258ec
3847 12257cad8f0ff0f2
3848 67b820f1a8b5314e
3849 fe6fe4392dc0e5c1
3850 42daab7d3bfe31ad
3851 e1f4c3e77dbaaedb
3852 08b4c54f129de5ba
3853 c599366d6df30758
3854 05fadb3d7f8593c4
3855 949f445211839977
3856 625717092ee95e9b
3857 85c67589fc7df679
3858 7cf6c7780936a150
3859 0b456c865346910e
3860 565e56faef53a532
3861 7dce175b5408c30b
3862 77877a04cc88239c
3863 138c32a19a35396f
3864 5a71cd9cc53d71a3
3865 41b3049562e7eb31
3866 616031d10b3a6dc8
3867 8340aa96e6b8fdd6
3868 32145e0397ecaaea
3869 769f3000214d391d
3870 2c276a1c74aa84f1
3871 ba656a103aba4767
3872 3169d33664591a16
3873 b953d2d6cc225d5c
3874 83df24be3bfec2c0
3875 ec6394c7185192e3
3876 e2de9b4da0c5572f
3877 d473a7bcbe166915
3878 797b02c98abc744c
3879 f9510639acd27c52
3880 c8927848e105b92e
3881 54661dcd9c2fb321
3882 4d1a3258a680df0d
3883 88ad6da31fbda03b
3884 fd3db8063256ee8c
3885 c715cb6fbe1ccb4d
3886 279d2096af2cb924
3887 14dbb1f9e5c84eda
3888 a0e15c68854a4906
3889 95b8191082683d59
3890 7f675c5a149d34d5
3891 fa854fdc1fb0f4d3
3892 9225d29c21055c92
3893 80100b99773dea60
3894 35c0ef64f30fccfc
3895 3598aea0b5a3374f
3896 02c689c6f67c1203
3897 fdd2b0e78c4afb11
3898 ce18086da9d765a8
3899 749331b82c7a5fb6
3900 7eaf0a6baa8a0eca
3901 49c7635c056fa47d
3902 956ba6df1b2d9851
3903 4ec42bec1c97cb47
3904 7f0efd1f6b716276
3905 d0ef9266b87f643c
3906 f9d514f72ec0f420
3907 3d8bd431608eb4c3
3908 9ef83371c8863a8f
3909 3b524b85eb22e475
3910 44471aa92ca94dac
3911 221eecea3e6fa932
3912 a26dc1862c9f080e
3913 4ddbd3717cc60a81
3914 594864c22649b3ed
3915 86808dd29b17fb9b
3916 07c4f6de24bfb87a
3917 fe39361dcb31e998
3918 3ed384fa6b61fe84
3919 3d100a8158b4f237
3920 f14a705bc01ed2db
3921 071142df3dc64939
3922 a7089aedc187b810
3923 2814e8f204e3854e
3924 6f3d82dd708dbbf2
3925 94a7ad317f113265
3926 8a77225ef55d3ee9
3927 c30e06733e4fb42f
3928 1a795edb0a279ebe
3929 09194ae0faf31ab4
3930 de4db9ecdc2afa88
3931 d65a76812c0adf8b
3932 96a0cf1b1eea0b67
3933 c917119f931141dd
3934 6b433d3ea346ad74
3935 7b0ef132731b0eea
3936 10bc6cebbe79ecd6
3937 6e302235868117a9
3938 5c529399db7131a5
3939 c5c61b121f224da3
3940 43b01c8a3f267062
3941 90c6ebf813f6c4b0
3942 a3bfa0b0d621bf0c
3943 a971b25e2923ccdf
3944 c3fa8f7e35b5e8d3
3945 b0720e265c64afe1
3946 65f6d1e9384c65b8
3947 23bb5445d45e8d06
3948 d9329c16d22d2ada
3949 0444f4491a63040d
3950 88415388c5edeb21
3951 506ea585f4509617
3952 d582fa7778758dc6
3953 0a94d8fa61a16c4c
3954 986d765cd14b2370
3955 57992717121d9f93
3956 dddd06181531541f
3957 ff53d63619a11bc5
3958 ef3938b56d5accbc
3959 d92adad21121b702
3960 557fa26852f5899e
3961 27cba1fdde9820d1
3962 55694c2526f291fd
3963 7b9d44b62ed3476b
3964 e7f4250769d3748a
3965 351b68e88605dd28
3966 b72310f2c22d51d4
3967 4197287644aa7b07
3968 f72124c121e7d92b
3969 98ebf75c75eb3809
3970 a0aced6bffe1f9e0
3971 3c7f6c6e38ab6b5e
3972 69e321dd02b13742
3973 b951d884d24b5635
3974 a214f21bcc8e49b9
3975 705623acfba15abf
3976 ae9d4f573b9615ce
3977 f9e5aa725df94304
3978 4097a075052f7e18
3979 fb345786a37b2f5b
3980 8f1955a239b042b7
3981 c389985e85f2206d
3982 66f2957c541cd044
3983 0af6b44a279a94fa
3984 a37f77d83eaf1b26
3985 f1fdf282dba75af9
3986 1da3530c120ccaf5
3987 5b16bb46c2429af3
3988 390170182a50c3b2
3989 b3c8b43fa9f03c00
3990 68dd90701ead1a1c
3991 e8879a9337c891f1
3992 467850c1a400287e
3993 374157a4cda761b1
3994 073cb96faa7ee35d
3995 37c8e509dc8a674b
3996 7477846ef590f36a
3997 17f1a8b868ae8908
3998 2a1788f0d0ad8d34
3999 f1ba4cfb1c157fe7
4000 cb7f6be696001e0b
4001 426510eae5fbd569
4002 cf7c1a5c3cf08340
4003 1208e7b7543d0f3e
4004 5da76ca789932622
4005 3e78da93944a1795
4006 1c656f651c2f1099
4007 72a1380cb0ba7a9f
4008 4664fb95f998d9ae
4009 feae8371d06a1264
4010 379e5848dc9e1f78
4011 214ce519ad702ebb
4012 f2acbec2ef216897
4013 6e85e90c31be71cd
4014 433fc0d17c1dfb52
4015 666e75d5f12923d7
4016 0725c9f0af819786
4017 bb9193a449ad568c
4018 c885abdd0ff54530
4019 17dc2cb8d4cf0153
4020 7b2018b85123a55f
4021 3cc92122edc43585
4022 c57355f01f62967c
4023 7a352f8ab209d842
4024 73da95d315ee275e
4025 2af0eab1818a6491
4026 f1b9d4bebf10793d
4027 19df91414b51452b
4028 3c65557b0f12024a
4029 c7684b3aa6d2f868
4030 0367dd339a949b94
4031 bdfedb7a809c9cc7
4032 7b6d9acc993d666b
4033 3e4ba5cf9061cdc9
4034 f085dd5b3b668ba0
4035 6bdf80b4af2ae69e
4036 673ca0d774d6b302
4037 c62ea6488b8b92db
4038 36e66932bc009f2c
4039 6c365f16516e9c7f
4040 76159e40ee9b5ef3
4041 0ab74dfe5d30fe01
4042 843bbc56535327d8
4043 66f1453009986026
4044 231e9feaa78873fa
4045 88b2ffb215e1a62d
4046 4f9402b94bee8f41
4047 051fb4c4ee0cdfb7
4048 8ce786c1ea0e7ce6
4049 d82c24bf8823706c
4050 9a12ad3a42a84190
4051 b0f4fde6db49d6b3
4052 25d09b80b3c451bf
4053 dd8809d8e7044fe5
4054 098d6161f41c23dc
4055 2d607ca0dec3b722
4056 bbfc3ece90369a3e
4057 2811932a04ae7b71
4058 a1bed6b86eeec89d
4059 bc9564df4e157f0b
4060 b96118cf05c1139c
4061 dc351b28bd231b5d
4062 dfd6a89b2fc62cf4
4063 d95249111806676a
4064 a461e3cbea5d2456
4065 294e7544c35c8d29
4066 50f36ff107229725
4067 2c1eb7692b9c1123
4068 bfff93b6942d5be2
4069 8f604bb3220d5630
4070 3855e4be423e5e8c
4071 32817a058182365f
4072 3ebd6c63665d5053
4073 5b02cbdb0e705161
4074 601cccbd78f81d38
4075 f34242fd5d4fb886
4076 643be45d3eed5c5a
4077 b5a9a009e8006d8d
4078 42eaff20d49c4ca1
4079 5230d7f0ec19ad97
4080 b99168b8554f5546
4081 b9f14b90dd19a5cc
4082 69b817d9766a96f0
4083 25d83ab4e8a8774d
4084 588d8fac21604ed2
4085 ae7e2492f515af45
4086 87c7d466d7026249
4087 baa57abd47d3a68f
4088 b8a89deae24b331e
4089 fcc9e4f652c5d914
4090 0b715c1f6eda82e8
4091 a54ffb074f2598eb
4092 5f9fc96ccac6ce47
4093 ff3b185072ae5bbd
4094 9aa9f1adefacd554
4095 d69f1fa9860517ca
4096 02f9ea3e2069ebb6
4097 19e0d3412887f789
4098 dcc9bfc80afa1905
4099 96858ddb586c3e03
4100 0ffe9b5f92d420c2
4101 53bbb1f8ac20a110
4102 f68cc78ac60258ec
4103 2929aa20c87fcc3f
4104 79dd6b82ee06e433
4105 d0be818c2dc0e5c1
4106 45943bf9b3216d8e
4107 db4322a17dbaaedb
4108 fc0eae9e129de5ba
4109 03a9353f7cbbba58
4110 5a0094817f8593c4
4111 ee33cff311839977
4112 fdf9d06f2ee95e9b
4113 8b0fd8c3fc7df679
4114 db84c6a10936a150
4115 b8bb23e25346910e
4116 d183d5d0ef53a532
4117 d53dab20f53ab9a5
4118 52458a959c8a22a9
4119 601f073c9a35396f
4120 019df74a65c5a1fe
4121 938796bf6868ea74
4122 da92fec10b3a6dc8
4123 691581062300e8cb
4124 6a6d386dda309f27
4125 7f2005ce214d391d
4126 0025d95f515952b4
4127 22f4a895da448aaa
4128 4a84a1b464591a16
4129 5d112babfd281da7
4130 2a03e48b3bfec2c0
4131 c4441f5f185192e3
4132 3c57c73856d6a82f
4133 4352bddebe166915
4134 7c6a9a6f8abc744c
4135 f66cabadacd27c52
4136 2d5d8b74e105b92e
4137 e498b6cb9c2fb321
4138 daa88ddfa680df0d
4139 af128e3e1fbda03b
4140 2fb3ae16c961b21a
4141 92686aba1307eab8
4142 cb8ec610af2cb924
4143 f0491b18bb79fb57
4144 20b3f503ca0f75fb
4145 dbde80af82683d59
4146 e2a0dd9efe711cb0
4147 3c4c8159dc2be6ee
4148 f13f5ffb21055c92
4149 264d53b257bcf205
4150 84dd1db4adfbce89
4151 04fd3330b5a3374f
4152 1d39f21da50fab68
4153 31bf5ffa8c4afb11
4154 eaaa914fa9d765a8
4155 d2e409bd2c7a5fb6
4156 192cf748aa8a0eca
4157 779acb24056fa47d
4158 bec444111b2d9851
4159 e0538f351c97cb47
4160 68d768b76b716276
4161 ae92d371b87f643c
4162 98b877b42ec0f420
4163 f7e94632608eb4c3
4164 7085fa8fc8863a8f
4165 65db6521eb22e475
4166 3e1e12c72ca94dac
4167 e3c60d8f3e6fa932
4168 9d78845d2c9f080e
4169 7d2c85ed7cc60a81
4170 7f08d73a2649b3ed
4171 037cd35a9b17fb9b
4172 41aaa77c24bfb87a
4173 562e01ebcb31e998
4174 c836569b6b61fe84
4175 fbc5af6b58b4f237
4176 9e14f2d4c01ed2db
4177 a8038d473dc64939
4178 df1db19bc187b810
4179 660b493b04e3854e
4180 61b6fc54708dbbf2
4181 7bb128727f113265
4182 edf9cd21f55d3ee9
4183 cac4de6e3e4fb42f
4184 156b93950a279ebe
4185 6b830c03faf31ab4
4186 34e73419dc2afa88
4187 a08613822c0adf8b
4188 d26fea6a1eea0b67
4189 9692c64a931141dd
4190 dd59095ba346ad74
4191 9ac61276731b0eea
4192 1c368489be79ecd6
4193 be4ff7c6868117a9
4194 f459cc55db7131a5
4195 984681eb1f224da3
4196 6df50b8a3f267062
4197 8b98ef3313f6c4b0
4198 92921c00d621bf0c
4199 3ff7a0432923ccdf
4200 b7cd6d7f35b5e8d3
4201 a019f38b5c64afe1
4202 8c6da752384c65b8
4203 07722a2fd45e8d06
4204 32d6d49cd22d2ada
4205 b1357c681a63040d
4206 dcf48578c5edeb21
4207 a5d86318f4509617
4208 dde1793c78758dc6
4209 0c2273c261a16c4c
4210 737da60ed14b2370
4211 15662d31121d9f93
4212 d69657f31531541f
4213 f0dc41a319a11bc5
4214 9618fc8b6d5accbc
4215 a534a1231121b702
4216 1a0bf48552f5899e
4217 34ed8f19de9820d1
4218 d6dcd635930c71fd
4219 60c26bde2ed3476b
4220 e02d49b869d3748a
4221 9ea06b0239b1bd28
4222 de2b83a5c22d51d4
4223 fa0af91744aa7b07
4224 c5b6fe03793a392b
4225 13c356ed75eb3809
4226 ae2debebffe1f9e0
4227 88eec7710196cb5e
4228 f7711df002b13742
4229 20df63b2d24b5635
4230 a77287ead1214ab9
4231 2f49ff0cfba15abf
4232 e14394ec3b9615ce
4233 5d1ff36698318e04
4234 6058cd8f052f7e18
4235 847e478aa37b2f5b
4236 f89c9efde1c473b7
4237 ffc8c55685f2206d
4238 d654f2eb541cd044
4239 c306006304b847fa
4240 0d428ae33eaf1b26
4241 a6dd2b25dba75af9
4242 a495b60c120ccaf5
4243 e6283a6bc2429af3
4244 b5e2e8062a50c3b2
4245 30718898a9f03c00
4246 54b169191ead1a1c
4247 8acb65f1d01071ef
4248 b21bc6f134893c23
4249 0310c0cecda761b1
4250 b912fb525bc97848
4251 6b5c63816e80a156
4252 1a856e1cf590f36a
4253 a4e514e41a2e899d
4254 977c7a961a998271
4255 3251142e1c157fe7
4256 0a59b9c377fd0696
4257 d2a031be34a0f4dc
4258 62e687613cf08340
4259 22323964e964fddd
4260 d0cafac189932622
4261 3a86fa93944a1795
4262 8fc310010b0e8d99
4263 343c580cb0ba7a9f
4264 e4135795f998d9ae
4265 30689371d06a1264
4266 06ff9048dc9e1f78
4267 3d731519ad702ebb
4268 fe5a6ec2ef216897
4269 6e25890c31be71cd
4270 5c7de21d77fc3ba4
4271 b9fce8c99dff595a
4272 d81a92b5af819786
4273 67f2bae24a54edd9
4274 2cd9ab0a9e696c55
4275 b03306ecd4cf0153
4276 54927a9588225512
4277 11369f1a14a07ee0
4278 e68e5a1f1f62967c
4279 0b2de7f2232154cf
4280 eae27610890f4783
4281 1215ce77818a6491
4282 d5038609b387cb1e
4283 22ecfe624b51452b
4284 bea3eead0f12024a
4285 7f21da9e9fd9ab68
4286 d0bc409a9a949b94
4287 6c6be66c809c9cc7
4288 5544571f993d666b
4289 a0cf30879061cdc9
4290 28a455e53b668ba0
4291 50327e46af2ae69e
4292 dca5195374d6b302
4293 01a92898331afbf5
4294 b424a3ab7f4215f9
4295 c10b7a48516e9c7f
4296 5819b6e92bb3358e
4297 c5308af4092a7944
4298 edbf68d1535327d8
4299 2ad6b413dfd2751b
4300 2fe98559f2cad6f7
4301 ff0a26e215e1a62d
4302 ee5864c5fe9c6604
4303 ef73193fee1f4b3a
4304 1f7d755dea0e7ce6
4305 8cccff651d74b577
4306 2eb33dcc72e79390
4307 551f489327ae5c4f
4308 39d9dc4471a0509c
4309 b2f30edff2d6562e
4310 66e2fe4f2b691b52
4311 ca0972f2e262fdac
4312 e3180156a5195b40
4313 8eeefbcb2315963a
4314 cc81e46ab5da7a46
4315 12cb5da673d274c8
4316 377f9a1337fc1a04
4317 890de35d988cd386
4318 716994f415a4a4fa
4319 68b37aef646c0544
4320 11f3f5076112d988
4321 fabe1e6d5681eb92
4322 11d1a4d411d74f29
4323 d020b6e7b7b2a1b3
4324 c29ef79a9e03c3df
4325 1f23a7cc34ef19e7
4326 f1fe4adc0ef31870
4327 09ac17e8dea1b61d
4328 67b5924483767646
4329 e251c8857e11643c
4330 99fcd078d711134d
4331 3ac4a9a37d33dc4a
4332 246dc8913021e4d2
4333 929921c6d06cbda2
4334 284d916f020552d2
4335 2745b33160866b4a
4336 f70227b712f1716a
4337 14d5203052bcabea
4338 3628203c3c7e409a
4339 5e779336b0f26dc2
4340 a8142510d9d19456
4341 28398b5f90772539
4342 0b540f9412a4f09b
4343 ba03801790215ed1
4344 834b164ec5bf265e
4345 037a900d9735f6f9
4346 3c182e68cde9ef39
4347 3d283d83b2ca1311
4348 ad3d8520feef5cd1
4349 60d140db5ea7da23
4350 a00c05f3b7c1bf89
4351 f80fce2fa9195b31
4352 b42d025a1e5fff94
4353 d853b1476124b86c
4354 af1cb4f8109c1d2a
4355 1c38593a732872a4
4356 a53a8ef0bea26ac2
4357 cb9e4b816c5b37ba
4358 ab5926f897f6d822
4359 1d11f1c746e98452
4360 1eea4793426b52ca
4361 a943bbc1f98e14b2
4362 89d0956145684b7a
4363 feb628c6c87b7b8a
4364 b8856e0aa2769286
4365 b357f6be9a607023
4366 fb5dbc47911b06ce
4367 a63db5680aec293e
4368 cb387c96582a1206
4369 a0750d6cde288ee6
4370 4fad298fa0193b0e
4371 a6d0efb818c8dcbe
4372 5ef6db573e85a996
4373 07097b118c0e1b46
4374 1d62c725dd13f7ee
4375 df3104a11f7e67de
4376 e0a1815f86f62992
4377 3d4ee3447eec65b1
4378 10645f5c188b2402
4379 6f79c41600944d12
4380 6508341ed85a1cba
4381 d58c3d6ea78987c2
4382 73c2b17978b6958a
4383 954415676ba4cbba
4384 6467261cbee450f2
4385 e4bccdfc7d6bd2fa
4386 7ea7e5d2fae9f222
4387 05b8089f706cc852
4388 5635bbaf5101677e
4389 209f96e29fd98eb0
4390 e8442ef1d366d6c6
4391 30255a11542b3376
4392 c824fd540596ce5e
4393 c7b4adda89a559ee
4394 2f676519e7d05ab6
4395 dd5206b51dfe5a06
4396 128c70734e50debe
4397 47495761d8f1c08e
4398 147e4ef3ba922556
4399 5bccc070bd053e06
4400 3d870a52a04baa8a
4401 89f7875ff3db5e9c
4402 b68d0b4f8103fa7a
4403 893da8b9afdbdd2a
4404 7bf741d7dc958872
4405 d05db0e0d4d1508a
4406 3be16f5211aaf572
4407 ba896fb61d7cee9c
4408 6b5f903b8f53f65a
4409 fc378a65f6a1c642
4410 74e1dbfeebdbe54a
4411 125a27a7fd0c2c1a
4412 5f089cbe7852a5b6
4413 0d09f990f82c137d
4414 587f51bc5db3415e
4415 dfe94b3ce1e6d98e
4416 469f967294868ed6
4417 a1c62a4cad5573b6
4418 b02754dd7479f81e
4419 f74c77ab0414530e
4420 3cf268e0fba8ec86
END 4420
