1 b9d103fd6854a325
2 b9d103fd6854a325
3 b9d103fd6854a325
4 b9d103fd6854a325
5 b9d103fd6854a325
6 b9d103fd6854a325
7 b9d103fd6854a325
8 b9d103fd6854a325
9 b9d103fd6854a325
10 b9d103fd6854a325
11 b9d103fd6854a325
12 b9d103fd6854a325
13 b9d103fd6854a325
14 bf3ffd926854a325
15 b9d103fd6854a325
16 b9d103fd6854a325
17 252c8f5e6854a325
18 b9d103fd6854a325
19 b9d103fd6854a325
20 b9d103fd6854a325
21 b9d103fd6854a325
22 b9d103fd6854a325
23 b9d103fd6854a325
24 b9d103fd6854a325
25 b9d103fd6854a325
26 b9d103fd6854a325
27 b9d103fd6854a325
28 b9d103fd6854a325
29 b9d103fd6854a325
30 b9d103fd6854a325
31 b9d103fd6854a325
32 b9d103fd6854a325
33 b9d103fd6854a325
34 b9d103fd6854a325
35 b9d103fd6854a325
36 b9d103fd6854a325
37 b9d103fd6854a325
38 b9d103fd6854a325
39 b9d103fd6854a325
40 b9d103fd6854a325
41 b9d103fd6854a325
42 b9d103fd6854a325
43 b9d103fd6854a325
44 b9d103fd6854a325
45 b9d103fd6854a325
46 b9d103fd6854a325
47 b9d103fd6854a325
48 b9d103fd6854a325
49 b9d103fd6854a325
50 b9d103fd6854a325
51 b9d103fd6854a325
52 b9d103fd6854a325
53 b9d103fd6854a325
54 b9d103fd6854a325
55 b9d103fd6854a325
56 b9d103fd6854a325
57 b9d103fd6854a325
58 b9d103fd6854a325
59 b9d103fd6854a325
60 b9d103fd6854a325
61 b9d103fd6854a325
62 b9d103fd6854a325
63 b9d103fd6854a325
64 b9d103fd6854a325
65 b9d103fd6854a325
66 b9d103fd6854a325
67 b9d103fd6854a325
68 b9d103fd6854a325
69 b9d103fd6854a325
70 b9d103fd6854a325
71 b9d103fd6854a325
72 b9d103fd6854a325
73 638981f5a8e59349
74 b2ebf1ca0e7bac83
75 7a3a349315f8b09d
76 e21a3cd5bf96b178
77 467065255b96b178
78 e21a3cd5bf96b178
79 467065255b96b178
80 d1e532a45f96b178
81 4511ecb032633278
82 024b069f839cb051
83 2457dcf8a7f318e0
84 896e1bea750f8c40
85 f1637416db970248
86 0a10230cc834adc7
87 60cad38323358198
88 e99c56b5364845d3
89 60b4c5d9ca667ead
90 95c59834150422c3
91 afba3a3ea48ebe0a
92 f9b04d303c8a4591
93 73d6daf14730f888
94 cd7fbc855395e40f
95 9ede8ef3d3afc556
96 d8400e9153cf643d
97 9f6ddfba1dcdff84
98 712178d15362d70b
99 c7197f33baa70e52
100 3e6c8b9730155139
101 4e47e0492f1c06d0
102 f0ae729225d3c7b7
103 57f5ee9aef177efe
104 932285a88e223e85
105 cbc02f876a18f5cc
106 33e3a4cee3d0b6b3
107 3cc280b67adf97fa
108 df112a374628dd81
109 11df079f2b6ccf78
110 3e82c088950abdff
111 c4670fe1d1265946
112 d1822bcc0150b82d
113 689b79b514543e74
114 91af67a8e630713b
115 0d834087eca50c82
116 fe3eca2bec600169
117 4edf7ff3c7164200
118 b5215ed8683e8fe7
119 c7a441dd06ca2b2e
120 67018c75696b02b5
121 f9955c886598dafc
122 a678ad4a439dd4e3
123 dacf38908668442a
124 3c19ef0ea232f7b1
125 4d232f5baa59d84a
126 533a09e24d2f6a2f
127 be2c04de9e892176
128 03d8777f978df65d
129 89b49c82d587bb96
130 33ee98b70fe4892b
131 37e2cda94287e672
132 7805e36204008f59
133 5dfeb7c69902ce92
134 e118a173485d59d7
135 983e38a410c6571e
136 caf0ee197ce5f0a5
137 0cb4b7f6bf62ed3e
138 23f5182fd229f6d3
139 c3d3bf45bf56441a
140 0dfc32c5261819a1
141 b03af3ac5f619a98
142 0d058dac462b501f
143 54bdd2005cff3166
144 af0e260cef21384d
145 42d0097a55034594
146 8bcb439a52a8235b
147 dcea549fab5334a2
148 b530bab5edc98d89
149 9bca16bb7c764d20
150 8193a49dc4782207
151 5553ec564680534e
152 6a373f5be92ab4d5
153 8876541377c4761c
154 ae6f1e9c11760d03
155 917fbf4a3ba4c24a
156 cddb7a3dbc8b70d1
157 16190aeb994582c8
158 be0d12a89e101c4f
159 3dce0dccb8a5f596
160 ca2dbeafcd826f7d
161 873c7288dddc95c4
162 8abf4a32bcb1974b
163 c79e90328ba89892
164 5b01b63ca8920c79
165 7095f25ee5bc5d10
166 efb6b20b7090b5f7
167 355f6fd76f2f973e
168 6c624b44c58645c5
169 87107b7562ac2a0c
170 53dba4568122cef3
171 ea914ca54c3f823a
172 c69d2ad77889fcd3
173 1f7f1d7c1af04cb8
174 ae012ff593aeac3f
175 f5cb96c46ccf1d86
176 9a53cb0a53bc561f
177 200cdb2c3e50e9b4
178 e119c5780ec6cf7b
179 0f5a0cd48537e6c2
180 b9e62d580036711b
181 694941a08e6d2140
182 133cf19d7604ce27
183 01f815f5c1bee56e
184 1bfbc6426c74cfc7
185 6ff693ccefb5163c
186 55404765d946e523
187 fb0e2140d1d72e6a
188 bce418720b2529f1
189 5e820f5926b914e8
190 50e555c4bbe2546f
191 e09848617b89a7b6
192 aa1def973a7e4c9d
193 5856e2f177bfade4
194 12ddc2ac8588df6b
195 258f3bdc972f24b2
196 1f8c9e47fa101999
197 58eef5cbfb049b30
198 2917efb3fd02de17
199 e7b653fc821e435e
200 87c9d7105e4f00e5
201 31fec5c080d5b62c
202 0d935438edf22d13
203 cd391637f9eeff5a
204 600317084056f3e1
205 80e036cbc44c56d8
206 9ce314a41587805f
207 6634f561d90506a6
208 096364d56febf28d
209 1c6664cc2eb7c1d4
210 9afa821eb82fa79b
211 ced38ae571a729e2
212 7ccd4d6e414cc5c9
213 fa1fe0b3268bd360
214 c758f3407139a647
215 bf736782793afc8e
216 729ac55b6eb90b15
217 6586619a5fdea25c
218 ce32aa4f26f04543
219 d1e937520fbc4768
220 728cf5970f43b811
221 f3e4ce4d9f87c108
222 da879965cd7d2c8f
223 d2b0ad15cae5a264
224 cc9269f2d06aaabd
225 f2d31332cfdc8604
226 854ea545fc6b1f8b
227 c60653c8cc1dd1b0
228 4fbd65949d3ac5b9
229 3cc863712c614750
230 ba4119e9b1597037
231 f7212cb6563202ac
232 dda0ba5ee6a4b305
233 46ff41fd8065604c
234 7c62ff226934b933
235 7eed68d7d0a10c7a
236 bed348b5dff45001
237 757fd2f08f0a7ef8
238 7d0edba32110327f
239 f2c05ec623bca1c6
240 287db0ecc12038ad
241 6774fd1563f43ff4
242 b238d5c2434135bb
243 cb85f30dedfec502
244 7e743d766bbe5fe9
245 5d97e75aff4f5f80
246 6fe864f517c55467
247 5466638ca8f203ae
248 9a5e6d72893d9d35
249 4e0f905ea4a9487c
250 38a03b09b7d2be63
251 793a8a3e6993b8aa
252 7a24bfe3f4c51431
253 7032be2c973e9928
254 cee13d3af6385baf
255 025c867738c8b9f6
256 309115c024d8e4dd
257 5705539425d53824
258 1c82768f134db4ab
259 62d41aafc32aaaf2
260 decb69877a226fd9
261 baddb7c6a4cc1f70
262 aab39b2e0fcae557
263 6c4e301735b76b9e
264 64fff4c0d536fb25
265 f2058c170f84126c
266 6c0b6cbec0ad4eb0
267 1f33bf69eb6126b4
268 62094962f943f1ff
269 1832262f4ad14c2a
270 664c8d444a740c5d
271 64f2d1296b407ba4
272 612ea766cd63f02f
273 a6d9dff58949f776
274 c3e697b37e962d79
275 a786a82b69d40310
276 26bacf0672f1ad4b
277 a5c2d3f9a7448e92
278 03224dfc5f97aec5
279 764247e9040dd00c
280 a160bdf2692d8bf7
281 d8bc66aac8cfad3e
282 595cf707bb2d07c1
283 d1390e1ecf2e12b8
284 7f0a228841a794f3
285 739b74fa8e16cd3a
286 deceec088a50e66d
287 8290b832364a8fb4
288 a6749740ec26823f
289 8ee65ca62db15886
290 645fa78b93695389
291 500302a9ba722320
292 a2a44cb37b86395b
293 a691aebade821ba2
294 2c561dbaf3065ad5
295 311441b6ac70fc1c
296 0712b97553c53807
297 eef3b4ec9a4c1a4e
298 2fd64c74758a49d1
299 1a3aa5b7ad4e78c8
300 772651a83b8252d3
301 c5c7b0f00972c189
302 9c34e420aa6582bc
303 6482742740d55607
304 365b5029a6aa7fee
305 76b56c29cf8f58d5
306 77fefdb4c181a1c8
307 65d5112a8e68f663
308 599a7a79a1833d31
309 d7794fb402a8b721
310 e3c6ec9caca80daf
311 36d145ccc3dd5517
312 2af478b82e1eb3dd
313 41af50a53bfbf5d6
314 65304e1f2737fcbb
315 0e0744d88163d802
316 a7dc0a1a47fbdee9
317 988dc10dfd9bcee2
318 1fb89dd1ab69fb67
319 699daae9c2331aae
320 37ce38cd34ff7c35
321 1ecdc0b3181c7d8e
322 1bf7087a478a1453
323 19805794529faa9a
324 825eb81988ed5721
325 7ecd2a394b543e7a
326 a0940984e5aecf9f
327 0c0414414f5c51f4
328 77fe2d26a9b427cd
329 41a258f2cedeb3c6
330 93681cd4a0ded6ab
331 366420c79fbf5950
332 d04bc3bef80d4ed9
333 ae680e422fab84f1
334 450ac74cac272757
335 a5d6afea52fb624c
336 4e6f138e3a343a25
337 4adcb20409eaf16c
338 3e54918c54cf3bf1
339 86400c14fb56994a
340 225537a90bfdae50
341 36faaae3bd7d79c8
342 225a9d42ea299e9d
343 e2cbde250fbe0c96
344 75f70d90c5f6666f
345 4387e6d848c058c4
346 bc8b172b866f65a9
347 659231726e0513a2
348 88769147a9abe17b
349 e4badbf3ddad8c20
350 eff9f23991558cc6
351 4386812d6095324e
352 ef8c09de9808e027
353 1fc797ca12e9a91c
354 20fa479580c3fdf3
355 0ad6d0c7a4fe68d8
356 6e5eaa63f64e20c1
357 c2113efb9bc8b0b8
358 e2a4e38b956beb3f
359 1e4e1d1e27c713d4
360 2aa0eaaf0efa3f6d
361 ff27bf9aa1864db4
362 d846f2dce2ad664b
363 1a5f1736ad5eed30
364 d388e9efbe4a7e79
365 b26f34c6d73e76b2
366 36f4c071aa1c64f7
367 72f577e8ccc6238f
368 58d38968c5fdf7c5
369 0f84de307b4a555e
370 c8374e0bc3edfc23
371 7805b0575ef8aeab
372 09a30c10f8a6ccf1
373 5fc8f5abc092d44a
374 16ff2af756bf236f
375 67502a12451f9eb6
376 86ba7841a3c94e4f
377 b0792226947b30e4
378 b0525b161ff00e7b
379 e61945bf89995f20
380 1ef3d3b67e5896a9
381 a707083ac81a3840
382 46784329f5d1c6d5
383 d06abedc3f24c46e
384 d3bad440aa74a3f5
385 21b3da34a1e5154e
386 b1e831f0e23bb013
387 35352fdb8435715a
388 ed453b1e4e5c20f3
389 ddf7d27aeaf0b1d8
390 59f16ae8cd46975f
391 2f868f1c188f78a6
392 515ab0d5b685be3f
393 5072daba17fcf0d4
394 d4fc09e56328b979
395 e02a77287aeea3b2
396 030ff9b9b0cf3099
397 213d413b001aea92
398 bd52130dbb8fbd17
399 3ec981472dc7825e
400 08da979b4c56c7f7
401 c13f0cb16b5af92c
402 5bd1f8043f55e5c3
403 d646697af02fbca8
404 ceb29200deed5c91
405 6b7ab379b4fc3b88
406 55ed1711210f485d
407 3cb14d8cb1608856
408 2686ed58a1377b3d
409 e9ad1d12bc215a84
410 5517616350733369
411 b91d58f38c9d2362
412 9d3614703689c33b
413 f8181856428061e0
414 c393a47f00464cc7
415 17ab708c6df2affc
416 37c8833d795e6d95
417 20998a62236024dc
418 ae26cf73a2416ba1
419 65cbc6c231695afa
420 361b210e926ae0e1
421 f7339cdb7d8459d1
422 e8589e306d6e1f80
423 eb1027fc7013d24f
424 97b6f705605b8502
425 6c4bc13ba8e5787d
426 c3ce5ab7f7abaac4
427 ddafdcc455426070
428 7a9e24fd0ca34939
429 c664ab1a4ed83272
430 6613724e042688b7
431 b4e1aa3218b473ec
432 4d28461783f3fb85
433 5edbc11ab417a31e
434 6cd410e0777845e3
435 5c2671fbccde4488
436 f0dc7ae79d41d8b1
437 4d8d2f0dc4449c19
438 78026ea234f8272f
439 0574c42f94f64b84
440 b8420818bb3cd75d
441 4ae3ebd32b3642a4
442 dbb022b41d4eef49
443 67f72c72b32d8582
444 0eecdac36ace5269
445 dd580357fbc08200
446 c3b63454a82e5a95
447 ab3e080fe5e6a42e
448 d1ad78c9a1dd5385
449 9f5edff04a5c1b1c
450 844b9dfaf24825a1
451 6e3711162f6a01c5
452 53a6c16ca9d95803
453 1c3065d1e6eb961c
454 3ec5a099932cf0c6
455 8fb2a75b8c6d4d99
456 aae7c3f81e4ec8f5
457 668bc52738f4090a
458 1aa4ac26c4b1ee21
459 6edb645a9f43c75b
460 40e90a308b613ed3
461 20e2ef9d4a73612a
462 b0cb768208ccb01c
463 d673e58c93b67353
464 8ce19ee1b288c292
465 af4fa53ff699b1d1
466 66a1a3600e8ca5ab
467 1eed66dfedd75d1f
468 def9800d0c19d629
469 e081400a10a6382c
470 6fd342fc4be2a9f7
471 4d9ea1ed912f7f0a
472 389c739dce483ce8
473 a65e4cbfc256f3fa
474 49c3d43cd02af06c
475 94983ce5e253c052
476 976515ec4a927300
477 092b4e31e5b6a012
478 614711897e8af81c
479 4448e0a07b09804a
480 d31e41ad9a3b1758
481 b82979857247fe7a
482 b003c31fde72533c
483 0cf51f07cb001aa2
484 e4e28f1fea62be00
485 23d60c4f26563479
486 54ecb7d40639a804
487 04c25e05dd88e3ed
488 a9754d14d2be803e
489 760c3fe3825f82a9
490 c738875c19e653f5
491 b37f011c11531066
492 ee2d57b2234856a1
493 5f2d022fffe0d50d
494 cadc31d7244fb8c6
495 4c0c29ac6fd779f1
496 ff22ba08705f823d
497 5b02aa14c7a543fa
498 fb899f81fb1124d1
499 477e754cc9c0f78a
500 99ff4516fed9ea08
501 1e143a6231d6490a
502 eacb6534928b2f8c
503 e025f155924041b2
504 87f563e3d4e5c9f0
505 e5491c13e3c443a2
506 b8976307793ba67c
507 eb98e4bb915b32ca
508 ee86260217431db8
509 1a9e6a28a83a652a
510 922c0696f59ef4fc
511 c687940590e4c7c2
512 e5ca95b42ad2db70
513 af98137365e84232
514 c35932f999a7044c
515 1d96368850cdf8aa
516 9ea48e34f93ce748
517 0e7fe9f38bb6292a
518 09727dac40220bcc
519 b7f0dade8f579eb2
520 cdb2f17149724fb0
521 2833d466329c6779
522 1608c86e6d3c5274
523 ddcce8b26261c1dd
524 27fedefd2c7f3d1e
525 09c2378b9c044269
526 25b8863bb1ce6215
527 99f608b532497426
528 e1be7bde971d95e1
529 3caa8a395a22f7dd
530 c0080936d850e896
531 5c514cbd4ac1de91
532 e7c47a07816834ed
533 4a5792a9e5abb8d5
534 1167f82b1e197491
535 85dd1745e5d42d7a
536 3417c53e14442eb8
537 6edba912839540aa
538 3741a518cfc5e05c
539 baf822786c480f92
540 870d7841c7b161a0
541 16d1db8e02846992
542 20c41184f1cfd46c
543 5d5448db1c3c497a
544 0d875c8e1ce2b468
545 7a6c5d01a01290aa
546 2ed0d99414e88b4c
547 4409333f51a5b7e2
548 dcd122ebd528c040
549 04206e551e99f8a2
550 b30b5c58f60255dc
551 5fd50b477725e03a
552 833dfeb7ea2cc4b8
553 46bc33579431698a
554 755969fd35cce6dc
555 b51d0ee640ca5992
556 047fcf726ff84760
557 ed4a47fb85fdbf49
558 bcdef4a52d01ec04
559 775a1579985efc1d
560 3251ed4e9382633e
561 6e386434439f48d9
562 8c8b95ac12ebe995
563 fbd20c0a2a4b5b16
564 f419710cbc33f721
565 e95be05bae85db3d
566 f8a7982a7ad52bb9
567 a295cb040f957221
568 c053237bbc4619bd
569 de1c55f802ae1345
570 894e64807177ae31
571 6a348848eb10695a
572 1b896ea1bd50d3df
573 219cd796a6db829a
574 ffb9dedac802f00c
575 e257aec6552b2ec2
576 689c9c1f7e05a970
577 8ab0e226b1caee32
578 3ccd14fd63d964dc
579 1eab7c37804c15fa
580 552a411416eb4238
581 f8cf6b3ce9d5e29a
582 99b9e84d2367519c
583 b33031b9543236f2
584 a5d6bf484661c9f0
585 e1347f13a547ff02
586 fdcc8eff82895e8c
587 43681b0abf38db5a
588 d772c7bf5d4c1208
589 8b1720c95395ac5a
590 99c3c9ab7a5cc5cc
591 f166417422dcb722
592 b3525d1515839eb0
593 9ed131a2bf2f9f69
594 5b9944e811ab9534
595 23ba9c52cd79d4cd
596 c234b641abe6d99e
597 7335dc166dd29708
598 218a0e1eb8645f20
599 403e21d053533bb7
600 8e1e520cc1f41941
601 ac1b5590e5c64cfe
602 5114038564101682
603 72c32a84c214c08e
604 fc73776690360973
605 f8dcb30b939c9c36
606 267e095b116833f1
607 c06ec806fd73e08c
608 9ee0952c4a614470
609 5c57bafedad6238f
610 df090d039d27cfb8
611 cbb4ee070ed2488c
612 4b0f4a6a913dbd74
613 e6dc22195b4fe098
614 007626c3aa66b470
615 dc4d267f1f12755c
616 6b6724a12cc28574
617 c31ebf5f44e2e790
618 1e9b4e4ca171b188
619 2961b6c60e0a2d3c
620 0a22202deff82494
621 c03c1df95fe84ce8
622 d9e5880e570ac510
623 72bb5c86fc2d68ec
624 47f9662a90cd8b54
625 634b45bb6b177710
626 bbf9f67d6eabe598
627 68ebe16059f12bac
628 7eced3778f8ca234
629 da529bc58c5c099b
630 8ec01e43c89422a0
631 8b575fff076f5b93
632 87f479a90f0ce972
633 0d0c38f351d9f6a3
634 816bfa0fc678a681
635 51b9b120802bd72f
636 97f25743b82032dd
637 fecd02dad0a84adf
638 9bae9f8837bfb5ba
639 7caf06adc1344657
640 aff606fcb88f2ef1
641 375342899a8b1220
642 10e18c2dd1b843e5
643 acc343de7020aa04
644 dd13f02be159409c
645 c20ea955b1840e90
646 22c9ffddc2e0e430
647 02c180b8dce14024
648 ce6c83ad6190930c
649 4b618d1f516873c8
650 14e4d08f6f5f1b98
651 0ee190e1eb902844
652 8a0787b29f75c58c
653 361d0834381fa550
654 04f083338e08a870
655 669a36b3966a8284
656 6f32d6390b99f11c
657 67b9f1f8d4b57178
658 a8c3c2a1bc29ff08
659 f9ff0b0b2e4c57a4
660 869f19f13165809c
661 8c17208950fb7bf0
662 5f4a073fcc430a90
663 016d188d11b1f0c4
664 068101c9bdc8092c
665 4e24a3bd42d7621b
666 e510390a70df27d8
667 287e306ac8f7636b
668 9e97d0787b422b7a
669 af5a7609b0417373
670 18c68f516189cf19
671 283367157a86e7c7
672 7506584d75f02cc5
673 42175d7a2fa220ff
674 7f12bee7d48a0852
675 cccf654c24321faf
676 aceb7a1f5c5dc659
677 ed91b630f5230ff0
678 77b470471fb4541d
679 72037e8397c02f6c
680 0952640a9af0f164
681 8ed8f47452072b20
682 5e1a08bfccf7ffb8
683 75793b04fd0db1bc
684 cb1eddadf5f80fb4
685 2b2bf7b82acb4328
686 152d6d0f541d4360
687 f789b66c42cc6c1c
688 065ec4319afe4ea4
689 5a631ca8245df3e0
690 3a4e04c6eaa11868
691 c69c9b6dad6a832c
692 fab8c791e64313f4
693 7adb99905bcd2238
694 9f5033856f95ed60
695 7345de48ae94f98c
696 f477363b1061c084
697 f8a638e8deb15dc0
698 e78aa2502f3b84d8
699 11e99ce1c9ec5e3c
700 dc3cbc16d78cc4b4
701 972001bd19b8a44b
702 6d4cea5f024e5a10
703 75e2426cb6d320d3
704 34aee9f456c349a2
705 6f6d392431b971d3
706 12300b64583b8081
707 deb20c23cf1854e8
708 508f09a3f0470e5d
709 25b60c3ccd84864f
710 a58b067d61fbcf6a
711 270eeb515cd2f6f7
712 b654cc98d45faf41
713 baf186b18227dfc7
714 b631fa27ec64d8a5
715 74547b01a946e1b4
716 0a28c1e63d8fc5ab
717 1d8ac1993ca68f20
718 e873d8a2257e83c0
719 14676403bf321ce4
720 292f28b074a02adc
721 b2d87177c9eb5758
722 269476172563f6d8
723 0ec49c8ce09fb2f4
724 8d41d5a268e7a00c
725 8c40a8b01023a660
726 73e5fd46c8c2ca80
727 e24e8d5f9c5ae704
728 76f9201c008040ac
729 59872aca9a858da8
730 cec54572ce2ebdc8
731 92539b6a894ba874
732 cc68369260015bdc
733 bb6214e6cd3a2660
734 4f3a4a0df5307840
735 da8e046b10dfb884
736 84afcde5f567678d
737 a7737f1023caeb67
738 60c0927e5506f363
739 33ff2de2581bc975
740 015d76e06c64d710
741 e407cd346f358214
742 6de78fbeffa41acd
743 c1f4a2e52c83a9bc
744 5027321c463fa26a
745 13fd117a6e4c4f4e
746 0532878e19cbb63d
747 212413eb15990917
748 58aaab5b1aea7c5d
749 911bc3e2729cb642
750 5b7ea2ec8b7bf03a
751 c5d8b4fd2669e0d1
752 99927e0c79f0c32f
753 5bab9ba5d6993225
754 f93718367d43bf3f
755 78d9ef1a12d74dd9
756 d838abc7b3fc39bf
757 d48a23341760a315
758 3a24e23c5857046f
759 7e85d2fc68a4a8f1
760 83142e94f33f919f
761 80ae9bf0e5ff14c5
762 f1bb01c1057de8af
763 37029f18c9582ac9
764 bbc9768bf470f7af
765 1febba3e7849a8d5
766 cb508b1d8e7fe11f
767 8bfcbcb52c9f4871
768 37cd8146d56bb56f
769 6cf3a0d17293f1c5
770 1a3771392a21fd7f
771 2ebe04475b10c5d9
772 6711a7d5e239291f
773 6afa9b8752b7a33e
774 f8ab91306f63a2ff
775 6655689905ce8f66
776 3b59eff5434ae411
777 d862d314a1fee9de
778 20dd783343e5f09e
779 d6245c7da93601ad
780 0f7b7aa99a3a70fe
781 3b3fdef9c023b9da
782 2284952fad821162
783 e2d4fb2e5c930d62
784 11bc180e9cbec282
785 dfadea7533e779da
786 5c056030195ede5a
787 6a9352a2a1a12bd1
788 ef90bcb658277eb0
789 11d6bc249d78037d
790 ec9ba6ee603b0dcf
791 7afed99bde0d9889
792 e932db13734047e7
793 1f7448794d12ff5d
794 be8f76c7277182bf
795 ef6a90531f276ab1
796 408645c6bd32b557
797 e030f763432e214d
798 8f1bffb53482139f
799 4e309a0fa11f65d9
800 0786d12efc4fabb9
801 9fe05728610f22ec
802 a03ee524fdb27876
803 776977f5997a3254
804 788508bfb86000c6
805 861eafbf46cab3e9
806 5449bebdf27e36ab
807 94e693404342f330
808 92e5a16ac484bfef
809 138e93f507b241ba
810 2c555352ba62d4a4
811 308a0060a0cfebce
812 60f2c328969f2811
813 bb92acc6a05ce825
814 5120bd7d5a07158a
815 17cc600e1f8cb704
816 3ccffcb8eeec4d40
817 dbe0ba6884d77461
818 24f5db87a6aa58b6
819 0e0b76a5c8a3d3d0
820 18ef0964c7cf3588
821 2aeb5c626c368757
822 29d5e7f145d48a09
823 e14fc7675dfaad27
824 9a71b7e85a023840
825 2d25716644ebe932
826 57ad3b64b554a462
827 6c326297cebefd4b
828 a70a8cffc1af4261
829 d7fdc21f1dcbce16
830 5492bc50f42636fe
831 0dcb2024e9b41b81
832 6fcdee8c074919db
833 db5c8d6bc5a0f217
834 f00797108a7ea9ba
835 69d1d772bf89447b
836 024199ff26071377
837 beebdda675616541
838 c2a1acd4d67b86ee
839 71666ee20348f805
840 ed05e49e4000b767
841 53a2969ab393f005
842 1ca0b9d3edaa11d0
843 7424402b7a9e6bf3
844 1e4287bec06b01d0
845 187128118ffb7bf3
846 53c68fcdd6340d26
847 6c66f43b99cee3c7
848 453ec0b0ad62a526
849 4640227aa60bb67d
850 6bdd5a0908f347bd
851 170b9d006b15b8b5
852 3729297979bb0a8a
853 6e2c3732442047d7
854 6499018520831ae9
855 4e029bb5cebc5069
856 4fa821d5a87e7994
857 68a5a9f6d9de0903
858 d743a517cab4413d
859 a99e260e6c360869
860 07837e7f42647f20
861 48c8a6467294fea1
862 8d77b3b61f535134
863 2afcee3eae10a6af
864 cabd6111ff41cae8
865 0353fba89849eb65
866 3a30c9fb6a606ce9
867 f96534a1e21fb165
868 65024fde9e605a0b
869 b4095c7a255300af
870 f1f0eeb50caa997e
871 2fddf6c74da48ca1
872 e862ae5127d5ea1f
873 9ce3c9a797b1725b
874 8b1c26277e895427
875 0abdedc8fa2596bf
876 0aa63b712c4f7f71
877 55bef01e7b24a5b5
878 532cce616d140488
879 096c3a7a54da6cab
880 81e62082a0b1744a
881 b1c5575f46145771
882 785f4a38885c5d0b
883 d93340a74ce7aead
884 cf9aeeecac0424ea
885 6a9f4f193af31a29
886 fd59c891715eec34
887 d64b34ea90834c04
888 051d69ee13b94527
889 47f0b3700cccd115
890 41b461d6eefe4157
891 54abf35bd8c3f2bb
892 50e8a1d077375598
893 fac7c0b95b3adb69
894 6900f9a76732230d
895 8d2d4de048804554
896 dbf8af23c80b14a4
897 9e5c25a5f58586e2
898 8ae1070e4822bbef
899 a77c6cba6920a13d
900 51fde8a5c4d0e93d
901 8198a28003a09db3
902 31b7d94cb3b93504
903 f4a36502a4d4b34e
904 06bbddc6f5fbba52
905 ff3aedab8fb98b58
906 04136791a87e7ab6
907 098ce0b284681f96
908 1682a60f51d5af6b
909 e3126d230c8b5fd3
910 7013d23c88ec3996
911 9c92f16d4edde5e9
912 dd0ab2e88d10073b
913 ec6c157234ec5d08
914 0de986ac7f8d5b86
915 d354336f9fc4c909
916 75dd52ed06b39c7a
917 6dce63a575d2c568
918 5fcfba0ebc110500
919 c2b80f52ee703199
920 028e082c11c59ab8
921 15de3e5ac8fe39e4
922 fc03df86212db6f3
923 39537c34db4d6b78
924 a9d1dd1f9af81414
925 7f55f714361a76df
926 943c0e83a8c81369
927 0c6d4727f87b9c07
928 0580fa11e0c938b9
929 7d425f46bd81181e
930 07599efd212e5628
931 2d656870b6494283
932 19b303c0b129b9ff
933 ab065a097ecf2cb1
934 8fb4d4fb3c5e470d
935 d73fde78b57befad
936 49093cb953cc26d9
937 39569c8c4f72eed1
938 6c8b1ea96b6b04d7
939 7bcadfbf712068b3
940 1debbcd254d43bfa
941 c8ac783a91c582f5
942 62f31b3415104bde
943 7e809f55a1d16367
944 cb3f1b2ddb4d8546
945 22e9389a5f02ce6f
946 4ee6dff31d3c48bb
947 34a1c29957fa71f6
948 c48a85dd7f2a6aa2
949 f48b236e85e64d86
950 787d300251991604
951 04a359f85120aa8f
952 3d210ce0da658fe3
953 ce2d7d2cb2093d8d
954 a1467d5748e4a707
955 51f009a51175cdc9
956 f69a7196fb028f84
957 29215cd6eb147a8c
958 1187e2d75418db3e
959 d45a8389814c0d46
960 34fa9eee9b5cc222
961 9972b2aa8d30f619
962 bdccc0e61785a305
963 897432e449722ec6
964 96cd3bc14010bc1c
965 37b4b090e7d332b6
966 d9fedff55775ed4b
967 784065e4d72512be
968 c43207575ab78097
969 c775d173a3e76a7e
970 4e0be8014147e5cc
971 711cc837e8256ad1
972 2f749abc246d722c
973 1eb5b78423779e0c
974 a128c09d58bd2cbd
975 a7d01ec2fe3aaa8b
976 b6cbf4fa0b6e68a9
977 3167a26fbe2e558f
978 f644217e223ef9e6
979 ec1b62268a1bf633
980 a46fbe3b8de6b0fe
981 5fc5b81228fa5040
982 367adc59351a9261
983 9c04452bb5bbc46d
984 b664cdde6e723f36
985 ac9796c37429a96c
986 fb8f9255e59a47e8
987 c6d6ac4e1b1098b1
988 e81ed3ed1374404c
989 74813732d6095e99
990 7e10e52f29173c14
991 2741a8da9202b0c6
992 34a9ec32c7cf7bae
993 13abe92ce2794c05
994 8ec9a637e90f143b
995 1a2539ee8c474f56
996 9528ff7bca35bcf0
997 5d898817f3c9bf76
998 ead4c78d0336c382
999 503921e14ccdcd77
1000 341ed823bfa7f741
1001 1c480f49acef3e2b
1002 524439a9e5bd211f
1003 cb3e6f9842c9b390
1004 d3188d7e47370784
1005 f7d39ec96259c16f
1006 05d2e064c2c2b04d
1007 9a08edfc7af28fab
1008 debf766e733fa482
1009 ac4f6bff4998598b
1010 36619d3c5a169531
1011 e60b6e30841dd228
1012 b05f3bd043751238
1013 ce112d2d718a0e20
1014 134216c9ba386c37
1015 11fb582748afe0df
1016 1ff8a6663dbcea92
1017 4e2d6d7c2bae59e1
1018 34a23bc50f58b10a
1019 cff01fd23851e96c
1020 4ee477310fde5ba1
1021 178c7a16f33d9d23
1022 afdb8ae443f9bdeb
1023 9c9d2cda5e90801b
1024 bdf188bf3aa8dcbb
1025 458ce766c368fbe7
1026 1079d28c1eb24e65
1027 183aa59e376b9477
1028 849aa32d92ade717
1029 ddd67eb8e5d2fb26
1030 c5e66091f7fdf1e7
1031 3af1f8c4998619f7
1032 4c658b0cf08d0ad6
1033 9ba6a4645ac56a22
1034 0a4574b1ca66e4d5
1035 0e26765e6837e7e3
1036 865ffa6db84e55bf
1037 66b1bd44f67dfce9
1038 01baf512687c28ab
1039 5a0edd46b864fc05
1040 96137f42f068dff8
1041 6b6a38f22f598230
1042 f7b4ad119c56098a
1043 0548c79a94d61eb2
1044 9dee264f3f1d829e
1045 b44503aa0d88eee5
1046 24e74ad50c98bd71
1047 36e2ff20f0667942
1048 43f697408a5dedf8
1049 36601e20477db622
1050 92cde43a09a0c6d7
1051 74c54896e876219a
1052 9699c10e1bca5013
1053 3439ce1774c43ffa
1054 a50146c1b35b93b0
1055 66aff22255c0edde
1056 47a0c241586254b0
1057 9823b6d1d9b2c510
1058 de8fb1a64f8931e1
1059 7e72e213760262cc
1060 6bd953144342a085
1061 5294f10cdb0fe09b
1062 6a7130b6b308493c
1063 4d47958a17e05bae
1064 cb755948a108036e
1065 24bd7a4ce1de5e8d
1066 b20f155f113dfb5e
1067 46c2bd87d434c9c4
1068 a0c52a3dbda48b37
1069 d9007bfbaed29bd5
1070 1f033b8298e60a5c
1071 4cf0e2b03998ee40
1072 964491ba4a6d5fc5
1073 4589650322a04806
1074 4870bbbdacfe2565
1075 dfa883f66e121a77
1076 bf8a5e613540e63f
1077 ad902247141bf98c
1078 85c1f2fb73839ad2
1079 4773f4ddb32dee27
1080 da3eb86e398126e9
1081 11aee900924f848f
1082 2fa0719a73a7bd4b
1083 683aa786cc61b2ce
1084 c7211ea38fcf8440
1085 e27af3b8439bf7c2
1086 6c3ea38d37215bf6
1087 52998b5ddab87749
1088 5254d325d0cf33b5
1089 a0e830906c275fb6
1090 23225db583ca6c6c
1091 4028664fad3e4c22
1092 d344423131b06993
1093 f4222d31ce5c101a
1094 d7a4e8a358f44610
1095 48bf8ca891713781
1096 dbdfa9b37a01b5e9
1097 8b7e7e698d3c6851
1098 2bd8df87b0ebc7a6
1099 0f5f7d8695b8014e
1100 cb7ac246d89a6b70
1101 9eda76c0a5dc3715
1102 30ad49c79a3a5219
1103 aae27d1e2b6b3f1e
1104 70e2f6ffba104a33
1105 24954ea904fc0ce8
1106 4ab5d014560d8d26
1107 c3f9fbc0e4689303
1108 8179c40e1b3b5e0c
1109 4e25e8aea8b8f859
1110 161f3e251a0e4a8d
1111 47e48a070e51e549
1112 df285249cbb7e2f6
1113 b036eca271f7dbeb
1114 a9ec74b9f277fd8c
1115 57f433651ab5ef26
1116 26516daeffa76777
1117 bd5b63897c6fcea3
1118 2f28bac9d11ec321
1119 a302267687cf662a
1120 d5897e7d3630abd3
1121 e58544504c562540
1122 3825cf540d371da7
1123 bc84948284e2b38d
1124 84f62dc93cddcb62
1125 98aa4bf71e455994
1126 53c77909a5a21b17
1127 5ea851b02f0793f1
1128 b76edd91468ec03e
1129 5caf7b9356086d6c
1130 52c1c0304b18dca5
1131 7812969f87b8c032
1132 8b1b8e30092005a4
1133 bc29747bb5a3ba44
1134 9e62624d830c413a
1135 ba280f25179babca
1136 87bbf07b88d1ebb2
1137 113e15f2ea1a7bfc
1138 562d1e492a07bfd0
1139 3dd1a65b13a67442
1140 41fb44435449c6bb
1141 c8e609ec1fef755e
1142 25d898a6a9f6afb9
1143 bda5086c909d9207
1144 ea4bc91f8ec9c763
1145 d94babcfaf405824
1146 a3185e68dbebe4dd
1147 dd83ef1e6e5e28f4
1148 aa4e640763e12379
1149 c7f8a2935dcee943
1150 d13211311272193a
1151 dc96e2189b30621f
1152 7f750449fab18dbf
1153 6110767f29f64db3
1154 2a05f6b057684538
1155 7e6d89761ae3e4dd
1156 529f1c152ee46ec5
1157 cf0a051de890fbd1
1158 d7b9906aec83e7a4
1159 e5368388b371b2d4
1160 783505d893bbed90
1161 883f69ff2605a3ac
1162 0e4b28348cd8b6cc
1163 79bf67913e2a8a8e
1164 ca916887b50279ed
1165 5bb11c7d641305ff
1166 01e7f8052cbf270f
1167 e3f0f4a425046568
1168 d2636505a16e4e40
1169 b86f9941c26630cc
1170 9c8e83037d0609ea
1171 81579c6ac035cdf9
1172 090760995ae801d0
1173 736f350f51980689
1174 bce52a9fa29f7763
1175 d3e0065d61a1c636
1176 13f0629554d0d256
1177 858e45030e7f02ac
1178 a39bb8d97c88d37d
1179 c659f85fe49a6aa6
1180 874490bfb11e4df6
1181 c2b5bc3fc56905f6
1182 43db81ed2fab9e03
1183 82d1a7f5b28af689
1184 81ba223981d0da4e
1185 3af1f9125bc65b1f
1186 82b71bd43782d823
1187 abfa8f7c3002b0cf
1188 7e9611134145ebc8
1189 9a048f645728cd71
1190 e39ac524e4d0ada2
1191 7c690ce1f52581a0
1192 cd13c161d8039aba
1193 abc778ee56ca4c6c
1194 d1b574f24b4151f1
1195 61696573663916a7
1196 17efbf71661c85e3
1197 b7f307b2070c4cd0
1198 88920d5b4dda3877
1199 fbc055720adced59
1200 890bce11d9319ae2
1201 4f9778acf178c830
1202 ef010964b9f086ca
1203 1e4740b943b9f20b
1204 fa286244d1af25dd
1205 08eecadc4f61d4b4
1206 03740d997803d52a
1207 e09a8d8a96a25c00
1208 6f52b27cc856f117
1209 972ff4274482f210
1210 27a8228d555524d7
1211 d8032985626d7bb0
1212 440e311132329688
1213 ac0c6586a63e0645
1214 5cbb1498defb140e
1215 63b3bb4ab9eecd9f
1216 23f0da75cc0545c8
1217 830878ac1024ef37
1218 40cefbc2c9c0bf79
1219 bd950be0f51ab901
1220 4d50d3f3cbbce34f
1221 8bbfbdbd9d747cbc
1222 062b10f8b3d4c2b9
1223 ef97849af485b210
1224 04f1ccd5f5e768ab
1225 9004e00689e155f3
1226 b141a921be49ac97
1227 08063e425612d2e9
1228 29f2a832ef89dd6b
1229 117d0bebab1ac225
1230 41a60ab03791a687
1231 aba2e19bc74de334
1232 f5d2c9399e5e7140
1233 5338910f8e0e88d2
1234 fda7e682fb89ecb7
1235 f90b466bcdb6a773
1236 06c6ba23351804f2
1237 7177749ca8767d2f
1238 e0a1374ded929d55
1239 4e9e3ec9bffa042f
1240 ccc638aa6c3300df
1241 a82dcb40aeec2132
1242 382473e04ce7721c
1243 2f6cd460f152694e
1244 51f55460af40fc1d
1245 5a341af9228a3ecc
1246 fa0cfd498db89c9b
1247 61d46255cac293f7
1248 3a953ac9c8cd243c
1249 b15da0836a98bc3d
1250 c7935cab6b302ef7
1251 e9e1f4c371891770
1252 12acad641472b2ca
1253 f99d44abfea18285
1254 aa71e48badcc0e88
1255 5816aafa1c68fef8
1256 d057876f35aa3e07
1257 9e85f43d11802c36
1258 a761e1bd838e4b2f
1259 5ee78497fc2bee76
1260 317a0a816db38191
1261 d8988c871f3a5a39
1262 1d46e64fd7a205ea
1263 f49898cb49266419
1264 3c11ed94f5bb0c92
1265 b39ea7b12cf26129
1266 7a9c718ddaec963c
1267 58101178a7cf2885
1268 61087aac776ef73a
1269 4512b30e371a81ab
1270 81b3ec3756100cbf
1271 c075e6e1904894e3
1272 39ece73b993903b4
1273 1f9f5ab040f0033d
1274 18376713e3655346
1275 7fc4dca40ae682ac
1276 b998c29da9696424
1277 a1b5dd79f8b54c23
1278 e481bf7e8991089c
1279 08f97125d8721645
1280 bc1bf450a1157726
1281 c1ed123f47cb5a55
1282 e52c4502f7a8332d
1283 c7fa8610986690d4
1284 ac83340ec664f9cd
1285 ef31d98b0445659c
1286 180a4524aeaa96c8
1287 5697283ffed86f41
1288 3b651110e931a47b
1289 7ab85cf490bc9395
1290 318b6b323105055a
1291 b686e45ba39c1810
1292 543af74badcd6ebc
1293 d2d9cba1ca601f53
1294 d32bc9840e780f4f
1295 38be78909c78a58b
1296 717d4e42991a6ddb
1297 5389f7490e3ece19
1298 547f4d1ccd69c8a2
1299 c7f9726d54ffad83
1300 dfcf8d2d5141d064
1301 9a18dc583cd7dea8
1302 db7aa4980b3dac11
1303 cf842c2365ed7bdf
1304 c434b910c9b3acfe
1305 cb8204a8353336b0
1306 5c2c41a92a3e96f0
1307 1de5e7b8974c25f7
1308 b264f8e63d27ef08
1309 7243898507fba98c
1310 360ef6e4855ee6fb
1311 2e61fd862e080cd0
1312 f4c26770f2357cb3
1313 3e244ba12bce552b
1314 cb4468e66c6c860d
1315 83b007d6038e96c5
1316 3c961043a733a56d
1317 37e204712a815906
1318 92a7a6310a1d7287
1319 52a5796cae66b4eb
1320 598541fa891281d1
1321 54ede02c4e2a9670
1322 6b0b6e45a040e050
1323 141e7ad8fd2ebac3
1324 28a5f522c7523266
1325 defe5dfd7c7b94d1
1326 ab19d710d172e20f
1327 4a03f5198826dab2
1328 a4027adfd1a57f83
1329 e6df589f58a7278e
1330 81a32b247c08169b
1331 45450b1fd23bb970
1332 5beedf2483f4376c
1333 bcbe7a0df9c72c36
1334 e93dabe797b0e8c6
1335 e2aae3ff92a6bb84
1336 6041011bc3f41950
1337 727b3cb27d96c7ff
1338 1095699d386f6abe
1339 ad0634a5fcdedce6
1340 725629ecaf5e61f6
1341 b8e95e92664313ca
1342 6d0ba6f7f9b32476
1343 408a91a7a6cb2d9e
1344 923068d2932d8709
1345 376d5c322ba8a8f9
1346 c7d4630e3ce78b93
1347 2e163de850bd9b1d
1348 29f9a5f3b5e97585
1349 bf6863be2de9ceb2
1350 fdb6573629e25ea5
1351 a33140b79b8ba8dd
1352 e39b6904099ad658
1353 cfcae25dcdbe6dc5
1354 185fb749c04fa87a
1355 b085c53b540ca772
1356 750ba89651801124
1357 8cd0f619126b7488
1358 316031ed9423933d
1359 5ef9c3ab02474d45
1360 6badd67d3996346a
1361 d7eabb76c0d372a4
1362 c2e99111e5cf53d7
1363 e60298e1e27e7a5b
1364 0894faaf39a684da
1365 5470a2ed99055055
1366 14f5287b463abd77
1367 3e4eaead401f6146
1368 a088ef72b8b424ec
1369 fbb8bd83c664d799
1370 d20748c2caae5da2
1371 99204a141fb81689
1372 a54403e0632086a7
1373 964037f208e6efe8
1374 173bc0722058b7e0
1375 f37bdd8bc43fb9c6
1376 90f55e6cc20a21b3
1377 e58241c72fdf5c8f
1378 972c16c543fa6a4f
1379 a8967918db8dba38
1380 f3a2205d63857956
1381 95f14f1e44753ab8
1382 9de26fa809f0f7d5
1383 a75fedf7bec6c350
1384 be0097b89bb77d34
1385 f37ee28a3dfa17f8
1386 f1e2c82aec253ba7
1387 597be5c3f1914e85
1388 65279ecc04ab72d3
1389 4174a21d40457322
1390 3693c57f8f2987ed
1391 36a03c9e2828f52e
1392 0cb9078294318766
1393 9cd7a392d7980c75
1394 b13a78487d837dc7
1395 b220f5e0d22fe853
1396 96b606507334d72b
1397 f4926903652c90e3
1398 9e5b076ca5bf690c
1399 c61bd7ba25921ac1
1400 e07c3d624abd1ffe
1401 c578986425873c22
1402 7d2643507bbc775c
1403 c0c521cf0982033f
1404 4aef9fd6fb6765b6
1405 b57b019635c5476b
1406 b8b882046f58f4f7
1407 1b03c3e800bd7445
1408 de11eeb453025ec9
1409 cbfd338689e2f72a
1410 0d59c6bcd8a2698b
1411 1f710e176822ae0a
1412 d4a0847105e900ec
1413 76a6d9334a7726f1
1414 d92b2d2a34e286bc
1415 d8a4773270482bef
1416 a4f723121c7c967c
1417 0752c89c8edc9b19
1418 70e01220c0f6933c
1419 955509b48e920fe5
1420 5d7668adb44b99e5
1421 00fcb9f402f4d2da
1422 02b9da555c6d076e
1423 d6cf5f4c8800cbd3
1424 30a3aa8c08b27187
1425 8b33e97109fd4309
1426 127e25dec8885cf4
1427 b3f74313790abd30
1428 3d11ccbd86a43799
1429 d702283c3e1e8a9c
1430 694b13a80911176c
1431 d2b032768f71da38
1432 ecd40475d42e703c
1433 d160a620771c6e5b
1434 9306eb24511044aa
1435 c7ff4debb3945007
1436 877076d682ab51ff
1437 2ab1f2416f84d66d
1438 feefa0856c9328ea
1439 d87bc2dc5797881e
1440 ee0cb0e4b8b2bc80
1441 f0e1b06be4ccbd9b
1442 9614a7981e5fd35d
1443 ff96bc4a388bf529
1444 543f4ae04fb8e034
1445 ac4358d3cc44d737
1446 08cef1d6636b3ab7
1447 ce1d1b3375645c2d
1448 763decf053285a98
1449 a73c1fac4fda1cc5
1450 d96fc399e612899c
1451 7ea09e2f215f9e8e
1452 fecbc9c8516b608c
1453 28878b05c1e9ccb5
1454 ee9ff4f538e48535
1455 b39539b458c93bed
1456 63c336a8a1e30119
1457 4ff8dd8e24888f3d
1458 5d28b1b5be9be448
1459 21268ba7b344b96d
1460 2338939dcb8eeb31
1461 6ca9676234c0e17d
1462 02d5badf21e5ba9d
1463 4b0a87404fe9397c
1464 49bf6c2ba686e77f
1465 701f16558106a67e
1466 23c17025f7d72e8d
1467 d193a3ba363e0897
1468 4840df8b926b41a5
1469 5d5dcdde9efa337e
1470 e1251416ffe27477
1471 20243a5af978339e
1472 c57bf87ad7129018
1473 5d6b366e39c5e339
1474 71092d8a03a7a078
1475 e22a827a7dfe3d9b
1476 c0acfabbd893e7df
1477 d548af5bb1a98ab5
1478 6b05a4634f859c28
1479 fb174d7bef162b29
1480 c17f2cf6836ca902
1481 aa81b4cc81c754cd
1482 f3a9c5ad7a76d736
1483 f5a7e26999082fe7
1484 858efde7f1d67c93
1485 3e948a3d70a6b776
1486 756d74fd738062fd
1487 faec4d7bfdf572f9
1488 a1950b4078785218
1489 8c45dd23f7ef03fd
1490 35633a30cbbbe9cd
1491 e01a88e77c7a6de4
1492 8ce517520f2b009b
1493 952edfe422350d84
1494 4b27389ec673487d
1495 5c5fe905c6348050
1496 023d1094f8d594b8
1497 89262106125be982
1498 cd15ddbdf2f086a4
1499 28e8407999f14177
1500 51fddaf40a2166d2
1501 381c0fef193af6e3
1502 485c2d17bd6a1372
1503 52bf18bdca32a550
1504 ea662b2fea980c3c
1505 a8848bd62a9f8b4d
1506 68de2a351bcbd266
1507 3ed0f96c4d6feddd
1508 3eeaf95aec9e0bfe
1509 a21b3870c25ff5d5
1510 bcdeaf4cf2c83f25
1511 ce2798eae6d819da
1512 a0d46770100b6278
1513 2ff9fbec0b73d621
1514 bc018469f59c97de
1515 c576211afbf2a984
1516 b1581b0a5bd690f4
1517 b4f20c63b18ccc78
1518 1272f5713707aafd
1519 7bc4d532ccf1e3e8
1520 0e90d756df0f6924
1521 8108caf3001b2996
1522 388fec8b33b31479
1523 a69c898dbe69a42b
1524 557bed68f6f45cb2
1525 bcd1a744572df761
1526 89cb5b196069d923
1527 c333c101b89a9e1f
1528 a2e7106fa72a5b0a
1529 add4b6d4aadcaae9
1530 166cf0323fe9904c
1531 551783c2bbd32a88
1532 8499de7ca686b258
1533 01aab2b4fe423134
1534 1decdca747508161
1535 c0b2c21dd4994de2
1536 80da1d149cd4c032
1537 c672da30db96fc15
1538 9b38249930528264
1539 7da61e3267caa01a
1540 90a7e774c7504edb
1541 43e6bf737ca3e88c
1542 b30e0b5d45d9571d
1543 fbbe42aa921efaa5
1544 ec0ddf13da1c686a
1545 0f54d850d7e1f953
1546 fa6082a92bc99244
1547 2362fa34abb65af9
1548 3d62be63d4379852
1549 85d8b21d8e115997
1550 7149dc98282d25f8
1551 96272f9ac297469d
1552 23cb85ed4907abac
1553 8b06b6e2808e2a57
1554 9b3bf26948697afe
1555 564813f6f141453d
1556 b30c67e34d488fbe
1557 3a74f3422ff392b7
1558 71d26213b9c4664e
1559 bc21a233a2e60355
1560 83045458e895a9ac
1561 2e2c1afc105f1e72
1562 24f607d540e03d90
1563 5b3e58fc05a3e171
1564 522fa43216a5e076
1565 2f75b98c8b30717f
1566 15125d99187a8ae4
1567 a825d260edbcfbc5
1568 d042866a8be25de7
1569 91f11d0d4a9011c9
1570 3a9f00b32c1a0ddc
1571 b124d182c03d64be
1572 1429ec449838efcd
1573 eb590d13a2a2fb48
1574 e399d738bc513a79
1575 fbb95232da5b1e53
1576 3cb951cd16a09082
1577 190931354ccb9907
1578 5c2c0915756065e1
1579 5521ece1650fbb76
1580 823e6e493a415143
1581 31b2065a3cf68952
1582 ade149986fa3831b
1583 d2eb6b332864ab64
1584 9914d920b1c014b6
1585 c723a2dcaf6ef85e
1586 d53b64e089d3f320
1587 d2cb0397b8ab0633
1588 c6433f4044283ada
1589 e6c8068d2ac15b1f
1590 d54590d291874e50
1591 7e9a3df21d668be5
1592 f2267b121963995c
1593 573de3491ec8baef
1594 9c7530cc91745954
1595 2665b93a8cb75d46
1596 424a3a8c639a45b2
1597 08600d802e791822
1598 6bca721165415923
1599 c9e0052740a78d48
1600 9bc988f5e11c5e01
1601 4f14974e67dfd7e6
1602 629e53f51eb71e7c
1603 f3cb4d41b9c4d609
1604 adcbda4f3abe9a67
1605 ae1a55a9956b514c
1606 37d8c18dd5ddc798
1607 5583f479d28723fc
1608 5e38faee896e1d11
1609 d76d13b705d3bef6
1610 494145a99c358702
1611 a3e92f3467e6d568
1612 d6d727758c7be62e
1613 2f4c2a3a754e74f1
1614 bb130ef94f9b1064
1615 9ef2e22bf0b8d2a4
1616 b6f150f85f234f24
1617 c6775e99f88864c0
1618 ff92cd4a735bf024
1619 391c8fbbc47376e7
1620 fbd24b46c7d212e6
1621 52c0329da0cc2b08
1622 403478eafc02edb6
1623 1c8d7c4034550ca5
1624 c9b950364d4cc588
1625 3f8fea55a371cea0
1626 3b2ec144d39988c8
1627 e803deb2e4419b32
1628 b9229960925067a5
1629 d56071562bc706bb
1630 baa167dfa300750e
1631 8f35a7fa8cd14b2c
1632 8c86570319850c4f
1633 35187f5478c40227
1634 c6d9f8464f08f9bb
1635 b7c9dccb6cf3b94b
1636 c29c061559c7e0c5
1637 670ef597857448e8
1638 3960c27f5ab510b3
1639 2aacb473d9659b36
1640 2c612a0a0acca819
1641 2f69be9b312dba0e
1642 85dffa2cb7fe87d4
1643 5ad83eda1394ce23
1644 400a291dcd935b6a
1645 6507accaa0465112
1646 3066aec971a25940
1647 1bc860891d07479c
1648 2448d345b048b2d7
1649 34165ac6765d5984
1650 c3cb9fe6ce9ea691
1651 899bef8849421336
1652 0898f0c8eefa168a
1653 1696be97b2713877
1654 e700e0e5babc24e8
1655 7e87f11924b28e79
1656 b9ccb55da81968a6
1657 444ed8426750379d
1658 3930707c70d9baff
1659 55cdad9c0c2a5f6c
1660 50468db902faea35
1661 6c702199d3dbbb0a
1662 33a9ac655fd2ca07
1663 f65da7e6a7b3f29d
1664 b2a1758fd33b9c92
1665 2085e80912ecba9b
1666 b3d3396e5cc25830
1667 9e601a6d22cc44cb
1668 130c89f90fb4ac1a
1669 c79431746b2dd4bf
1670 8a8e2f8d42334948
1671 5019683b109920a3
1672 03505ec2aee85fe8
1673 c7fd6210dcf709ce
1674 bf35b6a57f7838cb
1675 4896184113c5077b
1676 fbc46ba29f15a96b
1677 468a33e91cb40de7
1678 0159a82fcddcfb3e
1679 24cf93af2a4af945
1680 472c5cc1c05f08dc
1681 293b182d4900f3e2
1682 5089c2355b74c1c0
1683 f96f61580d9f07b5
1684 3d9902fd6c8f7adc
1685 4aa9103dee1f5a6f
1686 861022fec398dfe3
1687 cbad6d20767ec8e6
1688 b5a187b947e51755
1689 234b21d20d92a0ae
1690 48c53c5c29bc8b63
1691 91b1d960102acda1
1692 ca6a31254c193bc7
1693 149fdfbb0e63dcfc
1694 10222ac1f55a5ec3
1695 826ef1ea0113c410
1696 5e069ba047479313
1697 ad282515ad2e70cc
1698 65b5d5a59f68a98e
1699 bcf3808832efb24b
1700 980b49daa7185f5a
1701 e185b26b4c67023d
1702 52a2b41fa1c568b6
1703 cc5fec26e4dcc56f
1704 8f0f9f434f3cdc73
1705 1c91237e314abc56
1706 b22ba34da59235b9
1707 9b0341307def4e2d
1708 0f3d3be68d80ab01
1709 e7b90ec8479ecce4
1710 fc7573bc67ba1111
1711 e49ff42c87a428e0
1712 577c49c748226b62
1713 b35a42c1d25313fd
1714 fda3528a93b907ec
1715 4d1bac769b20f2c1
1716 0d630444e3db6c11
1717 9d5a4ebde2380453
1718 d23e4c06b86c9a7c
1719 b227c97f9ca7d756
1720 c6298f462d5a7718
1721 1976901c5b40d193
1722 cfddde48988d0e5e
1723 f1bc2f0c87ed988a
1724 f2ff11c68804f84c
1725 a5c2ed1ad5eeda39
1726 5db0d03d38326382
1727 bfa241250b6ee169
1728 4db5008f86a98906
1729 9ff43989fad58919
1730 8f29dcd6081c7bec
1731 fa9f4cead71deb2e
1732 20a6419adbaf300c
1733 dcacfeab7b39af1d
1734 0bde5722a00e5bf8
1735 232fcf3dec16634d
1736 b4b25d8f2c192a39
1737 2f57396887d878ad
1738 e71da4fe7618e978
1739 c84f59fb49ec7d65
1740 18425edde1032dc9
1741 f7666ab7b6ed6678
1742 4a2f249029212b11
1743 91279611ecbe2d4f
1744 8a7d3faddf0d0a88
1745 e74afe29dab03205
1746 9e5c90bac3f36fbe
1747 f3065e47e6b8fffc
1748 61cd1ebf0f9b1197
1749 94564217b481f664
1750 6d70614b8daaa895
1751 8d22909724757d8c
1752 355e084f6525a9e2
1753 d5e75e4d5fe07653
1754 4293aa93a49e21ea
1755 d69c2349eb96db53
1756 c040f6e121c553c4
1757 5fc7add9de4a47d7
1758 f7795ae17d61f574
1759 05712e8e03494e9a
1760 11d5c5eb7bb08a01
1761 c431728dd67ba693
1762 6acee0f75e3987bd
1763 abcb7448814cbb9c
1764 457fb5c643d32120
1765 98de30263db3bc95
1766 5a00262a7b47f0a5
1767 0009482aba1970b1
1768 ff4ead2bbd346de5
1769 ff7bf082c9b09018
1770 e36ef5058c9fafb5
1771 be6a095a75ac2e59
1772 34d53216ca0565de
1773 bdb7b4e296cd7ff5
1774 41f64ea212a16f50
1775 f2a2e32609d909d5
1776 0516cf9d25aa80e9
1777 4c715925f06fd774
1778 c7e24c263388e64d
1779 3e3d31b14b6b3446
1780 d62374b57b1d859b
1781 fefec69c26c938da
1782 789f8618a62514b7
1783 437fb8feb620e0b7
1784 56c6a21daad0ab8e
1785 69790f7e93b653d5
1786 9e124dfa208d338d
1787 1e5c956f4e72dd75
1788 7b8f1c386943b101
1789 367a3f11bb275641
1790 09f6ee4c92006390
1791 4e94c376fbb585aa
1792 560fda4e91144e68
1793 6d05c3368dc4d029
1794 bd5e180dec3a3880
1795 acc027ce2ed4e3d7
1796 11902de471756354
1797 7439b08f139c49df
1798 1f8d850036f466d6
1799 460e80a1aab6b78d
1800 16a0e0607cae10b6
1801 aea53842c6bd111d
1802 edb99a45f676865d
1803 e771c0686f1dde25
1804 3b6a219f26209518
1805 4dd915aa97cc0f90
1806 121b3b4365b7d494
1807 22f20eb050cd475e
1808 bcecf14cdd43be42
1809 9b2106e743bef381
1810 7185bdae59aa0df0
1811 948e35a86626b869
1812 4d003f1c3ff99852
1813 046c6bcaac94a603
1814 eab8f138e7821d35
1815 3e12d46ded3ca510
1816 59e6533bc17d4eed
1817 39aead239a163958
1818 b85145ceb2b531ce
1819 1f722b75a0994e8b
1820 e19c5c567ceb11b6
1821 865fdd916b73ab34
1822 a38c991a8f1a881f
1823 b9165bd1b2fae2db
1824 7b5f6d0ec76ea0be
1825 15ae148d7e55dc9a
1826 68a769a5c1b667e4
1827 acab8e2c1eaca3e0
1828 6d45f779628ea544
1829 8daa2a2c652b5141
1830 3b2288422c9e8509
1831 b37a4688a0bd58b8
1832 b43be7db65763e70
1833 0a4fb5ebd1d806d1
1834 e3fb29842038ec97
1835 faad6629af9153e0
1836 fbef7c75b9aba037
1837 16948a7ef13591b1
1838 cd3281ce815d5fc6
1839 2750a6a494a2b7ce
1840 6556e58c01807780
1841 c67ba6795f669c39
1842 1cdbf4b170f616b3
1843 cdea1838fdbbd242
1844 303b261f0822e221
1845 ac02485adb695e01
1846 d1176265787f71c9
1847 fe72380b9668f708
1848 087836d49e183ba2
1849 89848e012bfc32c1
1850 cf2fa17634c7d6fa
1851 cfe6f053da5ac4cf
1852 6165abde54dec14a
1853 b24f7c3ea13b4978
1854 b73d48607a65c53b
1855 830e01d1ab76451e
1856 ccc7e725c444b364
1857 2301c676d2cd7800
1858 6aac2406a9e52043
1859 8665c504adb693fe
1860 926139a252f3c68f
1861 9f392041a2e8ecd6
1862 64961bc295d9669a
1863 7e15aa0bac028042
1864 fd881935732c3744
1865 e688296dd2e898a4
1866 4a028799e92840e5
1867 6252f6887c331277
1868 bf3c99639cc96166
1869 82fd26f6b498faed
1870 1da039c5b72d1504
1871 22ce81e835016559
1872 e0fe08de73c304d4
1873 04323706c22bcc15
1874 9fec345b5b13871a
1875 4b1e950f742bdb79
1876 742e3afb10cdbc35
1877 bfc33606e29f6bbc
1878 9f4952fc3097ef8c
1879 c96d89da990e7c11
1880 741aa6c9c0ebf7bd
1881 61938f91488ef014
1882 5803218ba7d0e2cf
1883 44606321cd527f25
1884 706963eb9064cf58
1885 4cf3e3ee7ca6836d
1886 1c7c9435e6c8e5ac
1887 ef302fcb4f258876
1888 47d1b4ec37e78142
1889 6d40e4bd81ae7d71
1890 d0e5fc75061fd050
1891 1ec4cfcebcb1bc21
1892 0e7022b0292d8827
1893 8613573f9c901f8e
1894 40a2a6cb0d50bfc7
1895 0395c7f15d78ba0c
1896 a860f9b32e12d850
1897 8ce9da6bfe9e33da
1898 27221116d3be22d4
1899 c44334019fb27376
1900 ab797eda5106c740
1901 974065d0f5f28d3d
1902 6cd429baf65124ec
1903 f285eb07b6fddfa9
1904 92a8661996faea31
1905 bb759f3156d8a3a9
1906 218f4a01ecdb0ca1
1907 7bece060183269a8
1908 92e568db572603e4
1909 288b1b0c793f10a9
1910 7b1fa7052b3cf86f
1911 5cc586cdabc1745f
1912 e2f8054c3b5c6b64
1913 259b18e596ec1396
1914 876e735e77991b11
1915 6e305ca37df29c3f
1916 635d10e63e61ddb7
1917 bf0b068a51749f05
1918 fbe5be6710ef2595
1919 0dbc240da164172e
1920 c113346ba9a21513
1921 a8a979a0e067a992
1922 35ae871dfc7485b0
1923 5507a08308631371
1924 74f7b7c5d208ba38
1925 30ef1d3ff1799990
1926 dfa456b3dd0f4176
1927 4c8a07e9577ab6f1
1928 5eeef4c0c69c5c42
1929 7897c841879183e1
1930 9bdb9bf141eb3c42
1931 c6140ab3fb8030ff
1932 0eaedeecd09ba332
1933 717926b1ab458107
1934 65d4a97d53fac67d
1935 333f6085abfd909a
1936 c073c8d6bbde8b0a
1937 ed043a24ed1b07f6
1938 bbd8707101de01e0
1939 77e10fc6a0e60139
1940 767dab6a0a092512
1941 1f24080fa7330601
1942 d68c815183aa82e2
1943 e20241ad3b7e2f4a
1944 f0ff13f8d590328a
1945 0987e6e40dfa6ee7
1946 f11e699711017df6
1947 6c06fbf7e6c54394
1948 f5ac50cbaeac37fc
1949 d4a0dc8f5ac45a6b
1950 e611e9db30d8e65a
1951 3f8fb5c212f791fb
1952 8cd3e46b67ef321a
1953 b52fc89be83e1ae5
1954 bad3ae0c1d6ac6cb
1955 4275fc273bb1f3a5
1956 059c4fe01005ef69
1957 c3afae39c249508e
1958 806b44eab9873e6a
1959 bc885bdb1cf46ddf
1960 a3a40c420d160587
1961 a2894c8c45578eb1
1962 8c855fb99734da0e
1963 0095533fe9d36e07
1964 ff3fe0d2f133976e
1965 acc02739d8a7e01d
1966 86458dc59f9f1374
1967 e017ebf7fdb97259
1968 b793f80da2ce88d9
1969 bd2c75a318a069f3
1970 c13033f690d9d7b8
1971 ab91d5098ed14cf7
1972 8e14189bbdce6acd
1973 e79404baba14c4d5
1974 a32e6f236523100b
1975 90713dbe812b031f
1976 dad7db6a034ff2d1
1977 b5e080004f74776e
1978 49b14c6aaa5c7ce8
1979 eb887ce66b865fba
1980 d0d298fdcfa16d1e
1981 8750f7988c1059e1
1982 8ea382b1ad89f6b1
1983 0a0c3001db691b51
1984 2129751109748dd3
1985 98d09fd1a57c5e2d
1986 f732774f2fa795f6
1987 55f899e97fde3d6c
1988 a472a8b034eec927
1989 c4f290502f5addc5
1990 90f038939a10b90d
1991 5dfbf323b2db8d67
1992 472a807ca42f8592
1993 07e0a2ff9b19127d
1994 fe9b0c92a00daf70
1995 0e9df24b0ceab54c
1996 09c681de26020fae
1997 2733feef6bd991b6
1998 7a79943077fa4952
1999 1bfc4a2a7ced5048
2000 c726e69d180cb328
2001 eaa49fd9298a6ee7
2002 67cd16067526ef1c
2003 023415d5122b4e7e
2004 6753e8993409e0ac
2005 da7ef5a0188e0c58
2006 e6d3cf247f79d5ca
2007 02bb34b1a9591e45
2008 b4c7dd564470a3a0
2009 e9af5a61f66ad478
2010 5fe54a906e5a01c2
2011 3ec95759f4e8bc84
2012 d757d9ef99e5b4bf
2013 e372aa70a1cc2d2f
2014 b4d3ecddb41affc4
2015 a51406c7405a535a
2016 ce8983623c424ead
2017 333d35cff0b64707
2018 0845f654801fcdd5
2019 2cb1227898d87387
2020 e923f97ea63f548c
2021 83e6d1383e570411
2022 ac18e0600b48da1a
2023 f51b815e1cba25ea
2024 e22f66e3f81c0c90
2025 3521bcb5d47a800a
2026 d600d10c229b9252
2027 1010ce978a065376
2028 b5821751c467e9a3
2029 ec089cca0146c118
2030 62ca578b07d48bd3
2031 42a4cc08e56039a0
2032 4682e2b82dde765c
2033 9be40f6b867c4405
2034 ba4957477b47e3aa
2035 749f0a3923216134
2036 87a6c2922aaabbbe
2037 044ab0fa346d7294
2038 910761d34f148182
2039 124c0a7da90df78c
2040 fead9c5e15fee57c
2041 e8f0127a466b52aa
2042 316210ce6b135746
2043 fcbc492d9c83ae11
2044 a0c2e521ead8bbf4
2045 1272a7d61ec4343c
2046 a8577f20b14f2431
2047 8cd37e39ff95c46e
2048 c67b168a048987be
2049 b01acbb045af3cdd
2050 25df69dc9c4bb76e
2051 1c067dcbcd5cf880
2052 0bc8c5d1386b06c5
2053 83f82e471007b036
2054 2e2b864755f6a1fc
2055 1d1372a27aa4313b
2056 1882cc31c79ae226
2057 ae080ec59683e9a7
2058 56481edb1520c72b
2059 2bebff932e023889
2060 a23c783e89d0f817
2061 3c40f9ff45f0e92c
2062 896be7772596342e
2063 182498d1105eff7f
2064 24b9367108cc812a
2065 70108ff83de41b5d
2066 84a715d8ba0bd0a3
2067 03902c77c570616b
2068 9ba5616e292aa4c8
2069 c996bbb5e362c9e1
2070 d8427972d1ef1339
2071 d4959c476d4f1b36
2072 33b6dc8612c5e91a
2073 d15f35c33f9f47c4
2074 5086474873d6b023
2075 e69ad38262ae518b
2076 bb1c73875668452d
2077 41466ac401ae9bc9
2078 d7f41b0e616c3f8f
2079 6ef9885db5aabc66
2080 8220d67b9672d308
2081 eb71f0f37898aa1a
2082 646ebe4b673c2d7c
2083 b1a2dac118121691
2084 46e7ce35f37b5b4d
2085 5c5f596476f76c37
2086 081eeaa8954eac6f
2087 63a4fb0ab3282d1c
2088 db772570345a3edb
2089 31b33c861261d937
2090 d984445d285a9ebf
2091 b77c1e6176ecd72d
2092 d3e55d12af5a1113
2093 c2fc3feb7d0bd62e
2094 a41ce7d195ebbea1
2095 1de5d030041a83f9
2096 34416c08b8b1837d
2097 5df808b61a3a72af
2098 89cf9855666c159e
2099 f30f61879cf2d63d
2100 62b7db9da552b375
2101 e55b82c891d50b2a
2102 f90ad38cbe339489
2103 2e1aabf2e69cc9ce
2104 0d3e144d1885b9cb
2105 43b22f422a679e27
2106 697aa7ed32e15204
2107 a14d44d3ff82c010
2108 7d398237542e606b
2109 7873f71264b66a41
2110 92a19271028c3d71
2111 63da2a789a31decd
2112 a91375600554391a
2113 36094e3a838ff0f3
2114 1ee768058dcea4e2
2115 b024bf11f3da5633
2116 cfdd5224568bd34c
2117 5185e39f056aeb90
2118 163a38c00495c4e4
2119 0a933d71db85f6f9
2120 a0edeba3cd0a9e2e
2121 b574f64c71e43f70
2122 55c9d299959a195d
2123 5f08404645022288
2124 8a28e3168ae03af0
2125 45cadd368836ba12
2126 0ef53432fbe6f490
2127 f492ed27706b7213
2128 78f55f216adbb39b
2129 bf96070851a12a49
2130 74457f62f107cf0e
2131 e19fad9ffa6b0fbb
2132 2b3b29189bff6dc8
2133 e01b42de1f06e9ed
2134 3d0f8142b9071992
2135 2923490a644f247f
2136 1b9c670a6e3be4fc
2137 1916cc02bdde8b5e
2138 7a945c0d7ae1ddd4
2139 20ef3c2b00cde903
2140 de5009a8b8b08548
2141 59b66c0a36b86e1d
2142 3aad39c0c7cc4b92
2143 f78093c946f5c1cf
2144 71d1c7f728711494
2145 55f90e63ee3d8ad9
2146 2af333b8af31e76e
2147 8cdd8846ed4c195b
2148 a050543362e2c5b0
2149 29b5514c4ff1c8b5
2150 efd9b9979b0ebdda
2151 638e05ad78e006c7
2152 f133c1bdcf67525c
2153 db9a177fcedf8f51
2154 9463d1f8941dac96
2155 e7f853fbbd7a48d3
2156 ebac6d4c300f8d58
2157 0efdcba1ec68dced
2158 244be9bfab1b2d62
2159 e10e400c80315a7f
2160 7fe046a8fb10ce24
2161 f4988c530cb17949
2162 364a3b6b8ff018fe
2163 251b06a56bb2a96b
2164 61ebfabaa6d16c40
2165 86daca9fb64a3985
2166 c5deaa50f2a7db6a
2167 9101488cf7e0a877
2168 2ebf753dd8d19d6c
2169 69bd59ae443cc481
2170 142a2d0b9c430b26
2171 55df61cce40907a3
2172 fa6f814384049768
2173 440fefc90357fd3d
2174 e470b6fb91ef7732
2175 719bed918e7527ef
2176 48c49adb78120db4
2177 2618890fa272b8b9
2178 43f61712c423938e
2179 473c5833fd21d97b
2180 c0969ee10e0f8450
2181 31a36c15de780bd5
2182 a7ac3b20762b05fa
2183 6f56de812c4a4d27
2184 9263dcda030cfc7c
2185 0f9ac66ceeeb70f1
2186 e4148d015847ecb6
2187 882094017e1cb473
2188 e6e1ac815353aaf8
2189 0efe54b2a610018d
2190 b125e5d5d73f8182
2191 3582b5b1aff2601f
2192 1a34ea825e50e044
2193 37ca290274905ea9
2194 924796d7da2db61e
2195 d113a5de3d11388b
2196 ee6e9dc3481a1560
2197 86d9e5e2a6215625
2198 5993b53f2804e18a
2199 5c4a888f27adb4d7
2200 d71c4d17ef3eff0c
2201 5a4da9134efddb21
2202 093b15216ee73b46
2203 775ff7c7a472ee43
2204 7d1cfa04e406b588
2205 375ed754f0477fdd
2206 3a75acd48eb85052
2207 4eb1f0010e7ba98f
2208 eefec5e77ef67bd4
2209 3a11832deb88f619
2210 a4cb9005c55cc0ae
2211 bd01ae4e8d78009b
2212 926424f2fe6a5bf0
2213 8c709c4d5e463e75
2214 4850a448429d6b9a
2215 0359ae0166a5d387
2216 c7cfd6fd856c9c9c
2217 f130ac8e2f45fb11
2218 5fb4e28a7a4ddad6
2219 31a57eac8af9e113
2220 3dd4c10723cb2a98
2221 f475912229624fad
2222 0dbe53db577f4722
2223 f4bf72d12c31453f
2224 728e0860126d7564
2225 d972b2496b367d89
2226 541dacda0537533e
2227 251aacbda37168ab
2228 f1404e098830e080
2229 b0e57679150e6f45
2230 709e582ad7dbe72a
2231 75d381832309da37
2232 391ef93e4e970aac
2233 e948c98b99d4b241
2234 38919297bb33a466
2235 acbd25781b7682e3
2236 1becb038514b76a8
2237 56989f11aa454dfd
2238 4bb59d1b3d4f2df2
2239 3841ee852fd88daf
2240 88e110e532a696f4
2241 57a7852dee1e87f9
2242 a787fe17df63dace
2243 0f79fa5bbafda4bb
2244 3c5568761ef7d990
2245 447ab8d153f51d95
2246 8adf46cafe1590ba
2247 54482115f7c35be7
2248 32375af64b1847bc
2249 630cc23d77b99db1
2250 7481a7af009cfbf6
2251 81a432a8a94091b3
2252 48fec1c60efac338
2253 61b63ebcbdd97b4d
2254 7219232f13390142
2255 8efb7727cf1cfddf
2256 3a548de4e8d38884
2257 280bbdeb352382e9
2258 d328348ba4b95b5e
2259 14cd68c7fa67a1cb
2260 ce59c122191472a0
2261 c2a94bbc1a76e3e5
2262 c81bdf3a5074b34a
2263 82b03ed7081bf097
2264 ea9e1ed703d3724c
2265 90dd5498fbbd2e0c
2266 ed1993931ba1f1bf
2267 2edf2e6f83aa1a83
2268 368e1730408d9701
2269 08447e807826cf44
2270 dc6e9bea2ac452b3
2271 a75ebc75ad88ca0e
2272 e57335116218ad4d
2273 b84fecb36ccf58a0
2274 a08c6795c551ce5f
2275 4dfa634c2050042a
2276 51f0fd872874e4d9
2277 3712a39736852c57
2278 ba5a9443055bf408
2279 51fb24d6978e26c5
2280 b469f774e8ad9a16
2281 e58f13e57ae32e6b
2282 90c11560d046021d
2283 5925b97838fe042c
2284 acac148fdc752c39
2285 6f1bc29e08d025b0
2286 01075750b838d9a9
2287 c3cab8ee8d97b90b
2288 2d5e147bc07fc8ed
2289 cb8762e3ee14dba7
2290 3f0c3c500fbc9c37
2291 bd54c40403b75188
2292 db6e6f2a9cee077c
2293 e166712f0f79d812
2294 1564ed1e34c7a0ce
2295 cf42dcc706146a59
2296 c5850a2dad70bce2
2297 dd651a0993f7dbd6
2298 50290e2a16882289
2299 21110c84c1e73cd5
2300 8a684e33de2d59c9
2301 d9909d020d5b397e
2302 801a4c0bcc17ec6c
2303 2d19a1f0c285b97f
2304 7c0cef18a726b524
2305 f261a07e62b292e1
2306 4bc9b0aa8b6a2da0
2307 b7e9829c60d552bd
2308 48ebb1b99254648c
2309 4bd832fc106cf848
2310 48cd8a0be7350fb8
2311 6567c64eec4b8b69
2312 a6af5e7dde564211
2313 f5a8ea8a72deb2c0
2314 4e26f482cad24017
2315 5c7df03553f5aa62
2316 62d71fb316c55be5
2317 90b88e204eb37df2
2318 0cf2a737e0321e72
2319 d1235bbcd29e2f13
2320 5dc599aa037bec62
2321 0c5052e63c91f916
2322 97dda34481b683f5
2323 f121f2ed0f33fce5
2324 337fec749067b167
2325 a9050d3670e4d3e6
2326 623300c9b23b705b
2327 2e1b67b3ab43bd84
2328 b0c971e9c55d6ccb
2329 a941242b8707cc5f
2330 9f23a3fafac53452
2331 c7c1238e580707c3
2332 2c992102060203df
2333 4ef5c0c1d577bf59
2334 815ab294740f673a
2335 5d442d5ffbef865d
2336 229d2f40adc42910
2337 9a28dcecedf24671
2338 b81e199447fb6f8f
2339 3f407393e9d46cea
2340 2060ff4d433c0785
2341 e50a7c13924564a6
2342 c9954e256f8715cb
2343 9217f5f62d94242a
2344 4ee701cef8ef1de8
2345 361e7a99ab3d3811
2346 bd689a0b146c120a
2347 b1237dbc8d4f1e5e
2348 045144b987c628b0
2349 115b32d7468c3f01
2350 f70ba7dc14f22106
2351 fe0f654066213dbc
2352 607664b7344c299b
2353 9fec1b87f64d656e
2354 7dc2a469a4ffa9c1
2355 4f2a3eaf80cce128
2356 77e7db6786ccb63c
2357 7887f7dc18d22fd1
2358 adac1829adc8802a
2359 ed48feb6b391bcb6
2360 078dfde6d9944d09
2361 da68b596ec16e9aa
2362 d6f9f18b5d5309f2
2363 6d29e336dab27c36
2364 b1170fc03adff2ee
2365 cd5944b26cc5ba20
2366 71e6ca42569bbeab
2367 b4bc636288c5a985
2368 529542cd6aff2a7b
2369 615cd49ba8030a39
2370 000dfde8b68621d8
2371 e27b7b2d66edcf91
2372 e3dacd39033c0ed9
2373 427481abdd680c4a
2374 9290b83662e02e11
2375 ca2f2f1d136ba436
2376 869bea871b0d20c0
2377 584b8203de50d00f
2378 7174acc40b3d8586
2379 e990e07811039b67
2380 e14b74b0bab9f2d8
2381 89120aa9fc173d53
2382 f4b51dcc4e0ce05c
2383 b922e3afd346d516
2384 0a2bcb4ac65a37c7
2385 11d8a34368bde14b
2386 3dc3c6a499a1cab9
2387 b5e5d015c6aebab2
2388 7a27b50a344f25dc
2389 37efd726ca56d5a7
2390 f2ba00fa576f86f2
2391 9f802688566cb8b3
2392 5aa3169e0e88aa70
2393 8c79e0c1a0c7b018
2394 88024648f487539a
2395 7570992470220c47
2396 23a8dfecbcea7e13
2397 25c48b0fdf2d6492
2398 d6a6de529ec3ad6b
2399 8d5e6617951b43f5
2400 edd7ad195780db48
2401 0eb526b2edfe6f56
2402 2842df82e33f33c0
2403 e10fea53977aca7e
2404 0ac32c0cda70d027
2405 5c5ef77ccf6b81d8
2406 5ff005d9341cf069
2407 e7c0394123ca9b4a
2408 87623c3c02e223b7
2409 dd9261d74ddc995e
2410 9471a522c76e8b98
2411 2fd0447473f5b28d
2412 7cbd21ff4305e48a
2413 069c98ac57a3bfee
2414 9a04495b39daff70
2415 eaa89b56629c5cda
2416 1a28c00d62c8ca8d
2417 7f6f3791b5579c73
2418 5d6fa63606015329
2419 2bc1df1a9781f456
2420 8106c6ed8286126f
2421 b931e6414c37d6a4
2422 68b0c22fbec59d63
2423 464483f38fef0a05
2424 4b5f6976c3c7e5ba
2425 0eac9f63135d54aa
2426 9842fd7e0029ad30
2427 2ed7a5d6fb40aa10
2428 bd301de9e4191f1d
2429 030fb7a0c4e7b398
2430 0f7ab6d91539a61c
2431 a4da526e9ba7a1a2
2432 f6fe2af2a5bd61d6
2433 31dd2acd1a902ac1
2434 c68be2cf25eeb117
2435 e20d8b6b7fc23c30
2436 b68a5ea8ac62505b
2437 2639a76981c2c8d9
2438 2a8884f9d4c1fd3c
2439 efcc0e7e5caff5e2
2440 0f52edab6feea056
2441 3b2efa1a3b9b6bb2
2442 04823288d0d0b642
2443 a1ffdd10fee9dd19
2444 b1378a51b51907d8
2445 da49ed88a9fc56b8
2446 cead2605544a31e6
2447 ebc62f020ec9d080
2448 09bc91ae0045b8a3
2449 0a4847c903158345
2450 1dc6edc33014bf76
2451 6028957f66f7d470
2452 4345cf8635b058fa
2453 2482321e933196e8
2454 1815b4459661f541
2455 fbc6d3848285c1ba
2456 07faeaab0990af09
2457 d278ac51c7a3e11b
2458 9636287ee3d04d65
2459 cd4aa2995001814d
2460 96ea314c186ed979
2461 f06f0a27bbdc1e8f
2462 ee62ca9e20ed2ee1
2463 5ea37fa974405ed5
2464 74cc11f8414438c1
2465 79bf39fd63863399
2466 a60e45d374dde46b
2467 2f10590d9ef8f1f6
2468 16aa590b0e80d6b0
2469 61bf4471f9d84f2e
2470 c7532de878928051
2471 ca5bcb20bc0817eb
2472 6a507f4918ae12ce
2473 30a94534f66d8dfb
2474 8b0cfc1048f70564
2475 2486273568794886
2476 c615ca43717c72ff
2477 0335437ae885f41f
2478 48a1ac8ba60f87e5
2479 9d94a070ce8d2ded
2480 079caf2e01f59729
2481 f427de26642d2f31
2482 12fc3424193fd6a9
2483 a529ef0f31da79cf
2484 7281c2cdd68a7982
2485 ba1ae54ec417ee37
2486 4e38e164ed8b0d09
2487 ccb1ffe9d7bc605f
2488 bc7f5705432a9666
2489 28cc9ec520c5041f
2490 4b6ae4f031573c24
2491 5d09719019930e6b
2492 d38e81362339802c
2493 6154972d8bf60453
2494 0c27e7e0e88c07f4
2495 d584f08496e1f7e0
2496 a6c25ff97029522e
2497 8d149dfcf0f8d15a
2498 0ab1012e172699c0
2499 b1e0c2533a0159a0
2500 018da286640b1188
2501 a8af673dc94dba21
2502 ef2500f1938158c8
2503 641651217bc4f7ab
2504 7194805639be9a5c
2505 4514535c634ee53e
2506 bb72d40d25c573e0
2507 116b26e8786de2bf
2508 b82fbe857fa2f7aa
2509 789230af3594c632
2510 e7ec52700f0a2abc
2511 0342dd405177e163
2512 f1ed2a32c5b9dd2c
2513 6c48e12429a458f0
2514 a8ac5f61dd246dc4
2515 f758576b1f90bd92
2516 f5a17d6d06fb99f2
2517 cf046a38d2b538f5
2518 9fec2ea697266b04
2519 c30909976f8a6ea3
2520 f09e402f7a3e65af
2521 9d8b5baa15e32b5c
2522 8f96181779508c71
2523 3216936a3905c034
2524 c5d9c0203fe2973b
2525 a5eeb652f8bf2924
2526 bb0d1b95f4c24e45
2527 00f12da2d8e6180c
2528 e115f72ba11902b9
2529 bc634497ae759070
2530 0bc7146fe8bfffb8
2531 4e5da81329a28171
2532 30c2c4a48668e267
2533 dc4d3f49b353b0ce
2534 a31fa8c135e37519
2535 538ba4725b2ce5f1
2536 0fcbdaea13b0ba9f
2537 b4e725da204b71b2
2538 ff1434595427d107
2539 32a725eea6ef1227
2540 3bc3eba1a28835c5
2541 69fc0031002a3dc3
2542 43bb1577ca8b4dfe
2543 3b55be757edb0a6c
2544 128e483c407ab35d
2545 700fb0bdef11d78b
2546 48098a0bad8aa6f3
2547 8318c47a2b251cbf
2548 baddeecca5dc6e4e
2549 7ca4fb8ae3759c43
2550 7d43029de3b5db17
2551 49135bbbb6997534
2552 1711032f568e1014
2553 d2e38c7ad2609bd4
2554 2d1415ece0e35ad2
2555 b4327cbbfed2a048
2556 05351115b5f0f435
2557 1ac83cd80e8734d5
2558 a602966088640f05
2559 b3dd80decd2b0b7b
2560 7a05504086d75f3c
2561 59e1e8fb111d6ee9
2562 ca08a88d9827b27e
2563 302570bcb11f5ccc
2564 7e6335a9ba517a5d
2565 80b61ef6df60c596
2566 463fb26bcfd7ff6f
2567 f42e673aaebf33dd
2568 c633a047e13b5af0
2569 0fe68c21119142a9
2570 b08aab5840cc01fa
2571 5bd2daadc408ae83
2572 9af8df7b81ba29fc
2573 5c218a916db950df
2574 a7998793534d55e6
2575 5068f009bd7ff6cb
2576 d24734b9d6e60fc2
2577 8ec533c67caf732a
2578 c0cd8e0a751446f0
2579 b8c9ccf849e2c83c
2580 dafdcbfe9e2724d4
2581 e68ee6677834b720
2582 2a60b75412f77682
2583 2bec4c7a7fbb92e3
2584 cbaaff00495067af
2585 91e30317ece36122
2586 8e276f9ca23f80b4
2587 85be7cb3ee4a61c2
2588 7a061f8082b96475
2589 640077a8993ec5ca
2590 e85a13e579c406b1
2591 e26883ec7b5e13aa
2592 a31e174417e46c7e
2593 f3f420df9faad3d5
2594 f094fcff2fff36d0
2595 30426d4cd082eaad
2596 5a0a5eab98c98369
2597 43b9c2ef6ab64ae2
2598 e0262e1b639e915e
2599 bcc4fd7d82bdfe97
2600 4413c49eda9aabf6
2601 96642d41868478e2
2602 821b61515ac36d90
2603 8c4c545a314039fe
2604 151c063830e313bf
2605 f98fef748a72fffd
2606 4218c447cac47959
2607 219741556846ca10
2608 3459b971d01b33cf
2609 0f0dac4a90c95b83
2610 05993a611327614d
2611 44d4ed8e20d97276
2612 76d4d58186ef8e37
2613 6027685262e3c258
2614 5ca424f9ea2a6b9b
2615 48cbf7984707f052
2616 6c0d52796f21336b
2617 a131ec3a97ec8d45
2618 be443d428bce58b2
2619 8cccf6b224b1dd6c
2620 c7b10f363988186e
2621 51e1dc6becdb84af
2622 36e6a90dde23a274
2623 15574202f4cf74c5
2624 22fed560dfea6e3c
2625 82e51a2ae673c70a
2626 46a91a8f5b14c589
2627 853e8e9e8fa5fa23
2628 06977c36a4814db7
2629 8ee28449f07648fb
2630 5da76a57c78b3e23
2631 de2a183e16417d65
2632 be1f39a144d0431a
2633 cf00f1893cd73125
2634 b5ebbbb2d199eacc
2635 7a07d9dcb0affa42
2636 ab1bd6e49b62a0fc
2637 b538bfdf40330357
2638 5de9aa7f0793dc23
2639 6ac2605dd6209fe0
2640 3378dadf1ad269b8
2641 382842bed8b75441
2642 641325ebf6004f62
2643 3af3b5def7e87ca5
2644 f2dfa2df4d885af9
2645 b691afe3c067fc02
2646 08868be2c5a0b3de
2647 ec9c0fe95dd8a3bb
2648 a54f1c37c534bb42
2649 0c3e4bd94113e8ea
2650 b995391a2d3f0234
2651 9c65bc43411781de
2652 98e7656c3f0c0da7
2653 34cb2206d44e99a3
2654 7f7573dd861dcbc5
2655 ebc83f7409fce15e
2656 84569edde10f7dab
2657 b68b08023adad175
2658 a0ced180b8e08fb6
2659 4b91a334c13c5d17
2660 7e85d1d638cd9d89
2661 d220050508a3cae5
2662 79654f9775e05539
2663 776a7e2339545b4c
2664 9e4f764c16d66eee
2665 e67b91a9d123fbbe
2666 e808fa885428b5ba
2667 94415418669bf806
2668 d1479c351d58f1b0
2669 2f95aef911bf6f15
2670 8d98eab52082a1b0
2671 4a56721dbcd00fe9
2672 1df19748fab31088
2673 e1b82b3b3a66ea6d
2674 cf49efa25157df2a
2675 dddf356db6462a3d
2676 6734715d8c738e15
2677 3ef83297cd09a980
2678 b159698122a14dd1
2679 e87204c4f6caf7b6
2680 75d3b25b989f658e
2681 1787b42378ea38a6
2682 bc01e0ebc8261fd7
2683 539bcab1e717ce34
2684 c7027c4b31374d00
2685 f879ea2748fe4fcc
2686 1b1584928e26f323
2687 7a031c5bafc4ec41
2688 77708564dc95a78b
2689 83606c9b45126241
2690 7dca0d15b1d60c67
2691 f2d17da1013e9bbe
2692 5c30195715719ad1
2693 26d2f9a066fa1aa1
2694 e72d30be73ac7e80
2695 3fedb9c8c004eb46
2696 f19ee1d2df9ba97f
2697 e682417ac989079b
2698 e5e1360a817bd198
2699 2cf967b274f7ddbb
2700 cb017218d0c35e8b
2701 cef2cc9074f8bd0e
2702 51c525e7ff71c4fc
2703 60d779d34f8f9516
2704 ebaaf01ee2fe8890
2705 e48029c9908b1190
2706 dff65c6712f74dba
2707 e883d3de24a50f8a
2708 335943d7ee5b4a4c
2709 991a4f28f485db27
2710 272764a532073be4
2711 7b0cbaeeb75756ed
2712 d5ba2ca23a763d8b
2713 a08e1ccfb842cc1e
2714 181415343854c813
2715 885ecc1adbc62622
2716 b5ae01d0b3562e6c
2717 01b464022f1fc2ef
2718 2f429657ef752576
2719 fc1b03c3e81e8a9c
2720 58f9347f6c15d212
2721 9de2c4eded449870
2722 1f476e87e5631e5b
2723 f9e2d5b19df29903
2724 7a396fcaf7ed6343
2725 ef0a63568021a541
2726 075a83b8ba8e60f4
2727 ec3a528b98091b47
2728 f5e6b90fa474b31f
2729 c913901614d759f5
2730 a3877b16ae0da0ba
2731 79419feb581d6b80
2732 27eb92e0ba35e6f3
2733 74f147de4a72c370
2734 ce8ac05c1b8cb52d
2735 8efd4f95de860da5
2736 86646d2490ae9aaa
2737 465ffb4055b8f3ff
2738 2ec1dae91ed14f5e
2739 aca1afdbb6cf0733
2740 7aee7bc1b456918e
2741 7c06a2653c2ea0f8
2742 de2ecbcf9fd83bf9
2743 ed512c56c763a493
2744 74a659a212bb747c
2745 13731acd164d62de
2746 4d553d8c1f132fd0
2747 1bf62ef2747eea69
2748 b2012cd87f2e7f1d
2749 5f43b16adf8a7775
2750 7b3d89df650d5d6a
2751 8d5efc0be406cee4
2752 157156d189ce3afe
2753 04800888ac2a9e1a
2754 f8aa0360b053b925
2755 7a0c089369c97788
2756 7c99b9d2bc52a9d6
2757 23a77043acf666c6
2758 39e4d4167bba0432
2759 cb48d273f9b290b2
2760 333f7c19632db9a8
2761 2c7fc9e90c722b5c
2762 378025d16bbdc643
2763 3e28dbc19c343921
2764 c62262cf28c4d389
2765 041ec9d64ad47ac8
2766 61b38a3cef973e04
2767 c944a9b4156bda81
2768 868057c052638d4c
2769 3290005ddf7c8e15
2770 f33a81fab43fd85a
2771 6a25e1abe2a1df3c
2772 fa79fa4bd4bb631f
2773 85ad024164a24882
2774 1997aab0d22421fa
2775 cb310e7d40d6844e
2776 7cad94036f6f0379
2777 c6b5124508f53107
2778 e0f3d81a03761339
2779 4b54f926f016324c
2780 6d5916de708bef63
2781 bee57c78c9c1da98
2782 5939e01ba06e22b3
2783 3e7229e51ea794b4
2784 847df37150471822
2785 1c025614d33d9ff5
2786 9d8c3da63e4a21b3
2787 3bee1e2ee57f6b31
2788 16c65c6896efd026
2789 f37868e713ededda
2790 c3835ceb71fe3678
2791 845051c0c1256ba6
2792 734f39795ccfcaf1
2793 5a576e2b6dad455b
2794 8bba649a67b88d44
2795 78a7cd2705511a1a
2796 9aca34d02c8dfe77
2797 faec7c3111526a85
2798 a85db06a7853390d
2799 d8dbc2bbed4ab0b8
2800 4a488c534f026002
2801 175ee8b953d0d94c
2802 0fe546cadc440a7c
2803 21fba56b2396339b
2804 3bbb25ccfc6c99e8
2805 74b18217f7dda06b
2806 00cd7c72d24741c9
2807 ca0154322e854524
2808 75a99d54eccc1dd5
2809 526a226f383bac17
2810 2ab4b4f598d2f51e
2811 a5e8ac0258047515
2812 f37a30e8c6e66bad
2813 af2d5fddb0c1df96
2814 02c24489f5a09257
2815 f012d4847f1c0d7b
2816 8c36fbb5fdcee62c
2817 f02bf430eafd5bb6
2818 f576af80757e8499
2819 d56378fb457d0f3e
2820 a910f3d5eac4e2ce
2821 84d0f9bd309b8feb
2822 41bf51d65cbb8cb7
2823 7fc2beb407103e2b
2824 c982b478f506f5ea
2825 40c91d95ff203720
2826 d3e48098650e0f75
2827 d6e47ab951330609
2828 1474cd241abcde09
2829 fddc08ed383c6dcb
2830 b597c41fa399cbff
2831 4d29eac32c421efd
2832 b58eb0dab27a33e9
2833 fd7c9ca085c2cb30
2834 58427f2aa51b8d08
2835 0ca3c4b8d5fa371b
2836 bf398e0f10c84180
2837 cff2cb558105dd16
2838 0fdfaad42c2878fe
2839 c3a7d3f69b2b6213
2840 8ad2724109382fc1
2841 4497ec149b1afecb
2842 dff10d01b3e05780
2843 db5d06fc99de7719
2844 8bf14b510ac2c144
2845 66dbd560bad2c99c
2846 ce1e3c46a081171b
2847 6f41a6cb792c40dc
2848 a71f522ce2cf1fc0
2849 54b72b6397926d60
2850 e34c3ba6807296cb
2851 2453f8a136bb4227
2852 e32eea0912a1d8f3
2853 cfb69ec2aafac684
2854 20e962508f940c5d
2855 1b69f6071dd77a36
2856 3a235588f2a512f0
2857 f2049d901e0a5ac7
2858 af02097a53675b6a
2859 7cef8255159bac17
2860 d8c04353a8d9540e
2861 23438d526685bf27
2862 c1979ac29dca87fa
2863 aec79db93d11a344
2864 2347a5269f3c45a9
2865 0764af268db4bdfd
2866 c927d04cefd6ff57
2867 948e4392ee2c92b4
2868 d52710820a03f4fb
2869 9e53216b0583cd7b
2870 94f247af623e15ec
2871 40ceef892501d247
2872 ef058698464bf0f6
2873 e73a97ae59881e3c
2874 c77cc503fdceac5f
2875 27c99e19f2d7d379
2876 34b3f4cc85370145
2877 8f1a24c95629c59a
2878 edfbf85016df555d
2879 e8f26edd5ede5e5f
2880 12c43063124cbf47
2881 9af9931abd3dc698
2882 c1da1ad6950b8f61
2883 af28e055bf6382cd
2884 5015518998c8bd37
2885 95616ac42c5f8309
2886 44c2f934aa360362
2887 3b5381297d0b0b32
2888 eacc4d3a282b4200
2889 c766c152487d5430
2890 e3c160c15594f181
2891 d7e8c03185c18cb8
2892 d75465bd1bd80e62
2893 91eea1cd28d799e4
2894 79b5df95a1d86e44
2895 b984cc3b92687153
2896 2fc97530558349d3
2897 de6cb65c602645e0
2898 8e8700a108aa67c5
2899 8bd83d5faa96a12a
2900 25759f0176863584
2901 8914d592d665158c
2902 e150fe1e1233aee8
2903 a541b009e23d61d6
2904 565b302dffd34a0a
2905 5a4031e05035805c
2906 6e3034eb51eebf8a
2907 3325dae2c619e55a
2908 c76b4efd7f7f04f8
2909 7ef22071f7786c92
2910 0138a753516a3bc4
2911 5a484b2021654679
2912 898d6d2d8c4b9a09
2913 52a68b44a5097117
2914 ea3b497ca51bda99
2915 5561ae18b2b37316
2916 04de97e741dc9552
2917 6b517d27de6350dc
2918 e1668931ccb2da35
2919 5a881b457e84a82b
2920 c9a141d34651d879
2921 d1c647280af508b2
2922 ae5aa9a6fee9559d
2923 0da25c36be2ff532
2924 52dbea690fdf3dcb
2925 4454c733ac58bd02
2926 72367da3a78e4d87
2927 45b5aaeea7f18ab4
2928 3e0450e410bc9b4a
2929 8057972eb05d9065
2930 b180dd78484b87e2
2931 bd4066a33cc4a975
2932 d6f37850be7cb1a0
2933 63761fcffdfae6b8
2934 9294c5a735074677
2935 adde235bddf7feab
2936 c9585f4290ec268d
2937 bf198b93da324106
2938 676941cf82e126dd
2939 7cab929ecaa1f65d
2940 e493b7886c676610
2941 10728385bead9c08
2942 92c135746e56c037
2943 1fffef1d4772e097
2944 3565ea94f88e36f4
2945 8262b1edcde5a76a
2946 b76af6c1cbdfe4f7
2947 a3524096b6b8572c
2948 51326ff1fe7ada83
2949 f306d4b2f464fcf6
2950 1d3c5b665071e291
2951 540af0cd24d062be
2952 b371afc58019f420
2953 3ea45812ceca3022
2954 612ecc4f2525c413
2955 14db9c2606e0d815
2956 85dd33fcb5aa1802
2957 b2817fdc28003395
2958 5435021a32c7419c
2959 9e6a9d290c9532f1
2960 8c7907187c71ab87
2961 2dc5e56f1a50063d
2962 ea2e37e26686672b
2963 d19c4279f1dd0622
2964 41bed5cc6889af6f
2965 137fe9b0db72a359
2966 bb3f061c8036e6dd
2967 895c0beb92ab42a3
2968 20530508069a07b2
2969 1c312e9c9cf1d752
2970 730a2ee377a8ab69
2971 0c8323406d8ec842
2972 25ad332c5ad7044b
2973 6d424af3a4f6d32d
2974 e7b038de3f1fae27
2975 13b5e349526185da
2976 d166c2e9d16a38c7
2977 bc6d5a7147d204d3
2978 66cce426d1d46d9e
2979 82b342faa3b7e078
2980 e85c623846c7944a
2981 b597feea4f433252
2982 2ae27eb9e979a598
2983 b94a62049e7d4f55
2984 b1815bef5ca1ebc5
2985 edf1da13f3d59735
2986 afa4890668f2c2a8
2987 415da176307674d1
2988 7ecf2dcd743a4132
2989 7b87a62d5b2d2934
2990 da266dfe6376b6e2
2991 c5d378baa5f06231
2992 f1126414383b5404
2993 cb44eb75795fd658
2994 103b456453c3eb71
2995 1a10e51fce57aa09
2996 9153981ff463a7b2
2997 e0db1b43ce1329ff
2998 4fcc68ac6dc086d6
2999 571ae6e7d7fcd9d1
3000 c52d03213a3448d1
3001 4d7e55dd3b6af203
3002 56742a3763e17d3c
3003 e69c8a12de90beb9
3004 dc8dd43055a51bae
3005 ae4f8fd5c6be9a8b
3006 213f57a31d98e57d
3007 6c620a4f2524ee15
3008 7bb2f133e7b50b73
3009 e30aa73ea5f9e19c
3010 5a1508a62ad3f86d
3011 a59756b16753b390
3012 2291099a1297c8e9
3013 43c1dc46e297331d
3014 e9a0adaa4bfae72f
3015 2ac07155ed2308e2
3016 baebe788ee6be35e
3017 5790daf294e0041f
3018 a3f1abf271cee0e8
3019 f3374c25a78bbdfb
3020 68e2842e86fd2eb4
3021 c8450c9ae184caae
3022 936c983c05e68b9a
3023 a03e92f6986776ae
3024 06936a01c775770c
3025 7a1e1940cfda6270
3026 61feb277091ecde8
3027 48ca6ae7b94f900f
3028 7d384ec0dd47aa58
3029 cf4de59df39a545b
3030 31689a0067d1f632
3031 262dd05f7d7a7044
3032 bf61ada33598c652
3033 a0b24ba258cd74be
3034 f22f3e9d1fce2261
3035 72796edcbd44d35f
3036 b4624945cd7f34f2
3037 1c1325df24cd3df2
3038 20881a9cf567ac30
3039 b9783b58fb9b058f
3040 bf41c4403b5d1dfe
3041 d0be7e80b16f2e5a
3042 5338d0585be03997
3043 7b67d053ce1076d5
3044 0f4fe0e33917987e
3045 2f02cad8c4eacc6c
3046 e133401268fcd60d
3047 b6ce4468a84cb2e4
3048 b021afad21940cc6
3049 f89fee92b42ee1ab
3050 a226d2920af845aa
3051 0b0b69760fa61843
3052 e7328c5ae78811d3
3053 897515fafad5d032
3054 34954026d98576e0
3055 39b674af2772b461
3056 4fab2f89d8657bc4
3057 102c6443f1a7db20
3058 a4fc189ac2eb0729
3059 e8ab06f34f1628d5
3060 eecbb1c2962be14b
3061 b255b46833410021
3062 0605e5e7f18d43fb
3063 99f994b19edb1134
3064 83839a3b5ad29a94
3065 7c59f4c143d82155
3066 b19657192a1e7503
3067 07b5f14c3212c463
3068 0dec6b82e9d490a8
3069 f78485a735761359
3070 0f3afa9a70411505
3071 b1b35f82cb3e8ce3
3072 c5211c2d1a5a6120
3073 b73ff94a904eb506
3074 07ee8975952582eb
3075 2bbfaecfe1dbb33e
3076 bfe2afa78af5fff0
3077 bb2edc097ebbfb78
3078 2412ad19023fdb9c
3079 907ed163956dfc91
3080 2f1f201eafae5ab1
3081 9917b67990d55cdd
3082 6ce3edce58f8fce6
3083 f3079d8a7e5c46aa
3084 39c5336646f31a10
3085 9e465042754615d5
3086 1d019de9e0e3de2d
3087 54d3fc3293534dd1
3088 61bd6336e6579e72
3089 892e1a18e9565c04
3090 a0ae4e3f72f4dab3
3091 3bc1d636eeb0413f
3092 59f79fbeecdf4e8c
3093 f1e53bd25158e51e
3094 2243fbc4e31e54b1
3095 d64a2be8a4f95e37
3096 4434ec251945cf9f
3097 9d8a7b375a0bbf65
3098 f9d20556e35f0ed0
3099 9e42280fb3d12b4f
3100 17736ad560fac9ba
3101 2e9249efc6eaf580
3102 ed9a6eadd9e716fe
3103 35e82efc93c88ea0
3104 4d015bad73736753
3105 286a1afb6a44a34b
3106 8385abca0856fef9
3107 0263efde880a7ca8
3108 58f837488aecbebc
3109 8decba1bcd664863
3110 14230efcb823b8ca
3111 d39cdd4b429e02a3
3112 2b3e61512add1dd4
3113 b2b67e64155491a3
3114 1a017f1078904aba
3115 b80b41d77b1bf4d8
3116 4da34cf06684a4c6
3117 2b17749651e4bbc9
3118 bf6e6746219d4689
3119 8b2caeb7cf35daf7
3120 725d5d83c5e65d7d
3121 1b9b1d21120f8c14
3122 6b4422e609cc2f53
3123 450a5a384bf13333
3124 f82be6f7b3352c41
3125 c98a823be40b1bc9
3126 8ff3f00e7311c323
3127 00e36d6c2b7570b5
3128 3e10a5d8af93d3ca
3129 c83a35b29820b316
3130 4809d212a3a78e62
3131 6407b3da011c97ae
3132 1377386450a7232f
3133 c5c3ea148060b5a4
3134 6f0fca05052c63b0
3135 edafdc7e42758ff3
3136 c2530a54862a43a8
3137 ca673b1f242bd277
3138 1454340b02d41f28
3139 a8ffe856ac753645
3140 ddc63eac538200b0
3141 7aa981d9c2ef11c3
3142 aba99200fcd6842f
3143 ae195dbd36c7fae2
3144 7138e2aa44330e7b
3145 73e5443fad756bc9
3146 758e75bdc2756785
3147 7f71a85c7a042128
3148 c04c4fc58cb9e3e8
3149 7cf1bf80d13db8db
3150 dc9ae3953d0d2d26
3151 80d100861ba377b3
3152 672f49045fc894c5
3153 50cb5ee7b9e2a0e3
3154 563156843b2a2051
3155 40371cadb60fd71c
3156 f67fb9b0385f86f8
3157 659c751b2d594c42
3158 df4ceb9bebfb029c
3159 7febc9332f4b1260
3160 68c20c2cbaddc6bf
3161 5df4f9bccd32e165
3162 2d1dc1b88710db16
3163 1e7c9384e38d9925
3164 36d662af39685dfa
3165 d432ce357d8c1d8a
3166 3363e22e15a8bab1
3167 fc718c87e8fca07e
3168 7048dd3af9233a07
3169 5ad55c118b5b5e54
3170 f0aaa83265929021
3171 405ce19c30a6ac54
3172 dd31eb9544d9b194
3173 1f3b4a0cdcc4fbee
3174 3e28a2a764252c49
3175 d522c88c288f4efa
3176 33469c21cdab8441
3177 f36d1180559c9864
3178 e5d12174699a3cba
3179 7ace63f13ce0770e
3180 89a021c511f32f4d
3181 2631c41bdf561d98
3182 9b7e2fe7a8ef8cd3
3183 baf26561225804e1
3184 d2a047245e4e3264
3185 0695bfeeed851b78
3186 32a33189760124ee
3187 b45b143e2665d847
3188 52906026c403fc86
3189 6d304444a21d65ab
3190 3f2d2b5b2c931aaa
3191 fb0dfa8bb2273ad2
3192 c771c1818a7091fc
3193 ab096ef12fab592a
3194 f3eb58fed0b7abde
3195 abc79d132e4ed899
3196 93dd18d5cf453eaf
3197 c3a505970cdcd0c7
3198 877ec61c1f4789b4
3199 81a4cf4753977eab
3200 82dcba2b887b5b77
3201 14da5489c89d1a12
3202 fa477f8bade772bc
3203 e331caf03825bc50
3204 cc0a5e805d45dbfe
3205 deb6333d8454376b
3206 c6b186ac316fa1fd
3207 0796420644fc77cb
3208 a485608343277e16
3209 87c0f4a6814a10e6
3210 1171bcc4dd51a857
3211 4f1c111c8b18e6b3
3212 35a19c3c30ac5794
3213 d03227edb69befb1
3214 520e700674664483
3215 d9acab6adf4f235f
3216 720eb6d9fa015d87
3217 9d40d828003dcc28
3218 a39193cccaa41dc3
3219 7cc0d4a0e8accaa7
3220 beeb71b20e7b9957
3221 012cb22cd0d542b6
3222 e3c33ad3f6c0a134
3223 f8e109be246c80a4
3224 04e0591e2da0fbd7
3225 5dedff9826abfa52
3226 9567881459d47e99
3227 a2165a010fed6c81
3228 7afbb8669bd3082c
3229 21c2fd24cf648305
3230 e6199027595faec3
3231 98cca7acfa517217
3232 6312416411711dab
3233 0994f7158ecce058
3234 a728ff7ea355eeac
3235 19e55a955c03564a
3236 5b639da60e00e984
3237 17df8ef0d6d04418
3238 7a1e8a92cfc27726
3239 f2a2b65d69b02e57
3240 04945089ebbcea84
3241 22a350a70ccea578
3242 d4824e53a157ccd1
3243 b88fd9047483e1bc
3244 7dc086bc1a3a2ec4
3245 5d2e5ac24efe7341
3246 56b5c357e986ae0f
3247 3d90d098b02a37ce
3248 9367dfd98c9de08c
3249 abbc259f10f0d11f
3250 d16861f8b89e05c1
3251 1a217642f8958767
3252 a3dfc914a87b8f01
3253 d1d1aa8adbb4cd71
3254 888e298ea1f7136f
3255 b3edee3b6560a804
3256 362165fc6ab75ab3
3257 be017a7af192f50f
3258 bbd2c5b175f485cc
3259 3bdd5302ea0b7136
3260 16b6187923280e4e
3261 2900e50ffb569cf8
3262 10038f533de100a0
3263 0de0f81089188fa1
3264 37a9654336385a63
3265 16599e42356157e2
3266 2309da17fbf18941
3267 ec28996fee9f8b88
3268 c608356fb6df0a17
3269 2ad59b6c33586887
3270 af61dc23697079e6
3271 67e6136c0116ecec
3272 e37b4381a6d43271
3273 b3820ee86a56680d
3274 e623d987098c84b1
3275 05a1f79115461db3
3276 bf44ae9d94848a46
3277 a6c648c22c424cc7
3278 a30d36f38ce5b141
3279 0e4ccaca2db75fcf
3280 509e8b11318d6f1b
3281 478f6b2146330c9d
3282 f960fd1e15c251ad
3283 fc310a7b26a76b3a
3284 c3baf1f32e18bfb9
3285 e98b83f7c054e2d6
3286 8ce16abe5c61d6dd
3287 d266e5aa820d223f
3288 7cfab35054445c42
3289 ad6d774b75d38053
3290 e7943d42d8aaf020
3291 8ed7a729a339a7c2
3292 65ad5d885c47b207
3293 0624eb1c0deca49d
3294 e566a705e86d07a1
3295 d8a525567e1b86f0
3296 979ebb284ddfd9f4
3297 9f7a1955edb09294
3298 caff642eb70afbc9
3299 e471f80509973d9f
3300 405fbc040b6574d1
3301 17c138221ae8a6c9
3302 0147113980d7fd93
3303 39ba1547159edda4
3304 cf18894f956918a9
3305 59b1e8dc634ecb34
3306 8bdcd27f72858653
3307 c4640fae7a7ee1a3
3308 0f96e57718d269c4
3309 75d5b23f63961571
3310 d689f2484944b98f
3311 17c1b63dc52ee61c
3312 46028c974ae2d972
3313 5dd9e8c89fe9b6c2
3314 fcdc0aa43196d760
3315 39a506ca98edb6c9
3316 5c70a6e6b6a336e8
3317 8fa8f62da1372bb8
3318 46fcd0c1eb31dfd4
3319 6c44391c4ef4098c
3320 01a6c1cc4f970b46
3321 0a523284296c98cc
3322 3b3621777e1756b2
3323 18d061072362a2c8
3324 40d1bba02368ca51
3325 d0759e7165f2bcd8
3326 a6c65ac8a47ac20b
3327 f725168b3dc51e3a
3328 dd9b42b276c67b2e
3329 168895ff60cd43a5
3330 3f711fda0790065e
3331 de9393d4941f7328
3332 2a87e8607d6ce9e0
3333 4c70488338fa49a8
3334 3524a9a688af4f2a
3335 8165bbcd138c263d
3336 83dff5b5f11327bd
3337 b30a5c5a0a080eb0
3338 352080e9fb8f762c
3339 9d41e28bf6f5abd2
3340 bc38ab92eb36d128
3341 4e5320731f3ebbaf
3342 44bc75d3595a1c61
3343 fb95bdfe55bb49b0
3344 5c2c27452be8c373
3345 e9268a1a61eb9553
3346 ce5b79255045ff28
3347 2572b5ef0bf2935b
3348 a7375e2696638051
3349 977861cf61be3b64
3350 36f242374183fefc
3351 7f8b00039051b2b4
3352 d6763c6eb547065c
3353 c654698ee91f7194
3354 90e1c227ba714734
3355 46608cfd05a8f323
3356 6bc9c0ec60437659
3357 da69e88dd62430ba
3358 8a8cb051339c1a5b
3359 3c6216dec83c7506
3360 2f5d1ca2026a8024
3361 069e5bd589bd5a85
3362 9e7ea13985c464a6
3363 9e56121be24df106
3364 479aff81be676acf
3365 5efac1d51d55bfc1
3366 5c494605c52ba10c
3367 ada37ef26ea7095d
3368 dca9d1cb4a59cb6d
3369 0ded1b631473b5a2
3370 583a14761e296db3
3371 059f86744899d891
3372 10e7c83b1c180750
3373 d09ee43dc1b36aa3
3374 2e123a40108befbc
3375 a9bfdd4ae51afcd4
3376 65bcd1e9e0b5782b
3377 e984beb1a9a645a8
3378 484bd3f12e367ca0
3379 190866ece4b92c1e
3380 9648d87e247b9e41
3381 6c33723167a09c51
3382 b6bc2826f8577523
3383 278da201af26eea2
3384 fd8e8b38f090748b
3385 56b732eaa5d31d8c
3386 1349064978bba9a0
3387 96d194510bbd1ec7
3388 3f9c2fd2cf68e163
3389 d1f54412d1063268
3390 be768c47d9a1543f
3391 e64c5c2de61e7a48
3392 894099096b5e24d8
3393 dc90ed3a10172aa6
3394 6627040c6d5aefdc
3395 871f00d44f06af05
3396 2ee9e11103f8f448
3397 a04651e6773c6a92
3398 18a70e6deb0ffe45
3399 d43f5d7b326d4ec7
3400 7c51945981136bfa
3401 f7f66acc56456949
3402 137ef3b1bf8eb7ba
3403 92c6201befaa5c16
3404 7775a50d0155b8d0
3405 3fda08d9b3552d20
3406 7b8f6c4c4e5ef541
3407 a4b3fc0c861604cd
3408 2fdabe2d08be7e3f
3409 bfd22d6ae608e30f
3410 08258aa30231f1b3
3411 8d5ed93a3027c8ed
3412 7916b0c707b1c561
3413 4d6c5cff68910277
3414 041f02ae3b8111e3
3415 cdd3f81384ba2444
3416 54160ef89624926c
3417 3814791c7d35dead
3418 469d9be96a84fb09
3419 c3425796c91bb3bf
3420 bd9d727643be2caa
3421 749784c7731455f4
3422 7d819503e1708123
3423 3e5f41747cb3c737
3424 b625b54b9c70d1fb
3425 7efb91e9d170a517
3426 16f5cabda55e5229
3427 1d5b4360a0d3b14f
3428 c0b3fc45889d6b6a
3429 c47f93bcc95db4a9
3430 3e11e99d426cc065
3431 c16c13f6ac3d1613
3432 a579e67d94f3ffcb
3433 813cfaab76ddb688
3434 de5c0331e7e15ced
3435 b7abdec4d8043b90
3436 9f329f2fc74a4337
3437 d63aaf62814d4b1c
3438 bff85d4cfe35f19d
3439 ff7fb0b0fafe46c6
3440 bf105313ba5ab859
3441 8c8d9fbf311cc7ac
3442 007111669403d573
3443 86dc35c291af1b61
3444 48b887d2a92bf4cb
3445 b9bd53b88a86203a
3446 9020b96616357654
3447 47fb41b444dc6aaf
3448 2d97df44b9374e46
3449 0ac2be4c67848050
3450 d7ba721755380d72
3451 9a61ad675db4692a
3452 8586bb0ebb2a0a78
3453 c01a0cdbae053f14
3454 da613573a20b337e
3455 dfc9af540525dd11
3456 47561ed28e9a1470
3457 3e9dd8691d2f01f3
3458 ea3127203af684d4
3459 de235a3d2c831283
3460 281a9b98ebbe8483
3461 0c4ac843802dbd39
3462 311e54bbc07c0b0e
3463 2e99f2e6ef8f7978
3464 43ad83eceaaa5db9
3465 6e0956114e6ecd60
3466 2e6e8cd194cded62
3467 5791c512cf8b7a7b
3468 cf0a76890d088cfa
3469 3e19daef504034bc
3470 956b30449027fbc4
3471 e0c57d4e40b96b9a
3472 0e500aa8b4d14a24
3473 3d1b0e28074743b1
3474 0aaada9c70f9c181
3475 07eaf254d0ffcafa
3476 5bf4981d20008550
3477 97fa1c379c450f90
3478 c08439a72352af20
3479 5b917828d67b2c3b
3480 f6a54757eafeaefe
3481 4b6bfe6f01c6d3f6
3482 a27a81618cedbf72
3483 3ca64047c030c1c6
3484 c336450a7f3e7f58
3485 33e62a23b1c641c9
3486 8a037bc0860bebd7
3487 8d69fb0f653ce0b2
3488 f1f05d9f1d43d549
3489 3b9226e123edba82
3490 b56ad549e008e155
3491 2026ba5bd0ecca03
3492 896cfb678d1df81d
3493 baeed76552712123
3494 11d00eea90d2c065
3495 6b047288db2e36dd
3496 610618a188d38d6b
3497 ae59a0fd48d227cb
3498 5c1508063689f2c1
3499 af99cb0b89f4035f
3500 3663af7875a2cbad
3501 1349bb5ea08a1ecb
3502 d75b69eba405e0f4
3503 2c0a3b1f4a978cca
3504 65735464066fd99b
3505 57a3ec34664fc95b
3506 f3c7bb1906c59a5a
3507 2d12944a40a10d2a
3508 2137fe7a82a10a42
3509 d08f07c2b292b09f
3510 75e3cd2d4df9a0c1
3511 c91b7850a9a26f71
3512 22a443df954d7aed
3513 dfbb881bbf1fd9e4
3514 0ce17dd144bbab63
3515 d02fce5915d88d5f
3516 4ef47b00e9d03034
3517 6ba96d1a3140a64d
3518 d0ee38c4f81f622d
3519 22d95d39cd9cf40e
3520 d20627f24c5451e1
3521 5151a21af02f5c74
3522 5d4b47d1253a6972
3523 712be8780e78bbb3
3524 3ca33bbd2f00b2ae
3525 dbcff85f52c245fe
3526 842b18cee60eda14
3527 227ccc58717d9116
3528 126619b2da8bba71
3529 6f27555c7efb373b
3530 c4535b529c7b9379
3531 f0c3b22caf4691bd
3532 a1e258a66816f02b
3533 45239a541d8b213e
3534 00d36cef19426698
3535 56e5e9b196706f1c
3536 31c30f2321a326e7
3537 66777a06873ad14c
3538 0cbd8adef8e79460
3539 bfcda00ff2c58b5b
3540 c78c7a7da2a7d2d6
3541 d827dba8774d86bd
3542 fb05b29f5eea88a2
3543 f60614317e362a74
3544 5bc861a112ebe361
3545 1c82727557f3bfe6
3546 54cd219507aed470
3547 7c59e496c20d406f
3548 959570d3ba9d5a4b
3549 6819eb642337db9a
3550 7cb2805e450c3303
3551 20ad9f5485df243b
3552 a525717eeb5772c6
3553 e84c35963b374ba9
3554 c47a2ce83d69e628
3555 d126bdb19f0447ce
3556 ee803a49fbc104da
3557 f0d18057205b4eab
3558 cac5bf40287f7b75
3559 778ddc733d4ff1cd
3560 c60a14872446e4c3
3561 1878201ed7ce0b3e
3562 6136f45ed849e47a
3563 1e9f1364d9e31c71
3564 7d7510229b4de540
3565 80a7f1ac33ddb226
3566 7a6ec0ed65f81ae1
3567 4b71349db59f03df
3568 0732fc549fa380e0
3569 6dd441d1f64ffbf3
3570 b4ddebc4b33fe99b
3571 74dc1a9ad9c6d387
3572 7aa1b8bb1046ad6f
3573 f4df29e8052a0b26
3574 6f6d6d49d34eb56b
3575 c62e3f8b63330e57
3576 55cbbf35c84fe673
3577 63bf10f84c5ce509
3578 49ccd46bf623f354
3579 39001e718dc0e850
3580 0593012b62dc818d
3581 c381a8edc25f3987
3582 cd69f2d067ce759a
3583 d976a28dfff76ba8
3584 1dbb439a81a0d903
3585 0a76b5847b075c5e
3586 cd2863069f349d39
3587 d02ec232573fea27
3588 288ebb0ff1dc6574
3589 e847b82d391fcde3
3590 e0867b07c0ecc236
3591 0c8ec18365caed2c
3592 21c300bfff380973
3593 552f1743bfbb7ce9
3594 a77e0c2d03749f8c
3595 f086c5148a399119
3596 7e01510f19494e87
3597 e0e3dd88afab0157
3598 191003b271f44a48
3599 b8d62da8661feb6f
3600 c1fb80f7de18e15f
3601 b1a275362ad726df
3602 008418536dff38f8
3603 255ca93a569844d9
3604 94498b3f5355c08a
3605 e47a6c59efc32b25
3606 a93841a7011297c9
3607 63e797ade870cb9d
3608 4c198455041986e6
3609 4f2e9f17bf995154
3610 3add5560d5412291
3611 e41e196d1f61d65c
3612 cfd89d57d6c7fd40
3613 de1a00621359ffa4
3614 b160eeac6b983a21
3615 ffadbd1e31a5d568
3616 463a0f62eee3cf1e
3617 edb2908ec0d54d56
3618 31b9f33339eb5ac6
3619 d361f86c3fa0b221
3620 dcab6ca7627e05c3
3621 fdb89ed7613d9977
3622 c820c98ea2e27887
3623 425a674956addc81
3624 af10732343287ae8
3625 7d43614867573671
3626 af7528ca1cc80225
3627 233efddd9e85a0af
3628 bb63c3283cace54b
3629 dee6bd38b16027c7
3630 b2d2354a78e8694a
3631 d9b616787277dd2c
3632 2d72e28913922e0a
3633 562be52d16df9396
3634 050596bb9f759147
3635 c091a36acd0e9ad1
3636 33fe8fa3ca2f4c61
3637 a49123d383af3f16
3638 b316bb7b8c6ab981
3639 e0fcc590e3f4c0ff
3640 cc55f4645cc56215
3641 d6432b5e67d786de
3642 c5a283121e9669f9
3643 8afd830d6ab77fa3
3644 aad6b6518ecff656
3645 fc4efe62125500e5
3646 125c30cfafd72b47
3647 432f50c4266f9ccd
3648 d193065bf5e7e6a5
3649 2e767c3e8c8ce727
3650 e6091bf4e05ffefd
3651 984d06dbf74c72e3
3652 06a8dda24c2bc77b
3653 1fc228fb165499b2
3654 d7d3b2dbce000ff8
3655 6ade7eafb2b1c86c
3656 78875bd39c973844
3657 e50fde44f538d476
3658 c2da0fc1abf79102
3659 6fd2a9ecd63e34a5
3660 a4199079b402a774
3661 d12b983fb96baa3e
3662 f7292b7a95993314
3663 5ca5482a622fd911
3664 5c8290f9ed43b53f
3665 3a24af5cbd626a5e
3666 871b7daadfc06569
3667 f0a5331429386b93
3668 a89467e253bb0d9b
3669 8df2dc8e6604328d
3670 77a9c8db09fe3ab3
3671 e27bdf2cbb028f4c
3672 5a668f9317c9b94d
3673 05d57a8a96d55c82
3674 e27d376b5e7cad69
3675 6fc1fe764ddfea2f
3676 959121fcc5b2e5a1
3677 620fdd74d1e25f85
3678 dd90cd49b55b9935
3679 4b480a870e40dbe0
3680 32f8f4959cc503f7
3681 aea76df0f123bbb7
3682 20e1679010c5a3ab
3683 e4c13c1a48b07ebd
3684 f75e6a13bf0c8915
3685 f45f95275167453a
3686 bc2fc99ea92de7c0
3687 f3667f3fe931e7cf
3688 d33bf12e2ef67040
3689 5033b7bb51436f41
3690 459cf220f6268cea
3691 3c7c10965e09137c
3692 cc0518d1f0eed2d6
3693 4bddecf8fc6135e4
3694 ed1486105323423b
3695 214ae90c522ebf1c
3696 b9113eaa0dfc6baf
3697 d463e5702adfc237
3698 9ec28956d7161f61
3699 3735caa966c21d27
3700 2c20ce9557fbbd49
3701 d971405cbae67b8a
3702 2fe946a0e65e40c9
3703 427bc644ca678773
3704 c9af0698973ba410
3705 2707a78cdff05df2
3706 9e9dea74e6d26adb
3707 d76a9bff7f4fbf96
3708 4d3f9a0c3f533f09
3709 b7957175c0a1ccee
3710 da319c404678b9a3
3711 e64d2c1840c187c2
3712 32c90a82856673e2
3713 c846871f42a8275e
3714 494818685f56f088
3715 9b98e8d2bcb3dd8e
3716 e7d6752dcd8caa13
3717 eb3ebfe1bf429f69
3718 46e011e44131837e
3719 9ac1b512178ff28f
3720 adc28cc8ea65460e
3721 f4dae70a042302b7
3722 c779f9f483b1a887
3723 cbce274a2b686c3c
3724 2b2d7495f0e375b0
3725 1652c0558cb80f6c
3726 1b3c99037a9f830b
3727 b711d4fe8cd81978
3728 844a70aa627ff7b2
3729 87dec51185b719d7
3730 4564a9be3192803a
3731 74d05e7b2c8519c9
3732 a9b3126ae825ec70
3733 7cea6530e2084524
3734 a3383ebc5e4a3c2d
3735 2e369fdb3c94d782
3736 a8058699d55b306a
3737 8ecb24ee266b366d
3738 2de6515274819bb6
3739 39121a9d72468c65
3740 def6a488fca979fb
3741 7f732be3d2d5fa70
3742 a65df4f07bedb4cc
3743 1e28a3c90c9f2568
3744 6e0ee62aa14bf683
3745 1c12610e8b0744ce
3746 d12aa1cf0ea62f6f
3747 f960d0574ce40bfe
3748 dd8bbb1f3f1eeade
3749 bafc79ff46779d9b
3750 f312fefc9f4ded84
3751 ef5921a39784a4b9
3752 8e17970b602a9257
3753 b5e4e0f3f1d8e0fb
3754 2f70e3085023e77e
3755 c83b06a4254f2e57
3756 28cead4ae737130e
3757 d57b275777960a55
3758 fc18f4927bd64b6a
3759 47d5dfefe6ab1146
3760 c3e397de877a922c
3761 5dfd09621b6594c9
3762 0096c3c48e439ce6
3763 2b8d3c330e8ea262
3764 23586b043f13b34e
3765 a7331a763df68376
3766 4fb8a89ce78ebd8f
3767 720749fbf908464d
3768 78959a109c9af5e8
3769 cacadbbf39f7c911
3770 08dfa3f9bc087f3b
3771 7f0043c7e9e7c135
3772 b2e1eae8aa9c6e55
3773 1ec72444fc9e2b40
3774 859b15fe4eb91e15
3775 9cbae2edf6c099a4
3776 208dc196768f8b81
3777 f0b00f2f12577b2f
3778 fbdcf31be2f3bea9
3779 3a1c47a80a7cb868
3780 48782708f069e7ad
3781 e80eaa03e9f2f5a8
3782 1ec68efa7277600f
3783 b0e8118558320f51
3784 8c551d6e8daf8223
3785 c3da680d5b26ccb9
3786 45f840df0c1c6814
3787 144d602e58fa78ce
3788 55035be8d962999a
3789 c691c42180b8ffdd
3790 f9c1881d9221f983
3791 e4a2ae567bfe13b7
3792 675f06f57326588f
3793 9e56542c8b07f8b7
3794 f61f4ffbc6d0c1bd
3795 cedd0bc38027c22d
3796 c9c876780bb3b5c1
3797 92b46406a586e923
3798 dd22b7faf41f28c5
3799 c267ad591783e588
3800 5aa4098ff985e246
3801 e5f3f81cfab36cee
3802 21ce6b5c59655be3
3803 2e0f8d4d209cbf4a
3804 9a8d52f527eddd7e
3805 914e0775094cb9bf
3806 f25a9e1b7952591e
3807 01702d1534108892
3808 9800afe5c5daa363
3809 44ea8e457ee91267
3810 9dc75ab43467f0a0
3811 6d34cb5597e029fa
3812 f018259734ce755e
3813 e20b673eb508fe6b
3814 ec450a4ac68959dd
3815 470be7cd42e46ef2
3816 086dd3d399332895
3817 64134db4f397826f
3818 f2664fc5ab16131f
3819 702be49fdac2dc2e
3820 01e1314c2a27af74
3821 4c8e048cb950d5ba
3822 f476b2ed34b68ae8
3823 3512a68a420bbe6b
3824 4ac679d8ca4f2ea2
3825 c426b5106db8649d
3826 6d9be3709aad13ed
3827 8b7860cc671146fb
3828 4cf0faa7df25a5f1
3829 78ec0f7667fd4064
3830 25194b91f33539a3
3831 8ef9160dd1731761
3832 7a2563f79dc0792e
3833 d0685320f9e6c726
3834 ef350bf213f87aa7
3835 5977916261214ff1
3836 014e82f446eea6e8
3837 123f66ce658ed13f
3838 82002bc8fb1534cf
3839 c8297156ea31f1ce
3840 09e9aa9daba35809
3841 46aa66250ad52938
3842 77a4c5cb37f400a1
3843 205961852b9d2c21
3844 1eb90c755aa5f4ed
3845 79322f60fafc4c05
3846 b12c4b4af440efd7
3847 d393e6c4bbc9cae7
3848 a3174a6aef933f9e
3849 04e5e1465c0d8f09
3850 f40a05c917a33735
3851 ad62af9b65a293eb
3852 c38b22bff6ed1a89
3853 4c53356cc0098f3c
3854 f3c0873a03cc9486
3855 96d15bde926c34ab
3856 fb17952d9897e6fd
3857 8257ec88a5602dc2
3858 53e2c24d92696b8b
3859 a570e9650ca17984
3860 602a510a7ee63144
3861 c5a036e7d7988661
3862 7bae1e3a2d7f0b10
3863 6200958802206c76
3864 49ab9cb2d034eb71
3865 161fd4fce5630138
3866 f985502e0afa710c
3867 7d3a9486329765a7
3868 1dc77dccd37bf924
3869 113d9e1c70d0234a
3870 db75bc54f8e1c8f3
3871 b86d11739d09605f
3872 f8584ce60612b875
3873 9ece4c58be485c92
3874 67a9fae820828dac
3875 cb1ee41b8e7d8114
3876 dc07b3735e6bd8e5
3877 0ec0feae169336df
3878 92faa281ed0e3b3d
3879 5bc6da98341fcf91
3880 0528c41220e6bf37
3881 dc2738bb9141aed4
3882 d9244722cc9e3503
3883 a5a028f4ba7b2d89
3884 229b49fcb2d7371d
3885 c9998beb08727c91
3886 8cf97c214b172426
3887 e35ed550fd747b7b
3888 6f124d1e9f5d5996
3889 2d1bd58cbc26db08
3890 26ebe4f20b68966b
3891 a97131317ae2cd35
3892 e10cb3114f16ab33
3893 86434370dd43f6e4
3894 d6596a9e85ce52c6
3895 edde2d68e490e1c5
3896 b7741767b480f4b1
3897 01ccf328e0c16c1d
3898 0a4e24965f83ba3c
3899 70e67a812b6d3318
3900 08207f16d2db888d
3901 8bcade2f6727a43c
3902 8bd8190ae478efbe
3903 31c8d60aebf330c2
3904 3d188f5bb8135d88
3905 deb0ab26c33abf1c
3906 1ddfe89cd0ab66d0
3907 212beb574fe0ffb7
3908 5293e0bbfd443c86
3909 2b5c1ddb1e34f7ba
3910 48cc757a7d87adbe
3911 1c4e7f2e23f59f9e
3912 6aa85e3802f34ae9
3913 f0d8318cfa81ab3b
3914 2d9c86b4ff405282
3915 25578d75e6e46706
3916 86eb85f90b02ddaa
3917 fdf06556eba794a2
3918 48ede26d1370b2e2
3919 55eb4af00a5242c9
3920 2448239eb245c6fa
3921 9e9908e829095290
3922 a67d2eebf2a17365
3923 c36832be350eed08
3924 ecfea5bd17cff1f8
3925 fd338b372e749f42
3926 d915f7aff131e2e9
3927 f09cc3de46a521fb
3928 bd533c654ebb35e9
3929 e58567a47d1452b1
3930 accac21bc82fca47
3931 8f922e2f119ffc3d
3932 9d0fb5595df2ee62
3933 d2a30b8d3736d116
3934 b8f7d8b267b0d41c
3935 202fae71157eeb7e
3936 c61aed9d0a2c2008
3937 d72b7c6be2f79063
3938 69b00d4b594257be
3939 ff043a94170ebdae
3940 1baedbefa98fbb58
3941 9a7660a1ca6faae1
3942 9bf7579b7abbd2aa
3943 b5bb2ee9eab85351
3944 27dd0e9d8ed2b390
3945 5dc2bdb38b37d849
3946 d59701d021c1ed05
3947 6ff53bdbb851c898
3948 64c2cc0b72bc401e
3949 eb490fd19e93f076
3950 031384e121e6b0b4
3951 5a8671a7ed298afc
3952 893fd8fdeeafd8ca
3953 b3705a595c0e31cb
3954 3040dc71cac07c7b
3955 5149ea06a0abd2bc
3956 4c153f066044d515
3957 078694fc958481a5
3958 f9dc66344a97f4dc
3959 49e6c88986a0ec0d
3960 e450a0df1a550fcd
3961 bd440ef5fc3dc9ee
3962 78d44be94b71711e
3963 c923c94898813bb5
3964 6de9b7ce1105bfe4
3965 749f7384ffd7129e
3966 37a04ca914d9dd13
3967 736fa02544087d0c
3968 1a55f0eafa788c06
3969 fcd0bd5492f35e98
3970 75c4075e7f0a89d3
3971 618d55477a058dcc
3972 68e791f13bd15939
3973 39698739740d02f9
3974 0a13aa2f4a7ee6b4
3975 8a871efe8d3dbb47
3976 2efec86fe07e91b2
3977 acd636c2d60a6cc4
3978 ce9b3e808e10957b
3979 fe73e70494b67046
3980 40b5dff793276033
3981 721120ee60308605
3982 2d56ba650fa8134a
3983 ca2a267dd2e08255
3984 52f59b6c473434c3
3985 999925b26d0b37a7
3986 da52e5f10606d098
3987 b90fadafe28ab064
3988 a689c8b07c2bd6f9
3989 deda3bdcf43c95bd
3990 05222a8599efd21f
3991 ce007571076e4a33
3992 bdf2bd35d6c7105d
3993 d5b4cfb57dc72054
3994 a188aecfcb97fefc
3995 717d422e05499ae1
3996 5ae45ff712824ba5
3997 aa40a6b6522d66bf
3998 c535b3f34eea9fd5
3999 fa72d6b7a25fffe4
4000 0dfad556289557f8
4001 e17527014943edd8
4002 1ccbeae42e6b8656
4003 ce1006a4030d28cf
4004 467b5a43c377a3dd
4005 277a3b0fad0ee54d
4006 cab1bd5994eaf759
4007 30bd9f4be02332ee
4008 a07587da56b16310
4009 bd8b9e74b08527ba
4010 9a41585a660c5cb8
4011 a584218096352205
4012 b0115ac073166b2d
4013 06c7191bfbf3773b
4014 43b3a1f0d6014e5c
4015 af79ca387f2b82c2
4016 2a43354968639d37
4017 4304e006e0488a25
4018 799f8be1492d4b89
4019 5db029da09af1a27
4020 79e863527b5e07fd
4021 62b5f09ef5a21e25
4022 ba5cced7b679f9ca
4023 bd4a3d5cda04cbfd
4024 e5b3765090e111e1
4025 569f1d581c571f5c
4026 4ff4d90491d30f9b
4027 b9cc1503b279a783
4028 ab14595892d0222f
4029 5a5dea47b2eb0b3e
4030 521beea2cc791d1e
4031 eaa23bff450850b9
4032 4b4f3e75e054baca
4033 6efbc3c545fd6bde
4034 80d475efa065846b
4035 a3810513c8a9975d
4036 cab8706396771eef
4037 9eccf9f1d5297f86
4038 9ea4f1de92c6f7b8
4039 7a5e535246601a8f
4040 e06f8160c8fffd5b
4041 b749f0c1c696563f
4042 d5843d5c8f5b04a2
4043 ec809823a92cea68
4044 eb763c56c8356732
4045 88cf52e4a6898dec
4046 f05a5f9f74bdb2a2
4047 d45cbb274f2c6a8e
4048 11bbee700a45d638
4049 73843a25baaa57c5
4050 42abccf31848dfb4
4051 d2f716c032e07f54
4052 ddd12233164c0ad6
4053 4f3e731cd30f7e7d
4054 8732618bd646a4fb
4055 39a162e8bea22f15
4056 979a8a0a44bfdf34
4057 80b5ff433753c469
4058 be5d50e526b260c4
4059 6e9e068fd19bca62
4060 118f6c2cf2687c6a
4061 d1ecf46010ba0281
4062 093e782ff9a8dbf9
4063 6018d1b61ec4052d
4064 fb1fff0945a91ab0
4065 2ac0cacadf09452c
4066 3da3995fa98dd83d
4067 ed674a69377dc1df
4068 e70af6ea83eb18f0
4069 60d97c78c0459920
4070 f6459eadbcd771f5
4071 b664a93e03284451
4072 81ac4439a0feecb8
4073 fdfa38b95d09437e
4074 5d5c1f00c83fcdfe
4075 9860cef209942bf8
4076 438dce3076d4c158
4077 cfe003b4a9f8eaba
4078 68b6a25f70e9c1f1
4079 2fcddf6a35a169b6
4080 9e00644aa053eb1c
4081 d23e0c3e6c9d2176
4082 968634210fdee545
4083 2f2704ac4f27129e
4084 5e279d8b961e2b5b
4085 69249429bc8abf9d
4086 a49ffe9f517250fc
4087 4bb067156347e77b
4088 33ccefcb56fbe023
4089 131c7fb163b53027
4090 5617fe212c5dccbf
4091 0d8412ff66a65ee4
4092 7906ae123b7b45fb
4093 2c717237a13ea79e
4094 99e409349e5b3624
4095 6f65874e02493529
4096 7307e448aec99e65
4097 c19800ec959a8dfc
4098 124dc6160bf29ed1
4099 dc0443f8f2ea77e2
4100 52c32de8bf06749e
4101 f9bbd0d1854b381b
4102 ddc75424c373a20b
4103 9632d791c899402a
4104 660ffc6354da2fdc
4105 e0411f294a5e264a
4106 8158c7b7d83ecb16
4107 4ce2912399d77800
4108 4e6f2b5eff133752
4109 78daf4e436736b44
4110 24d51102a416a86d
4111 be15e4b95d91046d
4112 aff52fa65f9dbfbe
4113 ab8343ad2c21418a
4114 2fdc65c0d9fe7b79
4115 96819b1d5d8d2dd7
4116 46cc0cd90e704df0
4117 131f159175fdf004
4118 d54cae0cec7eb573
4119 b2fcdde8cfd3f69d
4120 13eb615665b05509
4121 51e1b693b1149d0a
4122 c98dc611e46b03f7
4123 b55eca98e611070c
4124 76d072214d5635b6
4125 7fc3da2f410fe33d
4126 41df22a71ad8db11
4127 e8cc24ce28319ba0
4128 4c0c2a32970eb471
4129 3bb25b1f29c984e7
4130 f7cd2bce0eeb0bfa
4131 ac48c092d98f2f2c
4132 6799911011f87336
4133 dded3c7e6632e9e8
4134 c65701fed4de4515
4135 c593e34eb7727cca
4136 dfbefa66b7f47279
4137 5bbaca9ffc8f3673
4138 986bc7ea0a8b4d72
4139 bbc37af31bc502de
4140 2bc7f21b3d400049
4141 586a75574b195934
4142 4cd97c07fc4afa0d
4143 3d9b160e1cf91c3d
4144 cd2c1c7ead162374
4145 06a1849121ce7a55
4146 b988133830429ff0
4147 8b0c54f212a3c191
4148 976e090ccbf7cb55
4149 c1ab632b99fe9bdd
4150 198582777039ae96
4151 0df3a036c9f4f581
4152 5023822558668c4e
4153 c13779f25178a004
4154 5dd72db96478324d
4155 57867d6b20fdf795
4156 447c966e0416a1fa
4157 9859865e77c1c708
4158 bab1ce62f4ad2dcc
4159 e48e82d7745735e9
4160 9cad04248062dac0
4161 e0342aad0757bbde
4162 2ea5747ccca6730e
4163 6f29fc42754767ac
4164 01ee6e59dcaa06ec
4165 47bb72a22fedf2e5
4166 2689e73f862f4e35
4167 f7f392b5d694bb60
4168 d912c21fd05459de
4169 920ad2e24a03a299
4170 978967f0661e0fff
4171 02079cbe704d5920
4172 a5400b3022b3b89c
4173 1718bbc549d1bbbd
4174 dbd92db2259c4b74
4175 3a0412e9582270ee
4176 5920a369f323bcc8
4177 c76e997e708f3e89
4178 4b3420b5d3b6d1a3
4179 71b2a41f974436d7
4180 78e819bb86575fd2
4181 2eb2b6a3ef5c52f7
4182 00be8921cdee14fb
4183 79fbc8c572a0b505
4184 7054f269467ac79a
4185 630849a658040d2b
4186 cb3f07944bab963c
4187 417d57f55ab7175a
4188 46261f9b757ace8e
4189 e6890975807ac3ac
4190 89199ffc8dbd992e
4191 9abb5261b12bf945
4192 e48da8af64735bd1
4193 8d2282d385145f83
4194 04a2687f58d69c1e
4195 7b31a1ca3b961d44
4196 add759da74bd058f
4197 b3de4dee1ef2d4a1
4198 37e5c29a07e04348
4199 8d9a63d2b61c32a0
4200 74dd54dce0a6b24d
4201 763aa177d0b93112
4202 40154bd8167f2e37
4203 f28e5f7de47aca03
4204 d6c91a8c18af555f
4205 ddb3bba79b876ea7
4206 3462ebb4936bc831
4207 157301091ac59b66
4208 b933e54355a00376
4209 0420b61e5c66b029
4210 9f3b3ca22f95812d
4211 60465f579733ae95
4212 74583391c066d27e
4213 2b4f798f43c33916
4214 cfcd2b1185b2c42a
4215 f1d6e6c42a94176c
4216 e66f9d51274c99a8
4217 cc1217696f55a1cb
4218 0a7017a0440cef48
4219 dab2e9d46dcac40a
4220 e75f568921bafd06
4221 cfe032b912f2cb77
4222 4f0ac64ec6a88b9b
4223 71dc6dbe240a08c3
4224 834ca30b1c6f375f
4225 6b9f654fd9d02727
4226 f432172fcb505dad
4227 23cc55ab435b3ad2
4228 ed1f6f4fe5d3abcf
4229 962c5f1d84ae2c6a
4230 e23bb3e299342ceb
4231 f492370ecdf43fa8
4232 b3ce759fa7715e69
4233 1c7968fc9b5ea4f8
4234 f9f8807c02282180
4235 4fd14c18c06cd6f3
4236 a8ab20a04d472d50
4237 fbeaa05e4d4e6b9a
4238 a37ffe5f2f14b5ff
4239 ca30ec132598a14f
4240 940d32b358b8cb74
4241 bc7f53fb57e2bd3c
4242 e76fd772c3f3233a
4243 ca741353b7b9df29
4244 00ece50751f33a1a
4245 a1ff8c15621d53bc
4246 277a3d7f6355a33c
4247 9d2577c16fd736c0
4248 1073cbe175cefdd4
4249 7da650d298c1528d
4250 8803728d6dc25ff5
4251 ca3de0674a25da2c
4252 43e6ada4a1a82bbd
4253 b45313420c4194e5
4254 06495090690d0433
4255 f1680a1fe4089ad7
4256 3c124142c2be7403
4257 90b630b1e374b524
4258 850f5f911a7320f1
4259 eaf319386e539771
4260 29d2253781b1356e
4261 cc2bf4224e4d0dfd
4262 bfd4ae078c9174e6
4263 cfadaa81f44ee174
4264 01c234afef29ccee
4265 ede928c8777478c8
4266 3d7bf584253716a1
4267 c3da22e7bb851d29
4268 8a5c6ae570ac9b0d
4269 d149e6048018c081
4270 4a27a42967eb00e5
4271 049ac70504f6d1c6
4272 765bff5d7afe1f2e
4273 fc2c1d26fb474e62
4274 577d5ed487421f29
4275 3cd1934c8944ceb3
4276 9a9aa6e26a2be866
4277 d238bffb1a67ad02
4278 30ed2f129b45c760
4279 df714daffab9b2e1
4280 9cb52e66e4ab01ab
4281 1eccf32d2357ccbe
4282 840d917719ae748e
4283 3989785ab5c7fea5
4284 b51077b0657db4f2
4285 fd87560a266955b5
4286 530055f7fb243211
4287 a997edc760461a85
4288 c4c13f6f9109acc1
4289 78330ff1c7073654
4290 6d296c32ac53df25
4291 a9ebbd39de8f6ed6
4292 9d810128f5f06ec8
4293 661084d2a1fdb0d8
4294 10b19123aa34b63e
4295 ceed1eb9e3e3d1cd
4296 cee72ca23be47eb4
4297 13ba8e75af8ee458
4298 19cc691c8731bd1e
4299 54fed4ac19837f46
4300 2a351a1bb5cb0ff8
4301 baa14baef16aaa52
4302 377a65f427e75906
4303 e646241875205422
4304 5fb6906a068c643a
4305 e7e88ef19808f84e
4306 8a3e6532941a1f7e
4307 ea29f4c2c37a8ff1
4308 f096de40e8188222
4309 23453b0627d619b8
4310 1dac6c553aa83408
4311 731edccdd5663d50
4312 4e83eaa379c15230
4313 afba8e95e8f0b6e3
4314 e9092a5bdf0a0132
4315 660a578de797987d
4316 2f7169036d56af82
4317 4807c5f6e9dc8b95
4318 2a7cd5ae173e92c4
4319 0311e24a03867b6a
4320 194f5182e2544e58
4321 dc2bc7834aff7e34
4322 595465aeb14c87a0
4323 699c2da6c992feb9
4324 44b2702d7584d9eb
4325 5158582efadb4d3a
4326 a8a517d3cde3a393
4327 427c6c8a0b8cacec
4328 2bbf13cc427fce62
4329 6dbb172c506ae504
4330 18fa08f56c438aae
4331 5af6d1ee9ec67818
4332 b5aaddb294d1ed1e
4333 a9de84d65d86fe6b
4334 b3e2e28049e28113
4335 b57a5b4cf39126d8
4336 8d8ddf9d5d6c2754
4337 aaa00127fe11129c
4338 ca43675fdc047754
4339 5b69acc64a8dedeb
4340 bc1b92f947ee9f6b
4341 4440ecec3ab6bb6d
4342 10a0ac1b755e3517
4343 faf32b02d93de79b
4344 61780ac203e20c1d
4345 7f51adb11c30f660
4346 1950531484807f90
4347 12b91d549c89eee8
4348 ed53014ae080f011
4349 4cea3aec10d5ab10
4350 e2d4838f460e1720
4351 173d95c29016336d
4352 7c97175711be598f
4353 ec84e7fb4483fd36
4354 b88402fb327029b8
4355 570402b10ff53498
4356 fa24ad2e80e87cab
4357 8ac0fd3b8553d374
4358 c9c1d30b32270d94
4359 b9b9c1cb95828035
4360 e85171239de740b6
4361 6539f8c521e64e90
4362 16f388f377094720
4363 5cc6e01c808184e9
4364 d264f0a3e712a4b0
4365 a1d285a308658bd8
4366 5021953c95ee885f
4367 500406262c2d5477
4368 1f46fb095ea0d7cd
4369 6a41238fe77f018b
4370 cf9a021b3f4b403b
4371 305da29c0789e7cc
4372 290c18ac44261ed2
4373 76a466d5fee1c50d
4374 dd8b03ce2a682a73
4375 f43baa940c20a9fa
4376 6d79e2dfc4325653
4377 582104d64b32a316
4378 a37cb51e0138e8e5
4379 e270331d4ae3c854
4380 b4012b44e3af8475
4381 8dcd6312a14d47f6
4382 b351dff508ad57ac
4383 cf61452e012f39f3
4384 68c470a43489fc12
4385 24ea09cbbdaefef3
4386 4ff2ae72c5733f28
4387 145a41ad8dce465f
4388 4c7bb2c279b201d5
4389 e8592edf24f4dd57
4390 534e1c199cf80989
4391 064825044b8a06dd
4392 200dcb6939280341
4393 ff4b57154d39d4fc
4394 1cebe03fea4b271f
4395 c06f880a63390d9e
4396 c7e83910a8ff475e
4397 8cea80c24409468e
4398 667b94ed9dd738c0
4399 a24cccbaa56a9df1
4400 4e4796d3f0d7a4e2
4401 0291517433d2148b
4402 006cd483b9ed291b
4403 8fd40d441b612caf
4404 a16a1c61d6477726
4405 84cced62c949c96d
4406 7d6e7800c9ed9651
4407 ee4d97bf86caec3f
4408 2edcb8bc6f197ffd
4409 b81647afb14a7af5
4410 580e6ccf06b3759a
4411 6229bdc3f2fb3475
4412 4a04b4679c423b77
4413 3d1726054b300881
4414 918f25e3d3944b48
4415 4d80cf252b69e963
4416 7b375ca6e8e5d923
4417 156986a532cf27dc
4418 85f84df4476dbcda
4419 841a6f1de36eab5a
4420 84b57a6277414737
END 4420
