1 b9d103fd6854a325
2 b9d103fd6854a325
3 b9d103fd6854a325
4 b9d103fd6854a325
5 b9d103fd6854a325
6 b9d103fd6854a325
7 b9d103fd6854a325
8 b9d103fd6854a325
9 b9d103fd6854a325
10 b9d103fd6854a325
11 b9d103fd6854a325
12 b9d103fd6854a325
13 b9d103fd6854a325
14 bf3ffd926854a325
15 b9d103fd6854a325
16 b9d103fd6854a325
17 252c8f5e6854a325
18 b9d103fd6854a325
19 b9d103fd6854a325
20 b9d103fd6854a325
21 b9d103fd6854a325
22 b9d103fd6854a325
23 b9d103fd6854a325
24 b9d103fd6854a325
25 b9d103fd6854a325
26 b9d103fd6854a325
27 b9d103fd6854a325
28 b9d103fd6854a325
29 b9d103fd6854a325
30 b9d103fd6854a325
31 b9d103fd6854a325
32 b9d103fd6854a325
33 b9d103fd6854a325
34 b9d103fd6854a325
35 b9d103fd6854a325
36 b9d103fd6854a325
37 b9d103fd6854a325
38 b9d103fd6854a325
39 b9d103fd6854a325
40 b9d103fd6854a325
41 b9d103fd6854a325
42 b9d103fd6854a325
43 b9d103fd6854a325
44 b9d103fd6854a325
45 b9d103fd6854a325
46 b9d103fd6854a325
47 b9d103fd6854a325
48 b9d103fd6854a325
49 b9d103fd6854a325
50 b9d103fd6854a325
51 b9d103fd6854a325
52 b9d103fd6854a325
53 b9d103fd6854a325
54 b9d103fd6854a325
55 b9d103fd6854a325
56 b9d103fd6854a325
57 b9d103fd6854a325
58 b9d103fd6854a325
59 b9d103fd6854a325
60 b9d103fd6854a325
61 b9d103fd6854a325
62 b9d103fd6854a325
63 b9d103fd6854a325
64 b9d103fd6854a325
65 b9d103fd6854a325
66 b9d103fd6854a325
67 b9d103fd6854a325
68 b9d103fd6854a325
69 b9d103fd6854a325
70 b9d103fd6854a325
71 b9d103fd6854a325
72 b9d103fd6854a325
73 638981f5a8e59349
74 b2ebf1ca0e7bac83
75 7a3a349315f8b09d
76 e21a3cd5bf96b178
77 467065255b96b178
78 e21a3cd5bf96b178
79 467065255b96b178
80 d1e532a45f96b178
81 4511ecb032633278
82 024b069f839cb051
83 2457dcf8a7f318e0
84 896e1bea750f8c40
85 f1637416db970248
86 0a10230cc834adc7
87 60cad38323358198
88 e99c56b5364845d3
89 60b4c5d9ca667ead
90 95c59834150422c3
91 afba3a3ea48ebe0a
92 f9b04d303c8a4591
93 73d6daf14730f888
94 cd7fbc855395e40f
95 9ede8ef3d3afc556
96 d8400e9153cf643d
97 9f6ddfba1dcdff84
98 712178d15362d70b
99 c7197f33baa70e52
100 3e6c8b9730155139
101 4e47e0492f1c06d0
102 f0ae729225d3c7b7
103 57f5ee9aef177efe
104 932285a88e223e85
105 cbc02f876a18f5cc
106 33e3a4cee3d0b6b3
107 3cc280b67adf97fa
108 df112a374628dd81
109 11df079f2b6ccf78
110 3e82c088950abdff
111 c4670fe1d1265946
112 d1822bcc0150b82d
113 689b79b514543e74
114 91af67a8e630713b
115 0d834087eca50c82
116 fe3eca2bec600169
117 4edf7ff3c7164200
118 b5215ed8683e8fe7
119 c7a441dd06ca2b2e
120 67018c75696b02b5
121 f9955c886598dafc
122 a678ad4a439dd4e3
123 dacf38908668442a
124 3c19ef0ea232f7b1
125 4d232f5baa59d84a
126 533a09e24d2f6a2f
127 be2c04de9e892176
128 03d8777f978df65d
129 89b49c82d587bb96
130 33ee98b70fe4892b
131 37e2cda94287e672
132 7805e36204008f59
133 5dfeb7c69902ce92
134 e118a173485d59d7
135 983e38a410c6571e
136 caf0ee197ce5f0a5
137 0cb4b7f6bf62ed3e
138 23f5182fd229f6d3
139 c3d3bf45bf56441a
140 0dfc32c5261819a1
141 b03af3ac5f619a98
142 0d058dac462b501f
143 54bdd2005cff3166
144 af0e260cef21384d
145 42d0097a55034594
146 8bcb439a52a8235b
147 dcea549fab5334a2
148 b530bab5edc98d89
149 9bca16bb7c764d20
150 8193a49dc4782207
151 5553ec564680534e
152 6a373f5be92ab4d5
153 8876541377c4761c
154 ae6f1e9c11760d03
155 917fbf4a3ba4c24a
156 cddb7a3dbc8b70d1
157 16190aeb994582c8
158 be0d12a89e101c4f
159 3dce0dccb8a5f596
160 ca2dbeafcd826f7d
161 873c7288dddc95c4
162 8abf4a32bcb1974b
163 c79e90328ba89892
164 5b01b63ca8920c79
165 7095f25ee5bc5d10
166 efb6b20b7090b5f7
167 355f6fd76f2f973e
168 6c624b44c58645c5
169 87107b7562ac2a0c
170 53dba4568122cef3
171 ea914ca54c3f823a
172 c69d2ad77889fcd3
173 1f7f1d7c1af04cb8
174 ae012ff593aeac3f
175 f5cb96c46ccf1d86
176 9a53cb0a53bc561f
177 200cdb2c3e50e9b4
178 e119c5780ec6cf7b
179 0f5a0cd48537e6c2
180 b9e62d580036711b
181 694941a08e6d2140
182 133cf19d7604ce27
183 01f815f5c1bee56e
184 1bfbc6426c74cfc7
185 6ff693ccefb5163c
186 55404765d946e523
187 fb0e2140d1d72e6a
188 bce418720b2529f1
189 5e820f5926b914e8
190 50e555c4bbe2546f
191 e09848617b89a7b6
192 aa1def973a7e4c9d
193 5856e2f177bfade4
194 12ddc2ac8588df6b
195 258f3bdc972f24b2
196 1f8c9e47fa101999
197 58eef5cbfb049b30
198 2917efb3fd02de17
199 e7b653fc821e435e
200 87c9d7105e4f00e5
201 31fec5c080d5b62c
202 0d935438edf22d13
203 cd391637f9eeff5a
204 600317084056f3e1
205 80e036cbc44c56d8
206 9ce314a41587805f
207 6634f561d90506a6
208 096364d56febf28d
209 1c6664cc2eb7c1d4
210 9afa821eb82fa79b
211 ced38ae571a729e2
212 7ccd4d6e414cc5c9
213 fa1fe0b3268bd360
214 c758f3407139a647
215 bf736782793afc8e
216 729ac55b6eb90b15
217 6586619a5fdea25c
218 ce32aa4f26f04543
219 d1e937520fbc4768
220 728cf5970f43b811
221 f3e4ce4d9f87c108
222 da879965cd7d2c8f
223 d2b0ad15cae5a264
224 cc9269f2d06aaabd
225 f2d31332cfdc8604
226 854ea545fc6b1f8b
227 c60653c8cc1dd1b0
228 4fbd65949d3ac5b9
229 3cc863712c614750
230 ba4119e9b1597037
231 f7212cb6563202ac
232 dda0ba5ee6a4b305
233 46ff41fd8065604c
234 7c62ff226934b933
235 7eed68d7d0a10c7a
236 bed348b5dff45001
237 757fd2f08f0a7ef8
238 7d0edba32110327f
239 f2c05ec623bca1c6
240 287db0ecc12038ad
241 6774fd1563f43ff4
242 b238d5c2434135bb
243 cb85f30dedfec502
244 7e743d766bbe5fe9
245 5d97e75aff4f5f80
246 6fe864f517c55467
247 5466638ca8f203ae
248 9a5e6d72893d9d35
249 4e0f905ea4a9487c
250 38a03b09b7d2be63
251 793a8a3e6993b8aa
252 7a24bfe3f4c51431
253 7032be2c973e9928
254 cee13d3af6385baf
255 025c867738c8b9f6
256 309115c024d8e4dd
257 5705539425d53824
258 1c82768f134db4ab
259 62d41aafc32aaaf2
260 decb69877a226fd9
261 baddb7c6a4cc1f70
262 aab39b2e0fcae557
263 6c4e301735b76b9e
264 64fff4c0d536fb25
265 f2058c170f84126c
266 6c0b6cbec0ad4eb0
267 1f33bf69eb6126b4
268 62094962f943f1ff
269 1832262f4ad14c2a
270 664c8d444a740c5d
271 64f2d1296b407ba4
272 612ea766cd63f02f
273 a6d9dff58949f776
274 c3e697b37e962d79
275 a786a82b69d40310
276 26bacf0672f1ad4b
277 a5c2d3f9a7448e92
278 03224dfc5f97aec5
279 764247e9040dd00c
280 a160bdf2692d8bf7
281 d8bc66aac8cfad3e
282 595cf707bb2d07c1
283 d1390e1ecf2e12b8
284 7f0a228841a794f3
285 739b74fa8e16cd3a
286 deceec088a50e66d
287 8290b832364a8fb4
288 a6749740ec26823f
289 8ee65ca62db15886
290 645fa78b93695389
291 500302a9ba722320
292 a2a44cb37b86395b
293 a691aebade821ba2
294 2c561dbaf3065ad5
295 311441b6ac70fc1c
296 0712b97553c53807
297 eef3b4ec9a4c1a4e
298 2fd64c74758a49d1
299 1a3aa5b7ad4e78c8
300 772651a83b8252d3
301 c5c7b0f00972c189
302 9c34e420aa6582bc
303 6482742740d55607
304 365b5029a6aa7fee
305 76b56c29cf8f58d5
306 77fefdb4c181a1c8
307 65d5112a8e68f663
308 599a7a79a1833d31
309 d7794fb402a8b721
310 e3c6ec9caca80daf
311 36d145ccc3dd5517
312 2af478b82e1eb3dd
313 41af50a53bfbf5d6
314 65304e1f2737fcbb
315 0e0744d88163d802
316 a7dc0a1a47fbdee9
317 988dc10dfd9bcee2
318 1fb89dd1ab69fb67
319 699daae9c2331aae
320 37ce38cd34ff7c35
321 1ecdc0b3181c7d8e
322 1bf7087a478a1453
323 19805794529faa9a
324 825eb81988ed5721
325 7ecd2a394b543e7a
326 a0940984e5aecf9f
327 0c0414414f5c51f4
328 77fe2d26a9b427cd
329 41a258f2cedeb3c6
330 93681cd4a0ded6ab
331 366420c79fbf5950
332 d04bc3bef80d4ed9
333 ae680e422fab84f1
334 450ac74cac272757
335 a5d6afea52fb624c
336 4e6f138e3a343a25
337 4adcb20409eaf16c
338 3e54918c54cf3bf1
339 86400c14fb56994a
340 225537a90bfdae50
341 36faaae3bd7d79c8
342 225a9d42ea299e9d
343 e2cbde250fbe0c96
344 75f70d90c5f6666f
345 4387e6d848c058c4
346 bc8b172b866f65a9
347 659231726e0513a2
348 88769147a9abe17b
349 e4badbf3ddad8c20
350 eff9f23991558cc6
351 4386812d6095324e
352 ef8c09de9808e027
353 1fc797ca12e9a91c
354 20fa479580c3fdf3
355 0ad6d0c7a4fe68d8
356 6e5eaa63f64e20c1
357 c2113efb9bc8b0b8
358 e2a4e38b956beb3f
359 1e4e1d1e27c713d4
360 2aa0eaaf0efa3f6d
361 ff27bf9aa1864db4
362 d846f2dce2ad664b
363 1a5f1736ad5eed30
364 d388e9efbe4a7e79
365 b26f34c6d73e76b2
366 36f4c071aa1c64f7
367 72f577e8ccc6238f
368 58d38968c5fdf7c5
369 0f84de307b4a555e
370 c8374e0bc3edfc23
371 7805b0575ef8aeab
372 09a30c10f8a6ccf1
373 5fc8f5abc092d44a
374 16ff2af756bf236f
375 67502a12451f9eb6
376 86ba7841a3c94e4f
377 b0792226947b30e4
378 b0525b161ff00e7b
379 e61945bf89995f20
380 1ef3d3b67e5896a9
381 a707083ac81a3840
382 46784329f5d1c6d5
383 d06abedc3f24c46e
384 d3bad440aa74a3f5
385 21b3da34a1e5154e
386 b1e831f0e23bb013
387 35352fdb8435715a
388 ed453b1e4e5c20f3
389 ddf7d27aeaf0b1d8
390 59f16ae8cd46975f
391 2f868f1c188f78a6
392 515ab0d5b685be3f
393 5072daba17fcf0d4
394 d4fc09e56328b979
395 e02a77287aeea3b2
396 030ff9b9b0cf3099
397 213d413b001aea92
398 bd52130dbb8fbd17
399 3ec981472dc7825e
400 08da979b4c56c7f7
401 c13f0cb16b5af92c
402 5bd1f8043f55e5c3
403 d646697af02fbca8
404 ceb29200deed5c91
405 6b7ab379b4fc3b88
406 55ed1711210f485d
407 3cb14d8cb1608856
408 2686ed58a1377b3d
409 e9ad1d12bc215a84
410 5517616350733369
411 b91d58f38c9d2362
412 9d3614703689c33b
413 f8181856428061e0
414 c393a47f00464cc7
415 17ab708c6df2affc
416 37c8833d795e6d95
417 20998a62236024dc
418 ae26cf73a2416ba1
419 65cbc6c231695afa
420 361b210e926ae0e1
421 f7339cdb7d8459d1
422 e8589e306d6e1f80
423 eb1027fc7013d24f
424 97b6f705605b8502
425 6c4bc13ba8e5787d
426 c3ce5ab7f7abaac4
427 ddafdcc455426070
428 7a9e24fd0ca34939
429 c664ab1a4ed83272
430 6613724e042688b7
431 b4e1aa3218b473ec
432 4d28461783f3fb85
433 5edbc11ab417a31e
434 6cd410e0777845e3
435 5c2671fbccde4488
436 f0dc7ae79d41d8b1
437 4d8d2f0dc4449c19
438 78026ea234f8272f
439 0574c42f94f64b84
440 b8420818bb3cd75d
441 4ae3ebd32b3642a4
442 dbb022b41d4eef49
443 67f72c72b32d8582
444 0eecdac36ace5269
445 dd580357fbc08200
446 c3b63454a82e5a95
447 ab3e080fe5e6a42e
448 d1ad78c9a1dd5385
449 9f5edff04a5c1b1c
450 844b9dfaf24825a1
451 6e3711162f6a01c5
452 53a6c16ca9d95803
453 1c3065d1e6eb961c
454 3ec5a099932cf0c6
455 8fb2a75b8c6d4d99
456 aae7c3f81e4ec8f5
457 668bc52738f4090a
458 1aa4ac26c4b1ee21
459 6edb645a9f43c75b
460 40e90a308b613ed3
461 20e2ef9d4a73612a
462 b0cb768208ccb01c
463 d673e58c93b67353
464 8ce19ee1b288c292
465 af4fa53ff699b1d1
466 66a1a3600e8ca5ab
467 1eed66dfedd75d1f
468 def9800d0c19d629
469 e081400a10a6382c
470 6fd342fc4be2a9f7
471 4d9ea1ed912f7f0a
472 389c739dce483ce8
473 a65e4cbfc256f3fa
474 49c3d43cd02af06c
475 94983ce5e253c052
476 976515ec4a927300
477 092b4e31e5b6a012
478 614711897e8af81c
479 4448e0a07b09804a
480 d31e41ad9a3b1758
481 b82979857247fe7a
482 b003c31fde72533c
483 0cf51f07cb001aa2
484 e4e28f1fea62be00
485 23d60c4f26563479
486 54ecb7d40639a804
487 04c25e05dd88e3ed
488 a9754d14d2be803e
489 760c3fe3825f82a9
490 c738875c19e653f5
491 b37f011c11531066
492 ee2d57b2234856a1
493 5f2d022fffe0d50d
494 cadc31d7244fb8c6
495 4c0c29ac6fd779f1
496 ff22ba08705f823d
497 5b02aa14c7a543fa
498 fb899f81fb1124d1
499 477e754cc9c0f78a
500 99ff4516fed9ea08
501 1e143a6231d6490a
502 eacb6534928b2f8c
503 e025f155924041b2
504 87f563e3d4e5c9f0
505 e5491c13e3c443a2
506 b8976307793ba67c
507 eb98e4bb915b32ca
508 ee86260217431db8
509 1a9e6a28a83a652a
510 922c0696f59ef4fc
511 c687940590e4c7c2
512 e5ca95b42ad2db70
513 af98137365e84232
514 c35932f999a7044c
515 1d96368850cdf8aa
516 9ea48e34f93ce748
517 0e7fe9f38bb6292a
518 09727dac40220bcc
519 b7f0dade8f579eb2
520 cdb2f17149724fb0
521 2833d466329c6779
522 1608c86e6d3c5274
523 ddcce8b26261c1dd
524 27fedefd2c7f3d1e
525 09c2378b9c044269
526 25b8863bb1ce6215
527 99f608b532497426
528 e1be7bde971d95e1
529 3caa8a395a22f7dd
530 c0080936d850e896
531 5c514cbd4ac1de91
532 e7c47a07816834ed
533 4a5792a9e5abb8d5
534 1167f82b1e197491
535 85dd1745e5d42d7a
536 3417c53e14442eb8
537 6edba912839540aa
538 3741a518cfc5e05c
539 baf822786c480f92
540 870d7841c7b161a0
541 16d1db8e02846992
542 20c41184f1cfd46c
543 5d5448db1c3c497a
544 0d875c8e1ce2b468
545 7a6c5d01a01290aa
546 2ed0d99414e88b4c
547 4409333f51a5b7e2
548 dcd122ebd528c040
549 04206e551e99f8a2
550 b30b5c58f60255dc
551 5fd50b477725e03a
552 833dfeb7ea2cc4b8
553 46bc33579431698a
554 755969fd35cce6dc
555 b51d0ee640ca5992
556 047fcf726ff84760
557 ed4a47fb85fdbf49
558 bcdef4a52d01ec04
559 775a1579985efc1d
560 3251ed4e9382633e
561 6e386434439f48d9
562 8c8b95ac12ebe995
563 fbd20c0a2a4b5b16
564 f419710cbc33f721
565 e95be05bae85db3d
566 f8a7982a7ad52bb9
567 a295cb040f957221
568 c053237bbc4619bd
569 de1c55f802ae1345
570 894e64807177ae31
571 6a348848eb10695a
572 1b896ea1bd50d3df
573 219cd796a6db829a
574 ffb9dedac802f00c
575 e257aec6552b2ec2
576 689c9c1f7e05a970
577 8ab0e226b1caee32
578 3ccd14fd63d964dc
579 1eab7c37804c15fa
580 552a411416eb4238
581 f8cf6b3ce9d5e29a
582 99b9e84d2367519c
583 b33031b9543236f2
584 a5d6bf484661c9f0
585 e1347f13a547ff02
586 fdcc8eff82895e8c
587 43681b0abf38db5a
588 d772c7bf5d4c1208
589 8b1720c95395ac5a
590 99c3c9ab7a5cc5cc
591 f166417422dcb722
592 b3525d1515839eb0
593 9ed131a2bf2f9f69
594 5b9944e811ab9534
595 23ba9c52cd79d4cd
596 c234b641abe6d99e
597 7335dc166dd29708
598 218a0e1eb8645f20
599 403e21d053533bb7
600 8e1e520cc1f41941
601 ac1b5590e5c64cfe
602 5114038564101682
603 72c32a84c214c08e
604 fc73776690360973
605 f8dcb30b939c9c36
606 267e095b116833f1
607 c06ec806fd73e08c
608 9ee0952c4a614470
609 5c57bafedad6238f
610 df090d039d27cfb8
611 cbb4ee070ed2488c
612 4b0f4a6a913dbd74
613 e6dc22195b4fe098
614 007626c3aa66b470
615 dc4d267f1f12755c
616 6b6724a12cc28574
617 c31ebf5f44e2e790
618 1e9b4e4ca171b188
619 2961b6c60e0a2d3c
620 0a22202deff82494
621 c03c1df95fe84ce8
622 d9e5880e570ac510
623 72bb5c86fc2d68ec
624 47f9662a90cd8b54
625 634b45bb6b177710
626 bbf9f67d6eabe598
627 68ebe16059f12bac
628 7eced3778f8ca234
629 da529bc58c5c099b
630 8ec01e43c89422a0
631 8b575fff076f5b93
632 87f479a90f0ce972
633 0d0c38f351d9f6a3
634 816bfa0fc678a681
635 51b9b120802bd72f
636 97f25743b82032dd
637 fecd02dad0a84adf
638 9bae9f8837bfb5ba
639 7caf06adc1344657
640 aff606fcb88f2ef1
641 375342899a8b1220
642 10e18c2dd1b843e5
643 acc343de7020aa04
644 dd13f02be159409c
645 c20ea955b1840e90
646 22c9ffddc2e0e430
647 02c180b8dce14024
648 ce6c83ad6190930c
649 4b618d1f516873c8
650 14e4d08f6f5f1b98
651 0ee190e1eb902844
652 8a0787b29f75c58c
653 361d0834381fa550
654 04f083338e08a870
655 669a36b3966a8284
656 6f32d6390b99f11c
657 67b9f1f8d4b57178
658 a8c3c2a1bc29ff08
659 f9ff0b0b2e4c57a4
660 869f19f13165809c
661 8c17208950fb7bf0
662 5f4a073fcc430a90
663 016d188d11b1f0c4
664 068101c9bdc8092c
665 4e24a3bd42d7621b
666 e510390a70df27d8
667 287e306ac8f7636b
668 9e97d0787b422b7a
669 af5a7609b0417373
670 18c68f516189cf19
671 283367157a86e7c7
672 7506584d75f02cc5
673 42175d7a2fa220ff
674 7f12bee7d48a0852
675 cccf654c24321faf
676 aceb7a1f5c5dc659
677 ed91b630f5230ff0
678 77b470471fb4541d
679 72037e8397c02f6c
680 0952640a9af0f164
681 8ed8f47452072b20
682 5e1a08bfccf7ffb8
683 75793b04fd0db1bc
684 cb1eddadf5f80fb4
685 2b2bf7b82acb4328
686 152d6d0f541d4360
687 f789b66c42cc6c1c
688 065ec4319afe4ea4
689 5a631ca8245df3e0
690 3a4e04c6eaa11868
691 c69c9b6dad6a832c
692 fab8c791e64313f4
693 7adb99905bcd2238
694 9f5033856f95ed60
695 7345de48ae94f98c
696 f477363b1061c084
697 f8a638e8deb15dc0
698 e78aa2502f3b84d8
699 11e99ce1c9ec5e3c
700 dc3cbc16d78cc4b4
701 972001bd19b8a44b
702 6d4cea5f024e5a10
703 75e2426cb6d320d3
704 34aee9f456c349a2
705 6f6d392431b971d3
706 12300b64583b8081
707 deb20c23cf1854e8
708 508f09a3f0470e5d
709 25b60c3ccd84864f
710 a58b067d61fbcf6a
711 270eeb515cd2f6f7
712 b654cc98d45faf41
713 baf186b18227dfc7
714 b631fa27ec64d8a5
715 74547b01a946e1b4
716 0a28c1e63d8fc5ab
717 1d8ac1993ca68f20
718 e873d8a2257e83c0
719 14676403bf321ce4
720 292f28b074a02adc
721 b2d87177c9eb5758
722 269476172563f6d8
723 0ec49c8ce09fb2f4
724 8d41d5a268e7a00c
725 8c40a8b01023a660
726 73e5fd46c8c2ca80
727 e24e8d5f9c5ae704
728 76f9201c008040ac
729 59872aca9a858da8
730 cec54572ce2ebdc8
731 92539b6a894ba874
732 cc68369260015bdc
733 bb6214e6cd3a2660
734 4f3a4a0df5307840
735 da8e046b10dfb884
736 84afcde5f567678d
737 a7737f1023caeb67
738 60c0927e5506f363
739 33ff2de2581bc975
740 015d76e06c64d710
741 e407cd346f358214
742 6de78fbeffa41acd
743 c1f4a2e52c83a9bc
744 5027321c463fa26a
745 13fd117a6e4c4f4e
746 0532878e19cbb63d
747 212413eb15990917
748 58aaab5b1aea7c5d
749 911bc3e2729cb642
750 5b7ea2ec8b7bf03a
751 c5d8b4fd2669e0d1
752 99927e0c79f0c32f
753 5bab9ba5d6993225
754 f93718367d43bf3f
755 78d9ef1a12d74dd9
756 d838abc7b3fc39bf
757 d48a23341760a315
758 3a24e23c5857046f
759 7e85d2fc68a4a8f1
760 83142e94f33f919f
761 80ae9bf0e5ff14c5
762 f1bb01c1057de8af
763 37029f18c9582ac9
764 bbc9768bf470f7af
765 1febba3e7849a8d5
766 cb508b1d8e7fe11f
767 8bfcbcb52c9f4871
768 37cd8146d56bb56f
769 6cf3a0d17293f1c5
770 1a3771392a21fd7f
771 2ebe04475b10c5d9
772 6711a7d5e239291f
773 6afa9b8752b7a33e
774 f8ab91306f63a2ff
775 6655689905ce8f66
776 3b59eff5434ae411
777 d862d314a1fee9de
778 20dd783343e5f09e
779 d6245c7da93601ad
780 0f7b7aa99a3a70fe
781 3b3fdef9c023b9da
782 2284952fad821162
783 e2d4fb2e5c930d62
784 11bc180e9cbec282
785 dfadea7533e779da
786 5c056030195ede5a
787 6a9352a2a1a12bd1
788 ef90bcb658277eb0
789 11d6bc249d78037d
790 ec9ba6ee603b0dcf
791 7afed99bde0d9889
792 e932db13734047e7
793 1f7448794d12ff5d
794 be8f76c7277182bf
795 ef6a90531f276ab1
796 408645c6bd32b557
797 e030f763432e214d
798 8f1bffb53482139f
799 4e309a0fa11f65d9
800 0786d12efc4fabb9
801 9fe05728610f22ec
802 a03ee524fdb27876
803 776977f5997a3254
804 788508bfb86000c6
805 861eafbf46cab3e9
806 5449bebdf27e36ab
807 94e693404342f330
808 92e5a16ac484bfef
809 138e93f507b241ba
810 2c555352ba62d4a4
811 308a0060a0cfebce
812 60f2c328969f2811
813 bb92acc6a05ce825
814 5120bd7d5a07158a
815 17cc600e1f8cb704
816 3ccffcb8eeec4d40
817 dbe0ba6884d77461
818 24f5db87a6aa58b6
819 0e0b76a5c8a3d3d0
820 18ef0964c7cf3588
821 2aeb5c626c368757
822 29d5e7f145d48a09
823 e14fc7675dfaad27
824 9a71b7e85a023840
825 2d25716644ebe932
826 57ad3b64b554a462
827 6c326297cebefd4b
828 a70a8cffc1af4261
829 d7fdc21f1dcbce16
830 5492bc50f42636fe
831 0dcb2024e9b41b81
832 6fcdee8c074919db
833 db5c8d6bc5a0f217
834 f00797108a7ea9ba
835 69d1d772bf89447b
836 024199ff26071377
837 beebdda675616541
838 c2a1acd4d67b86ee
839 71666ee20348f805
840 ed05e49e4000b767
841 53a2969ab393f005
842 1ca0b9d3edaa11d0
843 7424402b7a9e6bf3
844 1e4287bec06b01d0
845 187128118ffb7bf3
846 53c68fcdd6340d26
847 6c66f43b99cee3c7
848 453ec0b0ad62a526
849 4640227aa60bb67d
850 6bdd5a0908f347bd
851 170b9d006b15b8b5
852 3729297979bb0a8a
853 6e2c3732442047d7
854 6499018520831ae9
855 4e029bb5cebc5069
856 4fa821d5a87e7994
857 68a5a9f6d9de0903
858 d743a517cab4413d
859 a99e260e6c360869
860 07837e7f42647f20
861 48c8a6467294fea1
862 8d77b3b61f535134
863 2afcee3eae10a6af
864 cabd6111ff41cae8
865 0353fba89849eb65
866 3a30c9fb6a606ce9
867 f96534a1e21fb165
868 65024fde9e605a0b
869 b4095c7a255300af
870 f1f0eeb50caa997e
871 2fddf6c74da48ca1
872 e862ae5127d5ea1f
873 9ce3c9a797b1725b
874 8b1c26277e895427
875 0abdedc8fa2596bf
876 0aa63b712c4f7f71
877 55bef01e7b24a5b5
878 532cce616d140488
879 096c3a7a54da6cab
880 81e62082a0b1744a
881 b1c5575f46145771
882 785f4a38885c5d0b
883 d93340a74ce7aead
884 cf9aeeecac0424ea
885 6a9f4f193af31a29
886 fd59c891715eec34
887 d64b34ea90834c04
888 051d69ee13b94527
889 47f0b3700cccd115
890 41b461d6eefe4157
891 54abf35bd8c3f2bb
892 50e8a1d077375598
893 fac7c0b95b3adb69
894 6900f9a76732230d
895 8d2d4de048804554
896 dbf8af23c80b14a4
897 9e5c25a5f58586e2
898 8ae1070e4822bbef
899 a77c6cba6920a13d
900 51fde8a5c4d0e93d
901 8198a28003a09db3
902 31b7d94cb3b93504
903 f4a36502a4d4b34e
904 06bbddc6f5fbba52
905 ff3aedab8fb98b58
906 04136791a87e7ab6
907 098ce0b284681f96
908 1682a60f51d5af6b
909 e3126d230c8b5fd3
910 7013d23c88ec3996
911 9c92f16d4edde5e9
912 dd0ab2e88d10073b
913 ec6c157234ec5d08
914 0de986ac7f8d5b86
915 d354336f9fc4c909
916 75dd52ed06b39c7a
917 6dce63a575d2c568
918 5fcfba0ebc110500
919 c2b80f52ee703199
920 028e082c11c59ab8
921 15de3e5ac8fe39e4
922 fc03df86212db6f3
923 39537c34db4d6b78
924 a9d1dd1f9af81414
925 7f55f714361a76df
926 943c0e83a8c81369
927 0c6d4727f87b9c07
928 0580fa11e0c938b9
929 7d425f46bd81181e
930 07599efd212e5628
931 2d656870b6494283
932 19b303c0b129b9ff
933 ab065a097ecf2cb1
934 8fb4d4fb3c5e470d
935 d73fde78b57befad
936 49093cb953cc26d9
937 39569c8c4f72eed1
938 6c8b1ea96b6b04d7
939 7bcadfbf712068b3
940 1debbcd254d43bfa
941 c8ac783a91c582f5
942 62f31b3415104bde
943 7e809f55a1d16367
944 cb3f1b2ddb4d8546
945 22e9389a5f02ce6f
946 4ee6dff31d3c48bb
947 34a1c29957fa71f6
948 c48a85dd7f2a6aa2
949 f48b236e85e64d86
950 787d300251991604
951 04a359f85120aa8f
952 3d210ce0da658fe3
953 ce2d7d2cb2093d8d
954 a1467d5748e4a707
955 51f009a51175cdc9
956 f69a7196fb028f84
957 29215cd6eb147a8c
958 1187e2d75418db3e
959 d45a8389814c0d46
960 34fa9eee9b5cc222
961 9972b2aa8d30f619
962 bdccc0e61785a305
963 897432e449722ec6
964 96cd3bc14010bc1c
965 37b4b090e7d332b6
966 d9fedff55775ed4b
967 784065e4d72512be
968 c43207575ab78097
969 c775d173a3e76a7e
970 4e0be8014147e5cc
971 711cc837e8256ad1
972 2f749abc246d722c
973 1eb5b78423779e0c
974 a128c09d58bd2cbd
975 a7d01ec2fe3aaa8b
976 b6cbf4fa0b6e68a9
977 3167a26fbe2e558f
978 f644217e223ef9e6
979 ec1b62268a1bf633
980 a46fbe3b8de6b0fe
981 5fc5b81228fa5040
982 367adc59351a9261
983 9c04452bb5bbc46d
984 b664cdde6e723f36
985 ac9796c37429a96c
986 fb8f9255e59a47e8
987 c6d6ac4e1b1098b1
988 e81ed3ed1374404c
989 74813732d6095e99
990 7e10e52f29173c14
991 2741a8da9202b0c6
992 34a9ec32c7cf7bae
993 13abe92ce2794c05
994 8ec9a637e90f143b
995 1a2539ee8c474f56
996 9528ff7bca35bcf0
997 5d898817f3c9bf76
998 ead4c78d0336c382
999 503921e14ccdcd77
1000 341ed823bfa7f741
1001 1c480f49acef3e2b
1002 524439a9e5bd211f
1003 cb3e6f9842c9b390
1004 d3188d7e47370784
1005 f7d39ec96259c16f
1006 05d2e064c2c2b04d
1007 9a08edfc7af28fab
1008 debf766e733fa482
1009 ac4f6bff4998598b
1010 36619d3c5a169531
1011 e60b6e30841dd228
1012 b05f3bd043751238
1013 ce112d2d718a0e20
1014 134216c9ba386c37
1015 11fb582748afe0df
1016 1ff8a6663dbcea92
1017 4e2d6d7c2bae59e1
1018 34a23bc50f58b10a
1019 cff01fd23851e96c
1020 4ee477310fde5ba1
1021 178c7a16f33d9d23
1022 afdb8ae443f9bdeb
1023 9c9d2cda5e90801b
1024 bdf188bf3aa8dcbb
1025 458ce766c368fbe7
1026 1079d28c1eb24e65
1027 183aa59e376b9477
1028 849aa32d92ade717
1029 ddd67eb8e5d2fb26
1030 c5e66091f7fdf1e7
1031 3af1f8c4998619f7
1032 4c658b0cf08d0ad6
1033 9ba6a4645ac56a22
1034 0a4574b1ca66e4d5
1035 0e26765e6837e7e3
1036 865ffa6db84e55bf
1037 66b1bd44f67dfce9
1038 01baf512687c28ab
1039 5a0edd46b864fc05
1040 96137f42f068dff8
1041 6b6a38f22f598230
1042 f7b4ad119c56098a
1043 0548c79a94d61eb2
1044 9dee264f3f1d829e
1045 b44503aa0d88eee5
1046 24e74ad50c98bd71
1047 36e2ff20f0667942
1048 43f697408a5dedf8
1049 36601e20477db622
1050 92cde43a09a0c6d7
1051 74c54896e876219a
1052 9699c10e1bca5013
1053 3439ce1774c43ffa
1054 a50146c1b35b93b0
1055 66aff22255c0edde
1056 47a0c241586254b0
1057 9823b6d1d9b2c510
1058 de8fb1a64f8931e1
1059 7e72e213760262cc
1060 6bd953144342a085
1061 5294f10cdb0fe09b
1062 6a7130b6b308493c
1063 4d47958a17e05bae
1064 cb755948a108036e
1065 24bd7a4ce1de5e8d
1066 b20f155f113dfb5e
1067 46c2bd87d434c9c4
1068 a0c52a3dbda48b37
1069 d9007bfbaed29bd5
1070 1f033b8298e60a5c
1071 4cf0e2b03998ee40
1072 964491ba4a6d5fc5
1073 4589650322a04806
1074 4870bbbdacfe2565
1075 dfa883f66e121a77
1076 bf8a5e613540e63f
1077 ad902247141bf98c
1078 85c1f2fb73839ad2
1079 4773f4ddb32dee27
1080 da3eb86e398126e9
1081 11aee900924f848f
1082 2fa0719a73a7bd4b
1083 683aa786cc61b2ce
1084 c7211ea38fcf8440
1085 e27af3b8439bf7c2
1086 6c3ea38d37215bf6
1087 52998b5ddab87749
1088 5254d325d0cf33b5
1089 a0e830906c275fb6
1090 23225db583ca6c6c
1091 4028664fad3e4c22
1092 d344423131b06993
1093 f4222d31ce5c101a
1094 d7a4e8a358f44610
1095 48bf8ca891713781
1096 dbdfa9b37a01b5e9
1097 8b7e7e698d3c6851
1098 2bd8df87b0ebc7a6
1099 0f5f7d8695b8014e
1100 cb7ac246d89a6b70
1101 9eda76c0a5dc3715
1102 30ad49c79a3a5219
1103 aae27d1e2b6b3f1e
1104 70e2f6ffba104a33
1105 24954ea904fc0ce8
1106 4ab5d014560d8d26
1107 c3f9fbc0e4689303
1108 8179c40e1b3b5e0c
1109 4e25e8aea8b8f859
1110 161f3e251a0e4a8d
1111 47e48a070e51e549
1112 df285249cbb7e2f6
1113 b036eca271f7dbeb
1114 a9ec74b9f277fd8c
1115 57f433651ab5ef26
1116 26516daeffa76777
1117 bd5b63897c6fcea3
1118 2f28bac9d11ec321
1119 a302267687cf662a
1120 d5897e7d3630abd3
1121 e58544504c562540
1122 3825cf540d371da7
1123 bc84948284e2b38d
1124 84f62dc93cddcb62
1125 98aa4bf71e455994
1126 53c77909a5a21b17
1127 5ea851b02f0793f1
1128 b76edd91468ec03e
1129 5caf7b9356086d6c
1130 52c1c0304b18dca5
1131 7812969f87b8c032
1132 8b1b8e30092005a4
1133 bc29747bb5a3ba44
1134 9e62624d830c413a
1135 ba280f25179babca
1136 87bbf07b88d1ebb2
1137 113e15f2ea1a7bfc
1138 562d1e492a07bfd0
1139 3dd1a65b13a67442
1140 41fb44435449c6bb
1141 c8e609ec1fef755e
1142 25d898a6a9f6afb9
1143 bda5086c909d9207
1144 ea4bc91f8ec9c763
1145 d94babcfaf405824
1146 a3185e68dbebe4dd
1147 dd83ef1e6e5e28f4
1148 aa4e640763e12379
1149 c7f8a2935dcee943
1150 d13211311272193a
1151 dc96e2189b30621f
1152 7f750449fab18dbf
1153 6110767f29f64db3
1154 2a05f6b057684538
1155 7e6d89761ae3e4dd
1156 529f1c152ee46ec5
1157 cf0a051de890fbd1
1158 d7b9906aec83e7a4
1159 e5368388b371b2d4
1160 783505d893bbed90
1161 883f69ff2605a3ac
1162 0e4b28348cd8b6cc
1163 79bf67913e2a8a8e
1164 ca916887b50279ed
1165 5bb11c7d641305ff
1166 01e7f8052cbf270f
1167 e3f0f4a425046568
1168 d2636505a16e4e40
1169 b86f9941c26630cc
1170 9c8e83037d0609ea
1171 81579c6ac035cdf9
1172 090760995ae801d0
1173 736f350f51980689
1174 bce52a9fa29f7763
1175 d3e0065d61a1c636
1176 13f0629554d0d256
1177 858e45030e7f02ac
1178 a39bb8d97c88d37d
1179 c659f85fe49a6aa6
1180 874490bfb11e4df6
1181 c2b5bc3fc56905f6
1182 43db81ed2fab9e03
1183 82d1a7f5b28af689
1184 81ba223981d0da4e
1185 3af1f9125bc65b1f
1186 82b71bd43782d823
1187 abfa8f7c3002b0cf
1188 7e9611134145ebc8
1189 9a048f645728cd71
1190 e39ac524e4d0ada2
1191 7c690ce1f52581a0
1192 cd13c161d8039aba
1193 abc778ee56ca4c6c
1194 d1b574f24b4151f1
1195 61696573663916a7
1196 17efbf71661c85e3
1197 b7f307b2070c4cd0
1198 88920d5b4dda3877
1199 fbc055720adced59
1200 890bce11d9319ae2
1201 4f9778acf178c830
1202 ef010964b9f086ca
1203 1e4740b943b9f20b
1204 fa286244d1af25dd
1205 08eecadc4f61d4b4
1206 03740d997803d52a
1207 e09a8d8a96a25c00
1208 6f52b27cc856f117
1209 972ff4274482f210
1210 27a8228d555524d7
1211 d8032985626d7bb0
1212 440e311132329688
1213 ac0c6586a63e0645
1214 5cbb1498defb140e
1215 63b3bb4ab9eecd9f
1216 23f0da75cc0545c8
1217 830878ac1024ef37
1218 40cefbc2c9c0bf79
1219 bd950be0f51ab901
1220 4d50d3f3cbbce34f
1221 8bbfbdbd9d747cbc
1222 062b10f8b3d4c2b9
1223 ef97849af485b210
1224 04f1ccd5f5e768ab
1225 9004e00689e155f3
1226 b141a921be49ac97
1227 08063e425612d2e9
1228 29f2a832ef89dd6b
1229 117d0bebab1ac225
1230 41a60ab03791a687
1231 aba2e19bc74de334
1232 f5d2c9399e5e7140
1233 5338910f8e0e88d2
1234 fda7e682fb89ecb7
1235 f90b466bcdb6a773
1236 06c6ba23351804f2
1237 7177749ca8767d2f
1238 e0a1374ded929d55
1239 4e9e3ec9bffa042f
1240 ccc638aa6c3300df
1241 a82dcb40aeec2132
1242 382473e04ce7721c
1243 2f6cd460f152694e
1244 51f55460af40fc1d
1245 5a341af9228a3ecc
1246 fa0cfd498db89c9b
1247 61d46255cac293f7
1248 3a953ac9c8cd243c
1249 b15da0836a98bc3d
1250 c7935cab6b302ef7
1251 e9e1f4c371891770
1252 12acad641472b2ca
1253 f99d44abfea18285
1254 aa71e48badcc0e88
1255 5816aafa1c68fef8
1256 d057876f35aa3e07
1257 9e85f43d11802c36
1258 a761e1bd838e4b2f
1259 5ee78497fc2bee76
1260 317a0a816db38191
1261 d8988c871f3a5a39
1262 1d46e64fd7a205ea
1263 f49898cb49266419
1264 3c11ed94f5bb0c92
1265 b39ea7b12cf26129
1266 7a9c718ddaec963c
1267 58101178a7cf2885
1268 61087aac776ef73a
1269 4512b30e371a81ab
1270 81b3ec3756100cbf
1271 c075e6e1904894e3
1272 39ece73b993903b4
1273 1f9f5ab040f0033d
1274 18376713e3655346
1275 7fc4dca40ae682ac
1276 b998c29da9696424
1277 a1b5dd79f8b54c23
1278 e481bf7e8991089c
1279 08f97125d8721645
1280 bc1bf450a1157726
1281 c1ed123f47cb5a55
1282 e52c4502f7a8332d
1283 c7fa8610986690d4
1284 ac83340ec664f9cd
1285 ef31d98b0445659c
1286 180a4524aeaa96c8
1287 5697283ffed86f41
1288 3b651110e931a47b
1289 7ab85cf490bc9395
1290 318b6b323105055a
1291 b686e45ba39c1810
1292 543af74badcd6ebc
1293 d2d9cba1ca601f53
1294 d32bc9840e780f4f
1295 38be78909c78a58b
1296 717d4e42991a6ddb
1297 5389f7490e3ece19
1298 547f4d1ccd69c8a2
1299 c7f9726d54ffad83
1300 dfcf8d2d5141d064
1301 9a18dc583cd7dea8
1302 db7aa4980b3dac11
1303 cf842c2365ed7bdf
1304 c434b910c9b3acfe
1305 cb8204a8353336b0
1306 5c2c41a92a3e96f0
1307 1de5e7b8974c25f7
1308 b264f8e63d27ef08
1309 7243898507fba98c
1310 360ef6e4855ee6fb
1311 2e61fd862e080cd0
1312 f4c26770f2357cb3
1313 3e244ba12bce552b
1314 cb4468e66c6c860d
1315 83b007d6038e96c5
1316 3c961043a733a56d
1317 37e204712a815906
1318 92a7a6310a1d7287
1319 52a5796cae66b4eb
1320 598541fa891281d1
1321 54ede02c4e2a9670
1322 6b0b6e45a040e050
1323 141e7ad8fd2ebac3
1324 28a5f522c7523266
1325 defe5dfd7c7b94d1
1326 ab19d710d172e20f
1327 4a03f5198826dab2
1328 a4027adfd1a57f83
1329 e6df589f58a7278e
1330 81a32b247c08169b
1331 45450b1fd23bb970
1332 5beedf2483f4376c
1333 bcbe7a0df9c72c36
1334 e93dabe797b0e8c6
1335 e2aae3ff92a6bb84
1336 6041011bc3f41950
1337 727b3cb27d96c7ff
1338 1095699d386f6abe
1339 ad0634a5fcdedce6
1340 725629ecaf5e61f6
1341 b8e95e92664313ca
1342 6d0ba6f7f9b32476
1343 408a91a7a6cb2d9e
1344 923068d2932d8709
1345 376d5c322ba8a8f9
1346 c7d4630e3ce78b93
1347 2e163de850bd9b1d
1348 29f9a5f3b5e97585
1349 bf6863be2de9ceb2
1350 fdb6573629e25ea5
1351 a33140b79b8ba8dd
1352 e39b6904099ad658
1353 cfcae25dcdbe6dc5
1354 185fb749c04fa87a
1355 b085c53b540ca772
1356 750ba89651801124
1357 8cd0f619126b7488
1358 316031ed9423933d
1359 5ef9c3ab02474d45
1360 6badd67d3996346a
1361 d7eabb76c0d372a4
1362 c2e99111e5cf53d7
1363 e60298e1e27e7a5b
1364 0894faaf39a684da
1365 5470a2ed99055055
1366 14f5287b463abd77
1367 3e4eaead401f6146
1368 a088ef72b8b424ec
1369 fbb8bd83c664d799
1370 d20748c2caae5da2
1371 99204a141fb81689
1372 a54403e0632086a7
1373 964037f208e6efe8
1374 173bc0722058b7e0
1375 f37bdd8bc43fb9c6
1376 90f55e6cc20a21b3
1377 e58241c72fdf5c8f
1378 972c16c543fa6a4f
1379 a8967918db8dba38
1380 f3a2205d63857956
1381 95f14f1e44753ab8
1382 9de26fa809f0f7d5
1383 a75fedf7bec6c350
1384 be0097b89bb77d34
1385 f37ee28a3dfa17f8
1386 f1e2c82aec253ba7
1387 597be5c3f1914e85
1388 65279ecc04ab72d3
1389 4174a21d40457322
1390 3693c57f8f2987ed
1391 36a03c9e2828f52e
1392 0cb9078294318766
1393 9cd7a392d7980c75
1394 b13a78487d837dc7
1395 b220f5e0d22fe853
1396 96b606507334d72b
1397 f4926903652c90e3
1398 9e5b076ca5bf690c
1399 c61bd7ba25921ac1
1400 d2f4bff10ed70a7a
1401 e9681f7d5657b332
1402 c56ddbe772c02aa7
1403 e9891acfe9cbcbe1
1404 c40b974479c985c8
1405 3a6f15bc95d914e7
1406 1773bbb2e587964e
1407 1106d22605062b7b
1408 f4f0c266fc4fef45
1409 e33f315e9afad8e9
1410 fd5eceb2d5cb19ca
1411 1451968c81774b97
1412 208248ac736bd7e8
1413 7455cec88ae21537
1414 200d590d6c95d65a
1415 aa1e888005d7f080
1416 f4769275ae6311f4
1417 5855efe0f00342af
1418 08f6d2ee4408a2fa
1419 1d6f79f1f9e1b0af
1420 53f982fc76ca7c65
1421 914fb2065429cfb2
1422 22ab88e88e17443b
1423 363364468efef75c
1424 ffc127bb1f1fe163
1425 3259290b93823f14
1426 3c9a765cb60f741b
1427 9c77849817e55382
1428 ec35a0c2cac42aed
1429 56c3a7d3118f8143
1430 ca74f10a331d648e
1431 52a33d561922720f
1432 570fd5ceac605d2b
1433 70d7299e736ef6cc
1434 90e3c35658d81039
1435 850f7b45f61f34e2
1436 ee028b40462a0fac
1437 329a732f76048411
1438 132fc9f9ce3aec49
1439 dbcf3dfd8cfec7ec
1440 bc2b2c26cda95857
1441 e3a106a3a2c5e31a
1442 e3726a07aa4db998
1443 04181ba486669119
1444 b9dac2ce2035a6fc
1445 381e4088c8ef232f
1446 1f4eab7299c6eba2
1447 4ce78ae2c7af2be5
1448 e1e7a7e4124bb1a4
1449 3c5b2e735cbfe785
1450 c849d91350de3e23
1451 ac9fc0dccfef4231
1452 52175734f8de5a11
1453 8f1b10b411530852
1454 3ffa9c57087196cf
1455 a9f485381ded3e5a
1456 51421240f9dd09a7
1457 24ba9ad5c81286b7
1458 212f33aee9719513
1459 7cf5d50d0dcd10e9
1460 1e9b54942ae80b68
1461 9410d5ee5ad68970
1462 9735c4c93c07f8f2
1463 e02e899aa5827b01
1464 693c7d6ba8735893
1465 a6819ab5b014c0a0
1466 6ead8ebc5a34a8a9
1467 470cb24070f4dc9c
1468 c212341d48626912
1469 7900699b68e770e2
1470 d1f31945309e12a1
1471 f37a8e74521fe067
1472 d6b1c3e3d0a7fc70
1473 4bed63c5ec465375
1474 03ade85c1fb82ba4
1475 d1b4a325bda7caab
1476 d3db804a370085ea
1477 452c16ff4ff5bdd1
1478 c4ec847daf20ee57
1479 34200859bb465479
1480 d817cb378e4e1e07
1481 2e46d0ed9db9b5d8
1482 382a20a98fd02120
1483 d2b61fac6482fc03
1484 da0fd45cc1344d6c
1485 feea0fadc53929f8
1486 5a0af4c8c5f46c13
1487 4ea30e9186c93140
1488 965b1195a5febe1d
1489 6752f43922a5bffe
1490 3be9870e9c4113e3
1491 6f25eaa2d623776a
1492 61f241b2c42620b0
1493 32a125e42b7e028f
1494 6f855e95c6bca748
1495 249b94d1316ebeb9
1496 4d33f6e579406032
1497 163a4ed627249c95
1498 e3f2b906086e9739
1499 7d7e7b68476dd1af
1500 23c8d8d5df3c2e16
1501 881bd646cbfabea8
1502 b4651bcda847444e
1503 9172bc49ba04acd4
1504 8b442f88c85a1087
1505 e1b411becdd1c5ac
1506 6295fca7f688903a
1507 af6a0f01fdebdf90
1508 ab204305ccb79e73
1509 a3edcc069cd0dd68
1510 bb29ef6c5f528d3e
1511 7acfa886e851e1db
1512 18642676d697cfc4
1513 041f9240ea380b76
1514 eaf63d094a008517
1515 4dd54b589d907386
1516 37f5f719a9b3ac6e
1517 e81393f3e5376df1
1518 aede21b881a8ca40
1519 d571fa68fcd4c097
1520 d84ccf39eab08425
1521 98902c0b8f852a35
1522 ac63d9da9a773d2e
1523 e1e34b2d44a5e6e7
1524 403e389003e808cc
1525 0145a81c2527ff43
1526 c9ca408b072a566d
1527 8dd05783a71a493f
1528 ea690dbc618f7bfa
1529 21338f555bd5f0a5
1530 4c71c2bf0bfac530
1531 a718f7304137a99d
1532 c070f8d21e9c3324
1533 696c3b9de8fdf57f
1534 91299c8f71022c51
1535 70db2f17dc2472e5
1536 71b2eb99bfe37361
1537 fcb81f36ace68bad
1538 089f8bb3296204db
1539 6e906a2bc4b0b29c
1540 e56ffed14caec5d1
1541 32a20582ba1b2c15
1542 bd308a107dfa0172
1543 c4fb55478225ac5d
1544 d0de4e16fa8c7222
1545 d1247f154ce076c7
1546 1dee53ae2a6b2ad0
1547 b086a27042c5b85c
1548 bc3c543d7e9b64a3
1549 e61ec37eb2d6afe7
1550 8da77afdd3f1a810
1551 76d3091aa3f3da3b
1552 34a025535ec4b146
1553 53f71e5e70a43927
1554 b024035044518d9a
1555 3b40aa93ec51f31e
1556 e0261b10c2b4d298
1557 60182eb7b5487693
1558 c11a7aaf489ce8ea
1559 4611c0dee74b70e9
1560 dbf4cd7e00f66fd8
1561 e5f47b2bbd542ff9
1562 9d4319b00068a789
1563 076afa2e018141a7
1564 5642eff55db2a454
1565 2dfff33544252e25
1566 48a53df3e749954a
1567 043f42ff07cad0ad
1568 1c7d076279240051
1569 d943cc28d823cc67
1570 181afe97e7bff305
1571 936aa8079b47a6aa
1572 27c32f5b1fe7a348
1573 c197dd899e5ba682
1574 054898ed18b38016
1575 29328269c6aa0eb2
1576 130e93bc989b73c5
1577 2b197a12297d9e06
1578 730224fb60e93cbb
1579 15b2855a137f305a
1580 7478078570d7a175
1581 6249a7d28f8dd648
1582 5cf0fb4ece414f1b
1583 268d49f48112bd19
1584 3a63c387a2c1d8a9
1585 f6b02f047f101294
1586 fa42a2df9299b3a3
1587 3fca767856eab7cc
1588 410f8230e0ebaf74
1589 b135d3a885a71c23
1590 de595c3bf9085115
1591 144a41b0976ac4d5
1592 733d13999b2c9e4e
1593 124f49bba2350f27
1594 747635b57dc067d2
1595 f8f1dc9191c7f5ed
1596 4a7eb1eba08f339a
1597 f1a44aa3b423e3fe
1598 e965f733e5ef8ae3
1599 6780f628f52b2709
1600 e43eb56e395da194
1601 dd554b1de71b8087
1602 302be7d908572e7f
1603 bf0939ce6ffc6887
1604 b7d1bc4872cd4db9
1605 8d489f7f7693aa00
1606 6fec2e2e17fa4a8f
1607 516d10b0e1229fe6
1608 80d51c5f3465f699
1609 b9eee2e649f24cda
1610 dea09ed412c51a08
1611 6777364fca716a5e
1612 23fa506d45e28803
1613 172e3020505ecaf8
1614 37c967d6db721c49
1615 bb2ccee0fafc81d0
1616 9a177457be4b96d8
1617 7366c1de4359b71b
1618 779ad01f128a9e49
1619 bddaa80ef22a7c53
1620 f0d9eb90d941ced5
1621 894373ca1eb4246c
1622 de438a9a66c528d7
1623 f57c2c2724d51b6c
1624 00c8803a48e3a7d5
1625 6684f50b61629910
1626 2fb4e7f0a1eb8339
1627 a864cfd0680e27cc
1628 e6098811c27ab8d0
1629 3075ec8646025d71
1630 a71242ffd51b3cd2
1631 239e0320e2d03047
1632 fc8c6a6470678705
1633 daeff6ccbeb58fa1
1634 79cb11c6f1a49e0c
1635 c3c7746009780a7d
1636 c5db2325c2da923a
1637 be5c787ec253c903
1638 555de2860bea84fc
1639 db2abd2ba1046684
1640 dbc25a6e667189e7
1641 b62a737f682b0c5a
1642 9a54f2804ab08534
1643 0fb71e66fec2cac4
1644 78edb591227b8151
1645 476cab631d5ed174
1646 debaa7a9a4bf8283
1647 c4c39b832c60a85f
1648 05dd397b3c289e0e
1649 22d3cbf48f845343
1650 9a0d90e5225cd270
1651 84b7c000811dd16b
1652 7d38447c3e0b027e
1653 de92b72ce16c6974
1654 47a3320d1c27cec4
1655 b598c1de9b94bb88
1656 f85ffb4b66309ab8
1657 791fa4b3815c9513
1658 93943da85ea5717e
1659 d7b2569716026281
1660 085f6e64ff9c6bc7
1661 b1f8075e2f3d8b82
1662 0f91712001adf5ed
1663 1543de7ff6ea6efa
1664 9059da5a8486e9ad
1665 466c7e83960a5b5d
1666 2b273d7a7a11e64a
1667 241429b3a6c06d60
1668 e0c29d8847aa30ff
1669 4f5c97b6ec16a3e3
1670 78f978ab4bc8d7be
1671 6c2b357e8891d8ad
1672 d26c44c2f6bfbf68
1673 5f3a2d182a1d56a3
1674 a511655c2176cf59
1675 40ee8faada1e1695
1676 049db3fb84823dd2
1677 1242e18dd286ef5e
1678 7095a739cfc25671
1679 211c00ee0beaf224
1680 9e5ef6ff7be23b6f
1681 5b93ced92179f507
1682 f13623f3fd1b2b42
1683 5fc662f4747ab499
1684 79d4c9aaa3f88ec0
1685 3223914c9c1697bf
1686 305aee39de3eb906
1687 520d7630e5ce2bf3
1688 88793f054d3e3fac
1689 b16ab8690b292d81
1690 003fcaa819109a02
1691 5b8d429b900fdeaf
1692 57993b38eb574b0a
1693 4f664816caa2df33
1694 ecf50f7bcb88f668
1695 ed396633d848c552
1696 5e51cae928c73d06
1697 c3f5bb14c3102ce0
1698 cc0ed2f5a598f6b8
1699 616e9605b922f7e3
1700 1d75483008b20496
1701 ed5169bc1ce1dd99
1702 5b9fd371319300a2
1703 fdae136892b9e3b0
1704 0cb88e744f11d480
1705 50698c4af012c0a4
1706 07c96b9424ffa2fd
1707 cec42ea9d7e1b193
1708 d55a16425047e9d5
1709 5dc26a00d8bb303f
1710 f11d3018ce1246a7
1711 47ad0c8e86fb833b
1712 0fd21568ff42d1ad
1713 6ecb76404b0af0fa
1714 679c818e68ba0b88
1715 7ebc99899c1fa4d6
1716 c99089d106d943f5
1717 f5cfd4cd63c835d9
1718 7a43def7e5aeee5c
1719 1cae7514959e5749
1720 2382090a9054be3e
1721 42df95d3a1f535ed
1722 4eb5af51000c09d4
1723 f65e6a90bd86664f
1724 1be99b96e8cd9a76
1725 d92c47629eb72650
1726 a9abd43ce30ebf59
1727 68e0aae8aeba71d5
1728 e2750ddf429e4f0c
1729 07195beea14160fe
1730 e5dd5ab707dbad1c
1731 658e60ec76694be5
1732 50eaecd07c35d01d
1733 72fecb786a19e0a1
1734 d7ce1b73109d01c9
1735 e679c44794f7e7b8
1736 6ecb517dd4b5e2f3
1737 fef146d16f2a1833
1738 99a1368e3943d99c
1739 c52084d03cdb3f0f
1740 e7719f984ff26efe
1741 6dfcd71e11ff94ed
1742 1cad9f03e63c0889
1743 8e0fd648db43b367
1744 ad73111339c6d5e1
1745 e355eebc6895c506
1746 b4cd657a09b99510
1747 9aa7b06ea2595592
1748 3e989ee90df97833
1749 9c050b1ca773be6f
1750 e735f4095a9a0ab8
1751 949b38e4719d3363
1752 019809466a0a2090
1753 9d67ef0552c5f5e1
1754 99f72e8b954e6cdc
1755 dafdfc6951869563
1756 4562cb3a384cbae6
1757 258c83c01dd20053
1758 3c1da09407e17c17
1759 bde278969cd6ab92
1760 f9065521b9967d30
1761 9167870c5154652d
1762 0944793fa917146b
1763 32dae394980672f1
1764 3a06e9aaafc6cb12
1765 d022442e92fdf87b
1766 bfe3cf43d7c86d85
1767 8f40e4350a581f55
1768 c9c531a2a0af87d6
1769 68b9298f2518060a
1770 17c6b43d28b5694f
1771 7e70aa32293874f8
1772 89e4b380d0128e46
1773 1932520051f6df34
1774 e745e38f10ff53d5
1775 e22cf2e5a1bc84f3
1776 92f21904fc961cd0
1777 f0e980971d5abe41
1778 74254ca93ae3d43f
1779 dddecf4006cf43e4
1780 f46cefe38d68e5c0
1781 37e0bfb657ad91f9
1782 2a77339826db2e74
1783 d017ffbf8223c553
1784 cc8a16f89501cc72
1785 1fde420afc5160b1
1786 72b9b68e429a7f03
1787 48dd25d1693eba69
1788 bd2df66e8d866092
1789 570944225c76b1d2
1790 bd8f4a9bad47fad5
1791 42d9562e8ef35078
1792 5224cf9b12b667ab
1793 8f4e12a6a8ff87e7
1794 2cfd8dde94eedd26
1795 e8af6f3f4de303ef
1796 b8df76bf6592f784
1797 e3a4fc74b676d47c
1798 232fdcf765246864
1799 5251de13c5702c6f
1800 9d9cbaf4c3b417cf
1801 da2265f75121638d
1802 b1eae45dbe6d8d66
1803 4f1180d8a8d3faff
1804 c834aa06e8c0f084
1805 ac882f7f8fa9d772
1806 94ffcb2f60019788
1807 fc44f8b97de34742
1808 1cbf1fde560cec6f
1809 50089899dc25b595
1810 f4650e792cf11390
1811 f4236762967ebefd
1812 afc12716cfcb8c84
1813 915f88593b0ea05f
1814 73371e05d4814f31
1815 769d271836082136
1816 6fc8599a27216c31
1817 12c9066959f3b042
1818 bd29fca75f4b5793
1819 3bcb2432ed41637e
1820 a30db91de7289809
1821 f691e9e8454af54f
1822 8b2a8e0d708d0a7f
1823 bbe4788dc4fc13a7
1824 4ce0058bc571a1ff
1825 e922c61db8703110
1826 c1c831ea5aaf14e6
1827 727828b3ea5bd68e
1828 54bd4720872e2834
1829 0693ac5729bf33e4
1830 bc7d91aaaaf780aa
1831 f801c331c5b4537a
1832 4d2e3aea55bad6cb
1833 051c23c8c238a4fd
1834 ae0e7ef2eaebad0e
1835 c7c7f238b7cb8512
1836 854d6499cce0b9fd
1837 16ca6ff8f7ffecde
1838 06ee86324cd9d277
1839 7a3e48e066ab49ac
1840 7998a650334493bd
1841 003b5b5a6b15309c
1842 f4b74c9335a07794
1843 8cdf0471a07eb87b
1844 6f76be36bd2db1a3
1845 bf1d7ff3d0200a91
1846 b58bd75584ae6d4e
1847 84520bcade949021
1848 b0c4d54384aa8672
1849 3a9320cb7cdcb434
1850 6546f56876b4aded
1851 e44e36a46b885792
1852 7b1238127af8c7eb
1853 5ef0a101debc6d4a
1854 4db2687faea074fb
1855 c0d0f943f094ac7d
1856 19daf9bc01e64d7f
1857 e259aeb569152cbb
1858 3e157104739b1424
1859 7c10aa2bd92848e7
1860 1a4280d4d0cd36ed
1861 9b0ef0f56ae9f4c0
1862 c1cd80642906c993
1863 acde76da3e229a51
1864 eac168b02ad1963c
1865 c06615bfe51a2a91
1866 909e40df7233960d
1867 b9ba863f801d5baa
1868 242805b0ff9d7b2f
1869 d78ddc3fd007f4c8
1870 24ac4b5298f9dc66
1871 4f7a03a5296fd284
1872 e172b7cf395e98df
1873 343e739e8f18072e
1874 6a3b940933a3ea6d
1875 6dbf787c1e0cbfb4
1876 0c560b9e2fab2ad3
1877 36a1f6d36a6823e1
1878 02d5b8d3df7f58d8
1879 0208ac11ccb694cf
1880 69c09a71f34481a6
1881 4472b92a78a2d173
1882 fb362a081541cb2e
1883 2f399988cb56cd9a
1884 fb8753fa8bc664f5
1885 877c256d4f2aa8fb
1886 a668a4517990cc50
1887 633ab12506c8ce5f
1888 e1e649fa25efe118
1889 6fda8cd74abe2bf3
1890 35c9654115a85090
1891 b11deb58a1d89e7e
1892 c40012f7f37f2511
1893 d90c431736d24649
1894 b210e50cef74b885
1895 58e2f77c8bcc9bc7
1896 d9ef13b376d1c593
1897 ba765e09329d4178
1898 f0d30d673ebdeda3
1899 de036abdb2d99165
1900 b24c2969a9dffa86
1901 59cb74ed5dab192b
1902 af1f098564a1eaf7
1903 923876095b94b4bd
1904 54f03d0b5f266b5a
1905 86d258586cc43486
1906 0eb4f7dbecf94f62
1907 2dd4f2d69b09fd91
1908 9d5e1db129687013
1909 d0808bb28cba6157
1910 f7cef710a7f7780d
1911 0c00823c7b5e6153
1912 6ad5cd7322698af1
1913 e12833fdf1abe8bf
1914 f12d5f3bdc14760d
1915 1cc1604cbb4ec29e
1916 67e92eff54a9952f
1917 38545750cab58872
1918 01153b45d1ed2205
1919 5b88aeb700e5a283
1920 a421fd2f551e2efc
1921 471026d631c12bae
1922 a62379eea1d18dbb
1923 6207a9a98b1a88d7
1924 0f1a772873c3a60b
1925 9609b47694318ff8
1926 672feb159d71ecb6
1927 750f149433a56672
1928 ff3f0c8d6893a292
1929 ca2812038d70d0ba
1930 6501ac47412f1787
1931 817dfa09f44412da
1932 88e9af7ed3d4743d
1933 9e2c2488156fb14f
1934 8fc55558671b436e
1935 07e37916244bc50b
1936 510982d863ab9d06
1937 3040713e1ead3051
1938 259bef6c42b48748
1939 95467f4eda9b4f07
1940 08cde994d4ff502d
1941 52d1a900e3fc2fe3
1942 8deef20ee59c17c7
1943 d5da159a6791b375
1944 8be7789266744de1
1945 9063ff974676d8b3
1946 0946f6ecd08789a3
1947 ea5ad0d069515c2f
1948 361da444bd9bba7d
1949 76fccb4185e1eb24
1950 beed8ed126b416c5
1951 008c98c70694a198
1952 6f535948759f7271
1953 d93f587da4dd834c
1954 abc1d729d162b02e
1955 2a037979b08777c2
1956 29411e52075585f1
1957 0c75a52d2d669c80
1958 32d5007ff25b222b
1959 8b7d48af14cc8c80
1960 0facaabf362fd29e
1961 5ecf84f738bbf7f0
1962 f33e24fd1a4c8402
1963 f8c70d7e78eff715
1964 bebbad6505c15c1c
1965 8ec52e9e5219a1fa
1966 602a247d830ef6d4
1967 463e1e843755e34a
1968 24422e8550b824cb
1969 2cd7ba0ecace4864
1970 aa774c93e1f62e38
1971 f1a8d91b057249ef
1972 ad47fb6f98b9dcb7
1973 e19ec31ad8c525f5
1974 83d0864154b5230b
1975 0fccb4e91179303a
1976 1be1fdb1eb1bca22
1977 1fd2e0e96908160e
1978 3d4fbfad436ee058
1979 0f957028df5f2bfa
1980 03cc8ef254f79280
1981 80b56abd46352de3
1982 00042287714a9110
1983 a9cb7715e0d9c1f7
1984 b7ff325cbebf4150
1985 730f7277399b7b0f
1986 77108b1d09dba158
1987 24062b90208e08a8
1988 2df61217eaf3586c
1989 54403d78878d8823
1990 d3b90b055dac4d7b
1991 29af9d1a739ef110
1992 74477b6eeed1663c
1993 bc1d2ff52db0b7d5
1994 feb538566cae1678
1995 2f3b2adb319bfc92
1996 289e21a84d529eea
1997 25c797065d5cb18f
1998 1e317cde5cf6f5b3
1999 7e727a3b38d8c3d3
2000 db05f6c0fc691717
2001 0ec16e747b470be8
2002 e9ee285683f62854
2003 cf83a5844d46b8a8
2004 d982bce8bd6c1333
2005 1f26ea0d46c0c2a3
2006 005ff6e9335b0b2a
2007 0e129648d30be2d2
2008 f253f4248e24e6e5
2009 b032d4b6147a5a46
2010 640037ec427e5f7d
2011 ebf0e546216aba36
2012 05cb7f915fce397a
2013 f69a26977e150a72
2014 0857e6e75d44792e
2015 4d3325a77eab3800
2016 2fa8079bdfc045ef
2017 f60fc3caa6c404c0
2018 810717eae059e4e9
2019 5fcc84d0bfc9635b
2020 5161563048f1f6cf
2021 16d5127e2ef4d6e5
2022 9a3219243cf7b944
2023 8d20b5bfe0fe945a
2024 8d2932a146a900e7
2025 2ce70581652f628d
2026 daeab1859c26be47
2027 10c52d1265f866c0
2028 d05080789df62b78
2029 ef88800a67eeb093
2030 723503672790faf9
2031 5e441499f7db8405
2032 e731262f5c6a547d
2033 c096fb981156f1c3
2034 b5c3a3b1700a1d66
2035 0eb1932bc1104991
2036 65c687e21ba4540d
2037 84407ec5d988743f
2038 c175f1b72d199b4e
2039 f369a366502b51c9
2040 c419c77629095895
2041 c57e3bebc8105565
2042 807df2ae9f476d0c
2043 9ef3404eb7f85287
2044 3848323d2db5f7f8
2045 e88ba7ca58769f5d
2046 fbcef49dea6ab920
2047 cf683c116c286986
2048 7d1c877ef809868e
2049 8e35ce0fff6ae532
2050 1bcf21766931e10e
2051 7805516831d4080d
2052 23a468ebe6e27963
2053 1bc884e4b5bc772d
2054 91a098d2df2537e4
2055 11893214fee5ed60
2056 5d79c0f04a2b765a
2057 28633ee36c8f196e
2058 262f0ea8aeb65386
2059 da74b0c7035f3b10
2060 f7e61d3bd3881802
2061 418da5c2f7c9ccb4
2062 a0d9ea4f36a58b50
2063 72ab0dedbfa4b84f
2064 fd268dd10977f9e6
2065 752306da37653dc3
2066 6f76c082b6002dd2
2067 153987eabbfe5875
2068 613a8b5e1572d7ca
2069 21388166e17bc013
2070 9e8f88daff6cab26
2071 3b27f900598ddf36
2072 849734ea7650bce0
2073 2c7b8b9cff55f8b2
2074 5382458072f716fd
2075 05af27700982a711
2076 33f229bfce34e1f3
2077 0d18d80bae631247
2078 035a527def195a41
2079 bd8820ce97c1077b
2080 415dfa54aed74d55
2081 07c33950ce9d0a74
2082 cde148ba71c90ac9
2083 b44620034edc9f67
2084 bd79f36d2de78790
2085 df231c6c91a172d1
2086 a2127e08e766adb1
2087 01702d50f0df439f
2088 6c707d1aae850721
2089 5e7288a788efcdb5
2090 1dad6e4094de0386
2091 bb994525c5b522be
2092 64d439969c24c95d
2093 27363f77c6f56a73
2094 7bc24a0d0fada1f3
2095 0599e4fb25394e0e
2096 929ef023353b1b97
2097 6ba981007c27fce3
2098 385964a88fabb48e
2099 5e56f81ac21641c8
2100 5920dd80b9901950
2101 14c0cadcddf8a9e7
2102 4f0f9bf21633f094
2103 969097e6e5d9267b
2104 47b941bb2d4378ee
2105 a1ad5d3f3864a7bd
2106 19d82ffd9f72a0b6
2107 85227430638c3227
2108 8a93205f04ba34de
2109 d7b6790c5923bdf4
2110 8e625becd246bedb
2111 04c328710a99a2a0
2112 14f9b3a01487d65f
2113 a3b87dfe53a7b4e6
2114 e47577b2f726048f
2115 dd1b46be15b0dff4
2116 892e920ab2368ec1
2117 986525ffc5c3c6f6
2118 664a62b22ea481bb
2119 5c6b0053f6093494
2120 cf4f4d3171a7fe9c
2121 2f39ef442d217b6a
2122 4fc0cc43b4305216
2123 0b1555ae76d1068d
2124 fc86660a8ff5624a
2125 116c9347b94fbb4a
2126 844b4146edd69d81
2127 498b02601bd4f348
2128 33e949e91ffabcd2
2129 63d09594409ee1c9
2130 9fbe95e91a786dae
2131 0667cc0dd3511ddb
2132 77c51af4fba79da8
2133 215fe118c28f26ed
2134 f8f38b129cc45052
2135 bdf7c42b0a188adf
2136 7ff34d595ef8649c
2137 3964049ff2c7446a
2138 7ffdd80e207a774f
2139 a8400962f0ef324d
2140 edb62db80250cae6
2141 4795e844fd61db73
2142 edf4eacb88cc5b54
2143 ddf8d1ae7b946199
2144 bf7291e6911142a2
2145 6dc89042686c9def
2146 1b58f28a4f6b7cf0
2147 66adaea5eb295505
2148 4eed4da22172037e
2149 e774177ef819a02b
2150 7dac24acfaf6f70c
2151 e3a65b8324741c11
2152 6dd90243fe5e61ba
2153 6aac64e85eb4f867
2154 223504679e0b1168
2155 3708b7105e80d6bd
2156 e49bf4bf81fc6156
2157 e2523d032d2be4a3
2158 dca3228c2098f204
2159 609e739df701fa49
2160 d80989bd37c71152
2161 a99729136d7e9c9f
2162 f312b4fe4092c8a0
2163 11eab7a5a977d035
2164 c8e8f5c910f8d1ae
2165 04f259d6a215ca1b
2166 f945822e8154dcbc
2167 c782067faa3d1c01
2168 1efa8fdef359ceea
2169 b670fe8741c7ff97
2170 2e2264779520f7d8
2171 36dd834b7771432d
2172 7a07035639964386
2173 32f0649876942d13
2174 87e03af12c9a85f4
2175 5513c3afc8570ab9
2176 7a655138c9281542
2177 508ac92cc71f474f
2178 d45e340e3322ff10
2179 5e487daec27858e5
2180 9bf33f5c7534755e
2181 82749cc1fdf8ad4b
2182 d00285313aa433ec
2183 d2b42fc71edbdcf1
2184 85e7a607deace99a
2185 a50b0c304e3ce207
2186 7de1214059dfee48
2187 e0a464376a9a779d
2188 26d8c4e4cfcf0bf6
2189 1da82f6f83666943
2190 ebba13a489db8da4
2191 a7aabe881fb1bce9
2192 5523efc8512efe72
2193 c5d95f1bcf15cbff
2194 e34ae8ede91589c0
2195 b7914d24b322c215
2196 ddef8d444b30320e
2197 08ac3cda4afb143b
2198 5f4cae649a80cb9c
2199 e967d031fa5766e1
2200 e9e63447eb2a32ca
2201 a2f593811246d6b7
2202 a9645c515218ceb8
2203 2b2e25f7179c0e0d
2204 ba8a36413a366a26
2205 61137751bf4916b3
2206 59c44250b12fd194
2207 6b035e0a24791859
2208 4b369240647c22e2
2209 62def027a3a0c3af
2210 0f86ac3b1a2690b0
2211 21850da5dc0bf6c5
2212 ac16a58ed3c11a3e
2213 e0199f22c588f56b
2214 5f3d4ddc25650fcc
2215 56433d201b7b0ad1
2216 3418a4f977e2567a
2217 4950b3ad05366827
2218 fba510069e132f28
2219 54a72ab38f4f1c7d
2220 f1da36c1086ef216
2221 5c3e49a93b40d4e3
2222 2132380f1c2767c4
2223 4bbf14eddd5e7e09
2224 80ba031d45163e12
2225 db9cb25a2d2d695f
2226 1594c3ab095e3de0
2227 ddfc8f2e6dc6acf5
2228 ed8dc4dce16c656e
2229 4d1915b8cf43df5b
2230 bb09c8e1fb63617c
2231 bc94e454a1cdd2c1
2232 0efa1bec4ebc59aa
2233 4012600ca3895e57
2234 e35fc4b4e20f6f98
2235 c2faa1978fb39bed
2236 ee3d2cdb6e0728c6
2237 3367e12f80014e53
2238 ee1a84c4bcfba034
2239 c5065cb90fa4c579
2240 ae685c3397d49c82
2241 e6c924af9bf6b10f
2242 60bf6854181ae2d0
2243 18361382466d9da5
2244 5d499210b839211e
2245 542629103c49e38b
2246 b01fd81bc73a49ac
2247 7327724f013d6eb1
2248 0406baa2f7429c5a
2249 18be5f90887ea5c7
2250 64a0d6a067f03a08
2251 070a9c73b0ee605d
2252 df22348c117d36b6
2253 f4d405c8af812783
2254 c60a81c5ebf95964
2255 16befab7355b2da9
2256 c7ab36f742d19f32
2257 9e1b77447bf370bf
2258 308c533531ae4e00
2259 e39a28a29a31d6d5
2260 6ec886f79a226ece
2261 621a49c3b1364d7b
2262 c1e6171c6a18fa5c
2263 83db0c1380085ca1
2264 c4ba27110284438a
2265 6fc5fa14ab697bd6
2266 505ed45e41311841
2267 92b57080f549cf07
2268 dc07a7589c180ffa
2269 bd8cf9daa4876a0a
2270 e2e7b6969e00bc95
2271 bf429d63d8af31c8
2272 24156089c163816b
2273 0288aa71b6007e16
2274 3ddcb70e46941b61
2275 d86357fea7869ee4
2276 ed18833526ed1a15
2277 1064cfa5510c8e89
2278 3e74254b1d76bc6e
2279 9104beb4a6be5c33
2280 3242cd9d043fe230
2281 942d3fa52ea4d82d
2282 8b70ae93c2c0febb
2283 1da060760b818103
2284 df2c610e4250a7c4
2285 d7510227f5c1604d
2286 678f3ed668d4b389
2287 1d91e1186d43ab19
2288 99fe5c593831f46d
2289 71cc59de96d55a87
2290 39a4cf658270552a
2291 1899f02e4ee2fd68
2292 9374cd8621a26a78
2293 b79e241be275be72
2294 7f7f1bb107cefaee
2295 20a0cd90f9207840
2296 95835207f34c802e
2297 c3785d67abf0dde7
2298 0e70dfa994b25fa9
2299 8677a664d90987d5
2300 a4d597f4d001cfa7
2301 4b07fba923d62bbe
2302 634c4f4706c4e5d8
2303 db75fc50ad5ae29f
2304 6e7b54533297c5d1
2305 33c3b5e2d4a40b41
2306 dfa1ebeadfb94c5e
2307 e19007865e302fda
2308 c9d8a07f88e84f8c
2309 ec3710560b95c048
2310 6a9f1694f9d457b8
2311 a2cc9610fda49369
2312 52515aefa4cbfa11
2313 b36edb2957c58ac0
2314 8e90cf9a4294e817
2315 18db913dc841bad3
2316 75b5f024a17e9cd4
2317 9566e82808031917
2318 c54c66a3065332e3
2319 7880658f1c744c02
2320 f00de53e1652193f
2321 add397c5804810d3
2322 e4a513be5fb948b8
2323 3bcac78724f9bb8c
2324 ce79681e7bc82632
2325 b9dda975d28fd4d3
2326 1288e5904cd27f71
2327 1b60d6176655d535
2328 37ae91026b78dd7a
2329 f56c179858750141
2330 938081874a77d77f
2331 73c43dc82f22253e
2332 5422a10b58697153
2333 805ab5a3175b5f70
2334 9f52456978841a73
2335 30549dd7bb7a1d18
2336 82b7cf4f17c44fa9
2337 d9ca7a953f4db408
2338 97c5c9bcd22a7096
2339 c062fdb3503c4aa7
2340 238a28ec5fc9a160
2341 5ad684719a1ba4cb
2342 ce55ed9bf5e44116
2343 5684d126e8204ad7
2344 a7a8e02413d16b9d
2345 803e58df5a663d00
2346 72738d8a88ed167b
2347 d8de5ae005c71060
2348 23ab42433f5d076d
2349 d9096d256ca6a93c
2350 299d059b5f0f9023
2351 700362ca114b1735
2352 1b11886bfa08e1a2
2353 f0eb2860edb714ab
2354 2bcfdac65520ffcc
2355 3c3e39b3972f50d5
2356 3d95cae7084485c4
2357 3635757b4c466c88
2358 562fa1c980ebbef3
2359 00f18c33b695ac07
2360 13e7f432c4ced6b4
2361 b79e174dcbce4eca
2362 53829888b99ef4ef
2363 600441052b43a262
2364 6d1c665164ce917a
2365 0aa18ec4bddcd920
2366 03ed1c0da8762914
2367 d5f8a837a85d122a
2368 257d9db5b7389ed3
2369 1cc4392882d31123
2370 16d79a0f1f22bda5
2371 9a61855ff438d78f
2372 4b614f14977995cf
2373 fbc47cdff1a83a0b
2374 d50a37e1d839da6f
2375 cb9463f4fddbc126
2376 d4f0b3a8837b0952
2377 3f6fab8b6f8c4ff1
2378 a52821baed765e88
2379 0d07b1e5cff18e33
2380 8bf392edf4e43130
2381 420890033bfa0444
2382 2369d5b154e724d4
2383 f817788ee85d6c24
2384 1982c35542aae8bd
2385 8aca7e5b25a3867c
2386 1849c58c54b76c38
2387 c2bba88a843d2415
2388 8884e4592c3344f0
2389 2090f497eeb45a5c
2390 249684a1a1e53e40
2391 2e64b8116f4b4177
2392 ef9da074cc8e8652
2393 c30dbabfecbb6fc7
2394 5f3f422845fc8470
2395 9188debee7f8f474
2396 7468cad5c133573e
2397 b4729029cd3aa5e6
2398 2ea1fef2d4463822
2399 2efcfcf7c6acb07c
2400 ab8ba2c89fdbf60d
2401 382a7ec16e755764
2402 9db7cd1502e40ff1
2403 10f17bfd9174eb5a
2404 3e2a9a3fe022fa21
2405 03ade7b9d8f509f3
2406 62bab654bfec748f
2407 c9c74a811456d051
2408 44d0eafd9f4e4636
2409 e256f06a4e562868
2410 26098a15ae632ed3
2411 8633c58652152e5f
2412 e8b811c65f6cea38
2413 fada338a44665030
2414 7e4ef41313fbfd5d
2415 17af2a5c4902dbaa
2416 8c3c027de6e4fc1d
2417 5b4a684386db245a
2418 fbdb3d480d19260c
2419 1c98855f4b7ac1b7
2420 4d1d970b3ddb643c
2421 ce596342ca5866a6
2422 2763ece8c110a5ec
2423 708f0dee38c9862b
2424 7a2b06d5845c49ec
2425 0b55830264102001
2426 081e1f063ecfba65
2427 af72afe8f1206b8b
2428 bb6ea01643194e13
2429 d4df8b4c387515f1
2430 d4be2fdcb1bc08cf
2431 203f057b72ac5b8a
2432 2bb8a00523e661e7
2433 a376a0c7d1f4fb78
2434 692c7841b8550eca
2435 e2b8528d8f09828f
2436 e1beab5976cd5cc5
2437 8991e81d33ece10e
2438 ccd580df238eb44a
2439 900735fc8bc6027b
2440 09082d133ddec658
2441 70ed069b750916d0
2442 fa3851bb376ebe02
2443 1b7c40a0bcdf53bd
2444 26b8e7fe9d939df8
2445 9956bee5e03b8b1b
2446 7f7f8088e813bf89
2447 f798655e0bef2d62
2448 bbddb8c8570025bf
2449 28da41876881a963
2450 6450a38cb620273c
2451 8b83a97ff164d455
2452 0f0f3f50d85d110f
2453 f7ec0dff470f3cd0
2454 5bc9c560c3d0e62a
2455 495d1b16d34993e3
2456 5958c95b80d3504a
2457 0dd3cb43c00aeb2f
2458 5412a53707ec2536
2459 76edb161cef13e34
2460 e9f9f7b5eb169b22
2461 4d782cb6a7f07bb9
2462 bb8004bec6cf59cd
2463 2b8ad586559d17af
2464 3f6981391e8b141b
2465 6e5c6599742d6411
2466 cd1ee32c07456221
2467 b61b2a1a2a0c564c
2468 0a6b56a386306b2d
2469 146fbeda04c9d9a6
2470 cd407f5f5b274a3f
2471 f0b97f36aac8d929
2472 14d0011f91bd41ad
2473 0638fb03b03a2209
2474 f8e0e308333f193f
2475 a7ef0f1a877204e2
2476 5981952d0cb66470
2477 af2ca82c777a74ea
2478 164d9c1764f1abdc
2479 0d74d5e6c83c056c
2480 614c88ea5db2d834
2481 656d73d6ff64a82e
2482 160f91696b9c3a52
2483 da980ef7865d9670
2484 e43a9a234e1259c5
2485 64d29c3d625474b6
2486 2bc283aef97b4ca6
2487 67cb68f4131d616a
2488 25ba49fbe1d24025
2489 fef7b5b632fe8fd5
2490 f259abd65b69e70d
2491 201e75aa6628e741
2492 e6ace793cf05f2a0
2493 1bc21e87feb05f89
2494 51d2f64e452d4fc2
2495 a71456fa4a17346a
2496 1d2a9b5fd63f5699
2497 e9d52282c7a606d1
2498 e90a9f903b834165
2499 7a7c47833f5b301b
2500 56d4a206cdf735b3
2501 99f53a9a9a249e55
2502 1f7a45d43d9ea5b9
2503 6045f8b0aeea855e
2504 35d125e86de4784c
2505 9ebda71961800d37
2506 9a6beacbeb790697
2507 2b6d89a6b9c796c1
2508 105f168c28f731ce
2509 312c0f9d65f8eefd
2510 74916bbaadd3b373
2511 dc3405ed8a652a52
2512 0dc3ad1d6242184a
2513 1e737b43bd94e8c1
2514 ca515a7ef1a4ac7b
2515 13868c52da951ad9
2516 6e08d53817453819
2517 61ec3e2e5490445b
2518 78324cdd3ef53389
2519 2f821bad21884037
2520 77da715ae8b20202
2521 afae8960f8e88bd1
2522 e4e8c0f4b89b6710
2523 3a090f55b8aaeee1
2524 761edafa213b0ac7
2525 f9840f74ac5f1058
2526 8eb73d5781cb5de8
2527 5a9b262f0947b2ea
2528 4fb0a68e2038d0d5
2529 b49995a5ddfeb83b
2530 f73d446f209caee1
2531 fb9a4777ba748284
2532 ef6353ca1ada19fa
2533 5749ff46bae7de3d
2534 8134611d0eba2227
2535 ba71f6df6d6a42dc
2536 bd7165649073e61b
2537 976b65d583f8ba6d
2538 eaaad2d99d0a6a0a
2539 73825213d5752763
2540 83ecc6669ff79ff1
2541 56d27371b7012f07
2542 9ff95b86c7beb204
2543 3011299f8566248e
2544 f1db6a29893442ce
2545 8701ab2d15bba1b0
2546 ac2b0b2543711206
2547 72bc3630ef798a34
2548 7058d520c24ca31b
2549 67e4fdaab36b0e2a
2550 8f6ebfb081f1e48b
2551 d178bd10edcb6dba
2552 82a8821f8b2f6e1b
2553 c5e9b21b04c1d570
2554 cdab54153faa6192
2555 a536f5f594e055ee
2556 14c52f20a629998d
2557 95c114d90eaeb6ab
2558 e79543ab65789ffc
2559 55db4cad682a4d3e
2560 8e1fb318bdb76a0d
2561 2666df0cae9aafd9
2562 9988f186d3a8d69a
2563 bb30e39b9d9c1737
2564 180009d4c17ec6f2
2565 5e64a6d1649f0f5a
2566 0b7e2027a95689bc
2567 8f96759c8522e1aa
2568 6d55210b4bd45ffe
2569 f8578aa74424abf9
2570 0888f072d45fd1b8
2571 6a1ab47c55d38ce1
2572 94ce5a25ee5c9ade
2573 2997a376123d8a2d
2574 5a424dd773e0a4d7
2575 e804a4c29d2d76da
2576 42e9192f93db1a91
2577 f669bdceac085b7e
2578 57b803ad9d17875f
2579 06bf482515eb84a1
2580 d0108993a3ea839d
2581 ad469f109d3b252a
2582 5e59c79722fd4ac9
2583 3d96984c37979778
2584 2f51946850f8e6a5
2585 e358ee9264a8c4fa
2586 b756cd92e86d54c6
2587 05d9791f382d32a9
2588 498ac8325d9de037
2589 56778bf9c650e041
2590 ef348d36912cd15b
2591 a0d48a51b0ebea56
2592 dc703607e68a9542
2593 e0fe6bbc0e9ab4bf
2594 bf3f491c5d88dcb1
2595 70edc34a32f7c024
2596 6e1f95877c9c2104
2597 d10382d4d0235348
2598 fd27995d287064ec
2599 9ac77c0f61bbda19
2600 51289dfa3e51a919
2601 2cfc2475958b5fe0
2602 7192f747ae6db054
2603 852d899409c7c651
2604 86affea55465caa1
2605 d411238be2ec08d1
2606 c5339dc2fcab656b
2607 9f88b9e468b0f450
2608 671e542c7370c337
2609 044b87bfd7068495
2610 5d4552275e7db250
2611 0c1659464b41b273
2612 94aca905256da1ab
2613 26cf23e4ded4e6a5
2614 78e80bcca52748f9
2615 55b6eea4bbf4cec1
2616 5a00fe28a6453a6e
2617 9230876bbbfa8f30
2618 e534d5b89a008511
2619 3c577180c13a9ac9
2620 eb7e3a37dfcd0faa
2621 a4944a243c7c6c2a
2622 8269ca1df9c2bbda
2623 1074e03146429d97
2624 ea58e6c9dd88d856
2625 7034213c30ceaf17
2626 4747ecfa3c526f19
2627 ace67fb00bd5b5ef
2628 934747d8353479f8
2629 c3fbfa4d381d6587
2630 1c09f58acebab75f
2631 97c335b460d5cc01
2632 dc82b8e125f0c6f8
2633 03f952cf15f3be5b
2634 6c21f6c8ddf3aa1a
2635 fab6d0751d605ac9
2636 668658f80fc9cf19
2637 bfd02137b726ade0
2638 803e2e72335739f8
2639 8dd2b74d3c59dc63
2640 aaeb628f5ba80b50
2641 dd79be0963e46486
2642 2740f6385aec1bfd
2643 0221030228a6e84f
2644 72fbd9f047a9ee50
2645 5b1872c29923b6fc
2646 da328f389e28e869
2647 e18bee13cdadf1cf
2648 ae97c8a68086607f
2649 09820a0fa7c60965
2650 b83263e40fc77308
2651 3f93e71d8eea3c1b
2652 d87eebfb0f5370b4
2653 d29c0b8f71a4b445
2654 b1e40961fce42b9b
2655 04b9ccc68664b3ff
2656 cf75c0792751d329
2657 38d2a08eec71b864
2658 f33f66a978f2d013
2659 ca83028ac8c49f86
2660 07da8208b7d83ee3
2661 97cd4726204e72c5
2662 6be7dd31f0a979d3
2663 2959b0dccbad76a8
2664 8ef96989820ca176
2665 731ffcd9abd50e49
2666 920d247a23f3f033
2667 d20e87f4c79edc57
2668 4e70ad624abad6fb
2669 013f9b8124851d18
2670 ede98648bd3e4022
2671 42ea076762442ff5
2672 d58a64885b80d1b1
2673 0fbd0424322171e0
2674 baea181e92144ea7
2675 a6b827069d9c4caf
2676 6ef1af4377053138
2677 1163c21a93b3e546
2678 535f2e8279edbadf
2679 a6737cd28524f368
2680 a53e481f992b0961
2681 b7f44a80f393e10c
2682 4a0abe4af2a5cb90
2683 2ed344743249e39b
2684 0e65a4198633a440
2685 0bab0564b5a26a83
2686 dcc48a08952bd4bb
2687 f7264bbf5cee2894
2688 50bc6e9c760af1d7
2689 ed8adf4d071e3575
2690 99ca47f8356a7c32
2691 a4b8c622e44b8460
2692 355f522eeb324bdf
2693 9e521195c5a4c7d2
2694 3afecdbb9a2c8aa8
2695 2f20b12495a1edca
2696 e0d8189f83a9a035
2697 86f588b490afd9d4
2698 69068b1f9f837056
2699 8f466d361dd17c5b
2700 7979ab08c53316d1
2701 34f4f070435fb017
2702 c3feb6b15a6b89f1
2703 465410c08963ec88
2704 b22d0b5ab694a3df
2705 776d92e785b66c10
2706 c13bec889e2ebabe
2707 024b014b87af5963
2708 5e7a514662d9137a
2709 45bc9f9e186fe2cf
2710 9a2e27b42e938635
2711 534e7c387b765d77
2712 28fc4998cc1868d5
2713 4c3676c1ec5d84f6
2714 903dfcf3c6fa7c5b
2715 3edda02c649630de
2716 b05fedc3afea3a40
2717 6d789d6a34b470ed
2718 801e2010ed73489a
2719 bc1b6495333a0230
2720 62b9eb2577dde0aa
2721 a11ac5e16370f188
2722 c31df616d8798e33
2723 ec0f09eb5c39a34f
2724 f5be92211679b4b7
2725 714ba9a9dcb90c45
2726 55b7fbb5c59b1ed2
2727 e4708894ea7e6a9c
2728 9c3fb38d1a5c7c21
2729 c43fdcd08451856d
2730 eacc7ac1de7ef0a7
2731 c4fcd6b820c24147
2732 800f75e7862e2dec
2733 7b2027b2a3a2ac76
2734 78215c05282d9423
2735 6bb8d334c6f36708
2736 d3e6a29e5a451205
2737 48e5150b3546cb59
2738 99b579d622a4e083
2739 df5dcf4e7ee118b6
2740 d168eea598c79d9e
2741 cd26b109e416a1f0
2742 70a8845730cd854c
2743 8da9a609c4cfdfad
2744 c143757bb46034ab
2745 1c443abeb459a135
2746 608149124af61073
2747 08cfb2c06f09c0ac
2748 86178ebce02f9145
2749 54a3f0f808cbc82b
2750 f51dfb705a9200e7
2751 ca04abef190c9b6f
2752 6daa49d91e7a550a
2753 741c91de33ec09a7
2754 4dd5fb741c936ecc
2755 b41e26e0cbe759c3
2756 c3798a9a435b1c3c
2757 a15d576ef21ea0b3
2758 2aa64224b863c4f0
2759 35c88f6988af4796
2760 c3ce1e3061062b89
2761 53b090201030b2d3
2762 8b4af0a8f200b925
2763 0a2bb9248b136353
2764 c681a50ca8a935bf
2765 9cdd6f73bd29f1b5
2766 2f44380f16f1d101
2767 00152b330f97a276
2768 565da67bd8f7f9d4
2769 f2f17426325a9903
2770 2363230415bcb88e
2771 f41bd94aa88b87af
2772 d33873c952bd7c21
2773 32008ffa26fbe9f7
2774 d51a0df5912e8ae9
2775 ceaef200aa57bcb4
2776 99edb9777fea4f78
2777 b29070a7f1e1300e
2778 9b701f20487f7c8f
2779 9ae39067b98d013a
2780 cfb90dc38a54cf46
2781 13faef8c5334153c
2782 a1c593a83a8e5d4b
2783 f8d8ae6b95dc9b33
2784 875f47de624136ac
2785 58bfbb0284d4d260
2786 0d741933ede38c39
2787 0d1021ddd270df94
2788 ffe3fb567a44a44f
2789 9f315647500b3221
2790 713c2b4d70712a8c
2791 069da4e5aa9657cf
2792 7c30d140e38abdbd
2793 11499dfaabbb7a29
2794 fd4bda0100a5b87c
2795 d409ecb3d0ee9023
2796 d05973380f429997
2797 b2d83d52da20a2fd
2798 75dbe9de0d767355
2799 5790b0402dc618d5
2800 5e78cc699df1c634
2801 77ebbccad312caf3
2802 4a0a9163465f99ff
2803 b11af8f05fa2c001
2804 6bb8db5aaa539e08
2805 9042b19e842921d9
2806 2ddf44f308ea9f41
2807 88c361099b94a159
2808 7dd3ebf03918b664
2809 8d214bcc5e0c7847
2810 2f5283f074253ecb
2811 8119ecd43baeb209
2812 6e3553c016b00939
2813 8d7310b5944b8773
2814 29b20b8082c60f84
2815 a8f853c12051d3f5
2816 1e12ecb3c6f39a3b
2817 d173c4a3da894fe8
2818 c92b0e7dfd3bfadf
2819 268f3124a9ab3e35
2820 d95b2f2f6666d7b8
2821 5b9a72d2d8a10c85
2822 e28a1b9dba912f74
2823 b66d6d1e1ab74c6f
2824 4a0d429416745ce1
2825 55ed900f6cc40631
2826 bcf54d7361664b9f
2827 01c594aca35ec901
2828 98ccc00dbb24c235
2829 4b5aacbdaf70c163
2830 1e226edab824fd07
2831 f24bb982f4de3aaa
2832 e7188c7dcfed0b26
2833 d1a5a30b3f1fd0ee
2834 728cd35f981d35f6
2835 2929bf31061c3cc2
2836 d9933783f212a0f5
2837 af58b55d9a737ff4
2838 e96f49cdc460ad86
2839 00c21750f4169423
2840 3ebe7286284372f5
2841 fc53ebe6e2279f67
2842 334d4d817bceb54f
2843 79bd0caafd86e408
2844 970643dd1e1f12fc
2845 97006e7c31a2f409
2846 b1a2c92cc5f5d231
2847 aeef185c79b39b7e
2848 f1d764aec6443987
2849 487ed5d3260a7862
2850 c3ede65ed2a5c5b8
2851 d5276b1a66688337
2852 491050089c723638
2853 c79a27d50e5a4b75
2854 94f8fb8af464335e
2855 c5208afa7f3d92c9
2856 a2ab61e38e9ac82f
2857 0b8d608be6f3a2e9
2858 d9fc776cb2ff5035
2859 aae68294ce5b897b
2860 9cb91b2849652ba0
2861 11bc7976d8e6fe08
2862 8fde4585cf088ba7
2863 b4df6b08e7ee680b
2864 8a30154cbf180fff
2865 1c21c1aed204d525
2866 832703c173a183bf
2867 6edd2cd95202dce9
2868 293dbf2d9967ca85
2869 4eccfc48fd485095
2870 9c6b1c1c001c33db
2871 e4f85e8fdd83141c
2872 9612d89048fe8d59
2873 5c351a9525e2b87c
2874 9208384be5ee8392
2875 fdfced302c2d570a
2876 31774fc1c601291e
2877 bbc15a912c7b37eb
2878 7c54a662f6248745
2879 2b289a4a5aa8e5f2
2880 d491da1ebe40157e
2881 62a1da83013347a3
2882 1271372332565699
2883 95216118ba97767a
2884 315b11319e187d37
2885 2ffa4678918667e0
2886 5e90822abbc61137
2887 c3627f7ec94b3f1f
2888 71716fb6817e4478
2889 c5820f022e3706c9
2890 7bc21cefe2e3ae75
2891 5a92cd50e47114b9
2892 ba379f2b092a31b3
2893 54c3e535eff1eec9
2894 2a41abe0d8b04900
2895 4f265b49f5c354ac
2896 b71b46314b4e57cd
2897 e7a39930f867054c
2898 42da7fbbe0fc5612
2899 93c70c520b913124
2900 e7e3e1f384eaaaf0
2901 6dcba4730bcebe42
2902 0fcd49a7c99879ae
2903 017b99e6845be060
2904 fa18aa27ab147191
2905 55f547ba024e3759
2906 8f1383e24f13601c
2907 0950815995bb8af3
2908 32fc067acdfc5716
2909 9acec02d321ad6de
2910 951af2000e3b5e66
2911 bdc5c16eccb95f2a
2912 14ef55e45caa62fe
2913 4d67ab48c7d66408
2914 f92f588abdd9a237
2915 ba478f498b7cf7fb
2916 e829de36313a65df
2917 2a1e1e8e0287492b
2918 274843aaa7d88599
2919 39175d85e060db53
2920 54747d2dca3ed71f
2921 46cbf5fc2b5e4da8
2922 0adc65c1b1d01a56
2923 6bdde493c64cfd3b
2924 88d4172b5303fa96
2925 ce0dcddce027bb90
2926 537cfad588629745
2927 45a0ad2af9264bc8
2928 d915d8287d042fe1
2929 88a216bb2bb48e41
2930 f034158dc12bcd0e
2931 6706d4b221488fab
2932 20ddcf224cfc4b4e
2933 3b6b703f7587c623
2934 cf86309ed1726e69
2935 0bab53b2576bcc61
2936 9d7ac496d6850ced
2937 be9c6ddf459b8771
2938 5fd392e7d9e40057
2939 b6fc34de4ffcaa38
2940 1ff8faa274d8142e
2941 72ee1bd998cb208e
2942 f864e69354501967
2943 d749d868006d08d9
2944 53ea4096dea96258
2945 dbcdea4a2fb6571a
2946 ba82b4faf29fae18
2947 9dee3d19063d7dc5
2948 43ac20d02bf00970
2949 3f8a85ed3112ced8
2950 dcf32b14c8952fd6
2951 f0956796bb9a2f06
2952 3a1dd6dd0f97df9f
2953 70a8d84b8446d897
2954 1e48c12e974d9aa5
2955 4e69817378ddd6ec
2956 7ecb258c0e772aa6
2957 6b62ebe1f40465b4
2958 6ef458db1d7ba7fc
2959 26175f8dac2b643c
2960 ef51e6fb25f3587e
2961 aaf5a1387400d283
2962 67bae55e3e3717b6
2963 5c2864b481323a9b
2964 3b4d59edcbc50df8
2965 c8ebdf9fa755d199
2966 62c4c7e55a782b8e
2967 922ce8ada9502831
2968 d3c08fbdd15be85d
2969 549d93d1ea7f99da
2970 7f1ef0aff447543e
2971 ba29bb5d523a225c
2972 ff7c80bd3b022fb5
2973 3c595a2e6c60e453
2974 b56c3fd7ab7bd667
2975 806a4c76ee6b179b
2976 b13be2ea67d04ea2
2977 1c4aeac3f33f02e9
2978 ead7cfbf2ef754e1
2979 5b1c4ff7ed63fb28
2980 e5c4708bd9200aa9
2981 619599c93fa5095e
2982 92938342d760c377
2983 42a50c39ca46cc52
2984 cd76276625564140
2985 2d009fdf6fa50407
2986 e67b2fd422e962c7
2987 829b93259626db9a
2988 7e043956401a3bb5
2989 2cacd9bbdf860d61
2990 63d408ff0df8641e
2991 54492073314d80c8
2992 449515996fa26e88
2993 6eb199a8c0cac0e7
2994 f462bb2a46db0248
2995 8d9ae2cc4958582c
2996 88bd7d4da868771e
2997 bdfa03fd7806abb7
2998 e24b53329089f7cb
2999 5f0066d1fcd31257
3000 e1a7c409b62f6742
3001 c369a8ecd31000f3
3002 f04919741a10e131
3003 868e73a234c48237
3004 26e61dede0578ea5
3005 57f15301e7d79160
3006 28389b287d64ec31
3007 a238364a28d2cf89
3008 3fd9116300778633
3009 2b1b90ee9055d2ab
3010 a88d2c74bab800d6
3011 f7952c5554b9296e
3012 68908a49ed72b5ff
3013 29ef518492de7221
3014 fd267a7afa7cd586
3015 df05584fe2d9f33a
3016 faf3fe984be964e0
3017 6bd0a88d2b9427b1
3018 6ed8cd9d1f9816a3
3019 1623afcaaf27a41c
3020 aaef9f91b5f8cf1a
3021 00a746d4ed9e547e
3022 aff29b953477d402
3023 a4e98f60282e7141
3024 385264f2089ce882
3025 708b37af6669aea0
3026 54dd58a38d113f6c
3027 c711582578b3563a
3028 59e752f0e0db547a
3029 21fbab94ad982550
3030 72b49bd9edcff88e
3031 116b619d24635024
3032 0c26a92bd7679ffb
3033 502bbc45b2517659
3034 26d98ee678b20b64
3035 ef5efed418904fd9
3036 1e0e2142f5789fb0
3037 88718426dc3c9c0f
3038 f0da9499e58edcf8
3039 d340e30c6cf0ea39
3040 b2def1dc121a8819
3041 08d5795b89568a10
3042 3e9fd67f1f1aefa0
3043 be2efc00dd324a14
3044 8e2bdb62203a9b8b
3045 f8a28f6e97e25118
3046 e66ca1a96b1c569d
3047 7edca6df209b376c
3048 10c4c75fd9a9bcc5
3049 b30355a7d3006cb4
3050 07fe0c4cbfe3cd2d
3051 676e8a7f15b720a4
3052 89f312569cebed24
3053 2ecb5b1f308c8d34
3054 e89dbd1ff204e663
3055 39f3eb94e4590ae1
3056 aeaefde5d1482856
3057 20e2e7d0971d3259
3058 16fa82a4fe73b4a8
3059 2b8763ca2009c760
3060 3c4c9c7f2f76fcde
3061 734faa16295f6a6a
3062 ef84157e10fccd30
3063 4e818563e4bef938
3064 6741c60640da33d3
3065 946b64c50ffc065e
3066 3c19e808a5274808
3067 d8982a305d91a6a5
3068 1e68788c8458b716
3069 872aa4cf696937b7
3070 dc396c340bee3c9d
3071 283e8c02ff49edc2
3072 2cef8b2d601a5dd8
3073 a7920c9bddbfa7f2
3074 8a0170b01ce9707f
3075 f8ab74c5456dcd6b
3076 cd1750c2164273d8
3077 ef0179641d1ec447
3078 cd4f98e96cec2d2a
3079 cebe7477701ee4ac
3080 f7d111370a75d3f4
3081 82adbf24df7ff951
3082 5f279adcf0b2c953
3083 310bd434824735ee
3084 7e5f5a38aa297f34
3085 d8adda9c3560c508
3086 374453bc372d4ca4
3087 d67c68da52233024
3088 b8913522e884e987
3089 e49538bb1c21494c
3090 f9ef709b1f118530
3091 3b8ba152deb11ff5
3092 9c2d9683d4300179
3093 9d88ae5ce61ae995
3094 0cf0aba689cd45e8
3095 ca2852eea5f65664
3096 53597894c38b8af9
3097 3c8e9a81193cbded
3098 2942930a7eba2767
3099 676d267b8e6db2f3
3100 632571d62a0d6bd4
3101 e95087c2080fa01a
3102 c87908b7e0cf404d
3103 614a884dd4acdf4a
3104 465adf153447a67b
3105 e8480a488daad138
3106 bffd22b7db6b43d3
3107 c0b3b74479e3e8b7
3108 1df6e23673b65f33
3109 137fdf8de9258d6c
3110 6c34ae198c93a8f5
3111 8ad093669742aa31
3112 35cb9f34f2cca9d1
3113 723b846a5801fb7d
3114 32525713632cc7fc
3115 6128b38a9bbfb604
3116 44df8ed516633b46
3117 d73e4349aa4c0132
3118 513e0738b56c501d
3119 f1e7aadc91d05064
3120 7fe03cedb3e1b49a
3121 39098be036c1d8fe
3122 bd3e2f8ef2481a99
3123 2bdcad22c6424985
3124 b29973f65a01e38a
3125 544dac2f7c1e17ca
3126 1e7e44c635e6c0f3
3127 1028a5390cf4d106
3128 186967813811ffa8
3129 0182fbbc680e6519
3130 b010526b2962b5a3
3131 c15c06fe0d5736a7
3132 590114877a698cf2
3133 30aef799d1d09bfb
3134 bde2ba0742ad651e
3135 2d5e41fbe9feefb4
3136 579f6620f2715f6b
3137 7c2def85ac99600d
3138 763a294e4583313d
3139 70752fc337fddfc9
3140 ff9117a63120940d
3141 025f7454439793dc
3142 1ea62e898dec5a6d
3143 f298bd714f5f2c1a
3144 37a50813ae99c017
3145 c63d02c9c9855c0c
3146 d53eccd38dfc1b68
3147 78872b28507f918b
3148 9636a866b4391b11
3149 5ef4b2e6e807e73f
3150 b092dec688263103
3151 da89f7ccdd50585a
3152 3974c9a715cea3ba
3153 6437ae2a1e424c32
3154 3785b39e411743cd
3155 d0762d63cbf9bebb
3156 67e5624e98036f82
3157 ef19142bc88b9085
3158 265fbab648ad4bd2
3159 5a278934a994834e
3160 b138e4d727d21fad
3161 98c899f8eb823d5a
3162 ff49f4554f67a481
3163 36efda67780c0e57
3164 0e544cc2f234bd2f
3165 56b3585dbb1a8076
3166 1beab95670d1aeff
3167 19ba13d408f474fc
3168 b98d11551dd22fd5
3169 5e4566cc2e83d930
3170 a0eb8679b17003ea
3171 84d47baf26c4c4df
3172 df89065d97096da4
3173 be49ca7012fbd255
3174 2a49a7c0962c03e5
3175 de31b21ae00d6942
3176 630b1998874c78a2
3177 c0bbf0f285642880
3178 3f1516fb1a3a6aff
3179 32cf30fe5bf79a97
3180 6880ae67f12f03c3
3181 0e8525d4b26dae61
3182 5f2571412b2076e2
3183 7171a9e9033fcf77
3184 525ca311d75d4f63
3185 8de4ef1a3a16db4b
3186 c7baf65045e1e762
3187 ae429f52c5a168c9
3188 222c1e4586298d2d
3189 2b8e0502c4d03650
3190 525ea344be89194b
3191 079c72d68ec04b1a
3192 3eadf539d9eb74eb
3193 7e49eb08d95f8509
3194 db94fea9966981f2
3195 339528f77025807b
3196 42123ed5d2bf097b
3197 546b3656fa632269
3198 e19a85a8c01a1c87
3199 d40a8b6f3f443be2
3200 b094b012279e6736
3201 b9ed78786cf350df
3202 22749f618f55c994
3203 b95c4f4e1c8164d7
3204 d83cb20ddfd56263
3205 52cb8eb800c5dc21
3206 9a12cc054e70e482
3207 3502ae4a762ed626
3208 7ff9a52878c328e7
3209 3a6db46dd25bc0a0
3210 c715bf48fbac4f47
3211 31bee0064bf60672
3212 dcf164d36f51e4bf
3213 4afce5331de95069
3214 353177dc7fff6394
3215 6d56bc8c35372e16
3216 cf96e81c09af19b5
3217 95ecf7bbf25fe8d5
3218 fdc1a8a53a2ed2ed
3219 5050a46b2015cad9
3220 0aa08704efd0bd00
3221 d8ee62809ebf941e
3222 12e917bc82ebca5e
3223 6dfb8341718c27fe
3224 8c0cfce9e34cf31a
3225 d77e50ea6d2738b5
3226 d6edffb417484721
3227 64b8d8fdfc50c6e2
3228 57ab22ffcb28468b
3229 8213d1960c8f30a9
3230 815d3bb5830f74cc
3231 55eec8f3958b9f88
3232 b203062d0b40a0fc
3233 69fb584c8b2a565c
3234 09372260c1dd31e5
3235 b59df8319310ebcf
3236 14d4b51817337e3f
3237 843bdf5181f478f8
3238 7406368219a21571
3239 bed97350c4b5b10a
3240 d1c5612d6d878f47
3241 d190c1312cb5fb15
3242 5e299ad00b8632d0
3243 ca8b5c6a11481b11
3244 6f1f0e126d46a6ad
3245 488e1883a627023e
3246 dd50aaa1357a8aea
3247 941999a4f11a71a1
3248 ae1dd40858daa0a6
3249 8f6fb8ec4feb6b40
3250 ac0aa27e69bbd9f2
3251 67946476178415d7
3252 4e96ab4e4d8ca927
3253 dfd4236159b28763
3254 19bb39d02c381114
3255 cb4b020ef3dac7c3
3256 330ed345be1b169b
3257 2aedf170fca9d2f0
3258 3fb46cccc65d84cb
3259 b1e23563db868cf1
3260 033576dfdd3b4eac
3261 9c9d20452285fd3b
3262 fb57c887b2f1765f
3263 c4e122ed8cdd7665
3264 b632e8df21d95fd3
3265 15eeea010ceaa3b9
3266 3ee1a963f06146ae
3267 59b90c9ee329425a
3268 fe0a57c334a83e9f
3269 471d9b0a545c0847
3270 d3aa072c8c9d9342
3271 6ba6274f8a6e2aba
3272 1a0d87492ec4ff9a
3273 852a994e840d6432
3274 411b4d8e72286747
3275 e22f2a764dac6427
3276 d24299738c4ec244
3277 779213e075843578
3278 38d0b62c6af29e8e
3279 0b2a34619fc591d7
3280 2dfa31d06005f087
3281 55772d7c5c0119d8
3282 c60f29ad264d53c7
3283 e8a97b57e682f332
3284 151cded804f7c385
3285 268db98e25f7eaf7
3286 af25cdc13a61f2da
3287 f516964a08a5deb7
3288 4eb9137e5c2a06a5
3289 18fec1a6e09e6c7e
3290 cfee17e87e9e7c6e
3291 3a4a522a78e0151a
3292 aa0ac607b57e589d
3293 ea7bf941561999aa
3294 0de19ee5ae545784
3295 5afe0c19db23d2ad
3296 7556683334c26d90
3297 bb1c069b90814fbb
3298 4b55ccb47361fdf5
3299 0257601907ee3265
3300 cc9e56e31817cb33
3301 90f16d2063d0b29c
3302 274bd72d34073b9b
3303 cfce8f8a7d7db4ae
3304 a84cf7df4864a84b
3305 03c402d9052863c8
3306 b7642401778d4226
3307 398d85cd1c3b8b14
3308 fc974e2e2a7d5578
3309 72faebacc2b7df50
3310 34b8aca4566826d1
3311 0785dd1aa112d065
3312 f8f0ea47d565fcfb
3313 7c2a73a502702c34
3314 814bd2eae7543a4b
3315 068bf511651045c7
3316 f52b413af54cb1aa
3317 d0b6137fc93cdff6
3318 59a304d936614b4a
3319 8f5b6bf2b056b321
3320 f4955c304cab4428
3321 714912ba949d0f4d
3322 f2154b3ca1ae713b
3323 ca944eab249df6c3
3324 d8a485a7e5c5fd7d
3325 43b1eb1b96c19f6c
3326 e2bd301625b46725
3327 80dd4514d881a300
3328 5aaa7659e3d96a0e
3329 c398e0f03f1ffd62
3330 a5dffff937048d88
3331 d362210da4b3804a
3332 d41e010f1a1eef35
3333 8ac79b82df806148
3334 f2c6b83a4722b1d8
3335 133bb07388c21458
3336 eb51828723a6d9ed
3337 7ae663fd81d910a7
3338 d5edc1e4d393dfed
3339 bac619a6549da770
3340 a3e9f1ef21b7385e
3341 2b2cb35cf0cb2c4d
3342 ae0cd8b4ebe42e1f
3343 7a016451d05c9b33
3344 a412c0bdda1b6ef8
3345 c26ffbdca8961028
3346 4fe4999415a86e3f
3347 b2fb71a586a9484f
3348 2f16c6a753aac23e
3349 601e6ed2ed9a204f
3350 a56c301d3b53349c
3351 d40fdf2b155eabf4
3352 6c5ca6bc57b3f7a3
3353 7bd640215eb57f6b
3354 0437033f94cf8d45
3355 bf1a0a9b1c179a39
3356 3bb0b2ca6203918a
3357 31b8eab3d20f3db8
3358 642bd0d833daca71
3359 bf7be773ccae7456
3360 46d9ffa3b4ae342d
3361 fddbca029561a7d1
3362 6f41e6e639126cd5
3363 7f1e5d5abe07ea53
3364 008e3a06e6b655bb
3365 79e6e60905c29dc9
3366 cb30a5d0bc016605
3367 a568d71ed2315a62
3368 29e9c479809258e8
3369 a2813cb0ed5cc250
3370 44a6aded45a421c5
3371 ec3785793745cd18
3372 5e1f2a0b7aab2a9b
3373 33366423903c45c5
3374 c23ba2291958efa8
3375 d43c97fedefe3c7c
3376 9f1aa15de1e1ec94
3377 927c1de6b790cec0
3378 8b99075cc1a92d21
3379 d2501d6ab10e7e6a
3380 797315221005666f
3381 624b692e5ae5d42e
3382 6c73a015b61ec706
3383 e809a00b947cfff6
3384 8e1faa9c3f6d0904
3385 6657cac1866602bd
3386 6531e526c82b5799
3387 632c082566582f23
3388 8d2ebe123f4ad68b
3389 4ef5378f0174d851
3390 9a9c0967656310be
3391 1642cbfea2561299
3392 f66fb5800540b778
3393 98f69d272e22c34f
3394 d534a0abb86c036a
3395 59aec024fcf7e4ae
3396 feab32b047c98300
3397 a3dfc6925b35c1bf
3398 c3f6099ba11af69c
3399 7bcc6e4a9e17cb94
3400 fb7f9350c48bdcf8
3401 07e3ffb8b12d8e66
3402 b2cbc02a03ca3599
3403 ade7fc08c635f16a
3404 34f1da102beb1a6c
3405 3ac2532b95c63d00
3406 48bc6ab439414c37
3407 9606c7fe1710db07
3408 65231384ee5d969a
3409 e5e7620af53b911d
3410 315858abb6d8341d
3411 953cbc09c3ad6124
3412 220535ec45625d64
3413 9252141c7e6bc92b
3414 edf3d628b6522534
3415 f8c4e4a585dbce1a
3416 9067e6624911cd64
3417 082629ee13fc0a4f
3418 f3c919a2c17ad3a2
3419 9dbd445429b725ac
3420 ca1ddb8a8076a83d
3421 60541e990d3f2f46
3422 d04995b56fe4b312
3423 6a22d3720d43b373
3424 414b7cbd0adda273
3425 e0daa12161200500
3426 ab6217ecd627e935
3427 dabb16805cd958b7
3428 1d7103b1c939932f
3429 70cf1ee12822f741
3430 66cd5ec9deafecc6
3431 a93a52a600560dde
3432 dedb5bcc15e6bece
3433 06fc29f351ac7c18
3434 a7105cfa2f042dfe
3435 d64735c0c90d70a5
3436 53413451099a34da
3437 7aaad1e22d267ba2
3438 273df8b850490e8e
3439 ceb3e63658300526
3440 56e086e1dfb5ac06
3441 d2e6b9452ade5ed4
3442 4bfef42283a9ed78
3443 eaf5f5b520801e2c
3444 721935056c603f95
3445 3013f5757d69af59
3446 a42e1c4fa3fab787
3447 a8421140bb6431ca
3448 8615fea0853afa37
3449 0b773994b73c800f
3450 1332658ad3bf42da
3451 ba026d97718ac8f4
3452 a79763a7c8e2fcc3
3453 980495824c5c72c7
3454 c0b7109f6dc2843e
3455 bc4009df3a2e9977
3456 5ddb96ca65f7b170
3457 bc2f6a3849a94537
3458 769d26a5895c296b
3459 927b342e3d9c8a14
3460 bd749cf92ff87b17
3461 aab3f75264b15907
3462 019b95a342bb3497
3463 bd059c5e3dda612e
3464 d50a57a2837f5604
3465 4313c11ddfc70669
3466 d8e0a30895f8cf89
3467 207cadcd426befee
3468 08c99fe946a3c407
3469 75f97fa13fd17f9b
3470 3cda109645b47c7e
3471 d3fcac601aaaefa6
3472 992e568221035c81
3473 3a1109710b9449ba
3474 2da979e012be7441
3475 854df9486b4c9b1b
3476 65cdcc203344b483
3477 b0d3c0ae716fed45
3478 ccf30b514fb7a339
3479 696365aafdf0c85c
3480 95218b2669d297aa
3481 fb078024d7d552f4
3482 a71a195f2cebc17e
3483 66cf25bd9becd900
3484 849d1023e6b5167d
3485 dcd40c2d12aa9896
3486 6566d2b55476460a
3487 daa1e4fe95cd4725
3488 1cf46571d482fa8c
3489 5e02f329eacc0062
3490 f45b525855cf7fe1
3491 c2ac43fa2db74508
3492 485cd65ba90d9bbe
3493 4209fb818edc9309
3494 60666820acf9bb15
3495 7078f4bbff989852
3496 5b406d969ea286db
3497 a89d9b0d3025847b
3498 22ea4cf881e0de18
3499 bbf1358f777c4b48
3500 16b558cfe6dd5f6b
3501 36768d48501fc28d
3502 111698da08e66af3
3503 67868e49a1402873
3504 07fcfcf6bdbd3e9d
3505 c82272a20fa43112
3506 1a706944f27fb970
3507 822797df1707e54c
3508 5ad830e013815a84
3509 e59ca50d247efc4a
3510 7a7f57fdd3a5ada7
3511 25a0d167041992ce
3512 45ff379b0a8a3501
3513 43f83e5e79d5c134
3514 d2dc7fed34fb0076
3515 bd9dc0c3b07b6ecc
3516 f439ae9d6fc53927
3517 efce552a7243e254
3518 24aaddb424c38bb9
3519 6d809ffdcfb9d365
3520 0f24d6c6eb7147d1
3521 737a5eda5d490043
3522 fc58a16f32961d27
3523 ef3ced1fb20ea160
3524 c0b3d63d81e4016f
3525 6aceddaff76a902a
3526 298f3a7d4f7828ce
3527 f8ad31cfc53a44fd
3528 93432e1099791d7b
3529 1b99390f08f30c41
3530 cc92b0ae21c83def
3531 0e0bea92f2e05dcf
3532 848d145f47c6525f
3533 56b148784662cb3d
3534 f1ec6307b4d51d65
3535 2852f9e5e4577af3
3536 61213e64c65e12f7
3537 74bff3f0cbb249a8
3538 3b800a51d5e250a8
3539 630296a5944bf88c
3540 55312bbdc3108da5
3541 2b8799403376ad5f
3542 e6175d968b0da92c
3543 6c71ff062a70c750
3544 6324c074541d254b
3545 45c7960f94631b9e
3546 d681742de3084a21
3547 6faf40dc7dd1d663
3548 ca5a11a8d4e23585
3549 7af8591381265111
3550 35d3669f89e7e7f0
3551 1b55493e8ecbdd91
3552 c75f1620a2c56939
3553 56cef29592e6f2c0
3554 8e4fbcb367bb743a
3555 b69e9e0a37c608db
3556 685ec651a48380f7
3557 64219853fdeb397c
3558 fdaa018e96a10478
3559 b430b25cdfd78190
3560 b247f994859f1c2f
3561 60ffff1bb13f004c
3562 9d5b5080ab465b06
3563 bfaaef0e821654b0
3564 1d72b3e2b144b7bd
3565 a3efbe788d42c511
3566 7f1fe9794dc62429
3567 a417c36090bc1d83
3568 bdc060e0ab68f440
3569 17ea6934217dd156
3570 5ba3077fab9e5079
3571 656dfcd3e9f786e0
3572 1c4b85b41175a2d6
3573 7bb635c89b4e25b5
3574 24ede001fbaa5448
3575 c90ebb5201b352fa
3576 809a1856c5146fd0
3577 061c10521b1a3e73
3578 8d6645f24f17f48d
3579 4badb5fb96f1fc2f
3580 9d16d35e7aa41cdb
3581 0d7e5e9a1e54e07b
3582 b3d96e28c2838d22
3583 d4f4a0f832005c67
3584 4aac83019c675809
3585 a8e61ae5d11a0704
3586 4e0c006ab6ae7348
3587 726ea352120ecade
3588 28c5c36ba6d0239f
3589 5b3126eb61984e92
3590 6b5953a06a1c33b1
3591 af587962e3945949
3592 fe17a5f55c8083f8
3593 47f74887d08f3e69
3594 c26402b2b3d9a06b
3595 488716df467867c2
3596 d310a17c667df243
3597 e1591264a4663c31
3598 3aa10496b020acae
3599 8a1be39391098c2e
3600 cb6e9f5d28c5a49a
3601 0a854a923d59f8cc
3602 389d296d3e35935d
3603 ccf3fa43bac1d028
3604 05e4fe01ea908af2
3605 e1ec18f3a3a46b86
3606 f32af20cfb71c6b0
3607 5e54ce4d32b1a3ef
3608 7abe6c1e5c9dcbea
3609 8404877d911e66db
3610 1c1e40d560909332
3611 f51522d1dfc1e535
3612 43fffea25e4ff99d
3613 1127eef80d73f2f3
3614 6f391f757e03cf89
3615 8079846caeae3c44
3616 071138f3a6057730
3617 f70ca3f4e4216c84
3618 d54cc0c083e17c3a
3619 ee819a55255cb025
3620 4be1a306fcfdee55
3621 9f0bdcc4852d74c2
3622 b2bdb8f215cc23c3
3623 6776b52974e4613e
3624 2f447f3998ce99bb
3625 4a8d470fd7706925
3626 9cd1789f6b2b89da
3627 14b1760abcd881a7
3628 2bc8de18879cc16a
3629 f4f3434826984e15
3630 590014bde9400b16
3631 d7a744d7363a62ae
3632 0e5541e8d2ac8f3f
3633 bcc8a92191f29aaf
3634 da7cb03d75717012
3635 593a952d0ce9e406
3636 ad128df37f1c2c21
3637 7ae3ee11578be54e
3638 b0193d5ee86e846a
3639 41e69a62a16757dd
3640 abc37853633904bf
3641 29453f9349af26fb
3642 cffdb84ec4b0ba0c
3643 7858757a5470e101
3644 6d479d4fcd99ffa8
3645 551e5a63d326af1a
3646 44d453e05a3d1985
3647 198fbb2305e0a7fa
3648 0f2e543b7956d582
3649 03e45c7c0d4886d0
3650 e08dd693c4cd0acc
3651 9ba0a0e256a6e458
3652 7d54e68cbe76b532
3653 f30bf4126d0ffec5
3654 6ae470b8fdb9babe
3655 3ad0589bba3bca99
3656 897f37c300eaae9d
3657 4c177d49bb03731d
3658 05d10a24c1e22a88
3659 2081c2afa349aeff
3660 0b6f51ca1b79b01c
3661 4b99b4152d642cc0
3662 36433d85314b7e03
3663 236ef75ce3503c0c
3664 23ea3811ffa0ac0a
3665 d2e1017b610da05a
3666 3eacb2095e99d6ed
3667 7af91333585be7d8
3668 85cc51d56adccf4e
3669 a8022ff37242a624
3670 30a648c70c2b37aa
3671 a6b05dd44cf991a3
3672 bf5357465f09b6a6
3673 9eaaf715fa437d1d
3674 c42f2ae14c88068b
3675 20aeb55f049f52fd
3676 39109ce13850ffff
3677 3d60c1384e1fa75e
3678 d5bec8cd59ee75d1
3679 c282de4207a15ac5
3680 57b60fd10542bc28
3681 1dd85bdee83e1ecc
3682 7995596937f8122b
3683 bd98db494f5d4e85
3684 b6dcc591e2df701a
3685 925746a4f6da3f0c
3686 7b9735f874d545f3
3687 577c6cc1dab60cd5
3688 371c0c5940c7abfa
3689 3ff988dfc0f6bf70
3690 770f36af22927973
3691 508b1b2dcf43c472
3692 15a1457c2a6c3275
3693 b163e570aa307069
3694 3db061e7edef7762
3695 50dd93bb522667f6
3696 1718865fdef9d6f8
3697 cee9c2567ba68b1e
3698 a97bdd8b5bf641a0
3699 e9a76999e86616ef
3700 7534ad8016408213
3701 1a6a9545cbebd5b9
3702 3673b4dbfe27d412
3703 72289d81fd68ead7
3704 b109c3de582f81c6
3705 097cd7dc72179c62
3706 b68f82d22c1a5176
3707 d5642f04e37bd09a
3708 2537bd97b47e4dc2
3709 c2a93ea016aa2913
3710 138e5d5f7986c8d0
3711 8e9fbf9f6fa4332b
3712 9d82b36e2467ec5f
3713 066a2a24efedae8d
3714 9d17accc510c4e58
3715 aa8b1fb136490b03
3716 112cc654d19fe91f
3717 57a8279bc84c12dc
3718 1bb9eacd27880646
3719 78f16206094197a2
3720 0f62872cff6f6aaa
3721 140e325a2ef9afd8
3722 59ac432736a25794
3723 ac8ef5a09d8cd5f8
3724 272d1381881f5332
3725 38f2b78f76a3b98b
3726 4f1c279233c1e1a1
3727 a889efe55f845eae
3728 ee3897737660fd62
3729 42652e37047698db
3730 51f7a0f3a6ef8c68
3731 921ce039a28dcee4
3732 314196c79eb71a52
3733 8533420a08591664
3734 63469bb4fb267601
3735 eb35a34751fc288a
3736 cf8a566b7b986bf5
3737 34f4659abdd02fb2
3738 51e55a15455ba9c7
3739 db3347a99bc41f63
3740 473a8f8add5f7e49
3741 01a133a982624863
3742 194e7e5040542163
3743 454a9bb244dfdec5
3744 5b05abbd2b1c1eb5
3745 3268894feb77915e
3746 929e9f733813fe31
3747 b611fd3b05cb38cd
3748 d584f3ed5cbaf8b6
3749 147c7a83859f654d
3750 fa94cba7b999f996
3751 b4ae356a1c544d7d
3752 f9ec826c8f0cd431
3753 5f0d9814711fddaf
3754 d043734d5b97ca36
3755 935b549a1481b12c
3756 2de2e2c4487478f4
3757 d314edd837df98fe
3758 0f628d18bacc584e
3759 64d2acb9dffd2153
3760 1e01b36dfd45c408
3761 86cb61e1aa858968
3762 c2db443f5960e269
3763 30da9a3d7f8c2f0a
3764 6e2a016076b0ec36
3765 b48317b8b6142e7c
3766 86de2ea04a0b737e
3767 c53ae5e1ead1784b
3768 15e2fd9f78fa368e
3769 c6974f1cc23e9641
3770 e01b9666597a80c7
3771 aecc55433211c362
3772 f51de42d803cf981
3773 b8ebbe2de928e9a7
3774 5356dbbaa0c3eee5
3775 770e591a85a694a1
3776 b81c0aae97ef3136
3777 e853c5796ba1aa98
3778 98aec93aa98c7f4c
3779 3a50a9d91bf07e6d
3780 3e0e20471a4bde20
3781 29fc259245d0647d
3782 4da63f0c05e81aa2
3783 f82026a18f3c5746
3784 68e1f40ad7a8b2a6
3785 f8d4734f27cdfb1c
3786 969bdb94d0ab77ba
3787 a0b5394584dfb4ac
3788 52b670b99a50034e
3789 e3424f2bd55a03d5
3790 decd281a3e21f1a4
3791 3c7762ee7e2633f4
3792 5ba3a6daedd1b7c7
3793 ab86d1146cd6cf4e
3794 3f85d8a23d505ae5
3795 ad61d10c095efd43
3796 fcce9eb44eaa4d6d
3797 4756720549e0c11b
3798 6ab50a1f68050a83
3799 d899873ff95201e3
3800 d066c5eaf486a3bb
3801 a7b3a7a1b2879a8c
3802 555f00e244404c21
3803 fc649e254e9a6a9c
3804 9de1abd28ebfe76f
3805 5c9eb6e13fb65768
3806 673c993753f09796
3807 abda7a7ac5475231
3808 a29ee32ee935f2d7
3809 9f72cec12e004639
3810 3943bd620f8bc297
3811 dd49996d590209ba
3812 b2b5ce00f09f13bb
3813 cb0f423264788479
3814 bf11a5dd126a95b9
3815 3abc9f5311665e17
3816 7bfb380260993b05
3817 e641849829cbb9bd
3818 4db61387918fca00
3819 d7771b5553f5aa5f
3820 30ae9f6185658b9b
3821 e7239f8a7cf57e87
3822 6ac0a00ade009b11
3823 6090694d87e681b6
3824 56efe7005c0ea19e
3825 18004b632ae4d62b
3826 6ba5d63c95c8dc2c
3827 806dded3a07e620c
3828 a6567755ed398ee1
3829 1248bdf8011d4bd5
3830 579e330ff8667e0b
3831 9fc46fc3412974da
3832 92c67f458b7b96be
3833 8f652a8c39600aa7
3834 6c5aab802fd232b3
3835 4c62b3592e2f162b
3836 0fd135e86e5b06e9
3837 7afaec4f4a24722d
3838 3aa31d3e6a566c25
3839 e6de77381c8889b3
3840 7af3e6843ca9ccd1
3841 43cee4287e480100
3842 0100668989db971f
3843 e3c69ed6d0db0dfa
3844 1aeffd540c4a6d1c
3845 f9dbcd09bab53c83
3846 1a859761b1cda953
3847 c6a569ec3b042b52
3848 4d2b0dc659edc5bb
3849 7e3723c18b146561
3850 bcf7fc07c2bb94f4
3851 828ccd59ee3e9d93
3852 af001d7281470a80
3853 20d1c74a8249d3cf
3854 7391ff5d329d65db
3855 baeb9ea245f5f65a
3856 f4726333cace69cf
3857 850a4f6872f29968
3858 b9206f555c2c8204
3859 344de0c154d1a095
3860 2bd06e9992696db7
3861 e4f822ab4003816b
3862 25510014040cf69f
3863 865be167015bba78
3864 9abf2889fe130534
3865 43981af9ed1622c2
3866 25318f6a6434f004
3867 64962cfed318aa41
3868 3b27fb11e4c3f8eb
3869 7b6ab89747efae01
3870 8630b95be42cd645
3871 a9faf458aec0491e
3872 ae5e757ab1a78b75
3873 a4dce63079d3a939
3874 412d9da1ec4f20f1
3875 9f5836b7415072e5
3876 26c4173ae9061c21
3877 49e7ebd2959c9dfb
3878 411d8431963e590e
3879 498783ca1974e0a0
3880 0e053d21ef1b5050
3881 2ea8cf454392a04f
3882 0e6ba24c04f34f09
3883 06a7824a8cb73369
3884 9dfc19302f833e90
3885 9029510952de227a
3886 b37ea1636005ed6e
3887 58170e5c9dd12344
3888 9f4df7c22e0612f8
3889 7fcf89b129eb2b3f
3890 000e5b3a77718a06
3891 a9ffebb2a836b04d
3892 3de0df5d8efa68e5
3893 f126a552b2112007
3894 d3dbff5206764681
3895 26d764637f036019
3896 66f59ca7b899443a
3897 adf047e02a8cf563
3898 2f0c86990f4767b1
3899 d93a4d6e430a8fc0
3900 65bb0e96502d2ce7
3901 162a4ff2de7e328c
3902 f871c9e7850151a0
3903 315c2da13738e145
3904 0f3560a69ab2ff93
3905 4381d046f51801de
3906 b9dcf67aaba448f5
3907 bdbbbcea01395a3d
3908 081d48d8214fd05f
3909 be5b5b474993d606
3910 744fab29db140dd0
3911 2ebb53f5c1e39aa3
3912 ed4a97588ade7eb4
3913 3bfc06af9b5b78f2
3914 bb069529b9672297
3915 d75db05b723343ef
3916 b934cfb25ab0f53a
3917 be2498a55d2c37d9
3918 d4da9c562b802c6d
3919 c963cb3d70af7c34
3920 c0bda4645f5e3bf7
3921 b6c176ffe1b061af
3922 b799ac4b0547f650
3923 12379cda933f7655
3924 94cbffc91f306cec
3925 069fbd26d14f0df2
3926 bacd716bf5d08d3d
3927 16804e9a4c993337
3928 8bc325882a3759b3
3929 4b6f40e32f0b14d6
3930 6c0a5efcf1183591
3931 664a1abc39ca713d
3932 e7992b5d885b9fb7
3933 0d42bf64905a7cc9
3934 bc16f1df430a4dbd
3935 82cb8eb69badc1d8
3936 9ea5e94a64c980d5
3937 6008fdda7edf6c25
3938 eaea24255c90b2b2
3939 454118bf7ecf92e2
3940 b4187db4c780645a
3941 61bf9816086ef0c3
3942 a70888c27245f38a
3943 67e2ba9f604f009d
3944 6d76840e39088079
3945 90ce11509409c006
3946 c1785980bcf76245
3947 99dd01edf107a01b
3948 d4224f60d7b30841
3949 79ec6546973d8c76
3950 b1e0268ddb3c1a3c
3951 f4d99e0074c688f9
3952 bbb318b0be388b9a
3953 cf02669d74a148eb
3954 64a86fde65ebfcda
3955 f73f489df83b2f62
3956 d07f7a4b26630f72
3957 d8d8b50d83b2cafa
3958 3a894dacf96e38d0
3959 bc6f67f5e45a1184
3960 1a4005086d6c4da8
3961 a65c9e281d16f8d4
3962 273eeea5ff4232ac
3963 b02b71c3b856685c
3964 18f65b65a31c40af
3965 456ba838157e099e
3966 52765b2a4e7109c3
3967 a8ac9563e4732eb3
3968 0311d00d768fb36c
3969 1b2b496ff56c617c
3970 92f6ad4cd508bd47
3971 d7bea97b4a4fa210
3972 9d429a983ea35c15
3973 c2ab6b796a473cbb
3974 9a947e3dee6997b5
3975 807783ba91510e0c
3976 64044fdb705d042e
3977 fc80a265bf9fc4a7
3978 77f05a4f214771c6
3979 0080bfe48bf4416d
3980 5a70eda6cef18401
3981 e99affec2e210f13
3982 c7ca2a29fadf195b
3983 fb9b0933fa6cbb85
3984 0887d63132f88ae1
3985 48a3b2831d8279f0
3986 45ed6d0b81402ab4
3987 d16c832c6e3dcc6a
3988 dc52afef50a4e06a
3989 d20c501ecb440bdf
3990 d40353c0ac298844
3991 16322ead98da53df
3992 97d0a9a2f9122515
3993 00d418a1089c0c04
3994 9676d8d599f91db3
3995 69221fdfaabe373f
3996 6d9a4acb31c2a755
3997 8c65bc1c2c3a49dc
3998 dec0519266ef4751
3999 bb571b23758421e1
4000 4d8e870ef9495ece
4001 c2c2c522e987a8ec
4002 f3e3a63c35c677e8
4003 13352c965c7f635c
4004 70b96acc706f6ceb
4005 35d7976d4ff9acb8
4006 9865cc7e88e96166
4007 c47a4cd344fd8842
4008 2f8e53aca8c5ffd5
4009 bbda33ccc15be95b
4010 30630583f06b7f39
4011 014af4939a218992
4012 a7f8700ffeffd761
4013 761e2f9b77568e29
4014 446a2e68b1d6e4c0
4015 d515204f74ac657e
4016 81e8de636be4bd55
4017 097dc155863ff726
4018 2f8795e425c51b77
4019 118ffcf19473a982
4020 06f2013c74b70c3b
4021 bb14f5734b045caf
4022 e35a5ffd460cfcd1
4023 e367e2b571a61a83
4024 effd613c0a22da54
4025 a864d8e49c493d0b
4026 5d6174716392e3b3
4027 542a37f13ff98252
4028 c1af6d14ddede429
4029 920e74199abf5a0d
4030 81b2c5d549777c4e
4031 576096d0cf191e30
4032 056f78349c829187
4033 75387a32d620da10
4034 834940e439e2c737
4035 ba9f44890c7b391e
4036 446aee9a17c5b183
4037 31b87aa0852bdd99
4038 4c98bc249486ae8f
4039 a052c8c94ced18ae
4040 64454add7efd5e18
4041 26c11cd2220313d2
4042 2775128a33ed5ee6
4043 79b010aebafb01d0
4044 bde0802d9c9e3d24
4045 ebbd58c8a0898b2d
4046 c36ba06fe998cad1
4047 85911ff76b333c2b
4048 a175395ced648b81
4049 c3ec1faf60cb5b0d
4050 dee54526b02cb242
4051 f235666c03361631
4052 57e02773626140bf
4053 a3291138e3c48ab1
4054 dbf3b6e81221a698
4055 886dcdcf09bb574c
4056 acc767ce69ea1c49
4057 9c1c18a629f10eae
4058 ed0fe78e937c192c
4059 168f70afa8debb80
4060 ffca15469c95ebd9
4061 25f49370d8be5df7
4062 1f6348b5de35fce6
4063 280a9ec505e82629
4064 873c3dada632d6d5
4065 208337ff4f159744
4066 5a47cdf808a15096
4067 db12e26643b1a560
4068 cc7065222ae862e6
4069 524cef285841bdd1
4070 aa9702c768a8f3bd
4071 74771669e50ff6bb
4072 8293318f4e5d9390
4073 1ecb69f8e6e71a1f
4074 a08dcb6f677547b5
4075 3a48967dccbfc79b
4076 6f61219a077edf47
4077 ac3f49217790e537
4078 f2da44361b204cac
4079 0573c92aaa4d2c68
4080 d1e911d8c2dfa499
4081 76f075a80774d620
4082 a7555db3a1f2abc5
4083 6c656a2a62e0f050
4084 fa2617bd26087f76
4085 3ec286817f41b03a
4086 db31ae414d04ca84
4087 357cd4cbd1760ff7
4088 78027490c80951d4
4089 aa90f1571bcc00ce
4090 e7ca34eaa829430e
4091 35f219c0b524019f
4092 69664f04d537df00
4093 098558ae6de93843
4094 f50c42693260a6e1
4095 23e827c40bd7554c
4096 d62f6539a0f5acbb
4097 50b32d691c7e5dfd
4098 a2d2b20a57af25db
4099 5a759c066d554230
4100 80fb117f310fb919
4101 7c3562d88b423009
4102 3ed1818733502795
4103 206d06508c7a6689
4104 8016929c77ab69e6
4105 fbc517227a85c528
4106 c32d85c42587bd48
4107 be3c1f63506e8984
4108 83a84e0d90de10e7
4109 d43368bec2afa727
4110 d1d67e4de19cbb37
4111 cbb8ceafd4dedada
4112 b873922bea8766f7
4113 e98dd2bedd78ef92
4114 2d11e53dc93a1bfb
4115 e98529c6867accf2
4116 e2452289aca328a3
4117 8433edfa9e0c32ad
4118 c02d62ac935a9219
4119 9d96bad2f4796acf
4120 0db7da54aec68233
4121 b41cd93b438ee90c
4122 7a256f88b45acd6f
4123 f270296a8cbc5b74
4124 48b0789f0020b00b
4125 a7a0ff3b16aee0e6
4126 4470ae02f2b630d4
4127 1f3cb75a6bdddb3a
4128 9614fd261e4e949f
4129 d6d889ed145d0760
4130 2c94a24db0aad0c2
4131 46ccd733bfc3a570
4132 614754affbdb37a1
4133 bb62a27af6292e88
4134 b072d80b9fef6e38
4135 aac4b01d6dfaf607
4136 708deb4315c72381
4137 c5f3df96524c9bb0
4138 e7cfdd9378204969
4139 0ad52c50d9a7c750
4140 4ad30c033392712f
4141 15a201313262cedb
4142 9dbd6a4c7ffb36d2
4143 d4bc0d3df84e51bf
4144 0861428a943547dc
4145 b8d45cb66479ddfe
4146 9c3eeb43719f8a71
4147 eb281ce60b52f2f9
4148 ac4901f4603bb972
4149 b1bc2960ae47a9e4
4150 7faa6c8b6379acd3
4151 4b1eeefa68d07aff
4152 eded88e934509eac
4153 ed7b4d5c8a2ef3f5
4154 46289fff779f0028
4155 c6916a309b6423bf
4156 fba1c3a21c825719
4157 dada91c8f4d71eee
4158 54a34f9ea54b25fe
4159 a61840e9896d6f7d
4160 65defb3b8a1e5a8d
4161 fd6bc594758f6a0d
4162 75fb57e159d671dc
4163 e6862d7f094e8b3b
4164 810f9b3250a09023
4165 2d4b9b1f6c939a6f
4166 62a23147577bfc30
4167 93d6d14cedee2aa9
4168 f010f7fe68978a66
4169 613c6a1fbcf9e743
4170 6ad8aee955217fe4
4171 71138fdc5056df50
4172 ffd4ed629c2e9c7f
4173 2060d039d2b1949b
4174 ec3ca71d5a5455d2
4175 d725757e50c3f1d8
4176 4941d142e36bea9d
4177 279d38448777a825
4178 fc00259dbfa4cbe8
4179 d57a50159eff2c0b
4180 55250c535722a5e9
4181 a03a7794b599856b
4182 17b173c87a60b8f7
4183 a3d0c600af8111bf
4184 4f684f452dce43dd
4185 0423e2162f4580d8
4186 c433087e8239a65d
4187 4210316ae39e29a1
4188 eff98cc1f159240f
4189 46b97da0e9885439
4190 7395ebd650c64e01
4191 9c48abaa2bf79804
4192 78ee3bf58fa7e238
4193 bf8bd3722bd6c57e
4194 f5f82ca89b1c821e
4195 bfc36c1fc92fbb0f
4196 e8dae3719de13b6b
4197 14bd3ed655d3d3d5
4198 77042fee29abbd23
4199 f6d1c4bf4eeebd95
4200 fe5628787c829183
4201 791ca5e1f5fb545a
4202 4e94dcd0e5d2ebaa
4203 b1ab0df3e96ccebb
4204 d0ab0f4674e57947
4205 b56c4c47870b3e76
4206 86df97ef2d08dc29
4207 fc703a45b13e75eb
4208 f5eb38c932b03773
4209 b6ca9c1d32382e36
4210 eae481a910b1b8dd
4211 16ef02814b17b6ab
4212 9687ea7b773cfc35
4213 b59a08a86c10887a
4214 890671925c1789bf
4215 b983f9e0b6c71e18
4216 c93d60464b8cc2d2
4217 552db84a8c8c2b7f
4218 8e2431180c4431ac
4219 3714d10116807936
4220 5205000ed849bc28
4221 bb97d4dce89934dd
4222 399830f4b82ad93f
4223 28df340bf389e332
4224 4cb71a0680aafa47
4225 276e63aa4c30fa2b
4226 096bc94c909a3424
4227 86338d900312b5af
4228 31b08e224e57f93d
4229 78c1c96ac9b1e643
4230 1fe3c12c111aa87d
4231 466ba8eeaa6d09ec
4232 7de62dbd25443afd
4233 61374a1c08201b1b
4234 c77ee3aab5d0ab8c
4235 cad45db150fa0f24
4236 ddb1639255fe2b24
4237 10ac8b48e5f659dd
4238 c473937d4f120bbc
4239 239d8d6e2a43298c
4240 cf1906a2962d9a12
4241 92e56575ddc229df
4242 f4326c39937fd31e
4243 ae06ed7d68276bc5
4244 b76217d34542fc9a
4245 a834f68831ea2a90
4246 87ebcd4729db08e2
4247 94ccf86dfc6f1c1c
4248 3595d9c7b6d69051
4249 63bb8c9cb5a7ddb3
4250 b48161f2e7a23ddb
4251 b764967e2daadd3f
4252 bcdaa153d06d54ce
4253 6eb856a35b2f71d3
4254 4c944f2eb73d8777
4255 c49e568d8c6436c4
4256 f15e7eb8a96a7978
4257 638a4e9c400e570f
4258 f6e40480943ef6c7
4259 fea9362400ff0694
4260 3b4ecbb7968e9159
4261 122ff658fa4f91d2
4262 4b0b2c479c383b93
4263 e9f962183cfc5fc4
4264 a503c5a160b51416
4265 898d533a1642a06d
4266 c35430f4c2d0cb86
4267 bbc99b2b05aa0f7b
4268 b9fe9531f8e422cf
4269 9d0e23cab7b0399c
4270 e14ca9c0dd98c527
4271 617ba1a65a73d8f3
4272 4af826e244462765
4273 da352e22b50a75bc
4274 8a3954d5d081a0b3
4275 6e6f077ec5e6fe85
4276 b40c645cf5974ec6
4277 fc19ffdffec1edd1
4278 e047623da84f6504
4279 78d2bd6b43b0d586
4280 4530888b36006916
4281 5c815521c90ca7e5
4282 bf97876f08762600
4283 bf5fa92d7fd1ef65
4284 2e8b1f6e6b610838
4285 7bc62932ea9dc03e
4286 096c51371264115e
4287 560a2bb3ef8e353b
4288 530e6b8dcf1d3278
4289 8ccaa240bca7b0c1
4290 9424f1e95f87c4b7
4291 15aa3978e238f5a8
4292 a5245e2192b3dab2
4293 775b0d716784b649
4294 e9b024f60291776b
4295 dd610d3058dd271c
4296 e6264deff103f86a
4297 998b6abe46e94bf6
4298 a5d4923e41260b5a
4299 f25fdb7c2065d74b
4300 4ec0c117296096a3
4301 2b85cfef65445ba3
4302 c65e2654afd1cef7
4303 37eda0703f1e937e
4304 fafb52edc45efd2f
4305 83af73394a9dc367
4306 71c3e68ba8ae650b
4307 280b5d9a0cf22eb3
4308 bccca258ccc1df7b
4309 1abeb78206c4d373
4310 3351572d309ae4a9
4311 1952ca1a0f24768a
4312 39b4e25e29a40f3e
4313 a531a4a45da7c938
4314 12391eac9b1f7ef3
4315 3e7c49ab0e3ba7b9
4316 bde156c71b30c213
4317 4e40f5bebce02a2a
4318 73cfb0535c062b7a
4319 5fb46e5180eb5cc5
4320 71441d3e6016ce1f
END 4320
