1 b9d103fd6854a325
2 b9d103fd6854a325
3 b9d103fd6854a325
4 b9d103fd6854a325
5 b9d103fd6854a325
6 b9d103fd6854a325
7 b9d103fd6854a325
8 b9d103fd6854a325
9 b9d103fd6854a325
10 b9d103fd6854a325
11 b9d103fd6854a325
12 b9d103fd6854a325
13 b9d103fd6854a325
14 bf3ffd926854a325
15 b9d103fd6854a325
16 b9d103fd6854a325
17 252c8f5e6854a325
18 b9d103fd6854a325
19 b9d103fd6854a325
20 b9d103fd6854a325
21 b9d103fd6854a325
22 b9d103fd6854a325
23 b9d103fd6854a325
24 b9d103fd6854a325
25 b9d103fd6854a325
26 b9d103fd6854a325
27 b9d103fd6854a325
28 b9d103fd6854a325
29 b9d103fd6854a325
30 b9d103fd6854a325
31 b9d103fd6854a325
32 b9d103fd6854a325
33 b9d103fd6854a325
34 b9d103fd6854a325
35 b9d103fd6854a325
36 b9d103fd6854a325
37 b9d103fd6854a325
38 b9d103fd6854a325
39 b9d103fd6854a325
40 b9d103fd6854a325
41 b9d103fd6854a325
42 b9d103fd6854a325
43 b9d103fd6854a325
44 b9d103fd6854a325
45 b9d103fd6854a325
46 b9d103fd6854a325
47 b9d103fd6854a325
48 b9d103fd6854a325
49 b9d103fd6854a325
50 b9d103fd6854a325
51 b9d103fd6854a325
52 b9d103fd6854a325
53 b9d103fd6854a325
54 b9d103fd6854a325
55 b9d103fd6854a325
56 b9d103fd6854a325
57 b9d103fd6854a325
58 b9d103fd6854a325
59 b9d103fd6854a325
60 b9d103fd6854a325
61 b9d103fd6854a325
62 b9d103fd6854a325
63 b9d103fd6854a325
64 b9d103fd6854a325
65 b9d103fd6854a325
66 b9d103fd6854a325
67 b9d103fd6854a325
68 b9d103fd6854a325
69 b9d103fd6854a325
70 b9d103fd6854a325
71 b9d103fd6854a325
72 b9d103fd6854a325
73 638981f5a8e59349
74 b2ebf1ca0e7bac83
75 7a3a349315f8b09d
76 e21a3cd5bf96b178
77 467065255b96b178
78 e21a3cd5bf96b178
79 467065255b96b178
80 d1e532a45f96b178
81 4511ecb032633278
82 024b069f839cb051
83 2457dcf8a7f318e0
84 896e1bea750f8c40
85 f1637416db970248
86 0a10230cc834adc7
87 60cad38323358198
88 e99c56b5364845d3
89 60b4c5d9ca667ead
90 95c59834150422c3
91 afba3a3ea48ebe0a
92 f9b04d303c8a4591
93 73d6daf14730f888
94 cd7fbc855395e40f
95 9ede8ef3d3afc556
96 d8400e9153cf643d
97 9f6ddfba1dcdff84
98 712178d15362d70b
99 c7197f33baa70e52
100 3e6c8b9730155139
101 4e47e0492f1c06d0
102 f0ae729225d3c7b7
103 57f5ee9aef177efe
104 932285a88e223e85
105 cbc02f876a18f5cc
106 33e3a4cee3d0b6b3
107 3cc280b67adf97fa
108 df112a374628dd81
109 11df079f2b6ccf78
110 3e82c088950abdff
111 c4670fe1d1265946
112 d1822bcc0150b82d
113 689b79b514543e74
114 91af67a8e630713b
115 0d834087eca50c82
116 fe3eca2bec600169
117 4edf7ff3c7164200
118 b5215ed8683e8fe7
119 c7a441dd06ca2b2e
120 67018c75696b02b5
121 f9955c886598dafc
122 a678ad4a439dd4e3
123 dacf38908668442a
124 3c19ef0ea232f7b1
125 4d232f5baa59d84a
126 533a09e24d2f6a2f
127 be2c04de9e892176
128 03d8777f978df65d
129 89b49c82d587bb96
130 33ee98b70fe4892b
131 37e2cda94287e672
132 7805e36204008f59
133 5dfeb7c69902ce92
134 e118a173485d59d7
135 983e38a410c6571e
136 caf0ee197ce5f0a5
137 0cb4b7f6bf62ed3e
138 23f5182fd229f6d3
139 c3d3bf45bf56441a
140 0dfc32c5261819a1
141 b03af3ac5f619a98
142 0d058dac462b501f
143 54bdd2005cff3166
144 af0e260cef21384d
145 42d0097a55034594
146 8bcb439a52a8235b
147 dcea549fab5334a2
148 b530bab5edc98d89
149 9bca16bb7c764d20
150 8193a49dc4782207
151 5553ec564680534e
152 6a373f5be92ab4d5
153 8876541377c4761c
154 ae6f1e9c11760d03
155 917fbf4a3ba4c24a
156 cddb7a3dbc8b70d1
157 16190aeb994582c8
158 be0d12a89e101c4f
159 3dce0dccb8a5f596
160 ca2dbeafcd826f7d
161 873c7288dddc95c4
162 8abf4a32bcb1974b
163 c79e90328ba89892
164 5b01b63ca8920c79
165 7095f25ee5bc5d10
166 efb6b20b7090b5f7
167 355f6fd76f2f973e
168 6c624b44c58645c5
169 87107b7562ac2a0c
170 53dba4568122cef3
171 ea914ca54c3f823a
172 c69d2ad77889fcd3
173 1f7f1d7c1af04cb8
174 ae012ff593aeac3f
175 f5cb96c46ccf1d86
176 9a53cb0a53bc561f
177 200cdb2c3e50e9b4
178 e119c5780ec6cf7b
179 0f5a0cd48537e6c2
180 b9e62d580036711b
181 694941a08e6d2140
182 133cf19d7604ce27
183 01f815f5c1bee56e
184 1bfbc6426c74cfc7
185 6ff693ccefb5163c
186 55404765d946e523
187 fb0e2140d1d72e6a
188 bce418720b2529f1
189 5e820f5926b914e8
190 50e555c4bbe2546f
191 e09848617b89a7b6
192 aa1def973a7e4c9d
193 5856e2f177bfade4
194 12ddc2ac8588df6b
195 258f3bdc972f24b2
196 1f8c9e47fa101999
197 58eef5cbfb049b30
198 2917efb3fd02de17
199 e7b653fc821e435e
200 87c9d7105e4f00e5
201 31fec5c080d5b62c
202 0d935438edf22d13
203 cd391637f9eeff5a
204 600317084056f3e1
205 80e036cbc44c56d8
206 9ce314a41587805f
207 6634f561d90506a6
208 096364d56febf28d
209 1c6664cc2eb7c1d4
210 9afa821eb82fa79b
211 ced38ae571a729e2
212 7ccd4d6e414cc5c9
213 fa1fe0b3268bd360
214 c758f3407139a647
215 bf736782793afc8e
216 729ac55b6eb90b15
217 6586619a5fdea25c
218 ce32aa4f26f04543
219 d1e937520fbc4768
220 728cf5970f43b811
221 f3e4ce4d9f87c108
222 da879965cd7d2c8f
223 d2b0ad15cae5a264
224 cc9269f2d06aaabd
225 f2d31332cfdc8604
226 854ea545fc6b1f8b
227 c60653c8cc1dd1b0
228 4fbd65949d3ac5b9
229 3cc863712c614750
230 ba4119e9b1597037
231 f7212cb6563202ac
232 dda0ba5ee6a4b305
233 46ff41fd8065604c
234 7c62ff226934b933
235 7eed68d7d0a10c7a
236 bed348b5dff45001
237 757fd2f08f0a7ef8
238 7d0edba32110327f
239 f2c05ec623bca1c6
240 287db0ecc12038ad
241 6774fd1563f43ff4
242 b238d5c2434135bb
243 cb85f30dedfec502
244 7e743d766bbe5fe9
245 5d97e75aff4f5f80
246 6fe864f517c55467
247 5466638ca8f203ae
248 9a5e6d72893d9d35
249 4e0f905ea4a9487c
250 38a03b09b7d2be63
251 793a8a3e6993b8aa
252 7a24bfe3f4c51431
253 7032be2c973e9928
254 cee13d3af6385baf
255 025c867738c8b9f6
256 309115c024d8e4dd
257 5705539425d53824
258 1c82768f134db4ab
259 62d41aafc32aaaf2
260 decb69877a226fd9
261 baddb7c6a4cc1f70
262 aab39b2e0fcae557
263 6c4e301735b76b9e
264 64fff4c0d536fb25
265 f2058c170f84126c
266 6c0b6cbec0ad4eb0
267 1f33bf69eb6126b4
268 62094962f943f1ff
269 1832262f4ad14c2a
270 664c8d444a740c5d
271 64f2d1296b407ba4
272 612ea766cd63f02f
273 a6d9dff58949f776
274 c3e697b37e962d79
275 a786a82b69d40310
276 26bacf0672f1ad4b
277 a5c2d3f9a7448e92
278 03224dfc5f97aec5
279 764247e9040dd00c
280 a160bdf2692d8bf7
281 d8bc66aac8cfad3e
282 595cf707bb2d07c1
283 d1390e1ecf2e12b8
284 7f0a228841a794f3
285 739b74fa8e16cd3a
286 deceec088a50e66d
287 8290b832364a8fb4
288 a6749740ec26823f
289 8ee65ca62db15886
290 645fa78b93695389
291 500302a9ba722320
292 a2a44cb37b86395b
293 a691aebade821ba2
294 2c561dbaf3065ad5
295 311441b6ac70fc1c
296 0712b97553c53807
297 eef3b4ec9a4c1a4e
298 2fd64c74758a49d1
299 1a3aa5b7ad4e78c8
300 772651a83b8252d3
301 c5c7b0f00972c189
302 9c34e420aa6582bc
303 6482742740d55607
304 365b5029a6aa7fee
305 76b56c29cf8f58d5
306 77fefdb4c181a1c8
307 65d5112a8e68f663
308 599a7a79a1833d31
309 d7794fb402a8b721
310 e3c6ec9caca80daf
311 36d145ccc3dd5517
312 2af478b82e1eb3dd
313 41af50a53bfbf5d6
314 65304e1f2737fcbb
315 0e0744d88163d802
316 a7dc0a1a47fbdee9
317 988dc10dfd9bcee2
318 1fb89dd1ab69fb67
319 699daae9c2331aae
320 37ce38cd34ff7c35
321 1ecdc0b3181c7d8e
322 1bf7087a478a1453
323 19805794529faa9a
324 825eb81988ed5721
325 7ecd2a394b543e7a
326 a0940984e5aecf9f
327 0c0414414f5c51f4
328 77fe2d26a9b427cd
329 41a258f2cedeb3c6
330 93681cd4a0ded6ab
331 366420c79fbf5950
332 d04bc3bef80d4ed9
333 ae680e422fab84f1
334 450ac74cac272757
335 a5d6afea52fb624c
336 4e6f138e3a343a25
337 4adcb20409eaf16c
338 3e54918c54cf3bf1
339 86400c14fb56994a
340 225537a90bfdae50
341 36faaae3bd7d79c8
342 225a9d42ea299e9d
343 e2cbde250fbe0c96
344 75f70d90c5f6666f
345 4387e6d848c058c4
346 bc8b172b866f65a9
347 659231726e0513a2
348 88769147a9abe17b
349 e4badbf3ddad8c20
350 eff9f23991558cc6
351 4386812d6095324e
352 ef8c09de9808e027
353 1fc797ca12e9a91c
354 20fa479580c3fdf3
355 0ad6d0c7a4fe68d8
356 6e5eaa63f64e20c1
357 c2113efb9bc8b0b8
358 e2a4e38b956beb3f
359 1e4e1d1e27c713d4
360 2aa0eaaf0efa3f6d
361 ff27bf9aa1864db4
362 d846f2dce2ad664b
363 1a5f1736ad5eed30
364 d388e9efbe4a7e79
365 b26f34c6d73e76b2
366 36f4c071aa1c64f7
367 72f577e8ccc6238f
368 58d38968c5fdf7c5
369 0f84de307b4a555e
370 c8374e0bc3edfc23
371 7805b0575ef8aeab
372 09a30c10f8a6ccf1
373 5fc8f5abc092d44a
374 16ff2af756bf236f
375 67502a12451f9eb6
376 86ba7841a3c94e4f
377 b0792226947b30e4
378 b0525b161ff00e7b
379 e61945bf89995f20
380 1ef3d3b67e5896a9
381 a707083ac81a3840
382 46784329f5d1c6d5
383 d06abedc3f24c46e
384 d3bad440aa74a3f5
385 21b3da34a1e5154e
386 b1e831f0e23bb013
387 35352fdb8435715a
388 ed453b1e4e5c20f3
389 ddf7d27aeaf0b1d8
390 59f16ae8cd46975f
391 2f868f1c188f78a6
392 515ab0d5b685be3f
393 5072daba17fcf0d4
394 d4fc09e56328b979
395 e02a77287aeea3b2
396 030ff9b9b0cf3099
397 213d413b001aea92
398 bd52130dbb8fbd17
399 3ec981472dc7825e
400 08da979b4c56c7f7
401 c13f0cb16b5af92c
402 5bd1f8043f55e5c3
403 d646697af02fbca8
404 ceb29200deed5c91
405 6b7ab379b4fc3b88
406 55ed1711210f485d
407 3cb14d8cb1608856
408 2686ed58a1377b3d
409 e9ad1d12bc215a84
410 5517616350733369
411 b91d58f38c9d2362
412 9d3614703689c33b
413 f8181856428061e0
414 c393a47f00464cc7
415 17ab708c6df2affc
416 37c8833d795e6d95
417 20998a62236024dc
418 ae26cf73a2416ba1
419 65cbc6c231695afa
420 361b210e926ae0e1
421 f7339cdb7d8459d1
422 e8589e306d6e1f80
423 eb1027fc7013d24f
424 97b6f705605b8502
425 6c4bc13ba8e5787d
426 c3ce5ab7f7abaac4
427 ddafdcc455426070
428 7a9e24fd0ca34939
429 c664ab1a4ed83272
430 6613724e042688b7
431 b4e1aa3218b473ec
432 4d28461783f3fb85
433 5edbc11ab417a31e
434 6cd410e0777845e3
435 5c2671fbccde4488
436 f0dc7ae79d41d8b1
437 4d8d2f0dc4449c19
438 78026ea234f8272f
439 0574c42f94f64b84
440 b8420818bb3cd75d
441 4ae3ebd32b3642a4
442 dbb022b41d4eef49
443 67f72c72b32d8582
444 0eecdac36ace5269
445 dd580357fbc08200
446 c3b63454a82e5a95
447 ab3e080fe5e6a42e
448 d1ad78c9a1dd5385
449 9f5edff04a5c1b1c
450 844b9dfaf24825a1
451 6e3711162f6a01c5
452 53a6c16ca9d95803
453 1c3065d1e6eb961c
454 3ec5a099932cf0c6
455 8fb2a75b8c6d4d99
456 aae7c3f81e4ec8f5
457 668bc52738f4090a
458 1aa4ac26c4b1ee21
459 6edb645a9f43c75b
460 40e90a308b613ed3
461 20e2ef9d4a73612a
462 b0cb768208ccb01c
463 d673e58c93b67353
464 8ce19ee1b288c292
465 af4fa53ff699b1d1
466 66a1a3600e8ca5ab
467 1eed66dfedd75d1f
468 def9800d0c19d629
469 e081400a10a6382c
470 6fd342fc4be2a9f7
471 4d9ea1ed912f7f0a
472 389c739dce483ce8
473 a65e4cbfc256f3fa
474 49c3d43cd02af06c
475 94983ce5e253c052
476 976515ec4a927300
477 092b4e31e5b6a012
478 614711897e8af81c
479 4448e0a07b09804a
480 d31e41ad9a3b1758
481 b82979857247fe7a
482 b003c31fde72533c
483 0cf51f07cb001aa2
484 e4e28f1fea62be00
485 23d60c4f26563479
486 54ecb7d40639a804
487 04c25e05dd88e3ed
488 a9754d14d2be803e
489 760c3fe3825f82a9
490 c738875c19e653f5
491 b37f011c11531066
492 ee2d57b2234856a1
493 5f2d022fffe0d50d
494 cadc31d7244fb8c6
495 4c0c29ac6fd779f1
496 ff22ba08705f823d
497 5b02aa14c7a543fa
498 fb899f81fb1124d1
499 477e754cc9c0f78a
500 99ff4516fed9ea08
501 1e143a6231d6490a
502 eacb6534928b2f8c
503 e025f155924041b2
504 87f563e3d4e5c9f0
505 e5491c13e3c443a2
506 b8976307793ba67c
507 eb98e4bb915b32ca
508 ee86260217431db8
509 1a9e6a28a83a652a
510 922c0696f59ef4fc
511 c687940590e4c7c2
512 e5ca95b42ad2db70
513 af98137365e84232
514 c35932f999a7044c
515 1d96368850cdf8aa
516 9ea48e34f93ce748
517 0e7fe9f38bb6292a
518 09727dac40220bcc
519 b7f0dade8f579eb2
520 cdb2f17149724fb0
521 2833d466329c6779
522 1608c86e6d3c5274
523 ddcce8b26261c1dd
524 27fedefd2c7f3d1e
525 09c2378b9c044269
526 25b8863bb1ce6215
527 99f608b532497426
528 e1be7bde971d95e1
529 3caa8a395a22f7dd
530 c0080936d850e896
531 5c514cbd4ac1de91
532 e7c47a07816834ed
533 4a5792a9e5abb8d5
534 1167f82b1e197491
535 85dd1745e5d42d7a
536 3417c53e14442eb8
537 6edba912839540aa
538 3741a518cfc5e05c
539 baf822786c480f92
540 870d7841c7b161a0
541 16d1db8e02846992
542 20c41184f1cfd46c
543 5d5448db1c3c497a
544 0d875c8e1ce2b468
545 7a6c5d01a01290aa
546 2ed0d99414e88b4c
547 4409333f51a5b7e2
548 dcd122ebd528c040
549 04206e551e99f8a2
550 b30b5c58f60255dc
551 5fd50b477725e03a
552 833dfeb7ea2cc4b8
553 46bc33579431698a
554 755969fd35cce6dc
555 b51d0ee640ca5992
556 047fcf726ff84760
557 ed4a47fb85fdbf49
558 bcdef4a52d01ec04
559 775a1579985efc1d
560 3251ed4e9382633e
561 6e386434439f48d9
562 8c8b95ac12ebe995
563 fbd20c0a2a4b5b16
564 f419710cbc33f721
565 e95be05bae85db3d
566 f8a7982a7ad52bb9
567 a295cb040f957221
568 c053237bbc4619bd
569 de1c55f802ae1345
570 894e64807177ae31
571 6a348848eb10695a
572 1b896ea1bd50d3df
573 219cd796a6db829a
574 ffb9dedac802f00c
575 e257aec6552b2ec2
576 689c9c1f7e05a970
577 8ab0e226b1caee32
578 3ccd14fd63d964dc
579 1eab7c37804c15fa
580 552a411416eb4238
581 f8cf6b3ce9d5e29a
582 99b9e84d2367519c
583 b33031b9543236f2
584 a5d6bf484661c9f0
585 e1347f13a547ff02
586 fdcc8eff82895e8c
587 43681b0abf38db5a
588 d772c7bf5d4c1208
589 8b1720c95395ac5a
590 99c3c9ab7a5cc5cc
591 f166417422dcb722
592 b3525d1515839eb0
593 9ed131a2bf2f9f69
594 5b9944e811ab9534
595 23ba9c52cd79d4cd
596 c234b641abe6d99e
597 7335dc166dd29708
598 218a0e1eb8645f20
599 403e21d053533bb7
600 8e1e520cc1f41941
601 ac1b5590e5c64cfe
602 5114038564101682
603 72c32a84c214c08e
604 fc73776690360973
605 f8dcb30b939c9c36
606 267e095b116833f1
607 c06ec806fd73e08c
608 9ee0952c4a614470
609 5c57bafedad6238f
610 df090d039d27cfb8
611 cbb4ee070ed2488c
612 4b0f4a6a913dbd74
613 e6dc22195b4fe098
614 007626c3aa66b470
615 dc4d267f1f12755c
616 6b6724a12cc28574
617 c31ebf5f44e2e790
618 1e9b4e4ca171b188
619 2961b6c60e0a2d3c
620 0a22202deff82494
621 c03c1df95fe84ce8
622 d9e5880e570ac510
623 72bb5c86fc2d68ec
624 47f9662a90cd8b54
625 634b45bb6b177710
626 bbf9f67d6eabe598
627 68ebe16059f12bac
628 7eced3778f8ca234
629 da529bc58c5c099b
630 8ec01e43c89422a0
631 8b575fff076f5b93
632 87f479a90f0ce972
633 0d0c38f351d9f6a3
634 816bfa0fc678a681
635 51b9b120802bd72f
636 97f25743b82032dd
637 fecd02dad0a84adf
638 9bae9f8837bfb5ba
639 7caf06adc1344657
640 aff606fcb88f2ef1
641 375342899a8b1220
642 10e18c2dd1b843e5
643 acc343de7020aa04
644 dd13f02be159409c
645 c20ea955b1840e90
646 22c9ffddc2e0e430
647 02c180b8dce14024
648 ce6c83ad6190930c
649 4b618d1f516873c8
650 14e4d08f6f5f1b98
651 0ee190e1eb902844
652 8a0787b29f75c58c
653 361d0834381fa550
654 04f083338e08a870
655 669a36b3966a8284
656 6f32d6390b99f11c
657 67b9f1f8d4b57178
658 a8c3c2a1bc29ff08
659 f9ff0b0b2e4c57a4
660 869f19f13165809c
661 8c17208950fb7bf0
662 5f4a073fcc430a90
663 016d188d11b1f0c4
664 068101c9bdc8092c
665 4e24a3bd42d7621b
666 e510390a70df27d8
667 287e306ac8f7636b
668 9e97d0787b422b7a
669 af5a7609b0417373
670 18c68f516189cf19
671 283367157a86e7c7
672 7506584d75f02cc5
673 42175d7a2fa220ff
674 7f12bee7d48a0852
675 cccf654c24321faf
676 aceb7a1f5c5dc659
677 ed91b630f5230ff0
678 77b470471fb4541d
679 72037e8397c02f6c
680 0952640a9af0f164
681 8ed8f47452072b20
682 5e1a08bfccf7ffb8
683 75793b04fd0db1bc
684 cb1eddadf5f80fb4
685 2b2bf7b82acb4328
686 152d6d0f541d4360
687 f789b66c42cc6c1c
688 065ec4319afe4ea4
689 5a631ca8245df3e0
690 3a4e04c6eaa11868
691 c69c9b6dad6a832c
692 fab8c791e64313f4
693 7adb99905bcd2238
694 9f5033856f95ed60
695 7345de48ae94f98c
696 f477363b1061c084
697 f8a638e8deb15dc0
698 e78aa2502f3b84d8
699 11e99ce1c9ec5e3c
700 dc3cbc16d78cc4b4
701 972001bd19b8a44b
702 6d4cea5f024e5a10
703 75e2426cb6d320d3
704 34aee9f456c349a2
705 6f6d392431b971d3
706 12300b64583b8081
707 deb20c23cf1854e8
708 508f09a3f0470e5d
709 25b60c3ccd84864f
710 a58b067d61fbcf6a
711 270eeb515cd2f6f7
712 b654cc98d45faf41
713 baf186b18227dfc7
714 b631fa27ec64d8a5
715 74547b01a946e1b4
716 0a28c1e63d8fc5ab
717 1d8ac1993ca68f20
718 e873d8a2257e83c0
719 14676403bf321ce4
720 292f28b074a02adc
721 b2d87177c9eb5758
722 269476172563f6d8
723 0ec49c8ce09fb2f4
724 8d41d5a268e7a00c
725 8c40a8b01023a660
726 73e5fd46c8c2ca80
727 e24e8d5f9c5ae704
728 76f9201c008040ac
729 59872aca9a858da8
730 cec54572ce2ebdc8
731 92539b6a894ba874
732 cc68369260015bdc
733 bb6214e6cd3a2660
734 4f3a4a0df5307840
735 da8e046b10dfb884
736 84afcde5f567678d
737 a7737f1023caeb67
738 60c0927e5506f363
739 33ff2de2581bc975
740 015d76e06c64d710
741 e407cd346f358214
742 6de78fbeffa41acd
743 c1f4a2e52c83a9bc
744 5027321c463fa26a
745 13fd117a6e4c4f4e
746 0532878e19cbb63d
747 212413eb15990917
748 58aaab5b1aea7c5d
749 911bc3e2729cb642
750 5b7ea2ec8b7bf03a
751 c5d8b4fd2669e0d1
752 99927e0c79f0c32f
753 5bab9ba5d6993225
754 f93718367d43bf3f
755 78d9ef1a12d74dd9
756 d838abc7b3fc39bf
757 d48a23341760a315
758 3a24e23c5857046f
759 7e85d2fc68a4a8f1
760 83142e94f33f919f
761 80ae9bf0e5ff14c5
762 f1bb01c1057de8af
763 37029f18c9582ac9
764 bbc9768bf470f7af
765 1febba3e7849a8d5
766 cb508b1d8e7fe11f
767 8bfcbcb52c9f4871
768 37cd8146d56bb56f
769 6cf3a0d17293f1c5
770 1a3771392a21fd7f
771 2ebe04475b10c5d9
772 6711a7d5e239291f
773 6afa9b8752b7a33e
774 f8ab91306f63a2ff
775 6655689905ce8f66
776 3b59eff5434ae411
777 d862d314a1fee9de
778 20dd783343e5f09e
779 d6245c7da93601ad
780 0f7b7aa99a3a70fe
781 3b3fdef9c023b9da
782 2284952fad821162
783 e2d4fb2e5c930d62
784 11bc180e9cbec282
785 dfadea7533e779da
786 5c056030195ede5a
787 6a9352a2a1a12bd1
788 ef90bcb658277eb0
789 11d6bc249d78037d
790 ec9ba6ee603b0dcf
791 7afed99bde0d9889
792 e932db13734047e7
793 1f7448794d12ff5d
794 be8f76c7277182bf
795 ef6a90531f276ab1
796 408645c6bd32b557
797 e030f763432e214d
798 8f1bffb53482139f
799 4e309a0fa11f65d9
800 0786d12efc4fabb9
801 9fe05728610f22ec
802 a03ee524fdb27876
803 776977f5997a3254
804 788508bfb86000c6
805 861eafbf46cab3e9
806 5449bebdf27e36ab
807 94e693404342f330
808 92e5a16ac484bfef
809 138e93f507b241ba
810 2c555352ba62d4a4
811 308a0060a0cfebce
812 60f2c328969f2811
813 bb92acc6a05ce825
814 5120bd7d5a07158a
815 17cc600e1f8cb704
816 3ccffcb8eeec4d40
817 dbe0ba6884d77461
818 24f5db87a6aa58b6
819 0e0b76a5c8a3d3d0
820 18ef0964c7cf3588
821 2aeb5c626c368757
822 29d5e7f145d48a09
823 e14fc7675dfaad27
824 9a71b7e85a023840
825 2d25716644ebe932
826 57ad3b64b554a462
827 6c326297cebefd4b
828 a70a8cffc1af4261
829 d7fdc21f1dcbce16
830 5492bc50f42636fe
831 0dcb2024e9b41b81
832 6fcdee8c074919db
833 db5c8d6bc5a0f217
834 f00797108a7ea9ba
835 69d1d772bf89447b
836 024199ff26071377
837 beebdda675616541
838 c2a1acd4d67b86ee
839 71666ee20348f805
840 ed05e49e4000b767
841 53a2969ab393f005
842 1ca0b9d3edaa11d0
843 7424402b7a9e6bf3
844 1e4287bec06b01d0
845 187128118ffb7bf3
846 53c68fcdd6340d26
847 6c66f43b99cee3c7
848 453ec0b0ad62a526
849 4640227aa60bb67d
850 6bdd5a0908f347bd
851 170b9d006b15b8b5
852 3729297979bb0a8a
853 6e2c3732442047d7
854 6499018520831ae9
855 4e029bb5cebc5069
856 4fa821d5a87e7994
857 68a5a9f6d9de0903
858 d743a517cab4413d
859 a99e260e6c360869
860 07837e7f42647f20
861 48c8a6467294fea1
862 8d77b3b61f535134
863 2afcee3eae10a6af
864 cabd6111ff41cae8
865 0353fba89849eb65
866 3a30c9fb6a606ce9
867 f96534a1e21fb165
868 65024fde9e605a0b
869 b4095c7a255300af
870 f1f0eeb50caa997e
871 2fddf6c74da48ca1
872 e862ae5127d5ea1f
873 9ce3c9a797b1725b
874 8b1c26277e895427
875 0abdedc8fa2596bf
876 0aa63b712c4f7f71
877 55bef01e7b24a5b5
878 532cce616d140488
879 096c3a7a54da6cab
880 81e62082a0b1744a
881 b1c5575f46145771
882 785f4a38885c5d0b
883 d93340a74ce7aead
884 cf9aeeecac0424ea
885 6a9f4f193af31a29
886 fd59c891715eec34
887 d64b34ea90834c04
888 051d69ee13b94527
889 47f0b3700cccd115
890 41b461d6eefe4157
891 54abf35bd8c3f2bb
892 50e8a1d077375598
893 fac7c0b95b3adb69
894 6900f9a76732230d
895 8d2d4de048804554
896 dbf8af23c80b14a4
897 9e5c25a5f58586e2
898 8ae1070e4822bbef
899 a77c6cba6920a13d
900 51fde8a5c4d0e93d
901 8198a28003a09db3
902 31b7d94cb3b93504
903 f4a36502a4d4b34e
904 06bbddc6f5fbba52
905 ff3aedab8fb98b58
906 04136791a87e7ab6
907 098ce0b284681f96
908 1682a60f51d5af6b
909 e3126d230c8b5fd3
910 7013d23c88ec3996
911 9c92f16d4edde5e9
912 dd0ab2e88d10073b
913 ec6c157234ec5d08
914 0de986ac7f8d5b86
915 d354336f9fc4c909
916 75dd52ed06b39c7a
917 6dce63a575d2c568
918 5fcfba0ebc110500
919 c2b80f52ee703199
920 028e082c11c59ab8
921 15de3e5ac8fe39e4
922 fc03df86212db6f3
923 39537c34db4d6b78
924 a9d1dd1f9af81414
925 7f55f714361a76df
926 943c0e83a8c81369
927 0c6d4727f87b9c07
928 0580fa11e0c938b9
929 7d425f46bd81181e
930 07599efd212e5628
931 2d656870b6494283
932 19b303c0b129b9ff
933 ab065a097ecf2cb1
934 8fb4d4fb3c5e470d
935 d73fde78b57befad
936 49093cb953cc26d9
937 39569c8c4f72eed1
938 6c8b1ea96b6b04d7
939 7bcadfbf712068b3
940 1debbcd254d43bfa
941 c8ac783a91c582f5
942 62f31b3415104bde
943 7e809f55a1d16367
944 cb3f1b2ddb4d8546
945 22e9389a5f02ce6f
946 4ee6dff31d3c48bb
947 34a1c29957fa71f6
948 c48a85dd7f2a6aa2
949 f48b236e85e64d86
950 787d300251991604
951 04a359f85120aa8f
952 3d210ce0da658fe3
953 ce2d7d2cb2093d8d
954 a1467d5748e4a707
955 51f009a51175cdc9
956 f69a7196fb028f84
957 29215cd6eb147a8c
958 1187e2d75418db3e
959 d45a8389814c0d46
960 34fa9eee9b5cc222
961 9972b2aa8d30f619
962 bdccc0e61785a305
963 897432e449722ec6
964 96cd3bc14010bc1c
965 37b4b090e7d332b6
966 d9fedff55775ed4b
967 784065e4d72512be
968 c43207575ab78097
969 c775d173a3e76a7e
970 4e0be8014147e5cc
971 711cc837e8256ad1
972 2f749abc246d722c
973 1eb5b78423779e0c
974 a128c09d58bd2cbd
975 a7d01ec2fe3aaa8b
976 b6cbf4fa0b6e68a9
977 3167a26fbe2e558f
978 f644217e223ef9e6
979 ec1b62268a1bf633
980 a46fbe3b8de6b0fe
981 5fc5b81228fa5040
982 367adc59351a9261
983 9c04452bb5bbc46d
984 b664cdde6e723f36
985 ac9796c37429a96c
986 fb8f9255e59a47e8
987 c6d6ac4e1b1098b1
988 e81ed3ed1374404c
989 74813732d6095e99
990 7e10e52f29173c14
991 2741a8da9202b0c6
992 34a9ec32c7cf7bae
993 13abe92ce2794c05
994 8ec9a637e90f143b
995 1a2539ee8c474f56
996 9528ff7bca35bcf0
997 5d898817f3c9bf76
998 ead4c78d0336c382
999 503921e14ccdcd77
1000 341ed823bfa7f741
1001 1c480f49acef3e2b
1002 524439a9e5bd211f
1003 cb3e6f9842c9b390
1004 d3188d7e47370784
1005 f7d39ec96259c16f
1006 05d2e064c2c2b04d
1007 9a08edfc7af28fab
1008 debf766e733fa482
1009 ac4f6bff4998598b
1010 36619d3c5a169531
1011 e60b6e30841dd228
1012 b05f3bd043751238
1013 ce112d2d718a0e20
1014 134216c9ba386c37
1015 11fb582748afe0df
1016 1ff8a6663dbcea92
1017 4e2d6d7c2bae59e1
1018 34a23bc50f58b10a
1019 cff01fd23851e96c
1020 4ee477310fde5ba1
1021 178c7a16f33d9d23
1022 afdb8ae443f9bdeb
1023 9c9d2cda5e90801b
1024 bdf188bf3aa8dcbb
1025 458ce766c368fbe7
1026 1079d28c1eb24e65
1027 183aa59e376b9477
1028 849aa32d92ade717
1029 ddd67eb8e5d2fb26
1030 c5e66091f7fdf1e7
1031 3af1f8c4998619f7
1032 4c658b0cf08d0ad6
1033 9ba6a4645ac56a22
1034 0a4574b1ca66e4d5
1035 0e26765e6837e7e3
1036 865ffa6db84e55bf
1037 66b1bd44f67dfce9
1038 01baf512687c28ab
1039 5a0edd46b864fc05
1040 96137f42f068dff8
1041 6b6a38f22f598230
1042 f7b4ad119c56098a
1043 0548c79a94d61eb2
1044 9dee264f3f1d829e
1045 b44503aa0d88eee5
1046 24e74ad50c98bd71
1047 36e2ff20f0667942
1048 43f697408a5dedf8
1049 36601e20477db622
1050 92cde43a09a0c6d7
1051 74c54896e876219a
1052 9699c10e1bca5013
1053 3439ce1774c43ffa
1054 a50146c1b35b93b0
1055 66aff22255c0edde
1056 47a0c241586254b0
1057 9823b6d1d9b2c510
1058 de8fb1a64f8931e1
1059 7e72e213760262cc
1060 6bd953144342a085
1061 5294f10cdb0fe09b
1062 6a7130b6b308493c
1063 4d47958a17e05bae
1064 cb755948a108036e
1065 24bd7a4ce1de5e8d
1066 b20f155f113dfb5e
1067 46c2bd87d434c9c4
1068 a0c52a3dbda48b37
1069 d9007bfbaed29bd5
1070 1f033b8298e60a5c
1071 4cf0e2b03998ee40
1072 964491ba4a6d5fc5
1073 4589650322a04806
1074 4870bbbdacfe2565
1075 dfa883f66e121a77
1076 bf8a5e613540e63f
1077 ad902247141bf98c
1078 85c1f2fb73839ad2
1079 4773f4ddb32dee27
1080 da3eb86e398126e9
1081 11aee900924f848f
1082 2fa0719a73a7bd4b
1083 683aa786cc61b2ce
1084 c7211ea38fcf8440
1085 e27af3b8439bf7c2
1086 6c3ea38d37215bf6
1087 52998b5ddab87749
1088 5254d325d0cf33b5
1089 a0e830906c275fb6
1090 23225db583ca6c6c
1091 4028664fad3e4c22
1092 d344423131b06993
1093 f4222d31ce5c101a
1094 d7a4e8a358f44610
1095 48bf8ca891713781
1096 dbdfa9b37a01b5e9
1097 8b7e7e698d3c6851
1098 2bd8df87b0ebc7a6
1099 0f5f7d8695b8014e
1100 cb7ac246d89a6b70
1101 9eda76c0a5dc3715
1102 30ad49c79a3a5219
1103 aae27d1e2b6b3f1e
1104 70e2f6ffba104a33
1105 24954ea904fc0ce8
1106 4ab5d014560d8d26
1107 c3f9fbc0e4689303
1108 8179c40e1b3b5e0c
1109 4e25e8aea8b8f859
1110 161f3e251a0e4a8d
1111 47e48a070e51e549
1112 df285249cbb7e2f6
1113 b036eca271f7dbeb
1114 a9ec74b9f277fd8c
1115 57f433651ab5ef26
1116 26516daeffa76777
1117 bd5b63897c6fcea3
1118 2f28bac9d11ec321
1119 a302267687cf662a
1120 d5897e7d3630abd3
1121 e58544504c562540
1122 3825cf540d371da7
1123 bc84948284e2b38d
1124 84f62dc93cddcb62
1125 98aa4bf71e455994
1126 53c77909a5a21b17
1127 5ea851b02f0793f1
1128 b76edd91468ec03e
1129 5caf7b9356086d6c
1130 52c1c0304b18dca5
1131 7812969f87b8c032
1132 8b1b8e30092005a4
1133 bc29747bb5a3ba44
1134 9e62624d830c413a
1135 ba280f25179babca
1136 87bbf07b88d1ebb2
1137 113e15f2ea1a7bfc
1138 562d1e492a07bfd0
1139 3dd1a65b13a67442
1140 41fb44435449c6bb
1141 c8e609ec1fef755e
1142 25d898a6a9f6afb9
1143 bda5086c909d9207
1144 ea4bc91f8ec9c763
1145 d94babcfaf405824
1146 a3185e68dbebe4dd
1147 dd83ef1e6e5e28f4
1148 aa4e640763e12379
1149 c7f8a2935dcee943
1150 d13211311272193a
1151 dc96e2189b30621f
1152 7f750449fab18dbf
1153 6110767f29f64db3
1154 2a05f6b057684538
1155 7e6d89761ae3e4dd
1156 529f1c152ee46ec5
1157 cf0a051de890fbd1
1158 d7b9906aec83e7a4
1159 e5368388b371b2d4
1160 783505d893bbed90
1161 883f69ff2605a3ac
1162 0e4b28348cd8b6cc
1163 79bf67913e2a8a8e
1164 ca916887b50279ed
1165 5bb11c7d641305ff
1166 01e7f8052cbf270f
1167 e3f0f4a425046568
1168 d2636505a16e4e40
1169 b86f9941c26630cc
1170 9c8e83037d0609ea
1171 81579c6ac035cdf9
1172 090760995ae801d0
1173 736f350f51980689
1174 bce52a9fa29f7763
1175 d3e0065d61a1c636
1176 13f0629554d0d256
1177 858e45030e7f02ac
1178 a39bb8d97c88d37d
1179 c659f85fe49a6aa6
1180 874490bfb11e4df6
1181 c2b5bc3fc56905f6
1182 43db81ed2fab9e03
1183 82d1a7f5b28af689
1184 81ba223981d0da4e
1185 3af1f9125bc65b1f
1186 82b71bd43782d823
1187 abfa8f7c3002b0cf
1188 7e9611134145ebc8
1189 9a048f645728cd71
1190 e39ac524e4d0ada2
1191 7c690ce1f52581a0
1192 cd13c161d8039aba
1193 abc778ee56ca4c6c
1194 d1b574f24b4151f1
1195 61696573663916a7
1196 17efbf71661c85e3
1197 b7f307b2070c4cd0
1198 88920d5b4dda3877
1199 fbc055720adced59
1200 890bce11d9319ae2
1201 4f9778acf178c830
1202 ef010964b9f086ca
1203 1e4740b943b9f20b
1204 fa286244d1af25dd
1205 08eecadc4f61d4b4
1206 03740d997803d52a
1207 e09a8d8a96a25c00
1208 6f52b27cc856f117
1209 972ff4274482f210
1210 27a8228d555524d7
1211 d8032985626d7bb0
1212 440e311132329688
1213 ac0c6586a63e0645
1214 5cbb1498defb140e
1215 63b3bb4ab9eecd9f
1216 23f0da75cc0545c8
1217 830878ac1024ef37
1218 40cefbc2c9c0bf79
1219 bd950be0f51ab901
1220 4d50d3f3cbbce34f
1221 8bbfbdbd9d747cbc
1222 062b10f8b3d4c2b9
1223 ef97849af485b210
1224 04f1ccd5f5e768ab
1225 9004e00689e155f3
1226 b141a921be49ac97
1227 08063e425612d2e9
1228 29f2a832ef89dd6b
1229 117d0bebab1ac225
1230 41a60ab03791a687
1231 aba2e19bc74de334
1232 f5d2c9399e5e7140
1233 5338910f8e0e88d2
1234 fda7e682fb89ecb7
1235 f90b466bcdb6a773
1236 06c6ba23351804f2
1237 7177749ca8767d2f
1238 e0a1374ded929d55
1239 4e9e3ec9bffa042f
1240 ccc638aa6c3300df
1241 a82dcb40aeec2132
1242 382473e04ce7721c
1243 2f6cd460f152694e
1244 51f55460af40fc1d
1245 5a341af9228a3ecc
1246 fa0cfd498db89c9b
1247 61d46255cac293f7
1248 3a953ac9c8cd243c
1249 b15da0836a98bc3d
1250 c7935cab6b302ef7
1251 e9e1f4c371891770
1252 12acad641472b2ca
1253 f99d44abfea18285
1254 aa71e48badcc0e88
1255 5816aafa1c68fef8
1256 d057876f35aa3e07
1257 9e85f43d11802c36
1258 a761e1bd838e4b2f
1259 5ee78497fc2bee76
1260 317a0a816db38191
1261 d8988c871f3a5a39
1262 1d46e64fd7a205ea
1263 f49898cb49266419
1264 3c11ed94f5bb0c92
1265 b39ea7b12cf26129
1266 7a9c718ddaec963c
1267 58101178a7cf2885
1268 61087aac776ef73a
1269 4512b30e371a81ab
1270 81b3ec3756100cbf
1271 c075e6e1904894e3
1272 39ece73b993903b4
1273 1f9f5ab040f0033d
1274 18376713e3655346
1275 7fc4dca40ae682ac
1276 b998c29da9696424
1277 a1b5dd79f8b54c23
1278 e481bf7e8991089c
1279 08f97125d8721645
1280 bc1bf450a1157726
1281 c1ed123f47cb5a55
1282 e52c4502f7a8332d
1283 c7fa8610986690d4
1284 ac83340ec664f9cd
1285 ef31d98b0445659c
1286 180a4524aeaa96c8
1287 5697283ffed86f41
1288 3b651110e931a47b
1289 7ab85cf490bc9395
1290 318b6b323105055a
1291 b686e45ba39c1810
1292 543af74badcd6ebc
1293 d2d9cba1ca601f53
1294 d32bc9840e780f4f
1295 38be78909c78a58b
1296 717d4e42991a6ddb
1297 5389f7490e3ece19
1298 547f4d1ccd69c8a2
1299 c7f9726d54ffad83
1300 dfcf8d2d5141d064
1301 9a18dc583cd7dea8
1302 db7aa4980b3dac11
1303 cf842c2365ed7bdf
1304 c434b910c9b3acfe
1305 cb8204a8353336b0
1306 5c2c41a92a3e96f0
1307 1de5e7b8974c25f7
1308 b264f8e63d27ef08
1309 7243898507fba98c
1310 360ef6e4855ee6fb
1311 2e61fd862e080cd0
1312 f4c26770f2357cb3
1313 3e244ba12bce552b
1314 cb4468e66c6c860d
1315 83b007d6038e96c5
1316 3c961043a733a56d
1317 37e204712a815906
1318 92a7a6310a1d7287
1319 52a5796cae66b4eb
1320 598541fa891281d1
1321 54ede02c4e2a9670
1322 6b0b6e45a040e050
1323 141e7ad8fd2ebac3
1324 28a5f522c7523266
1325 defe5dfd7c7b94d1
1326 ab19d710d172e20f
1327 4a03f5198826dab2
1328 a4027adfd1a57f83
1329 e6df589f58a7278e
1330 81a32b247c08169b
1331 45450b1fd23bb970
1332 5beedf2483f4376c
1333 bcbe7a0df9c72c36
1334 e93dabe797b0e8c6
1335 e2aae3ff92a6bb84
1336 6041011bc3f41950
1337 727b3cb27d96c7ff
1338 1095699d386f6abe
1339 ad0634a5fcdedce6
1340 725629ecaf5e61f6
1341 b8e95e92664313ca
1342 6d0ba6f7f9b32476
1343 408a91a7a6cb2d9e
1344 923068d2932d8709
1345 376d5c322ba8a8f9
1346 c7d4630e3ce78b93
1347 2e163de850bd9b1d
1348 29f9a5f3b5e97585
1349 bf6863be2de9ceb2
1350 fdb6573629e25ea5
1351 a33140b79b8ba8dd
1352 e39b6904099ad658
1353 cfcae25dcdbe6dc5
1354 185fb749c04fa87a
1355 b085c53b540ca772
1356 750ba89651801124
1357 8cd0f619126b7488
1358 316031ed9423933d
1359 5ef9c3ab02474d45
1360 6badd67d3996346a
1361 d7eabb76c0d372a4
1362 c2e99111e5cf53d7
1363 e60298e1e27e7a5b
1364 0894faaf39a684da
1365 5470a2ed99055055
1366 14f5287b463abd77
1367 3e4eaead401f6146
1368 a088ef72b8b424ec
1369 fbb8bd83c664d799
1370 d20748c2caae5da2
1371 99204a141fb81689
1372 a54403e0632086a7
1373 964037f208e6efe8
1374 173bc0722058b7e0
1375 f37bdd8bc43fb9c6
1376 90f55e6cc20a21b3
1377 e58241c72fdf5c8f
1378 972c16c543fa6a4f
1379 a8967918db8dba38
1380 f3a2205d63857956
1381 95f14f1e44753ab8
1382 9de26fa809f0f7d5
1383 a75fedf7bec6c350
1384 be0097b89bb77d34
1385 f37ee28a3dfa17f8
1386 f1e2c82aec253ba7
1387 597be5c3f1914e85
1388 65279ecc04ab72d3
1389 4174a21d40457322
1390 3693c57f8f2987ed
1391 36a03c9e2828f52e
1392 0cb9078294318766
1393 9cd7a392d7980c75
1394 b13a78487d837dc7
1395 b220f5e0d22fe853
1396 96b606507334d72b
1397 f4926903652c90e3
1398 9e5b076ca5bf690c
1399 c61bd7ba25921ac1
1400 e07c3d624abd1ffe
1401 c578986425873c22
1402 7d2643507bbc775c
1403 c0c521cf0982033f
1404 4aef9fd6fb6765b6
1405 b57b019635c5476b
1406 b8b882046f58f4f7
1407 1b03c3e800bd7445
1408 de11eeb453025ec9
1409 cbfd338689e2f72a
1410 0d59c6bcd8a2698b
1411 1f710e176822ae0a
1412 d4a0847105e900ec
1413 76a6d9334a7726f1
1414 d92b2d2a34e286bc
1415 d8a4773270482bef
1416 a4f723121c7c967c
1417 0752c89c8edc9b19
1418 70e01220c0f6933c
1419 955509b48e920fe5
1420 5d7668adb44b99e5
1421 00fcb9f402f4d2da
1422 02b9da555c6d076e
1423 d6cf5f4c8800cbd3
1424 30a3aa8c08b27187
1425 8b33e97109fd4309
1426 127e25dec8885cf4
1427 b3f74313790abd30
1428 3d11ccbd86a43799
1429 d702283c3e1e8a9c
1430 694b13a80911176c
1431 d2b032768f71da38
1432 ecd40475d42e703c
1433 d160a620771c6e5b
1434 9306eb24511044aa
1435 c7ff4debb3945007
1436 877076d682ab51ff
1437 2ab1f2416f84d66d
1438 feefa0856c9328ea
1439 d87bc2dc5797881e
1440 ee0cb0e4b8b2bc80
1441 f0e1b06be4ccbd9b
1442 9614a7981e5fd35d
1443 ff96bc4a388bf529
1444 543f4ae04fb8e034
1445 ac4358d3cc44d737
1446 08cef1d6636b3ab7
1447 ce1d1b3375645c2d
1448 763decf053285a98
1449 a73c1fac4fda1cc5
1450 d96fc399e612899c
1451 7ea09e2f215f9e8e
1452 fecbc9c8516b608c
1453 28878b05c1e9ccb5
1454 ee9ff4f538e48535
1455 b39539b458c93bed
1456 63c336a8a1e30119
1457 4ff8dd8e24888f3d
1458 5d28b1b5be9be448
1459 21268ba7b344b96d
1460 2338939dcb8eeb31
1461 6ca9676234c0e17d
1462 02d5badf21e5ba9d
1463 4b0a87404fe9397c
1464 49bf6c2ba686e77f
1465 701f16558106a67e
1466 23c17025f7d72e8d
1467 d193a3ba363e0897
1468 4840df8b926b41a5
1469 5d5dcdde9efa337e
1470 e1251416ffe27477
1471 20243a5af978339e
1472 c57bf87ad7129018
1473 5d6b366e39c5e339
1474 71092d8a03a7a078
1475 e22a827a7dfe3d9b
1476 c0acfabbd893e7df
1477 d548af5bb1a98ab5
1478 6b05a4634f859c28
1479 fb174d7bef162b29
1480 c17f2cf6836ca902
1481 aa81b4cc81c754cd
1482 f3a9c5ad7a76d736
1483 f5a7e26999082fe7
1484 858efde7f1d67c93
1485 3e948a3d70a6b776
1486 756d74fd738062fd
1487 faec4d7bfdf572f9
1488 a1950b4078785218
1489 8c45dd23f7ef03fd
1490 35633a30cbbbe9cd
1491 e01a88e77c7a6de4
1492 8ce517520f2b009b
1493 952edfe422350d84
1494 4b27389ec673487d
1495 5c5fe905c6348050
1496 023d1094f8d594b8
1497 89262106125be982
1498 cd15ddbdf2f086a4
1499 28e8407999f14177
1500 51fddaf40a2166d2
1501 381c0fef193af6e3
1502 485c2d17bd6a1372
1503 52bf18bdca32a550
1504 ea662b2fea980c3c
1505 a8848bd62a9f8b4d
1506 68de2a351bcbd266
1507 3ed0f96c4d6feddd
1508 3eeaf95aec9e0bfe
1509 a21b3870c25ff5d5
1510 bcdeaf4cf2c83f25
1511 ce2798eae6d819da
1512 a0d46770100b6278
1513 2ff9fbec0b73d621
1514 bc018469f59c97de
1515 c576211afbf2a984
1516 b1581b0a5bd690f4
1517 b4f20c63b18ccc78
1518 1272f5713707aafd
1519 7bc4d532ccf1e3e8
1520 0e90d756df0f6924
1521 8108caf3001b2996
1522 388fec8b33b31479
1523 a69c898dbe69a42b
1524 557bed68f6f45cb2
1525 bcd1a744572df761
1526 89cb5b196069d923
1527 c333c101b89a9e1f
1528 a2e7106fa72a5b0a
1529 add4b6d4aadcaae9
1530 166cf0323fe9904c
1531 551783c2bbd32a88
1532 8499de7ca686b258
1533 01aab2b4fe423134
1534 1decdca747508161
1535 c0b2c21dd4994de2
1536 80da1d149cd4c032
1537 c672da30db96fc15
1538 9b38249930528264
1539 7da61e3267caa01a
1540 90a7e774c7504edb
1541 43e6bf737ca3e88c
1542 b30e0b5d45d9571d
1543 fbbe42aa921efaa5
1544 ec0ddf13da1c686a
1545 0f54d850d7e1f953
1546 fa6082a92bc99244
1547 2362fa34abb65af9
1548 3d62be63d4379852
1549 85d8b21d8e115997
1550 7149dc98282d25f8
1551 96272f9ac297469d
1552 23cb85ed4907abac
1553 8b06b6e2808e2a57
1554 9b3bf26948697afe
1555 564813f6f141453d
1556 b30c67e34d488fbe
1557 3a74f3422ff392b7
1558 71d26213b9c4664e
1559 bc21a233a2e60355
1560 83045458e895a9ac
1561 2e2c1afc105f1e72
1562 24f607d540e03d90
1563 5b3e58fc05a3e171
1564 522fa43216a5e076
1565 2f75b98c8b30717f
1566 15125d99187a8ae4
1567 a825d260edbcfbc5
1568 d042866a8be25de7
1569 91f11d0d4a9011c9
1570 3a9f00b32c1a0ddc
1571 b124d182c03d64be
1572 1429ec449838efcd
1573 eb590d13a2a2fb48
1574 e399d738bc513a79
1575 fbb95232da5b1e53
1576 3cb951cd16a09082
1577 190931354ccb9907
1578 5c2c0915756065e1
1579 5521ece1650fbb76
1580 823e6e493a415143
1581 31b2065a3cf68952
1582 ade149986fa3831b
1583 d2eb6b332864ab64
1584 9914d920b1c014b6
1585 c723a2dcaf6ef85e
1586 d53b64e089d3f320
1587 d2cb0397b8ab0633
1588 c6433f4044283ada
1589 e6c8068d2ac15b1f
1590 d54590d291874e50
1591 7e9a3df21d668be5
1592 f2267b121963995c
1593 573de3491ec8baef
1594 9c7530cc91745954
1595 2665b93a8cb75d46
1596 424a3a8c639a45b2
1597 08600d802e791822
1598 6bca721165415923
1599 c9e0052740a78d48
1600 9bc988f5e11c5e01
1601 4f14974e67dfd7e6
1602 629e53f51eb71e7c
1603 f3cb4d41b9c4d609
1604 adcbda4f3abe9a67
1605 ae1a55a9956b514c
1606 37d8c18dd5ddc798
1607 5583f479d28723fc
1608 5e38faee896e1d11
1609 d76d13b705d3bef6
1610 494145a99c358702
1611 a3e92f3467e6d568
1612 d6d727758c7be62e
1613 2f4c2a3a754e74f1
1614 bb130ef94f9b1064
1615 9ef2e22bf0b8d2a4
1616 b6f150f85f234f24
1617 c6775e99f88864c0
1618 ff92cd4a735bf024
1619 391c8fbbc47376e7
1620 fbd24b46c7d212e6
1621 52c0329da0cc2b08
1622 403478eafc02edb6
1623 1c8d7c4034550ca5
1624 c9b950364d4cc588
1625 3f8fea55a371cea0
1626 3b2ec144d39988c8
1627 e803deb2e4419b32
1628 b9229960925067a5
1629 d56071562bc706bb
1630 baa167dfa300750e
1631 8f35a7fa8cd14b2c
1632 8c86570319850c4f
1633 35187f5478c40227
1634 c6d9f8464f08f9bb
1635 b7c9dccb6cf3b94b
1636 c29c061559c7e0c5
1637 670ef597857448e8
1638 3960c27f5ab510b3
1639 2aacb473d9659b36
1640 2c612a0a0acca819
1641 2f69be9b312dba0e
1642 85dffa2cb7fe87d4
1643 5ad83eda1394ce23
1644 400a291dcd935b6a
1645 6507accaa0465112
1646 3066aec971a25940
1647 1bc860891d07479c
1648 2448d345b048b2d7
1649 34165ac6765d5984
1650 c3cb9fe6ce9ea691
1651 899bef8849421336
1652 0898f0c8eefa168a
1653 1696be97b2713877
1654 e700e0e5babc24e8
1655 7e87f11924b28e79
1656 b9ccb55da81968a6
1657 444ed8426750379d
1658 3930707c70d9baff
1659 55cdad9c0c2a5f6c
1660 50468db902faea35
1661 6c702199d3dbbb0a
1662 33a9ac655fd2ca07
1663 f65da7e6a7b3f29d
1664 b2a1758fd33b9c92
1665 2085e80912ecba9b
1666 b3d3396e5cc25830
1667 9e601a6d22cc44cb
1668 130c89f90fb4ac1a
1669 c79431746b2dd4bf
1670 8a8e2f8d42334948
1671 5019683b109920a3
1672 03505ec2aee85fe8
1673 c7fd6210dcf709ce
1674 bf35b6a57f7838cb
1675 4896184113c5077b
1676 fbc46ba29f15a96b
1677 468a33e91cb40de7
1678 0159a82fcddcfb3e
1679 24cf93af2a4af945
1680 472c5cc1c05f08dc
1681 293b182d4900f3e2
1682 5089c2355b74c1c0
1683 f96f61580d9f07b5
1684 3d9902fd6c8f7adc
1685 4aa9103dee1f5a6f
1686 861022fec398dfe3
1687 cbad6d20767ec8e6
1688 b5a187b947e51755
1689 234b21d20d92a0ae
1690 48c53c5c29bc8b63
1691 91b1d960102acda1
1692 ca6a31254c193bc7
1693 149fdfbb0e63dcfc
1694 10222ac1f55a5ec3
1695 826ef1ea0113c410
1696 5e069ba047479313
1697 ad282515ad2e70cc
1698 65b5d5a59f68a98e
1699 bcf3808832efb24b
1700 980b49daa7185f5a
1701 e185b26b4c67023d
1702 52a2b41fa1c568b6
1703 cc5fec26e4dcc56f
1704 8f0f9f434f3cdc73
1705 1c91237e314abc56
1706 b22ba34da59235b9
1707 9b0341307def4e2d
1708 0f3d3be68d80ab01
1709 e7b90ec8479ecce4
1710 fc7573bc67ba1111
1711 e49ff42c87a428e0
1712 577c49c748226b62
1713 b35a42c1d25313fd
1714 fda3528a93b907ec
1715 4d1bac769b20f2c1
1716 0d630444e3db6c11
1717 9d5a4ebde2380453
1718 d23e4c06b86c9a7c
1719 b227c97f9ca7d756
1720 c6298f462d5a7718
1721 1976901c5b40d193
1722 cfddde48988d0e5e
1723 f1bc2f0c87ed988a
1724 f2ff11c68804f84c
1725 a5c2ed1ad5eeda39
1726 5db0d03d38326382
1727 bfa241250b6ee169
1728 4db5008f86a98906
1729 9ff43989fad58919
1730 8f29dcd6081c7bec
1731 fa9f4cead71deb2e
1732 20a6419adbaf300c
1733 dcacfeab7b39af1d
1734 0bde5722a00e5bf8
1735 232fcf3dec16634d
1736 b4b25d8f2c192a39
1737 2f57396887d878ad
1738 e71da4fe7618e978
1739 c84f59fb49ec7d65
1740 18425edde1032dc9
1741 f7666ab7b6ed6678
1742 4a2f249029212b11
1743 91279611ecbe2d4f
1744 8a7d3faddf0d0a88
1745 e74afe29dab03205
1746 9e5c90bac3f36fbe
1747 f3065e47e6b8fffc
1748 61cd1ebf0f9b1197
1749 94564217b481f664
1750 6d70614b8daaa895
1751 8d22909724757d8c
1752 355e084f6525a9e2
1753 d5e75e4d5fe07653
1754 4293aa93a49e21ea
1755 d69c2349eb96db53
1756 c040f6e121c553c4
1757 5fc7add9de4a47d7
1758 f7795ae17d61f574
1759 05712e8e03494e9a
1760 11d5c5eb7bb08a01
1761 c431728dd67ba693
1762 6acee0f75e3987bd
1763 abcb7448814cbb9c
1764 457fb5c643d32120
1765 98de30263db3bc95
1766 5a00262a7b47f0a5
1767 0009482aba1970b1
1768 ff4ead2bbd346de5
1769 ff7bf082c9b09018
1770 e36ef5058c9fafb5
1771 be6a095a75ac2e59
1772 34d53216ca0565de
1773 bdb7b4e296cd7ff5
1774 41f64ea212a16f50
1775 f2a2e32609d909d5
1776 0516cf9d25aa80e9
1777 4c715925f06fd774
1778 c7e24c263388e64d
1779 3e3d31b14b6b3446
1780 d62374b57b1d859b
1781 fefec69c26c938da
1782 789f8618a62514b7
1783 437fb8feb620e0b7
1784 56c6a21daad0ab8e
1785 69790f7e93b653d5
1786 9e124dfa208d338d
1787 1e5c956f4e72dd75
1788 7b8f1c386943b101
1789 367a3f11bb275641
1790 09f6ee4c92006390
1791 4e94c376fbb585aa
1792 560fda4e91144e68
1793 6d05c3368dc4d029
1794 bd5e180dec3a3880
1795 acc027ce2ed4e3d7
1796 11902de471756354
1797 7439b08f139c49df
1798 1f8d850036f466d6
1799 460e80a1aab6b78d
1800 16a0e0607cae10b6
1801 aea53842c6bd111d
1802 edb99a45f676865d
1803 e771c0686f1dde25
1804 3b6a219f26209518
1805 4dd915aa97cc0f90
1806 121b3b4365b7d494
1807 22f20eb050cd475e
1808 bcecf14cdd43be42
1809 9b2106e743bef381
1810 7185bdae59aa0df0
1811 948e35a86626b869
1812 4d003f1c3ff99852
1813 046c6bcaac94a603
1814 eab8f138e7821d35
1815 3e12d46ded3ca510
1816 59e6533bc17d4eed
1817 39aead239a163958
1818 b85145ceb2b531ce
1819 1f722b75a0994e8b
1820 e19c5c567ceb11b6
1821 865fdd916b73ab34
1822 a38c991a8f1a881f
1823 b9165bd1b2fae2db
1824 7b5f6d0ec76ea0be
1825 15ae148d7e55dc9a
1826 68a769a5c1b667e4
1827 acab8e2c1eaca3e0
1828 6d45f779628ea544
1829 8daa2a2c652b5141
1830 3b2288422c9e8509
1831 b37a4688a0bd58b8
1832 b43be7db65763e70
1833 0a4fb5ebd1d806d1
1834 e3fb29842038ec97
1835 faad6629af9153e0
1836 fbef7c75b9aba037
1837 16948a7ef13591b1
1838 cd3281ce815d5fc6
1839 2750a6a494a2b7ce
1840 6556e58c01807780
1841 c67ba6795f669c39
1842 1cdbf4b170f616b3
1843 cdea1838fdbbd242
1844 303b261f0822e221
1845 ac02485adb695e01
1846 d1176265787f71c9
1847 fe72380b9668f708
1848 087836d49e183ba2
1849 89848e012bfc32c1
1850 cf2fa17634c7d6fa
1851 cfe6f053da5ac4cf
1852 6165abde54dec14a
1853 b24f7c3ea13b4978
1854 b73d48607a65c53b
1855 830e01d1ab76451e
1856 ccc7e725c444b364
1857 2301c676d2cd7800
1858 6aac2406a9e52043
1859 8665c504adb693fe
1860 926139a252f3c68f
1861 9f392041a2e8ecd6
1862 64961bc295d9669a
1863 7e15aa0bac028042
1864 fd881935732c3744
1865 e688296dd2e898a4
1866 4a028799e92840e5
1867 6252f6887c331277
1868 bf3c99639cc96166
1869 82fd26f6b498faed
1870 1da039c5b72d1504
1871 22ce81e835016559
1872 e0fe08de73c304d4
1873 04323706c22bcc15
1874 9fec345b5b13871a
1875 4b1e950f742bdb79
1876 742e3afb10cdbc35
1877 bfc33606e29f6bbc
1878 9f4952fc3097ef8c
1879 c96d89da990e7c11
1880 741aa6c9c0ebf7bd
1881 61938f91488ef014
1882 5803218ba7d0e2cf
1883 44606321cd527f25
1884 706963eb9064cf58
1885 4cf3e3ee7ca6836d
1886 1c7c9435e6c8e5ac
1887 ef302fcb4f258876
1888 47d1b4ec37e78142
1889 6d40e4bd81ae7d71
1890 d0e5fc75061fd050
1891 1ec4cfcebcb1bc21
1892 0e7022b0292d8827
1893 8613573f9c901f8e
1894 40a2a6cb0d50bfc7
1895 0395c7f15d78ba0c
1896 a860f9b32e12d850
1897 8ce9da6bfe9e33da
1898 27221116d3be22d4
1899 c44334019fb27376
1900 ab797eda5106c740
1901 974065d0f5f28d3d
1902 6cd429baf65124ec
1903 f285eb07b6fddfa9
1904 92a8661996faea31
1905 bb759f3156d8a3a9
1906 218f4a01ecdb0ca1
1907 7bece060183269a8
1908 92e568db572603e4
1909 288b1b0c793f10a9
1910 7b1fa7052b3cf86f
1911 5cc586cdabc1745f
1912 e2f8054c3b5c6b64
1913 259b18e596ec1396
1914 876e735e77991b11
1915 6e305ca37df29c3f
1916 635d10e63e61ddb7
1917 bf0b068a51749f05
1918 fbe5be6710ef2595
1919 0dbc240da164172e
1920 c113346ba9a21513
1921 a8a979a0e067a992
1922 35ae871dfc7485b0
1923 5507a08308631371
1924 74f7b7c5d208ba38
1925 30ef1d3ff1799990
1926 dfa456b3dd0f4176
1927 4c8a07e9577ab6f1
1928 5eeef4c0c69c5c42
1929 7897c841879183e1
1930 9bdb9bf141eb3c42
1931 c6140ab3fb8030ff
1932 0eaedeecd09ba332
1933 717926b1ab458107
1934 65d4a97d53fac67d
1935 333f6085abfd909a
1936 c073c8d6bbde8b0a
1937 ed043a24ed1b07f6
1938 bbd8707101de01e0
1939 77e10fc6a0e60139
1940 767dab6a0a092512
1941 1f24080fa7330601
1942 d68c815183aa82e2
1943 e20241ad3b7e2f4a
1944 f0ff13f8d590328a
1945 0987e6e40dfa6ee7
1946 f11e699711017df6
1947 6c06fbf7e6c54394
1948 f5ac50cbaeac37fc
1949 d4a0dc8f5ac45a6b
1950 e611e9db30d8e65a
1951 3f8fb5c212f791fb
1952 8cd3e46b67ef321a
1953 b52fc89be83e1ae5
1954 bad3ae0c1d6ac6cb
1955 4275fc273bb1f3a5
1956 059c4fe01005ef69
1957 c3afae39c249508e
1958 806b44eab9873e6a
1959 bc885bdb1cf46ddf
1960 a3a40c420d160587
1961 a2894c8c45578eb1
1962 8c855fb99734da0e
1963 0095533fe9d36e07
1964 ff3fe0d2f133976e
1965 acc02739d8a7e01d
1966 86458dc59f9f1374
1967 e017ebf7fdb97259
1968 b793f80da2ce88d9
1969 bd2c75a318a069f3
1970 c13033f690d9d7b8
1971 ab91d5098ed14cf7
1972 8e14189bbdce6acd
1973 e79404baba14c4d5
1974 a32e6f236523100b
1975 90713dbe812b031f
1976 dad7db6a034ff2d1
1977 b5e080004f74776e
1978 49b14c6aaa5c7ce8
1979 eb887ce66b865fba
1980 d0d298fdcfa16d1e
1981 8750f7988c1059e1
1982 8ea382b1ad89f6b1
1983 0a0c3001db691b51
1984 2129751109748dd3
1985 98d09fd1a57c5e2d
1986 f732774f2fa795f6
1987 55f899e97fde3d6c
1988 a472a8b034eec927
1989 c4f290502f5addc5
1990 90f038939a10b90d
1991 5dfbf323b2db8d67
1992 472a807ca42f8592
1993 07e0a2ff9b19127d
1994 fe9b0c92a00daf70
1995 0e9df24b0ceab54c
1996 09c681de26020fae
1997 2733feef6bd991b6
1998 7a79943077fa4952
1999 1bfc4a2a7ced5048
2000 c726e69d180cb328
2001 eaa49fd9298a6ee7
2002 67cd16067526ef1c
2003 023415d5122b4e7e
2004 6753e8993409e0ac
2005 da7ef5a0188e0c58
2006 e6d3cf247f79d5ca
2007 02bb34b1a9591e45
2008 b4c7dd564470a3a0
2009 e9af5a61f66ad478
2010 5fe54a906e5a01c2
2011 3ec95759f4e8bc84
2012 d757d9ef99e5b4bf
2013 e372aa70a1cc2d2f
2014 b4d3ecddb41affc4
2015 a51406c7405a535a
2016 ce8983623c424ead
2017 333d35cff0b64707
2018 0845f654801fcdd5
2019 2cb1227898d87387
2020 e923f97ea63f548c
2021 83e6d1383e570411
2022 ac18e0600b48da1a
2023 f51b815e1cba25ea
2024 e22f66e3f81c0c90
2025 3521bcb5d47a800a
2026 d600d10c229b9252
2027 1010ce978a065376
2028 b5821751c467e9a3
2029 ec089cca0146c118
2030 62ca578b07d48bd3
2031 42a4cc08e56039a0
2032 4682e2b82dde765c
2033 9be40f6b867c4405
2034 ba4957477b47e3aa
2035 749f0a3923216134
2036 87a6c2922aaabbbe
2037 044ab0fa346d7294
2038 910761d34f148182
2039 124c0a7da90df78c
2040 fead9c5e15fee57c
2041 e8f0127a466b52aa
2042 316210ce6b135746
2043 fcbc492d9c83ae11
2044 a0c2e521ead8bbf4
2045 1272a7d61ec4343c
2046 a8577f20b14f2431
2047 8cd37e39ff95c46e
2048 c67b168a048987be
2049 b01acbb045af3cdd
2050 25df69dc9c4bb76e
2051 1c067dcbcd5cf880
2052 0bc8c5d1386b06c5
2053 83f82e471007b036
2054 2e2b864755f6a1fc
2055 1d1372a27aa4313b
2056 1882cc31c79ae226
2057 ae080ec59683e9a7
2058 56481edb1520c72b
2059 2bebff932e023889
2060 a23c783e89d0f817
2061 3c40f9ff45f0e92c
2062 896be7772596342e
2063 182498d1105eff7f
2064 24b9367108cc812a
2065 70108ff83de41b5d
2066 84a715d8ba0bd0a3
2067 03902c77c570616b
2068 9ba5616e292aa4c8
2069 c996bbb5e362c9e1
2070 d8427972d1ef1339
2071 d4959c476d4f1b36
2072 33b6dc8612c5e91a
2073 d15f35c33f9f47c4
2074 5086474873d6b023
2075 e69ad38262ae518b
2076 bb1c73875668452d
2077 41466ac401ae9bc9
2078 d7f41b0e616c3f8f
2079 6ef9885db5aabc66
2080 8220d67b9672d308
2081 eb71f0f37898aa1a
2082 646ebe4b673c2d7c
2083 b1a2dac118121691
2084 46e7ce35f37b5b4d
2085 5c5f596476f76c37
2086 081eeaa8954eac6f
2087 63a4fb0ab3282d1c
2088 db772570345a3edb
2089 31b33c861261d937
2090 d984445d285a9ebf
2091 b77c1e6176ecd72d
2092 d3e55d12af5a1113
2093 c2fc3feb7d0bd62e
2094 a41ce7d195ebbea1
2095 1de5d030041a83f9
2096 34416c08b8b1837d
2097 5df808b61a3a72af
2098 89cf9855666c159e
2099 f30f61879cf2d63d
2100 62b7db9da552b375
2101 e55b82c891d50b2a
2102 f90ad38cbe339489
2103 2e1aabf2e69cc9ce
2104 0d3e144d1885b9cb
2105 43b22f422a679e27
2106 697aa7ed32e15204
2107 a14d44d3ff82c010
2108 7d398237542e606b
2109 7873f71264b66a41
2110 92a19271028c3d71
2111 63da2a789a31decd
2112 a91375600554391a
2113 36094e3a838ff0f3
2114 1ee768058dcea4e2
2115 b024bf11f3da5633
2116 cfdd5224568bd34c
2117 5185e39f056aeb90
2118 163a38c00495c4e4
2119 0a933d71db85f6f9
2120 a0edeba3cd0a9e2e
2121 b574f64c71e43f70
2122 55c9d299959a195d
2123 5f08404645022288
2124 8a28e3168ae03af0
2125 45cadd368836ba12
2126 0ef53432fbe6f490
2127 f492ed27706b7213
2128 78f55f216adbb39b
2129 bf96070851a12a49
2130 74457f62f107cf0e
2131 e19fad9ffa6b0fbb
2132 2b3b29189bff6dc8
2133 e01b42de1f06e9ed
2134 3d0f8142b9071992
2135 2923490a644f247f
2136 1b9c670a6e3be4fc
2137 1916cc02bdde8b5e
2138 7a945c0d7ae1ddd4
2139 20ef3c2b00cde903
2140 de5009a8b8b08548
2141 59b66c0a36b86e1d
2142 3aad39c0c7cc4b92
2143 f78093c946f5c1cf
2144 71d1c7f728711494
2145 55f90e63ee3d8ad9
2146 2af333b8af31e76e
2147 8cdd8846ed4c195b
2148 a050543362e2c5b0
2149 29b5514c4ff1c8b5
2150 efd9b9979b0ebdda
2151 638e05ad78e006c7
2152 f133c1bdcf67525c
2153 db9a177fcedf8f51
2154 9463d1f8941dac96
2155 e7f853fbbd7a48d3
2156 ebac6d4c300f8d58
2157 0efdcba1ec68dced
2158 244be9bfab1b2d62
2159 e10e400c80315a7f
2160 7fe046a8fb10ce24
2161 f4988c530cb17949
2162 364a3b6b8ff018fe
2163 251b06a56bb2a96b
2164 61ebfabaa6d16c40
2165 86daca9fb64a3985
2166 c5deaa50f2a7db6a
2167 9101488cf7e0a877
2168 2ebf753dd8d19d6c
2169 69bd59ae443cc481
2170 142a2d0b9c430b26
2171 55df61cce40907a3
2172 fa6f814384049768
2173 440fefc90357fd3d
2174 e470b6fb91ef7732
2175 719bed918e7527ef
2176 48c49adb78120db4
2177 2618890fa272b8b9
2178 43f61712c423938e
2179 473c5833fd21d97b
2180 c0969ee10e0f8450
2181 31a36c15de780bd5
2182 a7ac3b20762b05fa
2183 6f56de812c4a4d27
2184 9263dcda030cfc7c
2185 0f9ac66ceeeb70f1
2186 e4148d015847ecb6
2187 882094017e1cb473
2188 e6e1ac815353aaf8
2189 0efe54b2a610018d
2190 b125e5d5d73f8182
2191 3582b5b1aff2601f
2192 1a34ea825e50e044
2193 37ca290274905ea9
2194 924796d7da2db61e
2195 d113a5de3d11388b
2196 ee6e9dc3481a1560
2197 86d9e5e2a6215625
2198 5993b53f2804e18a
2199 5c4a888f27adb4d7
2200 d71c4d17ef3eff0c
2201 5a4da9134efddb21
2202 093b15216ee73b46
2203 775ff7c7a472ee43
2204 7d1cfa04e406b588
2205 375ed754f0477fdd
2206 3a75acd48eb85052
2207 4eb1f0010e7ba98f
2208 eefec5e77ef67bd4
2209 3a11832deb88f619
2210 a4cb9005c55cc0ae
2211 bd01ae4e8d78009b
2212 926424f2fe6a5bf0
2213 8c709c4d5e463e75
2214 4850a448429d6b9a
2215 0359ae0166a5d387
2216 c7cfd6fd856c9c9c
2217 f130ac8e2f45fb11
2218 5fb4e28a7a4ddad6
2219 31a57eac8af9e113
2220 3dd4c10723cb2a98
2221 f475912229624fad
2222 0dbe53db577f4722
2223 f4bf72d12c31453f
2224 728e0860126d7564
2225 d972b2496b367d89
2226 541dacda0537533e
2227 251aacbda37168ab
2228 f1404e098830e080
2229 b0e57679150e6f45
2230 709e582ad7dbe72a
2231 75d381832309da37
2232 391ef93e4e970aac
2233 e948c98b99d4b241
2234 38919297bb33a466
2235 acbd25781b7682e3
2236 1becb038514b76a8
2237 56989f11aa454dfd
2238 4bb59d1b3d4f2df2
2239 3841ee852fd88daf
2240 88e110e532a696f4
2241 57a7852dee1e87f9
2242 a787fe17df63dace
2243 0f79fa5bbafda4bb
2244 3c5568761ef7d990
2245 447ab8d153f51d95
2246 8adf46cafe1590ba
2247 54482115f7c35be7
2248 32375af64b1847bc
2249 630cc23d77b99db1
2250 7481a7af009cfbf6
2251 81a432a8a94091b3
2252 48fec1c60efac338
2253 61b63ebcbdd97b4d
2254 7219232f13390142
2255 8efb7727cf1cfddf
2256 3a548de4e8d38884
2257 280bbdeb352382e9
2258 d328348ba4b95b5e
2259 14cd68c7fa67a1cb
2260 ce59c122191472a0
2261 c2a94bbc1a76e3e5
2262 c81bdf3a5074b34a
2263 82b03ed7081bf097
2264 ea9e1ed703d3724c
2265 90dd5498fbbd2e0c
2266 ed1993931ba1f1bf
2267 2edf2e6f83aa1a83
2268 368e1730408d9701
2269 08447e807826cf44
2270 dc6e9bea2ac452b3
2271 a75ebc75ad88ca0e
2272 e57335116218ad4d
2273 b84fecb36ccf58a0
2274 a08c6795c551ce5f
2275 4dfa634c2050042a
2276 51f0fd872874e4d9
2277 3712a39736852c57
2278 ba5a9443055bf408
2279 51fb24d6978e26c5
2280 b469f774e8ad9a16
2281 e58f13e57ae32e6b
2282 90c11560d046021d
2283 5925b97838fe042c
2284 acac148fdc752c39
2285 6f1bc29e08d025b0
2286 01075750b838d9a9
2287 c3cab8ee8d97b90b
2288 2d5e147bc07fc8ed
2289 cb8762e3ee14dba7
2290 3f0c3c500fbc9c37
2291 bd54c40403b75188
2292 db6e6f2a9cee077c
2293 e166712f0f79d812
2294 1564ed1e34c7a0ce
2295 cf42dcc706146a59
2296 c5850a2dad70bce2
2297 dd651a0993f7dbd6
2298 50290e2a16882289
2299 21110c84c1e73cd5
2300 8a684e33de2d59c9
2301 d9909d020d5b397e
2302 801a4c0bcc17ec6c
2303 2d19a1f0c285b97f
2304 7c0cef18a726b524
2305 f261a07e62b292e1
2306 4bc9b0aa8b6a2da0
2307 b7e9829c60d552bd
2308 48ebb1b99254648c
2309 4bd832fc106cf848
2310 48cd8a0be7350fb8
2311 6567c64eec4b8b69
2312 a6af5e7dde564211
2313 f5a8ea8a72deb2c0
2314 4e26f482cad24017
2315 5c7df03553f5aa62
2316 62d71fb316c55be5
2317 90b88e204eb37df2
2318 0cf2a737e0321e72
2319 d1235bbcd29e2f13
2320 5dc599aa037bec62
2321 0c5052e63c91f916
2322 97dda34481b683f5
2323 f121f2ed0f33fce5
2324 337fec749067b167
2325 a9050d3670e4d3e6
2326 623300c9b23b705b
2327 2e1b67b3ab43bd84
2328 b0c971e9c55d6ccb
2329 a941242b8707cc5f
2330 9f23a3fafac53452
2331 c7c1238e580707c3
2332 2c992102060203df
2333 4ef5c0c1d577bf59
2334 815ab294740f673a
2335 5d442d5ffbef865d
2336 229d2f40adc42910
2337 9a28dcecedf24671
2338 b81e199447fb6f8f
2339 3f407393e9d46cea
2340 2060ff4d433c0785
2341 e50a7c13924564a6
2342 c9954e256f8715cb
2343 9217f5f62d94242a
2344 4ee701cef8ef1de8
2345 361e7a99ab3d3811
2346 bd689a0b146c120a
2347 b1237dbc8d4f1e5e
2348 045144b987c628b0
2349 115b32d7468c3f01
2350 f70ba7dc14f22106
2351 fe0f654066213dbc
2352 607664b7344c299b
2353 9fec1b87f64d656e
2354 7dc2a469a4ffa9c1
2355 4f2a3eaf80cce128
2356 77e7db6786ccb63c
2357 7887f7dc18d22fd1
2358 adac1829adc8802a
2359 ed48feb6b391bcb6
2360 078dfde6d9944d09
2361 da68b596ec16e9aa
2362 d6f9f18b5d5309f2
2363 6d29e336dab27c36
2364 96d4bf2822b92839
2365 bfcf66ed3e6eb7af
2366 8767b89dae787f29
2367 cf25c5ba04180daf
2368 3781ef88b537bede
2369 92783b4647f8711f
2370 cad4b56ef5d2c0fa
2371 6f2a266175222c1f
2372 a3e9020d80210d67
2373 47d7601cc8e3aa89
2374 add5e6f03f28897e
2375 5ae3ed35192f4659
2376 feb1491f9435929a
2377 608b58a24c472aa0
2378 34b9cca434ad788c
2379 0dbe0b0423ca4952
2380 859d440b76bf9765
2381 de803cd6fae2c287
2382 e324caef1537d845
2383 0fd74cad4975127d
2384 ca055a625e5df897
2385 acf8b828a22fce8f
2386 e70e86d3aa5fffeb
2387 44ef0a01add6d396
2388 58fe70224a26647c
2389 08341e0766118601
2390 3a098f6a7106e4ec
2391 45e891d6a04827f4
2392 44d7e497558f4888
2393 e84e6a729686358c
2394 9208500fc4d1a39d
2395 9f8cdeacf709e753
2396 1e65fde94f9c98c7
2397 63c14606a062a439
2398 ae267fb05dacecb6
2399 30c1e0d2570eef7d
2400 9e74738157871949
2401 c1af5b0a44a91248
2402 e8bff07f61bc76a5
2403 6a67ddfdccf20d08
2404 9849fba777685b91
2405 f5ec59e89f1f6db3
2406 b77ba1d0731a8d87
2407 2a6b13b9353bc75c
2408 88d449aa58b0b4ef
2409 15d2518d475b659e
2410 897f2560c77a8022
2411 fab565e8b385ac3c
2412 2e1e1650d74926a5
2413 a526fb324a5bde15
2414 857b09f0c205c25f
2415 0f9eceef080211f6
2416 9b2eb8add5606418
2417 918c977ff225a4db
2418 5f04e743ec078bd7
2419 7ef8a4b1b1fd818d
2420 4a48b938ddcc3d3e
2421 b5d97968f91ed49a
2422 f5f431e31cb73507
2423 893287defc497eaa
2424 a4046c24745255b1
2425 b2033a51e1b8cc6c
2426 dc0bafbc5babfcfd
2427 748e8cae283e6d85
2428 af95a3148853e651
2429 9c2b119e9d9d23be
2430 2d130be9f6b92fff
2431 c061849904aeac57
2432 133a15a14bf06e72
2433 aad85b439168629a
2434 ee098ec2adfbfe6f
2435 11d40f624225c593
2436 4e463e6e30d69c0f
2437 c6e3721617a77153
2438 5c875939b7a762f4
2439 f14e6dc9fed5cf69
2440 ff82cf2155e484c4
2441 da7eaf23ac275ec3
2442 4c5a9001dc9d4046
2443 b5e35ed8b3b5b004
2444 a5046524a495a9f4
2445 91067c20ac2da9cc
2446 018d461c0d718a31
2447 17c41ce4ceaf7b77
2448 aeee28ee36f3e795
2449 69f7807748f8fbd5
2450 1a9e9c0c765dfff4
2451 0610ec09f746f4de
2452 ff8d2c6539d3a9f7
2453 32e7b6d269faaab1
2454 e0db22f721945f28
2455 82af04ecef792aec
2456 91649150ce674df2
2457 a7a77e9499ead70a
2458 55b06b1af15b6213
2459 7de46a6cfd045f61
2460 6bfd4d4dd6aa6621
2461 cd9558d89d84cf4a
2462 e75d5aae32a12d55
2463 711042e9ac5e58cd
2464 1d6f9bdc55726c08
2465 7f768a1d01a00e4f
2466 e32be67a33ba78ae
2467 f02a1ea4e066d671
2468 29db1c60ac117a6b
2469 dd4e77095edb75d5
2470 9d2ef6d8371243f3
2471 e55a5908da573987
2472 d1290022bd4b7dab
2473 2b6ec614dbaa2395
2474 c8d54a80a08dc63d
2475 43167ae575b9d8e3
2476 f53d271843866ed4
2477 94ee8f0063840355
2478 c21f8f504a247c32
2479 89ad246697f14890
2480 b8996b5981c7ae67
2481 bb7f3675e6d9bbb3
2482 a7e3c4cda5625432
2483 d9bd04474ac1f804
2484 86ca0f408466646e
2485 14f8e36fb7f4ddb6
2486 fca2d97cc7852295
2487 5f482796466f9ace
2488 826011c5be168036
2489 d90c0905229ae7c7
2490 05ecd45b31bebeb0
2491 a4b0b749446d1747
2492 07496857d52361ef
2493 1cc7844644d6f229
2494 ef139f07445b641d
2495 7aa66f530fbf2146
2496 15c565d2e7fb3677
2497 14264172d0ea1f6b
2498 53c0bc63b42aac67
2499 af41d027af634a24
2500 3d96465674646fe7
2501 8da17a21284eda68
2502 4a02e78bf44317a2
2503 c70edb870d77f969
2504 97908d1d93acca35
2505 c788f08ccc796502
2506 0c48da50f3faf685
2507 bf102dd1db808c72
2508 cb760e1776a1fb6d
2509 f631756a34d1abcf
2510 7d50b241cde660b7
2511 a7d5742e7cd8860e
2512 e785597e1777deea
2513 8ec8bb4e2e6bb463
2514 9834e2d483ab2151
2515 de5cb704742b09a9
2516 a81814e20b52fbf7
2517 a66a0f7ce7f314f6
2518 34e579c43310841b
2519 824d9b363ec6ca82
2520 ef509718cdb7236b
2521 3b51a678d29864fa
2522 1f5b6a4f59f55632
2523 08150f3fac99f4ea
2524 98006e9283f4c068
2525 8a08eda72f8a2df6
2526 94063800d7ca0510
2527 163cf62be9266e13
2528 5f878feac14280a0
2529 74488a5aa12bf087
2530 2e6accfdcebccfae
2531 7ca59e1ee31158bd
2532 aba3ee492def45cc
2533 adba62df7725c7f0
2534 cff761f0eba19cba
2535 232122c307ab722a
2536 d72ef8036e9b089a
2537 b01da796ef774f3b
2538 8a399165c14b4c63
2539 d80964a56ee6e98d
2540 0b4d223e621729b0
2541 139e21f79ad62444
2542 321ee7b3b0d8dca8
2543 817b3544de924391
2544 c3a26ee27c42e044
2545 4acca6ea519371ef
2546 3e85695b9c373ed9
2547 cf52fc34573045a0
2548 e67d30860bb3c964
2549 cdd9defc0f4604c1
2550 a9182debdd58b24d
2551 5e59d9d48e87277b
2552 fef7d451264816a8
2553 6c716aecfba1e633
2554 d97e3dbea96eadca
2555 090505785f945260
2556 96d17e7658c3d9d3
2557 4c8cb6b18024cff0
2558 f5063c92079d738a
2559 4011c251d22aac9c
2560 a6449ffb7894bef7
2561 8b8f2fc33ff6c121
2562 cf766ee3485a62da
2563 b911cde35a209c67
2564 3553ab8ddcb49941
2565 dcee3da36c53c650
2566 e4784f6840f7080f
2567 c21637089d083cbd
2568 432e5da7e20a5aed
2569 37af37d5ee469dcc
2570 afa9b99e5a0cf464
2571 050479bbf51aac3f
2572 66b0bd826f5210de
2573 a1c2fc2dd9051213
2574 7d02e0d5b02fb7f4
2575 b1c745e095901eb9
2576 55116523e7bbceee
2577 e82a12a9b71b453d
2578 d6375ddf1a5993a5
2579 20290a73242566cd
2580 17fa171a09e4c9b3
2581 a692d8ad41d81e01
2582 53d63262357988c8
2583 91e91d2574c56a0e
2584 38972fcc5198180c
2585 924c16b8eeb31644
2586 b903c8b36695fbb4
2587 d68b58fc56c3c549
2588 e0c50ff8a66977ba
2589 cd21e7da35e26fce
2590 20f99159dd3ebc4a
2591 93289d6162dd757e
2592 c0bcf12f1db81950
2593 fbaf6ceaebf73e92
2594 a142e07095a320b5
2595 7b141eef602de5d9
2596 04dd30cfb134c599
2597 fcbd9ebfc91ba80d
2598 67841067872df2c9
2599 05c35626d958f3d1
2600 d5b6630397ee6cf3
2601 13cb6abc38e62960
2602 d6dd4c92dae696e2
2603 19885f519bdbe574
2604 67960b66cbe405c6
2605 4be0d917d38ff16b
2606 ca6c252a4b249128
2607 44c8f016a3759249
2608 9661a1415f9193ec
2609 5083f59c298d46ba
2610 badbb063974b9e39
2611 6c63516c74009870
2612 462eea9e5bd9908e
2613 6244ea05c7310bfd
2614 fc92137bf1515375
2615 7cde0b7e2c259fd7
2616 4620889a28d93dfc
2617 1a11f9014a3736fd
2618 016193376276ca56
2619 6cfb1b4428e82fd7
2620 cd7a24e619b0da0b
2621 2fad3301628246c7
2622 3626c2980e0aaea2
2623 46b741b12b03f9af
2624 f038777ef39dc140
2625 0623abf8a1008c3a
2626 c6a95b12871a18dc
2627 ec18762d82bbe013
2628 5afb3ef7adac04af
2629 e06c16363f97fc59
2630 538e7e39ee7c2613
2631 5acfdd9b318f4251
2632 55bea8d4011628b3
2633 4cdcb8cb5ebaa594
2634 d11dd522c6d40c92
2635 111cb6c42a94acdb
2636 b2e128b0fc68451e
2637 8b3a27f8a3aa19d8
2638 b61ae5525e0a7fc3
2639 2ec41539c21cdd93
2640 187afd98d18909a0
2641 6cef7772e2c2662d
2642 028132d6d179dfe5
2643 415eca998c3da88a
2644 233a96472057252f
2645 0b0ac37bbe125bf1
2646 47397e98d268b73a
2647 c926d2c9e15bf7e8
2648 a2e6296e473daaca
2649 1af5d1909c48216f
2650 b450a867d5164079
2651 82a9a83d751fabd1
2652 d33c93f5c2bc57b3
2653 ab6bd255dbe57c69
2654 c2d90071ca69fa89
2655 476b1aaaa7acb2a0
2656 89105d7beb51edd4
2657 7b8ca1d29c9e384f
2658 77e13e97b401c1c0
2659 e02d650105a68d5c
2660 817ad19bb496e088
2661 38887e572a8ea5ba
2662 2ce98ddb481439c7
2663 c002f61cb0c64629
2664 bb5948a29c132d6d
2665 5275844b486d19f4
2666 7f2a62cd68c68f38
2667 88f69bfe9bd358c2
2668 e11c92d23d389d19
2669 7d71ecc3352d1e19
2670 dd4a66bb680e6d3e
2671 5e44507ada04c3e2
2672 edd81991c88b1abb
2673 6b589f798ea17c73
2674 352c29d75b09daeb
2675 6d183f4f6db0fc04
2676 12dce5c33bfb5ebf
2677 1b48d371315dae77
2678 0ef77d1eee726f4a
2679 b24624bc6a13da7e
2680 1be4670fe4ebf7de
2681 0aeac88b4ec7f7d9
2682 4ad32c5a983a5cbc
2683 e39084b6e70df32c
2684 106a84b021e2825f
2685 78bfa0f1eff20719
2686 61cc921563896c84
2687 79d354372b30a47a
2688 e4e6faed06c65761
2689 a6f5a0384f99997a
2690 c0dfb6a6ab53b91c
2691 6ace55d46acfe945
2692 6f24baacf8bbdc8a
2693 38a2e7cf24392df9
2694 2ab142b1ac35e24b
2695 02ce87cabad6bb36
2696 11682c42c33f8542
2697 39c81b60b086ea7c
2698 39e437521854a6fb
2699 f808ae8d3d2c5d67
2700 0a7953b54901135e
2701 0badda4f1531a029
2702 a8d1c928446063af
2703 79048cf1c5cb237f
2704 32139b7f7fcb5d7e
2705 aba2e998fc0cfa1f
2706 e6e73122bf7eb859
2707 8baf97a9bd1b390f
2708 e19fda78c7570215
2709 a5c23f17350e0be4
2710 b6f329f3430dd7e2
2711 7f22211b9951602c
2712 e186402f0526b550
2713 8f5af5905ed3d55e
2714 007eff8d9b7bfc09
2715 70f0e5ad7b619f9b
2716 2259e16111506a0a
2717 ded8357763e0acd7
2718 6787fa77063b81d1
2719 0be4a8a9ae0b7a70
2720 06d66a9f8b5bc54f
2721 1550d9d92e6f9ff4
2722 bee3e04d678e3ded
2723 8024b7a4a40af661
2724 5cad3fd6fd61ebcc
2725 da2e80b1e8530619
2726 c4d45a1057cc968b
2727 8fb19f2118092899
2728 5579d6633823478d
2729 9df78db566eabbb6
2730 5e6fac379149d382
2731 662e9ce4d4f59d2e
2732 d972762ba453d5b2
2733 dbda41d621cf3160
2734 9b31b58083005617
2735 1f947eb1b08c497d
2736 a69039c5eefeec88
2737 c6a5f87941c74f54
2738 1131fb1cbd0d99db
2739 19f8a5bee5219ef4
2740 fbeded5353527885
2741 b43fee3b4b279cad
2742 ed57e1acafa3a407
2743 e4144f7f8ed00cb2
2744 415b7141510d6afa
2745 df6e6d3fbd9b6b91
2746 eca6f28f5ed1529f
2747 2f2d205d883d56fd
2748 c7033c24c6372fed
2749 6ab0efbb29a08db9
2750 6dd125f1e4db49a0
2751 17a855cd0ed554cc
2752 d1fe4b2c486236ae
2753 87badd6b5698e321
2754 db79c19c040855de
2755 4d1d1068d173c65e
2756 934a1f0aeb16ac8a
2757 d30ef33dbb34d56e
2758 8ca6a0f3d680271d
2759 4fb86b95a7650cf9
2760 1daf5c7e4e11a605
2761 e55376001c1f1ecf
2762 fbb47644f1b12edb
2763 9b0d3c3f90ede80e
2764 5805df47dbbd8871
2765 8ab36e430a55d6df
2766 45b3e6abe842173a
2767 ee16c90023acf7db
2768 0883f9c952a22c47
2769 4f8d0addf876b17f
2770 a459ab31b3c91a58
2771 a0bcb5dd564fc379
2772 ee1a72581939f865
2773 389691bce59c80f8
2774 773fc32845bd4caa
2775 789ef5524204cc6e
2776 de55a731ea2cbea4
2777 8dfa651d9f64cf05
2778 8147ac104501ba60
2779 1eb713ade465b49b
2780 9747a51d49aec271
2781 e8dead59b62d8969
2782 0a5608c765be73c7
2783 8ead5197a213ee7d
2784 ef0a0759a7d50bf8
2785 40a53b6c4b7dc843
2786 9ee5ff2193a2d63a
2787 e6877044fbd69775
2788 c8020845e6df1a7b
2789 44e83bd3481c3b00
2790 1c7282d3ccd2e207
2791 94d80608e4c1dadf
2792 8f6a5b15c249802d
2793 d56d0ba87178b640
2794 27b4acdad3457ef2
2795 9a174e51f12056d6
2796 515ec9cfaec0183b
2797 9eef70ad0e01bbb6
2798 2ebe35197b03443b
2799 95b79d5382051555
2800 dfca6aaa4dcf4151
2801 3579cc879d91ac8d
2802 644b28f7b9e8235b
2803 829acfdc4826d7c9
2804 350e5661271c700c
2805 bad2d152d117b253
2806 d24eb7cf3f3fe244
2807 24bbfe3812437fc0
2808 a88a381688544051
2809 298e1c19cb95c144
2810 5f4c6b6dc3ef87ee
2811 23be2706e31d0d5e
2812 e9ff44423535103c
2813 9499503f90f0ce16
2814 0843e3a6ee6f8f63
2815 73d27acfb899d2b3
2816 0d6323b84000b881
2817 4df01e843561c629
2818 1e6386a182308210
2819 cbdb0e5c8120a58c
2820 96ce478e28ffa81b
2821 968509e146e1bcf9
2822 f9febfddf4f800b8
2823 8b3074b7d80cf75e
2824 c9c7c64801a1e142
2825 5af617784fccb870
2826 d84dcdf3bef2680f
2827 f7e20540a07deebd
2828 049b7eb4e9b650f4
2829 4a541e42cedee018
2830 b942c12c214d45ba
2831 09295facf47e13be
2832 55565d40bfb7746d
2833 aeff3545cc29f831
2834 46bd697625539e89
2835 17da191fc498d8dc
2836 f34d82a65f9d393b
2837 92fee14e2e0ec164
2838 1cf3f564b08a52d6
2839 460defe0e1ed8291
2840 3348b86fd833f82a
2841 51761d8bc9325c72
2842 77d14d42e5d60431
2843 eec80fd001d5b1b9
2844 572fad3894144f7d
2845 59e0074766edb14b
2846 cdfc2f3222f328e2
2847 8413d54533a419fd
2848 b4642e3698a8929f
2849 655aee04c447dd7f
2850 7f0d4f6e3190b17d
2851 f4101bc0dd05c6d9
2852 e7e1f5d0987373c1
2853 6187c9dd8ae43a29
2854 44794122df4593cd
2855 1beefc889f0a6a45
2856 4aa28c6cb57a955c
2857 93736e66dfaa2343
2858 accb3f0d1f21c802
2859 4c806e39d3d9bf1b
2860 0d4f17bf33415cc0
2861 72a0f3d1afea491c
2862 cb76c4b6feb79a09
2863 31fb69e51c731cd2
2864 263f466d381cc2f2
2865 0045a075b2a51fc1
2866 767d88153a69f538
2867 89c8164783d0641b
2868 a8f46ff9335f5410
2869 a198b4f9253d9596
2870 9582202416ba00f9
2871 db6c53ae1c6579a5
2872 5b2f3eae2dc794d4
2873 f47a5062af89aa6b
2874 a315e076a89d07d7
2875 8ba28ef3355991e5
2876 69ede1c7e263c40b
2877 c03136fbbc02ba31
2878 7185bbe35094e8bb
2879 7f64c58d56bc0d81
2880 b601a6e9541b6418
2881 371334cf51c661f4
2882 222aac8a4ce81403
2883 dd9a1709a0914c10
2884 fc6c438b33031a85
2885 e9efe9157fb78c01
2886 efc6037b893eee13
2887 fde18cb09be6fceb
2888 8f071366840d96cd
2889 2f60d8bc1a6b0307
2890 dbbe7d05cf17a0b6
2891 7a4570a013efb1d8
2892 e1ac0fe77b154475
2893 c5083361849a9940
2894 c68e06df815a6da9
2895 30be2fe907f683b3
2896 033025733f4c3007
2897 6b7d8e4c28fd72c2
2898 decfcf32fd03a4e2
2899 2e075a508f0fd80d
2900 008d5ca69bd4f1b5
2901 ea3e41183a955e72
2902 65f98ba0f3607f20
2903 5f61a0aeaf18e6fd
2904 00e41e64bf671e81
2905 7db25ead1d64a641
2906 934f2069b9129eb9
2907 4a47fbdc83132358
2908 86afdce31abf8b43
2909 ad71d726813599d2
2910 c2de078ab576feb6
2911 37e38d69ed583ac7
2912 15c7ce32170826a1
2913 bcb78d40ac880e96
2914 509a627e86c1f7f5
2915 1ac11aee5901aadc
2916 0be92323a1172d05
2917 4edaebc870696581
2918 ae46941131f97045
2919 c090854054454672
2920 a699fe7d04665976
2921 c3171e6de783d269
2922 3c8fbf96ba026640
2923 8771661acc1250fa
2924 dc90d6dba3cec8e4
2925 084d6971e9db3681
2926 64e1622a3f244aea
2927 a64ab09283cf7078
2928 15b5a7cd87424c4b
2929 565d7c36fed84a1a
2930 77903ababba3007b
2931 9cc04a8b1284145b
2932 d0cf698c76253e2c
2933 c48f5a0b5162bb7f
2934 4643962fc70e1d77
2935 fcc1c1df48fe383d
2936 6e2fb47dbbe72d53
2937 51b5dd533eb75b78
2938 87e9ef2b21e6326a
2939 1030814ed314e1c2
2940 3b24d83d3a0315fe
2941 437a1c8e2cfe8b14
2942 e78eaf99f79f2b5c
2943 89ddc8a088b55f68
2944 4a7a305768f44dab
2945 ab33a082aca84ac7
2946 3dd2e33d82f3250b
2947 ce7f751ed9a64669
2948 4321646c445885a9
2949 be761e1f131a5bea
2950 d5c9b7f739ec4494
2951 ba473e3e0b8c330b
2952 6c9c7d08be6d099f
2953 9fe40628eb2b4e51
2954 84032a09f095718f
2955 84935f07b75f2f45
2956 ebbae7ad9d699074
2957 02b7f59ea6799a6a
2958 7584461007ff05f0
2959 0477356509b6d3b7
2960 c78ef3160ed4f516
2961 9ac042e4ccc762c4
2962 a2734b8e8b51ec00
2963 2f7910072ce0ba0f
2964 da5c39fe0260be46
2965 088b056e30b22244
2966 9a2a1abaa56d982c
2967 a20c4184cc4f20d7
2968 c611963d87f7ef70
2969 a4d5e842e5a3585d
2970 85194af57a06a711
2971 db8c2e063b1ae837
2972 66c20b19f0919d9a
2973 c8984d0d0ac7de83
2974 a6dcf6a42be63742
2975 033a6dee65c15014
2976 2fc2520190984675
2977 b86a8bc0e8854022
2978 5375097f31940b84
2979 f1a0f4cb8ab07347
2980 b466217c0ff2dd8b
2981 b3ae73108004463d
2982 7f8c0edcc8d1567d
2983 94119f3415f5637f
2984 b8a18e4883ce92f9
2985 29490dcd444a4c7c
2986 1bc1cd4a7cbbba13
2987 d487ef2baca29e7b
2988 df98f9ded6d08395
2989 22f49c57234cf958
2990 22958d7ac2497f05
2991 16b449146d9e4528
2992 d53e3cb09db0361f
2993 b0338246ff468c63
2994 c9a23bf58ca7aa9d
2995 f249c6dac7fa6c9a
2996 dd591efdf6121a0b
2997 7c67a5552bc8dceb
2998 ff1fc45e3c58c1ee
2999 808936c6761c4321
3000 230de3c866856f30
3001 75b83ee5f99d35ee
3002 69ba09e8b02b33f0
3003 3d9f8779d21a5a0f
3004 913cd14621913fcd
3005 e1fc7fb68dfb3da9
3006 5bdcf7f54906e2c4
3007 2eefc28c7b38d858
3008 7fd544dccac2d353
3009 57c17c348b9a3ad4
3010 46cc912c252a403e
3011 ddc80587cb352f09
3012 358b917deece03f9
3013 43b01185d090be4b
3014 60a781ac4590c0c3
3015 b6845d17904a21f4
3016 7f52d23884b76747
3017 294bac34275edcd3
3018 a6ef511e7eed085f
3019 24dad47d692fbfab
3020 1e66537e2194d4e8
3021 88167d52e6affb1b
3022 7168aabb4d71f837
3023 ce4daebdb30eec7d
3024 5c70137eb52f2dec
3025 3cbb19290d53df91
3026 914bf15488a31a37
3027 9e78f3681421d923
3028 f2473c33e9c0e235
3029 5ccc01c3c332be09
3030 5a0d7a09bc0441ed
3031 45e179bb7545b16f
3032 92e9efbc4fad5efe
3033 20f7bf64dd06a591
3034 61e491d679b6046f
3035 008ab717d00b9fed
3036 47c62840e29b6d4e
3037 56a405215c0c969a
3038 af74c7d5c8476612
3039 bd92d91473436f0f
3040 6c4907119af588b1
3041 f32a678b31163597
3042 4f86c4dcf0adf28b
3043 567e45bce14e4a87
3044 c6fd734808fdce73
3045 59b1a5ad591a5328
3046 9681c26a8cfb3f45
3047 92016bb85d1db808
3048 3ad21f03969d0cb4
3049 db8ce7351c0cb570
3050 9b1416b0f86c25db
3051 8fbdcfeb923993d3
3052 5ba86a5acca6fbdc
3053 d21e1c4351fb13ec
3054 0606ba37b1508916
3055 fba215bb3904645d
3056 51d550f59a8003a9
3057 6b18a544d2f01a93
3058 62f8c6568f352dea
3059 e8354fbb4a139dbb
3060 ec168977dd0f89ce
3061 250c9c6b2545f4dc
3062 e1a47f3ea32629cf
3063 64a32fbd7b30f4e7
3064 4761d3d65af21157
3065 b29ae48fb9e073e4
3066 429bc02f7c39c89a
3067 4a652770e848820f
3068 f2a7607c2b29c920
3069 321d86ccc89e4f12
3070 80c498c8341447ed
3071 80d840174b66329a
3072 bfde614484d69a4d
3073 fe1ffaa3b8af496e
3074 608e2bf363d6d450
3075 0c3785ccde4794a8
3076 aef355436f934876
3077 b962fe0ee865d073
3078 81ab16c4de003086
3079 145ca0ce229d9ce2
3080 3666895f75e57406
3081 7e45cf68e3622604
3082 bdb55a8d661fd687
3083 30b516acd10f6c06
3084 f4fd83ea02fc3810
3085 dd13ffeee4c43f68
3086 a2802ef8b2736f8c
3087 cf614026a519dacd
3088 7a6fe7b56d19e041
3089 46eda4f76ef7c3b0
3090 e33bc122c7238515
3091 235250b54ef30402
3092 4fcfbe80708d4567
3093 9711909735e0277a
3094 3321ebbde80221a5
3095 6fedba08b8c1455d
3096 66d5681d75c21f1c
3097 70ebbd4d3387556d
3098 e9b9f4b8ebb39650
3099 921b2a1ae89a94d2
3100 17c16b6ef488ac50
3101 f8ea18d6c9854419
3102 d549c97bef8b40e3
3103 373f351c52d146d7
3104 5222912a03936f75
3105 2cce070d7f2eded6
3106 033c8260c539e406
3107 f2689a0f15d2b480
3108 ba20cef490a89b82
3109 69aacf92c96e648b
3110 6c3245395181429f
3111 7634ca0ecd658e4d
3112 588a8d83462f9b48
3113 aaea5cc2377c9c28
3114 0145be6c0758e49a
3115 919d5d39f511a1ea
3116 fb1ec612d64d41be
3117 7828366bde522f64
3118 1a383e103516f46e
3119 40197c83d2427be5
3120 880e12d66efdfc8c
3121 543b42484b6a422b
3122 70564a6e7c7ccf47
3123 8203648fbdf2433f
3124 7e94a5f962f1ed77
3125 6d4e2af2521ec477
3126 1e9a2a9ad9d9336d
3127 4426d33c4b96c8e3
3128 f410d571c128f5fa
3129 c46b54ee7d1d9310
3130 28529ebb7438da86
3131 138cdf44adaec5b0
3132 eda6ffc55689d764
3133 d3517abd0f932581
3134 3d9d9e3c02006549
3135 c6b50b08e5271b0e
3136 6b451d03d09aa6bb
3137 105b330367046447
3138 6783d99b592de654
3139 bf7b595ff99c0381
3140 f47ca9ec4f7b0800
3141 95d10f29678a2260
3142 dab906284d51ecc0
3143 76f0ca1387699146
3144 8e3385c470b7b0b3
3145 8a88f7765194bbd2
3146 6543d2ce88edbfb9
3147 2a87aef51f5875cf
3148 c19f80e811de26d1
3149 fb2bf9b1e89bd865
3150 767294e706b55f27
3151 1d90d7d097820c57
3152 5834986a177d9b73
3153 eb04175d2f5435f4
3154 5df23f25175d22f3
3155 5f699f49106d0841
3156 64c295962f1311b1
3157 51a48189f2e30a28
3158 8d873b3d9304ae05
3159 a82cab63369db1a8
3160 dd42828329c7ca28
3161 6822241b8b93c138
3162 5ed693688b79346c
3163 7398451aa0383c42
3164 e0d42bdeb594a9d2
3165 5e3b1ed67ea7f7f5
3166 f71eaca82d82f7f4
3167 57ad27c39aa350da
3168 95a78187a47c5f83
3169 b3c4bfa2d64ff2f3
3170 7136b3f7919d6641
3171 4f237db4741bb065
3172 910990afe2e0b96d
3173 fff95d073d53a62b
3174 566653bebc7d2677
3175 d5056c9628379182
3176 d1ed4267daea47d8
3177 46729297a3e772d3
3178 066abb19d92a2e4d
3179 ec19c9212f604482
3180 9900e6aeb1a48008
3181 b03ab7dbea754282
3182 697b7d02c21517d2
3183 9f8b34ddeb0e2ef9
3184 149203564883e1f1
3185 7165b76ca633bc28
3186 6d41fe8716cb0545
3187 731dbbbe0a7099c0
3188 634a14063616975e
3189 7064a5f3c3740cbe
3190 d2c9a3b531425830
3191 2906dfea196de8d9
3192 929f8e44210be85c
3193 f748847b4170d0fa
3194 ea628889adf11c01
3195 4545717ffbe9becd
3196 26d4b46e25df83d9
3197 6366a6b5ae9f3933
3198 865a3fdbdfb5a426
3199 df4d6a8720adcfda
3200 915f1cf43b3a93e0
3201 8c9d1df9723818eb
3202 04e7552245ebe900
3203 832aa008fb6e247b
3204 33d54a0b3970d7e7
3205 40d35f814eaef16c
3206 431aca7321de50ba
3207 c54944bcc7d9058e
3208 cc0423a238a55824
3209 3d67c1b4984aa249
3210 b793d7e731e701f0
3211 7cf9ebfda1fed045
3212 47aa506d62021712
3213 2790e2d75fa013e3
3214 c7f399c9d2d84a68
3215 06c6b8d609b572c4
3216 396433777e612009
3217 d6915cf54e8a054d
3218 ce5a6bf9229c9187
3219 78f79b285d91534f
3220 0dc2b83635b08e1e
3221 bb35dec4051d357f
3222 65e86f7491ad366f
3223 e7185b0d1ec0a752
3224 5339c28bb3d21f27
3225 cc8e59ed017d0a39
3226 88025311a50ef62f
3227 a781215099c122fd
3228 112f0314a7e8d45b
3229 d84d1748da54ea52
3230 145bcfabf06f9b2a
3231 fc7e19df064d0106
3232 34b79eff40a40040
3233 436cdaa113c9a63c
3234 878188f8c3f17c5f
3235 263dd4c61712473b
3236 38dde65fe78adb1e
3237 3420ef7751647d97
3238 6bf3b33727b05cda
3239 4e7eec9d322ce905
3240 b543b487f178b6d3
3241 3e7d2356aa5c45e6
3242 df38ea62573df87c
3243 f44ef144e8d770d7
3244 9fd335001d6a39a1
3245 703ab0fcbececb20
3246 9783e172eead3f3d
3247 65f9e742089013f3
3248 81dba07b65b127cb
3249 f484faeded316d4f
3250 074ac278420c0fa1
3251 3d4aab383682d78b
3252 1f522168ddc2f596
3253 10e5a7c35db4cf6c
3254 3902f46bd9d775fd
3255 4c4474c722f7af59
3256 73d7700e4dfe718a
3257 bec68a9511f10e86
3258 a38c4e96aa0d9bcc
3259 32b68e93c30fb516
3260 68b6ff5ac850ed03
3261 77fe7348562add9a
3262 28f1b51685928687
3263 c56be5c5b8cf40d6
3264 61f31709c638276c
3265 046973c3ef2f85c9
3266 3c6031fdb2ca8b61
3267 cb97c53e4cf1e245
3268 cc02b6aeec0a9124
3269 93d0bbe212b7efa7
3270 9ee78ca57eec4339
3271 057f328f1b3a15e7
3272 b72d26526f5961b7
3273 949fdfe171a31e92
3274 fce2362700e63467
3275 253dcc0634e08cbd
3276 97bb06e1fabb1eae
3277 de309a46e394fd62
3278 939e33194b1fda62
3279 b37b7c1efcdecd5d
3280 34eee7011d1aa658
3281 bcbdda37e3338eba
3282 986361c154b49e8e
3283 bd80a393888a8582
3284 ffaa4f6a6e63aa42
3285 ce721fa369a38032
3286 6c4431e1f3858876
3287 779ae19d063ffb49
3288 8049ff9e9f8fae38
3289 7320dce96493c8f3
3290 6e76422fb8409d72
3291 3617d9d2d281a71e
3292 73e3368832b53652
3293 edbfa82a086c8d6f
3294 076c36d3b28e3870
3295 2faeed74ca52c703
3296 8c1c5193559d6a3e
3297 cbd9910bedddedc7
3298 c8e2be642eeb8881
3299 a2b1ae94d5d6ab51
3300 44d6b48e1e0971b0
3301 010462a29f1f3bfe
3302 65487b0f0dc8e127
3303 364e48b4d0397579
3304 abf2b960fe76796b
3305 87754339f64afec1
3306 965d91f58f212a56
3307 e73dfd111e25f343
3308 3ef51001446775f6
3309 8243feef11d76c9c
3310 817c5c6f5335775a
3311 9f551985ff36b97c
3312 6f4cb4c0ac980c8f
3313 c34cb6bd13463c47
3314 335455eb32142497
3315 663b09ff9cc32a4e
3316 b411173031426acc
3317 efb2061310d954a3
3318 32605332486edfc6
3319 8276c98579716a6e
3320 efa11a2be1efa2d3
3321 aef6f969f579ca5f
3322 b16a955a2ff704ad
3323 50aefe9e12b2e011
3324 6c40d6709c4c8ea9
3325 ea0a29688a8bb880
3326 62c0b2fee1360a18
3327 3e38b667e7886e78
3328 a22708bf0739b6c6
3329 8d85927651f849cc
3330 1b851f281a0bf8b7
3331 5a788ded809d2d56
3332 e50ac48ad367d5e2
3333 f4e44764bc20fedd
3334 ca2cc598a514c96e
3335 b81a7ddd04042a67
3336 6c50f7a16423570a
3337 01a596065109f43d
3338 bdc49f4bf8e27791
3339 77d1823bce6e35e8
3340 41b2187a423b4fe2
3341 5622ff01ad3c239f
3342 d53cd0e91594d7cb
3343 2dea56bcdfdef3d5
3344 9f9c2e265f7ffa37
3345 d0ca3b2624c3c9ab
3346 7cda7f1945c0b7a1
3347 6f059f0930cba023
3348 b8ac762edc64d9e2
3349 1e10c59f765e73ff
3350 b3a84bb44d3606b0
3351 d71db1457058949e
3352 a0bac15440ff67f1
3353 56febf5fa6d44ab1
3354 d44b7d3d7c759c7b
3355 7cf88f2f27ee29f0
3356 5489a160c6aca7b7
3357 b719a6529a55aef2
3358 747c7637fbfae1ef
3359 b5f83ee166215a7e
3360 3577dc7ba77e69f6
3361 5a34179ca5c5ff2b
3362 aba0eadde613ef5d
3363 7e0e4e4708960bad
3364 33b93efb6be0febe
3365 cf6378838b2f3260
3366 fa0811d45309d7ca
3367 e535e81f13f62640
3368 6604d4079f354b52
3369 8b8cc120070b2876
3370 a3870637208125c9
3371 95dabe3b35ed7ae0
3372 a64434cc4910428e
3373 9bc77732884a163a
3374 d72b17043f68c478
3375 e67f063401705f77
3376 b9448d6ff544df1f
3377 a7711e6f73aba345
3378 550f565593873e87
3379 93e8bdca4b9a12c6
3380 7503646f817436df
3381 ada532120b03324b
3382 69123bf4b91a1626
3383 2166f3587a2abb6a
3384 15b4c9fdc5658893
3385 d74820fc9c76f7e7
3386 acae609c170802ea
3387 475e940ba38070f2
3388 49006077b8c722f0
3389 638a94213af5d4f4
3390 38a88fd23c97dd8e
3391 dc0fa0d667351bf5
3392 2888e4e290a64065
3393 e0d0824267f31772
3394 c8b1c1ee3e059e98
3395 4feabbb6747ef0dc
3396 835b3866f1344a02
3397 644cea2616cf22c4
3398 20adf8ea234bb2ce
3399 a8c7d9524a5dbe1a
3400 946fa91b9388a73d
3401 c7de8e3306784e4e
3402 f2be88eb7f3c970f
3403 e58ee184ad6759f6
3404 5ee659a9624357bb
3405 31f76fab43e4819d
3406 3cd696e0b54ff3fb
3407 0e12a43848731d2d
3408 f9b0f1f6365a818e
3409 f689824730d7ce79
3410 a7fb8713f7cb7286
3411 bdf732d5b381420f
3412 c65a37ee0befed98
3413 eddcfa267253dcda
3414 e855217eb7913544
3415 2f49d52b1aa6ae44
3416 224cad8ad6ef6fab
3417 865f704124f2c6a4
3418 42e6dd3074aa9f3a
3419 78ed4dd70602fd1d
3420 115227d347753ebd
3421 37dfa7caeaceac59
3422 b1d003256f80a59f
3423 6b525a8cc68562fa
3424 3959452e1da97464
3425 d4cbd9db9783693b
3426 5c06a549d021f847
3427 bcec7e4cc457326d
3428 0a31778543e30597
3429 c1bd340e080b7cfc
3430 53941636fcc16591
3431 e8f8803b2d016c76
3432 18740898dc584a34
3433 3120d12fa3cb0844
3434 7b7daee0b23463a7
3435 dadc58f75b076868
3436 2cf02398a3b86a7a
3437 e81fa5a20e0cf7d0
3438 85a1dfa498e3e295
3439 a047f14dd8b5fbdd
3440 c90134abc3f19c74
3441 096795158092d4b0
3442 4dd1edc9f9af94cd
3443 b79a7184aa942849
3444 a9f1e740c31c0b1c
3445 1ec1ba8680cbf78c
3446 50b0670524e12e65
3447 4549fe76418f4ef1
3448 779e7b173732b8a3
3449 8b7df3286ba01d70
3450 ef9e692f8a33a61b
3451 ba46900c400f2cdc
3452 e5f08a999b2322c2
3453 e014689b48f88cc4
3454 cb3e68062feb57d5
3455 21354682dda58fcd
3456 0ecd343a2ca98f20
3457 ff25c4153aaba0d4
3458 e23bc2c922a80ef7
3459 1442b066f495a3bf
3460 13f911d95c78fd0f
3461 e293edf61e67616a
3462 49a7dca5ffb09889
3463 bfdba8de7f9edd85
3464 b6f7ccc7b83b8ebf
3465 af60f991823933f3
3466 38536861dec92d8d
3467 630f0e1e5871772e
3468 08c95aa1cd8d8ed8
3469 5fab6700142e0815
3470 6758d6d8b195ea09
3471 58cd7d47c184c303
3472 f56cefb1936ad632
3473 1693256342e95db3
3474 a1539c4f5dd9e599
3475 b241dad3891ddf3b
3476 7b41fc55a212925e
3477 640c9bea70dff608
3478 a5d8cfc392b01e0c
3479 2b1616b07fe69920
3480 dac918c2483cbf72
3481 0a16dc9ba087305e
3482 7a6495f60123161e
3483 e9390ef1f211e759
3484 b867bbf53c10113d
3485 578906d774a3f6b1
3486 b02e59c659b934ab
3487 8598fe5d69fcc8b1
3488 740ebc7aad64a7b9
3489 ee701c74cbc34438
3490 11186e51014622ea
3491 0741dce9b1e55c72
3492 1b08e88263626824
3493 eb07ca4a6631fdf6
3494 7afadf883004a1b6
3495 86d71364a9411f4f
3496 a268ad80afbc421c
3497 8a3e2659044fa688
3498 ce4a10dcf76076ce
3499 e4ce7205bce45ef9
3500 e25dc4d4a3585d06
3501 9e8836a151320734
3502 643be31e3b9707a1
3503 d453ca778e2540a8
3504 480a2b959f6a0279
3505 aa55b938b701a99f
3506 6884902f892506ed
3507 25e39fb866bab8dd
3508 f461080d44838055
3509 3525ac32aa389d87
3510 db256712ffaed99a
3511 e695711e4ce09bbb
3512 547d65c3c5d3dea2
3513 3463f7318a4be862
3514 13a2e4c07c93a190
3515 dad8ae3a876c5af1
3516 f83187175630cf4d
3517 e5a611acf5f066d0
3518 886791fc271ded1e
3519 3601daacec07f217
3520 e298b6aab24ca835
3521 f0f76b2352cb0886
3522 b17f0f2cd291f199
3523 fac3fe2a19ffebf0
3524 f426822bc567d9b5
3525 0e9af443125b37c9
3526 ba7e7a5462a14efd
3527 cc7f13a537a859e0
3528 0614120adda0aac6
3529 65ff0af01718c294
3530 77642be6cf1706a6
3531 b493d6c97a4d8655
3532 afc90d4d3993ce29
3533 3d00bb23d1a85a1d
3534 0c5b3fc8778383d5
3535 f6f46c8381077568
3536 2b9fde8464614beb
3537 2583141bd566e9cd
3538 22457d389bfcdb09
3539 eebb2ea83857adea
3540 6b5227974aa85d6f
3541 0000cfd3a8ebdb71
3542 3417de4c036d0a0e
3543 d9718fc0161d475b
3544 e3192972c6d7a573
3545 8f1c0756466b1287
3546 75627cb72545a84c
3547 dc48158c31aaf70c
3548 6b4db90bbd6ca0fe
3549 fcc9ae7239f512f1
3550 34d1fd3699d5727f
3551 3b81132c358b1029
3552 60b04d39dd1f8266
3553 6ffa7d6c950f60bb
3554 65bbbdf8c29402e5
3555 15cadff51cf45da2
3556 41976267008874e1
3557 35b8193d40e7c39b
3558 dd0b8fdecbbb6234
3559 96129bac6f4dc659
3560 9ef789a7a5aaf8ef
3561 84ddc98f938b2e3e
3562 8e32f0bea6b3b5a0
3563 e1ec648bc9220bc7
3564 7b8a03e947024d4d
3565 d9ff564a99b4a506
3566 47a0a5026e5c70e6
3567 2e72ce5608cf5dbb
3568 820132f2c034e167
3569 403fb9b277e7e4be
3570 6aa76789198c7d5d
3571 0d201db0091ed388
3572 4e6163f3c9d5a3e3
3573 e528689ac59730a5
3574 1e43dfd3d95e8f3b
3575 496b716cb2790839
3576 06963e9f57912480
3577 3a38f5a5454e720f
3578 fd4a1e86aa970802
3579 a730c71b428fb5ca
3580 2a9738d183ae73fb
3581 92586cb7342d32d1
3582 c3ba51dfa1e418af
3583 37ee82cc15f22dea
3584 66d2de5137b4c05b
3585 3bf6d392558562a8
3586 d25061bf8a2d77a3
3587 1bbe1f069979c41b
3588 eae0c9643ea1aad3
3589 4dccc9445d961cd0
3590 4acff3319905db21
3591 d2d40034d9b1d11c
3592 b2ee9b41ffe91632
3593 767e8cf97615d718
3594 46699b08f29b1f8d
3595 f4c5f59f122a09ed
3596 a7361fd9cec0be69
3597 e9b57cfacdfae059
3598 24090ae1f312af76
3599 ca77ada8670a746d
3600 471af96b7b76311a
3601 51e8fadd930ef2e6
3602 4ed3e0f11e560d5e
3603 bf588a038dfcbe22
3604 8cd193242d91bf33
3605 12089d6fdf96a9c2
3606 f325b44922011c75
3607 e925183aa1d37674
3608 6f67f1ed51bd5068
3609 b83ca2961ecca265
3610 89f996999ec62537
3611 bac0aa55bbeb6f7f
3612 225f6c45d95d24a5
3613 b520ce55687e7a8c
3614 905db8daacd32a36
3615 fb6fc17b41d08453
3616 5816b055e61d6f31
3617 33ec6793716a1b91
3618 afecf7e078ede30a
3619 80c5da6090bb4f7f
3620 7d8779d5a0b1d936
3621 f32f37dcd217b66b
3622 bba692f6421d8dae
3623 496920acd797148a
3624 3cf5a5a017c85f3d
3625 bd97ff7eb704fbd9
3626 806e5eb835084b35
3627 0d349ded43fb80d5
3628 020892a7b097f457
3629 649e9eba2f95a596
3630 cce05b58e51052b3
3631 0ed287bd897045c2
3632 c9c4a8896cd2ef7a
3633 b16930e7bec70759
3634 bc46a20195c8b831
3635 8bc675c92cbca3d5
3636 d558bff20948d030
3637 8317125c5602b322
3638 1246d24e3e339d6a
3639 7f7187664d7e427c
3640 361a99c4cf5885a2
3641 229aa12c36a1994c
3642 27671da52d10adee
3643 f46acd3afdf78efb
3644 e71bf3e9f6819ae3
3645 8888fde2061d3f60
3646 f912b234e56fb44a
3647 b8fc6422a61b6010
3648 ae924240e0d4e81a
3649 d6984c74200dda9f
3650 1cf8724f8b5bb5b0
3651 db077729a44647c7
3652 4a317df89855bf27
3653 3a60133e77258320
3654 78644df69fae7ad0
3655 b66edb0b6758b1fa
3656 9517c7dfb978fcbc
3657 52f394d9d74c5dff
3658 b8ac9577d0b8936f
3659 f712952358835070
3660 80168770983a96a3
3661 42f41796dc223031
3662 098fb7691cd93b4b
3663 8d85e6bb2a61e34d
3664 672cf9303e51c38a
3665 e3f7863c032017d4
3666 caafbbc481c829b4
3667 09ca234f6993f35c
3668 b2a78e51a3cf8a07
3669 e95b463eaab7abfc
3670 4eb909ecd912fa22
3671 680badc1ccf7aa4b
3672 036fb8dc1f1eec32
3673 a658f2be1a484c74
3674 4a3c429aa3ca4454
3675 218301e85b06bab4
3676 c8002ef705c66b1c
3677 76def2a00681d67b
3678 5ce6fd84fd5e79d5
3679 558ce5af9ad24c9e
3680 adfb99de2d32efb2
3681 fb13e1153dbe8b18
3682 7dcbc6a9e28856c9
3683 80f30b760c0d2e1b
3684 154ebd43856cdb59
3685 4c1753eb34c610bc
3686 59ffa873f053cfa7
3687 4df22ee4d194821a
3688 5224f1af07fbf0b9
3689 c62e70e36248b22b
3690 afb1ebbd493d9c30
3691 a6c95333e0a1ed97
3692 b51054ddc464e34d
3693 97b08878f1ef4ce0
3694 2b893d230652005c
3695 8762d37b6bc83787
3696 0254fdbb6e17b793
3697 bb968b7c1bcbbd20
3698 fd0b95d890cd0f1b
3699 c8e77c5a4e174783
3700 ccca40c1bb8bf8bf
3701 3d6e5a6f82d9d787
3702 bf810a16a41b0822
3703 6761666235bbcbd6
3704 f2d54aedcefec2af
3705 fb033e93e137e664
3706 9a411f93f44e0342
3707 9e086e1d46360d88
3708 96a19b127ec96c33
3709 4786c86c87f8b9d7
3710 d0dba71789bd5331
3711 bcd179e9988312fc
3712 01f5c49574f6d1cf
3713 7930b1ee06b4cf70
3714 8a57c2b6812e44cf
3715 9d9760a4cb133207
3716 7aae821a04a2f4a9
3717 137550f019b615ec
3718 3c922d9d6a0e9999
3719 b317e5bfd89129fe
3720 3e487a7e5fc1c07e
3721 31bbc87f6579214d
3722 dd06708bfd69231a
3723 0cb1fe7ce6038f5e
3724 bd67b63572dc3d33
3725 d3c5408529afe9a5
3726 8effe4db6814f4bf
3727 37de518da77d0bab
3728 3b35bfac393ae354
3729 7debf989217c25e1
3730 fc78a17348a24d4f
3731 753a8140944a54ac
3732 9c2247203f06b489
3733 5adfb43fb361998c
3734 1c419c150a1e202d
3735 58e72f714694876d
3736 86aacb4dc7961126
3737 fd524cf838c1173b
3738 42a041a53599e242
3739 1b810e3e5ba5544e
3740 41fa76ca807cb1c5
3741 a0a29e732d920f61
3742 ab7a2c74a6f6b5b7
3743 36af0f62ec94c314
3744 d119b1a4ec5502d1
3745 fc817b0e42ddd0e6
3746 dfe68022e3a231fe
3747 79c3aed5ee32e264
3748 72577505a6c222e1
3749 25ce90f02b83c949
3750 1c8b5141ff4deb8f
3751 7203309beb55eeeb
3752 d092c27779356b15
3753 4b0012ce5597e13c
3754 b1422c02af8069f2
3755 93cef8d0af283762
3756 1bac9566a83deb53
3757 59185d10368e7017
3758 a95070393b63efa6
3759 878483591aa896fc
3760 f66da254b61c0ee3
3761 4b4ce9d03d0c7627
3762 b5de13502403d377
3763 ad440478072ff4c4
3764 424d43fc2795da5d
3765 4bfb4d1b67d5393e
3766 63b8a7c0c58948ae
3767 5c1a211fedd804c3
3768 ded2e4aef825d935
3769 d7d4b733ab27167e
3770 d9aa385cbb01c238
3771 5702557e81c851c3
3772 2428712120f76f34
3773 b00b5693a5cc2627
3774 e9660641ca95e482
3775 fdbff89b52b9be33
3776 69088c396cf1a55f
3777 81da70c3c69a878c
3778 24618cf51627a6e3
3779 de4f65357960f2a1
3780 3785f1c65315e017
3781 7bd980187e2330ea
3782 75fa8d7441836d60
3783 6ba7e85266693543
3784 9a9ad2c438aa37a1
3785 81215dd4c94d5b60
3786 ebf70d4da8c49f5c
3787 297e2b447439c79b
3788 dcc5f58f06e5ed57
3789 8fc6e1a29a852ec3
3790 db8223ad3246132c
3791 70972ebb602a4e35
3792 343989394e44c60f
3793 0fbbf9c2d5c46e6c
3794 e2b8605e69c95642
3795 d0fd34932fe945e2
3796 9b170a44447b7ed8
3797 987fa1938600e8d5
3798 35e44be87de3fcfb
3799 80e4b6ee05750f35
3800 a5cee74cd0d0944a
3801 28bc2fbfe5a21d05
3802 5eb4e07879b3a9e4
3803 6596c9a538021a39
3804 a000b6c5bf9719f2
3805 6b49f90f8198b42e
3806 bca1dcb36e357fc5
3807 8742cf070da515fb
3808 ce6537e371e30606
3809 a27fdb94df3078b8
3810 2f96564e194ddacc
3811 d372587736b50a33
3812 bfd42a14ab2eefcc
3813 29c055bc6a219d40
3814 19fe41ab21f04625
3815 32ab4417f3cdb9f3
3816 41b2799469e5295b
3817 528f19a4f331529d
3818 cd992a832a39722c
3819 c459dc6acd739b58
3820 cf7d1b3b5d6a5d9c
3821 a0fd928b74b3105d
3822 13d616741b3b6369
3823 a18ffbb0d0b95af9
3824 68bef642fa7a5ea7
3825 ab7ff48360bf2c5c
3826 7d8a3c09261856b2
3827 f48aa77c53c525aa
3828 0f47fb27a997d8a2
3829 20162806e4c672fd
3830 1fbc563098d885bc
3831 32b772ea9f878715
3832 1da7dda1e3c6aec8
3833 abe7d1cd351dfb4b
3834 6d0c38af88d3ecab
3835 e82645b3a20e90de
3836 04c5d00c22af9561
3837 8b0e758285e4843e
3838 b9f50f7230be417f
3839 232ca449b2ca2f91
3840 d508f22faa7788be
3841 48911b19db354fdf
3842 95c903cce7699073
3843 ba829a6a2afe229b
3844 f25df1ff75d8526a
3845 7b4cd159e811cd92
3846 c922a4376aad5a19
3847 299267d1996e4e9f
3848 ddcc0ed0375fddba
3849 6d8d50e91c8153fe
3850 3470c46c14049f3a
3851 02d5c2e0febae1a0
3852 9ef5f10210f1e18f
3853 f2b16d526fed108d
3854 526cd0a19e93d308
3855 e4b0ee99e8744e68
3856 35036a6f8ea628bf
3857 8814af56fb2b700f
3858 40d994a4aae79f09
3859 d8a74fbbb69ecb9a
3860 4a3722c0777a3c36
3861 df84e4764cf66c7c
3862 fb4f0310ecf417e6
3863 e7d71d126f1133d8
3864 298f9ae535791ddb
3865 d094ad22f3e23178
3866 b51ecf3fe4d91124
3867 4c320e658a666622
3868 55d1b29b2fdf44f2
3869 f9ad215c400512c4
3870 c9feec081c3c728f
3871 6b7eb656ddae1bdf
3872 8388a6112b27acdc
3873 f42ce4fbaedb885e
3874 080ccdc014b15d77
3875 51600a4b60c205fc
3876 6bd12d85f618e7b7
3877 fb2910025d279c1b
3878 a767dc3b937a7925
3879 3b411dfefa15371d
3880 574053942016c8e5
3881 d8a02beb7c5d16a9
3882 af2efcececfb4233
3883 b2b046468715d5b2
3884 35db035d23783792
3885 733baa41d7b023fd
3886 4c8ab13b225b8d17
3887 aa586eea6739e328
3888 c242b39ce74495bd
3889 c2c2da197abb6bf9
3890 b6e592520ef862b2
3891 9ef4fc18bae66160
3892 9a74ef04b17e66d6
3893 65337cdb963d9c4b
3894 2924aa713a57e2e3
3895 64499575c6b53fa1
3896 d4d69fced9edd221
3897 bdcf5589c3a511eb
3898 fb5577c0e2790939
3899 e740974ff1a61928
3900 699ae55e4b86a5d6
3901 f705e7018864796e
3902 77e67824f566d71a
3903 b5e50cbeaa622bd4
3904 3f469d74a743099e
3905 a041cbcc1207f1f2
3906 98e0383e2aa90314
3907 4a73cf8bc654717e
3908 b0f66344d2b4748c
3909 c07728cd5fe92c72
3910 8eb87ce1fd8bef7d
3911 0cb87ee091b84ada
3912 b3dda52ffeb7c5aa
3913 f17fda9dfae9716e
3914 e5d2c5adac6dd8ef
3915 513bcdbc0a9c405a
3916 471e773ea96ac843
3917 d583ddffbf74b78b
3918 d38cfde479eba803
3919 29ea8162ced6cdc7
3920 d8d0eacc956ddb12
3921 b677846fe7faa882
3922 c008fbe2088cb639
3923 3331d21090c154a8
3924 f3713fc2a1a2d92f
3925 aedc9daca8b85dbd
3926 1b872b88dcf9ee97
3927 7734535ae0ccb5bf
3928 9371f237218e71bb
3929 4faee9cc00a812e7
3930 87e358f366e4b8d5
3931 f7d6da7539016b41
3932 ac80f37f4457530f
3933 01bb80cad87c226b
3934 d36e31cb022beca0
3935 f8c91f3ffe0d9d7b
3936 313d8cd809ebc396
3937 d56362d0ddc8b037
3938 d52a6c5e3824654f
3939 d19b816547f410bf
3940 1f207cb39b8d0e16
3941 0b7d08a38fa6c821
3942 fe332aa224470f81
3943 58441ca2d1494863
3944 f9e99fa6a35c2039
3945 85eeae3c23d48084
3946 a470049321d36fc4
3947 98e0d46b6452486d
3948 e63042adf3868f20
3949 30b47bd886a0b3bb
3950 dda2ea72e0aa7f4c
3951 e5830141b2fdc9bf
3952 494d940b503b6562
3953 20c3ce1c727b0c27
3954 d0b906af5257a752
3955 7af1012883610a14
3956 ee2bb81dff2fa7f3
3957 bd1df8435a78bbd8
3958 e2c3106e2dec81fd
3959 7810d848750253f7
3960 1e71f9419dc39f65
3961 84b1d0dd1bcd6917
3962 c947c0f2853f79e8
3963 87174db68424acde
3964 e98a5591a6e01bc2
3965 c5c9e27db0d2765e
3966 63d14711e914b3be
3967 7b47aaaecf97b9e4
3968 7ff67c9a441f103e
3969 0f15a2138001bbcf
3970 3146972dcd6a6a83
3971 80a129b00f6c14e1
3972 918409bd66030d10
3973 721a657f39eb4c2e
3974 100b5805d5ba39ee
3975 0b81787db7f9caa0
3976 964cce7761fc97f6
3977 2a17e49ded89f580
3978 4adec03f8680be04
3979 13451ccd9392f222
3980 3112196a68443a3c
3981 18dc4415ea15efb1
3982 c27309960a8bdae7
3983 31e00fb44bf8dc51
3984 b091e9b03f5414e2
3985 80b724f02ce9b2cc
3986 a17e9c314829241f
3987 6f0ab15ff8c18fce
3988 d98e0c2b19c472e1
3989 5529270919dcd1ea
3990 b2ad4e6639e1269e
3991 4cd512f0d699dd2d
3992 f70bbd27b3b4d6dd
3993 dbfb43fb7a5f697f
3994 e25cfc6a939bdea5
3995 3485f5027555d52f
3996 e26ef9c6b1a423a8
3997 ac63dc400495ee80
3998 4b8db6ca450dc5bb
3999 1b891f9ee31daa3f
4000 2b85dda4cf10b31b
4001 86e5e738d42c5f5d
4002 b1b3017587cb37e5
4003 6f5506348df8cfb7
4004 53f175391eea39df
4005 8c22b0073df51a3c
4006 d36580fbbd789e92
4007 cad84c56d542d08c
4008 bb85ce1ae48414c1
4009 fc7a3734ad2f0e13
4010 2f6c7a50ab40161e
4011 5c6cea5c2803b18c
4012 0e534de777e40feb
4013 9e85535e1c566adb
4014 98cb772a7362549c
4015 0e1b53a30a14a6b9
4016 a62675a9a9eccfcf
4017 436c6ddaaa77c3bf
4018 0ed678cd147086a5
4019 bbdc73d71965343e
4020 a5762a2d259c1abc
4021 572e57bcec696e9f
4022 8a7725d5d1334e12
4023 ef132e155aa5cd7e
4024 1563c46119f832ad
4025 827bded7542b48ce
4026 f9c89914fd8bd221
4027 d7e5e9ff06ae62bc
4028 2e62b957554f2bad
4029 1fbfa60c043eac93
4030 d3a3d81be7777855
4031 095fe88d01e645e4
4032 b709068835b73f1e
4033 b2e0f664c62d045c
4034 0d6314ffd7f6425d
4035 986687d1695428a3
4036 724eebda9be9fc10
4037 474be58647884ad7
4038 b3f6cb0c1d33156e
4039 643a71cb8b0f5b53
4040 0b4a574927986a84
4041 f4e4f1322b118cf9
4042 5561a5ffbd8800b2
4043 352ab3867cccfb93
4044 6d5a48d527c337eb
4045 7977d360948c7899
4046 05d3840c5378133e
4047 607ededc189ac485
4048 d68c71d42332bc8c
4049 4afb80f61ca6827b
4050 a6f9555e8b29e251
4051 039d6c1cd46210c9
4052 0becabdb44129086
4053 f12141d801b47417
4054 2ba3f0840302b4bc
4055 1fda1b3de15bdc81
4056 36d43fc0b8ab53d3
4057 d2758b2b41559b40
4058 73748774466fc3d4
4059 e9b5c801bafec61a
4060 2b502facbd4953bf
4061 2f679ed5650acaa8
4062 009fb7779a5985a9
4063 3ee7c864ed684cdd
4064 b674a4056c5aafbf
4065 3d6baecfc2e20e89
4066 0b86002a8d1b8ed1
4067 cd2483ea6c39c96b
4068 917d066c2129d8d1
4069 f9cb0fb89da8fb2b
4070 41aa62590aa0c90e
4071 34b05d94e82d4bbf
4072 99d603f4849208ac
4073 550db5a8194dfe7c
4074 a6cb059d99ba2aba
4075 2b2f550d6c7eb8a2
4076 e30fcb1f0ffd42e7
4077 db56b69c907e5006
4078 5545b69b53d9c8d5
4079 50192a83ca064c30
4080 ec4d0fa4319a8606
4081 3df41f94fdfd6354
4082 e0bb8b994937bf56
4083 d7c2d9f7f70f91a5
4084 2a4c9a2ee14915ac
4085 9e60e65e9bd84d1a
4086 5ba2938d20530550
4087 1b27613d50973044
4088 4a1f6db928b33680
4089 d2ef425386d95f1f
4090 723e29bdd19bd133
4091 978d20bc1ba94d33
4092 484f35d44f28a56e
4093 d86607575b3d0b69
4094 0b4ed73f7461be14
4095 577604865ab61d4b
4096 620ea1a4eb40c71b
4097 3adccc6f507d054c
4098 f156d53503e51009
4099 0a75f3ed76bec58b
4100 e587f39b43275ffc
4101 ca8d7dd157f9d4d3
4102 ed60cb397e50b911
4103 901a86c088b996b6
4104 e244a838ff821324
4105 faa9fdde25d650c2
4106 e0776084757a3541
4107 86bb0e271608025d
4108 0fd440599a6f7514
4109 dd7b2f1559ca00ac
4110 264c1163e8489de9
4111 b0c88578b9c365ec
4112 03304e0948aadf34
4113 0587eb1f494ac012
4114 abb6c3910cb26b38
4115 f4209c7e1f399d83
4116 9774b81e72ebaa70
4117 b7a63ce450881c7d
4118 9397a706bcc6dbb1
4119 9f63faf98059de61
4120 729c0f140000e8fd
4121 aefcce87a95be0aa
4122 3383436e1a4107c2
4123 12a99c1592ae1504
4124 cfd4ffff03274e8d
4125 0701bcae11c1ed5a
4126 3c76cc78576252d5
4127 4ee7bbf2cfdc1389
4128 b57b081806db48c0
4129 f658544710f6000e
4130 a3926dfdfc71cfc2
4131 982bb5191fcb939d
4132 646a720ddbb510f5
4133 143ffbff33d72a84
4134 4f09738e1c16ecaf
4135 5311aa5d14fb2c43
4136 40d7b2169b1674e8
4137 93153eb77961db96
4138 327b45edb2e62483
4139 6fe76b9dac23644f
4140 af79142a64848ec6
4141 733c2fff67a2dc7d
4142 19bb90820630d241
4143 e363cf39938a13ac
4144 d5b2d0b937b94a4f
4145 ca8ee71fb89a23f6
4146 42d2ab15fd0ea2a7
4147 bcafbd4e77c804ea
4148 580e89fac614fbfa
4149 a8611be6a120ca2e
4150 3109ea69fc88137d
4151 f5adab89147abec3
4152 3bcfca25a9a69ff6
4153 67684017af55fe17
4154 abf39e65ff4c22bb
4155 82566063e4f56658
4156 5606fc184a23dd1a
4157 d74a837707ebc084
4158 cb866d43219f96ec
4159 7110ce6e70d4e5b8
4160 53f4fe26a7937778
4161 4f523e23c973ae3c
4162 3036e0e511fcc5ec
4163 1fcef14491db9761
4164 b3113c7cb8f59a38
4165 d8231538d6f4e1be
4166 32025f2dce2b38b8
4167 edfa66e6633cb8da
4168 dd1aa36cff93bebf
4169 ee2212b811f3935b
4170 bf258ec8c6264b44
4171 2d6135ecfa80c145
4172 01c110d56acc47e0
4173 62f795a88fa600ae
4174 b6c475bed5a0fdf3
4175 9bfebf1b5408cdd1
4176 d9e9747f7faa640d
4177 fcb5325ad6280c74
4178 9a99c40e647e2033
4179 20bfcae6923650c9
4180 ca3c6fa8f97b71da
4181 0f9750c8d553cdd5
4182 6c46727bf7f37fe0
4183 308a7aa409c6e172
4184 48fe7315e9c209e0
4185 7f466c986bf90a29
4186 fb8e88188f9b14cf
4187 645308057411f694
4188 24b1da9e1881478e
4189 697dcc774141cab4
4190 a976fb3e6c7a33fb
4191 dd82c3b38357771b
4192 f23d1245b04b2ff3
4193 95bc14ea9cbcc019
4194 7b2784dc79b2a9d1
4195 c08179beb63b09ad
4196 ddbebbf358f2f59e
4197 b3d1318231538f49
4198 c74b3bd27c04ffe3
4199 d9773c7a55ca7ca1
4200 c75c9a320a35ae11
4201 45ba451352234f98
4202 b1dea82883066505
4203 4663708865c90261
4204 6585a57f2e95c22b
4205 af2d940decbe4d05
4206 4607bf6aa89f4ef6
4207 0aa6126987691d23
4208 d43ca32f000b3bac
4209 037be21dd15dc216
4210 ac65523a109f8a42
4211 1ef33aba3ba7d02d
4212 11c7c3cf12bf918c
4213 c2fa5812ec3b3029
4214 c5bbda0bc169c186
4215 f94960dacad074a4
4216 7c8399125c54b852
4217 cf8333e864a4f46a
4218 883ec1111b4bf461
4219 914035044a74b660
4220 493187bdeb904cf2
4221 1952e08a5c878cb1
4222 a1701d08c6597109
4223 5b7ef7e6a8ef0021
4224 9890d66664c33b04
4225 fc4fdba33e6c73d4
4226 6afa8adaddb642c7
4227 bda144a87b26bab8
4228 ecb69d5820f6e979
4229 68df07f1482f6c0d
4230 bb19351081e1911f
4231 a4b5cca91291bcbb
4232 d79703d8dca80bd0
4233 59345d80c2c241b2
4234 4feaa39419709304
4235 8e93d732f504d9ca
4236 8adb45f89bad7343
4237 0f14012f5664c5da
4238 cb7bd6ee1a1b0c09
4239 7841f8c431e9316b
4240 c2585e5d5625efa4
4241 a4fcf0caa39b4233
4242 456fd140adf576e7
4243 3c2a5b54f8b624e1
4244 11b374ffb93cda7e
4245 7a21b9dcd51959f5
4246 25d452ca468e2930
4247 2906f2024054ae75
4248 20ad90cdf19c4d86
4249 eec8b38f87264ce0
4250 f2fcbe99b78d6d06
4251 4acc6fe61db7d81a
4252 5a44b0ccd6431f3b
4253 cfb9b8e54a9b7a1f
4254 724433e71c87a840
4255 c62fc8d0dad48853
4256 61bbcfcbee1214b2
4257 2a3d1ca55cb706b3
4258 00e6186ccd6f1442
4259 f13068e18cec4982
4260 7067c6344491b3f3
4261 ccf7e4d3a10c3e8c
4262 bb539a461c48e21a
4263 b7797fbdae682e8f
4264 66f78aeab1f6b5c3
4265 37892c8eee2bdc50
4266 855ba1855b4f5436
4267 d930a86cb7e382b7
4268 3d4aad832322190c
4269 cf4c0ff60267d1fb
4270 61424cfaf2d061da
4271 86caf223f49ecb46
4272 6577dedb86a704ab
4273 a055936b32f1e6e0
4274 e0c1d517a56a988b
4275 87f3ebddc1d68a13
4276 cfa4b32ef2fb01ba
4277 5a7b743fda30cbe5
4278 83ce4e9668860084
4279 fb7d536f3040dd1c
4280 64194d4e72cf0f20
4281 a174bf41c3951d49
4282 970ef778b2168b03
4283 847134bde4e21148
4284 f7fe5262a825a65e
4285 1a6451057877c881
4286 8c448dcf67842d07
4287 c231de6d6eaa79fc
4288 5f98e6779d14f83e
4289 d5139590f9b89c65
4290 2ef7138f9a7a2df4
4291 5eabd04e087563dc
4292 be5d7d0a4688c484
4293 d5bea015811c2280
4294 b84b3922ce73495e
4295 19ed78141991e0b5
4296 232b5e6487ea9376
4297 e386661ac024e613
4298 6624a313aeeffdef
4299 04bd2cb92ab2b7cb
4300 1c08a6b64a218037
4301 212e4cf857d8ceaa
4302 0e7ac38a2edd4c5e
4303 b8a5d65bf2a557f0
4304 42546531bb8962de
4305 2830ef90677c6ca0
4306 227e4a38e55cb467
4307 2a96bfa9cd7d9275
4308 9609e6f17fa43c5e
4309 af460a3c996815cd
4310 9f1e98a68472676c
4311 05e3e3b2342d4128
4312 7615ac441deefdc0
4313 ad6c31c3dbfaeca4
4314 c1dbdddcec0f24af
4315 aa23aff8909c38fc
4316 9129806ec59ae718
4317 156d11304b8e38b7
4318 eeec07f7059b850b
4319 061cd3f316456299
4320 522749c5a42e1b46
4321 a4d892b965e728a7
4322 157825fac62bacb2
4323 588c4eaf87593841
4324 83fba098892017bb
4325 949cedda009f6834
4326 a9287fde89b62a92
4327 fcad2fd6ac60227c
4328 983ed936349d4ca2
4329 86aa47f3182d8082
4330 0f327b8c1de209b6
4331 a3df54da4aba62c0
4332 a978b35595fe90cb
4333 fba017d43ad08eb8
4334 30dc633961df18be
4335 ba64ae4a790f5c25
4336 21973eddcc8c03bc
4337 0c420e234e8bd117
4338 6b6836fa214089ef
4339 ad6c694ad4fd17e4
4340 ad2898b5f639ee4e
4341 8fc2708fe5c45d3f
4342 c30895aa631cba90
4343 8563127e2697cb7f
4344 9e5fbd78b4b60c93
4345 a0ec5d19dac91748
4346 ed03e20239224982
4347 c6099e7e590db936
4348 91ea4e81194809d2
4349 d7e6867c7fd39858
4350 3c9c2dd5e0b09a0c
4351 9d41044f2ebd62de
4352 fc5290733191fddb
4353 e192756e73c1f68a
4354 bb847a513a639251
4355 875361e03ad82fa5
4356 d0043a9c624de8cd
4357 c4e195d75fd3ece6
4358 3362d819fe5db1b5
4359 f1c4b53dc908acd4
4360 ad169d8e5af60d16
4361 ae6460a3449ca8ec
4362 5c0ba6b292963705
4363 41ca058d67acf003
4364 c12942af739905d3
4365 49f8fe08b6776737
4366 856f64949fbdedec
4367 d5e44e97914f07a9
4368 7082f639d7e2adf2
4369 3cb980c6fe9bfe5d
4370 74f670d598cf16e3
4371 6bb403d05edc46e9
4372 a469c48894fe149f
4373 f0e61f1648ded000
4374 5a28848be7f5d121
4375 8d908d1b47f48780
4376 8f5926a20853a9a8
4377 b67d8e4cc8f7e924
4378 227c3106091ac951
4379 3ccae6304fceb9b9
4380 9c52759cad1e164c
4381 46c2e9896f0163ac
4382 f56473dbd2d34ee3
4383 1b71cdc0f7586fe9
4384 f1f23ba03884ad20
4385 4d1175c3c1d0bd5d
4386 b869c70f934d5760
4387 6cf93f84a4e0a4d6
4388 afacf4a6f6d7a5a5
4389 443ac5e9e0b6813f
4390 4928dff2317a9e9b
4391 cdae9096cfbc257d
4392 6d71f73ddeceb490
4393 e7024383792533bd
4394 eb697c7134c101f1
4395 25929e59830330e5
4396 abc11ae501f59e7d
4397 b955f0f89e927668
4398 855f2ac84e760b3c
4399 a2be2dd328386389
4400 8d327c0466d65648
4401 df6014fbc2b9c80d
4402 bdad16e6636edf8b
4403 06a8bc1060f8fa57
4404 68cd41cc8c2e329c
4405 689ec66764571dec
4406 86510a8dd4939dcf
4407 452d686ec6ae0fa3
4408 a992811534990d7f
4409 9c6065986170cd99
4410 1639dc3a848d36a1
4411 844e1c4b68472ba0
4412 4abcaa226363cf17
4413 6ce8bbb5c1cc251d
4414 69d65eeda29f970c
4415 f5d290c88f78aa2a
4416 6eabf884cc6dbdae
4417 5a4f1467e385f04a
4418 35dcb764d19bcf7b
4419 81da1c34eb7b767a
4420 8f63a68d80bb69a3
END 4420
