1 b9d103fd6854a325
2 b9d103fd6854a325
3 b9d103fd6854a325
4 b9d103fd6854a325
5 b9d103fd6854a325
6 b9d103fd6854a325
7 b9d103fd6854a325
8 b9d103fd6854a325
9 b9d103fd6854a325
10 b9d103fd6854a325
11 b9d103fd6854a325
12 b9d103fd6854a325
13 b9d103fd6854a325
14 bf3ffd926854a325
15 b9d103fd6854a325
16 b9d103fd6854a325
17 252c8f5e6854a325
18 b9d103fd6854a325
19 b9d103fd6854a325
20 b9d103fd6854a325
21 b9d103fd6854a325
22 b9d103fd6854a325
23 b9d103fd6854a325
24 b9d103fd6854a325
25 b9d103fd6854a325
26 b9d103fd6854a325
27 b9d103fd6854a325
28 b9d103fd6854a325
29 b9d103fd6854a325
30 b9d103fd6854a325
31 b9d103fd6854a325
32 b9d103fd6854a325
33 b9d103fd6854a325
34 b9d103fd6854a325
35 b9d103fd6854a325
36 b9d103fd6854a325
37 b9d103fd6854a325
38 b9d103fd6854a325
39 b9d103fd6854a325
40 b9d103fd6854a325
41 b9d103fd6854a325
42 b9d103fd6854a325
43 b9d103fd6854a325
44 b9d103fd6854a325
45 b9d103fd6854a325
46 b9d103fd6854a325
47 b9d103fd6854a325
48 b9d103fd6854a325
49 b9d103fd6854a325
50 b9d103fd6854a325
51 b9d103fd6854a325
52 b9d103fd6854a325
53 b9d103fd6854a325
54 b9d103fd6854a325
55 b9d103fd6854a325
56 b9d103fd6854a325
57 b9d103fd6854a325
58 b9d103fd6854a325
59 b9d103fd6854a325
60 b9d103fd6854a325
61 b9d103fd6854a325
62 b9d103fd6854a325
63 b9d103fd6854a325
64 b9d103fd6854a325
65 b9d103fd6854a325
66 b9d103fd6854a325
67 b9d103fd6854a325
68 b9d103fd6854a325
69 b9d103fd6854a325
70 b9d103fd6854a325
71 b9d103fd6854a325
72 b9d103fd6854a325
73 638981f5a8e59349
74 b2ebf1ca0e7bac83
75 7a3a349315f8b09d
76 e21a3cd5bf96b178
77 467065255b96b178
78 e21a3cd5bf96b178
79 467065255b96b178
80 d1e532a45f96b178
81 4511ecb032633278
82 024b069f839cb051
83 2457dcf8a7f318e0
84 896e1bea750f8c40
85 f1637416db970248
86 0a10230cc834adc7
87 60cad38323358198
88 e99c56b5364845d3
89 60b4c5d9ca667ead
90 95c59834150422c3
91 afba3a3ea48ebe0a
92 f9b04d303c8a4591
93 73d6daf14730f888
94 cd7fbc855395e40f
95 9ede8ef3d3afc556
96 d8400e9153cf643d
97 9f6ddfba1dcdff84
98 712178d15362d70b
99 c7197f33baa70e52
100 3e6c8b9730155139
101 4e47e0492f1c06d0
102 f0ae729225d3c7b7
103 57f5ee9aef177efe
104 932285a88e223e85
105 cbc02f876a18f5cc
106 33e3a4cee3d0b6b3
107 3cc280b67adf97fa
108 df112a374628dd81
109 11df079f2b6ccf78
110 3e82c088950abdff
111 c4670fe1d1265946
112 d1822bcc0150b82d
113 689b79b514543e74
114 91af67a8e630713b
115 0d834087eca50c82
116 fe3eca2bec600169
117 4edf7ff3c7164200
118 b5215ed8683e8fe7
119 c7a441dd06ca2b2e
120 67018c75696b02b5
121 f9955c886598dafc
122 a678ad4a439dd4e3
123 dacf38908668442a
124 3c19ef0ea232f7b1
125 4d232f5baa59d84a
126 533a09e24d2f6a2f
127 be2c04de9e892176
128 03d8777f978df65d
129 89b49c82d587bb96
130 33ee98b70fe4892b
131 37e2cda94287e672
132 7805e36204008f59
133 5dfeb7c69902ce92
134 e118a173485d59d7
135 983e38a410c6571e
136 caf0ee197ce5f0a5
137 0cb4b7f6bf62ed3e
138 23f5182fd229f6d3
139 c3d3bf45bf56441a
140 0dfc32c5261819a1
141 b03af3ac5f619a98
142 0d058dac462b501f
143 54bdd2005cff3166
144 af0e260cef21384d
145 42d0097a55034594
146 8bcb439a52a8235b
147 dcea549fab5334a2
148 b530bab5edc98d89
149 9bca16bb7c764d20
150 8193a49dc4782207
151 5553ec564680534e
152 6a373f5be92ab4d5
153 8876541377c4761c
154 ae6f1e9c11760d03
155 917fbf4a3ba4c24a
156 cddb7a3dbc8b70d1
157 16190aeb994582c8
158 be0d12a89e101c4f
159 3dce0dccb8a5f596
160 ca2dbeafcd826f7d
161 873c7288dddc95c4
162 8abf4a32bcb1974b
163 c79e90328ba89892
164 5b01b63ca8920c79
165 7095f25ee5bc5d10
166 efb6b20b7090b5f7
167 355f6fd76f2f973e
168 6c624b44c58645c5
169 87107b7562ac2a0c
170 53dba4568122cef3
171 ea914ca54c3f823a
172 c69d2ad77889fcd3
173 1f7f1d7c1af04cb8
174 ae012ff593aeac3f
175 f5cb96c46ccf1d86
176 9a53cb0a53bc561f
177 200cdb2c3e50e9b4
178 e119c5780ec6cf7b
179 0f5a0cd48537e6c2
180 b9e62d580036711b
181 694941a08e6d2140
182 133cf19d7604ce27
183 01f815f5c1bee56e
184 1bfbc6426c74cfc7
185 6ff693ccefb5163c
186 55404765d946e523
187 fb0e2140d1d72e6a
188 bce418720b2529f1
189 5e820f5926b914e8
190 50e555c4bbe2546f
191 e09848617b89a7b6
192 aa1def973a7e4c9d
193 5856e2f177bfade4
194 12ddc2ac8588df6b
195 258f3bdc972f24b2
196 1f8c9e47fa101999
197 58eef5cbfb049b30
198 2917efb3fd02de17
199 e7b653fc821e435e
200 87c9d7105e4f00e5
201 31fec5c080d5b62c
202 0d935438edf22d13
203 cd391637f9eeff5a
204 600317084056f3e1
205 80e036cbc44c56d8
206 9ce314a41587805f
207 6634f561d90506a6
208 096364d56febf28d
209 1c6664cc2eb7c1d4
210 9afa821eb82fa79b
211 ced38ae571a729e2
212 7ccd4d6e414cc5c9
213 fa1fe0b3268bd360
214 c758f3407139a647
215 bf736782793afc8e
216 729ac55b6eb90b15
217 6586619a5fdea25c
218 ce32aa4f26f04543
219 d1e937520fbc4768
220 728cf5970f43b811
221 f3e4ce4d9f87c108
222 da879965cd7d2c8f
223 d2b0ad15cae5a264
224 cc9269f2d06aaabd
225 f2d31332cfdc8604
226 854ea545fc6b1f8b
227 c60653c8cc1dd1b0
228 4fbd65949d3ac5b9
229 3cc863712c614750
230 ba4119e9b1597037
231 f7212cb6563202ac
232 dda0ba5ee6a4b305
233 46ff41fd8065604c
234 7c62ff226934b933
235 7eed68d7d0a10c7a
236 bed348b5dff45001
237 757fd2f08f0a7ef8
238 7d0edba32110327f
239 f2c05ec623bca1c6
240 287db0ecc12038ad
241 6774fd1563f43ff4
242 b238d5c2434135bb
243 cb85f30dedfec502
244 7e743d766bbe5fe9
245 5d97e75aff4f5f80
246 6fe864f517c55467
247 5466638ca8f203ae
248 9a5e6d72893d9d35
249 4e0f905ea4a9487c
250 38a03b09b7d2be63
251 793a8a3e6993b8aa
252 7a24bfe3f4c51431
253 7032be2c973e9928
254 cee13d3af6385baf
255 025c867738c8b9f6
256 309115c024d8e4dd
257 5705539425d53824
258 1c82768f134db4ab
259 62d41aafc32aaaf2
260 decb69877a226fd9
261 baddb7c6a4cc1f70
262 aab39b2e0fcae557
263 6c4e301735b76b9e
264 64fff4c0d536fb25
265 f2058c170f84126c
266 6c0b6cbec0ad4eb0
267 1f33bf69eb6126b4
268 62094962f943f1ff
269 1832262f4ad14c2a
270 664c8d444a740c5d
271 64f2d1296b407ba4
272 612ea766cd63f02f
273 a6d9dff58949f776
274 c3e697b37e962d79
275 a786a82b69d40310
276 26bacf0672f1ad4b
277 a5c2d3f9a7448e92
278 03224dfc5f97aec5
279 764247e9040dd00c
280 a160bdf2692d8bf7
281 d8bc66aac8cfad3e
282 595cf707bb2d07c1
283 d1390e1ecf2e12b8
284 7f0a228841a794f3
285 739b74fa8e16cd3a
286 deceec088a50e66d
287 8290b832364a8fb4
288 a6749740ec26823f
289 8ee65ca62db15886
290 645fa78b93695389
291 500302a9ba722320
292 a2a44cb37b86395b
293 a691aebade821ba2
294 2c561dbaf3065ad5
295 311441b6ac70fc1c
296 0712b97553c53807
297 eef3b4ec9a4c1a4e
298 2fd64c74758a49d1
299 1a3aa5b7ad4e78c8
300 772651a83b8252d3
301 c5c7b0f00972c189
302 9c34e420aa6582bc
303 6482742740d55607
304 365b5029a6aa7fee
305 76b56c29cf8f58d5
306 77fefdb4c181a1c8
307 65d5112a8e68f663
308 599a7a79a1833d31
309 d7794fb402a8b721
310 e3c6ec9caca80daf
311 36d145ccc3dd5517
312 2af478b82e1eb3dd
313 41af50a53bfbf5d6
314 65304e1f2737fcbb
315 0e0744d88163d802
316 a7dc0a1a47fbdee9
317 988dc10dfd9bcee2
318 1fb89dd1ab69fb67
319 699daae9c2331aae
320 37ce38cd34ff7c35
321 1ecdc0b3181c7d8e
322 1bf7087a478a1453
323 19805794529faa9a
324 825eb81988ed5721
325 7ecd2a394b543e7a
326 a0940984e5aecf9f
327 0c0414414f5c51f4
328 77fe2d26a9b427cd
329 41a258f2cedeb3c6
330 93681cd4a0ded6ab
331 366420c79fbf5950
332 d04bc3bef80d4ed9
333 ae680e422fab84f1
334 450ac74cac272757
335 a5d6afea52fb624c
336 4e6f138e3a343a25
337 4adcb20409eaf16c
338 3e54918c54cf3bf1
339 86400c14fb56994a
340 225537a90bfdae50
341 36faaae3bd7d79c8
342 225a9d42ea299e9d
343 e2cbde250fbe0c96
344 75f70d90c5f6666f
345 4387e6d848c058c4
346 bc8b172b866f65a9
347 659231726e0513a2
348 88769147a9abe17b
349 e4badbf3ddad8c20
350 eff9f23991558cc6
351 4386812d6095324e
352 ef8c09de9808e027
353 1fc797ca12e9a91c
354 20fa479580c3fdf3
355 0ad6d0c7a4fe68d8
356 6e5eaa63f64e20c1
357 c2113efb9bc8b0b8
358 e2a4e38b956beb3f
359 1e4e1d1e27c713d4
360 2aa0eaaf0efa3f6d
361 ff27bf9aa1864db4
362 d846f2dce2ad664b
363 1a5f1736ad5eed30
364 d388e9efbe4a7e79
365 b26f34c6d73e76b2
366 36f4c071aa1c64f7
367 72f577e8ccc6238f
368 58d38968c5fdf7c5
369 0f84de307b4a555e
370 c8374e0bc3edfc23
371 7805b0575ef8aeab
372 09a30c10f8a6ccf1
373 5fc8f5abc092d44a
374 16ff2af756bf236f
375 67502a12451f9eb6
376 86ba7841a3c94e4f
377 b0792226947b30e4
378 b0525b161ff00e7b
379 e61945bf89995f20
380 1ef3d3b67e5896a9
381 a707083ac81a3840
382 46784329f5d1c6d5
383 d06abedc3f24c46e
384 d3bad440aa74a3f5
385 21b3da34a1e5154e
386 b1e831f0e23bb013
387 35352fdb8435715a
388 ed453b1e4e5c20f3
389 ddf7d27aeaf0b1d8
390 59f16ae8cd46975f
391 2f868f1c188f78a6
392 515ab0d5b685be3f
393 5072daba17fcf0d4
394 d4fc09e56328b979
395 e02a77287aeea3b2
396 030ff9b9b0cf3099
397 213d413b001aea92
398 bd52130dbb8fbd17
399 3ec981472dc7825e
400 08da979b4c56c7f7
401 c13f0cb16b5af92c
402 5bd1f8043f55e5c3
403 d646697af02fbca8
404 ceb29200deed5c91
405 6b7ab379b4fc3b88
406 55ed1711210f485d
407 3cb14d8cb1608856
408 2686ed58a1377b3d
409 e9ad1d12bc215a84
410 5517616350733369
411 b91d58f38c9d2362
412 9d3614703689c33b
413 f8181856428061e0
414 c393a47f00464cc7
415 17ab708c6df2affc
416 37c8833d795e6d95
417 20998a62236024dc
418 ae26cf73a2416ba1
419 65cbc6c231695afa
420 361b210e926ae0e1
421 f7339cdb7d8459d1
422 e8589e306d6e1f80
423 eb1027fc7013d24f
424 97b6f705605b8502
425 6c4bc13ba8e5787d
426 c3ce5ab7f7abaac4
427 ddafdcc455426070
428 7a9e24fd0ca34939
429 c664ab1a4ed83272
430 6613724e042688b7
431 b4e1aa3218b473ec
432 4d28461783f3fb85
433 5edbc11ab417a31e
434 6cd410e0777845e3
435 5c2671fbccde4488
436 f0dc7ae79d41d8b1
437 4d8d2f0dc4449c19
438 78026ea234f8272f
439 0574c42f94f64b84
440 b8420818bb3cd75d
441 4ae3ebd32b3642a4
442 dbb022b41d4eef49
443 67f72c72b32d8582
444 0eecdac36ace5269
445 dd580357fbc08200
446 c3b63454a82e5a95
447 ab3e080fe5e6a42e
448 d1ad78c9a1dd5385
449 9f5edff04a5c1b1c
450 844b9dfaf24825a1
451 6e3711162f6a01c5
452 53a6c16ca9d95803
453 1c3065d1e6eb961c
454 3ec5a099932cf0c6
455 8fb2a75b8c6d4d99
456 aae7c3f81e4ec8f5
457 668bc52738f4090a
458 1aa4ac26c4b1ee21
459 6edb645a9f43c75b
460 40e90a308b613ed3
461 20e2ef9d4a73612a
462 b0cb768208ccb01c
463 d673e58c93b67353
464 8ce19ee1b288c292
465 af4fa53ff699b1d1
466 66a1a3600e8ca5ab
467 1eed66dfedd75d1f
468 def9800d0c19d629
469 e081400a10a6382c
470 6fd342fc4be2a9f7
471 4d9ea1ed912f7f0a
472 389c739dce483ce8
473 a65e4cbfc256f3fa
474 49c3d43cd02af06c
475 94983ce5e253c052
476 976515ec4a927300
477 092b4e31e5b6a012
478 614711897e8af81c
479 4448e0a07b09804a
480 d31e41ad9a3b1758
481 b82979857247fe7a
482 b003c31fde72533c
483 0cf51f07cb001aa2
484 e4e28f1fea62be00
485 23d60c4f26563479
486 54ecb7d40639a804
487 04c25e05dd88e3ed
488 a9754d14d2be803e
489 760c3fe3825f82a9
490 c738875c19e653f5
491 b37f011c11531066
492 ee2d57b2234856a1
493 5f2d022fffe0d50d
494 cadc31d7244fb8c6
495 4c0c29ac6fd779f1
496 ff22ba08705f823d
497 5b02aa14c7a543fa
498 fb899f81fb1124d1
499 477e754cc9c0f78a
500 99ff4516fed9ea08
501 1e143a6231d6490a
502 eacb6534928b2f8c
503 e025f155924041b2
504 87f563e3d4e5c9f0
505 e5491c13e3c443a2
506 b8976307793ba67c
507 eb98e4bb915b32ca
508 ee86260217431db8
509 1a9e6a28a83a652a
510 922c0696f59ef4fc
511 c687940590e4c7c2
512 e5ca95b42ad2db70
513 af98137365e84232
514 c35932f999a7044c
515 1d96368850cdf8aa
516 9ea48e34f93ce748
517 0e7fe9f38bb6292a
518 09727dac40220bcc
519 b7f0dade8f579eb2
520 cdb2f17149724fb0
521 2833d466329c6779
522 1608c86e6d3c5274
523 ddcce8b26261c1dd
524 27fedefd2c7f3d1e
525 09c2378b9c044269
526 25b8863bb1ce6215
527 99f608b532497426
528 e1be7bde971d95e1
529 3caa8a395a22f7dd
530 c0080936d850e896
531 5c514cbd4ac1de91
532 e7c47a07816834ed
533 4a5792a9e5abb8d5
534 1167f82b1e197491
535 85dd1745e5d42d7a
536 3417c53e14442eb8
537 6edba912839540aa
538 3741a518cfc5e05c
539 baf822786c480f92
540 870d7841c7b161a0
541 16d1db8e02846992
542 20c41184f1cfd46c
543 5d5448db1c3c497a
544 0d875c8e1ce2b468
545 7a6c5d01a01290aa
546 2ed0d99414e88b4c
547 4409333f51a5b7e2
548 dcd122ebd528c040
549 04206e551e99f8a2
550 b30b5c58f60255dc
551 5fd50b477725e03a
552 833dfeb7ea2cc4b8
553 46bc33579431698a
554 755969fd35cce6dc
555 b51d0ee640ca5992
556 047fcf726ff84760
557 ed4a47fb85fdbf49
558 bcdef4a52d01ec04
559 775a1579985efc1d
560 3251ed4e9382633e
561 6e386434439f48d9
562 8c8b95ac12ebe995
563 fbd20c0a2a4b5b16
564 f419710cbc33f721
565 e95be05bae85db3d
566 f8a7982a7ad52bb9
567 a295cb040f957221
568 c053237bbc4619bd
569 de1c55f802ae1345
570 894e64807177ae31
571 6a348848eb10695a
572 1b896ea1bd50d3df
573 219cd796a6db829a
574 ffb9dedac802f00c
575 e257aec6552b2ec2
576 689c9c1f7e05a970
577 8ab0e226b1caee32
578 3ccd14fd63d964dc
579 1eab7c37804c15fa
580 552a411416eb4238
581 f8cf6b3ce9d5e29a
582 99b9e84d2367519c
583 b33031b9543236f2
584 a5d6bf484661c9f0
585 e1347f13a547ff02
586 fdcc8eff82895e8c
587 43681b0abf38db5a
588 d772c7bf5d4c1208
589 8b1720c95395ac5a
590 99c3c9ab7a5cc5cc
591 f166417422dcb722
592 b3525d1515839eb0
593 9ed131a2bf2f9f69
594 5b9944e811ab9534
595 23ba9c52cd79d4cd
596 c234b641abe6d99e
597 7335dc166dd29708
598 218a0e1eb8645f20
599 403e21d053533bb7
600 8e1e520cc1f41941
601 ac1b5590e5c64cfe
602 5114038564101682
603 72c32a84c214c08e
604 fc73776690360973
605 f8dcb30b939c9c36
606 267e095b116833f1
607 c06ec806fd73e08c
608 9ee0952c4a614470
609 5c57bafedad6238f
610 df090d039d27cfb8
611 cbb4ee070ed2488c
612 4b0f4a6a913dbd74
613 e6dc22195b4fe098
614 007626c3aa66b470
615 dc4d267f1f12755c
616 6b6724a12cc28574
617 c31ebf5f44e2e790
618 1e9b4e4ca171b188
619 2961b6c60e0a2d3c
620 0a22202deff82494
621 c03c1df95fe84ce8
622 d9e5880e570ac510
623 72bb5c86fc2d68ec
624 47f9662a90cd8b54
625 634b45bb6b177710
626 bbf9f67d6eabe598
627 68ebe16059f12bac
628 7eced3778f8ca234
629 da529bc58c5c099b
630 8ec01e43c89422a0
631 8b575fff076f5b93
632 87f479a90f0ce972
633 0d0c38f351d9f6a3
634 816bfa0fc678a681
635 51b9b120802bd72f
636 97f25743b82032dd
637 fecd02dad0a84adf
638 9bae9f8837bfb5ba
639 7caf06adc1344657
640 aff606fcb88f2ef1
641 375342899a8b1220
642 10e18c2dd1b843e5
643 acc343de7020aa04
644 dd13f02be159409c
645 c20ea955b1840e90
646 22c9ffddc2e0e430
647 02c180b8dce14024
648 ce6c83ad6190930c
649 4b618d1f516873c8
650 14e4d08f6f5f1b98
651 0ee190e1eb902844
652 8a0787b29f75c58c
653 361d0834381fa550
654 04f083338e08a870
655 669a36b3966a8284
656 6f32d6390b99f11c
657 67b9f1f8d4b57178
658 a8c3c2a1bc29ff08
659 f9ff0b0b2e4c57a4
660 869f19f13165809c
661 8c17208950fb7bf0
662 5f4a073fcc430a90
663 016d188d11b1f0c4
664 068101c9bdc8092c
665 4e24a3bd42d7621b
666 e510390a70df27d8
667 287e306ac8f7636b
668 9e97d0787b422b7a
669 af5a7609b0417373
670 18c68f516189cf19
671 283367157a86e7c7
672 7506584d75f02cc5
673 42175d7a2fa220ff
674 7f12bee7d48a0852
675 cccf654c24321faf
676 aceb7a1f5c5dc659
677 ed91b630f5230ff0
678 77b470471fb4541d
679 72037e8397c02f6c
680 0952640a9af0f164
681 8ed8f47452072b20
682 5e1a08bfccf7ffb8
683 75793b04fd0db1bc
684 cb1eddadf5f80fb4
685 2b2bf7b82acb4328
686 152d6d0f541d4360
687 f789b66c42cc6c1c
688 065ec4319afe4ea4
689 5a631ca8245df3e0
690 3a4e04c6eaa11868
691 c69c9b6dad6a832c
692 fab8c791e64313f4
693 7adb99905bcd2238
694 9f5033856f95ed60
695 7345de48ae94f98c
696 f477363b1061c084
697 f8a638e8deb15dc0
698 e78aa2502f3b84d8
699 11e99ce1c9ec5e3c
700 dc3cbc16d78cc4b4
701 972001bd19b8a44b
702 6d4cea5f024e5a10
703 75e2426cb6d320d3
704 34aee9f456c349a2
705 6f6d392431b971d3
706 12300b64583b8081
707 deb20c23cf1854e8
708 508f09a3f0470e5d
709 25b60c3ccd84864f
710 a58b067d61fbcf6a
711 270eeb515cd2f6f7
712 b654cc98d45faf41
713 baf186b18227dfc7
714 b631fa27ec64d8a5
715 74547b01a946e1b4
716 0a28c1e63d8fc5ab
717 1d8ac1993ca68f20
718 e873d8a2257e83c0
719 14676403bf321ce4
720 292f28b074a02adc
721 b2d87177c9eb5758
722 269476172563f6d8
723 0ec49c8ce09fb2f4
724 8d41d5a268e7a00c
725 8c40a8b01023a660
726 73e5fd46c8c2ca80
727 e24e8d5f9c5ae704
728 76f9201c008040ac
729 59872aca9a858da8
730 cec54572ce2ebdc8
731 92539b6a894ba874
732 cc68369260015bdc
733 bb6214e6cd3a2660
734 4f3a4a0df5307840
735 da8e046b10dfb884
736 84afcde5f567678d
737 a7737f1023caeb67
738 60c0927e5506f363
739 33ff2de2581bc975
740 015d76e06c64d710
741 e407cd346f358214
742 6de78fbeffa41acd
743 c1f4a2e52c83a9bc
744 5027321c463fa26a
745 13fd117a6e4c4f4e
746 0532878e19cbb63d
747 212413eb15990917
748 58aaab5b1aea7c5d
749 911bc3e2729cb642
750 5b7ea2ec8b7bf03a
751 c5d8b4fd2669e0d1
752 99927e0c79f0c32f
753 5bab9ba5d6993225
754 f93718367d43bf3f
755 78d9ef1a12d74dd9
756 d838abc7b3fc39bf
757 d48a23341760a315
758 3a24e23c5857046f
759 7e85d2fc68a4a8f1
760 83142e94f33f919f
761 80ae9bf0e5ff14c5
762 f1bb01c1057de8af
763 37029f18c9582ac9
764 bbc9768bf470f7af
765 1febba3e7849a8d5
766 cb508b1d8e7fe11f
767 8bfcbcb52c9f4871
768 37cd8146d56bb56f
769 6cf3a0d17293f1c5
770 1a3771392a21fd7f
771 2ebe04475b10c5d9
772 6711a7d5e239291f
773 6afa9b8752b7a33e
774 f8ab91306f63a2ff
775 6655689905ce8f66
776 3b59eff5434ae411
777 d862d314a1fee9de
778 20dd783343e5f09e
779 d6245c7da93601ad
780 0f7b7aa99a3a70fe
781 3b3fdef9c023b9da
782 2284952fad821162
783 e2d4fb2e5c930d62
784 11bc180e9cbec282
785 dfadea7533e779da
786 5c056030195ede5a
787 6a9352a2a1a12bd1
788 ef90bcb658277eb0
789 11d6bc249d78037d
790 ec9ba6ee603b0dcf
791 7afed99bde0d9889
792 e932db13734047e7
793 1f7448794d12ff5d
794 be8f76c7277182bf
795 ef6a90531f276ab1
796 408645c6bd32b557
797 e030f763432e214d
798 8f1bffb53482139f
799 4e309a0fa11f65d9
800 0786d12efc4fabb9
801 9fe05728610f22ec
802 a03ee524fdb27876
803 776977f5997a3254
804 788508bfb86000c6
805 861eafbf46cab3e9
806 5449bebdf27e36ab
807 94e693404342f330
808 92e5a16ac484bfef
809 138e93f507b241ba
810 2c555352ba62d4a4
811 308a0060a0cfebce
812 60f2c328969f2811
813 bb92acc6a05ce825
814 5120bd7d5a07158a
815 17cc600e1f8cb704
816 3ccffcb8eeec4d40
817 dbe0ba6884d77461
818 24f5db87a6aa58b6
819 0e0b76a5c8a3d3d0
820 18ef0964c7cf3588
821 2aeb5c626c368757
822 29d5e7f145d48a09
823 e14fc7675dfaad27
824 9a71b7e85a023840
825 2d25716644ebe932
826 57ad3b64b554a462
827 6c326297cebefd4b
828 a70a8cffc1af4261
829 d7fdc21f1dcbce16
830 5492bc50f42636fe
831 0dcb2024e9b41b81
832 6fcdee8c074919db
833 db5c8d6bc5a0f217
834 f00797108a7ea9ba
835 69d1d772bf89447b
836 024199ff26071377
837 beebdda675616541
838 c2a1acd4d67b86ee
839 71666ee20348f805
840 ed05e49e4000b767
841 53a2969ab393f005
842 1ca0b9d3edaa11d0
843 7424402b7a9e6bf3
844 1e4287bec06b01d0
845 187128118ffb7bf3
846 53c68fcdd6340d26
847 6c66f43b99cee3c7
848 453ec0b0ad62a526
849 4640227aa60bb67d
850 6bdd5a0908f347bd
851 170b9d006b15b8b5
852 3729297979bb0a8a
853 6e2c3732442047d7
854 6499018520831ae9
855 4e029bb5cebc5069
856 4fa821d5a87e7994
857 68a5a9f6d9de0903
858 d743a517cab4413d
859 a99e260e6c360869
860 07837e7f42647f20
861 48c8a6467294fea1
862 8d77b3b61f535134
863 2afcee3eae10a6af
864 cabd6111ff41cae8
865 0353fba89849eb65
866 3a30c9fb6a606ce9
867 f96534a1e21fb165
868 65024fde9e605a0b
869 b4095c7a255300af
870 f1f0eeb50caa997e
871 2fddf6c74da48ca1
872 e862ae5127d5ea1f
873 9ce3c9a797b1725b
874 8b1c26277e895427
875 0abdedc8fa2596bf
876 0aa63b712c4f7f71
877 55bef01e7b24a5b5
878 532cce616d140488
879 096c3a7a54da6cab
880 81e62082a0b1744a
881 b1c5575f46145771
882 785f4a38885c5d0b
883 d93340a74ce7aead
884 cf9aeeecac0424ea
885 6a9f4f193af31a29
886 fd59c891715eec34
887 d64b34ea90834c04
888 051d69ee13b94527
889 47f0b3700cccd115
890 41b461d6eefe4157
891 54abf35bd8c3f2bb
892 50e8a1d077375598
893 fac7c0b95b3adb69
894 6900f9a76732230d
895 8d2d4de048804554
896 dbf8af23c80b14a4
897 9e5c25a5f58586e2
898 8ae1070e4822bbef
899 a77c6cba6920a13d
900 51fde8a5c4d0e93d
901 8198a28003a09db3
902 31b7d94cb3b93504
903 f4a36502a4d4b34e
904 06bbddc6f5fbba52
905 ff3aedab8fb98b58
906 04136791a87e7ab6
907 098ce0b284681f96
908 1682a60f51d5af6b
909 e3126d230c8b5fd3
910 7013d23c88ec3996
911 9c92f16d4edde5e9
912 dd0ab2e88d10073b
913 ec6c157234ec5d08
914 0de986ac7f8d5b86
915 d354336f9fc4c909
916 75dd52ed06b39c7a
917 6dce63a575d2c568
918 5fcfba0ebc110500
919 c2b80f52ee703199
920 028e082c11c59ab8
921 15de3e5ac8fe39e4
922 fc03df86212db6f3
923 39537c34db4d6b78
924 a9d1dd1f9af81414
925 7f55f714361a76df
926 943c0e83a8c81369
927 0c6d4727f87b9c07
928 0580fa11e0c938b9
929 7d425f46bd81181e
930 07599efd212e5628
931 2d656870b6494283
932 19b303c0b129b9ff
933 ab065a097ecf2cb1
934 8fb4d4fb3c5e470d
935 d73fde78b57befad
936 49093cb953cc26d9
937 39569c8c4f72eed1
938 6c8b1ea96b6b04d7
939 7bcadfbf712068b3
940 1debbcd254d43bfa
941 c8ac783a91c582f5
942 62f31b3415104bde
943 7e809f55a1d16367
944 cb3f1b2ddb4d8546
945 22e9389a5f02ce6f
946 4ee6dff31d3c48bb
947 34a1c29957fa71f6
948 c48a85dd7f2a6aa2
949 f48b236e85e64d86
950 787d300251991604
951 04a359f85120aa8f
952 3d210ce0da658fe3
953 ce2d7d2cb2093d8d
954 a1467d5748e4a707
955 51f009a51175cdc9
956 f69a7196fb028f84
957 29215cd6eb147a8c
958 1187e2d75418db3e
959 d45a8389814c0d46
960 34fa9eee9b5cc222
961 9972b2aa8d30f619
962 bdccc0e61785a305
963 897432e449722ec6
964 96cd3bc14010bc1c
965 37b4b090e7d332b6
966 d9fedff55775ed4b
967 784065e4d72512be
968 c43207575ab78097
969 c775d173a3e76a7e
970 4e0be8014147e5cc
971 711cc837e8256ad1
972 2f749abc246d722c
973 1eb5b78423779e0c
974 a128c09d58bd2cbd
975 a7d01ec2fe3aaa8b
976 b6cbf4fa0b6e68a9
977 3167a26fbe2e558f
978 f644217e223ef9e6
979 ec1b62268a1bf633
980 a46fbe3b8de6b0fe
981 5fc5b81228fa5040
982 367adc59351a9261
983 9c04452bb5bbc46d
984 b664cdde6e723f36
985 ac9796c37429a96c
986 fb8f9255e59a47e8
987 c6d6ac4e1b1098b1
988 e81ed3ed1374404c
989 74813732d6095e99
990 7e10e52f29173c14
991 2741a8da9202b0c6
992 34a9ec32c7cf7bae
993 13abe92ce2794c05
994 8ec9a637e90f143b
995 1a2539ee8c474f56
996 9528ff7bca35bcf0
997 5d898817f3c9bf76
998 ead4c78d0336c382
999 503921e14ccdcd77
1000 341ed823bfa7f741
1001 1c480f49acef3e2b
1002 524439a9e5bd211f
1003 cb3e6f9842c9b390
1004 d3188d7e47370784
1005 f7d39ec96259c16f
1006 05d2e064c2c2b04d
1007 9a08edfc7af28fab
1008 debf766e733fa482
1009 ac4f6bff4998598b
1010 36619d3c5a169531
1011 e60b6e30841dd228
1012 b05f3bd043751238
1013 ce112d2d718a0e20
1014 134216c9ba386c37
1015 11fb582748afe0df
1016 1ff8a6663dbcea92
1017 4e2d6d7c2bae59e1
1018 34a23bc50f58b10a
1019 cff01fd23851e96c
1020 4ee477310fde5ba1
1021 178c7a16f33d9d23
1022 afdb8ae443f9bdeb
1023 9c9d2cda5e90801b
1024 bdf188bf3aa8dcbb
1025 458ce766c368fbe7
1026 1079d28c1eb24e65
1027 183aa59e376b9477
1028 849aa32d92ade717
1029 ddd67eb8e5d2fb26
1030 c5e66091f7fdf1e7
1031 3af1f8c4998619f7
1032 4c658b0cf08d0ad6
1033 9ba6a4645ac56a22
1034 0a4574b1ca66e4d5
1035 0e26765e6837e7e3
1036 865ffa6db84e55bf
1037 66b1bd44f67dfce9
1038 01baf512687c28ab
1039 5a0edd46b864fc05
1040 96137f42f068dff8
1041 6b6a38f22f598230
1042 f7b4ad119c56098a
1043 0548c79a94d61eb2
1044 9dee264f3f1d829e
1045 b44503aa0d88eee5
1046 24e74ad50c98bd71
1047 36e2ff20f0667942
1048 43f697408a5dedf8
1049 36601e20477db622
1050 92cde43a09a0c6d7
1051 74c54896e876219a
1052 9699c10e1bca5013
1053 3439ce1774c43ffa
1054 a50146c1b35b93b0
1055 66aff22255c0edde
1056 47a0c241586254b0
1057 9823b6d1d9b2c510
1058 de8fb1a64f8931e1
1059 7e72e213760262cc
1060 6bd953144342a085
1061 5294f10cdb0fe09b
1062 6a7130b6b308493c
1063 4d47958a17e05bae
1064 cb755948a108036e
1065 24bd7a4ce1de5e8d
1066 b20f155f113dfb5e
1067 46c2bd87d434c9c4
1068 a0c52a3dbda48b37
1069 d9007bfbaed29bd5
1070 1f033b8298e60a5c
1071 4cf0e2b03998ee40
1072 964491ba4a6d5fc5
1073 4589650322a04806
1074 4870bbbdacfe2565
1075 dfa883f66e121a77
1076 bf8a5e613540e63f
1077 ad902247141bf98c
1078 85c1f2fb73839ad2
1079 4773f4ddb32dee27
1080 da3eb86e398126e9
1081 11aee900924f848f
1082 2fa0719a73a7bd4b
1083 683aa786cc61b2ce
1084 c7211ea38fcf8440
1085 e27af3b8439bf7c2
1086 6c3ea38d37215bf6
1087 52998b5ddab87749
1088 5254d325d0cf33b5
1089 a0e830906c275fb6
1090 23225db583ca6c6c
1091 4028664fad3e4c22
1092 d344423131b06993
1093 f4222d31ce5c101a
1094 d7a4e8a358f44610
1095 48bf8ca891713781
1096 dbdfa9b37a01b5e9
1097 8b7e7e698d3c6851
1098 2bd8df87b0ebc7a6
1099 0f5f7d8695b8014e
1100 cb7ac246d89a6b70
1101 9eda76c0a5dc3715
1102 30ad49c79a3a5219
1103 aae27d1e2b6b3f1e
1104 70e2f6ffba104a33
1105 24954ea904fc0ce8
1106 4ab5d014560d8d26
1107 c3f9fbc0e4689303
1108 8179c40e1b3b5e0c
1109 4e25e8aea8b8f859
1110 161f3e251a0e4a8d
1111 47e48a070e51e549
1112 df285249cbb7e2f6
1113 b036eca271f7dbeb
1114 a9ec74b9f277fd8c
1115 57f433651ab5ef26
1116 26516daeffa76777
1117 bd5b63897c6fcea3
1118 2f28bac9d11ec321
1119 a302267687cf662a
1120 d5897e7d3630abd3
1121 e58544504c562540
1122 3825cf540d371da7
1123 bc84948284e2b38d
1124 84f62dc93cddcb62
1125 98aa4bf71e455994
1126 53c77909a5a21b17
1127 5ea851b02f0793f1
1128 b76edd91468ec03e
1129 5caf7b9356086d6c
1130 52c1c0304b18dca5
1131 7812969f87b8c032
1132 8b1b8e30092005a4
1133 bc29747bb5a3ba44
1134 9e62624d830c413a
1135 ba280f25179babca
1136 87bbf07b88d1ebb2
1137 113e15f2ea1a7bfc
1138 562d1e492a07bfd0
1139 3dd1a65b13a67442
1140 41fb44435449c6bb
1141 c8e609ec1fef755e
1142 25d898a6a9f6afb9
1143 bda5086c909d9207
1144 ea4bc91f8ec9c763
1145 d94babcfaf405824
1146 a3185e68dbebe4dd
1147 dd83ef1e6e5e28f4
1148 aa4e640763e12379
1149 c7f8a2935dcee943
1150 d13211311272193a
1151 dc96e2189b30621f
1152 7f750449fab18dbf
1153 6110767f29f64db3
1154 2a05f6b057684538
1155 7e6d89761ae3e4dd
1156 529f1c152ee46ec5
1157 cf0a051de890fbd1
1158 d7b9906aec83e7a4
1159 e5368388b371b2d4
1160 783505d893bbed90
1161 883f69ff2605a3ac
1162 0e4b28348cd8b6cc
1163 79bf67913e2a8a8e
1164 ca916887b50279ed
1165 5bb11c7d641305ff
1166 01e7f8052cbf270f
1167 e3f0f4a425046568
1168 d2636505a16e4e40
1169 b86f9941c26630cc
1170 9c8e83037d0609ea
1171 81579c6ac035cdf9
1172 090760995ae801d0
1173 736f350f51980689
1174 bce52a9fa29f7763
1175 d3e0065d61a1c636
1176 13f0629554d0d256
1177 858e45030e7f02ac
1178 a39bb8d97c88d37d
1179 c659f85fe49a6aa6
1180 874490bfb11e4df6
1181 c2b5bc3fc56905f6
1182 43db81ed2fab9e03
1183 82d1a7f5b28af689
1184 81ba223981d0da4e
1185 3af1f9125bc65b1f
1186 82b71bd43782d823
1187 abfa8f7c3002b0cf
1188 7e9611134145ebc8
1189 9a048f645728cd71
1190 e39ac524e4d0ada2
1191 7c690ce1f52581a0
1192 cd13c161d8039aba
1193 abc778ee56ca4c6c
1194 d1b574f24b4151f1
1195 61696573663916a7
1196 17efbf71661c85e3
1197 b7f307b2070c4cd0
1198 88920d5b4dda3877
1199 fbc055720adced59
1200 890bce11d9319ae2
1201 4f9778acf178c830
1202 ef010964b9f086ca
1203 1e4740b943b9f20b
1204 fa286244d1af25dd
1205 08eecadc4f61d4b4
1206 03740d997803d52a
1207 e09a8d8a96a25c00
1208 6f52b27cc856f117
1209 972ff4274482f210
1210 27a8228d555524d7
1211 d8032985626d7bb0
1212 440e311132329688
1213 ac0c6586a63e0645
1214 5cbb1498defb140e
1215 63b3bb4ab9eecd9f
1216 23f0da75cc0545c8
1217 830878ac1024ef37
1218 40cefbc2c9c0bf79
1219 bd950be0f51ab901
1220 4d50d3f3cbbce34f
1221 8bbfbdbd9d747cbc
1222 062b10f8b3d4c2b9
1223 ef97849af485b210
1224 04f1ccd5f5e768ab
1225 9004e00689e155f3
1226 b141a921be49ac97
1227 08063e425612d2e9
1228 29f2a832ef89dd6b
1229 117d0bebab1ac225
1230 41a60ab03791a687
1231 aba2e19bc74de334
1232 f5d2c9399e5e7140
1233 5338910f8e0e88d2
1234 fda7e682fb89ecb7
1235 f90b466bcdb6a773
1236 06c6ba23351804f2
1237 7177749ca8767d2f
1238 e0a1374ded929d55
1239 4e9e3ec9bffa042f
1240 ccc638aa6c3300df
1241 a82dcb40aeec2132
1242 382473e04ce7721c
1243 2f6cd460f152694e
1244 51f55460af40fc1d
1245 5a341af9228a3ecc
1246 fa0cfd498db89c9b
1247 61d46255cac293f7
1248 3a953ac9c8cd243c
1249 b15da0836a98bc3d
1250 c7935cab6b302ef7
1251 e9e1f4c371891770
1252 12acad641472b2ca
1253 f99d44abfea18285
1254 aa71e48badcc0e88
1255 5816aafa1c68fef8
1256 d057876f35aa3e07
1257 9e85f43d11802c36
1258 a761e1bd838e4b2f
1259 5ee78497fc2bee76
1260 317a0a816db38191
1261 d8988c871f3a5a39
1262 1d46e64fd7a205ea
1263 f49898cb49266419
1264 3c11ed94f5bb0c92
1265 b39ea7b12cf26129
1266 7a9c718ddaec963c
1267 58101178a7cf2885
1268 61087aac776ef73a
1269 4512b30e371a81ab
1270 81b3ec3756100cbf
1271 c075e6e1904894e3
1272 39ece73b993903b4
1273 1f9f5ab040f0033d
1274 18376713e3655346
1275 7fc4dca40ae682ac
1276 b998c29da9696424
1277 a1b5dd79f8b54c23
1278 e481bf7e8991089c
1279 08f97125d8721645
1280 bc1bf450a1157726
1281 c1ed123f47cb5a55
1282 e52c4502f7a8332d
1283 c7fa8610986690d4
1284 ac83340ec664f9cd
1285 ef31d98b0445659c
1286 180a4524aeaa96c8
1287 5697283ffed86f41
1288 3b651110e931a47b
1289 7ab85cf490bc9395
1290 318b6b323105055a
1291 b686e45ba39c1810
1292 543af74badcd6ebc
1293 d2d9cba1ca601f53
1294 d32bc9840e780f4f
1295 38be78909c78a58b
1296 717d4e42991a6ddb
1297 5389f7490e3ece19
1298 547f4d1ccd69c8a2
1299 c7f9726d54ffad83
1300 dfcf8d2d5141d064
1301 9a18dc583cd7dea8
1302 db7aa4980b3dac11
1303 cf842c2365ed7bdf
1304 c434b910c9b3acfe
1305 cb8204a8353336b0
1306 5c2c41a92a3e96f0
1307 1de5e7b8974c25f7
1308 b264f8e63d27ef08
1309 7243898507fba98c
1310 360ef6e4855ee6fb
1311 2e61fd862e080cd0
1312 f4c26770f2357cb3
1313 3e244ba12bce552b
1314 cb4468e66c6c860d
1315 83b007d6038e96c5
1316 3c961043a733a56d
1317 37e204712a815906
1318 92a7a6310a1d7287
1319 52a5796cae66b4eb
1320 598541fa891281d1
1321 54ede02c4e2a9670
1322 6b0b6e45a040e050
1323 141e7ad8fd2ebac3
1324 28a5f522c7523266
1325 defe5dfd7c7b94d1
1326 ab19d710d172e20f
1327 4a03f5198826dab2
1328 a4027adfd1a57f83
1329 e6df589f58a7278e
1330 81a32b247c08169b
1331 45450b1fd23bb970
1332 5beedf2483f4376c
1333 bcbe7a0df9c72c36
1334 e93dabe797b0e8c6
1335 e2aae3ff92a6bb84
1336 6041011bc3f41950
1337 727b3cb27d96c7ff
1338 1095699d386f6abe
1339 ad0634a5fcdedce6
1340 725629ecaf5e61f6
1341 b8e95e92664313ca
1342 6d0ba6f7f9b32476
1343 408a91a7a6cb2d9e
1344 923068d2932d8709
1345 376d5c322ba8a8f9
1346 c7d4630e3ce78b93
1347 2e163de850bd9b1d
1348 29f9a5f3b5e97585
1349 bf6863be2de9ceb2
1350 fdb6573629e25ea5
1351 a33140b79b8ba8dd
1352 e39b6904099ad658
1353 cfcae25dcdbe6dc5
1354 185fb749c04fa87a
1355 b085c53b540ca772
1356 750ba89651801124
1357 8cd0f619126b7488
1358 316031ed9423933d
1359 5ef9c3ab02474d45
1360 6badd67d3996346a
1361 d7eabb76c0d372a4
1362 c2e99111e5cf53d7
1363 e60298e1e27e7a5b
1364 0894faaf39a684da
1365 5470a2ed99055055
1366 14f5287b463abd77
1367 3e4eaead401f6146
1368 a088ef72b8b424ec
1369 fbb8bd83c664d799
1370 d20748c2caae5da2
1371 99204a141fb81689
1372 a54403e0632086a7
1373 964037f208e6efe8
1374 173bc0722058b7e0
1375 f37bdd8bc43fb9c6
1376 90f55e6cc20a21b3
1377 e58241c72fdf5c8f
1378 972c16c543fa6a4f
1379 a8967918db8dba38
1380 f3a2205d63857956
1381 95f14f1e44753ab8
1382 9de26fa809f0f7d5
1383 a75fedf7bec6c350
1384 be0097b89bb77d34
1385 f37ee28a3dfa17f8
1386 f1e2c82aec253ba7
1387 597be5c3f1914e85
1388 65279ecc04ab72d3
1389 4174a21d40457322
1390 3693c57f8f2987ed
1391 36a03c9e2828f52e
1392 0cb9078294318766
1393 9cd7a392d7980c75
1394 b13a78487d837dc7
1395 b220f5e0d22fe853
1396 96b606507334d72b
1397 f4926903652c90e3
1398 9e5b076ca5bf690c
1399 c61bd7ba25921ac1
1400 e07c3d624abd1ffe
1401 c578986425873c22
1402 7d2643507bbc775c
1403 c0c521cf0982033f
1404 4aef9fd6fb6765b6
1405 b57b019635c5476b
1406 b8b882046f58f4f7
1407 1b03c3e800bd7445
1408 de11eeb453025ec9
1409 cbfd338689e2f72a
1410 0d59c6bcd8a2698b
1411 1f710e176822ae0a
1412 d4a0847105e900ec
1413 76a6d9334a7726f1
1414 d92b2d2a34e286bc
1415 d8a4773270482bef
1416 a4f723121c7c967c
1417 0752c89c8edc9b19
1418 70e01220c0f6933c
1419 955509b48e920fe5
1420 5d7668adb44b99e5
1421 00fcb9f402f4d2da
1422 02b9da555c6d076e
1423 d6cf5f4c8800cbd3
1424 30a3aa8c08b27187
1425 8b33e97109fd4309
1426 127e25dec8885cf4
1427 b3f74313790abd30
1428 3d11ccbd86a43799
1429 d702283c3e1e8a9c
1430 694b13a80911176c
1431 d2b032768f71da38
1432 ecd40475d42e703c
1433 d160a620771c6e5b
1434 9306eb24511044aa
1435 c7ff4debb3945007
1436 877076d682ab51ff
1437 2ab1f2416f84d66d
1438 feefa0856c9328ea
1439 d87bc2dc5797881e
1440 ee0cb0e4b8b2bc80
1441 f0e1b06be4ccbd9b
1442 9614a7981e5fd35d
1443 ff96bc4a388bf529
1444 543f4ae04fb8e034
1445 ac4358d3cc44d737
1446 08cef1d6636b3ab7
1447 ce1d1b3375645c2d
1448 763decf053285a98
1449 a73c1fac4fda1cc5
1450 d96fc399e612899c
1451 7ea09e2f215f9e8e
1452 fecbc9c8516b608c
1453 28878b05c1e9ccb5
1454 ee9ff4f538e48535
1455 b39539b458c93bed
1456 63c336a8a1e30119
1457 4ff8dd8e24888f3d
1458 5d28b1b5be9be448
1459 21268ba7b344b96d
1460 2338939dcb8eeb31
1461 6ca9676234c0e17d
1462 02d5badf21e5ba9d
1463 4b0a87404fe9397c
1464 49bf6c2ba686e77f
1465 701f16558106a67e
1466 23c17025f7d72e8d
1467 d193a3ba363e0897
1468 4840df8b926b41a5
1469 5d5dcdde9efa337e
1470 e1251416ffe27477
1471 20243a5af978339e
1472 c57bf87ad7129018
1473 5d6b366e39c5e339
1474 71092d8a03a7a078
1475 e22a827a7dfe3d9b
1476 c0acfabbd893e7df
1477 d548af5bb1a98ab5
1478 6b05a4634f859c28
1479 fb174d7bef162b29
1480 c17f2cf6836ca902
1481 aa81b4cc81c754cd
1482 f3a9c5ad7a76d736
1483 f5a7e26999082fe7
1484 858efde7f1d67c93
1485 3e948a3d70a6b776
1486 756d74fd738062fd
1487 faec4d7bfdf572f9
1488 a1950b4078785218
1489 8c45dd23f7ef03fd
1490 35633a30cbbbe9cd
1491 e01a88e77c7a6de4
1492 8ce517520f2b009b
1493 952edfe422350d84
1494 4b27389ec673487d
1495 5c5fe905c6348050
1496 023d1094f8d594b8
1497 89262106125be982
1498 cd15ddbdf2f086a4
1499 28e8407999f14177
1500 51fddaf40a2166d2
1501 381c0fef193af6e3
1502 485c2d17bd6a1372
1503 52bf18bdca32a550
1504 ea662b2fea980c3c
1505 a8848bd62a9f8b4d
1506 68de2a351bcbd266
1507 3ed0f96c4d6feddd
1508 3eeaf95aec9e0bfe
1509 a21b3870c25ff5d5
1510 bcdeaf4cf2c83f25
1511 ce2798eae6d819da
1512 a0d46770100b6278
1513 2ff9fbec0b73d621
1514 bc018469f59c97de
1515 c576211afbf2a984
1516 b1581b0a5bd690f4
1517 b4f20c63b18ccc78
1518 1272f5713707aafd
1519 7bc4d532ccf1e3e8
1520 0e90d756df0f6924
1521 8108caf3001b2996
1522 388fec8b33b31479
1523 a69c898dbe69a42b
1524 557bed68f6f45cb2
1525 bcd1a744572df761
1526 89cb5b196069d923
1527 c333c101b89a9e1f
1528 a2e7106fa72a5b0a
1529 add4b6d4aadcaae9
1530 166cf0323fe9904c
1531 551783c2bbd32a88
1532 8499de7ca686b258
1533 01aab2b4fe423134
1534 1decdca747508161
1535 c0b2c21dd4994de2
1536 80da1d149cd4c032
1537 c672da30db96fc15
1538 9b38249930528264
1539 7da61e3267caa01a
1540 90a7e774c7504edb
1541 43e6bf737ca3e88c
1542 b30e0b5d45d9571d
1543 fbbe42aa921efaa5
1544 ec0ddf13da1c686a
1545 0f54d850d7e1f953
1546 fa6082a92bc99244
1547 2362fa34abb65af9
1548 3d62be63d4379852
1549 85d8b21d8e115997
1550 7149dc98282d25f8
1551 96272f9ac297469d
1552 23cb85ed4907abac
1553 8b06b6e2808e2a57
1554 9b3bf26948697afe
1555 564813f6f141453d
1556 b30c67e34d488fbe
1557 3a74f3422ff392b7
1558 71d26213b9c4664e
1559 bc21a233a2e60355
1560 83045458e895a9ac
1561 2e2c1afc105f1e72
1562 24f607d540e03d90
1563 5b3e58fc05a3e171
1564 522fa43216a5e076
1565 2f75b98c8b30717f
1566 15125d99187a8ae4
1567 a825d260edbcfbc5
1568 d042866a8be25de7
1569 91f11d0d4a9011c9
1570 3a9f00b32c1a0ddc
1571 b124d182c03d64be
1572 1429ec449838efcd
1573 eb590d13a2a2fb48
1574 e399d738bc513a79
1575 fbb95232da5b1e53
1576 3cb951cd16a09082
1577 190931354ccb9907
1578 5c2c0915756065e1
1579 5521ece1650fbb76
1580 823e6e493a415143
1581 31b2065a3cf68952
1582 ade149986fa3831b
1583 d2eb6b332864ab64
1584 9914d920b1c014b6
1585 c723a2dcaf6ef85e
1586 d53b64e089d3f320
1587 d2cb0397b8ab0633
1588 c6433f4044283ada
1589 e6c8068d2ac15b1f
1590 d54590d291874e50
1591 7e9a3df21d668be5
1592 f2267b121963995c
1593 573de3491ec8baef
1594 9c7530cc91745954
1595 2665b93a8cb75d46
1596 424a3a8c639a45b2
1597 08600d802e791822
1598 6bca721165415923
1599 c9e0052740a78d48
1600 9bc988f5e11c5e01
1601 4f14974e67dfd7e6
1602 629e53f51eb71e7c
1603 f3cb4d41b9c4d609
1604 adcbda4f3abe9a67
1605 ae1a55a9956b514c
1606 37d8c18dd5ddc798
1607 5583f479d28723fc
1608 5e38faee896e1d11
1609 d76d13b705d3bef6
1610 494145a99c358702
1611 a3e92f3467e6d568
1612 d6d727758c7be62e
1613 2f4c2a3a754e74f1
1614 bb130ef94f9b1064
1615 9ef2e22bf0b8d2a4
1616 b6f150f85f234f24
1617 c6775e99f88864c0
1618 ff92cd4a735bf024
1619 391c8fbbc47376e7
1620 fbd24b46c7d212e6
1621 52c0329da0cc2b08
1622 403478eafc02edb6
1623 1c8d7c4034550ca5
1624 c9b950364d4cc588
1625 3f8fea55a371cea0
1626 3b2ec144d39988c8
1627 e803deb2e4419b32
1628 b9229960925067a5
1629 d56071562bc706bb
1630 baa167dfa300750e
1631 8f35a7fa8cd14b2c
1632 8c86570319850c4f
1633 35187f5478c40227
1634 c6d9f8464f08f9bb
1635 b7c9dccb6cf3b94b
1636 c29c061559c7e0c5
1637 670ef597857448e8
1638 3960c27f5ab510b3
1639 2aacb473d9659b36
1640 2c612a0a0acca819
1641 2f69be9b312dba0e
1642 85dffa2cb7fe87d4
1643 5ad83eda1394ce23
1644 400a291dcd935b6a
1645 6507accaa0465112
1646 3066aec971a25940
1647 1bc860891d07479c
1648 2448d345b048b2d7
1649 34165ac6765d5984
1650 c3cb9fe6ce9ea691
1651 899bef8849421336
1652 0898f0c8eefa168a
1653 1696be97b2713877
1654 e700e0e5babc24e8
1655 7e87f11924b28e79
1656 b9ccb55da81968a6
1657 444ed8426750379d
1658 3930707c70d9baff
1659 55cdad9c0c2a5f6c
1660 50468db902faea35
1661 6c702199d3dbbb0a
1662 33a9ac655fd2ca07
1663 f65da7e6a7b3f29d
1664 b2a1758fd33b9c92
1665 2085e80912ecba9b
1666 b3d3396e5cc25830
1667 9e601a6d22cc44cb
1668 130c89f90fb4ac1a
1669 c79431746b2dd4bf
1670 8a8e2f8d42334948
1671 5019683b109920a3
1672 03505ec2aee85fe8
1673 c7fd6210dcf709ce
1674 bf35b6a57f7838cb
1675 4896184113c5077b
1676 fbc46ba29f15a96b
1677 468a33e91cb40de7
1678 0159a82fcddcfb3e
1679 24cf93af2a4af945
1680 472c5cc1c05f08dc
1681 293b182d4900f3e2
1682 5089c2355b74c1c0
1683 f96f61580d9f07b5
1684 3d9902fd6c8f7adc
1685 4aa9103dee1f5a6f
1686 861022fec398dfe3
1687 cbad6d20767ec8e6
1688 b5a187b947e51755
1689 234b21d20d92a0ae
1690 48c53c5c29bc8b63
1691 91b1d960102acda1
1692 ca6a31254c193bc7
1693 149fdfbb0e63dcfc
1694 10222ac1f55a5ec3
1695 826ef1ea0113c410
1696 5e069ba047479313
1697 ad282515ad2e70cc
1698 65b5d5a59f68a98e
1699 bcf3808832efb24b
1700 980b49daa7185f5a
1701 e185b26b4c67023d
1702 52a2b41fa1c568b6
1703 cc5fec26e4dcc56f
1704 8f0f9f434f3cdc73
1705 1c91237e314abc56
1706 b22ba34da59235b9
1707 9b0341307def4e2d
1708 0f3d3be68d80ab01
1709 e7b90ec8479ecce4
1710 fc7573bc67ba1111
1711 e49ff42c87a428e0
1712 577c49c748226b62
1713 b35a42c1d25313fd
1714 fda3528a93b907ec
1715 4d1bac769b20f2c1
1716 0d630444e3db6c11
1717 9d5a4ebde2380453
1718 d23e4c06b86c9a7c
1719 b227c97f9ca7d756
1720 c6298f462d5a7718
1721 1976901c5b40d193
1722 cfddde48988d0e5e
1723 f1bc2f0c87ed988a
1724 f2ff11c68804f84c
1725 a5c2ed1ad5eeda39
1726 5db0d03d38326382
1727 bfa241250b6ee169
1728 4db5008f86a98906
1729 9ff43989fad58919
1730 8f29dcd6081c7bec
1731 fa9f4cead71deb2e
1732 20a6419adbaf300c
1733 dcacfeab7b39af1d
1734 0bde5722a00e5bf8
1735 232fcf3dec16634d
1736 b4b25d8f2c192a39
1737 2f57396887d878ad
1738 e71da4fe7618e978
1739 c84f59fb49ec7d65
1740 18425edde1032dc9
1741 f7666ab7b6ed6678
1742 4a2f249029212b11
1743 91279611ecbe2d4f
1744 8a7d3faddf0d0a88
1745 e74afe29dab03205
1746 9e5c90bac3f36fbe
1747 f3065e47e6b8fffc
1748 61cd1ebf0f9b1197
1749 94564217b481f664
1750 6d70614b8daaa895
1751 8d22909724757d8c
1752 355e084f6525a9e2
1753 d5e75e4d5fe07653
1754 4293aa93a49e21ea
1755 d69c2349eb96db53
1756 c040f6e121c553c4
1757 5fc7add9de4a47d7
1758 f7795ae17d61f574
1759 05712e8e03494e9a
1760 11d5c5eb7bb08a01
1761 c431728dd67ba693
1762 6acee0f75e3987bd
1763 abcb7448814cbb9c
1764 457fb5c643d32120
1765 98de30263db3bc95
1766 5a00262a7b47f0a5
1767 0009482aba1970b1
1768 ff4ead2bbd346de5
1769 ff7bf082c9b09018
1770 e36ef5058c9fafb5
1771 be6a095a75ac2e59
1772 34d53216ca0565de
1773 bdb7b4e296cd7ff5
1774 41f64ea212a16f50
1775 f2a2e32609d909d5
1776 0516cf9d25aa80e9
1777 4c715925f06fd774
1778 c7e24c263388e64d
1779 3e3d31b14b6b3446
1780 d62374b57b1d859b
1781 fefec69c26c938da
1782 789f8618a62514b7
1783 437fb8feb620e0b7
1784 56c6a21daad0ab8e
1785 69790f7e93b653d5
1786 9e124dfa208d338d
1787 1e5c956f4e72dd75
1788 7b8f1c386943b101
1789 367a3f11bb275641
1790 09f6ee4c92006390
1791 4e94c376fbb585aa
1792 560fda4e91144e68
1793 6d05c3368dc4d029
1794 bd5e180dec3a3880
1795 acc027ce2ed4e3d7
1796 11902de471756354
1797 7439b08f139c49df
1798 1f8d850036f466d6
1799 460e80a1aab6b78d
1800 16a0e0607cae10b6
1801 aea53842c6bd111d
1802 edb99a45f676865d
1803 e771c0686f1dde25
1804 3b6a219f26209518
1805 4dd915aa97cc0f90
1806 121b3b4365b7d494
1807 22f20eb050cd475e
1808 bcecf14cdd43be42
1809 9b2106e743bef381
1810 7185bdae59aa0df0
1811 948e35a86626b869
1812 4d003f1c3ff99852
1813 046c6bcaac94a603
1814 eab8f138e7821d35
1815 3e12d46ded3ca510
1816 59e6533bc17d4eed
1817 39aead239a163958
1818 b85145ceb2b531ce
1819 1f722b75a0994e8b
1820 e19c5c567ceb11b6
1821 865fdd916b73ab34
1822 a38c991a8f1a881f
1823 b9165bd1b2fae2db
1824 7b5f6d0ec76ea0be
1825 15ae148d7e55dc9a
1826 68a769a5c1b667e4
1827 acab8e2c1eaca3e0
1828 6d45f779628ea544
1829 8daa2a2c652b5141
1830 3b2288422c9e8509
1831 b37a4688a0bd58b8
1832 b43be7db65763e70
1833 0a4fb5ebd1d806d1
1834 e3fb29842038ec97
1835 faad6629af9153e0
1836 fbef7c75b9aba037
1837 16948a7ef13591b1
1838 cd3281ce815d5fc6
1839 2750a6a494a2b7ce
1840 6556e58c01807780
1841 c67ba6795f669c39
1842 1cdbf4b170f616b3
1843 cdea1838fdbbd242
1844 303b261f0822e221
1845 ac02485adb695e01
1846 d1176265787f71c9
1847 fe72380b9668f708
1848 087836d49e183ba2
1849 89848e012bfc32c1
1850 cf2fa17634c7d6fa
1851 cfe6f053da5ac4cf
1852 6165abde54dec14a
1853 b24f7c3ea13b4978
1854 b73d48607a65c53b
1855 830e01d1ab76451e
1856 ccc7e725c444b364
1857 2301c676d2cd7800
1858 6aac2406a9e52043
1859 8665c504adb693fe
1860 926139a252f3c68f
1861 9f392041a2e8ecd6
1862 64961bc295d9669a
1863 7e15aa0bac028042
1864 fd881935732c3744
1865 e688296dd2e898a4
1866 4a028799e92840e5
1867 6252f6887c331277
1868 bf3c99639cc96166
1869 82fd26f6b498faed
1870 1da039c5b72d1504
1871 22ce81e835016559
1872 e0fe08de73c304d4
1873 04323706c22bcc15
1874 9fec345b5b13871a
1875 4b1e950f742bdb79
1876 742e3afb10cdbc35
1877 bfc33606e29f6bbc
1878 9f4952fc3097ef8c
1879 c96d89da990e7c11
1880 741aa6c9c0ebf7bd
1881 61938f91488ef014
1882 5803218ba7d0e2cf
1883 44606321cd527f25
1884 706963eb9064cf58
1885 4cf3e3ee7ca6836d
1886 1c7c9435e6c8e5ac
1887 ef302fcb4f258876
1888 47d1b4ec37e78142
1889 6d40e4bd81ae7d71
1890 d0e5fc75061fd050
1891 1ec4cfcebcb1bc21
1892 0e7022b0292d8827
1893 8613573f9c901f8e
1894 40a2a6cb0d50bfc7
1895 0395c7f15d78ba0c
1896 a860f9b32e12d850
1897 8ce9da6bfe9e33da
1898 27221116d3be22d4
1899 c44334019fb27376
1900 ab797eda5106c740
1901 974065d0f5f28d3d
1902 6cd429baf65124ec
1903 f285eb07b6fddfa9
1904 92a8661996faea31
1905 bb759f3156d8a3a9
1906 218f4a01ecdb0ca1
1907 7bece060183269a8
1908 92e568db572603e4
1909 288b1b0c793f10a9
1910 7b1fa7052b3cf86f
1911 5cc586cdabc1745f
1912 e2f8054c3b5c6b64
1913 259b18e596ec1396
1914 876e735e77991b11
1915 6e305ca37df29c3f
1916 635d10e63e61ddb7
1917 bf0b068a51749f05
1918 fbe5be6710ef2595
1919 0dbc240da164172e
1920 c113346ba9a21513
1921 a8a979a0e067a992
1922 35ae871dfc7485b0
1923 5507a08308631371
1924 74f7b7c5d208ba38
1925 30ef1d3ff1799990
1926 dfa456b3dd0f4176
1927 4c8a07e9577ab6f1
1928 5eeef4c0c69c5c42
1929 7897c841879183e1
1930 9bdb9bf141eb3c42
1931 c6140ab3fb8030ff
1932 0eaedeecd09ba332
1933 717926b1ab458107
1934 65d4a97d53fac67d
1935 333f6085abfd909a
1936 c073c8d6bbde8b0a
1937 ed043a24ed1b07f6
1938 bbd8707101de01e0
1939 77e10fc6a0e60139
1940 767dab6a0a092512
1941 1f24080fa7330601
1942 d68c815183aa82e2
1943 e20241ad3b7e2f4a
1944 f0ff13f8d590328a
1945 0987e6e40dfa6ee7
1946 f11e699711017df6
1947 6c06fbf7e6c54394
1948 f5ac50cbaeac37fc
1949 d4a0dc8f5ac45a6b
1950 e611e9db30d8e65a
1951 3f8fb5c212f791fb
1952 8cd3e46b67ef321a
1953 b52fc89be83e1ae5
1954 bad3ae0c1d6ac6cb
1955 4275fc273bb1f3a5
1956 059c4fe01005ef69
1957 c3afae39c249508e
1958 806b44eab9873e6a
1959 bc885bdb1cf46ddf
1960 a3a40c420d160587
1961 a2894c8c45578eb1
1962 8c855fb99734da0e
1963 0095533fe9d36e07
1964 ff3fe0d2f133976e
1965 acc02739d8a7e01d
1966 86458dc59f9f1374
1967 e017ebf7fdb97259
1968 b793f80da2ce88d9
1969 bd2c75a318a069f3
1970 c13033f690d9d7b8
1971 ab91d5098ed14cf7
1972 8e14189bbdce6acd
1973 e79404baba14c4d5
1974 a32e6f236523100b
1975 90713dbe812b031f
1976 dad7db6a034ff2d1
1977 b5e080004f74776e
1978 49b14c6aaa5c7ce8
1979 eb887ce66b865fba
1980 d0d298fdcfa16d1e
1981 8750f7988c1059e1
1982 8ea382b1ad89f6b1
1983 0a0c3001db691b51
1984 2129751109748dd3
1985 98d09fd1a57c5e2d
1986 f732774f2fa795f6
1987 55f899e97fde3d6c
1988 a472a8b034eec927
1989 c4f290502f5addc5
1990 90f038939a10b90d
1991 5dfbf323b2db8d67
1992 472a807ca42f8592
1993 07e0a2ff9b19127d
1994 fe9b0c92a00daf70
1995 0e9df24b0ceab54c
1996 09c681de26020fae
1997 2733feef6bd991b6
1998 7a79943077fa4952
1999 1bfc4a2a7ced5048
2000 c726e69d180cb328
2001 eaa49fd9298a6ee7
2002 67cd16067526ef1c
2003 023415d5122b4e7e
2004 6753e8993409e0ac
2005 da7ef5a0188e0c58
2006 e6d3cf247f79d5ca
2007 02bb34b1a9591e45
2008 b4c7dd564470a3a0
2009 e9af5a61f66ad478
2010 5fe54a906e5a01c2
2011 3ec95759f4e8bc84
2012 d757d9ef99e5b4bf
2013 e372aa70a1cc2d2f
2014 b4d3ecddb41affc4
2015 a51406c7405a535a
2016 ce8983623c424ead
2017 333d35cff0b64707
2018 0845f654801fcdd5
2019 2cb1227898d87387
2020 e923f97ea63f548c
2021 83e6d1383e570411
2022 ac18e0600b48da1a
2023 f51b815e1cba25ea
2024 e22f66e3f81c0c90
2025 3521bcb5d47a800a
2026 d600d10c229b9252
2027 1010ce978a065376
2028 b5821751c467e9a3
2029 ec089cca0146c118
2030 62ca578b07d48bd3
2031 42a4cc08e56039a0
2032 4682e2b82dde765c
2033 9be40f6b867c4405
2034 ba4957477b47e3aa
2035 749f0a3923216134
2036 87a6c2922aaabbbe
2037 044ab0fa346d7294
2038 910761d34f148182
2039 124c0a7da90df78c
2040 fead9c5e15fee57c
2041 e8f0127a466b52aa
2042 316210ce6b135746
2043 fcbc492d9c83ae11
2044 a0c2e521ead8bbf4
2045 1272a7d61ec4343c
2046 a8577f20b14f2431
2047 8cd37e39ff95c46e
2048 c67b168a048987be
2049 b01acbb045af3cdd
2050 25df69dc9c4bb76e
2051 1c067dcbcd5cf880
2052 0bc8c5d1386b06c5
2053 83f82e471007b036
2054 2e2b864755f6a1fc
2055 1d1372a27aa4313b
2056 1882cc31c79ae226
2057 ae080ec59683e9a7
2058 56481edb1520c72b
2059 2bebff932e023889
2060 a23c783e89d0f817
2061 3c40f9ff45f0e92c
2062 896be7772596342e
2063 182498d1105eff7f
2064 24b9367108cc812a
2065 70108ff83de41b5d
2066 84a715d8ba0bd0a3
2067 03902c77c570616b
2068 9ba5616e292aa4c8
2069 c996bbb5e362c9e1
2070 d8427972d1ef1339
2071 d4959c476d4f1b36
2072 33b6dc8612c5e91a
2073 d15f35c33f9f47c4
2074 5086474873d6b023
2075 e69ad38262ae518b
2076 bb1c73875668452d
2077 41466ac401ae9bc9
2078 d7f41b0e616c3f8f
2079 6ef9885db5aabc66
2080 8220d67b9672d308
2081 eb71f0f37898aa1a
2082 646ebe4b673c2d7c
2083 b1a2dac118121691
2084 46e7ce35f37b5b4d
2085 5c5f596476f76c37
2086 081eeaa8954eac6f
2087 63a4fb0ab3282d1c
2088 db772570345a3edb
2089 31b33c861261d937
2090 d984445d285a9ebf
2091 b77c1e6176ecd72d
2092 d3e55d12af5a1113
2093 c2fc3feb7d0bd62e
2094 a41ce7d195ebbea1
2095 1de5d030041a83f9
2096 34416c08b8b1837d
2097 5df808b61a3a72af
2098 89cf9855666c159e
2099 f30f61879cf2d63d
2100 62b7db9da552b375
2101 e55b82c891d50b2a
2102 f90ad38cbe339489
2103 2e1aabf2e69cc9ce
2104 0d3e144d1885b9cb
2105 43b22f422a679e27
2106 697aa7ed32e15204
2107 a14d44d3ff82c010
2108 7d398237542e606b
2109 7873f71264b66a41
2110 92a19271028c3d71
2111 63da2a789a31decd
2112 a91375600554391a
2113 36094e3a838ff0f3
2114 1ee768058dcea4e2
2115 b024bf11f3da5633
2116 cfdd5224568bd34c
2117 5185e39f056aeb90
2118 163a38c00495c4e4
2119 0a933d71db85f6f9
2120 a0edeba3cd0a9e2e
2121 b574f64c71e43f70
2122 55c9d299959a195d
2123 5f08404645022288
2124 8a28e3168ae03af0
2125 45cadd368836ba12
2126 0ef53432fbe6f490
2127 f492ed27706b7213
2128 78f55f216adbb39b
2129 bf96070851a12a49
2130 74457f62f107cf0e
2131 e19fad9ffa6b0fbb
2132 2b3b29189bff6dc8
2133 e01b42de1f06e9ed
2134 3d0f8142b9071992
2135 2923490a644f247f
2136 1b9c670a6e3be4fc
2137 1916cc02bdde8b5e
2138 7a945c0d7ae1ddd4
2139 20ef3c2b00cde903
2140 de5009a8b8b08548
2141 59b66c0a36b86e1d
2142 3aad39c0c7cc4b92
2143 f78093c946f5c1cf
2144 71d1c7f728711494
2145 55f90e63ee3d8ad9
2146 2af333b8af31e76e
2147 8cdd8846ed4c195b
2148 a050543362e2c5b0
2149 29b5514c4ff1c8b5
2150 efd9b9979b0ebdda
2151 638e05ad78e006c7
2152 f133c1bdcf67525c
2153 db9a177fcedf8f51
2154 9463d1f8941dac96
2155 e7f853fbbd7a48d3
2156 ebac6d4c300f8d58
2157 0efdcba1ec68dced
2158 244be9bfab1b2d62
2159 e10e400c80315a7f
2160 7fe046a8fb10ce24
2161 f4988c530cb17949
2162 364a3b6b8ff018fe
2163 251b06a56bb2a96b
2164 61ebfabaa6d16c40
2165 86daca9fb64a3985
2166 c5deaa50f2a7db6a
2167 9101488cf7e0a877
2168 2ebf753dd8d19d6c
2169 69bd59ae443cc481
2170 142a2d0b9c430b26
2171 55df61cce40907a3
2172 fa6f814384049768
2173 440fefc90357fd3d
2174 e470b6fb91ef7732
2175 719bed918e7527ef
2176 48c49adb78120db4
2177 2618890fa272b8b9
2178 43f61712c423938e
2179 473c5833fd21d97b
2180 c0969ee10e0f8450
2181 31a36c15de780bd5
2182 a7ac3b20762b05fa
2183 6f56de812c4a4d27
2184 9263dcda030cfc7c
2185 0f9ac66ceeeb70f1
2186 e4148d015847ecb6
2187 882094017e1cb473
2188 e6e1ac815353aaf8
2189 0efe54b2a610018d
2190 b125e5d5d73f8182
2191 3582b5b1aff2601f
2192 1a34ea825e50e044
2193 37ca290274905ea9
2194 924796d7da2db61e
2195 d113a5de3d11388b
2196 ee6e9dc3481a1560
2197 86d9e5e2a6215625
2198 5993b53f2804e18a
2199 5c4a888f27adb4d7
2200 d71c4d17ef3eff0c
2201 5a4da9134efddb21
2202 093b15216ee73b46
2203 775ff7c7a472ee43
2204 7d1cfa04e406b588
2205 375ed754f0477fdd
2206 3a75acd48eb85052
2207 4eb1f0010e7ba98f
2208 eefec5e77ef67bd4
2209 3a11832deb88f619
2210 a4cb9005c55cc0ae
2211 bd01ae4e8d78009b
2212 926424f2fe6a5bf0
2213 8c709c4d5e463e75
2214 4850a448429d6b9a
2215 0359ae0166a5d387
2216 c7cfd6fd856c9c9c
2217 f130ac8e2f45fb11
2218 5fb4e28a7a4ddad6
2219 31a57eac8af9e113
2220 3dd4c10723cb2a98
2221 f475912229624fad
2222 0dbe53db577f4722
2223 f4bf72d12c31453f
2224 728e0860126d7564
2225 d972b2496b367d89
2226 541dacda0537533e
2227 251aacbda37168ab
2228 f1404e098830e080
2229 b0e57679150e6f45
2230 709e582ad7dbe72a
2231 75d381832309da37
2232 391ef93e4e970aac
2233 e948c98b99d4b241
2234 38919297bb33a466
2235 acbd25781b7682e3
2236 1becb038514b76a8
2237 56989f11aa454dfd
2238 4bb59d1b3d4f2df2
2239 3841ee852fd88daf
2240 88e110e532a696f4
2241 57a7852dee1e87f9
2242 a787fe17df63dace
2243 0f79fa5bbafda4bb
2244 3c5568761ef7d990
2245 447ab8d153f51d95
2246 8adf46cafe1590ba
2247 54482115f7c35be7
2248 32375af64b1847bc
2249 630cc23d77b99db1
2250 7481a7af009cfbf6
2251 81a432a8a94091b3
2252 48fec1c60efac338
2253 61b63ebcbdd97b4d
2254 7219232f13390142
2255 8efb7727cf1cfddf
2256 3a548de4e8d38884
2257 280bbdeb352382e9
2258 d328348ba4b95b5e
2259 14cd68c7fa67a1cb
2260 ce59c122191472a0
2261 c2a94bbc1a76e3e5
2262 c81bdf3a5074b34a
2263 82b03ed7081bf097
2264 ea9e1ed703d3724c
2265 90dd5498fbbd2e0c
2266 ed1993931ba1f1bf
2267 2edf2e6f83aa1a83
2268 368e1730408d9701
2269 08447e807826cf44
2270 dc6e9bea2ac452b3
2271 a75ebc75ad88ca0e
2272 e57335116218ad4d
2273 b84fecb36ccf58a0
2274 a08c6795c551ce5f
2275 4dfa634c2050042a
2276 51f0fd872874e4d9
2277 3712a39736852c57
2278 ba5a9443055bf408
2279 51fb24d6978e26c5
2280 b469f774e8ad9a16
2281 e58f13e57ae32e6b
2282 90c11560d046021d
2283 5925b97838fe042c
2284 acac148fdc752c39
2285 6f1bc29e08d025b0
2286 01075750b838d9a9
2287 c3cab8ee8d97b90b
2288 2d5e147bc07fc8ed
2289 cb8762e3ee14dba7
2290 3f0c3c500fbc9c37
2291 bd54c40403b75188
2292 db6e6f2a9cee077c
2293 e166712f0f79d812
2294 1564ed1e34c7a0ce
2295 cf42dcc706146a59
2296 c5850a2dad70bce2
2297 dd651a0993f7dbd6
2298 50290e2a16882289
2299 21110c84c1e73cd5
2300 8a684e33de2d59c9
2301 d9909d020d5b397e
2302 801a4c0bcc17ec6c
2303 2d19a1f0c285b97f
2304 7c0cef18a726b524
2305 f261a07e62b292e1
2306 4bc9b0aa8b6a2da0
2307 b7e9829c60d552bd
2308 48ebb1b99254648c
2309 4bd832fc106cf848
2310 48cd8a0be7350fb8
2311 6567c64eec4b8b69
2312 a6af5e7dde564211
2313 f5a8ea8a72deb2c0
2314 4e26f482cad24017
2315 5c7df03553f5aa62
2316 62d71fb316c55be5
2317 90b88e204eb37df2
2318 0cf2a737e0321e72
2319 d1235bbcd29e2f13
2320 5dc599aa037bec62
2321 0c5052e63c91f916
2322 97dda34481b683f5
2323 f121f2ed0f33fce5
2324 337fec749067b167
2325 a9050d3670e4d3e6
2326 623300c9b23b705b
2327 2e1b67b3ab43bd84
2328 b0c971e9c55d6ccb
2329 a941242b8707cc5f
2330 9f23a3fafac53452
2331 c7c1238e580707c3
2332 2c992102060203df
2333 4ef5c0c1d577bf59
2334 815ab294740f673a
2335 5d442d5ffbef865d
2336 229d2f40adc42910
2337 9a28dcecedf24671
2338 b81e199447fb6f8f
2339 3f407393e9d46cea
2340 2060ff4d433c0785
2341 e50a7c13924564a6
2342 c9954e256f8715cb
2343 9217f5f62d94242a
2344 4ee701cef8ef1de8
2345 361e7a99ab3d3811
2346 bd689a0b146c120a
2347 b1237dbc8d4f1e5e
2348 045144b987c628b0
2349 115b32d7468c3f01
2350 f70ba7dc14f22106
2351 fe0f654066213dbc
2352 607664b7344c299b
2353 9fec1b87f64d656e
2354 7dc2a469a4ffa9c1
2355 4f2a3eaf80cce128
2356 77e7db6786ccb63c
2357 7887f7dc18d22fd1
2358 adac1829adc8802a
2359 ed48feb6b391bcb6
2360 078dfde6d9944d09
2361 da68b596ec16e9aa
2362 d6f9f18b5d5309f2
2363 6d29e336dab27c36
2364 b1170fc03adff2ee
2365 cd5944b26cc5ba20
2366 71e6ca42569bbeab
2367 b4bc636288c5a985
2368 529542cd6aff2a7b
2369 615cd49ba8030a39
2370 000dfde8b68621d8
2371 e27b7b2d66edcf91
2372 e3dacd39033c0ed9
2373 427481abdd680c4a
2374 9290b83662e02e11
2375 ca2f2f1d136ba436
2376 869bea871b0d20c0
2377 584b8203de50d00f
2378 7174acc40b3d8586
2379 e990e07811039b67
2380 e14b74b0bab9f2d8
2381 89120aa9fc173d53
2382 f4b51dcc4e0ce05c
2383 b922e3afd346d516
2384 0a2bcb4ac65a37c7
2385 11d8a34368bde14b
2386 3dc3c6a499a1cab9
2387 b5e5d015c6aebab2
2388 7a27b50a344f25dc
2389 37efd726ca56d5a7
2390 f2ba00fa576f86f2
2391 9f802688566cb8b3
2392 5aa3169e0e88aa70
2393 8c79e0c1a0c7b018
2394 88024648f487539a
2395 7570992470220c47
2396 23a8dfecbcea7e13
2397 25c48b0fdf2d6492
2398 d6a6de529ec3ad6b
2399 8d5e6617951b43f5
2400 edd7ad195780db48
2401 0eb526b2edfe6f56
2402 2842df82e33f33c0
2403 e10fea53977aca7e
2404 0ac32c0cda70d027
2405 5c5ef77ccf6b81d8
2406 5ff005d9341cf069
2407 e7c0394123ca9b4a
2408 87623c3c02e223b7
2409 dd9261d74ddc995e
2410 9471a522c76e8b98
2411 2fd0447473f5b28d
2412 7cbd21ff4305e48a
2413 069c98ac57a3bfee
2414 9a04495b39daff70
2415 eaa89b56629c5cda
2416 1a28c00d62c8ca8d
2417 7f6f3791b5579c73
2418 5d6fa63606015329
2419 2bc1df1a9781f456
2420 8106c6ed8286126f
2421 b931e6414c37d6a4
2422 68b0c22fbec59d63
2423 464483f38fef0a05
2424 4b5f6976c3c7e5ba
2425 0eac9f63135d54aa
2426 9842fd7e0029ad30
2427 2ed7a5d6fb40aa10
2428 bd301de9e4191f1d
2429 030fb7a0c4e7b398
2430 0f7ab6d91539a61c
2431 a4da526e9ba7a1a2
2432 f6fe2af2a5bd61d6
2433 31dd2acd1a902ac1
2434 c68be2cf25eeb117
2435 e20d8b6b7fc23c30
2436 b68a5ea8ac62505b
2437 2639a76981c2c8d9
2438 2a8884f9d4c1fd3c
2439 efcc0e7e5caff5e2
2440 0f52edab6feea056
2441 3b2efa1a3b9b6bb2
2442 04823288d0d0b642
2443 a1ffdd10fee9dd19
2444 b1378a51b51907d8
2445 da49ed88a9fc56b8
2446 cead2605544a31e6
2447 ebc62f020ec9d080
2448 09bc91ae0045b8a3
2449 0a4847c903158345
2450 1dc6edc33014bf76
2451 6028957f66f7d470
2452 4345cf8635b058fa
2453 2482321e933196e8
2454 1815b4459661f541
2455 fbc6d3848285c1ba
2456 07faeaab0990af09
2457 d278ac51c7a3e11b
2458 9636287ee3d04d65
2459 cd4aa2995001814d
2460 96ea314c186ed979
2461 f06f0a27bbdc1e8f
2462 ee62ca9e20ed2ee1
2463 5ea37fa974405ed5
2464 74cc11f8414438c1
2465 79bf39fd63863399
2466 a60e45d374dde46b
2467 2f10590d9ef8f1f6
2468 16aa590b0e80d6b0
2469 61bf4471f9d84f2e
2470 c7532de878928051
2471 ca5bcb20bc0817eb
2472 6a507f4918ae12ce
2473 30a94534f66d8dfb
2474 8b0cfc1048f70564
2475 2486273568794886
2476 c615ca43717c72ff
2477 0335437ae885f41f
2478 48a1ac8ba60f87e5
2479 9d94a070ce8d2ded
2480 079caf2e01f59729
2481 f427de26642d2f31
2482 12fc3424193fd6a9
2483 a529ef0f31da79cf
2484 7281c2cdd68a7982
2485 ba1ae54ec417ee37
2486 4e38e164ed8b0d09
2487 ccb1ffe9d7bc605f
2488 bc7f5705432a9666
2489 28cc9ec520c5041f
2490 4b6ae4f031573c24
2491 5d09719019930e6b
2492 d38e81362339802c
2493 6154972d8bf60453
2494 0c27e7e0e88c07f4
2495 d584f08496e1f7e0
2496 a6c25ff97029522e
2497 8d149dfcf0f8d15a
2498 0ab1012e172699c0
2499 b1e0c2533a0159a0
2500 018da286640b1188
2501 a8af673dc94dba21
2502 ef2500f1938158c8
2503 641651217bc4f7ab
2504 7194805639be9a5c
2505 4514535c634ee53e
2506 bb72d40d25c573e0
2507 116b26e8786de2bf
2508 b82fbe857fa2f7aa
2509 789230af3594c632
2510 e7ec52700f0a2abc
2511 0342dd405177e163
2512 f1ed2a32c5b9dd2c
2513 6c48e12429a458f0
2514 a8ac5f61dd246dc4
2515 f758576b1f90bd92
2516 f5a17d6d06fb99f2
2517 cf046a38d2b538f5
2518 9fec2ea697266b04
2519 c30909976f8a6ea3
2520 f09e402f7a3e65af
2521 9d8b5baa15e32b5c
2522 8f96181779508c71
2523 3216936a3905c034
2524 c5d9c0203fe2973b
2525 a5eeb652f8bf2924
2526 bb0d1b95f4c24e45
2527 00f12da2d8e6180c
2528 e115f72ba11902b9
2529 bc634497ae759070
2530 0bc7146fe8bfffb8
2531 4e5da81329a28171
2532 30c2c4a48668e267
2533 dc4d3f49b353b0ce
2534 a31fa8c135e37519
2535 538ba4725b2ce5f1
2536 0fcbdaea13b0ba9f
2537 b4e725da204b71b2
2538 ff1434595427d107
2539 32a725eea6ef1227
2540 3bc3eba1a28835c5
2541 69fc0031002a3dc3
2542 43bb1577ca8b4dfe
2543 3b55be757edb0a6c
2544 128e483c407ab35d
2545 700fb0bdef11d78b
2546 48098a0bad8aa6f3
2547 8318c47a2b251cbf
2548 baddeecca5dc6e4e
2549 7ca4fb8ae3759c43
2550 7d43029de3b5db17
2551 49135bbbb6997534
2552 1711032f568e1014
2553 d2e38c7ad2609bd4
2554 2d1415ece0e35ad2
2555 b4327cbbfed2a048
2556 05351115b5f0f435
2557 1ac83cd80e8734d5
2558 a602966088640f05
2559 b3dd80decd2b0b7b
2560 7a05504086d75f3c
2561 59e1e8fb111d6ee9
2562 ca08a88d9827b27e
2563 302570bcb11f5ccc
2564 7e6335a9ba517a5d
2565 80b61ef6df60c596
2566 463fb26bcfd7ff6f
2567 f42e673aaebf33dd
2568 c633a047e13b5af0
2569 0fe68c21119142a9
2570 b08aab5840cc01fa
2571 5bd2daadc408ae83
2572 9af8df7b81ba29fc
2573 5c218a916db950df
2574 a7998793534d55e6
2575 5068f009bd7ff6cb
2576 d24734b9d6e60fc2
2577 8ec533c67caf732a
2578 c0cd8e0a751446f0
2579 b8c9ccf849e2c83c
2580 dafdcbfe9e2724d4
2581 e68ee6677834b720
2582 2a60b75412f77682
2583 2bec4c7a7fbb92e3
2584 cbaaff00495067af
2585 91e30317ece36122
2586 8e276f9ca23f80b4
2587 85be7cb3ee4a61c2
2588 7a061f8082b96475
2589 640077a8993ec5ca
2590 e85a13e579c406b1
2591 e26883ec7b5e13aa
2592 a31e174417e46c7e
2593 f3f420df9faad3d5
2594 f094fcff2fff36d0
2595 30426d4cd082eaad
2596 5a0a5eab98c98369
2597 43b9c2ef6ab64ae2
2598 e0262e1b639e915e
2599 bcc4fd7d82bdfe97
2600 4413c49eda9aabf6
2601 96642d41868478e2
2602 821b61515ac36d90
2603 8c4c545a314039fe
2604 151c063830e313bf
2605 f98fef748a72fffd
2606 4218c447cac47959
2607 219741556846ca10
2608 3459b971d01b33cf
2609 0f0dac4a90c95b83
2610 05993a611327614d
2611 44d4ed8e20d97276
2612 76d4d58186ef8e37
2613 6027685262e3c258
2614 5ca424f9ea2a6b9b
2615 48cbf7984707f052
2616 6c0d52796f21336b
2617 a131ec3a97ec8d45
2618 be443d428bce58b2
2619 8cccf6b224b1dd6c
2620 c7b10f363988186e
2621 51e1dc6becdb84af
2622 36e6a90dde23a274
2623 15574202f4cf74c5
2624 22fed560dfea6e3c
2625 82e51a2ae673c70a
2626 46a91a8f5b14c589
2627 853e8e9e8fa5fa23
2628 06977c36a4814db7
2629 8ee28449f07648fb
2630 5da76a57c78b3e23
2631 de2a183e16417d65
2632 be1f39a144d0431a
2633 cf00f1893cd73125
2634 b5ebbbb2d199eacc
2635 7a07d9dcb0affa42
2636 ab1bd6e49b62a0fc
2637 b538bfdf40330357
2638 5de9aa7f0793dc23
2639 6ac2605dd6209fe0
2640 3378dadf1ad269b8
2641 382842bed8b75441
2642 641325ebf6004f62
2643 3af3b5def7e87ca5
2644 f2dfa2df4d885af9
2645 b691afe3c067fc02
2646 08868be2c5a0b3de
2647 ec9c0fe95dd8a3bb
2648 a54f1c37c534bb42
2649 0c3e4bd94113e8ea
2650 b995391a2d3f0234
2651 9c65bc43411781de
2652 98e7656c3f0c0da7
2653 34cb2206d44e99a3
2654 7f7573dd861dcbc5
2655 ebc83f7409fce15e
2656 84569edde10f7dab
2657 b68b08023adad175
2658 a0ced180b8e08fb6
2659 4b91a334c13c5d17
2660 7e85d1d638cd9d89
2661 d220050508a3cae5
2662 79654f9775e05539
2663 776a7e2339545b4c
2664 9e4f764c16d66eee
2665 e67b91a9d123fbbe
2666 e808fa885428b5ba
2667 94415418669bf806
2668 d1479c351d58f1b0
2669 2f95aef911bf6f15
2670 8d98eab52082a1b0
2671 4a56721dbcd00fe9
2672 1df19748fab31088
2673 e1b82b3b3a66ea6d
2674 cf49efa25157df2a
2675 dddf356db6462a3d
2676 6734715d8c738e15
2677 3ef83297cd09a980
2678 b159698122a14dd1
2679 e87204c4f6caf7b6
2680 75d3b25b989f658e
2681 1787b42378ea38a6
2682 bc01e0ebc8261fd7
2683 539bcab1e717ce34
2684 c7027c4b31374d00
2685 f879ea2748fe4fcc
2686 1b1584928e26f323
2687 7a031c5bafc4ec41
2688 77708564dc95a78b
2689 83606c9b45126241
2690 7dca0d15b1d60c67
2691 f2d17da1013e9bbe
2692 5c30195715719ad1
2693 26d2f9a066fa1aa1
2694 e72d30be73ac7e80
2695 3fedb9c8c004eb46
2696 f19ee1d2df9ba97f
2697 e682417ac989079b
2698 e5e1360a817bd198
2699 2cf967b274f7ddbb
2700 cb017218d0c35e8b
2701 cef2cc9074f8bd0e
2702 51c525e7ff71c4fc
2703 60d779d34f8f9516
2704 ebaaf01ee2fe8890
2705 e48029c9908b1190
2706 dff65c6712f74dba
2707 e883d3de24a50f8a
2708 335943d7ee5b4a4c
2709 991a4f28f485db27
2710 272764a532073be4
2711 7b0cbaeeb75756ed
2712 d5ba2ca23a763d8b
2713 a08e1ccfb842cc1e
2714 181415343854c813
2715 885ecc1adbc62622
2716 b5ae01d0b3562e6c
2717 01b464022f1fc2ef
2718 2f429657ef752576
2719 fc1b03c3e81e8a9c
2720 58f9347f6c15d212
2721 9de2c4eded449870
2722 1f476e87e5631e5b
2723 f9e2d5b19df29903
2724 7a396fcaf7ed6343
2725 ef0a63568021a541
2726 075a83b8ba8e60f4
2727 ec3a528b98091b47
2728 f5e6b90fa474b31f
2729 c913901614d759f5
2730 a3877b16ae0da0ba
2731 79419feb581d6b80
2732 27eb92e0ba35e6f3
2733 74f147de4a72c370
2734 ce8ac05c1b8cb52d
2735 8efd4f95de860da5
2736 86646d2490ae9aaa
2737 465ffb4055b8f3ff
2738 2ec1dae91ed14f5e
2739 aca1afdbb6cf0733
2740 7aee7bc1b456918e
2741 7c06a2653c2ea0f8
2742 de2ecbcf9fd83bf9
2743 ed512c56c763a493
2744 74a659a212bb747c
2745 13731acd164d62de
2746 4d553d8c1f132fd0
2747 1bf62ef2747eea69
2748 b2012cd87f2e7f1d
2749 5f43b16adf8a7775
2750 7b3d89df650d5d6a
2751 8d5efc0be406cee4
2752 157156d189ce3afe
2753 04800888ac2a9e1a
2754 f8aa0360b053b925
2755 7a0c089369c97788
2756 7c99b9d2bc52a9d6
2757 23a77043acf666c6
2758 39e4d4167bba0432
2759 cb48d273f9b290b2
2760 333f7c19632db9a8
2761 2c7fc9e90c722b5c
2762 378025d16bbdc643
2763 3e28dbc19c343921
2764 c62262cf28c4d389
2765 041ec9d64ad47ac8
2766 61b38a3cef973e04
2767 c944a9b4156bda81
2768 868057c052638d4c
2769 3290005ddf7c8e15
2770 f33a81fab43fd85a
2771 6a25e1abe2a1df3c
2772 fa79fa4bd4bb631f
2773 85ad024164a24882
2774 1997aab0d22421fa
2775 cb310e7d40d6844e
2776 7cad94036f6f0379
2777 c6b5124508f53107
2778 e0f3d81a03761339
2779 4b54f926f016324c
2780 6d5916de708bef63
2781 bee57c78c9c1da98
2782 5939e01ba06e22b3
2783 3e7229e51ea794b4
2784 847df37150471822
2785 1c025614d33d9ff5
2786 9d8c3da63e4a21b3
2787 3bee1e2ee57f6b31
2788 16c65c6896efd026
2789 f37868e713ededda
2790 c3835ceb71fe3678
2791 845051c0c1256ba6
2792 734f39795ccfcaf1
2793 5a576e2b6dad455b
2794 8bba649a67b88d44
2795 78a7cd2705511a1a
2796 9aca34d02c8dfe77
2797 faec7c3111526a85
2798 a85db06a7853390d
2799 d8dbc2bbed4ab0b8
2800 4a488c534f026002
2801 175ee8b953d0d94c
2802 0fe546cadc440a7c
2803 21fba56b2396339b
2804 3bbb25ccfc6c99e8
2805 74b18217f7dda06b
2806 00cd7c72d24741c9
2807 ca0154322e854524
2808 75a99d54eccc1dd5
2809 526a226f383bac17
2810 2ab4b4f598d2f51e
2811 a5e8ac0258047515
2812 f37a30e8c6e66bad
2813 af2d5fddb0c1df96
2814 02c24489f5a09257
2815 f012d4847f1c0d7b
2816 8c36fbb5fdcee62c
2817 f02bf430eafd5bb6
2818 f576af80757e8499
2819 d56378fb457d0f3e
2820 a910f3d5eac4e2ce
2821 84d0f9bd309b8feb
2822 41bf51d65cbb8cb7
2823 7fc2beb407103e2b
2824 c982b478f506f5ea
2825 40c91d95ff203720
2826 d3e48098650e0f75
2827 d6e47ab951330609
2828 1474cd241abcde09
2829 fddc08ed383c6dcb
2830 b597c41fa399cbff
2831 4d29eac32c421efd
2832 b58eb0dab27a33e9
2833 fd7c9ca085c2cb30
2834 58427f2aa51b8d08
2835 0ca3c4b8d5fa371b
2836 bf398e0f10c84180
2837 cff2cb558105dd16
2838 0fdfaad42c2878fe
2839 c3a7d3f69b2b6213
2840 8ad2724109382fc1
2841 4497ec149b1afecb
2842 dff10d01b3e05780
2843 db5d06fc99de7719
2844 8bf14b510ac2c144
2845 66dbd560bad2c99c
2846 ce1e3c46a081171b
2847 6f41a6cb792c40dc
2848 a71f522ce2cf1fc0
2849 54b72b6397926d60
2850 e34c3ba6807296cb
2851 2453f8a136bb4227
2852 e32eea0912a1d8f3
2853 cfb69ec2aafac684
2854 20e962508f940c5d
2855 1b69f6071dd77a36
2856 3a235588f2a512f0
2857 f2049d901e0a5ac7
2858 af02097a53675b6a
2859 7cef8255159bac17
2860 d8c04353a8d9540e
2861 23438d526685bf27
2862 c1979ac29dca87fa
2863 aec79db93d11a344
2864 2347a5269f3c45a9
2865 0764af268db4bdfd
2866 c927d04cefd6ff57
2867 948e4392ee2c92b4
2868 d52710820a03f4fb
2869 9e53216b0583cd7b
2870 94f247af623e15ec
2871 40ceef892501d247
2872 ef058698464bf0f6
2873 e73a97ae59881e3c
2874 c77cc503fdceac5f
2875 27c99e19f2d7d379
2876 34b3f4cc85370145
2877 8f1a24c95629c59a
2878 edfbf85016df555d
2879 e8f26edd5ede5e5f
2880 12c43063124cbf47
2881 9af9931abd3dc698
2882 c1da1ad6950b8f61
2883 af28e055bf6382cd
2884 5015518998c8bd37
2885 95616ac42c5f8309
2886 44c2f934aa360362
2887 3b5381297d0b0b32
2888 eacc4d3a282b4200
2889 c766c152487d5430
2890 e3c160c15594f181
2891 d7e8c03185c18cb8
2892 d75465bd1bd80e62
2893 91eea1cd28d799e4
2894 79b5df95a1d86e44
2895 b984cc3b92687153
2896 2fc97530558349d3
2897 de6cb65c602645e0
2898 8e8700a108aa67c5
2899 8bd83d5faa96a12a
2900 25759f0176863584
2901 8914d592d665158c
2902 e150fe1e1233aee8
2903 a541b009e23d61d6
2904 565b302dffd34a0a
2905 5a4031e05035805c
2906 6e3034eb51eebf8a
2907 3325dae2c619e55a
2908 c76b4efd7f7f04f8
2909 7ef22071f7786c92
2910 0138a753516a3bc4
2911 5a484b2021654679
2912 898d6d2d8c4b9a09
2913 52a68b44a5097117
2914 ea3b497ca51bda99
2915 5561ae18b2b37316
2916 04de97e741dc9552
2917 6b517d27de6350dc
2918 e1668931ccb2da35
2919 5a881b457e84a82b
2920 c9a141d34651d879
2921 d1c647280af508b2
2922 ae5aa9a6fee9559d
2923 0da25c36be2ff532
2924 52dbea690fdf3dcb
2925 4454c733ac58bd02
2926 72367da3a78e4d87
2927 45b5aaeea7f18ab4
2928 3e0450e410bc9b4a
2929 8057972eb05d9065
2930 b180dd78484b87e2
2931 bd4066a33cc4a975
2932 d6f37850be7cb1a0
2933 63761fcffdfae6b8
2934 9294c5a735074677
2935 adde235bddf7feab
2936 c9585f4290ec268d
2937 bf198b93da324106
2938 676941cf82e126dd
2939 7cab929ecaa1f65d
2940 e493b7886c676610
2941 10728385bead9c08
2942 92c135746e56c037
2943 1fffef1d4772e097
2944 3565ea94f88e36f4
2945 8262b1edcde5a76a
2946 b76af6c1cbdfe4f7
2947 a3524096b6b8572c
2948 51326ff1fe7ada83
2949 f306d4b2f464fcf6
2950 1d3c5b665071e291
2951 540af0cd24d062be
2952 b371afc58019f420
2953 3ea45812ceca3022
2954 612ecc4f2525c413
2955 14db9c2606e0d815
2956 85dd33fcb5aa1802
2957 b2817fdc28003395
2958 5435021a32c7419c
2959 9e6a9d290c9532f1
2960 8c7907187c71ab87
2961 2dc5e56f1a50063d
2962 ea2e37e26686672b
2963 d19c4279f1dd0622
2964 41bed5cc6889af6f
2965 137fe9b0db72a359
2966 bb3f061c8036e6dd
2967 895c0beb92ab42a3
2968 20530508069a07b2
2969 1c312e9c9cf1d752
2970 730a2ee377a8ab69
2971 0c8323406d8ec842
2972 25ad332c5ad7044b
2973 6d424af3a4f6d32d
2974 e7b038de3f1fae27
2975 13b5e349526185da
2976 d166c2e9d16a38c7
2977 bc6d5a7147d204d3
2978 66cce426d1d46d9e
2979 82b342faa3b7e078
2980 e85c623846c7944a
2981 b597feea4f433252
2982 2ae27eb9e979a598
2983 b94a62049e7d4f55
2984 b1815bef5ca1ebc5
2985 edf1da13f3d59735
2986 afa4890668f2c2a8
2987 415da176307674d1
2988 7ecf2dcd743a4132
2989 7b87a62d5b2d2934
2990 da266dfe6376b6e2
2991 c5d378baa5f06231
2992 f1126414383b5404
2993 cb44eb75795fd658
2994 103b456453c3eb71
2995 1a10e51fce57aa09
2996 9153981ff463a7b2
2997 e0db1b43ce1329ff
2998 4fcc68ac6dc086d6
2999 571ae6e7d7fcd9d1
3000 c52d03213a3448d1
3001 4d7e55dd3b6af203
3002 56742a3763e17d3c
3003 e69c8a12de90beb9
3004 dc8dd43055a51bae
3005 ae4f8fd5c6be9a8b
3006 213f57a31d98e57d
3007 6c620a4f2524ee15
3008 7bb2f133e7b50b73
3009 e30aa73ea5f9e19c
3010 5a1508a62ad3f86d
3011 a59756b16753b390
3012 2291099a1297c8e9
3013 43c1dc46e297331d
3014 e9a0adaa4bfae72f
3015 2ac07155ed2308e2
3016 baebe788ee6be35e
3017 5790daf294e0041f
3018 a3f1abf271cee0e8
3019 f3374c25a78bbdfb
3020 68e2842e86fd2eb4
3021 c8450c9ae184caae
3022 936c983c05e68b9a
3023 a03e92f6986776ae
3024 06936a01c775770c
3025 7a1e1940cfda6270
3026 61feb277091ecde8
3027 48ca6ae7b94f900f
3028 7d384ec0dd47aa58
3029 cf4de59df39a545b
3030 31689a0067d1f632
3031 262dd05f7d7a7044
3032 bf61ada33598c652
3033 a0b24ba258cd74be
3034 f22f3e9d1fce2261
3035 72796edcbd44d35f
3036 b4624945cd7f34f2
3037 1c1325df24cd3df2
3038 20881a9cf567ac30
3039 b9783b58fb9b058f
3040 bf41c4403b5d1dfe
3041 d0be7e80b16f2e5a
3042 5338d0585be03997
3043 7b67d053ce1076d5
3044 0f4fe0e33917987e
3045 2f02cad8c4eacc6c
3046 e133401268fcd60d
3047 b6ce4468a84cb2e4
3048 b021afad21940cc6
3049 f89fee92b42ee1ab
3050 a226d2920af845aa
3051 0b0b69760fa61843
3052 e7328c5ae78811d3
3053 897515fafad5d032
3054 34954026d98576e0
3055 39b674af2772b461
3056 4fab2f89d8657bc4
3057 102c6443f1a7db20
3058 a4fc189ac2eb0729
3059 e8ab06f34f1628d5
3060 eecbb1c2962be14b
3061 b255b46833410021
3062 0605e5e7f18d43fb
3063 99f994b19edb1134
3064 83839a3b5ad29a94
3065 7c59f4c143d82155
3066 b19657192a1e7503
3067 07b5f14c3212c463
3068 0dec6b82e9d490a8
3069 f78485a735761359
3070 0f3afa9a70411505
3071 b1b35f82cb3e8ce3
3072 c5211c2d1a5a6120
3073 b73ff94a904eb506
3074 07ee8975952582eb
3075 2bbfaecfe1dbb33e
3076 bfe2afa78af5fff0
3077 bb2edc097ebbfb78
3078 2412ad19023fdb9c
3079 907ed163956dfc91
3080 2f1f201eafae5ab1
3081 9917b67990d55cdd
3082 6ce3edce58f8fce6
3083 f3079d8a7e5c46aa
3084 39c5336646f31a10
3085 9e465042754615d5
3086 1d019de9e0e3de2d
3087 54d3fc3293534dd1
3088 61bd6336e6579e72
3089 892e1a18e9565c04
3090 a0ae4e3f72f4dab3
3091 3bc1d636eeb0413f
3092 59f79fbeecdf4e8c
3093 f1e53bd25158e51e
3094 2243fbc4e31e54b1
3095 d64a2be8a4f95e37
3096 4434ec251945cf9f
3097 9d8a7b375a0bbf65
3098 f9d20556e35f0ed0
3099 9e42280fb3d12b4f
3100 17736ad560fac9ba
3101 2e9249efc6eaf580
3102 ed9a6eadd9e716fe
3103 35e82efc93c88ea0
3104 4d015bad73736753
3105 286a1afb6a44a34b
3106 8385abca0856fef9
3107 0263efde880a7ca8
3108 58f837488aecbebc
3109 8decba1bcd664863
3110 14230efcb823b8ca
3111 d39cdd4b429e02a3
3112 2b3e61512add1dd4
3113 b2b67e64155491a3
3114 1a017f1078904aba
3115 b80b41d77b1bf4d8
3116 4da34cf06684a4c6
3117 2b17749651e4bbc9
3118 bf6e6746219d4689
3119 8b2caeb7cf35daf7
3120 725d5d83c5e65d7d
3121 1b9b1d21120f8c14
3122 6b4422e609cc2f53
3123 450a5a384bf13333
3124 f82be6f7b3352c41
3125 c98a823be40b1bc9
3126 8ff3f00e7311c323
3127 00e36d6c2b7570b5
3128 3e10a5d8af93d3ca
3129 c83a35b29820b316
3130 4809d212a3a78e62
3131 6407b3da011c97ae
3132 1377386450a7232f
3133 c5c3ea148060b5a4
3134 6f0fca05052c63b0
3135 edafdc7e42758ff3
3136 c2530a54862a43a8
3137 ca673b1f242bd277
3138 1454340b02d41f28
3139 a8ffe856ac753645
3140 ddc63eac538200b0
3141 7aa981d9c2ef11c3
3142 aba99200fcd6842f
3143 ae195dbd36c7fae2
3144 7138e2aa44330e7b
3145 73e5443fad756bc9
3146 758e75bdc2756785
3147 7f71a85c7a042128
3148 c04c4fc58cb9e3e8
3149 7cf1bf80d13db8db
3150 dc9ae3953d0d2d26
3151 80d100861ba377b3
3152 672f49045fc894c5
3153 50cb5ee7b9e2a0e3
3154 563156843b2a2051
3155 40371cadb60fd71c
3156 f67fb9b0385f86f8
3157 659c751b2d594c42
3158 df4ceb9bebfb029c
3159 7febc9332f4b1260
3160 68c20c2cbaddc6bf
3161 5df4f9bccd32e165
3162 2d1dc1b88710db16
3163 1e7c9384e38d9925
3164 36d662af39685dfa
3165 d432ce357d8c1d8a
3166 3363e22e15a8bab1
3167 fc718c87e8fca07e
3168 7048dd3af9233a07
3169 5ad55c118b5b5e54
3170 f0aaa83265929021
3171 405ce19c30a6ac54
3172 dd31eb9544d9b194
3173 1f3b4a0cdcc4fbee
3174 3e28a2a764252c49
3175 d522c88c288f4efa
3176 33469c21cdab8441
3177 f36d1180559c9864
3178 e5d12174699a3cba
3179 53b16a6a686e24a4
3180 b0ebcde6a5f7e817
3181 dce97c89c6df967f
3182 08f490e763b67bde
3183 1c6ce89ca5d72751
3184 e046b34bca684794
3185 644eba0fb084d747
3186 7c9dfc5801af0b5e
3187 c40513631c27a1f7
3188 1f25ea3fb597fc56
3189 98dec0cf17b367fb
3190 f3933652b0cf57fa
3191 03e5acf686c6cb15
3192 6d923787262550ac
3193 c9859abcd3f7357a
3194 d09fa03b337ceece
3195 d5046d31135f1c69
3196 9a03e648c6a6a57d
3197 43a6836665a456d7
3198 f388e50306d8a044
3199 89cb2fe632da6afb
3200 e4680a7213c38767
3201 bfaa0c647454cca2
3202 f91c6799ac860e6c
3203 38f8a1ce850e41e0
3204 1afeb21b8c101dae
3205 feadab95874e5c9b
3206 e03b36d1552a590d
3207 53216d4105356f5b
3208 15b0bcabb0e613c6
3209 fb5b58ee4714c376
3210 639b15345eabbb27
3211 f97f9487812cde63
3212 a08092d9962687c4
3213 46440f040a622361
3214 1122cbc8ed819e13
3215 795ae524bc079b19
3216 991f8edbc6bd2bd7
3217 e0c53050308ec478
3218 b20b5d6000f4b2d3
3219 a1eb19c07d666e57
3220 0db23930676b0187
3221 b9e2f0c690d542b6
3222 ebc1a08db6c0a134
3223 b78986f8847ee0a4
3224 2b0ed6f4eda0fbd7
3225 9cd0d24082abfa52
3226 2148ca0a19d47e99
3227 723eb34865429d81
3228 e2ffec7843bbde65
3229 fb9d651dc1eb4405
3230 f775414b5c5a9bc3
3231 3b02e7f1e2ea9da9
3232 d3cbb59dd1711dab
3233 b8b97c04fb2d0c58
3234 9277593046d90832
3235 6357b8b01c03564a
3236 04c2f33dce00e984
3237 8b1fdcc316d04418
3238 ae0a81c18fc27726
3239 ebf149500f7b7dc6
3240 9613735484211384
3241 9f2eb74218a89508
3242 33aa5df9e157ccd1
3243 ed8ec9222859b4bc
3244 77da246af03c53a1
3245 2b650249cd3eb16a
3246 d56820550831e8b8
3247 376db76815b074c3
3248 ca3fa65bcc9de08c
3249 d4cb1adf50f0d11f
3250 4bb5bb9614fc9ac1
3251 68ab4ed88c616815
3252 b97b728d687b8f01
3253 18b6567587d50471
3254 9d21d4ba5ed609bf
3255 50b2023c5b69735c
3256 2963be809fae714b
3257 861f40c2eada9005
3258 85ba72d6d39dabd4
3259 28cc1bbc34ae5f8d
3260 03e8acf28cc73623
3261 6026caeff5366720
3262 7d6fc0e09e377308
3263 6877603580bfcc69
3264 10a9d0438d8e130b
3265 29b8894c70b231aa
3266 9f7a56cee51f15ae
3267 03932e5404d7e930
3268 440040a012ecd79f
3269 7874028e76f5684e
3270 44cca8cf222f269e
3271 a511453a44e4d0b3
3272 3db0e10fc82bf5b8
3273 067a6e1668507625
3274 e6a3ba00541a73d9
3275 c3493635f5cf0aab
3276 320c0a251a85550e
3277 627b4df1356cc56f
3278 3be66fa3f96c6779
3279 51ee6397fd919a87
3280 59c626fccc81c0b3
3281 537c163b257a0708
3282 e97832a2ca103fdd
3283 cafd921e2822cf32
3284 5f7154fa867058e1
3285 daaeb98e0dc8bc9e
3286 038ffa96a445fb25
3287 1348fd650fb14fa7
3288 d9f5cb938de3111c
3289 0125bb341aea6536
3290 663d410ec390184f
3291 ffd0d151a8ad0433
3292 22768c522c286c2e
3293 45c7d7ca79e6eda8
3294 f6ed0be86c12635f
3295 4f24785eac455c48
3296 8955e95048c2e8ec
3297 d9493b2f313f35fc
3298 cfa284fcf947f594
3299 fee90b223f8f530a
3300 8d96f30784460839
3301 a05aeb26b9cb6141
3302 502ba1538bfc9d9b
3303 d8efea5106e6229c
3304 c48de6dfb47a7461
3305 b9e3dcd5cd4586ac
3306 99dd1f59def8424b
3307 b66a86a38745a22b
3308 eedae045e1eeb14c
3309 8542c015a6bddb79
3310 f72b8fc93023e4e7
3311 19a491bd5187f5b4
3312 e7bf730cf8a84afa
3313 9525988b24452e5a
3314 47f2cd3cdeac6788
3315 d0540128816a1a61
3316 8fd391a7367dd220
3317 b586d3d43aa055c7
3318 3bd34b8f74e39c4c
3319 5cd5f7b7f7adc194
3320 334374860f970b46
3321 362d333f696c98cc
3322 a17e5dc1be1756b2
3323 84084468e362a2c8
3324 f58656f56368ca51
3325 d20ab21b25f2bcd8
3326 732ae2d1e47ac20b
3327 e37fdb8b7dc51e3a
3328 9e61155d36c67b2e
3329 b006563220cd43a5
3330 2aafd119b3de3685
3331 67edbc87ce8a1328
3332 d5a8f743bd6ce9e0
3333 7c1b491d23841e09
3334 c7fdc51064f4b15d
3335 3b149767538c263d
3336 21d172f9b11327bd
3337 b84dc287cd880682
3338 9e29a1bd5b89292c
3339 feee4bebfbc580d2
3340 bb5912f82b36d128
3341 3759dbd177ff9baf
3342 196360ba195a1c61
3343 cc0c0b4e2c8acdb0
3344 f99049b1d6147073
3345 0a7479b421eb9553
3346 3d3bccb29045ff28
3347 ba66ff3ffc3d2e96
3348 8243fc6c4d370df6
3349 f1d1fd6e21be3b64
3350 473c060e9a0a76db
3351 386a4daad051b2b4
3352 0e0e2e88f547065c
3353 fb6ec751291f7194
3354 4aaf06cafa714734
3355 a2e5eadb45a8f323
3356 f3f36295a0437659
3357 4a2b528f19c6067d
3358 9ceb6caf739c1a5b
3359 b60f0c1d083c7506
3360 83f82d5ac26a8024
3361 c1dd69190d7b5585
3362 13dfd223c5c464a6
3363 09e3fb54224df106
3364 a8ce5aaa7e676acf
3365 e0856192dd55bfc1
3366 fb2946bb852ba10c
3367 db364547aea7095d
3368 f2ad8a2b8a59cb6d
3369 4b8d754fd473b5a2
3370 07b2b912de296db3
3371 81ab9fa48899d891
3372 4f74967e067b2750
3373 0777eb1801b36aa3
3374 f19fe813508befbc
3375 fb7e39aea51afcd4
3376 80170384c139212b
3377 48bfd375e9a645a8
3378 cfad326a4c4bea27
3379 676422090623991e
3380 f94467d4eb87fe41
3381 ad16c45ea7a09c51
3382 3ae7f27238577523
3383 31bff19771b2b3a2
3384 3462005b13fd148b
3385 3bf131a6e5d31d8c
3386 a2df778eb8bba9a0
3387 021dc09fcbbd1ec7
3388 5fd3be180f68e163
3389 29dffa2b62b3d968
3390 67269c3219a1543f
3391 b895e668a61e7a48
3392 c3ed3a7fab5e24d8
3393 67dbf602d0172aa6
3394 8312b201ad5aefdc
3395 52dcea520f06af05
3396 0903ccb243f8f448
3397 18f84e96b73c6a92
3398 d7e7b276ab0ffe45
3399 984dedd4f26d4ec7
3400 8d969e4cfc523afa
3401 a03d34102be633b9
3402 6b51909afb6c6c52
3403 cbd1f8c4193d34ce
3404 2c31284ee04517c8
3405 ebe3918e4685a038
3406 ea3bda344e8fbc29
3407 ca337c32f821e385
3408 ac7d727ca17795b7
3409 3640eab14b7c5c27
3410 989885f4d376b8c0
3411 4b57034ae6492a75
3412 9daaa532b8161099
3413 41010e29fdaefe0f
3414 c244f028955e90eb
3415 c83662106392369c
3416 eac81dc258a41ef4
3417 b6cec820339209d5
3418 ded4be4bab183aa1
3419 c2a676e250a10457
3420 b274f10633f74092
3421 98126e3657d00d0d
3422 8272744bab5c0f3b
3423 a03ca952499d7e7f
3424 bd0e7fbf04d28853
3425 16764a196d708c7f
3426 a48658042969fff1
3427 820fa1a2a089a857
3428 b3fb87819f76f492
3429 ca8e8d4e7348e651
3430 13ba9741f377e3cd
3431 aad402361cc3dc4b
3432 f28fa10ace39b173
3433 8805dda9bddab480
3434 ed2173b09a7e5935
3435 41a015232c863398
3436 c9d176c08bcecabf
3437 520fd6cded0a6564
3438 414b5154f1c731b5
3439 37bc2ae0267b6e0e
3440 984cf9be5975e6d1
3441 fb7b03684f8b5684
3442 dc816690e3d468cb
3443 a378d248769217c9
3444 8947ed1c828458aa
3445 c12de11c40903d92
3446 d811d0e0278303fc
3447 6ba77877ec271c17
3448 5f5e3bef6662053e
3449 bd9b1d7eaf105c08
3450 4477b52d53b1b212
3451 9d8a108858a0a78d
3452 7a388db8e8183d09
3453 ad1e37a08742de99
3454 07e368ced913623b
3455 c568e377df4561c9
3456 f36f0d8b1f304ae5
3457 89607e8d11b39eea
3458 5fa38d03ce1e41f5
3459 c759f466cc926e7b
3460 f54dca43eceb0e5b
3461 a36b195237241e3f
3462 0a557ecec95c5f0f
3463 af6d57f9cc00ea90
3464 25db0ad6a38c0311
3465 4222f677edd755d8
3466 e84409e737af4fea
3467 5064050a5bd733cb
3468 e8e7eb736adf99d2
3469 10ebe3aed341c784
3470 91089e34fbbbe09c
3471 a1ce223b260e4d42
3472 a2ea8454960eb05c
3473 265b50f27bb6e9fb
3474 967d9a453dcd2f39
3475 ff03e4576a3f7a43
3476 39cebd123296acc5
3477 4137e6a0c7e9d4cd
3478 eff849a57a77dabd
3479 72e2a1e46abee393
3480 545133e7c1eef816
3481 46e8ef03631c581b
3482 4e0d4f5d4a6f131f
3483 9047250ae3f5f6c1
3484 851e51ffe95199d0
3485 fd636719d54da9c1
3486 d0666e2a73e8b05f
3487 6c2054ab7749334a
3488 cf4b2e50ec248d91
3489 93f6de5cb379cf8a
3490 0a85758136d9006d
3491 b870768c603ecf9b
3492 4f85fee2edb1bdb7
3493 1ec6c6db906d197b
3494 afd7cf2557d1546d
3495 d75013090d4dab05
3496 e78c54398d5460f3
3497 308ac495ce252bd8
3498 7b930dbbb4739aca
3499 9f305081840c6597
3500 aa3fffe25ef13eb5
3501 bbefae681fb6ff93
3502 ceb510631d5305dc
3503 516b78438344bcf2
3504 df813e26aff1a3e3
3505 c6a454106d7ff953
3506 2ad95bb677e11672
3507 75e67ed1d631b5a2
3508 a753d7a84842468a
3509 cf788f6768e40cc7
3510 d625830d6fd385e9
3511 dffa0d766cb54d99
3512 c7a39e9bfcf9b79d
3513 ded9eb0f66348e34
3514 483752e086668773
3515 dd79dea20338b94f
3516 2f0e5986c8e49584
3517 e3061164d41884fd
3518 1ceba68780a8823d
3519 8c31e429e0e7fa7e
3520 e063e2c37ae354d1
3521 17696b362e132344
3522 3800465cd2dc0822
3523 0c9e9d4306ecafb3
3524 30a7ac029fb70eae
3525 cbf654f68b57c1fe
3526 2a75d82d9efd6e14
3527 c1a293cfc1b4bd16
3528 e48bd5331aca4e71
3529 e9c71ce4c5374b3b
3530 f195a32e5be66f79
3531 8e68c735072da4bd
3532 ac72b91def46fc2b
3533 e55b910448f98d3e
3534 021d83d26c0fc0ce
3535 40b76a090e62c61c
3536 6121d4ae73c735e7
3537 6b74bcc9d452ecda
3538 7b0c92a547761f60
3539 13714453f6648f81
3540 38977c9df9c266d6
3541 05bf960175f1d2bd
3542 f5d3af7cce235ca2
3543 767d72d9c4baee74
3544 537b9a1d268c3f61
3545 5603dc53f95257e6
3546 ecbb317a5722142e
3547 8a02c79d71a85c6f
3548 d69512e7ebd6e64b
3549 305ea893473b02bc
3550 d8dfe76096aebf03
3551 47d9337bb4368b6a
3552 cc4746e80789ac74
3553 b8aa150de33b192a
3554 112f7851197ff028
3555 23ffc301a27873ce
3556 8c84c6a142b9c8da
3557 2a72003564e8faab
3558 22625f1723d24f75
3559 fdb53a423a7ecdcd
3560 eb419aedc20360c3
3561 aada343b5bd74f3e
3562 915fc2541bd2a07a
3563 aed5d425154b5071
3564 e5b927e82ae07140
3565 6f7edf8a51f94e26
3566 1ac4893247dddee1
3567 95ff2326719887df
3568 f042e0a197b384e0
3569 69a216f0b9b4e7f3
3570 2f7c0343af729d9b
3571 105c05949c091787
3572 0920ccee5aaf396f
3573 3cb4c21813f35f26
3574 d87ee13afced916b
3575 d3642b7e00301257
3576 216c1213d5835273
3577 a4dd0520a360e909
3578 f3abe681c529e754
3579 42cafbb50c726c50
3580 d96df721d84e0d8d
3581 47551f5aeface587
3582 76cd732802a2219a
3583 bb25ada6e4fc37a8
3584 786b83b57c3e22fa
3585 6d4e858f29f6e242
3586 4019c9e4b589e798
3587 490f394a5d7d4a82
3588 755e75ac483d9174
3589 d5d496ae833f01e3
3590 d5cc65528048c636
3591 6368562a89b6612c
3592 9945f2ec996e7d73
3593 0951d590c85738e9
3594 0a8388b787ed1b8c
3595 304f7867dcb73519
3596 3f356247eded5287
3597 8a3d1a21f510dd57
3598 7e6ec6b325791e48
3599 49399a713811c76f
3600 72c3a88a9ecfad5f
3601 1f1af8a95906d2df
3602 021d0705aa5a04f8
3603 54b92e66ed3ab8d9
3604 18edfbc0a2c16c8a
3605 960dc2dd91915f25
3606 d861266e745a63c9
3607 c9ef136f76fb679d
3608 c7d043c2a9533ae6
3609 7313f16c666ea554
3610 d38d83d36bcb6e91
3611 8dfe0198ae0bca5c
3612 f87ff9e6362ee940
3613 1b85c81157717ba4
3614 669e5a821b9c2e21
3615 f0c3da8095b50968
3616 d62b72445a86d31e
3617 324fd1a59d755156
3618 7fa8cf795cf156c6
3619 ac8ebe3a769ce621
3620 575e6a22859a69c3
3621 c6a21aaca7ffd577
3622 16f6ede8dc6f9c87
3623 c7427fc37fddd881
3624 13d68acf5e33bee8
3625 e66fe36b87de3271
3626 2cac29f2223bd625
3627 7a4fb413a797ccaf
3628 17f9a2d7732f894b
3629 95717e35fce9d3c7
3630 92dec84603fdf54a
3631 8ae06a88f113a92c
3632 628327118e14750a
3633 7da0315d44eb3796
3634 34ba22cae9a94d47
3635 4d7a7bf6c109bed1
3636 40263540105c8061
3637 cb662106c52acb16
3638 d3d2408e3dd42581
3639 ce6294e25bb97cff
3640 8a609f998f037fe0
3641 1e9ca3079c9e42de
3642 c96df01e4096a2bf
3643 d923cace00b8d922
3644 916c58084a88f6eb
3645 96d7a9f848fa9454
3646 d6a2b2c0d294ba26
3647 ff227e5764a87dd0
3648 4cf9932201eeabe0
3649 45dac11077473fb6
3650 5196ab178ee10320
3651 0dda17e81b7e25a0
3652 d395bef16ea95002
3653 d380ae2c54dc767b
3654 19f449c70a15704d
3655 10d4dc77865c00b4
3656 8cc82ddc304be5fc
3657 7c2f2aaa566f974e
3658 fd67f4fe0c541a3a
3659 dc6bafb6af992cdd
3660 d5e90734b49bbb74
3661 4e66130f650d963e
3662 b3a1a785084b6714
3663 6963b4ee0525b511
3664 4d191a8329bd393f
3665 f5ce3da8ebd50e5e
3666 58d92762541f5969
3667 be6adefbd9423f93
3668 5623d2c396bed99b
3669 1af696d8584d9e8d
3670 c6609245f7f016b3
3671 a2c14d3e2f65d34c
3672 a2a3f951c5ecdd4d
3673 6285a6e750f28082
3674 1b4e0fe19a55c169
3675 35f32dbc1bd36e2f
3676 7ad7c952e45e91a1
3677 e4e0f9c9a971bb85
3678 08343414b1f5ed35
3679 ee198c5935debfe0
3680 ba9bc49a5277dff7
3681 42d83c529cf827b7
3682 f94ad527bb6bbfab
3683 0eac0b7fdc4b5abd
3684 371a286645614158
3685 65a05a936c8e153a
3686 293a8ff94b6ab3c0
3687 ad8607cd580b1bcf
3688 a5a5d7110a595440
3689 cca452b3159bdb41
3690 569b5e91a32620ea
3691 5a3525a6ed35977c
3692 d3e7cc93beaa5ed6
3693 94afa305d56bd1e4
3694 737c0a8d0451863b
3695 8d98f74ec2982b1c
3696 7bddc9b8c37b67af
3697 538aea24946b4637
3698 45a44ae3ea612661
3699 46293836d9d3f127
3700 9f9c492ce1533149
3701 706479fe91df6f8a
3702 ff3630ed146a1cc9
3703 56f5d902fa05d373
3704 8e6cf03e277ab810
3705 1389b8ca2c0526f2
3706 a7db688cbd5faedb
3707 c44de8bfdcbb2396
3708 0db0ae57d22ccb09
3709 a63261a7665a78ee
3710 ccad0fa0990405a3
3711 c223aeb2524a93c2
3712 872a15a6d7005fe2
3713 4673f7abc35b335e
3714 979f4adf6a65e488
3715 646d9be4484d118e
3716 8b98263df123a613
3717 a9e4a8201181119b
3718 ba7c0d13f4e56b25
3719 b9ab3d612eb09a48
3720 82b17dc630f2c20e
3721 379ad16054b0a6b7
3722 7d79907b98899d87
3723 b30e70c8c951c83c
3724 848451e35dcb01b0
3725 13e1ae5f882ce36c
3726 4855d661f6c9570b
3727 dd57c00b2fb37578
3728 996795c680bc43b2
3729 7783216aa64005d7
3730 94be5bb23e96cc3a
3731 fac49cc03155cdc9
3732 35276d2e6c5ad070
3733 795d5b5f58ce0124
3734 ca4162a6b8d5882d
3735 2c736325f515c382
3736 3d8ce04f5661096a
3737 7a2f54d403dd8a6d
3738 fc508d96243ddfb6
3739 ef5737c95de42065
3740 c1ec5401451dfdfb
3741 e596b1dde4b2ee70
3742 7c2d53cce09ad8cc
3743 0870ed27dcdfe968
3744 d6493c688e4f9283
3745 30ed29639741e0ce
3746 e6682b42739e1b6f
3747 978a05ea9cae1ffe
3748 df11c0e700e196de
3749 066169352ff6919b
3750 4d1af5c73f28e984
3751 15a3d475419bf0b9
3752 6ca45ee069322657
3753 7e26d795b41b0cfb
3754 a51d2eb600ddc37e
3755 a1291bd8bc042a57
3756 734b4474ca86180e
3757 91c8275d33ad8e55
3758 3409266dbf38e76a
3759 fbeff53685b9fd46
3760 dd086242a21ff4c2
3761 e4abbb482dedc0c9
3762 84213f28fdcbb3e6
3763 b9f23d491a1ece62
3764 d4bd85e8480ddf4e
3765 516173b83a52cf76
3766 b8f053f65f56218f
3767 d820409cb110da4d
3768 8c0801d14c6641e8
3769 6ede2d3c085f8d11
3770 bfd9e80f29e65b3b
3771 0e7c83dc450c3535
3772 d7483fe49eb09a55
3773 0952bdab7e0d0f40
3774 6dbae99aa5b63215
3775 1cecd8f526b37da4
3776 0deb7452ef387f81
3777 fcccee7d2a56bf2f
3778 731fe7589e9bdaa9
3779 ca42684de551b468
3780 39e76b4038c7d3ad
3781 0b8a98a06195c1a8
3782 a7761d651686640f
3783 e17741439216e22a
3784 744ddf57e48f7a95
3785 804568ae6d27f674
3786 aef9fbcf851c3ce4
3787 492fab6dbb0dec3e
3788 bbc253d505556e34
3789 17e8d3fa1784a461
3790 327fe3f25405a22b
3791 f43dc9f49195eccf
3792 de44a801b674ab47
3793 8f65eb223fec081f
3794 d4e3a13152e42465
3795 9c73e4de8ab4ae35
3796 6e1d57881b289119
3797 bb616defab3b7f1e
3798 898b76574656900d
3799 beb223eac6bb879d
3800 c084f10199cf9fee
3801 970e7edd1503f3a6
3802 434250e707db919b
3803 dc0fd907070919e2
3804 450e9ea74814abae
3805 232e0094e88fe762
3806 4ace27dea7e4f14e
3807 0f7406bf3514e482
3808 54a415276790e5f3
3809 cf71a57e915584b7
3810 b0f22a5264a19790
3811 0f0948977051b2ea
3812 7f29ad6a865a91ee
3813 8752fa23a0aa625b
3814 a80e9cbef177a5ad
3815 bc04e4e8077f203a
3816 093d7d8059fbf325
3817 23301d0b0825beff
3818 5a3780463264a54f
3819 009e0b018cab07be
3820 63493b97a013c9c4
3821 51c1622d86ed5bca
3822 67443a83f3711ad8
3823 16fa64e5373d5a8a
3824 99251b7aa96fb7d9
3825 05795113ecaba5ba
3826 154c0e8d106c12b9
3827 611c58dbbe770096
3828 a105deb758cd5c5d
3829 4aae25e20841566d
3830 1e7ca388e59e1876
3831 d2d1a3b21e09de60
3832 bd2edcecdd60e034
3833 2cbe0c0fd6a611c3
3834 98b2406cb784948e
3835 add96fb2d7336d3c
3836 404959e5285caf29
3837 7dbfa9ff7e5e93f0
3838 42bf7aa24294c39c
3839 28ff8ef9e6808afe
3840 0a0cdda1dd969009
3841 6efcf518fd139938
3842 53f77007cfaab0a1
3843 18f593b6159e7c21
3844 c64d2d2e5745c4ed
3845 68644340d868f405
3846 c2967527c75f27d7
3847 2a7d51547071bae7
3848 4bb95a2efcb96f9e
3849 ba05fa9a24cdff09
3850 5de83c033c04c735
3851 f090febd64010beb
3852 91d36a3dcae2ca89
3853 87efc5bf1d4f073c
3854 1bc116ba5ba4e486
3855 2ae3062ff160e4ab
3856 6fd5c54ff2d3d6fd
3857 bcd95553e4591dc2
3858 762da499babb3b8b
3859 13247eb28a820984
3860 e416691daf458144
3861 b5ec8183d11dde61
3862 c7f46374b7a6fb10
3863 ebda3edbde486476
3864 3f663e8e5b9b1b71
3865 8f86bb4f7232d138
3866 30e430d34bb0010c
3867 9c672ee031d375a7
3868 5cb4c58bd9dc4924
3869 5cdb4c09d878fb4a
3870 cc3eb48a743430f3
3871 5bb4d9a7d97ed85f
3872 2341ca7ba45c0875
3873 465c8e2a0b400492
3874 58cf4e8e0052d5ac
3875 dd8c60681747f114
3876 13e1e0f84a1848e5
3877 dae0518d391326df
3878 677ad5c58297c33d
3879 d15c156ab862df91
3880 d1bbd1fef7459737
3881 8c1612dbc4b53ed4
3882 75d33647867fc503
3883 b319f9ce5a57fd89
3884 f235cf9c691f671d
3885 a41cde0d24f68c91
3886 7ffca93f6416d426
3887 af6e6ce8ab51137b
3888 ded889c940c1f196
3889 7fecc5e2a27ed308
3890 c03b96ab0bc43e6b
3891 8df5cb8e1edf3d35
3892 4f36836fd7d5c333
3893 ad9375ac55a0c6e4
3894 5df33ae4a359c2c6
3895 7efaf871bd45d1c5
3896 2ed96e3c804c44b1
3897 1bb4e84716ac7c1d
3898 1335ace8dee0323c
3899 3cdd4922463ce318
3900 42f9a1b98fc3588d
3901 36041323f342743c
3902 6788c829b4859fbe
3903 49f9b565729500c2
3904 32f2a6b841718d88
3905 844eea8030c7cf1c
3906 8f03dfb4326d96d0
3907 8cc037a1d84f2fb7
3908 9e9288618b3c2c86
3909 76e1666c560007ba
3910 e2dce973d5bdddbe
3911 86c3b4fe38e56f9e
3912 889ba32f84711ae9
3913 2565874376535b3b
3914 b2ac8ea56f650282
3915 bd73fa527b1e7706
3916 c77ab6345d9b95aa
3917 75655ee49405a4a2
3918 a1a36823155722e2
3919 ae08cfa07b9fd2c9
3920 e2b18d8024f536fa
3921 49567225ef360290
3922 ded68a43111fe365
3923 4e68f4502a23fd08
3924 88a985ecffcb81f8
3925 247d1c11be886f42
3926 3b8113e4dc73d2e9
3927 d6352ea0cf2d51fb
3928 a2a8cb2d7af5c5e9
3929 a1421988a11842b1
3930 819699b2583e0247
3931 f681721bf2976c3d
3932 876649a22dac1e62
3933 5046505af2602116
3934 24f6c2fc6637a41c
3935 0545fd5fefa47b7e
3936 767e6081faad9008
3937 6e59e4327fc5a063
3938 6688bfdf2941a7be
3939 3f574bc3470ecdae
3940 ff297db9df45eb58
3941 da60fe2fb5075ae1
3942 ccd18d4718de2aaa
3943 3f4ac738e9548351
3944 37550d2d8fe7e390
3945 d72609e4c0458849
3946 05a063812243fd05
3947 5092cafa58703898
3948 f7682f51c5a3501e
3949 a59ad4fbdf1e4076
3950 2607afa969b700b4
3951 b403980bc32a1afc
3952 dca439830f75e8ca
3953 4fd63aeeb8dd21cb
3954 b43734e764de8c7b
3955 58dd69b9ce70c2bc
3956 4849e151bdd34515
3957 ee65ecc245d031a5
3958 b0764d97f4e204dc
3959 9fcf2dcba9bffc0d
3960 1d090a2ddcd437cd
3961 f3c8b75a0ac539ee
3962 f3c4b416c1be211e
3963 05d2a57e04556bb5
3964 ea5347278a02afe4
3965 377c7405eaa5a29e
3966 c7e2aa0942836d13
3967 3e8aa05c56f88d0c
3968 0c155dbe58be9c06
3969 fde2d58eef2c4698
3970 1d60d7b05c3059d3
3971 9ea6b883c4f45dcc
3972 d863c652aeab0939
3973 2b8d2f1c156692f9
3974 08bd303f49ba96b4
3975 cd162e3a22438b47
3976 5ad55811daf021b2
3977 d230965f0efb64c4
3978 4196b63da68ae57b
3979 5d5bfbd7d744c846
3980 578e10eda3c9c833
3981 8f32310c727e5605
3982 dff542505381034a
3983 d0b25bc8e56e9255
3984 425d18936a8a84c3
3985 35a0e3feb612a7a7
3986 688e9ebe26238098
3987 52add2250d496864
3988 14c89a29cb5cc6f9
3989 fc918e82d34ea5bd
3990 5caa4141748b221f
3991 afe29164a9ba7a33
3992 0a04ffacb2dd205d
3993 ac1ea1db532f7054
3994 39dac5e42755aefc
3995 bcc19496550b8ae1
3996 3057209f5389bba5
3997 f3d1408aea5856bf
3998 5f5070ac35faafd5
3999 fe92a1f9f74acfe4
4000 42075431f96ec7f8
4001 3e4c73e2ff343dd8
4002 030ea7cfb1c71e56
4003 6383870cecc638cf
4004 371e57fce9ccf3dd
4005 e825e215c09fd54d
4006 50789f98e8a00759
4007 e73db78adf60a2ee
4008 d9b496da76f1d310
4009 cc6ea486dee3d7ba
4010 dfe82613d7602cb8
4011 f9b36ca0cc8ed205
4012 4fb27c0c61cfdb2d
4013 62ba76eb8928a73b
4014 f2565983580cbe5c
4015 b8d15f1f3e2872c2
4016 b297147bb6434d37
4017 5dc7a1e1511fba25
4018 8b68c24dc26abb89
4019 de3d0f1154544a27
4020 c2e2ff8f71b8b7fd
4021 c2a97f2c30aae625
4022 69cbe743b55a29ca
4023 2447061f531c5bfd
4024 67867f78eedec1e1
4025 1b4ff3492f400f5c
4026 68f398a519085f9b
4027 7aeeddaa298ef783
4028 54b2eb5c6e61522f
4029 f7a5e8a553485b3e
4030 46bada76c16fad1e
4031 0865e16fb74760b9
4032 2955f7e0e429eaca
4033 e9f79f5071d503de
4034 7e0a51f2950f746b
4035 64635953b7d5a75d
4036 964982d14c1896ef
4037 e4eef9845fb04f86
4038 f90dbb6d57ddc7b8
4039 dfa8c4abc85dca8f
4040 00a002d83be58d5b
4041 6ffd7800c169663f
4042 c9ff8229ce9eb4a2
4043 700ce05dfb503a68
4044 6399fd8cdac65732
4045 9d625018c7e13dec
4046 b1837409633162a2
4047 667601046a539a8e
4048 338b3c27a7704638
4049 319b835afb21c7c5
4050 aa22eaa258a5efb4
4051 1b7f5705e7320f54
4052 f323409b4621bad6
4053 c06e39362e3e4e7d
4054 7a2adc13aeb814fb
4055 7f394c31140b9f15
4056 f395dd3faa188f34
4057 b38a6702171ff469
4058 0ddeb3a247e290c4
4059 5287730cc670ba62
4060 c6412ad26df9ec6a
4061 55637355c9229281
4062 49bab7c99cda6bf9
4063 2dd151b35c28d52d
4064 a107882d057c8ab0
4065 d8ca182bf29b752c
4066 b531235fa6cd283d
4067 ad3b11d01a3cf1df
4068 38f4827f9c6068f0
4069 296f7183109de920
4070 c550ea2a493039f5
4071 3e32ad918e2b9451
4072 2bcc706607ae1cb8
4073 88e622cd5021537e
4074 2328a5a9611dbdfe
4075 3526cf504f863bf8
4076 190798127f03f158
4077 18e0efe8960a7aba
4078 1fa05b391ffb51f1
4079 656b0c9ba771b9b6
4080 d7b624a581b0331c
4081 cb45a3947f855176
4082 687b9b7abecb5545
4083 ab486eb28db1429e
4084 38ebdae2cae53b5b
4085 16e2498018c4af9d
4086 d83a9f00465860fc
4087 d6b973f46b6db77b
4088 3160aeb19d055023
4089 fac45bd8bef50027
4090 ccb3132a748b9cbf
4091 aae09d7606bc4ee4
4092 13b1d20b5ee7f5fb
4093 18c6c6589b24979e
4094 bddb2c54f556de24
4095 030216d701f38529
4096 41e954fd7f9bee65
4097 c39f3e6c82c51dfc
4098 141b87e859fd6ed1
4099 5ae1ab2c661da7e2
4100 43a523e93fe8649e
4101 9e9822ebfa31681b
4102 bd1e4896d272720b
4103 45b8231f07bad02a
4104 605365161fb0ffdc
4105 dff270a3d025f64a
4106 a6c422ee2677bb16
4107 e422bbb2e9c9e800
4108 71e29d77e3a2e752
4109 6cc1319b088d5b44
4110 e1ef643190cf386d
4111 f660073ac770346d
4112 73e1357cdd3eafbe
4113 5ae37b3cc30e118a
4114 c4a23eeb71d26b79
4115 1e9242eb76697dd7
4116 d1d53f5f5337bdf0
4117 10333fa833134004
4118 a7674823e40ca573
4119 45e11ee02c1aa69d
4120 b08c81a48486c509
4121 07489913dafe4d0a
4122 7fd55c845fb4b3f7
4123 013442cd50d7770c
4124 bcc15442180e25b6
4125 c982cf2a6133b33d
4126 5f151003a1e52b11
4127 d56284059a866ba0
4128 92a1c6e7858bc471
4129 7ca7a0f95f8094e7
4130 e85aacc4b890bbfa
4131 b5f25e0fe9935f2c
4132 0cd81fa252eac336
4133 10f937dfaa18f9e8
4134 d29961d4a4c29515
4135 b9b419c008974cca
4136 97703f701623a279
4137 7f0dd4f4606e0673
4138 5eb4f1185cbe9d72
4139 54563545c8355ade
4140 7fb73fa2574f7049
4141 42319b0f66af6934
4142 0734b76d60b02a0d
4143 729c829db4ecec3d
4144 641481de35669374
4145 84ac595806430a55
4146 4ff4b4fe1801eff0
4147 83ab0c51d1085191
4148 f9f9ca7aee88bb55
4149 59d3db8ffa4bcbdd
4150 9224e1a8f1059696
4151 5d69933623646d81
4152 e6089297d52c7c4e
4153 ab53dda68b6d9004
4154 3df695f3403ee24d
4155 5f6399770c762f95
4156 40ac7d8ba9df51fa
4157 0447e09e10607708
4158 6cfa0f74845a1dcc
4159 45a0ee049fa525e9
4160 47474053b0e06ac0
4161 33d53ea6ee676bde
4162 10c2c6ca692b630e
4163 f74c7d9d8c51b7ac
4164 0a54f141ef71f6ec
4165 4183d11a38c4c2e5
4166 3dcd52e0e0e63e35
4167 c74c0f0b3500eb60
4168 876097d34a7ce9de
4169 f0c5a36151a2b299
4170 fb57471535741fff
4171 594443cc9420a920
4172 a1490ec48c56e89c
4173 e9e46adb99bdabbd
4174 1df586b34757bb74
4175 54c014678812c0ee
4176 8f318c3808c46cc8
4177 92a578593b522e89
4178 978ba913d31741a3
4179 99163e490f14a6d7
4180 71940471d54277d2
4181 3a5af56dfc7342f7
4182 3e950d6ff56e24fb
4183 8f9e52a1d534c505
4184 1389c9203a36179a
4185 7ff58a15c85cbd2b
4186 9c790fc4c927263c
4187 a1810390254ca75a
4188 3d21b8bc1c04268e
4189 74a66c8c78a473ac
4190 289cbf567237a92e
4191 a09918bd01ec8945
4192 1bd746de4da1ebd1
4193 6dc8868ea78ccf83
4194 5ca1be5d3b072c1e
4195 b4f68583c0694d44
4196 cb02ead0f471958f
4197 fe11ea0b335e24a1
4198 192af0c932053348
4199 c72581dd079822a0
4200 83faeda7e84cd24d
4201 f5c0a2549f95e112
4202 2f284fbaec4f3e37
4203 de20e594db781a03
4204 5003768592ff855f
4205 a2fa1f15f96f26a7
4206 0325608b7051b831
4207 3ebb06752f13eb66
4208 68483279a04f7376
4209 74acf13771a6c029
4210 604e4008749f112d
4211 692c61532377be95
4212 00dc950a67d4227e
4213 ea3db43ecf712916
4214 f814ea272ebf942a
4215 31bdd8bb6f80af6c
4216 45cf5bd0332e69a8
4217 b0fb5bf02ce011cb
4218 633f1803e3e6bf48
4219 721ccef43bac340a
4220 a76b68c381f12d06
4221 ab2fec06c3aa4377
4222 0a7846aa26ab7b9b
4223 bb56b2de8b6160c3
4224 7c88e56d67751f5f
4225 59715d4d02d5f727
4226 b09960aa3eadadad
4227 d6e5102b9c506ad2
4228 ba3be8d087eddbcf
4229 096ce6c7bc1d1c6a
4230 61be1d242a8b3ceb
4231 69fee2e0fa194fa8
4232 42d8dd2a75610e69
4233 4ed7d16779fcf4f8
4234 23a75d349e2a3180
4235 dd7ef9a3e9d106f3
4236 27fdc7c9315cfd50
4237 883326d9cf3afb9a
4238 686d6ca81e6265ff
4239 38a99a071334714f
4240 c0d885233806c374
4241 30fb71397d42cd3c
4242 2652e60de3de733a
4243 4e103d8c2d344f29
4244 4f7fcb2f9e6e221a
4245 4bf12ace22fd43bc
4246 079cbf72f022f33c
4247 4e6ad3b3b01a26c0
4248 041eb10a80e3add4
4249 880917fd639de28d
4250 149a809c09a4eff5
4251 5487f2500cde6a2c
4252 308134ec79807bbd
4253 e9809439b426c4e5
4254 6cf3c7b062c2f433
4255 bf3f3555add60ad7
4256 dcc5cd82ae296403
4257 07d38c1ba3172524
4258 4feb3188ddc8d0f1
4259 5ec2d898db467f71
4260 924f3b4ef3e2456e
4261 cbdbcf611832ddfd
4262 4730430f3d4de4e6
4263 9e1dfb8c11489174
4264 60a5c197a0557cee
4265 a05d1f9a829388c8
4266 3246e3157a6846a1
4267 7b9c9028b2e12d29
4268 8889f45266dccb0d
4269 ad7048a92ddcb081
4270 18c135806fff70e5
4271 c93f445afac1e1c6
4272 755aed0279340f2e
4273 0f86b1c99bf6de62
4274 bb18ca72aef64f29
4275 b6f255cde9ec3eb3
4276 dbe6320742205866
4277 1d85ee554d0cd502
4278 0deb75e5cb3b3760
4279 18f2870820c9c2e1
4280 0ca53eb61a6cb1ab
4281 9e4a395d27791cbe
4282 764289a8b95d648e
4283 0dcfe369b54936a5
4284 c502299dce28e4f2
4285 25f1d51f84a86db5
4286 9782e1a99e27a211
4287 eb05ed821c4c4a85
4288 07aa3579a1a05cc1
4289 a71fd9a9c4bd2654
4290 957183e4af3caf25
4291 df55deb766225ed6
4292 815e4f078a9c3ec8
4293 4bf52155caa1c0d8
4294 ea4e27c191c9c63e
4295 a95b504458eb41cd
4296 4c59f563e696b6b4
4297 5864d8dbaf7c5458
4298 dc34a218983aad1e
4299 1d344edb55150f46
4300 1745302074469ff8
4301 33317dd2bc07fa52
4302 38da5678d1f96906
4303 939cfe6d3873c422
4304 0abd3491aaba543a
4305 d6b02351d494684e
4306 327a3b3eb2200f7e
4307 090b7aa07dd21ff1
4308 2902b13126993222
4309 a8cf9629c46e49b8
4310 c5129b1ddd964408
4311 60bbfd2151d80d50
4312 c1b8be331d4c4230
4313 6d321a204d8f46e3
4314 fd7516b051883132
4315 6fa0039378f1e87d
4316 ed4c5854d2043f82
4317 a12831125f99db95
4318 839a30abec2402c4
4319 6cb541018e19136a
4320 d8820bc8d7cabe58
4321 de02c475fac0ae34
4322 e9a70e2581dc57a0
4323 83554a29a5272eb9
4324 4cc7b06f77b2c9eb
4325 69417bcceb3c5d3a
4326 2d562e55ec7cd393
4327 339fa174795c7cec
4328 049e77a571d0de62
4329 7ea10c72f2aef504
4330 063ed56d69df1aae
4331 f9b480880a2a4818
4332 8c37303eece45d1e
4333 18fe77c66fc04e6b
4334 235b408a5aa43113
4335 1a08c5ecdda9ced8
4336 01f591eee68dd754
4337 fdd7661ebd2aa29c
4338 5481fd780347c754
4339 f490890232cd65eb
4340 a408b4d55ce60f6b
4341 e408b58fb86aab6d
4342 d0a743c4accf0517
4343 e7610434f82bb79b
4344 ad474d1c108e3c1d
4345 8fd6f39376d36660
4346 a9d55a7772d3a790
4347 2dbe1b454d087ee8
4348 e4812c5ad02ea011
4349 e5244088977dfb10
4350 f2cfd84bf120e720
4351 f42fd47e6b0c836d
4352 f0e1a5df50ffc98f
4353 5c575c019a05ad36
4354 5c0befdb6221b9b8
4355 aceb17ad78c92498
4356 f2ed5d602445acab
4357 b27ebe946533a374
4358 bb91cae11c23bd94
4359 88562317966f7035
4360 b5049f345016d0b6
4361 6f0d81f6f9e0fe90
4362 c8f86ad93e9f1720
4363 5a784b48ac4754e9
4364 0beb29ffe0f014b0
4365 adb4273ec2fe9bd8
4366 c24c6a66fb06185f
4367 20329204aad70477
4368 8999361ae55c87cd
4369 c422995aa67f118b
4370 a7bab92cf363303b
4371 f78009284bcab7cc
4372 6b7f41340691eed2
4373 eea3b76c82e4550d
4374 372b305f187c7a73
4375 a6f016cf81a639fa
4376 632aef6de9008653
4377 704b2fbde5438b16
4378 920210d965fe98e5
4379 1927c93452687054
4380 36f2cf316e5fd475
4381 96b893c657d137f6
4382 01a2f546d594bfac
4383 d121ac41e9adc9f3
4384 e8cedb49af868c12
4385 aea4efae85840ef3
4386 6dbc41c8a0f94f28
4387 d306ed798797b65f
4388 34450f988b2811d5
4389 09813fafcef18d57
4390 b556ac0e6b9bb989
4391 f7ae95e4bd9496dd
4392 d85131432f027341
4393 0e09cca473b7ecfc
4394 43d2f9d449f8171f
4395 0ebbfc7e2c58dd9e
4396 9b7d8f53dfa3975e
4397 773ea232208ab68e
4398 66cbd15072bb28c0
4399 da40f52eb225edf1
4400 a3655c234337b4e2
4401 b32cf684b133248b
4402 a89c32827932b91b
4403 484a474bd7b95caf
4404 d2c219269ad16726
4405 2c618c728b83596d
4406 28a00b9315220651
4407 0cd4472233559c3f
4408 db8ef790a02c2ffd
4409 4506442551bbeaf5
4410 c05c4e557bfa659a
4411 147dad19b09e8475
4412 65afba71cdf56b77
4413 ecddb3bcb4add881
4414 18f7d5884de5fb48
4415 021ed192acfe1963
4416 7de10af36da64923
4417 c0245ca4dcc0d7dc
4418 6e9fefad51f294da
4419 e69bcc6cd0781b5a
4420 ccbde51b35989737
END 4420
